[M::main_mem] mean insert size: 170.000, stddev: 80.000, max: 500, min: 1
[CPE input] bytes_per_cg=19660800 cg_count=6 chunk_bytes=117964800 file_bytes=945555584
malloc bwt->bwt 3107576584, 0x580000486040
malloc bwt->sa 1553788264, 0x5800b9823b60
[M::bwa_idx_load_from_disk] read 0 ALT contigs
malloc pac 776894131, 0x580116285940
the input file is ../data/SRR7963242_1.fastq_1
the input file is ../data/SRR7963242_2.fastq_1
the output file is /dev/null
[M::process] read chunk (19660800 bytes/CG x 6 CGs, 117964800 bytes)...
[DBG stage1] slow fread: R1 offset=0 requested=117964800 read=117964800 elapsed=1.264 s
[DBG stage1] slow fread: R2 offset=0 requested=117964800 read=117964800 elapsed=1.394 s
[M::swbwa_cross_runtime_init] initialized cross-segment runtime in 0.070 sec
start swbwa_cross_run
[M::mem_process_seqs_merge2] CPE FASTQ formatting done
start swbwa_cross_run
slave pre done
now n is 629832
start swbwa_cross_run
processed 629832
[M::mem_process_seqs_merge2] Processed 629832 reads in 0.120 CPU sec, 6.686 real sec
[M::process] read chunk (19660800 bytes/CG x 6 CGs, 117964800 bytes)...
[DBG stage1] slow fread: R1 offset=117963996 requested=117964800 read=117964800 elapsed=1.699 s
[DBG stage1] slow fread: R2 offset=117963996 requested=117964800 read=117964800 elapsed=1.306 s
start swbwa_cross_run
[M::mem_process_seqs_merge2] CPE FASTQ formatting done
start swbwa_cross_run
slave pre done
now n is 627468
start swbwa_cross_run
processed 627468
[M::mem_process_seqs_merge2] Processed 627468 reads in 0.060 CPU sec, 5.605 real sec
[M::process] read chunk (19660800 bytes/CG x 6 CGs, 117964800 bytes)...
[DBG stage1] slow fread: R1 offset=235927980 requested=117964800 read=117964800 elapsed=1.244 s
[DBG stage1] slow fread: R2 offset=235927980 requested=117964800 read=117964800 elapsed=1.429 s
start swbwa_cross_run
[M::mem_process_seqs_merge2] CPE FASTQ formatting done
start swbwa_cross_run
slave pre done
now n is 627468
start swbwa_cross_run
processed 627468
[M::mem_process_seqs_merge2] Processed 627468 reads in 0.050 CPU sec, 5.777 real sec
[M::process] read chunk (19660800 bytes/CG x 6 CGs, 117964800 bytes)...
[DBG stage1] slow fread: R1 offset=353891964 requested=117964800 read=117964800 elapsed=1.760 s
start swbwa_cross_run
[M::mem_process_seqs_merge2] CPE FASTQ formatting done
start swbwa_cross_run
slave pre done
now n is 622076
start swbwa_cross_run
processed 622076
[M::mem_process_seqs_merge2] Processed 622076 reads in 0.050 CPU sec, 5.310 real sec
[M::process] read chunk (19660800 bytes/CG x 6 CGs, 117964800 bytes)...
[DBG stage1] slow fread: R1 offset=471855944 requested=117964800 read=117964800 elapsed=1.354 s
[DBG stage1] slow fread: R2 offset=471855944 requested=117964800 read=117964800 elapsed=1.270 s
start swbwa_cross_run
[M::mem_process_seqs_merge2] CPE FASTQ formatting done
start swbwa_cross_run
slave pre done
now n is 620862
start swbwa_cross_run
processed 620862
[M::mem_process_seqs_merge2] Processed 620862 reads in 0.060 CPU sec, 5.501 real sec
[M::process] read chunk (19660800 bytes/CG x 6 CGs, 117964800 bytes)...
[DBG stage1] slow fread: R1 offset=589819724 requested=117964800 read=117964800 elapsed=1.072 s
[DBG stage1] slow fread: R2 offset=589819724 requested=117964800 read=117964800 elapsed=1.102 s
start swbwa_cross_run
[M::mem_process_seqs_merge2] CPE FASTQ formatting done
start swbwa_cross_run
slave pre done
now n is 620862
start swbwa_cross_run
processed 620862
[M::mem_process_seqs_merge2] Processed 620862 reads in 0.050 CPU sec, 5.289 real sec
[M::process] read chunk (19660800 bytes/CG x 6 CGs, 117964800 bytes)...
start swbwa_cross_run
[M::mem_process_seqs_merge2] CPE FASTQ formatting done
start swbwa_cross_run
slave pre done
now n is 620862
start swbwa_cross_run
processed 620862
[M::mem_process_seqs_merge2] Processed 620862 reads in 0.050 CPU sec, 5.487 real sec
[M::process] read chunk (19660800 bytes/CG x 6 CGs, 117964800 bytes)...
[DBG stage1] slow fread: R1 offset=825747284 requested=117964800 read=117964800 elapsed=1.044 s
[DBG stage1] slow fread: R2 offset=825747284 requested=117964800 read=117964800 elapsed=1.107 s
start swbwa_cross_run
[M::mem_process_seqs_merge2] CPE FASTQ formatting done
start swbwa_cross_run
slave pre done
now n is 620862
start swbwa_cross_run
processed 620862
[M::mem_process_seqs_merge2] Processed 620862 reads in 0.050 CPU sec, 5.339 real sec
[M::process] read chunk (19660800 bytes/CG x 6 CGs, 1844520 bytes)...
start swbwa_cross_run
[M::mem_process_seqs_merge2] CPE FASTQ formatting done
start swbwa_cross_run
slave pre done
now n is 9708
start swbwa_cross_run
processed 9708
[M::mem_process_seqs_merge2] Processed 9708 reads in 0.020 CPU sec, 0.330 real sec

====================== SWBWA Output Debug =====================
  MPI rank: 000000 / 000001
  mode:     non-MPI POSIX
  path:     /dev/null

  Output volume
    output buffer capacity                           67108864
    swbwa_output_write calls                         5000000
    submitted SAM bytes                           2107655733
    buffered flushes                                      32
    buffered flush bytes                          2107655733
    direct oversized writes                                0
    direct oversized bytes                                 0

  Buffering
    buffered flush total                         0.000241 s  (32 calls,     7.536 us/call)

  POSIX file writes
    write system calls                                     32
    write system-call bytes                        2107655733
    POSIX write system calls                     0.000180 s  (32 calls,     5.639 us/call)
    POSIX write effective bandwidth            11138854.939 MiB/s

  Output close timing
    POSIX close                                  0.000015 s  (1 calls,    15.350 us/call)
================================================================


================ SWBWA CPE Profile (LWPF) ================
  sampled CG: 5 (64 CPEs)
  counters: cycle, instructions, global loads/stores,
            D-cache accesses/misses, memory-barrier waits,
            instruction-buffer-empty cycles
  values: average | minimum | maximum across sampled CPEs

LWPF kernel summary for unit SWBWA
+-----------------+-----------------+-----------------+-----------------+-----------------+-----------------+-----------------+-----------------+-----------------+
|                 |                 |                 |                 |                 |                 |                 |                 |       CYC       |
|     KERNEL      |      CYCLE      |      INST       |       GLD       |       GST       |  DCACHE ACCESS  |   DCACHE MISS   |  CYC MEMB WAIT  | INSTBUFFEREMPTY |
|                 |                 |                 |                 |                 |                 |                 |                 |                 |
+-----------------+-----------------+-----------------+-----------------+-----------------+-----------------+-----------------+-----------------+-----------------+
|WORKER ALIGNMENT |  93G|  93G|  94G|  54G|  53G|  55G|6436.|5825.|7013.|   0.|   0.|   0.|4591M|4365M|4864M|  22M|  21M|  24M|  47.|   0.|3026.|  13G|  12G|  13G|
|    MEM CHAIN    |  25G|  23G|  27G|  13G|  12G|  14G|   0.|   0.|   0.|   0.|   0.|   0.| 566M| 524M| 616M|  20M|  18M|  22M|   0.|   0.|   0.|4145M|3823M|4495M|
|  CHAIN FILTER   |3438M|3055M|4049M|1623M|1458M|1844M|   0.|   0.|   0.|   0.|   0.|   0.| 333M| 296M| 383M| 220K|  61K| 823K|   0.|   0.|   0.| 417M| 391M| 442M|
| CHAIN EXTENSION |  23G|  21G|  24G|  18G|  16G|  20G|   0.|   0.|   0.|   0.|   0.|   0.|2670M|2402M|2883M| 665K| 586K| 853K|   0.|   0.|   0.|3716M|3474M|3908M|
| ALIGNMENT...... |1372M|1284M|1602M| 710M| 654M| 916M|   0.|   0.|   0.|   0.|   0.|   0.| 111M| 101M| 153M|1834.|1022.|3768.|   0.|   0.|   0.| 282M| 269M| 295M|
|   MATE RESCUE   |  38G|  35G|  40G|  19G|  18G|  21G|   0.|   0.|   0.|   0.|   0.|   0.| 675M| 580M| 783M| 785K| 423K|1318K|   0.|   0.|   0.|3022M|2782M|3268M|
|     PAIRING     | 322M| 306M| 334M|  87M|  83M|  90M|   0.|   0.|   0.|   0.|   0.|   0.|  16M|  15M|  16M|  31K|  27K|  34K|   0.|   0.|   0.| 158M| 147M| 168M|
|   SAM FORMAT    |  41G|  39G|  43G|  21G|  20G|  22G|   0.|   0.|   0.|   0.|   0.|   0.| 904M| 814M|1007M| 993K| 632K|1535K|   0.|   0.|   0.|4079M|3823M|4333M|
|    SAM COPY     | 175M| 165M| 185M|  12M|  11M|  13M|   0.|   0.|   0.|   0.|   0.|   0.|2275K|2056K|2460K|  81K|  73K|  88K|   0.|   0.|   0.|2255K|2043K|2450K|
| MEM CHAIN...... |  11G|9987M|  12G|6701M|6029M|7473M|   0.|   0.|   0.|   0.|   0.|   0.| 261M| 234M| 294M|9801K|8862K|  11M|   0.|   0.|   0.|1547M|1389M|1735M|
| MEM CHAIN BUILD |  13G|  13G|  14G|5966M|5602M|6450M|   0.|   0.|   0.|   0.|   0.|   0.| 303M| 288M| 323M|  10M|9536K|  11M|   0.|   0.|   0.|2465M|2314M|2651M|
|CHAIN EXTENSION..|  18G|  16G|  19G|  17G|  15G|  18G|   0.|   0.|   0.|   0.|   0.|   0.|2447M|2181M|2655M| 125K| 105K| 159K|   0.|   0.|   0.|1345M|1227M|1429M|
| MATE REF FETCH  | 351M| 334M| 369M| 215M| 198M| 230M|   0.|   0.|   0.|   0.|   0.|   0.|  33M|  31M|  35M|  44K|  40K|  50K|   0.|   0.|   0.|  60M|  56M|  66M|
| MATE KSW ALIGN  |  28G|  27G|  30G|  15G|  14G|  16G|   0.|   0.|   0.|   0.|   0.|   0.| 155M| 146M| 164M|  30K|  22K|  39K|   0.|   0.|   0.|1229M|1165M|1290M|
|KSW QUERY INIT...|1236M|1145M|1320M| 648M| 599M| 693M|   0.|   0.|   0.|   0.|   0.|   0.|  37M|  34M|  40M| 134.| 112.| 190.|   0.|   0.|   0.| 208M| 195M| 220M|
| KSW DP FORWARD  |  19G|  18G|  20G|  11G|  10G|  11G|   0.|   0.|   0.|   0.|   0.|   0.|  49M|  46M|  52M|  25K|  17K|  33K|   0.|   0.|   0.| 747M| 706M| 785M|
|KSW QUERY INIT...| 806M| 762M| 865M| 418M| 396M| 449M|   0.|   0.|   0.|   0.|   0.|   0.|  24M|  22M|  25M|   8.|   0.|  47.|   0.|   0.|   0.| 141M| 133M| 152M|
| KSW DP REVERSE  |6786M|6194M|7446M|3210M|2934M|3518M|   0.|   0.|   0.|   0.|   0.|   0.|4295K|3986K|4638K|   0.|   0.|   2.|   0.|   0.|   0.| 123M| 114M| 133M|
|   MATE DEDUP    |7894M|6672M|9104M|3571M|3072M|4127M|   0.|   0.|   0.|   0.|   0.|   0.| 432M| 343M| 534M| 480K| 153K| 991K|   0.|   0.|   0.|1418M|1224M|1644M|
| DEDUP SORT END  |2684M|2273M|3101M|1349M|1163M|1563M|   0.|   0.|   0.|   0.|   0.|   0.| 157M| 124M| 195M| 237K|  93K| 469K|   0.|   0.|   0.| 362M| 317M| 411M|
|DEDUP REDUNDANCY | 887M| 710M|1046M| 441M| 351M| 523M|   0.|   0.|   0.|   0.|   0.|   0.|  76M|  61M|  90M|  15K| 513.|  51K|   0.|   0.|   0.| 181M| 151M| 208M|
|DEDUP SORT SCORE |4261M|3585M|4956M|1763M|1515M|2037M|   0.|   0.|   0.|   0.|   0.|   0.| 199M| 158M| 250M| 206K|  47K| 458K|   0.|   0.|   0.| 859M| 733M|1012M|
|MEM COLLECT......|4016M|3623M|4338M|2399M|2168M|2597M|   0.|   0.|   0.|   0.|   0.|   0.|  85M|  77M|  92M|4015K|3620K|4342K|   0.|   0.|   0.| 540M| 488M| 585M|
|MEM COLLECT......|4359M|3896M|5064M|2993M|2677M|3470M|   0.|   0.|   0.|   0.|   0.|   0.| 136M| 122M| 158M|3476K|3145K|3776K|   0.|   0.|   0.| 706M| 630M| 827M|
|MEM COLLECT LAST |2434M|2196M|2643M|1284M|1163M|1400M|   0.|   0.|   0.|   0.|   0.|   0.|  33M|  30M|  36M|2049K|1853K|2232K|   0.|   0.|   0.| 188M| 170M| 204M|
|MEM COLLECT SORT | 287M| 261M| 318M|  22M|  19M|  26M|   0.|   0.|   0.|   0.|   0.|   0.|6336K|5464K|7781K| 260K| 238K| 284K|   0.|   0.|   0.|  98M|  88M| 107M|
|CHAIN BUILD......|  11M|9227K|  13M|2023K|1799K|2289K|   0.|   0.|   0.|   0.|   0.|   0.| 387K| 342K| 444K| 908.| 293.|4963.|   0.|   0.|   0.|6925K|6171K|7590K|
| CHAIN BUILD SA  |9427M|8724M|  10G|4919M|4594M|5369M|   0.|   0.|   0.|   0.|   0.|   0.| 143M| 133M| 157M|9037K|8269K|9656K|   0.|   0.|   0.|1043M| 972M|1133M|
| CHAIN BUILD RID | 781M| 724M| 838M| 263M| 247M| 280M|   0.|   0.|   0.|   0.|   0.|   0.|  22M|  21M|  24M| 347K| 312K| 372K|   0.|   0.|   0.| 123M| 115M| 132M|
|CHAIN BUILD TREE.| 329M| 305M| 363M| 105M|  98M| 112M|   0.|   0.|   0.|   0.|   0.|   0.|7744K|7273K|8333K| 171K| 153K| 199K|   0.|   0.|   0.|  42M|  40M|  45M|
|CHAIN BUILD......| 102M|  95M| 111M|  36M|  34M|  38M|   0.|   0.|   0.|   0.|   0.|   0.|2166K|2013K|2347K|  30K|  24K|  38K|   0.|   0.|   0.|  16M|  15M|  17M|
|CHAIN BUILD......|1534M|1455M|1626M| 455M| 432M| 482M|   0.|   0.|   0.|   0.|   0.|   0.| 106M| 101M| 112M| 369K| 349K| 392K|   0.|   0.|   0.| 548M| 519M| 582M|
|CHAIN BUILD......| 460M| 429M| 493M|  89M|  83M|  93M|   0.|   0.|   0.|   0.|   0.|   0.|  18M|  17M|  19M| 345K| 322K| 368K|   0.|   0.|   0.| 117M| 106M| 126M|
=============================================================

======================= SWBWA Timing Report =======================
  Accumulated wall-clock time; indented rows are included in
  their parent row and must not be added to it.

  Pipeline
    total - complete three-stage pipeline                    70.827 s
    stage 1 - allocate and read raw FASTQ blocks             19.948 s
    stage 2 - align reads and generate SAM records           45.328 s
    stage 3 - write SAM and release batch data                5.550 s
      SAM output writes                                         3.747 s
      batch cleanup and loop overhead (derived)                 1.803 s

  Stage 1 input details
    batches completed / stage calls                       9 / 10
    input-buffer and batch allocations                        0.000 s  (28 calls, max 0.000 s)
    aggregate requested allocation bytes           1891144912
    FASTQ fseeko calls                                        0.000 s  (18 calls, max 0.000 s)
    FASTQ fread calls                                        19.940 s  (18 calls, max 1.760 s)
    align chunk ends to FASTQ record boundaries               0.000 s  (16 calls, max 0.000 s)
    scheduler, checks and bookkeeping (derived)               0.008 s
    raw FASTQ bytes read                           1891125840  (1803.518 MiB)
    effective fread bandwidth                         90.448 MiB/s
    slowest allocation                                 0.000 s  (64 bytes)
    slowest fread                                      1.760 s  (R1 offset=353891964, bytes=117964800)

  Stage 2 worker details
    total - active merge worker                              45.324 s
      part 1 - prepare CPE task and reusable buffers            0.191 s
      part 2 - CPE FASTQ formatting and input release           0.122 s
      part 3 - CPE alignment and SAM length pass               44.460 s
      part 4 - assign slices in the shared SAM buffer           0.384 s
      part 5 - CPE SAM record generation                        0.163 s
      part 6 - release temporary worker data                    0.000 s

  Reserved allocator timers (no active timing sites)
    malloc timer                                              0.000 s
    free timer                                                0.000 s
===================================================================

[main] Version: 0.0.1
[main] CMD: correctness_results/cpe_ablation_repeat_20260826/bin/combined/SWBWA mem -v 4 -t 1 -1 -o /dev/null -I 170,80,500,1 ../data/GRCh38.d1.vd1.fa ../data/SRR7963242_1.fastq_1 ../data/SRR7963242_2.fastq_1
