[M::main_mem] mean insert size: 170.000, stddev: 80.000, max: 500, min: 1
[CPE input] bytes_per_cg=19660800 cg_count=6 chunk_bytes=117964800 file_bytes=3499281348
malloc bwt->bwt 3107576584, 0x580000486040
malloc bwt->sa 1553788264, 0x5800b9823b60
[M::bwa_idx_load_from_disk] read 0 ALT contigs
malloc pac 776894131, 0x580116285940
the input file is ../data/bwa_test_big_data/ERR1203383_1.fastq
the output file is bigdata_results/cgs_pool/has1/ERR1203383_SE.sam
[M::process] read chunk (19660800 bytes/CG x 6 CGs, 117964800 bytes)...
[DBG stage1] slow fread: R1 offset=0 requested=117964800 read=117964800 elapsed=1.148 s
[M::mem_process_seqs_merge2] CPE FASTQ formatting done
slave pre done
now n is 528609
processed 528609
[M::mem_process_seqs_merge2] Processed 528609 reads in 2.170 CPU sec, 2.183 real sec
[M::process] read chunk (19660800 bytes/CG x 6 CGs, 117964800 bytes)...
[DBG stage1] slow fread: R1 offset=117963996 requested=117964800 read=117964800 elapsed=1.184 s
[M::mem_process_seqs_merge2] CPE FASTQ formatting done
slave pre done
now n is 525655
processed 525655
[M::mem_process_seqs_merge2] Processed 525655 reads in 1.680 CPU sec, 1.691 real sec
[M::process] read chunk (19660800 bytes/CG x 6 CGs, 117964800 bytes)...
[DBG stage1] slow fread: R1 offset=235927776 requested=117964800 read=117964800 elapsed=1.147 s
[M::mem_process_seqs_merge2] CPE FASTQ formatting done
slave pre done
now n is 517385
processed 517385
[M::mem_process_seqs_merge2] Processed 517385 reads in 1.610 CPU sec, 1.609 real sec
[M::process] read chunk (19660800 bytes/CG x 6 CGs, 117964800 bytes)...
[DBG stage1] slow fread: R1 offset=353891556 requested=117964800 read=117964800 elapsed=1.216 s
[M::mem_process_seqs_merge2] CPE FASTQ formatting done
slave pre done
now n is 517385
processed 517385
[M::mem_process_seqs_merge2] Processed 517385 reads in 1.720 CPU sec, 1.715 real sec
[M::process] read chunk (19660800 bytes/CG x 6 CGs, 117964800 bytes)...
[DBG stage1] slow fread: R1 offset=471855336 requested=117964800 read=117964800 elapsed=1.082 s
[M::mem_process_seqs_merge2] CPE FASTQ formatting done
slave pre done
now n is 517385
processed 517385
[M::mem_process_seqs_merge2] Processed 517385 reads in 1.600 CPU sec, 1.610 real sec
[M::process] read chunk (19660800 bytes/CG x 6 CGs, 117964800 bytes)...
[M::mem_process_seqs_merge2] CPE FASTQ formatting done
slave pre done
now n is 517385
processed 517385
[M::mem_process_seqs_merge2] Processed 517385 reads in 1.590 CPU sec, 1.604 real sec
[M::process] read chunk (19660800 bytes/CG x 6 CGs, 117964800 bytes)...
[M::mem_process_seqs_merge2] CPE FASTQ formatting done
slave pre done
now n is 517385
processed 517385
[M::mem_process_seqs_merge2] Processed 517385 reads in 1.640 CPU sec, 1.657 real sec
[M::process] read chunk (19660800 bytes/CG x 6 CGs, 117964800 bytes)...
[M::mem_process_seqs_merge2] CPE FASTQ formatting done
slave pre done
now n is 517385
processed 517385
[M::mem_process_seqs_merge2] Processed 517385 reads in 1.740 CPU sec, 1.751 real sec
[M::process] read chunk (19660800 bytes/CG x 6 CGs, 117964800 bytes)...
[M::mem_process_seqs_merge2] CPE FASTQ formatting done
slave pre done
now n is 517385
processed 517385
[M::mem_process_seqs_merge2] Processed 517385 reads in 1.660 CPU sec, 1.664 real sec
[M::process] read chunk (19660800 bytes/CG x 6 CGs, 117964800 bytes)...
[M::mem_process_seqs_merge2] CPE FASTQ formatting done
slave pre done
now n is 517385
processed 517385
[M::mem_process_seqs_merge2] Processed 517385 reads in 1.610 CPU sec, 1.622 real sec
[M::process] read chunk (19660800 bytes/CG x 6 CGs, 117964800 bytes)...
[M::mem_process_seqs_merge2] CPE FASTQ formatting done
slave pre done
now n is 517385
processed 517385
[M::mem_process_seqs_merge2] Processed 517385 reads in 1.670 CPU sec, 1.682 real sec
[M::process] read chunk (19660800 bytes/CG x 6 CGs, 117964800 bytes)...
[M::mem_process_seqs_merge2] CPE FASTQ formatting done
slave pre done
now n is 517385
processed 517385
[M::mem_process_seqs_merge2] Processed 517385 reads in 1.730 CPU sec, 1.735 real sec
[M::process] read chunk (19660800 bytes/CG x 6 CGs, 117964800 bytes)...
[M::mem_process_seqs_merge2] CPE FASTQ formatting done
slave pre done
now n is 517385
processed 517385
[M::mem_process_seqs_merge2] Processed 517385 reads in 1.750 CPU sec, 1.754 real sec
[M::process] read chunk (19660800 bytes/CG x 6 CGs, 117964800 bytes)...
[M::mem_process_seqs_merge2] CPE FASTQ formatting done
slave pre done
now n is 517385
processed 517385
[M::mem_process_seqs_merge2] Processed 517385 reads in 1.660 CPU sec, 1.675 real sec
[M::process] read chunk (19660800 bytes/CG x 6 CGs, 117964800 bytes)...
[M::mem_process_seqs_merge2] CPE FASTQ formatting done
slave pre done
now n is 517385
processed 517385
[M::mem_process_seqs_merge2] Processed 517385 reads in 1.650 CPU sec, 1.651 real sec
[M::process] read chunk (19660800 bytes/CG x 6 CGs, 117964800 bytes)...
[M::mem_process_seqs_merge2] CPE FASTQ formatting done
slave pre done
now n is 517385
processed 517385
[M::mem_process_seqs_merge2] Processed 517385 reads in 1.580 CPU sec, 1.574 real sec
[M::process] read chunk (19660800 bytes/CG x 6 CGs, 117964800 bytes)...
[M::mem_process_seqs_merge2] CPE FASTQ formatting done
slave pre done
now n is 517385
processed 517385
[M::mem_process_seqs_merge2] Processed 517385 reads in 1.570 CPU sec, 1.575 real sec
[M::process] read chunk (19660800 bytes/CG x 6 CGs, 117964800 bytes)...
[M::mem_process_seqs_merge2] CPE FASTQ formatting done
slave pre done
now n is 517385
processed 517385
[M::mem_process_seqs_merge2] Processed 517385 reads in 1.560 CPU sec, 1.565 real sec
[M::process] read chunk (19660800 bytes/CG x 6 CGs, 117964800 bytes)...
[M::mem_process_seqs_merge2] CPE FASTQ formatting done
slave pre done
now n is 517385
processed 517385
[M::mem_process_seqs_merge2] Processed 517385 reads in 1.640 CPU sec, 1.648 real sec
[M::process] read chunk (19660800 bytes/CG x 6 CGs, 117964800 bytes)...
[M::mem_process_seqs_merge2] CPE FASTQ formatting done
slave pre done
now n is 511055
processed 511055
[M::mem_process_seqs_merge2] Processed 511055 reads in 1.630 CPU sec, 1.631 real sec
[M::process] read chunk (19660800 bytes/CG x 6 CGs, 117964800 bytes)...
[M::mem_process_seqs_merge2] CPE FASTQ formatting done
slave pre done
now n is 508465
processed 508465
[M::mem_process_seqs_merge2] Processed 508465 reads in 1.610 CPU sec, 1.616 real sec
[M::process] read chunk (19660800 bytes/CG x 6 CGs, 117964800 bytes)...
[M::mem_process_seqs_merge2] CPE FASTQ formatting done
slave pre done
now n is 508465
processed 508465
[M::mem_process_seqs_merge2] Processed 508465 reads in 1.590 CPU sec, 1.588 real sec
[M::process] read chunk (19660800 bytes/CG x 6 CGs, 117964800 bytes)...
[M::mem_process_seqs_merge2] CPE FASTQ formatting done
slave pre done
now n is 508465
processed 508465
[M::mem_process_seqs_merge2] Processed 508465 reads in 1.570 CPU sec, 1.584 real sec
[M::process] read chunk (19660800 bytes/CG x 6 CGs, 117964800 bytes)...
[M::mem_process_seqs_merge2] CPE FASTQ formatting done
slave pre done
now n is 508465
processed 508465
[M::mem_process_seqs_merge2] Processed 508465 reads in 1.600 CPU sec, 1.598 real sec
[M::process] read chunk (19660800 bytes/CG x 6 CGs, 117964800 bytes)...
[M::mem_process_seqs_merge2] CPE FASTQ formatting done
slave pre done
now n is 508465
processed 508465
[M::mem_process_seqs_merge2] Processed 508465 reads in 1.590 CPU sec, 1.600 real sec
[M::process] read chunk (19660800 bytes/CG x 6 CGs, 117964800 bytes)...
[M::mem_process_seqs_merge2] CPE FASTQ formatting done
slave pre done
now n is 508465
processed 508465
[M::mem_process_seqs_merge2] Processed 508465 reads in 1.620 CPU sec, 1.629 real sec
[M::process] read chunk (19660800 bytes/CG x 6 CGs, 117964800 bytes)...
[DBG stage1] slow fread: R1 offset=3067059316 requested=117964800 read=117964800 elapsed=1.352 s
[M::mem_process_seqs_merge2] CPE FASTQ formatting done
slave pre done
now n is 508465
processed 508465
[M::mem_process_seqs_merge2] Processed 508465 reads in 1.600 CPU sec, 1.609 real sec
[M::process] read chunk (19660800 bytes/CG x 6 CGs, 117964800 bytes)...
[DBG stage1] slow fread: R1 offset=3185023196 requested=117964800 read=117964800 elapsed=1.271 s
[M::mem_process_seqs_merge2] CPE FASTQ formatting done
slave pre done
now n is 508465
processed 508465
[M::mem_process_seqs_merge2] Processed 508465 reads in 1.590 CPU sec, 1.598 real sec
[M::process] read chunk (19660800 bytes/CG x 6 CGs, 117964800 bytes)...
[DBG stage1] slow fread: R1 offset=3302987076 requested=117964800 read=117964800 elapsed=1.021 s
[M::mem_process_seqs_merge2] CPE FASTQ formatting done
slave pre done
now n is 508465
processed 508465
[M::mem_process_seqs_merge2] Processed 508465 reads in 1.810 CPU sec, 1.806 real sec
[M::process] read chunk (19660800 bytes/CG x 6 CGs, 78330392 bytes)...
[M::mem_process_seqs_merge2] CPE FASTQ formatting done
slave pre done
now n is 337631
processed 337631
[M::mem_process_seqs_merge2] Processed 337631 reads in 3.080 CPU sec, 3.098 real sec

====================== SWBWA Output Debug =====================
  MPI rank: 000000 / 000001
  mode:     non-MPI POSIX
  path:     bigdata_results/cgs_pool/has1/ERR1203383_SE.sam

  Output volume
    output buffer capacity                           67108864
    swbwa_output_write calls                        15274680
    submitted SAM bytes                           3590277649
    buffered flushes                                      54
    buffered flush bytes                          3590277649
    direct oversized writes                                0
    direct oversized bytes                                 0

  Buffering
    buffered flush total                        52.103837 s  (54 calls, 964885.862 us/call)

  POSIX file writes
    write system calls                                     54
    write system-call bytes                        3590277649
    POSIX write system calls                    52.103710 s  (54 calls, 964883.520 us/call)
    POSIX write effective bandwidth                65.714 MiB/s

  Output close timing
    POSIX close                                  0.000355 s  (1 calls,   354.751 us/call)
================================================================


======================= SWBWA Timing Report =======================
  Accumulated wall-clock time; indented rows are included in
  their parent row and must not be added to it.

  Pipeline
    total - complete three-stage pipeline                   147.611 s
    stage 1 - allocate and read raw FASTQ blocks             28.176 s
    stage 2 - align reads and generate SAM records           51.330 s
    stage 3 - write SAM and release batch data               67.667 s
      SAM output writes                                        62.218 s
      batch cleanup and loop overhead (derived)                 5.450 s

  Stage 1 input details
    batches completed / stage calls                      30 / 31
    input-buffer and batch allocations                        0.000 s  (61 calls, max 0.000 s)
    aggregate requested allocation bytes           3499342296
    FASTQ fseeko calls                                        0.000 s  (30 calls, max 0.000 s)
    FASTQ fread calls                                        28.165 s  (30 calls, max 1.352 s)
    align chunk ends to FASTQ record boundaries               0.000 s  (29 calls, max 0.000 s)
    scheduler, checks and bookkeeping (derived)               0.010 s
    raw FASTQ bytes read                           3499309592  (3337.202 MiB)
    effective fread bandwidth                        118.486 MiB/s
    slowest allocation                                 0.000 s  (64 bytes)
    slowest fread                                      1.352 s  (R1 offset=3067059316, bytes=117964800)

  Stage 2 worker details
    total - active merge worker                              51.324 s
      part 1 - prepare CPE task and reusable buffers            0.912 s
      part 2 - CPE FASTQ formatting and input release           0.203 s
      part 3 - CPE alignment and SAM length pass               48.774 s
      part 4 - assign slices in the shared SAM buffer           1.171 s
      part 5 - CPE SAM record generation                        0.257 s
      part 6 - release temporary worker data                    0.001 s

  Reserved allocator timers (no active timing sites)
    malloc timer                                              0.000 s
    free timer                                                0.000 s
===================================================================

[main] Version: 0.0.1
[main] CMD: ./SWBWA mem -v 4 -t 1 -1 -o bigdata_results/cgs_pool/has1/ERR1203383_SE.sam -I 170,80,500,1 ../data/GRCh38.d1.vd1.fa ../data/bwa_test_big_data/ERR1203383_1.fastq
