[M::main_mem] mean insert size: 170.000, stddev: 80.000, max: 500, min: 1
[CPE input] bytes_per_cg=19660800 cg_count=6 chunk_bytes=117964800 file_bytes=3536060312
malloc bwt->bwt 3107576584, 0x580000486040
malloc bwt->sa 1553788264, 0x5800b9823b60
[M::bwa_idx_load_from_disk] read 0 ALT contigs
malloc pac 776894131, 0x580116285940
the input file is ../data/bwa_test_big_data/SRR2496709_1.fastq
the output file is bigdata_results/cgs_pool/has1/SRR2496709_SE.sam
[M::process] read chunk (19660800 bytes/CG x 6 CGs, 117964800 bytes)...
[M::mem_process_seqs_merge2] CPE FASTQ formatting done
slave pre done
now n is 429016
processed 429016
[M::mem_process_seqs_merge2] Processed 429016 reads in 2.110 CPU sec, 2.101 real sec
[M::process] read chunk (19660800 bytes/CG x 6 CGs, 117964800 bytes)...
[M::mem_process_seqs_merge2] CPE FASTQ formatting done
slave pre done
now n is 427405
processed 427405
[M::mem_process_seqs_merge2] Processed 427405 reads in 1.460 CPU sec, 1.468 real sec
[M::process] read chunk (19660800 bytes/CG x 6 CGs, 117964800 bytes)...
[M::mem_process_seqs_merge2] CPE FASTQ formatting done
slave pre done
now n is 423351
processed 423351
[M::mem_process_seqs_merge2] Processed 423351 reads in 1.780 CPU sec, 1.786 real sec
[M::process] read chunk (19660800 bytes/CG x 6 CGs, 117964800 bytes)...
[M::mem_process_seqs_merge2] CPE FASTQ formatting done
slave pre done
now n is 421300
processed 421300
[M::mem_process_seqs_merge2] Processed 421300 reads in 1.500 CPU sec, 1.506 real sec
[M::process] read chunk (19660800 bytes/CG x 6 CGs, 117964800 bytes)...
[M::mem_process_seqs_merge2] CPE FASTQ formatting done
slave pre done
now n is 421300
processed 421300
[M::mem_process_seqs_merge2] Processed 421300 reads in 1.830 CPU sec, 1.827 real sec
[M::process] read chunk (19660800 bytes/CG x 6 CGs, 117964800 bytes)...
[M::mem_process_seqs_merge2] CPE FASTQ formatting done
slave pre done
now n is 421300
processed 421300
[M::mem_process_seqs_merge2] Processed 421300 reads in 1.540 CPU sec, 1.534 real sec
[M::process] read chunk (19660800 bytes/CG x 6 CGs, 117964800 bytes)...
[M::mem_process_seqs_merge2] CPE FASTQ formatting done
slave pre done
now n is 421300
processed 421300
[M::mem_process_seqs_merge2] Processed 421300 reads in 1.400 CPU sec, 1.410 real sec
[M::process] read chunk (19660800 bytes/CG x 6 CGs, 117964800 bytes)...
[M::mem_process_seqs_merge2] CPE FASTQ formatting done
slave pre done
now n is 421300
processed 421300
[M::mem_process_seqs_merge2] Processed 421300 reads in 1.520 CPU sec, 1.519 real sec
[M::process] read chunk (19660800 bytes/CG x 6 CGs, 117964800 bytes)...
[M::mem_process_seqs_merge2] CPE FASTQ formatting done
slave pre done
now n is 421300
processed 421300
[M::mem_process_seqs_merge2] Processed 421300 reads in 1.680 CPU sec, 1.693 real sec
[M::process] read chunk (19660800 bytes/CG x 6 CGs, 117964800 bytes)...
[M::mem_process_seqs_merge2] CPE FASTQ formatting done
slave pre done
now n is 421300
processed 421300
[M::mem_process_seqs_merge2] Processed 421300 reads in 1.570 CPU sec, 1.568 real sec
[M::process] read chunk (19660800 bytes/CG x 6 CGs, 117964800 bytes)...
[M::mem_process_seqs_merge2] CPE FASTQ formatting done
slave pre done
now n is 421300
processed 421300
[M::mem_process_seqs_merge2] Processed 421300 reads in 1.360 CPU sec, 1.372 real sec
[M::process] read chunk (19660800 bytes/CG x 6 CGs, 117964800 bytes)...
[M::mem_process_seqs_merge2] CPE FASTQ formatting done
slave pre done
now n is 421300
processed 421300
[M::mem_process_seqs_merge2] Processed 421300 reads in 1.580 CPU sec, 1.579 real sec
[M::process] read chunk (19660800 bytes/CG x 6 CGs, 117964800 bytes)...
[M::mem_process_seqs_merge2] CPE FASTQ formatting done
slave pre done
now n is 421300
processed 421300
[M::mem_process_seqs_merge2] Processed 421300 reads in 1.420 CPU sec, 1.419 real sec
[M::process] read chunk (19660800 bytes/CG x 6 CGs, 117964800 bytes)...
[M::mem_process_seqs_merge2] CPE FASTQ formatting done
slave pre done
now n is 421300
processed 421300
[M::mem_process_seqs_merge2] Processed 421300 reads in 1.870 CPU sec, 1.879 real sec
[M::process] read chunk (19660800 bytes/CG x 6 CGs, 117964800 bytes)...
[M::mem_process_seqs_merge2] CPE FASTQ formatting done
slave pre done
now n is 421300
processed 421300
[M::mem_process_seqs_merge2] Processed 421300 reads in 2.000 CPU sec, 2.015 real sec
[M::process] read chunk (19660800 bytes/CG x 6 CGs, 117964800 bytes)...
[M::mem_process_seqs_merge2] CPE FASTQ formatting done
slave pre done
now n is 421300
processed 421300
[M::mem_process_seqs_merge2] Processed 421300 reads in 1.600 CPU sec, 1.619 real sec
[M::process] read chunk (19660800 bytes/CG x 6 CGs, 117964800 bytes)...
[M::mem_process_seqs_merge2] CPE FASTQ formatting done
slave pre done
now n is 421300
processed 421300
[M::mem_process_seqs_merge2] Processed 421300 reads in 1.770 CPU sec, 1.771 real sec
[M::process] read chunk (19660800 bytes/CG x 6 CGs, 117964800 bytes)...
[M::mem_process_seqs_merge2] CPE FASTQ formatting done
slave pre done
now n is 421300
processed 421300
[M::mem_process_seqs_merge2] Processed 421300 reads in 1.550 CPU sec, 1.554 real sec
[M::process] read chunk (19660800 bytes/CG x 6 CGs, 117964800 bytes)...
[M::mem_process_seqs_merge2] CPE FASTQ formatting done
slave pre done
now n is 421300
processed 421300
[M::mem_process_seqs_merge2] Processed 421300 reads in 1.600 CPU sec, 1.598 real sec
[M::process] read chunk (19660800 bytes/CG x 6 CGs, 117964800 bytes)...
[M::mem_process_seqs_merge2] CPE FASTQ formatting done
slave pre done
now n is 421300
processed 421300
[M::mem_process_seqs_merge2] Processed 421300 reads in 1.450 CPU sec, 1.444 real sec
[M::process] read chunk (19660800 bytes/CG x 6 CGs, 117964800 bytes)...
[M::mem_process_seqs_merge2] CPE FASTQ formatting done
slave pre done
now n is 421300
processed 421300
[M::mem_process_seqs_merge2] Processed 421300 reads in 1.320 CPU sec, 1.329 real sec
[M::process] read chunk (19660800 bytes/CG x 6 CGs, 117964800 bytes)...
[M::mem_process_seqs_merge2] CPE FASTQ formatting done
slave pre done
now n is 421300
processed 421300
[M::mem_process_seqs_merge2] Processed 421300 reads in 1.470 CPU sec, 1.469 real sec
[M::process] read chunk (19660800 bytes/CG x 6 CGs, 117964800 bytes)...
[M::mem_process_seqs_merge2] CPE FASTQ formatting done
slave pre done
now n is 421300
processed 421300
[M::mem_process_seqs_merge2] Processed 421300 reads in 1.660 CPU sec, 1.671 real sec
[M::process] read chunk (19660800 bytes/CG x 6 CGs, 117964800 bytes)...
[M::mem_process_seqs_merge2] CPE FASTQ formatting done
slave pre done
now n is 419510
processed 419510
[M::mem_process_seqs_merge2] Processed 419510 reads in 1.580 CPU sec, 1.577 real sec
[M::process] read chunk (19660800 bytes/CG x 6 CGs, 117964800 bytes)...
[M::mem_process_seqs_merge2] CPE FASTQ formatting done
slave pre done
now n is 415366
processed 415366
[M::mem_process_seqs_merge2] Processed 415366 reads in 1.320 CPU sec, 1.326 real sec
[M::process] read chunk (19660800 bytes/CG x 6 CGs, 117964800 bytes)...
[M::mem_process_seqs_merge2] CPE FASTQ formatting done
slave pre done
now n is 415366
processed 415366
[M::mem_process_seqs_merge2] Processed 415366 reads in 1.510 CPU sec, 1.503 real sec
[M::process] read chunk (19660800 bytes/CG x 6 CGs, 117964800 bytes)...
[M::mem_process_seqs_merge2] CPE FASTQ formatting done
slave pre done
now n is 415366
processed 415366
[M::mem_process_seqs_merge2] Processed 415366 reads in 1.230 CPU sec, 1.231 real sec
[M::process] read chunk (19660800 bytes/CG x 6 CGs, 117964800 bytes)...
[M::mem_process_seqs_merge2] CPE FASTQ formatting done
slave pre done
now n is 415366
processed 415366
[M::mem_process_seqs_merge2] Processed 415366 reads in 1.670 CPU sec, 1.682 real sec
[M::process] read chunk (19660800 bytes/CG x 6 CGs, 117964800 bytes)...
[DBG stage1] slow fread: R1 offset=3302991452 requested=117964800 read=117964800 elapsed=1.163 s
[M::mem_process_seqs_merge2] CPE FASTQ formatting done
slave pre done
now n is 415366
processed 415366
[M::mem_process_seqs_merge2] Processed 415366 reads in 1.280 CPU sec, 1.285 real sec
[M::process] read chunk (19660800 bytes/CG x 6 CGs, 115104916 bytes)...
[M::mem_process_seqs_merge2] CPE FASTQ formatting done
slave pre done
now n is 405299
processed 405299
[M::mem_process_seqs_merge2] Processed 405299 reads in 1.390 CPU sec, 1.396 real sec

====================== SWBWA Output Debug =====================
  MPI rank: 000000 / 000001
  mode:     non-MPI POSIX
  path:     bigdata_results/cgs_pool/has1/SRR2496709_SE.sam

  Output volume
    output buffer capacity                           67108864
    swbwa_output_write calls                        12607411
    submitted SAM bytes                           3685790019
    buffered flushes                                      55
    buffered flush bytes                          3685790019
    direct oversized writes                                0
    direct oversized bytes                                 0

  Buffering
    buffered flush total                        52.167356 s  (55 calls, 948497.380 us/call)

  POSIX file writes
    write system calls                                     55
    write system-call bytes                        3685790019
    POSIX write system calls                    52.167228 s  (55 calls, 948495.048 us/call)
    POSIX write effective bandwidth                67.380 MiB/s

  Output close timing
    POSIX close                                  0.000373 s  (1 calls,   373.302 us/call)
================================================================


======================= SWBWA Timing Report =======================
  Accumulated wall-clock time; indented rows are included in
  their parent row and must not be added to it.

  Pipeline
    total - complete three-stage pipeline                   137.120 s
    stage 1 - allocate and read raw FASTQ blocks             24.388 s
    stage 2 - align reads and generate SAM records           47.132 s
    stage 3 - write SAM and release batch data               64.774 s
      SAM output writes                                        60.267 s
      batch cleanup and loop overhead (derived)                 4.507 s

  Stage 1 input details
    batches completed / stage calls                      30 / 31
    input-buffer and batch allocations                        0.000 s  (61 calls, max 0.000 s)
    aggregate requested allocation bytes           3536116820
    FASTQ fseeko calls                                        0.000 s  (30 calls, max 0.000 s)
    FASTQ fread calls                                        24.385 s  (30 calls, max 1.163 s)
    align chunk ends to FASTQ record boundaries               0.000 s  (29 calls, max 0.000 s)
    scheduler, checks and bookkeeping (derived)               0.002 s
    raw FASTQ bytes read                           3536084116  (3372.273 MiB)
    effective fread bandwidth                        138.294 MiB/s
    slowest allocation                                 0.000 s  (64 bytes)
    slowest fread                                      1.163 s  (R1 offset=3302991452, bytes=117964800)

  Stage 2 worker details
    total - active merge worker                              47.130 s
      part 1 - prepare CPE task and reusable buffers            0.911 s
      part 2 - CPE FASTQ formatting and input release           0.193 s
      part 3 - CPE alignment and SAM length pass               44.811 s
      part 4 - assign slices in the shared SAM buffer           0.969 s
      part 5 - CPE SAM record generation                        0.242 s
      part 6 - release temporary worker data                    0.000 s

  Reserved allocator timers (no active timing sites)
    malloc timer                                              0.000 s
    free timer                                                0.000 s
===================================================================

[main] Version: 0.0.1
[main] CMD: ./SWBWA mem -v 4 -t 1 -1 -o bigdata_results/cgs_pool/has1/SRR2496709_SE.sam -I 170,80,500,1 ../data/GRCh38.d1.vd1.fa ../data/bwa_test_big_data/SRR2496709_1.fastq
