[M::main_mem] mean insert size: 170.000, stddev: 80.000, max: 500, min: 1
[CPE input] bytes_per_cg=33554432 cg_count=1 chunk_bytes=33554432 file_bytes=945555584
malloc bwt->bwt 3107576584, 0x500002429500
malloc bwt->sa 1553788264, 0x5000bb7c7020
[M::bwa_idx_load_from_disk] read 0 ALT contigs
malloc pac 776894131, 0x500118228940
the input file is ../data/SRR7963242_1.fastq_1
the output file is /dev/null
[M::process] read chunk (33554432 bytes/CG x 1 CGs, 33554432 bytes)...
[M::mem_process_seqs_merge2] CPE FASTQ formatting done
slave pre done
now n is 90317
processed 90317
[M::mem_process_seqs_merge2] Processed 90317 reads in 4.010 CPU sec, 4.007 real sec
[M::process] read chunk (33554432 bytes/CG x 1 CGs, 33554432 bytes)...
[M::mem_process_seqs_merge2] CPE FASTQ formatting done
slave pre done
now n is 89341
processed 89341
[M::mem_process_seqs_merge2] Processed 89341 reads in 3.130 CPU sec, 3.131 real sec
[M::process] read chunk (33554432 bytes/CG x 1 CGs, 33554432 bytes)...
[M::mem_process_seqs_merge2] CPE FASTQ formatting done
slave pre done
now n is 89238
processed 89238
[M::mem_process_seqs_merge2] Processed 89238 reads in 2.960 CPU sec, 2.962 real sec
[M::process] read chunk (33554432 bytes/CG x 1 CGs, 33554432 bytes)...
[M::mem_process_seqs_merge2] CPE FASTQ formatting done
slave pre done
now n is 89238
processed 89238
[M::mem_process_seqs_merge2] Processed 89238 reads in 2.610 CPU sec, 2.624 real sec
[M::process] read chunk (33554432 bytes/CG x 1 CGs, 33554432 bytes)...
[M::mem_process_seqs_merge2] CPE FASTQ formatting done
slave pre done
now n is 89238
processed 89238
[M::mem_process_seqs_merge2] Processed 89238 reads in 2.420 CPU sec, 2.418 real sec
[M::process] read chunk (33554432 bytes/CG x 1 CGs, 33554432 bytes)...
[M::mem_process_seqs_merge2] CPE FASTQ formatting done
slave pre done
now n is 89238
processed 89238
[M::mem_process_seqs_merge2] Processed 89238 reads in 2.480 CPU sec, 2.483 real sec
[M::process] read chunk (33554432 bytes/CG x 1 CGs, 33554432 bytes)...
[M::mem_process_seqs_merge2] CPE FASTQ formatting done
slave pre done
now n is 89238
processed 89238
[M::mem_process_seqs_merge2] Processed 89238 reads in 2.360 CPU sec, 2.357 real sec
[M::process] read chunk (33554432 bytes/CG x 1 CGs, 33554432 bytes)...
[M::mem_process_seqs_merge2] CPE FASTQ formatting done
slave pre done
now n is 89238
processed 89238
[M::mem_process_seqs_merge2] Processed 89238 reads in 2.260 CPU sec, 2.260 real sec
[M::process] read chunk (33554432 bytes/CG x 1 CGs, 33554432 bytes)...
[M::mem_process_seqs_merge2] CPE FASTQ formatting done
slave pre done
now n is 89238
processed 89238
[M::mem_process_seqs_merge2] Processed 89238 reads in 2.380 CPU sec, 2.382 real sec
[M::process] read chunk (33554432 bytes/CG x 1 CGs, 33554432 bytes)...
[M::mem_process_seqs_merge2] CPE FASTQ formatting done
slave pre done
now n is 89238
processed 89238
[M::mem_process_seqs_merge2] Processed 89238 reads in 2.360 CPU sec, 2.373 real sec
[M::process] read chunk (33554432 bytes/CG x 1 CGs, 33554432 bytes)...
[M::mem_process_seqs_merge2] CPE FASTQ formatting done
slave pre done
now n is 89238
processed 89238
[M::mem_process_seqs_merge2] Processed 89238 reads in 2.280 CPU sec, 2.277 real sec
[M::process] read chunk (33554432 bytes/CG x 1 CGs, 33554432 bytes)...
[M::mem_process_seqs_merge2] CPE FASTQ formatting done
slave pre done
now n is 88480
processed 88480
[M::mem_process_seqs_merge2] Processed 88480 reads in 2.250 CPU sec, 2.251 real sec
[M::process] read chunk (33554432 bytes/CG x 1 CGs, 33554432 bytes)...
[M::mem_process_seqs_merge2] CPE FASTQ formatting done
slave pre done
now n is 88299
processed 88299
[M::mem_process_seqs_merge2] Processed 88299 reads in 2.220 CPU sec, 2.219 real sec
[M::process] read chunk (33554432 bytes/CG x 1 CGs, 33554432 bytes)...
[M::mem_process_seqs_merge2] CPE FASTQ formatting done
slave pre done
now n is 88299
processed 88299
[M::mem_process_seqs_merge2] Processed 88299 reads in 2.220 CPU sec, 2.218 real sec
[M::process] read chunk (33554432 bytes/CG x 1 CGs, 33554432 bytes)...
[M::mem_process_seqs_merge2] CPE FASTQ formatting done
slave pre done
now n is 88299
processed 88299
[M::mem_process_seqs_merge2] Processed 88299 reads in 2.330 CPU sec, 2.333 real sec
[M::process] read chunk (33554432 bytes/CG x 1 CGs, 33554432 bytes)...
[M::mem_process_seqs_merge2] CPE FASTQ formatting done
slave pre done
now n is 88299
processed 88299
[M::mem_process_seqs_merge2] Processed 88299 reads in 2.300 CPU sec, 2.293 real sec
[M::process] read chunk (33554432 bytes/CG x 1 CGs, 33554432 bytes)...
[M::mem_process_seqs_merge2] CPE FASTQ formatting done
slave pre done
now n is 88299
processed 88299
[M::mem_process_seqs_merge2] Processed 88299 reads in 2.270 CPU sec, 2.262 real sec
[M::process] read chunk (33554432 bytes/CG x 1 CGs, 33554432 bytes)...
[M::mem_process_seqs_merge2] CPE FASTQ formatting done
slave pre done
now n is 88299
processed 88299
[M::mem_process_seqs_merge2] Processed 88299 reads in 2.240 CPU sec, 2.242 real sec
[M::process] read chunk (33554432 bytes/CG x 1 CGs, 33554432 bytes)...
[M::mem_process_seqs_merge2] CPE FASTQ formatting done
slave pre done
now n is 88299
processed 88299
[M::mem_process_seqs_merge2] Processed 88299 reads in 2.230 CPU sec, 2.226 real sec
[M::process] read chunk (33554432 bytes/CG x 1 CGs, 33554432 bytes)...
[M::mem_process_seqs_merge2] CPE FASTQ formatting done
slave pre done
now n is 88299
processed 88299
[M::mem_process_seqs_merge2] Processed 88299 reads in 2.280 CPU sec, 2.279 real sec
[M::process] read chunk (33554432 bytes/CG x 1 CGs, 33554432 bytes)...
[M::mem_process_seqs_merge2] CPE FASTQ formatting done
slave pre done
now n is 88299
processed 88299
[M::mem_process_seqs_merge2] Processed 88299 reads in 2.230 CPU sec, 2.238 real sec
[M::process] read chunk (33554432 bytes/CG x 1 CGs, 33554432 bytes)...
[M::mem_process_seqs_merge2] CPE FASTQ formatting done
slave pre done
now n is 88299
processed 88299
[M::mem_process_seqs_merge2] Processed 88299 reads in 2.330 CPU sec, 2.335 real sec
[M::process] read chunk (33554432 bytes/CG x 1 CGs, 33554432 bytes)...
[M::mem_process_seqs_merge2] CPE FASTQ formatting done
slave pre done
now n is 88299
processed 88299
[M::mem_process_seqs_merge2] Processed 88299 reads in 2.250 CPU sec, 2.248 real sec
[M::process] read chunk (33554432 bytes/CG x 1 CGs, 33554432 bytes)...
[M::mem_process_seqs_merge2] CPE FASTQ formatting done
slave pre done
now n is 88299
processed 88299
[M::mem_process_seqs_merge2] Processed 88299 reads in 2.440 CPU sec, 2.434 real sec
[M::process] read chunk (33554432 bytes/CG x 1 CGs, 33554432 bytes)...
[M::mem_process_seqs_merge2] CPE FASTQ formatting done
slave pre done
now n is 88299
processed 88299
[M::mem_process_seqs_merge2] Processed 88299 reads in 2.310 CPU sec, 2.312 real sec
[M::process] read chunk (33554432 bytes/CG x 1 CGs, 33554432 bytes)...
[M::mem_process_seqs_merge2] CPE FASTQ formatting done
slave pre done
now n is 88299
processed 88299
[M::mem_process_seqs_merge2] Processed 88299 reads in 2.280 CPU sec, 2.280 real sec
[M::process] read chunk (33554432 bytes/CG x 1 CGs, 33554432 bytes)...
[M::mem_process_seqs_merge2] CPE FASTQ formatting done
slave pre done
now n is 88299
processed 88299
[M::mem_process_seqs_merge2] Processed 88299 reads in 2.280 CPU sec, 2.287 real sec
[M::process] read chunk (33554432 bytes/CG x 1 CGs, 33554432 bytes)...
[M::mem_process_seqs_merge2] CPE FASTQ formatting done
slave pre done
now n is 88299
processed 88299
[M::mem_process_seqs_merge2] Processed 88299 reads in 2.260 CPU sec, 2.261 real sec
[M::process] read chunk (33554432 bytes/CG x 1 CGs, 6055680 bytes)...
[M::mem_process_seqs_merge2] CPE FASTQ formatting done
slave pre done
now n is 15936
processed 15936
[M::mem_process_seqs_merge2] Processed 15936 reads in 0.520 CPU sec, 0.517 real sec

====================== SWBWA Output Debug =====================
  MPI rank: 000000 / 000001
  mode:     non-MPI POSIX
  path:     /dev/null

  Output volume
    output buffer capacity                           67108864
    swbwa_output_write calls                         2500000
    submitted SAM bytes                            979513030
    buffered flushes                                      15
    buffered flush bytes                           979513030
    direct oversized writes                                0
    direct oversized bytes                                 0

  Buffering
    buffered flush total                         0.000123 s  (15 calls,     8.197 us/call)

  POSIX file writes
    write system calls                                     15
    write system-call bytes                         979513030
    POSIX write system calls                     0.000100 s  (15 calls,     6.637 us/call)
    POSIX write effective bandwidth            9383568.278 MiB/s

  Output close timing
    POSIX close                                  0.000016 s  (1 calls,    15.650 us/call)
================================================================


======================= SWBWA Timing Report =======================
  Accumulated wall-clock time; indented rows are included in
  their parent row and must not be added to it.

  Pipeline
    total - complete three-stage pipeline                    77.853 s
    stage 1 - allocate and read raw FASTQ blocks              6.672 s
    stage 2 - align reads and generate SAM records           68.516 s
    stage 3 - write SAM and release batch data                2.664 s
      SAM output writes                                         1.765 s
      batch cleanup and loop overhead (derived)                 0.900 s

  Stage 1 input details
    batches completed / stage calls                      29 / 30
    input-buffer and batch allocations                        0.000 s  (59 calls, max 0.000 s)
    aggregate requested allocation bytes            945611392
    FASTQ fseeko calls                                        0.191 s  (29 calls, max 0.007 s)
    FASTQ fread calls                                         6.473 s  (29 calls, max 0.271 s)
    align chunk ends to FASTQ record boundaries               0.000 s  (28 calls, max 0.000 s)
    scheduler, checks and bookkeeping (derived)               0.007 s
    raw FASTQ bytes read                            945579776  (901.775 MiB)
    effective fread bandwidth                        139.307 MiB/s
    slowest allocation                                 0.000 s  (64 bytes)
    slowest fread                                      0.271 s  (R1 offset=167767452, bytes=33554432)

  Stage 2 worker details
    total - active merge worker                              68.509 s
      part 1 - prepare CPE task and reusable buffers            0.850 s
      part 2 - CPE FASTQ formatting and input release           0.252 s
      part 3 - CPE alignment and SAM length pass               66.894 s
      part 4 - assign slices in the shared SAM buffer           0.181 s
      part 5 - CPE SAM record generation                        0.325 s
      part 6 - release temporary worker data                    0.001 s

  Reserved allocator timers (no active timing sites)
    malloc timer                                              0.000 s
    free timer                                                0.000 s
===================================================================

[main] Version: 0.0.1
[main] CMD: ./SWBWA mem -v 4 -t 1 -1 -K 33554432 -o /dev/null -I 170,80,500,1 ../data/GRCh38.d1.vd1.fa ../data/SRR7963242_1.fastq_1
