[M::main_mem] mean insert size: 170.000, stddev: 80.000, max: 500, min: 1
[CPE input] bytes_per_cg=67108864 cg_count=1 chunk_bytes=67108864 file_bytes=945555584
malloc bwt->bwt 3107576584, 0x500002429500
malloc bwt->sa 1553788264, 0x5000bb7c7020
[M::bwa_idx_load_from_disk] read 0 ALT contigs
malloc pac 776894131, 0x500118228940
the input file is ../data/SRR7963242_1.fastq_1
the output file is /dev/null
[M::process] read chunk (67108864 bytes/CG x 1 CGs, 67108864 bytes)...
[M::mem_process_seqs_merge2] CPE FASTQ formatting done
slave pre done
now n is 179661
processed 179661
[M::mem_process_seqs_merge2] Processed 179661 reads in 6.960 CPU sec, 6.964 real sec
[M::process] read chunk (67108864 bytes/CG x 1 CGs, 67108864 bytes)...
[M::mem_process_seqs_merge2] CPE FASTQ formatting done
slave pre done
now n is 178479
processed 178479
[M::mem_process_seqs_merge2] Processed 178479 reads in 5.360 CPU sec, 5.360 real sec
[M::process] read chunk (67108864 bytes/CG x 1 CGs, 67108864 bytes)...
[M::mem_process_seqs_merge2] CPE FASTQ formatting done
slave pre done
now n is 178479
processed 178479
[M::mem_process_seqs_merge2] Processed 178479 reads in 4.740 CPU sec, 4.735 real sec
[M::process] read chunk (67108864 bytes/CG x 1 CGs, 67108864 bytes)...
[M::mem_process_seqs_merge2] CPE FASTQ formatting done
slave pre done
now n is 178479
processed 178479
[M::mem_process_seqs_merge2] Processed 178479 reads in 4.500 CPU sec, 4.500 real sec
[M::process] read chunk (67108864 bytes/CG x 1 CGs, 67108864 bytes)...
[M::mem_process_seqs_merge2] CPE FASTQ formatting done
slave pre done
now n is 178479
processed 178479
[M::mem_process_seqs_merge2] Processed 178479 reads in 4.610 CPU sec, 4.622 real sec
[M::process] read chunk (67108864 bytes/CG x 1 CGs, 67108864 bytes)...
[M::mem_process_seqs_merge2] CPE FASTQ formatting done
slave pre done
now n is 177720
processed 177720
[M::mem_process_seqs_merge2] Processed 177720 reads in 4.430 CPU sec, 4.438 real sec
[M::process] read chunk (67108864 bytes/CG x 1 CGs, 67108864 bytes)...
[M::mem_process_seqs_merge2] CPE FASTQ formatting done
slave pre done
now n is 176600
processed 176600
[M::mem_process_seqs_merge2] Processed 176600 reads in 4.380 CPU sec, 4.382 real sec
[M::process] read chunk (67108864 bytes/CG x 1 CGs, 67108864 bytes)...
[M::mem_process_seqs_merge2] CPE FASTQ formatting done
slave pre done
now n is 176600
processed 176600
[M::mem_process_seqs_merge2] Processed 176600 reads in 4.480 CPU sec, 4.481 real sec
[M::process] read chunk (67108864 bytes/CG x 1 CGs, 67108864 bytes)...
[M::mem_process_seqs_merge2] CPE FASTQ formatting done
slave pre done
now n is 176600
processed 176600
[M::mem_process_seqs_merge2] Processed 176600 reads in 4.420 CPU sec, 4.429 real sec
[M::process] read chunk (67108864 bytes/CG x 1 CGs, 67108864 bytes)...
[M::mem_process_seqs_merge2] CPE FASTQ formatting done
slave pre done
now n is 176600
processed 176600
[M::mem_process_seqs_merge2] Processed 176600 reads in 4.470 CPU sec, 4.476 real sec
[M::process] read chunk (67108864 bytes/CG x 1 CGs, 67108864 bytes)...
[M::mem_process_seqs_merge2] CPE FASTQ formatting done
slave pre done
now n is 176600
processed 176600
[M::mem_process_seqs_merge2] Processed 176600 reads in 4.510 CPU sec, 4.515 real sec
[M::process] read chunk (67108864 bytes/CG x 1 CGs, 67108864 bytes)...
[M::mem_process_seqs_merge2] CPE FASTQ formatting done
slave pre done
now n is 176600
processed 176600
[M::mem_process_seqs_merge2] Processed 176600 reads in 4.610 CPU sec, 4.617 real sec
[M::process] read chunk (67108864 bytes/CG x 1 CGs, 67108864 bytes)...
[M::mem_process_seqs_merge2] CPE FASTQ formatting done
slave pre done
now n is 176600
processed 176600
[M::mem_process_seqs_merge2] Processed 176600 reads in 4.490 CPU sec, 4.494 real sec
[M::process] read chunk (67108864 bytes/CG x 1 CGs, 67108864 bytes)...
[M::mem_process_seqs_merge2] CPE FASTQ formatting done
slave pre done
now n is 176600
processed 176600
[M::mem_process_seqs_merge2] Processed 176600 reads in 4.430 CPU sec, 4.431 real sec
[M::process] read chunk (67108864 bytes/CG x 1 CGs, 6043140 bytes)...
[M::mem_process_seqs_merge2] CPE FASTQ formatting done
slave pre done
now n is 15903
processed 15903
[M::mem_process_seqs_merge2] Processed 15903 reads in 0.520 CPU sec, 0.519 real sec

====================== SWBWA Output Debug =====================
  MPI rank: 000000 / 000001
  mode:     non-MPI POSIX
  path:     /dev/null

  Output volume
    output buffer capacity                           67108864
    swbwa_output_write calls                         2500000
    submitted SAM bytes                            979513030
    buffered flushes                                      15
    buffered flush bytes                           979513030
    direct oversized writes                                0
    direct oversized bytes                                 0

  Buffering
    buffered flush total                         0.000121 s  (15 calls,     8.060 us/call)

  POSIX file writes
    write system calls                                     15
    write system-call bytes                         979513030
    POSIX write system calls                     0.000097 s  (15 calls,     6.457 us/call)
    POSIX write effective bandwidth            9645201.112 MiB/s

  Output close timing
    POSIX close                                  0.000016 s  (1 calls,    15.500 us/call)
================================================================


======================= SWBWA Timing Report =======================
  Accumulated wall-clock time; indented rows are included in
  their parent row and must not be added to it.

  Pipeline
    total - complete three-stage pipeline                    77.156 s
    stage 1 - allocate and read raw FASTQ blocks              7.528 s
    stage 2 - align reads and generate SAM records           66.964 s
    stage 3 - write SAM and release batch data                2.664 s
      SAM output writes                                         1.766 s
      batch cleanup and loop overhead (derived)                 0.898 s

  Stage 1 input details
    batches completed / stage calls                      15 / 16
    input-buffer and batch allocations                        0.000 s  (31 calls, max 0.000 s)
    aggregate requested allocation bytes            945583620
    FASTQ fseeko calls                                        0.096 s  (15 calls, max 0.007 s)
    FASTQ fread calls                                         7.430 s  (15 calls, max 0.680 s)
    align chunk ends to FASTQ record boundaries               0.000 s  (14 calls, max 0.000 s)
    scheduler, checks and bookkeeping (derived)               0.001 s
    raw FASTQ bytes read                            945567236  (901.763 MiB)
    effective fread bandwidth                        121.367 MiB/s
    slowest allocation                                 0.000 s  (64 bytes)
    slowest fread                                      0.680 s  (R1 offset=805296444, bytes=67108864)

  Stage 2 worker details
    total - active merge worker                              66.963 s
      part 1 - prepare CPE task and reusable buffers            0.688 s
      part 2 - CPE FASTQ formatting and input release           0.242 s
      part 3 - CPE alignment and SAM length pass               65.533 s
      part 4 - assign slices in the shared SAM buffer           0.176 s
      part 5 - CPE SAM record generation                        0.323 s
      part 6 - release temporary worker data                    0.000 s

  Reserved allocator timers (no active timing sites)
    malloc timer                                              0.000 s
    free timer                                                0.000 s
===================================================================

[main] Version: 0.0.1
[main] CMD: ./SWBWA mem -v 4 -t 1 -1 -K 67108864 -o /dev/null -I 170,80,500,1 ../data/GRCh38.d1.vd1.fa ../data/SRR7963242_1.fastq_1
