[M::main_mem] mean insert size: 170.000, stddev: 80.000, max: 500, min: 1
[CPE input] bytes_per_cg=19660800 cg_count=6 chunk_bytes=117964800 file_bytes=3499281348
malloc bwt->bwt 3107576584, 0x580000486040
malloc bwt->sa 1553788264, 0x5800b9823b60
[M::bwa_idx_load_from_disk] read 0 ALT contigs
malloc pac 776894131, 0x580116285940
the input file is ../data/bwa_test_big_data/ERR1203383_1.fastq
the input file is ../data/bwa_test_big_data/ERR1203383_2.fastq
the output file is bigdata_results/cgs_system/has1/ERR1203383_PE.sam
[M::process] read chunk (19660800 bytes/CG x 6 CGs, 117964800 bytes)...
[DBG stage1] slow fread: R1 offset=0 requested=117964800 read=117964800 elapsed=1.601 s
[DBG stage1] slow fread: R2 offset=0 requested=117964800 read=117964800 elapsed=1.436 s
[M::mem_process_seqs_merge2] CPE FASTQ formatting done
slave pre done
now n is 1057218
processed 1057218
[M::mem_process_seqs_merge2] Processed 1057218 reads in 4.110 CPU sec, 4.135 real sec
[M::process] read chunk (19660800 bytes/CG x 6 CGs, 117964800 bytes)...
[DBG stage1] slow fread: R1 offset=117963996 requested=117964800 read=117964800 elapsed=1.499 s
[DBG stage1] slow fread: R2 offset=117963996 requested=117964800 read=117964800 elapsed=1.373 s
[M::mem_process_seqs_merge2] CPE FASTQ formatting done
slave pre done
now n is 1051310
processed 1051310
[M::mem_process_seqs_merge2] Processed 1051310 reads in 3.830 CPU sec, 3.878 real sec
[M::process] read chunk (19660800 bytes/CG x 6 CGs, 117964800 bytes)...
[DBG stage1] slow fread: R1 offset=235927776 requested=117964800 read=117964800 elapsed=1.205 s
[DBG stage1] slow fread: R2 offset=235927776 requested=117964800 read=117964800 elapsed=1.417 s
[M::mem_process_seqs_merge2] CPE FASTQ formatting done
slave pre done
now n is 1034770
processed 1034770
[M::mem_process_seqs_merge2] Processed 1034770 reads in 3.570 CPU sec, 3.604 real sec
[M::process] read chunk (19660800 bytes/CG x 6 CGs, 117964800 bytes)...
[DBG stage1] slow fread: R1 offset=353891556 requested=117964800 read=117964800 elapsed=1.460 s
[DBG stage1] slow fread: R2 offset=353891556 requested=117964800 read=117964800 elapsed=1.272 s
[M::mem_process_seqs_merge2] CPE FASTQ formatting done
slave pre done
now n is 1034770
processed 1034770
[M::mem_process_seqs_merge2] Processed 1034770 reads in 3.890 CPU sec, 3.927 real sec
[M::process] read chunk (19660800 bytes/CG x 6 CGs, 117964800 bytes)...
[DBG stage1] slow fread: R1 offset=471855336 requested=117964800 read=117964800 elapsed=25.717 s
[DBG stage1] slow fread: R2 offset=471855336 requested=117964800 read=117964800 elapsed=27.109 s
[M::mem_process_seqs_merge2] CPE FASTQ formatting done
slave pre done
now n is 1034770
processed 1034770
[M::mem_process_seqs_merge2] Processed 1034770 reads in 3.620 CPU sec, 3.642 real sec
[M::process] read chunk (19660800 bytes/CG x 6 CGs, 117964800 bytes)...
[DBG stage1] slow fread: R1 offset=589819116 requested=117964800 read=117964800 elapsed=28.138 s
[DBG stage1] slow fread: R2 offset=589819116 requested=117964800 read=117964800 elapsed=25.867 s
[M::mem_process_seqs_merge2] CPE FASTQ formatting done
slave pre done
now n is 1034770
processed 1034770
[M::mem_process_seqs_merge2] Processed 1034770 reads in 3.610 CPU sec, 3.645 real sec
[M::process] read chunk (19660800 bytes/CG x 6 CGs, 117964800 bytes)...
[DBG stage1] slow fread: R1 offset=707782896 requested=117964800 read=117964800 elapsed=23.430 s
[DBG stage1] slow fread: R2 offset=707782896 requested=117964800 read=117964800 elapsed=22.000 s
[M::mem_process_seqs_merge2] CPE FASTQ formatting done
slave pre done
now n is 1034770
processed 1034770
[M::mem_process_seqs_merge2] Processed 1034770 reads in 3.800 CPU sec, 3.812 real sec
[M::process] read chunk (19660800 bytes/CG x 6 CGs, 117964800 bytes)...
[DBG stage1] slow fread: R1 offset=825746676 requested=117964800 read=117964800 elapsed=12.086 s
[DBG stage1] slow fread: R2 offset=825746676 requested=117964800 read=117964800 elapsed=2.051 s
[M::mem_process_seqs_merge2] CPE FASTQ formatting done
slave pre done
now n is 1034770
processed 1034770
[M::mem_process_seqs_merge2] Processed 1034770 reads in 4.200 CPU sec, 4.232 real sec
[M::process] read chunk (19660800 bytes/CG x 6 CGs, 117964800 bytes)...
[DBG stage1] slow fread: R1 offset=943710456 requested=117964800 read=117964800 elapsed=1.383 s
[DBG stage1] slow fread: R2 offset=943710456 requested=117964800 read=117964800 elapsed=1.510 s
[M::mem_process_seqs_merge2] CPE FASTQ formatting done
slave pre done
now n is 1034770
processed 1034770
[M::mem_process_seqs_merge2] Processed 1034770 reads in 3.880 CPU sec, 3.900 real sec
[M::process] read chunk (19660800 bytes/CG x 6 CGs, 117964800 bytes)...
[DBG stage1] slow fread: R1 offset=1061674236 requested=117964800 read=117964800 elapsed=1.445 s
[DBG stage1] slow fread: R2 offset=1061674236 requested=117964800 read=117964800 elapsed=1.485 s
[M::mem_process_seqs_merge2] CPE FASTQ formatting done
slave pre done
now n is 1034770
processed 1034770
[M::mem_process_seqs_merge2] Processed 1034770 reads in 3.720 CPU sec, 3.731 real sec
[M::process] read chunk (19660800 bytes/CG x 6 CGs, 117964800 bytes)...
[DBG stage1] slow fread: R1 offset=1179638016 requested=117964800 read=117964800 elapsed=1.267 s
[DBG stage1] slow fread: R2 offset=1179638016 requested=117964800 read=117964800 elapsed=1.214 s
[M::mem_process_seqs_merge2] CPE FASTQ formatting done
slave pre done
now n is 1034770
processed 1034770
[M::mem_process_seqs_merge2] Processed 1034770 reads in 3.920 CPU sec, 3.949 real sec
[M::process] read chunk (19660800 bytes/CG x 6 CGs, 117964800 bytes)...
[DBG stage1] slow fread: R1 offset=1297601796 requested=117964800 read=117964800 elapsed=1.403 s
[DBG stage1] slow fread: R2 offset=1297601796 requested=117964800 read=117964800 elapsed=1.538 s
[M::mem_process_seqs_merge2] CPE FASTQ formatting done
slave pre done
now n is 1034770
processed 1034770
[M::mem_process_seqs_merge2] Processed 1034770 reads in 3.910 CPU sec, 3.962 real sec
[M::process] read chunk (19660800 bytes/CG x 6 CGs, 117964800 bytes)...
[DBG stage1] slow fread: R1 offset=1415565576 requested=117964800 read=117964800 elapsed=1.365 s
[DBG stage1] slow fread: R2 offset=1415565576 requested=117964800 read=117964800 elapsed=1.349 s
[M::mem_process_seqs_merge2] CPE FASTQ formatting done
slave pre done
now n is 1034770
processed 1034770
[M::mem_process_seqs_merge2] Processed 1034770 reads in 4.140 CPU sec, 4.177 real sec
[M::process] read chunk (19660800 bytes/CG x 6 CGs, 117964800 bytes)...
[DBG stage1] slow fread: R1 offset=1533529356 requested=117964800 read=117964800 elapsed=1.261 s
[DBG stage1] slow fread: R2 offset=1533529356 requested=117964800 read=117964800 elapsed=1.388 s
[M::mem_process_seqs_merge2] CPE FASTQ formatting done
slave pre done
now n is 1034770
processed 1034770
[M::mem_process_seqs_merge2] Processed 1034770 reads in 3.750 CPU sec, 3.769 real sec
[M::process] read chunk (19660800 bytes/CG x 6 CGs, 117964800 bytes)...
[DBG stage1] slow fread: R1 offset=1651493136 requested=117964800 read=117964800 elapsed=1.304 s
[DBG stage1] slow fread: R2 offset=1651493136 requested=117964800 read=117964800 elapsed=1.344 s
[M::mem_process_seqs_merge2] CPE FASTQ formatting done
slave pre done
now n is 1034770
processed 1034770
[M::mem_process_seqs_merge2] Processed 1034770 reads in 3.880 CPU sec, 3.878 real sec
[M::process] read chunk (19660800 bytes/CG x 6 CGs, 117964800 bytes)...
[DBG stage1] slow fread: R1 offset=1769456916 requested=117964800 read=117964800 elapsed=1.266 s
[DBG stage1] slow fread: R2 offset=1769456916 requested=117964800 read=117964800 elapsed=1.462 s
[M::mem_process_seqs_merge2] CPE FASTQ formatting done
slave pre done
now n is 1034770
processed 1034770
[M::mem_process_seqs_merge2] Processed 1034770 reads in 3.600 CPU sec, 3.615 real sec
[M::process] read chunk (19660800 bytes/CG x 6 CGs, 117964800 bytes)...
[DBG stage1] slow fread: R1 offset=1887420696 requested=117964800 read=117964800 elapsed=1.366 s
[DBG stage1] slow fread: R2 offset=1887420696 requested=117964800 read=117964800 elapsed=1.430 s
[M::mem_process_seqs_merge2] CPE FASTQ formatting done
slave pre done
now n is 1034770
processed 1034770
[M::mem_process_seqs_merge2] Processed 1034770 reads in 3.600 CPU sec, 3.613 real sec
[M::process] read chunk (19660800 bytes/CG x 6 CGs, 117964800 bytes)...
[DBG stage1] slow fread: R1 offset=2005384476 requested=117964800 read=117964800 elapsed=1.249 s
[DBG stage1] slow fread: R2 offset=2005384476 requested=117964800 read=117964800 elapsed=1.459 s
[M::mem_process_seqs_merge2] CPE FASTQ formatting done
slave pre done
now n is 1034770
processed 1034770
[M::mem_process_seqs_merge2] Processed 1034770 reads in 3.620 CPU sec, 3.642 real sec
[M::process] read chunk (19660800 bytes/CG x 6 CGs, 117964800 bytes)...
[DBG stage1] slow fread: R1 offset=2123348256 requested=117964800 read=117964800 elapsed=1.358 s
[DBG stage1] slow fread: R2 offset=2123348256 requested=117964800 read=117964800 elapsed=1.285 s
[M::mem_process_seqs_merge2] CPE FASTQ formatting done
slave pre done
now n is 1034770
processed 1034770
[M::mem_process_seqs_merge2] Processed 1034770 reads in 3.780 CPU sec, 3.805 real sec
[M::process] read chunk (19660800 bytes/CG x 6 CGs, 117964800 bytes)...
[DBG stage1] slow fread: R1 offset=2241312036 requested=117964800 read=117964800 elapsed=1.420 s
[DBG stage1] slow fread: R2 offset=2241312036 requested=117964800 read=117964800 elapsed=1.361 s
[M::mem_process_seqs_merge2] CPE FASTQ formatting done
slave pre done
now n is 1022110
processed 1022110
[M::mem_process_seqs_merge2] Processed 1022110 reads in 3.910 CPU sec, 3.914 real sec
[M::process] read chunk (19660800 bytes/CG x 6 CGs, 117964800 bytes)...
[DBG stage1] slow fread: R1 offset=2359276036 requested=117964800 read=117964800 elapsed=1.245 s
[DBG stage1] slow fread: R2 offset=2359276036 requested=117964800 read=117964800 elapsed=1.489 s
[M::mem_process_seqs_merge2] CPE FASTQ formatting done
slave pre done
now n is 1016930
processed 1016930
[M::mem_process_seqs_merge2] Processed 1016930 reads in 3.670 CPU sec, 3.692 real sec
[M::process] read chunk (19660800 bytes/CG x 6 CGs, 117964800 bytes)...
[DBG stage1] slow fread: R1 offset=2477239916 requested=117964800 read=117964800 elapsed=1.407 s
[DBG stage1] slow fread: R2 offset=2477239916 requested=117964800 read=117964800 elapsed=1.438 s
[M::mem_process_seqs_merge2] CPE FASTQ formatting done
slave pre done
now n is 1016930
processed 1016930
[M::mem_process_seqs_merge2] Processed 1016930 reads in 3.630 CPU sec, 3.653 real sec
[M::process] read chunk (19660800 bytes/CG x 6 CGs, 117964800 bytes)...
[DBG stage1] slow fread: R1 offset=2595203796 requested=117964800 read=117964800 elapsed=1.376 s
[DBG stage1] slow fread: R2 offset=2595203796 requested=117964800 read=117964800 elapsed=1.283 s
[M::mem_process_seqs_merge2] CPE FASTQ formatting done
slave pre done
now n is 1016930
processed 1016930
[M::mem_process_seqs_merge2] Processed 1016930 reads in 3.580 CPU sec, 3.595 real sec
[M::process] read chunk (19660800 bytes/CG x 6 CGs, 117964800 bytes)...
[DBG stage1] slow fread: R1 offset=2713167676 requested=117964800 read=117964800 elapsed=1.307 s
[DBG stage1] slow fread: R2 offset=2713167676 requested=117964800 read=117964800 elapsed=1.330 s
[M::mem_process_seqs_merge2] CPE FASTQ formatting done
slave pre done
now n is 1016930
processed 1016930
[M::mem_process_seqs_merge2] Processed 1016930 reads in 3.600 CPU sec, 3.611 real sec
[M::process] read chunk (19660800 bytes/CG x 6 CGs, 117964800 bytes)...
[DBG stage1] slow fread: R1 offset=2831131556 requested=117964800 read=117964800 elapsed=1.392 s
[DBG stage1] slow fread: R2 offset=2831131556 requested=117964800 read=117964800 elapsed=1.465 s
[M::mem_process_seqs_merge2] CPE FASTQ formatting done
slave pre done
now n is 1016930
processed 1016930
[M::mem_process_seqs_merge2] Processed 1016930 reads in 3.650 CPU sec, 3.653 real sec
[M::process] read chunk (19660800 bytes/CG x 6 CGs, 117964800 bytes)...
[DBG stage1] slow fread: R1 offset=2949095436 requested=117964800 read=117964800 elapsed=1.417 s
[DBG stage1] slow fread: R2 offset=2949095436 requested=117964800 read=117964800 elapsed=1.757 s
[M::mem_process_seqs_merge2] CPE FASTQ formatting done
slave pre done
now n is 1016930
processed 1016930
[M::mem_process_seqs_merge2] Processed 1016930 reads in 3.720 CPU sec, 3.744 real sec
[M::process] read chunk (19660800 bytes/CG x 6 CGs, 117964800 bytes)...
[DBG stage1] slow fread: R1 offset=3067059316 requested=117964800 read=117964800 elapsed=1.532 s
[DBG stage1] slow fread: R2 offset=3067059316 requested=117964800 read=117964800 elapsed=1.355 s
[M::mem_process_seqs_merge2] CPE FASTQ formatting done
slave pre done
now n is 1016930
processed 1016930
[M::mem_process_seqs_merge2] Processed 1016930 reads in 3.650 CPU sec, 3.667 real sec
[M::process] read chunk (19660800 bytes/CG x 6 CGs, 117964800 bytes)...
[DBG stage1] slow fread: R1 offset=3185023196 requested=117964800 read=117964800 elapsed=1.474 s
[DBG stage1] slow fread: R2 offset=3185023196 requested=117964800 read=117964800 elapsed=1.462 s
[M::mem_process_seqs_merge2] CPE FASTQ formatting done
slave pre done
now n is 1016930
processed 1016930
[M::mem_process_seqs_merge2] Processed 1016930 reads in 3.670 CPU sec, 3.690 real sec
[M::process] read chunk (19660800 bytes/CG x 6 CGs, 117964800 bytes)...
[DBG stage1] slow fread: R1 offset=3302987076 requested=117964800 read=117964800 elapsed=1.352 s
[DBG stage1] slow fread: R2 offset=3302987076 requested=117964800 read=117964800 elapsed=1.330 s
[M::mem_process_seqs_merge2] CPE FASTQ formatting done
slave pre done
now n is 1016930
processed 1016930
[M::mem_process_seqs_merge2] Processed 1016930 reads in 4.510 CPU sec, 4.512 real sec
[M::process] read chunk (19660800 bytes/CG x 6 CGs, 78330392 bytes)...
[M::mem_process_seqs_merge2] CPE FASTQ formatting done
slave pre done
now n is 675262
processed 675262
[M::mem_process_seqs_merge2] Processed 675262 reads in 10.520 CPU sec, 10.538 real sec

====================== SWBWA Output Debug =====================
  MPI rank: 000000 / 000001
  mode:     non-MPI POSIX
  path:     bigdata_results/cgs_system/has1/ERR1203383_PE.sam

  Output volume
    output buffer capacity                           67108864
    swbwa_output_write calls                        30549360
    submitted SAM bytes                           8029871401
    buffered flushes                                     120
    buffered flush bytes                          8029871401
    direct oversized writes                                0
    direct oversized bytes                                 0

  Buffering
    buffered flush total                       111.950723 s  (120 calls, 932922.692 us/call)

  POSIX file writes
    write system calls                                    120
    write system-call bytes                        8029871401
    POSIX write system calls                   111.950397 s  (120 calls, 932919.978 us/call)
    POSIX write effective bandwidth                68.404 MiB/s

  Output close timing
    POSIX close                                  0.000265 s  (1 calls,   265.500 us/call)
================================================================


======================= SWBWA Timing Report =======================
  Accumulated wall-clock time; indented rows are included in
  their parent row and must not be added to it.

  Pipeline
    total - complete three-stage pipeline                   503.262 s
    stage 1 - allocate and read raw FASTQ blocks            237.780 s
    stage 2 - align reads and generate SAM records          121.190 s
    stage 3 - write SAM and release batch data              143.720 s
      SAM output writes                                       132.712 s
      batch cleanup and loop overhead (derived)                11.008 s

  Stage 1 input details
    batches completed / stage calls                      30 / 31
    input-buffer and batch allocations                        0.000 s  (91 calls, max 0.000 s)
    aggregate requested allocation bytes           6998682608
    FASTQ fseeko calls                                        0.000 s  (60 calls, max 0.000 s)
    FASTQ fread calls                                       237.762 s  (60 calls, max 28.138 s)
    align chunk ends to FASTQ record boundaries               0.000 s  (58 calls, max 0.000 s)
    scheduler, checks and bookkeeping (derived)               0.018 s
    raw FASTQ bytes read                           6998619184  (6674.403 MiB)
    effective fread bandwidth                         28.072 MiB/s
    slowest allocation                                 0.000 s  (64 bytes)
    slowest fread                                     28.138 s  (R1 offset=589819116, bytes=117964800)

  Stage 2 worker details
    total - active merge worker                             121.185 s
      part 1 - prepare CPE task and reusable buffers            0.916 s
      part 2 - CPE FASTQ formatting and input release           0.315 s
      part 3 - CPE alignment and SAM length pass              116.356 s
      part 4 - assign slices in the shared SAM buffer           2.328 s
      part 5 - CPE SAM record generation                        1.264 s
      part 6 - release temporary worker data                    0.000 s

  Reserved allocator timers (no active timing sites)
    malloc timer                                              0.000 s
    free timer                                                0.000 s
===================================================================

[main] Version: 0.0.1
[main] CMD: ./SWBWA mem -v 4 -t 1 -1 -o bigdata_results/cgs_system/has1/ERR1203383_PE.sam -I 170,80,500,1 ../data/GRCh38.d1.vd1.fa ../data/bwa_test_big_data/ERR1203383_1.fastq ../data/bwa_test_big_data/ERR1203383_2.fastq
