[M::main_mem] mean insert size: 170.000, stddev: 80.000, max: 500, min: 1
[CPE input] bytes_per_cg=19660800 cg_count=6 chunk_bytes=117964800 file_bytes=945555584
malloc bwt->bwt 3107576584, 0x580000486040
malloc bwt->sa 1553788264, 0x5800b9823b60
[M::bwa_idx_load_from_disk] read 0 ALT contigs
malloc pac 776894131, 0x580116285940
the input file is ../data/SRR7963242_1.fastq_1
the input file is ../data/SRR7963242_2.fastq_1
the output file is correctness_results/cpe_ldm_opt_20260826/compact_dedup_ldm/SRR7963242_PE.run2.sam
[M::process] read chunk (19660800 bytes/CG x 6 CGs, 117964800 bytes)...
[M::swbwa_cross_runtime_init] initialized cross-segment runtime in 0.069 sec
start swbwa_cross_run
[M::mem_process_seqs_merge2] CPE FASTQ formatting done
start swbwa_cross_run
slave pre done
now n is 629832
start swbwa_cross_run
processed 629832
[M::mem_process_seqs_merge2] Processed 629832 reads in 0.110 CPU sec, 6.837 real sec
[M::process] read chunk (19660800 bytes/CG x 6 CGs, 117964800 bytes)...
start swbwa_cross_run
[M::mem_process_seqs_merge2] CPE FASTQ formatting done
start swbwa_cross_run
slave pre done
now n is 627468
start swbwa_cross_run
processed 627468
[M::mem_process_seqs_merge2] Processed 627468 reads in 0.060 CPU sec, 5.764 real sec
[M::process] read chunk (19660800 bytes/CG x 6 CGs, 117964800 bytes)...
start swbwa_cross_run
[M::mem_process_seqs_merge2] CPE FASTQ formatting done
start swbwa_cross_run
slave pre done
now n is 627468
start swbwa_cross_run
processed 627468
[M::mem_process_seqs_merge2] Processed 627468 reads in 0.050 CPU sec, 5.918 real sec
[M::process] read chunk (19660800 bytes/CG x 6 CGs, 117964800 bytes)...
start swbwa_cross_run
[M::mem_process_seqs_merge2] CPE FASTQ formatting done
start swbwa_cross_run
slave pre done
now n is 622076
start swbwa_cross_run
processed 622076
[M::mem_process_seqs_merge2] Processed 622076 reads in 0.050 CPU sec, 5.450 real sec
[M::process] read chunk (19660800 bytes/CG x 6 CGs, 117964800 bytes)...
start swbwa_cross_run
[M::mem_process_seqs_merge2] CPE FASTQ formatting done
start swbwa_cross_run
slave pre done
now n is 620862
start swbwa_cross_run
processed 620862
[M::mem_process_seqs_merge2] Processed 620862 reads in 0.050 CPU sec, 5.629 real sec
[M::process] read chunk (19660800 bytes/CG x 6 CGs, 117964800 bytes)...
start swbwa_cross_run
[M::mem_process_seqs_merge2] CPE FASTQ formatting done
start swbwa_cross_run
slave pre done
now n is 620862
start swbwa_cross_run
processed 620862
[M::mem_process_seqs_merge2] Processed 620862 reads in 0.050 CPU sec, 5.426 real sec
[M::process] read chunk (19660800 bytes/CG x 6 CGs, 117964800 bytes)...
start swbwa_cross_run
[M::mem_process_seqs_merge2] CPE FASTQ formatting done
start swbwa_cross_run
slave pre done
now n is 620862
start swbwa_cross_run
processed 620862
[M::mem_process_seqs_merge2] Processed 620862 reads in 0.060 CPU sec, 5.601 real sec
[M::process] read chunk (19660800 bytes/CG x 6 CGs, 117964800 bytes)...
start swbwa_cross_run
[M::mem_process_seqs_merge2] CPE FASTQ formatting done
start swbwa_cross_run
slave pre done
now n is 620862
start swbwa_cross_run
processed 620862
[M::mem_process_seqs_merge2] Processed 620862 reads in 0.060 CPU sec, 5.473 real sec
[M::process] read chunk (19660800 bytes/CG x 6 CGs, 1844520 bytes)...
start swbwa_cross_run
[M::mem_process_seqs_merge2] CPE FASTQ formatting done
start swbwa_cross_run
slave pre done
now n is 9708
start swbwa_cross_run
processed 9708
[M::mem_process_seqs_merge2] Processed 9708 reads in 0.010 CPU sec, 0.323 real sec

====================== SWBWA Output Debug =====================
  MPI rank: 000000 / 000001
  mode:     non-MPI POSIX
  path:     correctness_results/cpe_ldm_opt_20260826/compact_dedup_ldm/SRR7963242_PE.run2.sam

  Output volume
    output buffer capacity                           67108864
    swbwa_output_write calls                         5000000
    submitted SAM bytes                           2107655733
    buffered flushes                                      32
    buffered flush bytes                          2107655733
    direct oversized writes                                0
    direct oversized bytes                                 0

  Buffering
    buffered flush total                        29.997526 s  (32 calls, 937422.692 us/call)

  POSIX file writes
    write system calls                                     32
    write system-call bytes                        2107655733
    POSIX write system calls                    29.997432 s  (32 calls, 937419.742 us/call)
    POSIX write effective bandwidth                67.006 MiB/s

  Output close timing
    POSIX close                                  0.000288 s  (1 calls,   287.603 us/call)
================================================================


================ SWBWA CPE Profile (LWPF) ================
  sampled CG: 5 (64 CPEs)
  counters: cycle, instructions, global loads/stores,
            D-cache accesses/misses, memory-barrier waits,
            instruction-buffer-empty cycles
  values: average | minimum | maximum across sampled CPEs

LWPF kernel summary for unit SWBWA
+-----------------+-----------------+-----------------+-----------------+-----------------+-----------------+-----------------+-----------------+-----------------+
|                 |                 |                 |                 |                 |                 |                 |                 |       CYC       |
|     KERNEL      |      CYCLE      |      INST       |       GLD       |       GST       |  DCACHE ACCESS  |   DCACHE MISS   |  CYC MEMB WAIT  | INSTBUFFEREMPTY |
|                 |                 |                 |                 |                 |                 |                 |                 |                 |
+-----------------+-----------------+-----------------+-----------------+-----------------+-----------------+-----------------+-----------------+-----------------+
|WORKER ALIGNMENT |  96G|  95G|  97G|  65G|  64G|  66G|6484.|5951.|7067.|   0.|   0.|   0.|6397M|6250M|6566M|  23M|  22M|  25M|  50.|   0.|3224.|  11G|  10G|  11G|
|    MEM CHAIN    |  25G|  23G|  27G|  12G|  11G|  12G|   0.|   0.|   0.|   0.|   0.|   0.| 592M| 554M| 631M|  21M|  20M|  22M|   0.|   0.|   0.|3961M|3712M|4222M|
|  CHAIN FILTER   |3833M|3228M|4781M|1677M|1464M|1924M|   0.|   0.|   0.|   0.|   0.|   0.| 417M| 364M| 479M| 664K| 222K|1538K|   0.|   0.|   0.| 422M| 391M| 456M|
| CHAIN EXTENSION |  22G|  20G|  23G|  18G|  17G|  20G|   0.|   0.|   0.|   0.|   0.|   0.|2694M|2540M|2889M| 732K| 674K| 834K|   0.|   0.|   0.|2278M|2202M|2354M|
| ALIGNMENT...... |1346M|1252M|1496M| 705M| 646M| 843M|   0.|   0.|   0.|   0.|   0.|   0.| 110M| 100M| 138M|1730.| 913.|3608.|   0.|   0.|   0.| 260M| 249M| 267M|
|   MATE RESCUE   |  40G|  38G|  43G|  31G|  30G|  33G|   0.|   0.|   0.|   0.|   0.|   0.|2348M|2247M|2482M| 558K| 288K|1187K|   0.|   0.|   0.|2577M|2316M|2890M|
|     PAIRING     | 256M| 246M| 286M|  88M|  84M|  98M|   0.|   0.|   0.|   0.|   0.|   0.|  16M|  15M|  17M|  30K|  26K|  40K|   0.|   0.|   0.|  91M|  86M|  96M|
|   SAM FORMAT    |  43G|  41G|  46G|  33G|  31G|  34G|   0.|   0.|   0.|   0.|   0.|   0.|2577M|2484M|2702M| 764K| 498K|1402K|   0.|   0.|   0.|3529M|3283M|3791M|
|    SAM COPY     | 176M| 165M| 184M|  12M|  11M|  13M|   0.|   0.|   0.|   0.|   0.|   0.|2307K|2111K|2478K|  81K|  75K|  88K|   0.|   0.|   0.|2287K|2105K|2490K|
| MEM CHAIN...... |  11G|  10G|  12G|6759M|6216M|7315M|   0.|   0.|   0.|   0.|   0.|   0.| 264M| 242M| 286M|9855K|9110K|  11M|   0.|   0.|   0.|1478M|1363M|1602M|
| MEM CHAIN BUILD |  14G|  13G|  15G|4818M|4459M|5179M|   0.|   0.|   0.|   0.|   0.|   0.| 327M| 308M| 344M|  11M|  10M|  12M|   0.|   0.|   0.|2379M|2241M|2508M|
|CHAIN EXTENSION..|  17G|  16G|  19G|  17G|  16G|  18G|   0.|   0.|   0.|   0.|   0.|   0.|2452M|2300M|2648M| 129K| 112K| 160K|   0.|   0.|   0.| 843M| 798M| 895M|
| MATE REF FETCH  | 294M| 273M| 311M| 217M| 200M| 229M|   0.|   0.|   0.|   0.|   0.|   0.|  33M|  31M|  35M|  38K|  35K|  41K|   0.|   0.|   0.|5255K|4869K|5608K|
| MATE KSW ALIGN  |  32G|  30G|  33G|  27G|  26G|  28G|   0.|   0.|   0.|   0.|   0.|   0.|1939M|1825M|2029M|  25K|  20K|  41K|   0.|   0.|   0.|1002M| 941M|1043M|
|KSW QUERY INIT...| 573M| 529M| 605M| 319M| 295M| 337M|   0.|   0.|   0.|   0.|   0.|   0.|  37M|  34M|  39M| 142.| 110.| 214.|   0.|   0.|   0.|  76M|  70M|  81M|
| KSW DP FORWARD  |  24G|  22G|  25G|  21G|  20G|  22G|   0.|   0.|   0.|   0.|   0.|   0.|1452M|1367M|1528M|  22K|  16K|  34K|   0.|   0.|   0.| 721M| 678M| 751M|
|KSW QUERY INIT...| 380M| 352M| 404M| 206M| 191M| 220M|   0.|   0.|   0.|   0.|   0.|   0.|  24M|  22M|  26M|   7.|   0.|  88.|   0.|   0.|   0.|  58M|  54M|  61M|
| KSW DP REVERSE  |6797M|6224M|7167M|5379M|4929M|5671M|   0.|   0.|   0.|   0.|   0.|   0.| 384M| 352M| 405M|   4.|   0.|  26.|   0.|   0.|   0.| 141M| 131M| 148M|
|   MATE DEDUP    |7578M|6349M|9041M|3561M|3030M|4192M|   0.|   0.|   0.|   0.|   0.|   0.| 321M| 251M| 397M| 284K|  42K| 893K|   0.|   0.|   0.|1352M|1127M|1642M|
| DEDUP SORT END  |2570M|2161M|3051M|1349M|1152M|1587M|   0.|   0.|   0.|   0.|   0.|   0.| 110M|  85M| 138M| 127K|  22K| 378K|   0.|   0.|   0.| 349M| 294M| 417M|
|DEDUP REDUNDANCY | 849M| 682M|1041M| 439M| 353M| 534M|   0.|   0.|   0.|   0.|   0.|   0.|  76M|  61M|  91M|  12K| 991.|  47K|   0.|   0.|   0.| 155M| 126M| 187M|
|DEDUP SORT SCORE |4124M|3434M|4971M|1760M|1493M|2084M|   0.|   0.|   0.|   0.|   0.|   0.| 135M| 105M| 168M| 139K|  17K| 454K|   0.|   0.|   0.| 842M| 685M|1040M|
=============================================================

======================= SWBWA Timing Report =======================
  Accumulated wall-clock time; indented rows are included in
  their parent row and must not be added to it.

  Pipeline
    total - complete three-stage pipeline                    95.807 s
    stage 1 - allocate and read raw FASTQ blocks             13.841 s
    stage 2 - align reads and generate SAM records           46.426 s
    stage 3 - write SAM and release batch data               35.144 s
      SAM output writes                                        33.349 s
      batch cleanup and loop overhead (derived)                 1.795 s

  Stage 1 input details
    batches completed / stage calls                       9 / 10
    input-buffer and batch allocations                        0.000 s  (28 calls, max 0.000 s)
    aggregate requested allocation bytes           1891144912
    FASTQ fseeko calls                                        0.000 s  (18 calls, max 0.000 s)
    FASTQ fread calls                                        13.836 s  (18 calls, max 0.961 s)
    align chunk ends to FASTQ record boundaries               0.000 s  (16 calls, max 0.000 s)
    scheduler, checks and bookkeeping (derived)               0.004 s
    raw FASTQ bytes read                           1891125840  (1803.518 MiB)
    effective fread bandwidth                        130.350 MiB/s
    slowest allocation                                 0.000 s  (64 bytes)
    slowest fread                                      0.961 s  (R2 offset=235927980, bytes=117964800)

  Stage 2 worker details
    total - active merge worker                              46.421 s
      part 1 - prepare CPE task and reusable buffers            0.187 s
      part 2 - CPE FASTQ formatting and input release           0.137 s
      part 3 - CPE alignment and SAM length pass               45.527 s
      part 4 - assign slices in the shared SAM buffer           0.384 s
      part 5 - CPE SAM record generation                        0.182 s
      part 6 - release temporary worker data                    0.000 s

  Reserved allocator timers (no active timing sites)
    malloc timer                                              0.000 s
    free timer                                                0.000 s
===================================================================

[main] Version: 0.0.1
[main] CMD: ./SWBWA mem -v 4 -t 1 -1 -o correctness_results/cpe_ldm_opt_20260826/compact_dedup_ldm/SRR7963242_PE.run2.sam -I 170,80,500,1 ../data/GRCh38.d1.vd1.fa ../data/SRR7963242_1.fastq_1 ../data/SRR7963242_2.fastq_1
