[M::main_mem] mean insert size: 170.000, stddev: 80.000, max: 500, min: 1
[CPE input] bytes_per_cg=1048576 cg_count=1 chunk_bytes=1048576 file_bytes=223555584
malloc bwt->bwt 3107576584, 0x500002429500
malloc bwt->sa 1553788264, 0x5000bb7c7020
[M::bwa_idx_load_from_disk] read 0 ALT contigs
malloc pac 776894131, 0x500118228940
the input file is ../data/ERR1203383_1.fastq_1
the output file is /dev/null
[M::process] read chunk (1048576 bytes/CG x 1 CGs, 1048576 bytes)...
[M::mem_process_seqs_merge2] CPE FASTQ formatting done
slave pre done
now n is 4871
processed 4871
[M::mem_process_seqs_merge2] Processed 4871 reads in 0.570 CPU sec, 0.571 real sec
[M::process] read chunk (1048576 bytes/CG x 1 CGs, 1048576 bytes)...
[M::mem_process_seqs_merge2] CPE FASTQ formatting done
slave pre done
now n is 4850
processed 4850
[M::mem_process_seqs_merge2] Processed 4850 reads in 0.050 CPU sec, 0.049 real sec
[M::process] read chunk (1048576 bytes/CG x 1 CGs, 1048576 bytes)...
[M::mem_process_seqs_merge2] CPE FASTQ formatting done
slave pre done
now n is 4767
processed 4767
[M::mem_process_seqs_merge2] Processed 4767 reads in 0.040 CPU sec, 0.041 real sec
[M::process] read chunk (1048576 bytes/CG x 1 CGs, 1048576 bytes)...
[M::mem_process_seqs_merge2] CPE FASTQ formatting done
slave pre done
now n is 4762
processed 4762
[M::mem_process_seqs_merge2] Processed 4762 reads in 0.040 CPU sec, 0.042 real sec
[M::process] read chunk (1048576 bytes/CG x 1 CGs, 1048576 bytes)...
[M::mem_process_seqs_merge2] CPE FASTQ formatting done
slave pre done
now n is 4762
processed 4762
[M::mem_process_seqs_merge2] Processed 4762 reads in 0.050 CPU sec, 0.050 real sec
[M::process] read chunk (1048576 bytes/CG x 1 CGs, 1048576 bytes)...
[M::mem_process_seqs_merge2] CPE FASTQ formatting done
slave pre done
now n is 4762
processed 4762
[M::mem_process_seqs_merge2] Processed 4762 reads in 0.070 CPU sec, 0.073 real sec
[M::process] read chunk (1048576 bytes/CG x 1 CGs, 1048576 bytes)...
[M::mem_process_seqs_merge2] CPE FASTQ formatting done
slave pre done
now n is 4762
processed 4762
[M::mem_process_seqs_merge2] Processed 4762 reads in 0.070 CPU sec, 0.063 real sec
[M::process] read chunk (1048576 bytes/CG x 1 CGs, 1048576 bytes)...
[M::mem_process_seqs_merge2] CPE FASTQ formatting done
slave pre done
now n is 4762
processed 4762
[M::mem_process_seqs_merge2] Processed 4762 reads in 0.050 CPU sec, 0.043 real sec
[M::process] read chunk (1048576 bytes/CG x 1 CGs, 1048576 bytes)...
[M::mem_process_seqs_merge2] CPE FASTQ formatting done
slave pre done
now n is 4762
processed 4762
[M::mem_process_seqs_merge2] Processed 4762 reads in 0.050 CPU sec, 0.045 real sec
[M::process] read chunk (1048576 bytes/CG x 1 CGs, 1048576 bytes)...
[M::mem_process_seqs_merge2] CPE FASTQ formatting done
slave pre done
now n is 4762
processed 4762
[M::mem_process_seqs_merge2] Processed 4762 reads in 0.050 CPU sec, 0.043 real sec
[M::process] read chunk (1048576 bytes/CG x 1 CGs, 1048576 bytes)...
[M::mem_process_seqs_merge2] CPE FASTQ formatting done
slave pre done
now n is 4762
processed 4762
[M::mem_process_seqs_merge2] Processed 4762 reads in 0.060 CPU sec, 0.057 real sec
[M::process] read chunk (1048576 bytes/CG x 1 CGs, 1048576 bytes)...
[M::mem_process_seqs_merge2] CPE FASTQ formatting done
slave pre done
now n is 4762
processed 4762
[M::mem_process_seqs_merge2] Processed 4762 reads in 0.060 CPU sec, 0.059 real sec
[M::process] read chunk (1048576 bytes/CG x 1 CGs, 1048576 bytes)...
[M::mem_process_seqs_merge2] CPE FASTQ formatting done
slave pre done
now n is 4762
processed 4762
[M::mem_process_seqs_merge2] Processed 4762 reads in 0.050 CPU sec, 0.046 real sec
[M::process] read chunk (1048576 bytes/CG x 1 CGs, 1048576 bytes)...
[M::mem_process_seqs_merge2] CPE FASTQ formatting done
slave pre done
now n is 4762
processed 4762
[M::mem_process_seqs_merge2] Processed 4762 reads in 0.050 CPU sec, 0.051 real sec
[M::process] read chunk (1048576 bytes/CG x 1 CGs, 1048576 bytes)...
[M::mem_process_seqs_merge2] CPE FASTQ formatting done
slave pre done
now n is 4762
processed 4762
[M::mem_process_seqs_merge2] Processed 4762 reads in 0.050 CPU sec, 0.050 real sec
[M::process] read chunk (1048576 bytes/CG x 1 CGs, 1048576 bytes)...
[M::mem_process_seqs_merge2] CPE FASTQ formatting done
slave pre done
now n is 4762
processed 4762
[M::mem_process_seqs_merge2] Processed 4762 reads in 0.060 CPU sec, 0.056 real sec
[M::process] read chunk (1048576 bytes/CG x 1 CGs, 1048576 bytes)...
[M::mem_process_seqs_merge2] CPE FASTQ formatting done
slave pre done
now n is 4762
processed 4762
[M::mem_process_seqs_merge2] Processed 4762 reads in 0.070 CPU sec, 0.071 real sec
[M::process] read chunk (1048576 bytes/CG x 1 CGs, 1048576 bytes)...
[M::mem_process_seqs_merge2] CPE FASTQ formatting done
slave pre done
now n is 4762
processed 4762
[M::mem_process_seqs_merge2] Processed 4762 reads in 0.070 CPU sec, 0.065 real sec
[M::process] read chunk (1048576 bytes/CG x 1 CGs, 1048576 bytes)...
[M::mem_process_seqs_merge2] CPE FASTQ formatting done
slave pre done
now n is 4762
processed 4762
[M::mem_process_seqs_merge2] Processed 4762 reads in 0.050 CPU sec, 0.051 real sec
[M::process] read chunk (1048576 bytes/CG x 1 CGs, 1048576 bytes)...
[M::mem_process_seqs_merge2] CPE FASTQ formatting done
slave pre done
now n is 4762
processed 4762
[M::mem_process_seqs_merge2] Processed 4762 reads in 0.090 CPU sec, 0.086 real sec
[M::process] read chunk (1048576 bytes/CG x 1 CGs, 1048576 bytes)...
[M::mem_process_seqs_merge2] CPE FASTQ formatting done
slave pre done
now n is 4758
processed 4758
[M::mem_process_seqs_merge2] Processed 4758 reads in 0.050 CPU sec, 0.046 real sec
[M::process] read chunk (1048576 bytes/CG x 1 CGs, 1048576 bytes)...
[M::mem_process_seqs_merge2] CPE FASTQ formatting done
slave pre done
now n is 4677
processed 4677
[M::mem_process_seqs_merge2] Processed 4677 reads in 0.040 CPU sec, 0.048 real sec
[M::process] read chunk (1048576 bytes/CG x 1 CGs, 1048576 bytes)...
[M::mem_process_seqs_merge2] CPE FASTQ formatting done
slave pre done
now n is 4677
processed 4677
[M::mem_process_seqs_merge2] Processed 4677 reads in 0.050 CPU sec, 0.046 real sec
[M::process] read chunk (1048576 bytes/CG x 1 CGs, 1048576 bytes)...
[M::mem_process_seqs_merge2] CPE FASTQ formatting done
slave pre done
now n is 4677
processed 4677
[M::mem_process_seqs_merge2] Processed 4677 reads in 0.050 CPU sec, 0.048 real sec
[M::process] read chunk (1048576 bytes/CG x 1 CGs, 1048576 bytes)...
[M::mem_process_seqs_merge2] CPE FASTQ formatting done
slave pre done
now n is 4677
processed 4677
[M::mem_process_seqs_merge2] Processed 4677 reads in 0.060 CPU sec, 0.057 real sec
[M::process] read chunk (1048576 bytes/CG x 1 CGs, 1048576 bytes)...
[M::mem_process_seqs_merge2] CPE FASTQ formatting done
slave pre done
now n is 4677
processed 4677
[M::mem_process_seqs_merge2] Processed 4677 reads in 0.050 CPU sec, 0.044 real sec
[M::process] read chunk (1048576 bytes/CG x 1 CGs, 1048576 bytes)...
[M::mem_process_seqs_merge2] CPE FASTQ formatting done
slave pre done
now n is 4677
processed 4677
[M::mem_process_seqs_merge2] Processed 4677 reads in 0.060 CPU sec, 0.058 real sec
[M::process] read chunk (1048576 bytes/CG x 1 CGs, 1048576 bytes)...
[M::mem_process_seqs_merge2] CPE FASTQ formatting done
slave pre done
now n is 4677
processed 4677
[M::mem_process_seqs_merge2] Processed 4677 reads in 0.080 CPU sec, 0.084 real sec
[M::process] read chunk (1048576 bytes/CG x 1 CGs, 1048576 bytes)...
[M::mem_process_seqs_merge2] CPE FASTQ formatting done
slave pre done
now n is 4677
processed 4677
[M::mem_process_seqs_merge2] Processed 4677 reads in 0.070 CPU sec, 0.072 real sec
[M::process] read chunk (1048576 bytes/CG x 1 CGs, 1048576 bytes)...
[M::mem_process_seqs_merge2] CPE FASTQ formatting done
slave pre done
now n is 4677
processed 4677
[M::mem_process_seqs_merge2] Processed 4677 reads in 0.060 CPU sec, 0.062 real sec
[M::process] read chunk (1048576 bytes/CG x 1 CGs, 1048576 bytes)...
[M::mem_process_seqs_merge2] CPE FASTQ formatting done
slave pre done
now n is 4677
processed 4677
[M::mem_process_seqs_merge2] Processed 4677 reads in 0.050 CPU sec, 0.052 real sec
[M::process] read chunk (1048576 bytes/CG x 1 CGs, 1048576 bytes)...
[M::mem_process_seqs_merge2] CPE FASTQ formatting done
slave pre done
now n is 4677
processed 4677
[M::mem_process_seqs_merge2] Processed 4677 reads in 0.040 CPU sec, 0.043 real sec
[M::process] read chunk (1048576 bytes/CG x 1 CGs, 1048576 bytes)...
[M::mem_process_seqs_merge2] CPE FASTQ formatting done
slave pre done
now n is 4677
processed 4677
[M::mem_process_seqs_merge2] Processed 4677 reads in 0.070 CPU sec, 0.066 real sec
[M::process] read chunk (1048576 bytes/CG x 1 CGs, 1048576 bytes)...
[M::mem_process_seqs_merge2] CPE FASTQ formatting done
slave pre done
now n is 4677
processed 4677
[M::mem_process_seqs_merge2] Processed 4677 reads in 0.060 CPU sec, 0.062 real sec
[M::process] read chunk (1048576 bytes/CG x 1 CGs, 1048576 bytes)...
[M::mem_process_seqs_merge2] CPE FASTQ formatting done
slave pre done
now n is 4677
processed 4677
[M::mem_process_seqs_merge2] Processed 4677 reads in 0.070 CPU sec, 0.072 real sec
[M::process] read chunk (1048576 bytes/CG x 1 CGs, 1048576 bytes)...
[M::mem_process_seqs_merge2] CPE FASTQ formatting done
slave pre done
now n is 4677
processed 4677
[M::mem_process_seqs_merge2] Processed 4677 reads in 0.090 CPU sec, 0.091 real sec
[M::process] read chunk (1048576 bytes/CG x 1 CGs, 1048576 bytes)...
[M::mem_process_seqs_merge2] CPE FASTQ formatting done
slave pre done
now n is 4677
processed 4677
[M::mem_process_seqs_merge2] Processed 4677 reads in 0.050 CPU sec, 0.048 real sec
[M::process] read chunk (1048576 bytes/CG x 1 CGs, 1048576 bytes)...
[M::mem_process_seqs_merge2] CPE FASTQ formatting done
slave pre done
now n is 4677
processed 4677
[M::mem_process_seqs_merge2] Processed 4677 reads in 0.060 CPU sec, 0.053 real sec
[M::process] read chunk (1048576 bytes/CG x 1 CGs, 1048576 bytes)...
[M::mem_process_seqs_merge2] CPE FASTQ formatting done
slave pre done
now n is 4677
processed 4677
[M::mem_process_seqs_merge2] Processed 4677 reads in 0.070 CPU sec, 0.072 real sec
[M::process] read chunk (1048576 bytes/CG x 1 CGs, 1048576 bytes)...
[M::mem_process_seqs_merge2] CPE FASTQ formatting done
slave pre done
now n is 4677
processed 4677
[M::mem_process_seqs_merge2] Processed 4677 reads in 0.040 CPU sec, 0.043 real sec
[M::process] read chunk (1048576 bytes/CG x 1 CGs, 1048576 bytes)...
[M::mem_process_seqs_merge2] CPE FASTQ formatting done
slave pre done
now n is 4677
processed 4677
[M::mem_process_seqs_merge2] Processed 4677 reads in 0.060 CPU sec, 0.055 real sec
[M::process] read chunk (1048576 bytes/CG x 1 CGs, 1048576 bytes)...
[M::mem_process_seqs_merge2] CPE FASTQ formatting done
slave pre done
now n is 4677
processed 4677
[M::mem_process_seqs_merge2] Processed 4677 reads in 0.080 CPU sec, 0.078 real sec
[M::process] read chunk (1048576 bytes/CG x 1 CGs, 1048576 bytes)...
[M::mem_process_seqs_merge2] CPE FASTQ formatting done
slave pre done
now n is 4677
processed 4677
[M::mem_process_seqs_merge2] Processed 4677 reads in 0.040 CPU sec, 0.045 real sec
[M::process] read chunk (1048576 bytes/CG x 1 CGs, 1048576 bytes)...
[M::mem_process_seqs_merge2] CPE FASTQ formatting done
slave pre done
now n is 4677
processed 4677
[M::mem_process_seqs_merge2] Processed 4677 reads in 0.070 CPU sec, 0.072 real sec
[M::process] read chunk (1048576 bytes/CG x 1 CGs, 1048576 bytes)...
[M::mem_process_seqs_merge2] CPE FASTQ formatting done
slave pre done
now n is 4677
processed 4677
[M::mem_process_seqs_merge2] Processed 4677 reads in 0.040 CPU sec, 0.045 real sec
[M::process] read chunk (1048576 bytes/CG x 1 CGs, 1048576 bytes)...
[M::mem_process_seqs_merge2] CPE FASTQ formatting done
slave pre done
now n is 4677
processed 4677
[M::mem_process_seqs_merge2] Processed 4677 reads in 0.050 CPU sec, 0.049 real sec
[M::process] read chunk (1048576 bytes/CG x 1 CGs, 1048576 bytes)...
[M::mem_process_seqs_merge2] CPE FASTQ formatting done
slave pre done
now n is 4677
processed 4677
[M::mem_process_seqs_merge2] Processed 4677 reads in 0.060 CPU sec, 0.060 real sec
[M::process] read chunk (1048576 bytes/CG x 1 CGs, 1048576 bytes)...
[M::mem_process_seqs_merge2] CPE FASTQ formatting done
slave pre done
now n is 4677
processed 4677
[M::mem_process_seqs_merge2] Processed 4677 reads in 0.050 CPU sec, 0.055 real sec
[M::process] read chunk (1048576 bytes/CG x 1 CGs, 1048576 bytes)...
[M::mem_process_seqs_merge2] CPE FASTQ formatting done
slave pre done
now n is 4677
processed 4677
[M::mem_process_seqs_merge2] Processed 4677 reads in 0.080 CPU sec, 0.074 real sec
[M::process] read chunk (1048576 bytes/CG x 1 CGs, 1048576 bytes)...
[M::mem_process_seqs_merge2] CPE FASTQ formatting done
slave pre done
now n is 4677
processed 4677
[M::mem_process_seqs_merge2] Processed 4677 reads in 0.080 CPU sec, 0.075 real sec
[M::process] read chunk (1048576 bytes/CG x 1 CGs, 1048576 bytes)...
[M::mem_process_seqs_merge2] CPE FASTQ formatting done
slave pre done
now n is 4677
processed 4677
[M::mem_process_seqs_merge2] Processed 4677 reads in 0.070 CPU sec, 0.065 real sec
[M::process] read chunk (1048576 bytes/CG x 1 CGs, 1048576 bytes)...
[M::mem_process_seqs_merge2] CPE FASTQ formatting done
slave pre done
now n is 4677
processed 4677
[M::mem_process_seqs_merge2] Processed 4677 reads in 0.070 CPU sec, 0.068 real sec
[M::process] read chunk (1048576 bytes/CG x 1 CGs, 1048576 bytes)...
[M::mem_process_seqs_merge2] CPE FASTQ formatting done
slave pre done
now n is 4677
processed 4677
[M::mem_process_seqs_merge2] Processed 4677 reads in 0.050 CPU sec, 0.049 real sec
[M::process] read chunk (1048576 bytes/CG x 1 CGs, 1048576 bytes)...
[M::mem_process_seqs_merge2] CPE FASTQ formatting done
slave pre done
now n is 4677
processed 4677
[M::mem_process_seqs_merge2] Processed 4677 reads in 0.050 CPU sec, 0.050 real sec
[M::process] read chunk (1048576 bytes/CG x 1 CGs, 1048576 bytes)...
[M::mem_process_seqs_merge2] CPE FASTQ formatting done
slave pre done
now n is 4677
processed 4677
[M::mem_process_seqs_merge2] Processed 4677 reads in 0.050 CPU sec, 0.047 real sec
[M::process] read chunk (1048576 bytes/CG x 1 CGs, 1048576 bytes)...
[M::mem_process_seqs_merge2] CPE FASTQ formatting done
slave pre done
now n is 4677
processed 4677
[M::mem_process_seqs_merge2] Processed 4677 reads in 0.070 CPU sec, 0.063 real sec
[M::process] read chunk (1048576 bytes/CG x 1 CGs, 1048576 bytes)...
[M::mem_process_seqs_merge2] CPE FASTQ formatting done
slave pre done
now n is 4677
processed 4677
[M::mem_process_seqs_merge2] Processed 4677 reads in 0.050 CPU sec, 0.052 real sec
[M::process] read chunk (1048576 bytes/CG x 1 CGs, 1048576 bytes)...
[M::mem_process_seqs_merge2] CPE FASTQ formatting done
slave pre done
now n is 4677
processed 4677
[M::mem_process_seqs_merge2] Processed 4677 reads in 0.050 CPU sec, 0.042 real sec
[M::process] read chunk (1048576 bytes/CG x 1 CGs, 1048576 bytes)...
[M::mem_process_seqs_merge2] CPE FASTQ formatting done
slave pre done
now n is 4677
processed 4677
[M::mem_process_seqs_merge2] Processed 4677 reads in 0.050 CPU sec, 0.054 real sec
[M::process] read chunk (1048576 bytes/CG x 1 CGs, 1048576 bytes)...
[M::mem_process_seqs_merge2] CPE FASTQ formatting done
slave pre done
now n is 4677
processed 4677
[M::mem_process_seqs_merge2] Processed 4677 reads in 0.060 CPU sec, 0.056 real sec
[M::process] read chunk (1048576 bytes/CG x 1 CGs, 1048576 bytes)...
[M::mem_process_seqs_merge2] CPE FASTQ formatting done
slave pre done
now n is 4677
processed 4677
[M::mem_process_seqs_merge2] Processed 4677 reads in 0.050 CPU sec, 0.053 real sec
[M::process] read chunk (1048576 bytes/CG x 1 CGs, 1048576 bytes)...
[M::mem_process_seqs_merge2] CPE FASTQ formatting done
slave pre done
now n is 4677
processed 4677
[M::mem_process_seqs_merge2] Processed 4677 reads in 0.060 CPU sec, 0.056 real sec
[M::process] read chunk (1048576 bytes/CG x 1 CGs, 1048576 bytes)...
[M::mem_process_seqs_merge2] CPE FASTQ formatting done
slave pre done
now n is 4677
processed 4677
[M::mem_process_seqs_merge2] Processed 4677 reads in 0.090 CPU sec, 0.089 real sec
[M::process] read chunk (1048576 bytes/CG x 1 CGs, 1048576 bytes)...
[M::mem_process_seqs_merge2] CPE FASTQ formatting done
slave pre done
now n is 4677
processed 4677
[M::mem_process_seqs_merge2] Processed 4677 reads in 0.070 CPU sec, 0.066 real sec
[M::process] read chunk (1048576 bytes/CG x 1 CGs, 1048576 bytes)...
[M::mem_process_seqs_merge2] CPE FASTQ formatting done
slave pre done
now n is 4677
processed 4677
[M::mem_process_seqs_merge2] Processed 4677 reads in 0.040 CPU sec, 0.043 real sec
[M::process] read chunk (1048576 bytes/CG x 1 CGs, 1048576 bytes)...
[M::mem_process_seqs_merge2] CPE FASTQ formatting done
slave pre done
now n is 4677
processed 4677
[M::mem_process_seqs_merge2] Processed 4677 reads in 0.050 CPU sec, 0.054 real sec
[M::process] read chunk (1048576 bytes/CG x 1 CGs, 1048576 bytes)...
[M::mem_process_seqs_merge2] CPE FASTQ formatting done
slave pre done
now n is 4677
processed 4677
[M::mem_process_seqs_merge2] Processed 4677 reads in 0.040 CPU sec, 0.044 real sec
[M::process] read chunk (1048576 bytes/CG x 1 CGs, 1048576 bytes)...
[M::mem_process_seqs_merge2] CPE FASTQ formatting done
slave pre done
now n is 4677
processed 4677
[M::mem_process_seqs_merge2] Processed 4677 reads in 0.070 CPU sec, 0.069 real sec
[M::process] read chunk (1048576 bytes/CG x 1 CGs, 1048576 bytes)...
[M::mem_process_seqs_merge2] CPE FASTQ formatting done
slave pre done
now n is 4677
processed 4677
[M::mem_process_seqs_merge2] Processed 4677 reads in 0.050 CPU sec, 0.055 real sec
[M::process] read chunk (1048576 bytes/CG x 1 CGs, 1048576 bytes)...
[M::mem_process_seqs_merge2] CPE FASTQ formatting done
slave pre done
now n is 4677
processed 4677
[M::mem_process_seqs_merge2] Processed 4677 reads in 0.050 CPU sec, 0.043 real sec
[M::process] read chunk (1048576 bytes/CG x 1 CGs, 1048576 bytes)...
[M::mem_process_seqs_merge2] CPE FASTQ formatting done
slave pre done
now n is 4677
processed 4677
[M::mem_process_seqs_merge2] Processed 4677 reads in 0.060 CPU sec, 0.060 real sec
[M::process] read chunk (1048576 bytes/CG x 1 CGs, 1048576 bytes)...
[M::mem_process_seqs_merge2] CPE FASTQ formatting done
slave pre done
now n is 4677
processed 4677
[M::mem_process_seqs_merge2] Processed 4677 reads in 0.050 CPU sec, 0.049 real sec
[M::process] read chunk (1048576 bytes/CG x 1 CGs, 1048576 bytes)...
[M::mem_process_seqs_merge2] CPE FASTQ formatting done
slave pre done
now n is 4677
processed 4677
[M::mem_process_seqs_merge2] Processed 4677 reads in 0.050 CPU sec, 0.049 real sec
[M::process] read chunk (1048576 bytes/CG x 1 CGs, 1048576 bytes)...
[M::mem_process_seqs_merge2] CPE FASTQ formatting done
slave pre done
now n is 4677
processed 4677
[M::mem_process_seqs_merge2] Processed 4677 reads in 0.050 CPU sec, 0.051 real sec
[M::process] read chunk (1048576 bytes/CG x 1 CGs, 1048576 bytes)...
[M::mem_process_seqs_merge2] CPE FASTQ formatting done
slave pre done
now n is 4677
processed 4677
[M::mem_process_seqs_merge2] Processed 4677 reads in 0.050 CPU sec, 0.053 real sec
[M::process] read chunk (1048576 bytes/CG x 1 CGs, 1048576 bytes)...
[M::mem_process_seqs_merge2] CPE FASTQ formatting done
slave pre done
now n is 4677
processed 4677
[M::mem_process_seqs_merge2] Processed 4677 reads in 0.040 CPU sec, 0.048 real sec
[M::process] read chunk (1048576 bytes/CG x 1 CGs, 1048576 bytes)...
[M::mem_process_seqs_merge2] CPE FASTQ formatting done
slave pre done
now n is 4677
processed 4677
[M::mem_process_seqs_merge2] Processed 4677 reads in 0.050 CPU sec, 0.049 real sec
[M::process] read chunk (1048576 bytes/CG x 1 CGs, 1048576 bytes)...
[M::mem_process_seqs_merge2] CPE FASTQ formatting done
slave pre done
now n is 4677
processed 4677
[M::mem_process_seqs_merge2] Processed 4677 reads in 0.050 CPU sec, 0.051 real sec
[M::process] read chunk (1048576 bytes/CG x 1 CGs, 1048576 bytes)...
[M::mem_process_seqs_merge2] CPE FASTQ formatting done
slave pre done
now n is 4677
processed 4677
[M::mem_process_seqs_merge2] Processed 4677 reads in 0.060 CPU sec, 0.061 real sec
[M::process] read chunk (1048576 bytes/CG x 1 CGs, 1048576 bytes)...
[M::mem_process_seqs_merge2] CPE FASTQ formatting done
slave pre done
now n is 4677
processed 4677
[M::mem_process_seqs_merge2] Processed 4677 reads in 0.050 CPU sec, 0.048 real sec
[M::process] read chunk (1048576 bytes/CG x 1 CGs, 1048576 bytes)...
[M::mem_process_seqs_merge2] CPE FASTQ formatting done
slave pre done
now n is 4677
processed 4677
[M::mem_process_seqs_merge2] Processed 4677 reads in 0.050 CPU sec, 0.044 real sec
[M::process] read chunk (1048576 bytes/CG x 1 CGs, 1048576 bytes)...
[M::mem_process_seqs_merge2] CPE FASTQ formatting done
slave pre done
now n is 4677
processed 4677
[M::mem_process_seqs_merge2] Processed 4677 reads in 0.050 CPU sec, 0.049 real sec
[M::process] read chunk (1048576 bytes/CG x 1 CGs, 1048576 bytes)...
[M::mem_process_seqs_merge2] CPE FASTQ formatting done
slave pre done
now n is 4677
processed 4677
[M::mem_process_seqs_merge2] Processed 4677 reads in 0.050 CPU sec, 0.046 real sec
[M::process] read chunk (1048576 bytes/CG x 1 CGs, 1048576 bytes)...
[M::mem_process_seqs_merge2] CPE FASTQ formatting done
slave pre done
now n is 4677
processed 4677
[M::mem_process_seqs_merge2] Processed 4677 reads in 0.060 CPU sec, 0.067 real sec
[M::process] read chunk (1048576 bytes/CG x 1 CGs, 1048576 bytes)...
[M::mem_process_seqs_merge2] CPE FASTQ formatting done
slave pre done
now n is 4677
processed 4677
[M::mem_process_seqs_merge2] Processed 4677 reads in 0.060 CPU sec, 0.058 real sec
[M::process] read chunk (1048576 bytes/CG x 1 CGs, 1048576 bytes)...
[M::mem_process_seqs_merge2] CPE FASTQ formatting done
slave pre done
now n is 4677
processed 4677
[M::mem_process_seqs_merge2] Processed 4677 reads in 0.060 CPU sec, 0.063 real sec
[M::process] read chunk (1048576 bytes/CG x 1 CGs, 1048576 bytes)...
[M::mem_process_seqs_merge2] CPE FASTQ formatting done
slave pre done
now n is 4677
processed 4677
[M::mem_process_seqs_merge2] Processed 4677 reads in 0.050 CPU sec, 0.045 real sec
[M::process] read chunk (1048576 bytes/CG x 1 CGs, 1048576 bytes)...
[M::mem_process_seqs_merge2] CPE FASTQ formatting done
slave pre done
now n is 4677
processed 4677
[M::mem_process_seqs_merge2] Processed 4677 reads in 0.070 CPU sec, 0.061 real sec
[M::process] read chunk (1048576 bytes/CG x 1 CGs, 1048576 bytes)...
[M::mem_process_seqs_merge2] CPE FASTQ formatting done
slave pre done
now n is 4677
processed 4677
[M::mem_process_seqs_merge2] Processed 4677 reads in 0.040 CPU sec, 0.042 real sec
[M::process] read chunk (1048576 bytes/CG x 1 CGs, 1048576 bytes)...
[M::mem_process_seqs_merge2] CPE FASTQ formatting done
slave pre done
now n is 4677
processed 4677
[M::mem_process_seqs_merge2] Processed 4677 reads in 0.050 CPU sec, 0.048 real sec
[M::process] read chunk (1048576 bytes/CG x 1 CGs, 1048576 bytes)...
[M::mem_process_seqs_merge2] CPE FASTQ formatting done
slave pre done
now n is 4677
processed 4677
[M::mem_process_seqs_merge2] Processed 4677 reads in 0.060 CPU sec, 0.055 real sec
[M::process] read chunk (1048576 bytes/CG x 1 CGs, 1048576 bytes)...
[M::mem_process_seqs_merge2] CPE FASTQ formatting done
slave pre done
now n is 4677
processed 4677
[M::mem_process_seqs_merge2] Processed 4677 reads in 0.070 CPU sec, 0.071 real sec
[M::process] read chunk (1048576 bytes/CG x 1 CGs, 1048576 bytes)...
[M::mem_process_seqs_merge2] CPE FASTQ formatting done
slave pre done
now n is 4677
processed 4677
[M::mem_process_seqs_merge2] Processed 4677 reads in 0.070 CPU sec, 0.064 real sec
[M::process] read chunk (1048576 bytes/CG x 1 CGs, 1048576 bytes)...
[M::mem_process_seqs_merge2] CPE FASTQ formatting done
slave pre done
now n is 4677
processed 4677
[M::mem_process_seqs_merge2] Processed 4677 reads in 0.050 CPU sec, 0.046 real sec
[M::process] read chunk (1048576 bytes/CG x 1 CGs, 1048576 bytes)...
[M::mem_process_seqs_merge2] CPE FASTQ formatting done
slave pre done
now n is 4677
processed 4677
[M::mem_process_seqs_merge2] Processed 4677 reads in 0.060 CPU sec, 0.054 real sec
[M::process] read chunk (1048576 bytes/CG x 1 CGs, 1048576 bytes)...
[M::mem_process_seqs_merge2] CPE FASTQ formatting done
slave pre done
now n is 4677
processed 4677
[M::mem_process_seqs_merge2] Processed 4677 reads in 0.060 CPU sec, 0.061 real sec
[M::process] read chunk (1048576 bytes/CG x 1 CGs, 1048576 bytes)...
[M::mem_process_seqs_merge2] CPE FASTQ formatting done
slave pre done
now n is 4677
processed 4677
[M::mem_process_seqs_merge2] Processed 4677 reads in 0.060 CPU sec, 0.060 real sec
[M::process] read chunk (1048576 bytes/CG x 1 CGs, 1048576 bytes)...
[M::mem_process_seqs_merge2] CPE FASTQ formatting done
slave pre done
now n is 4677
processed 4677
[M::mem_process_seqs_merge2] Processed 4677 reads in 0.060 CPU sec, 0.054 real sec
[M::process] read chunk (1048576 bytes/CG x 1 CGs, 1048576 bytes)...
[M::mem_process_seqs_merge2] CPE FASTQ formatting done
slave pre done
now n is 4677
processed 4677
[M::mem_process_seqs_merge2] Processed 4677 reads in 0.060 CPU sec, 0.062 real sec
[M::process] read chunk (1048576 bytes/CG x 1 CGs, 1048576 bytes)...
[M::mem_process_seqs_merge2] CPE FASTQ formatting done
slave pre done
now n is 4677
processed 4677
[M::mem_process_seqs_merge2] Processed 4677 reads in 0.060 CPU sec, 0.066 real sec
[M::process] read chunk (1048576 bytes/CG x 1 CGs, 1048576 bytes)...
[M::mem_process_seqs_merge2] CPE FASTQ formatting done
slave pre done
now n is 4677
processed 4677
[M::mem_process_seqs_merge2] Processed 4677 reads in 0.080 CPU sec, 0.088 real sec
[M::process] read chunk (1048576 bytes/CG x 1 CGs, 1048576 bytes)...
[M::mem_process_seqs_merge2] CPE FASTQ formatting done
slave pre done
now n is 4677
processed 4677
[M::mem_process_seqs_merge2] Processed 4677 reads in 0.050 CPU sec, 0.054 real sec
[M::process] read chunk (1048576 bytes/CG x 1 CGs, 1048576 bytes)...
[M::mem_process_seqs_merge2] CPE FASTQ formatting done
slave pre done
now n is 4677
processed 4677
[M::mem_process_seqs_merge2] Processed 4677 reads in 0.070 CPU sec, 0.074 real sec
[M::process] read chunk (1048576 bytes/CG x 1 CGs, 1048576 bytes)...
[M::mem_process_seqs_merge2] CPE FASTQ formatting done
slave pre done
now n is 4677
processed 4677
[M::mem_process_seqs_merge2] Processed 4677 reads in 0.040 CPU sec, 0.045 real sec
[M::process] read chunk (1048576 bytes/CG x 1 CGs, 1048576 bytes)...
[M::mem_process_seqs_merge2] CPE FASTQ formatting done
slave pre done
now n is 4677
processed 4677
[M::mem_process_seqs_merge2] Processed 4677 reads in 0.050 CPU sec, 0.052 real sec
[M::process] read chunk (1048576 bytes/CG x 1 CGs, 1048576 bytes)...
[M::mem_process_seqs_merge2] CPE FASTQ formatting done
slave pre done
now n is 4677
processed 4677
[M::mem_process_seqs_merge2] Processed 4677 reads in 0.050 CPU sec, 0.048 real sec
[M::process] read chunk (1048576 bytes/CG x 1 CGs, 1048576 bytes)...
[M::mem_process_seqs_merge2] CPE FASTQ formatting done
slave pre done
now n is 4677
processed 4677
[M::mem_process_seqs_merge2] Processed 4677 reads in 0.050 CPU sec, 0.046 real sec
[M::process] read chunk (1048576 bytes/CG x 1 CGs, 1048576 bytes)...
[M::mem_process_seqs_merge2] CPE FASTQ formatting done
slave pre done
now n is 4677
processed 4677
[M::mem_process_seqs_merge2] Processed 4677 reads in 0.080 CPU sec, 0.081 real sec
[M::process] read chunk (1048576 bytes/CG x 1 CGs, 1048576 bytes)...
[M::mem_process_seqs_merge2] CPE FASTQ formatting done
slave pre done
now n is 4677
processed 4677
[M::mem_process_seqs_merge2] Processed 4677 reads in 0.050 CPU sec, 0.046 real sec
[M::process] read chunk (1048576 bytes/CG x 1 CGs, 1048576 bytes)...
[M::mem_process_seqs_merge2] CPE FASTQ formatting done
slave pre done
now n is 4677
processed 4677
[M::mem_process_seqs_merge2] Processed 4677 reads in 0.040 CPU sec, 0.043 real sec
[M::process] read chunk (1048576 bytes/CG x 1 CGs, 1048576 bytes)...
[M::mem_process_seqs_merge2] CPE FASTQ formatting done
slave pre done
now n is 4677
processed 4677
[M::mem_process_seqs_merge2] Processed 4677 reads in 0.060 CPU sec, 0.060 real sec
[M::process] read chunk (1048576 bytes/CG x 1 CGs, 1048576 bytes)...
[M::mem_process_seqs_merge2] CPE FASTQ formatting done
slave pre done
now n is 4677
processed 4677
[M::mem_process_seqs_merge2] Processed 4677 reads in 0.070 CPU sec, 0.067 real sec
[M::process] read chunk (1048576 bytes/CG x 1 CGs, 1048576 bytes)...
[M::mem_process_seqs_merge2] CPE FASTQ formatting done
slave pre done
now n is 4677
processed 4677
[M::mem_process_seqs_merge2] Processed 4677 reads in 0.070 CPU sec, 0.067 real sec
[M::process] read chunk (1048576 bytes/CG x 1 CGs, 1048576 bytes)...
[M::mem_process_seqs_merge2] CPE FASTQ formatting done
slave pre done
now n is 4677
processed 4677
[M::mem_process_seqs_merge2] Processed 4677 reads in 0.090 CPU sec, 0.088 real sec
[M::process] read chunk (1048576 bytes/CG x 1 CGs, 1048576 bytes)...
[M::mem_process_seqs_merge2] CPE FASTQ formatting done
slave pre done
now n is 4677
processed 4677
[M::mem_process_seqs_merge2] Processed 4677 reads in 0.060 CPU sec, 0.060 real sec
[M::process] read chunk (1048576 bytes/CG x 1 CGs, 1048576 bytes)...
[M::mem_process_seqs_merge2] CPE FASTQ formatting done
slave pre done
now n is 4677
processed 4677
[M::mem_process_seqs_merge2] Processed 4677 reads in 0.080 CPU sec, 0.080 real sec
[M::process] read chunk (1048576 bytes/CG x 1 CGs, 1048576 bytes)...
[M::mem_process_seqs_merge2] CPE FASTQ formatting done
slave pre done
now n is 4677
processed 4677
[M::mem_process_seqs_merge2] Processed 4677 reads in 0.070 CPU sec, 0.066 real sec
[M::process] read chunk (1048576 bytes/CG x 1 CGs, 1048576 bytes)...
[M::mem_process_seqs_merge2] CPE FASTQ formatting done
slave pre done
now n is 4677
processed 4677
[M::mem_process_seqs_merge2] Processed 4677 reads in 0.080 CPU sec, 0.081 real sec
[M::process] read chunk (1048576 bytes/CG x 1 CGs, 1048576 bytes)...
[M::mem_process_seqs_merge2] CPE FASTQ formatting done
slave pre done
now n is 4677
processed 4677
[M::mem_process_seqs_merge2] Processed 4677 reads in 0.060 CPU sec, 0.056 real sec
[M::process] read chunk (1048576 bytes/CG x 1 CGs, 1048576 bytes)...
[M::mem_process_seqs_merge2] CPE FASTQ formatting done
slave pre done
now n is 4677
processed 4677
[M::mem_process_seqs_merge2] Processed 4677 reads in 0.060 CPU sec, 0.059 real sec
[M::process] read chunk (1048576 bytes/CG x 1 CGs, 1048576 bytes)...
[M::mem_process_seqs_merge2] CPE FASTQ formatting done
slave pre done
now n is 4677
processed 4677
[M::mem_process_seqs_merge2] Processed 4677 reads in 0.070 CPU sec, 0.061 real sec
[M::process] read chunk (1048576 bytes/CG x 1 CGs, 1048576 bytes)...
[M::mem_process_seqs_merge2] CPE FASTQ formatting done
slave pre done
now n is 4677
processed 4677
[M::mem_process_seqs_merge2] Processed 4677 reads in 0.070 CPU sec, 0.066 real sec
[M::process] read chunk (1048576 bytes/CG x 1 CGs, 1048576 bytes)...
[M::mem_process_seqs_merge2] CPE FASTQ formatting done
slave pre done
now n is 4677
processed 4677
[M::mem_process_seqs_merge2] Processed 4677 reads in 0.060 CPU sec, 0.055 real sec
[M::process] read chunk (1048576 bytes/CG x 1 CGs, 1048576 bytes)...
[M::mem_process_seqs_merge2] CPE FASTQ formatting done
slave pre done
now n is 4677
processed 4677
[M::mem_process_seqs_merge2] Processed 4677 reads in 0.070 CPU sec, 0.062 real sec
[M::process] read chunk (1048576 bytes/CG x 1 CGs, 1048576 bytes)...
[M::mem_process_seqs_merge2] CPE FASTQ formatting done
slave pre done
now n is 4677
processed 4677
[M::mem_process_seqs_merge2] Processed 4677 reads in 0.080 CPU sec, 0.077 real sec
[M::process] read chunk (1048576 bytes/CG x 1 CGs, 1048576 bytes)...
[M::mem_process_seqs_merge2] CPE FASTQ formatting done
slave pre done
now n is 4677
processed 4677
[M::mem_process_seqs_merge2] Processed 4677 reads in 0.040 CPU sec, 0.048 real sec
[M::process] read chunk (1048576 bytes/CG x 1 CGs, 1048576 bytes)...
[M::mem_process_seqs_merge2] CPE FASTQ formatting done
slave pre done
now n is 4677
processed 4677
[M::mem_process_seqs_merge2] Processed 4677 reads in 0.070 CPU sec, 0.076 real sec
[M::process] read chunk (1048576 bytes/CG x 1 CGs, 1048576 bytes)...
[M::mem_process_seqs_merge2] CPE FASTQ formatting done
slave pre done
now n is 4677
processed 4677
[M::mem_process_seqs_merge2] Processed 4677 reads in 0.070 CPU sec, 0.071 real sec
[M::process] read chunk (1048576 bytes/CG x 1 CGs, 1048576 bytes)...
[M::mem_process_seqs_merge2] CPE FASTQ formatting done
slave pre done
now n is 4677
processed 4677
[M::mem_process_seqs_merge2] Processed 4677 reads in 0.050 CPU sec, 0.051 real sec
[M::process] read chunk (1048576 bytes/CG x 1 CGs, 1048576 bytes)...
[M::mem_process_seqs_merge2] CPE FASTQ formatting done
slave pre done
now n is 4677
processed 4677
[M::mem_process_seqs_merge2] Processed 4677 reads in 0.050 CPU sec, 0.052 real sec
[M::process] read chunk (1048576 bytes/CG x 1 CGs, 1048576 bytes)...
[M::mem_process_seqs_merge2] CPE FASTQ formatting done
slave pre done
now n is 4677
processed 4677
[M::mem_process_seqs_merge2] Processed 4677 reads in 0.050 CPU sec, 0.055 real sec
[M::process] read chunk (1048576 bytes/CG x 1 CGs, 1048576 bytes)...
[M::mem_process_seqs_merge2] CPE FASTQ formatting done
slave pre done
now n is 4677
processed 4677
[M::mem_process_seqs_merge2] Processed 4677 reads in 0.060 CPU sec, 0.063 real sec
[M::process] read chunk (1048576 bytes/CG x 1 CGs, 1048576 bytes)...
[M::mem_process_seqs_merge2] CPE FASTQ formatting done
slave pre done
now n is 4677
processed 4677
[M::mem_process_seqs_merge2] Processed 4677 reads in 0.050 CPU sec, 0.056 real sec
[M::process] read chunk (1048576 bytes/CG x 1 CGs, 1048576 bytes)...
[M::mem_process_seqs_merge2] CPE FASTQ formatting done
slave pre done
now n is 4677
processed 4677
[M::mem_process_seqs_merge2] Processed 4677 reads in 0.060 CPU sec, 0.059 real sec
[M::process] read chunk (1048576 bytes/CG x 1 CGs, 1048576 bytes)...
[M::mem_process_seqs_merge2] CPE FASTQ formatting done
slave pre done
now n is 4677
processed 4677
[M::mem_process_seqs_merge2] Processed 4677 reads in 0.060 CPU sec, 0.062 real sec
[M::process] read chunk (1048576 bytes/CG x 1 CGs, 1048576 bytes)...
[M::mem_process_seqs_merge2] CPE FASTQ formatting done
slave pre done
now n is 4677
processed 4677
[M::mem_process_seqs_merge2] Processed 4677 reads in 0.080 CPU sec, 0.084 real sec
[M::process] read chunk (1048576 bytes/CG x 1 CGs, 1048576 bytes)...
[M::mem_process_seqs_merge2] CPE FASTQ formatting done
slave pre done
now n is 4677
processed 4677
[M::mem_process_seqs_merge2] Processed 4677 reads in 0.070 CPU sec, 0.066 real sec
[M::process] read chunk (1048576 bytes/CG x 1 CGs, 1048576 bytes)...
[M::mem_process_seqs_merge2] CPE FASTQ formatting done
slave pre done
now n is 4677
processed 4677
[M::mem_process_seqs_merge2] Processed 4677 reads in 0.060 CPU sec, 0.061 real sec
[M::process] read chunk (1048576 bytes/CG x 1 CGs, 1048576 bytes)...
[M::mem_process_seqs_merge2] CPE FASTQ formatting done
slave pre done
now n is 4677
processed 4677
[M::mem_process_seqs_merge2] Processed 4677 reads in 0.070 CPU sec, 0.073 real sec
[M::process] read chunk (1048576 bytes/CG x 1 CGs, 1048576 bytes)...
[M::mem_process_seqs_merge2] CPE FASTQ formatting done
slave pre done
now n is 4677
processed 4677
[M::mem_process_seqs_merge2] Processed 4677 reads in 0.050 CPU sec, 0.054 real sec
[M::process] read chunk (1048576 bytes/CG x 1 CGs, 1048576 bytes)...
[M::mem_process_seqs_merge2] CPE FASTQ formatting done
slave pre done
now n is 4677
processed 4677
[M::mem_process_seqs_merge2] Processed 4677 reads in 0.070 CPU sec, 0.067 real sec
[M::process] read chunk (1048576 bytes/CG x 1 CGs, 1048576 bytes)...
[M::mem_process_seqs_merge2] CPE FASTQ formatting done
slave pre done
now n is 4677
processed 4677
[M::mem_process_seqs_merge2] Processed 4677 reads in 0.060 CPU sec, 0.053 real sec
[M::process] read chunk (1048576 bytes/CG x 1 CGs, 1048576 bytes)...
[M::mem_process_seqs_merge2] CPE FASTQ formatting done
slave pre done
now n is 4677
processed 4677
[M::mem_process_seqs_merge2] Processed 4677 reads in 0.050 CPU sec, 0.052 real sec
[M::process] read chunk (1048576 bytes/CG x 1 CGs, 1048576 bytes)...
[M::mem_process_seqs_merge2] CPE FASTQ formatting done
slave pre done
now n is 4677
processed 4677
[M::mem_process_seqs_merge2] Processed 4677 reads in 0.050 CPU sec, 0.055 real sec
[M::process] read chunk (1048576 bytes/CG x 1 CGs, 1048576 bytes)...
[M::mem_process_seqs_merge2] CPE FASTQ formatting done
slave pre done
now n is 4677
processed 4677
[M::mem_process_seqs_merge2] Processed 4677 reads in 0.070 CPU sec, 0.078 real sec
[M::process] read chunk (1048576 bytes/CG x 1 CGs, 1048576 bytes)...
[M::mem_process_seqs_merge2] CPE FASTQ formatting done
slave pre done
now n is 4677
processed 4677
[M::mem_process_seqs_merge2] Processed 4677 reads in 0.070 CPU sec, 0.074 real sec
[M::process] read chunk (1048576 bytes/CG x 1 CGs, 1048576 bytes)...
[M::mem_process_seqs_merge2] CPE FASTQ formatting done
slave pre done
now n is 4677
processed 4677
[M::mem_process_seqs_merge2] Processed 4677 reads in 0.050 CPU sec, 0.054 real sec
[M::process] read chunk (1048576 bytes/CG x 1 CGs, 1048576 bytes)...
[M::mem_process_seqs_merge2] CPE FASTQ formatting done
slave pre done
now n is 4677
processed 4677
[M::mem_process_seqs_merge2] Processed 4677 reads in 0.050 CPU sec, 0.048 real sec
[M::process] read chunk (1048576 bytes/CG x 1 CGs, 1048576 bytes)...
[M::mem_process_seqs_merge2] CPE FASTQ formatting done
slave pre done
now n is 4677
processed 4677
[M::mem_process_seqs_merge2] Processed 4677 reads in 0.040 CPU sec, 0.045 real sec
[M::process] read chunk (1048576 bytes/CG x 1 CGs, 1048576 bytes)...
[M::mem_process_seqs_merge2] CPE FASTQ formatting done
slave pre done
now n is 4677
processed 4677
[M::mem_process_seqs_merge2] Processed 4677 reads in 0.040 CPU sec, 0.044 real sec
[M::process] read chunk (1048576 bytes/CG x 1 CGs, 1048576 bytes)...
[M::mem_process_seqs_merge2] CPE FASTQ formatting done
slave pre done
now n is 4677
processed 4677
[M::mem_process_seqs_merge2] Processed 4677 reads in 0.040 CPU sec, 0.043 real sec
[M::process] read chunk (1048576 bytes/CG x 1 CGs, 1048576 bytes)...
[M::mem_process_seqs_merge2] CPE FASTQ formatting done
slave pre done
now n is 4677
processed 4677
[M::mem_process_seqs_merge2] Processed 4677 reads in 0.050 CPU sec, 0.047 real sec
[M::process] read chunk (1048576 bytes/CG x 1 CGs, 1048576 bytes)...
[M::mem_process_seqs_merge2] CPE FASTQ formatting done
slave pre done
now n is 4677
processed 4677
[M::mem_process_seqs_merge2] Processed 4677 reads in 0.060 CPU sec, 0.054 real sec
[M::process] read chunk (1048576 bytes/CG x 1 CGs, 1048576 bytes)...
[M::mem_process_seqs_merge2] CPE FASTQ formatting done
slave pre done
now n is 4677
processed 4677
[M::mem_process_seqs_merge2] Processed 4677 reads in 0.060 CPU sec, 0.061 real sec
[M::process] read chunk (1048576 bytes/CG x 1 CGs, 1048576 bytes)...
[M::mem_process_seqs_merge2] CPE FASTQ formatting done
slave pre done
now n is 4677
processed 4677
[M::mem_process_seqs_merge2] Processed 4677 reads in 0.060 CPU sec, 0.056 real sec
[M::process] read chunk (1048576 bytes/CG x 1 CGs, 1048576 bytes)...
[M::mem_process_seqs_merge2] CPE FASTQ formatting done
slave pre done
now n is 4677
processed 4677
[M::mem_process_seqs_merge2] Processed 4677 reads in 0.050 CPU sec, 0.046 real sec
[M::process] read chunk (1048576 bytes/CG x 1 CGs, 1048576 bytes)...
[M::mem_process_seqs_merge2] CPE FASTQ formatting done
slave pre done
now n is 4677
processed 4677
[M::mem_process_seqs_merge2] Processed 4677 reads in 0.070 CPU sec, 0.067 real sec
[M::process] read chunk (1048576 bytes/CG x 1 CGs, 1048576 bytes)...
[M::mem_process_seqs_merge2] CPE FASTQ formatting done
slave pre done
now n is 4677
processed 4677
[M::mem_process_seqs_merge2] Processed 4677 reads in 0.050 CPU sec, 0.048 real sec
[M::process] read chunk (1048576 bytes/CG x 1 CGs, 1048576 bytes)...
[M::mem_process_seqs_merge2] CPE FASTQ formatting done
slave pre done
now n is 4677
processed 4677
[M::mem_process_seqs_merge2] Processed 4677 reads in 0.060 CPU sec, 0.061 real sec
[M::process] read chunk (1048576 bytes/CG x 1 CGs, 1048576 bytes)...
[M::mem_process_seqs_merge2] CPE FASTQ formatting done
slave pre done
now n is 4677
processed 4677
[M::mem_process_seqs_merge2] Processed 4677 reads in 0.070 CPU sec, 0.068 real sec
[M::process] read chunk (1048576 bytes/CG x 1 CGs, 1048576 bytes)...
[M::mem_process_seqs_merge2] CPE FASTQ formatting done
slave pre done
now n is 4677
processed 4677
[M::mem_process_seqs_merge2] Processed 4677 reads in 0.060 CPU sec, 0.057 real sec
[M::process] read chunk (1048576 bytes/CG x 1 CGs, 1048576 bytes)...
[M::mem_process_seqs_merge2] CPE FASTQ formatting done
slave pre done
now n is 4677
processed 4677
[M::mem_process_seqs_merge2] Processed 4677 reads in 0.050 CPU sec, 0.047 real sec
[M::process] read chunk (1048576 bytes/CG x 1 CGs, 1048576 bytes)...
[M::mem_process_seqs_merge2] CPE FASTQ formatting done
slave pre done
now n is 4677
processed 4677
[M::mem_process_seqs_merge2] Processed 4677 reads in 0.060 CPU sec, 0.052 real sec
[M::process] read chunk (1048576 bytes/CG x 1 CGs, 1048576 bytes)...
[M::mem_process_seqs_merge2] CPE FASTQ formatting done
slave pre done
now n is 4677
processed 4677
[M::mem_process_seqs_merge2] Processed 4677 reads in 0.060 CPU sec, 0.058 real sec
[M::process] read chunk (1048576 bytes/CG x 1 CGs, 1048576 bytes)...
[M::mem_process_seqs_merge2] CPE FASTQ formatting done
slave pre done
now n is 4677
processed 4677
[M::mem_process_seqs_merge2] Processed 4677 reads in 0.050 CPU sec, 0.046 real sec
[M::process] read chunk (1048576 bytes/CG x 1 CGs, 1048576 bytes)...
[M::mem_process_seqs_merge2] CPE FASTQ formatting done
slave pre done
now n is 4677
processed 4677
[M::mem_process_seqs_merge2] Processed 4677 reads in 0.160 CPU sec, 0.164 real sec
[M::process] read chunk (1048576 bytes/CG x 1 CGs, 1048576 bytes)...
[M::mem_process_seqs_merge2] CPE FASTQ formatting done
slave pre done
now n is 4677
processed 4677
[M::mem_process_seqs_merge2] Processed 4677 reads in 0.090 CPU sec, 0.082 real sec
[M::process] read chunk (1048576 bytes/CG x 1 CGs, 1048576 bytes)...
[M::mem_process_seqs_merge2] CPE FASTQ formatting done
slave pre done
now n is 4677
processed 4677
[M::mem_process_seqs_merge2] Processed 4677 reads in 0.050 CPU sec, 0.050 real sec
[M::process] read chunk (1048576 bytes/CG x 1 CGs, 1048576 bytes)...
[M::mem_process_seqs_merge2] CPE FASTQ formatting done
slave pre done
now n is 4677
processed 4677
[M::mem_process_seqs_merge2] Processed 4677 reads in 0.060 CPU sec, 0.062 real sec
[M::process] read chunk (1048576 bytes/CG x 1 CGs, 1048576 bytes)...
[M::mem_process_seqs_merge2] CPE FASTQ formatting done
slave pre done
now n is 4677
processed 4677
[M::mem_process_seqs_merge2] Processed 4677 reads in 0.050 CPU sec, 0.046 real sec
[M::process] read chunk (1048576 bytes/CG x 1 CGs, 1048576 bytes)...
[M::mem_process_seqs_merge2] CPE FASTQ formatting done
slave pre done
now n is 4677
processed 4677
[M::mem_process_seqs_merge2] Processed 4677 reads in 0.070 CPU sec, 0.072 real sec
[M::process] read chunk (1048576 bytes/CG x 1 CGs, 1048576 bytes)...
[M::mem_process_seqs_merge2] CPE FASTQ formatting done
slave pre done
now n is 4677
processed 4677
[M::mem_process_seqs_merge2] Processed 4677 reads in 0.060 CPU sec, 0.060 real sec
[M::process] read chunk (1048576 bytes/CG x 1 CGs, 1048576 bytes)...
[M::mem_process_seqs_merge2] CPE FASTQ formatting done
slave pre done
now n is 4677
processed 4677
[M::mem_process_seqs_merge2] Processed 4677 reads in 0.090 CPU sec, 0.095 real sec
[M::process] read chunk (1048576 bytes/CG x 1 CGs, 1048576 bytes)...
[M::mem_process_seqs_merge2] CPE FASTQ formatting done
slave pre done
now n is 4677
processed 4677
[M::mem_process_seqs_merge2] Processed 4677 reads in 0.050 CPU sec, 0.056 real sec
[M::process] read chunk (1048576 bytes/CG x 1 CGs, 1048576 bytes)...
[M::mem_process_seqs_merge2] CPE FASTQ formatting done
slave pre done
now n is 4677
processed 4677
[M::mem_process_seqs_merge2] Processed 4677 reads in 0.060 CPU sec, 0.056 real sec
[M::process] read chunk (1048576 bytes/CG x 1 CGs, 1048576 bytes)...
[M::mem_process_seqs_merge2] CPE FASTQ formatting done
slave pre done
now n is 4677
processed 4677
[M::mem_process_seqs_merge2] Processed 4677 reads in 0.050 CPU sec, 0.049 real sec
[M::process] read chunk (1048576 bytes/CG x 1 CGs, 1048576 bytes)...
[M::mem_process_seqs_merge2] CPE FASTQ formatting done
slave pre done
now n is 4677
processed 4677
[M::mem_process_seqs_merge2] Processed 4677 reads in 0.050 CPU sec, 0.052 real sec
[M::process] read chunk (1048576 bytes/CG x 1 CGs, 1048576 bytes)...
[M::mem_process_seqs_merge2] CPE FASTQ formatting done
slave pre done
now n is 4677
processed 4677
[M::mem_process_seqs_merge2] Processed 4677 reads in 0.050 CPU sec, 0.049 real sec
[M::process] read chunk (1048576 bytes/CG x 1 CGs, 1048576 bytes)...
[M::mem_process_seqs_merge2] CPE FASTQ formatting done
slave pre done
now n is 4677
processed 4677
[M::mem_process_seqs_merge2] Processed 4677 reads in 0.050 CPU sec, 0.045 real sec
[M::process] read chunk (1048576 bytes/CG x 1 CGs, 1048576 bytes)...
[M::mem_process_seqs_merge2] CPE FASTQ formatting done
slave pre done
now n is 4677
processed 4677
[M::mem_process_seqs_merge2] Processed 4677 reads in 0.050 CPU sec, 0.052 real sec
[M::process] read chunk (1048576 bytes/CG x 1 CGs, 1048576 bytes)...
[M::mem_process_seqs_merge2] CPE FASTQ formatting done
slave pre done
now n is 4677
processed 4677
[M::mem_process_seqs_merge2] Processed 4677 reads in 0.050 CPU sec, 0.051 real sec
[M::process] read chunk (1048576 bytes/CG x 1 CGs, 1048576 bytes)...
[M::mem_process_seqs_merge2] CPE FASTQ formatting done
slave pre done
now n is 4677
processed 4677
[M::mem_process_seqs_merge2] Processed 4677 reads in 0.060 CPU sec, 0.063 real sec
[M::process] read chunk (1048576 bytes/CG x 1 CGs, 1048576 bytes)...
[M::mem_process_seqs_merge2] CPE FASTQ formatting done
slave pre done
now n is 4677
processed 4677
[M::mem_process_seqs_merge2] Processed 4677 reads in 0.050 CPU sec, 0.054 real sec
[M::process] read chunk (1048576 bytes/CG x 1 CGs, 1048576 bytes)...
[M::mem_process_seqs_merge2] CPE FASTQ formatting done
slave pre done
now n is 4677
processed 4677
[M::mem_process_seqs_merge2] Processed 4677 reads in 0.040 CPU sec, 0.048 real sec
[M::process] read chunk (1048576 bytes/CG x 1 CGs, 1048576 bytes)...
[M::mem_process_seqs_merge2] CPE FASTQ formatting done
slave pre done
now n is 4677
processed 4677
[M::mem_process_seqs_merge2] Processed 4677 reads in 0.080 CPU sec, 0.077 real sec
[M::process] read chunk (1048576 bytes/CG x 1 CGs, 1048576 bytes)...
[M::mem_process_seqs_merge2] CPE FASTQ formatting done
slave pre done
now n is 4677
processed 4677
[M::mem_process_seqs_merge2] Processed 4677 reads in 0.060 CPU sec, 0.054 real sec
[M::process] read chunk (1048576 bytes/CG x 1 CGs, 1048576 bytes)...
[M::mem_process_seqs_merge2] CPE FASTQ formatting done
slave pre done
now n is 4677
processed 4677
[M::mem_process_seqs_merge2] Processed 4677 reads in 0.070 CPU sec, 0.064 real sec
[M::process] read chunk (1048576 bytes/CG x 1 CGs, 1048576 bytes)...
[M::mem_process_seqs_merge2] CPE FASTQ formatting done
slave pre done
now n is 4677
processed 4677
[M::mem_process_seqs_merge2] Processed 4677 reads in 0.060 CPU sec, 0.058 real sec
[M::process] read chunk (1048576 bytes/CG x 1 CGs, 1048576 bytes)...
[M::mem_process_seqs_merge2] CPE FASTQ formatting done
slave pre done
now n is 4677
processed 4677
[M::mem_process_seqs_merge2] Processed 4677 reads in 0.050 CPU sec, 0.046 real sec
[M::process] read chunk (1048576 bytes/CG x 1 CGs, 1048576 bytes)...
[M::mem_process_seqs_merge2] CPE FASTQ formatting done
slave pre done
now n is 4677
processed 4677
[M::mem_process_seqs_merge2] Processed 4677 reads in 0.060 CPU sec, 0.059 real sec
[M::process] read chunk (1048576 bytes/CG x 1 CGs, 1048576 bytes)...
[M::mem_process_seqs_merge2] CPE FASTQ formatting done
slave pre done
now n is 4677
processed 4677
[M::mem_process_seqs_merge2] Processed 4677 reads in 0.060 CPU sec, 0.062 real sec
[M::process] read chunk (1048576 bytes/CG x 1 CGs, 1048576 bytes)...
[M::mem_process_seqs_merge2] CPE FASTQ formatting done
slave pre done
now n is 4677
processed 4677
[M::mem_process_seqs_merge2] Processed 4677 reads in 0.040 CPU sec, 0.043 real sec
[M::process] read chunk (1048576 bytes/CG x 1 CGs, 1048576 bytes)...
[M::mem_process_seqs_merge2] CPE FASTQ formatting done
slave pre done
now n is 4677
processed 4677
[M::mem_process_seqs_merge2] Processed 4677 reads in 0.050 CPU sec, 0.044 real sec
[M::process] read chunk (1048576 bytes/CG x 1 CGs, 1048576 bytes)...
[M::mem_process_seqs_merge2] CPE FASTQ formatting done
slave pre done
now n is 4677
processed 4677
[M::mem_process_seqs_merge2] Processed 4677 reads in 0.050 CPU sec, 0.045 real sec
[M::process] read chunk (1048576 bytes/CG x 1 CGs, 1048576 bytes)...
[M::mem_process_seqs_merge2] CPE FASTQ formatting done
slave pre done
now n is 4677
processed 4677
[M::mem_process_seqs_merge2] Processed 4677 reads in 0.080 CPU sec, 0.075 real sec
[M::process] read chunk (1048576 bytes/CG x 1 CGs, 1048576 bytes)...
[M::mem_process_seqs_merge2] CPE FASTQ formatting done
slave pre done
now n is 4677
processed 4677
[M::mem_process_seqs_merge2] Processed 4677 reads in 0.050 CPU sec, 0.051 real sec
[M::process] read chunk (1048576 bytes/CG x 1 CGs, 1048576 bytes)...
[M::mem_process_seqs_merge2] CPE FASTQ formatting done
slave pre done
now n is 4677
processed 4677
[M::mem_process_seqs_merge2] Processed 4677 reads in 0.060 CPU sec, 0.067 real sec
[M::process] read chunk (1048576 bytes/CG x 1 CGs, 1048576 bytes)...
[M::mem_process_seqs_merge2] CPE FASTQ formatting done
slave pre done
now n is 4677
processed 4677
[M::mem_process_seqs_merge2] Processed 4677 reads in 0.040 CPU sec, 0.044 real sec
[M::process] read chunk (1048576 bytes/CG x 1 CGs, 1048576 bytes)...
[M::mem_process_seqs_merge2] CPE FASTQ formatting done
slave pre done
now n is 4677
processed 4677
[M::mem_process_seqs_merge2] Processed 4677 reads in 0.040 CPU sec, 0.046 real sec
[M::process] read chunk (1048576 bytes/CG x 1 CGs, 1048576 bytes)...
[M::mem_process_seqs_merge2] CPE FASTQ formatting done
slave pre done
now n is 4677
processed 4677
[M::mem_process_seqs_merge2] Processed 4677 reads in 0.050 CPU sec, 0.048 real sec
[M::process] read chunk (1048576 bytes/CG x 1 CGs, 1048576 bytes)...
[M::mem_process_seqs_merge2] CPE FASTQ formatting done
slave pre done
now n is 4677
processed 4677
[M::mem_process_seqs_merge2] Processed 4677 reads in 0.040 CPU sec, 0.043 real sec
[M::process] read chunk (1048576 bytes/CG x 1 CGs, 1048576 bytes)...
[M::mem_process_seqs_merge2] CPE FASTQ formatting done
slave pre done
now n is 4677
processed 4677
[M::mem_process_seqs_merge2] Processed 4677 reads in 0.040 CPU sec, 0.043 real sec
[M::process] read chunk (1048576 bytes/CG x 1 CGs, 1048576 bytes)...
[M::mem_process_seqs_merge2] CPE FASTQ formatting done
slave pre done
now n is 4677
processed 4677
[M::mem_process_seqs_merge2] Processed 4677 reads in 0.060 CPU sec, 0.066 real sec
[M::process] read chunk (1048576 bytes/CG x 1 CGs, 1048576 bytes)...
[M::mem_process_seqs_merge2] CPE FASTQ formatting done
slave pre done
now n is 4677
processed 4677
[M::mem_process_seqs_merge2] Processed 4677 reads in 0.060 CPU sec, 0.063 real sec
[M::process] read chunk (1048576 bytes/CG x 1 CGs, 1048576 bytes)...
[M::mem_process_seqs_merge2] CPE FASTQ formatting done
slave pre done
now n is 4677
processed 4677
[M::mem_process_seqs_merge2] Processed 4677 reads in 0.100 CPU sec, 0.095 real sec
[M::process] read chunk (1048576 bytes/CG x 1 CGs, 1048576 bytes)...
[M::mem_process_seqs_merge2] CPE FASTQ formatting done
slave pre done
now n is 4677
processed 4677
[M::mem_process_seqs_merge2] Processed 4677 reads in 0.060 CPU sec, 0.052 real sec
[M::process] read chunk (1048576 bytes/CG x 1 CGs, 1048576 bytes)...
[M::mem_process_seqs_merge2] CPE FASTQ formatting done
slave pre done
now n is 4677
processed 4677
[M::mem_process_seqs_merge2] Processed 4677 reads in 0.060 CPU sec, 0.053 real sec
[M::process] read chunk (1048576 bytes/CG x 1 CGs, 1048576 bytes)...
[M::mem_process_seqs_merge2] CPE FASTQ formatting done
slave pre done
now n is 4677
processed 4677
[M::mem_process_seqs_merge2] Processed 4677 reads in 0.040 CPU sec, 0.043 real sec
[M::process] read chunk (1048576 bytes/CG x 1 CGs, 1048576 bytes)...
[M::mem_process_seqs_merge2] CPE FASTQ formatting done
slave pre done
now n is 4677
processed 4677
[M::mem_process_seqs_merge2] Processed 4677 reads in 0.050 CPU sec, 0.045 real sec
[M::process] read chunk (1048576 bytes/CG x 1 CGs, 1048576 bytes)...
[M::mem_process_seqs_merge2] CPE FASTQ formatting done
slave pre done
now n is 4677
processed 4677
[M::mem_process_seqs_merge2] Processed 4677 reads in 0.050 CPU sec, 0.045 real sec
[M::process] read chunk (1048576 bytes/CG x 1 CGs, 1048576 bytes)...
[M::mem_process_seqs_merge2] CPE FASTQ formatting done
slave pre done
now n is 4677
processed 4677
[M::mem_process_seqs_merge2] Processed 4677 reads in 0.050 CPU sec, 0.054 real sec
[M::process] read chunk (1048576 bytes/CG x 1 CGs, 1048576 bytes)...
[M::mem_process_seqs_merge2] CPE FASTQ formatting done
slave pre done
now n is 4677
processed 4677
[M::mem_process_seqs_merge2] Processed 4677 reads in 0.040 CPU sec, 0.042 real sec
[M::process] read chunk (1048576 bytes/CG x 1 CGs, 1048576 bytes)...
[M::mem_process_seqs_merge2] CPE FASTQ formatting done
slave pre done
now n is 4677
processed 4677
[M::mem_process_seqs_merge2] Processed 4677 reads in 0.050 CPU sec, 0.047 real sec
[M::process] read chunk (1048576 bytes/CG x 1 CGs, 406788 bytes)...
[M::mem_process_seqs_merge2] CPE FASTQ formatting done
slave pre done
now n is 1816
processed 1816
[M::mem_process_seqs_merge2] Processed 1816 reads in 0.040 CPU sec, 0.038 real sec

====================== SWBWA Output Debug =====================
  MPI rank: 000000 / 000001
  mode:     non-MPI POSIX
  path:     /dev/null

  Output volume
    output buffer capacity                           67108864
    swbwa_output_write calls                         1000000
    submitted SAM bytes                            233712207
    buffered flushes                                       4
    buffered flush bytes                           233712207
    direct oversized writes                                0
    direct oversized bytes                                 0

  Buffering
    buffered flush total                         0.000031 s  (4 calls,     7.687 us/call)

  POSIX file writes
    write system calls                                      4
    write system-call bytes                         233712207
    POSIX write system calls                     0.000025 s  (4 calls,     6.325 us/call)
    POSIX write effective bandwidth            8809670.264 MiB/s

  Output close timing
    POSIX close                                  0.000015 s  (1 calls,    15.250 us/call)
================================================================


======================= SWBWA Timing Report =======================
  Accumulated wall-clock time; indented rows are included in
  their parent row and must not be added to it.

  Pipeline
    total - complete three-stage pipeline                    16.799 s
    stage 1 - allocate and read raw FASTQ blocks              2.900 s
    stage 2 - align reads and generate SAM records           12.861 s
    stage 3 - write SAM and release batch data                1.036 s
      SAM output writes                                         0.664 s
      batch cleanup and loop overhead (derived)                 0.372 s

  Stage 1 input details
    batches completed / stage calls                     214 / 215
    input-buffer and batch allocations                        0.001 s  (429 calls, max 0.000 s)
    aggregate requested allocation bytes            223986372
    FASTQ fseeko calls                                        0.001 s  (214 calls, max 0.000 s)
    FASTQ fread calls                                         2.881 s  (214 calls, max 0.179 s)
    align chunk ends to FASTQ record boundaries               0.000 s  (213 calls, max 0.000 s)
    scheduler, checks and bookkeeping (derived)               0.016 s
    raw FASTQ bytes read                            223753476  (213.388 MiB)
    effective fread bandwidth                         74.063 MiB/s
    slowest allocation                                 0.000 s  (64 bytes)
    slowest fread                                      0.179 s  (R1 offset=0, bytes=1048576)

  Stage 2 worker details
    total - active merge worker                              12.847 s
      part 1 - prepare CPE task and reusable buffers            2.995 s
      part 2 - CPE FASTQ formatting and input release           0.108 s
      part 3 - CPE alignment and SAM length pass                9.534 s
      part 4 - assign slices in the shared SAM buffer           0.078 s
      part 5 - CPE SAM record generation                        0.115 s
      part 6 - release temporary worker data                    0.003 s

  Reserved allocator timers (no active timing sites)
    malloc timer                                              0.000 s
    free timer                                                0.000 s
===================================================================

[main] Version: 0.0.1
[main] CMD: ./SWBWA mem -v 4 -t 1 -1 -K 1048576 -o /dev/null -I 170,80,500,1 ../data/GRCh38.d1.vd1.fa ../data/ERR1203383_1.fastq_1
