sh: python: not found
[7879341 ## 2026-08-24/09:58:03] warning: cpu [21621]: user's mpe task: tid= 0, pid= 23932, exit_code= 1
sh: /usr/bin/python: not found
[7879345 ## 2026-08-24/09:58:26] warning: cpu [21621]: user's mpe task: tid= 0, pid= 23963, exit_code= 1
ERR1203383 tail FASTQ composition
R1 chunk=174 bytes=[3420979260,3440640100) actual_end=3440640100 reads=84745 bases=6355875 N=0.00667% homopolymer>=10=1.108% entropy<1.5=0.640% dominant_base>=80%=0.050% exact_duplicate_hashes=10.248% meanQ=28.101
  first=@ERR1203383.14937172 14937172 length=75
  last =@ERR1203383.15021916 15021916 length=75
R1 chunk=175 bytes=[3440640100,3460300940) actual_end=3460300940 reads=84745 bases=6355875 N=0.00689% homopolymer>=10=0.839% entropy<1.5=0.670% dominant_base>=80%=0.033% exact_duplicate_hashes=10.363% meanQ=28.122
  first=@ERR1203383.15021917 15021917 length=75
  last =@ERR1203383.15106661 15106661 length=75
R1 chunk=176 bytes=[3460300940,3479961780) actual_end=3479961780 reads=84745 bases=6355875 N=0.00713% homopolymer>=10=0.852% entropy<1.5=5.699% dominant_base>=80%=0.035% exact_duplicate_hashes=14.958% meanQ=28.409
  first=@ERR1203383.15106662 15106662 length=75
  last =@ERR1203383.15191406 15191406 length=75
R1 chunk=177 bytes=[3479961780,3499281348) actual_end=3499281348 reads=83274 bases=6245550 N=0.00708% homopolymer>=10=0.486% entropy<1.5=1.854% dominant_base>=80%=0.046% exact_duplicate_hashes=9.798% meanQ=28.522
  first=@ERR1203383.15191407 15191407 length=75
  last =@ERR1203383.15274680 15274680 length=75
R2 chunk=174 bytes=[3420979260,3440640100) actual_end=3440640100 reads=84745 bases=6355875 N=0.01792% homopolymer>=10=1.175% entropy<1.5=0.735% dominant_base>=80%=0.051% exact_duplicate_hashes=10.028% meanQ=27.932
  first=@ERR1203383.14937172 14937172 length=75
  last =@ERR1203383.15021916 15021916 length=75
R2 chunk=175 bytes=[3440640100,3460300940) actual_end=3460300940 reads=84745 bases=6355875 N=0.01800% homopolymer>=10=1.042% entropy<1.5=0.824% dominant_base>=80%=0.035% exact_duplicate_hashes=10.142% meanQ=27.950
  first=@ERR1203383.15021917 15021917 length=75
  last =@ERR1203383.15106661 15106661 length=75
R2 chunk=176 bytes=[3460300940,3479961780) actual_end=3479961780 reads=84745 bases=6355875 N=0.01797% homopolymer>=10=1.180% entropy<1.5=5.881% dominant_base>=80%=0.037% exact_duplicate_hashes=14.504% meanQ=28.271
  first=@ERR1203383.15106662 15106662 length=75
  last =@ERR1203383.15191406 15191406 length=75
R2 chunk=177 bytes=[3479961780,3499281348) actual_end=3499281348 reads=83274 bases=6245550 N=0.02141% homopolymer>=10=0.578% entropy<1.5=1.818% dominant_base>=80%=0.022% exact_duplicate_hashes=9.661% meanQ=28.385
  first=@ERR1203383.15191407 15191407 length=75
  last =@ERR1203383.15274680 15274680 length=75
