[M::main_mem] mean insert size: 170.000, stddev: 80.000, max: 500, min: 1
[CPE input] bytes_per_cg=19660800 cg_count=6 chunk_bytes=117964800 file_bytes=3499281348
malloc bwt->bwt 3107576584, 0x580000486040
malloc bwt->sa 1553788264, 0x5800b9823b60
[M::bwa_idx_load_from_disk] read 0 ALT contigs
malloc pac 776894131, 0x580116285940
the input file is ../data/bwa_test_big_data/ERR1203383_1.fastq
the input file is ../data/bwa_test_big_data/ERR1203383_2.fastq
the output file is bigdata_results/cgs_cross_system/no1/ERR1203383_PE.sam
[M::process] read chunk (19660800 bytes/CG x 6 CGs, 117964800 bytes)...
[DBG stage1] slow fread: R1 offset=0 requested=117964800 read=117964800 elapsed=1.261 s
[DBG stage1] slow fread: R2 offset=0 requested=117964800 read=117964800 elapsed=1.084 s
step1 0x5800000049e0
[M::process] read chunk (19660800 bytes/CG x 6 CGs, 117964800 bytes)...
step2 get 0x5800000049e0
[M::swbwa_cross_runtime_init] initialized cross-segment runtime in 0.066 sec
start swbwa_cross_run
[M::mem_process_seqs_merge2] CPE FASTQ formatting done
start swbwa_cross_run
[DBG stage1] slow fread: R1 offset=117963996 requested=117964800 read=117964800 elapsed=1.746 s
[DBG stage1] slow fread: R2 offset=117963996 requested=117964800 read=117964800 elapsed=1.567 s
step1 0x5800000048f0
[M::process] read chunk (19660800 bytes/CG x 6 CGs, 117964800 bytes)...
slave pre done
now n is 1057218
start swbwa_cross_run
processed 1057218
[M::mem_process_seqs_merge2] Processed 1057218 reads in 1.720 CPU sec, 3.561 real sec
step2 put 0x5800000049e0
step2 get 0x5800000048f0
start swbwa_cross_run
step3 0x5800000049e0
[M::mem_process_seqs_merge2] CPE FASTQ formatting done
start swbwa_cross_run
[DBG stage1] slow fread: R1 offset=235927776 requested=117964800 read=117964800 elapsed=2.009 s
slave pre done
now n is 1051310
start swbwa_cross_run
processed 1051310
[M::mem_process_seqs_merge2] Processed 1051310 reads in 1.720 CPU sec, 3.001 real sec
step2 put 0x5800000048f0
[DBG stage1] slow fread: R2 offset=235927776 requested=117964800 read=117964800 elapsed=1.657 s
step1 0x580000004a30
[M::process] read chunk (19660800 bytes/CG x 6 CGs, 117964800 bytes)...
step2 get 0x580000004a30
start swbwa_cross_run
[M::mem_process_seqs_merge2] CPE FASTQ formatting done
start swbwa_cross_run
[DBG stage1] slow fread: R1 offset=353891556 requested=117964800 read=117964800 elapsed=2.426 s
slave pre done
now n is 1034770
start swbwa_cross_run
processed 1034770
[M::mem_process_seqs_merge2] Processed 1034770 reads in 1.550 CPU sec, 2.661 real sec
step2 put 0x580000004a30
[DBG stage1] slow fread: R2 offset=353891556 requested=117964800 read=117964800 elapsed=1.406 s
step1 0x580000005ac0
[M::process] read chunk (19660800 bytes/CG x 6 CGs, 117964800 bytes)...
step2 get 0x580000005ac0
start swbwa_cross_run
[M::mem_process_seqs_merge2] CPE FASTQ formatting done
start swbwa_cross_run
[DBG stage1] slow fread: R1 offset=471855336 requested=117964800 read=117964800 elapsed=2.202 s
slave pre done
now n is 1034770
step3 0x5800000048f0
start swbwa_cross_run
processed 1034770
[M::mem_process_seqs_merge2] Processed 1034770 reads in 1.880 CPU sec, 2.931 real sec
step2 put 0x580000005ac0
[DBG stage1] slow fread: R2 offset=471855336 requested=117964800 read=117964800 elapsed=1.422 s
step1 0x580000005b10
[M::process] read chunk (19660800 bytes/CG x 6 CGs, 117964800 bytes)...
step2 get 0x580000005b10
start swbwa_cross_run
[M::mem_process_seqs_merge2] CPE FASTQ formatting done
start swbwa_cross_run
[DBG stage1] slow fread: R1 offset=589819116 requested=117964800 read=117964800 elapsed=2.358 s
slave pre done
now n is 1034770
start swbwa_cross_run
processed 1034770
[M::mem_process_seqs_merge2] Processed 1034770 reads in 1.810 CPU sec, 2.671 real sec
step2 put 0x580000005b10
[DBG stage1] slow fread: R2 offset=589819116 requested=117964800 read=117964800 elapsed=1.389 s
step1 0x5800000049e0
[M::process] read chunk (19660800 bytes/CG x 6 CGs, 117964800 bytes)...
step2 get 0x5800000049e0
start swbwa_cross_run
[M::mem_process_seqs_merge2] CPE FASTQ formatting done
start swbwa_cross_run
[DBG stage1] slow fread: R1 offset=707782896 requested=117964800 read=117964800 elapsed=2.290 s
slave pre done
now n is 1034770
start swbwa_cross_run
processed 1034770
[M::mem_process_seqs_merge2] Processed 1034770 reads in 1.650 CPU sec, 2.751 real sec
step2 put 0x5800000049e0
[DBG stage1] slow fread: R2 offset=707782896 requested=117964800 read=117964800 elapsed=1.360 s
step1 0x580000005b60
[M::process] read chunk (19660800 bytes/CG x 6 CGs, 117964800 bytes)...
step2 get 0x580000005b60
step3 0x580000004a30
start swbwa_cross_run
[M::mem_process_seqs_merge2] CPE FASTQ formatting done
start swbwa_cross_run
[DBG stage1] slow fread: R1 offset=825746676 requested=117964800 read=117964800 elapsed=1.932 s
slave pre done
now n is 1034770
start swbwa_cross_run
processed 1034770
[M::mem_process_seqs_merge2] Processed 1034770 reads in 1.910 CPU sec, 2.861 real sec
step2 put 0x580000005b60
[DBG stage1] slow fread: R2 offset=825746676 requested=117964800 read=117964800 elapsed=1.983 s
step1 0x580000005bb0
[M::process] read chunk (19660800 bytes/CG x 6 CGs, 117964800 bytes)...
step2 get 0x580000005bb0
[DBG stage1] slow fread: R1 offset=943710456 requested=117964800 read=117964800 elapsed=1.253 s
[DBG stage1] slow fread: R2 offset=943710456 requested=117964800 read=117964800 elapsed=1.405 s
step1 0x5800000048f0
[M::process] read chunk (19660800 bytes/CG x 6 CGs, 117964800 bytes)...
[DBG stage1] slow fread: R1 offset=1061674236 requested=117964800 read=117964800 elapsed=1.388 s
step3 0x580000005ac0
start swbwa_cross_run
[DBG stage1] slow fread: R2 offset=1061674236 requested=117964800 read=117964800 elapsed=1.471 s
step1 0x580000006100
[M::process] read chunk (19660800 bytes/CG x 6 CGs, 117964800 bytes)...
[M::mem_process_seqs_merge2] CPE FASTQ formatting done
start swbwa_cross_run
[DBG stage1] slow fread: R1 offset=1179638016 requested=117964800 read=117964800 elapsed=2.311 s
slave pre done
now n is 1034770
start swbwa_cross_run
processed 1034770
[M::mem_process_seqs_merge2] Processed 1034770 reads in 1.960 CPU sec, 3.171 real sec
step2 put 0x580000005bb0
step2 get 0x5800000048f0
[DBG stage1] slow fread: R2 offset=1179638016 requested=117964800 read=117964800 elapsed=1.464 s
step1 0x580000004a30
[M::process] read chunk (19660800 bytes/CG x 6 CGs, 117964800 bytes)...
[DBG stage1] slow fread: R1 offset=1297601796 requested=117964800 read=117964800 elapsed=1.333 s
[DBG stage1] slow fread: R2 offset=1297601796 requested=117964800 read=117964800 elapsed=1.402 s
step1 0x580000006150
[M::process] read chunk (19660800 bytes/CG x 6 CGs, 117964800 bytes)...
[DBG stage1] slow fread: R1 offset=1415565576 requested=117964800 read=117964800 elapsed=1.425 s
step3 0x580000005b10
start swbwa_cross_run
[M::mem_process_seqs_merge2] CPE FASTQ formatting done
start swbwa_cross_run
[DBG stage1] slow fread: R2 offset=1415565576 requested=117964800 read=117964800 elapsed=1.835 s
step1 0x5800000061a0
slave pre done
now n is 1034770
start swbwa_cross_run
processed 1034770
[M::mem_process_seqs_merge2] Processed 1034770 reads in 1.380 CPU sec, 2.871 real sec
step2 put 0x5800000048f0
step2 get 0x580000006100
[M::process] read chunk (19660800 bytes/CG x 6 CGs, 117964800 bytes)...
[DBG stage1] slow fread: R1 offset=1533529356 requested=117964800 read=117964800 elapsed=1.421 s
[DBG stage1] slow fread: R2 offset=1533529356 requested=117964800 read=117964800 elapsed=1.418 s
step1 0x580000005ac0
step3 0x5800000049e0
start swbwa_cross_run
[M::mem_process_seqs_merge2] CPE FASTQ formatting done
start swbwa_cross_run
slave pre done
now n is 1034770
start swbwa_cross_run
processed 1034770
[M::mem_process_seqs_merge2] Processed 1034770 reads in 1.180 CPU sec, 2.681 real sec
step2 put 0x580000006100
step2 get 0x580000004a30
[M::process] read chunk (19660800 bytes/CG x 6 CGs, 117964800 bytes)...
[DBG stage1] slow fread: R1 offset=1651493136 requested=117964800 read=117964800 elapsed=1.446 s
[DBG stage1] slow fread: R2 offset=1651493136 requested=117964800 read=117964800 elapsed=1.293 s
step1 0x580000005b10
step3 0x580000005b60
start swbwa_cross_run
[M::mem_process_seqs_merge2] CPE FASTQ formatting done
start swbwa_cross_run
slave pre done
now n is 1034770
start swbwa_cross_run
processed 1034770
[M::mem_process_seqs_merge2] Processed 1034770 reads in 1.240 CPU sec, 2.871 real sec
step2 put 0x580000004a30
step2 get 0x580000006150
[M::process] read chunk (19660800 bytes/CG x 6 CGs, 117964800 bytes)...
[DBG stage1] slow fread: R1 offset=1769456916 requested=117964800 read=117964800 elapsed=1.499 s
[DBG stage1] slow fread: R2 offset=1769456916 requested=117964800 read=117964800 elapsed=1.372 s
step1 0x5800000049e0
step3 0x580000005bb0
start swbwa_cross_run
[M::mem_process_seqs_merge2] CPE FASTQ formatting done
start swbwa_cross_run
slave pre done
now n is 1034770
start swbwa_cross_run
processed 1034770
[M::mem_process_seqs_merge2] Processed 1034770 reads in 1.390 CPU sec, 2.921 real sec
step2 put 0x580000006150
step2 get 0x5800000061a0
[M::process] read chunk (19660800 bytes/CG x 6 CGs, 117964800 bytes)...
[DBG stage1] slow fread: R1 offset=1887420696 requested=117964800 read=117964800 elapsed=1.315 s
[DBG stage1] slow fread: R2 offset=1887420696 requested=117964800 read=117964800 elapsed=1.292 s
step1 0x580000005b60
step3 0x5800000048f0
start swbwa_cross_run
[M::mem_process_seqs_merge2] CPE FASTQ formatting done
start swbwa_cross_run
slave pre done
now n is 1034770
start swbwa_cross_run
processed 1034770
[M::mem_process_seqs_merge2] Processed 1034770 reads in 1.580 CPU sec, 3.140 real sec
step2 put 0x5800000061a0
step2 get 0x580000005ac0
[M::process] read chunk (19660800 bytes/CG x 6 CGs, 117964800 bytes)...
[DBG stage1] slow fread: R1 offset=2005384476 requested=117964800 read=117964800 elapsed=1.455 s
[DBG stage1] slow fread: R2 offset=2005384476 requested=117964800 read=117964800 elapsed=1.483 s
step1 0x580000005bb0
step3 0x580000006100
start swbwa_cross_run
[M::mem_process_seqs_merge2] CPE FASTQ formatting done
start swbwa_cross_run
slave pre done
now n is 1034770
start swbwa_cross_run
processed 1034770
[M::mem_process_seqs_merge2] Processed 1034770 reads in 1.210 CPU sec, 2.691 real sec
step2 put 0x580000005ac0
step2 get 0x580000005b10
[M::process] read chunk (19660800 bytes/CG x 6 CGs, 117964800 bytes)...
[DBG stage1] slow fread: R1 offset=2123348256 requested=117964800 read=117964800 elapsed=1.295 s
[DBG stage1] slow fread: R2 offset=2123348256 requested=117964800 read=117964800 elapsed=1.343 s
step1 0x5800000048f0
step3 0x580000004a30
start swbwa_cross_run
[M::mem_process_seqs_merge2] CPE FASTQ formatting done
start swbwa_cross_run
slave pre done
now n is 1034770
start swbwa_cross_run
processed 1034770
[M::mem_process_seqs_merge2] Processed 1034770 reads in 1.220 CPU sec, 2.871 real sec
step2 put 0x580000005b10
step2 get 0x5800000049e0
[M::process] read chunk (19660800 bytes/CG x 6 CGs, 117964800 bytes)...
[DBG stage1] slow fread: R1 offset=2241312036 requested=117964800 read=117964800 elapsed=1.327 s
[DBG stage1] slow fread: R2 offset=2241312036 requested=117964800 read=117964800 elapsed=1.306 s
step1 0x580000006100
step3 0x580000006150
start swbwa_cross_run
[M::mem_process_seqs_merge2] CPE FASTQ formatting done
start swbwa_cross_run
slave pre done
now n is 1034770
start swbwa_cross_run
processed 1034770
[M::mem_process_seqs_merge2] Processed 1034770 reads in 1.090 CPU sec, 2.641 real sec
step2 put 0x5800000049e0
step2 get 0x580000005b60
[M::process] read chunk (19660800 bytes/CG x 6 CGs, 117964800 bytes)...
[DBG stage1] slow fread: R1 offset=2359276036 requested=117964800 read=117964800 elapsed=1.529 s
[DBG stage1] slow fread: R2 offset=2359276036 requested=117964800 read=117964800 elapsed=1.291 s
step1 0x580000004a30
step3 0x5800000061a0
start swbwa_cross_run
[M::mem_process_seqs_merge2] CPE FASTQ formatting done
start swbwa_cross_run
slave pre done
now n is 1034770
start swbwa_cross_run
processed 1034770
[M::mem_process_seqs_merge2] Processed 1034770 reads in 1.160 CPU sec, 2.631 real sec
step2 put 0x580000005b60
step2 get 0x580000005bb0
[M::process] read chunk (19660800 bytes/CG x 6 CGs, 117964800 bytes)...
[DBG stage1] slow fread: R1 offset=2477239916 requested=117964800 read=117964800 elapsed=1.614 s
[DBG stage1] slow fread: R2 offset=2477239916 requested=117964800 read=117964800 elapsed=1.356 s
step1 0x580000006150
step3 0x580000005ac0
start swbwa_cross_run
[M::mem_process_seqs_merge2] CPE FASTQ formatting done
start swbwa_cross_run
slave pre done
now n is 1034770
start swbwa_cross_run
processed 1034770
[M::mem_process_seqs_merge2] Processed 1034770 reads in 1.180 CPU sec, 2.641 real sec
step2 put 0x580000005bb0
step2 get 0x5800000048f0
[M::process] read chunk (19660800 bytes/CG x 6 CGs, 117964800 bytes)...
[DBG stage1] slow fread: R1 offset=2595203796 requested=117964800 read=117964800 elapsed=1.426 s
[DBG stage1] slow fread: R2 offset=2595203796 requested=117964800 read=117964800 elapsed=1.472 s
step1 0x5800000061a0
step3 0x580000005b10
start swbwa_cross_run
[M::mem_process_seqs_merge2] CPE FASTQ formatting done
start swbwa_cross_run
slave pre done
now n is 1034770
start swbwa_cross_run
processed 1034770
[M::mem_process_seqs_merge2] Processed 1034770 reads in 1.170 CPU sec, 2.801 real sec
step2 put 0x5800000048f0
step2 get 0x580000006100
[M::process] read chunk (19660800 bytes/CG x 6 CGs, 117964800 bytes)...
[DBG stage1] slow fread: R1 offset=2713167676 requested=117964800 read=117964800 elapsed=1.470 s
[DBG stage1] slow fread: R2 offset=2713167676 requested=117964800 read=117964800 elapsed=1.495 s
step1 0x580000005ac0
step3 0x5800000049e0
start swbwa_cross_run
[M::mem_process_seqs_merge2] CPE FASTQ formatting done
start swbwa_cross_run
slave pre done
now n is 1022110
start swbwa_cross_run
processed 1022110
[M::mem_process_seqs_merge2] Processed 1022110 reads in 1.410 CPU sec, 2.861 real sec
step2 put 0x580000006100
step2 get 0x580000004a30
[M::process] read chunk (19660800 bytes/CG x 6 CGs, 117964800 bytes)...
[DBG stage1] slow fread: R1 offset=2831131556 requested=117964800 read=117964800 elapsed=1.299 s
[DBG stage1] slow fread: R2 offset=2831131556 requested=117964800 read=117964800 elapsed=1.343 s
step1 0x580000005b10
step3 0x580000005b60
start swbwa_cross_run
[M::mem_process_seqs_merge2] CPE FASTQ formatting done
start swbwa_cross_run
slave pre done
now n is 1016930
start swbwa_cross_run
processed 1016930
[M::mem_process_seqs_merge2] Processed 1016930 reads in 1.270 CPU sec, 2.691 real sec
step2 put 0x580000004a30
step2 get 0x580000006150
[M::process] read chunk (19660800 bytes/CG x 6 CGs, 117964800 bytes)...
[DBG stage1] slow fread: R1 offset=2949095436 requested=117964800 read=117964800 elapsed=1.546 s
[DBG stage1] slow fread: R2 offset=2949095436 requested=117964800 read=117964800 elapsed=1.299 s
step1 0x5800000049e0
step3 0x580000005bb0
start swbwa_cross_run
[M::mem_process_seqs_merge2] CPE FASTQ formatting done
start swbwa_cross_run
slave pre done
now n is 1016930
start swbwa_cross_run
processed 1016930
[M::mem_process_seqs_merge2] Processed 1016930 reads in 1.070 CPU sec, 2.611 real sec
step2 put 0x580000006150
step2 get 0x5800000061a0
[M::process] read chunk (19660800 bytes/CG x 6 CGs, 117964800 bytes)...
[DBG stage1] slow fread: R1 offset=3067059316 requested=117964800 read=117964800 elapsed=1.468 s
[DBG stage1] slow fread: R2 offset=3067059316 requested=117964800 read=117964800 elapsed=1.504 s
step1 0x580000005b60
step3 0x5800000048f0
start swbwa_cross_run
[M::mem_process_seqs_merge2] CPE FASTQ formatting done
start swbwa_cross_run
slave pre done
now n is 1016930
start swbwa_cross_run
processed 1016930
[M::mem_process_seqs_merge2] Processed 1016930 reads in 1.010 CPU sec, 2.560 real sec
step2 put 0x5800000061a0
step2 get 0x580000005ac0
[M::process] read chunk (19660800 bytes/CG x 6 CGs, 117964800 bytes)...
[DBG stage1] slow fread: R1 offset=3185023196 requested=117964800 read=117964800 elapsed=1.447 s
[DBG stage1] slow fread: R2 offset=3185023196 requested=117964800 read=117964800 elapsed=1.419 s
step1 0x580000005bb0
step3 0x580000006100
start swbwa_cross_run
[M::mem_process_seqs_merge2] CPE FASTQ formatting done
start swbwa_cross_run
slave pre done
now n is 1016930
start swbwa_cross_run
processed 1016930
[M::mem_process_seqs_merge2] Processed 1016930 reads in 1.110 CPU sec, 2.571 real sec
step2 put 0x580000005ac0
step2 get 0x580000005b10
[M::process] read chunk (19660800 bytes/CG x 6 CGs, 117964800 bytes)...
[DBG stage1] slow fread: R1 offset=3302987076 requested=117964800 read=117964800 elapsed=1.558 s
[DBG stage1] slow fread: R2 offset=3302987076 requested=117964800 read=117964800 elapsed=1.571 s
step1 0x5800000048f0
step3 0x580000004a30
start swbwa_cross_run
[M::mem_process_seqs_merge2] CPE FASTQ formatting done
start swbwa_cross_run
slave pre done
now n is 1016930
start swbwa_cross_run
processed 1016930
[M::mem_process_seqs_merge2] Processed 1016930 reads in 1.180 CPU sec, 2.641 real sec
step2 put 0x580000005b10
step2 get 0x5800000049e0
[M::process] read chunk (19660800 bytes/CG x 6 CGs, 78330392 bytes)...
step1 0x580000006100
step3 0x580000006150
start swbwa_cross_run
[M::mem_process_seqs_merge2] CPE FASTQ formatting done
start swbwa_cross_run
slave pre done
now n is 1016930
start swbwa_cross_run
processed 1016930
[M::mem_process_seqs_merge2] Processed 1016930 reads in 0.980 CPU sec, 2.691 real sec
step2 put 0x5800000049e0
step2 get 0x580000005b60
step3 0x5800000061a0
start swbwa_cross_run
[M::mem_process_seqs_merge2] CPE FASTQ formatting done
start swbwa_cross_run
slave pre done
now n is 1016930
start swbwa_cross_run
processed 1016930
[M::mem_process_seqs_merge2] Processed 1016930 reads in 0.920 CPU sec, 2.621 real sec
step2 put 0x580000005b60
step2 get 0x580000005bb0
step3 0x580000005ac0
start swbwa_cross_run
[M::mem_process_seqs_merge2] CPE FASTQ formatting done
start swbwa_cross_run
slave pre done
now n is 1016930
start swbwa_cross_run
processed 1016930
[M::mem_process_seqs_merge2] Processed 1016930 reads in 1.030 CPU sec, 2.661 real sec
step2 put 0x580000005bb0
step2 get 0x5800000048f0
step3 0x580000005b10
start swbwa_cross_run
[M::mem_process_seqs_merge2] CPE FASTQ formatting done
start swbwa_cross_run
slave pre done
now n is 1016930
start swbwa_cross_run
processed 1016930
[M::mem_process_seqs_merge2] Processed 1016930 reads in 1.580 CPU sec, 3.491 real sec
step2 put 0x5800000048f0
step2 get 0x580000006100
step3 0x5800000049e0
start swbwa_cross_run
[M::mem_process_seqs_merge2] CPE FASTQ formatting done
start swbwa_cross_run
step3 0x580000005b60
slave pre done
now n is 675262
start swbwa_cross_run
processed 675262
[M::mem_process_seqs_merge2] Processed 675262 reads in 5.730 CPU sec, 9.911 real sec
step2 put 0x580000006100
step3 0x580000005bb0
step3 0x5800000048f0
step3 0x580000006100

====================== SWBWA Output Debug =====================
  MPI rank: 000000 / 000001
  mode:     non-MPI POSIX
  path:     bigdata_results/cgs_cross_system/no1/ERR1203383_PE.sam

  Output volume
    output buffer capacity                           67108864
    swbwa_output_write calls                        30549360
    submitted SAM bytes                           8029871401
    buffered flushes                                     120
    buffered flush bytes                          8029871401
    direct oversized writes                                0
    direct oversized bytes                                 0

  Buffering
    buffered flush total                       152.233532 s  (120 calls, 1268612.763 us/call)

  POSIX file writes
    write system calls                                    120
    write system-call bytes                        8029871401
    POSIX write system calls                   152.233032 s  (120 calls, 1268608.598 us/call)
    POSIX write effective bandwidth                50.304 MiB/s

  Output close timing
    POSIX close                                  0.000452 s  (1 calls,   451.851 us/call)
================================================================


======================= SWBWA Timing Report =======================
  Accumulated wall-clock time; indented rows are included in
  their parent row and must not be added to it.

  Pipeline
    total - complete three-stage pipeline                   200.828 s
    stage 1 - allocate and read raw FASTQ blocks             90.357 s
    stage 2 - align reads and generate SAM records           91.681 s
    stage 3 - write SAM and release batch data              194.267 s
      SAM output writes                                       179.686 s
      batch cleanup and loop overhead (derived)                14.581 s

  Stage 1 input details
    batches completed / stage calls                      30 / 31
    input-buffer and batch allocations                        0.001 s  (91 calls, max 0.001 s)
    aggregate requested allocation bytes           6998682608
    FASTQ fseeko calls                                        0.000 s  (60 calls, max 0.000 s)
    FASTQ fread calls                                        90.324 s  (60 calls, max 2.426 s)
    align chunk ends to FASTQ record boundaries               0.000 s  (58 calls, max 0.000 s)
    scheduler, checks and bookkeeping (derived)               0.031 s
    raw FASTQ bytes read                           6998619184  (6674.403 MiB)
    effective fread bandwidth                         73.894 MiB/s
    slowest allocation                                 0.001 s  (64 bytes)
    slowest fread                                      2.426 s  (R1 offset=353891556, bytes=117964800)

  Stage 2 worker details
    total - active merge worker                              91.673 s
      part 1 - prepare CPE task and reusable buffers            1.568 s
      part 2 - CPE FASTQ formatting and input release           0.487 s
      part 3 - CPE alignment and SAM length pass               84.852 s
      part 4 - assign slices in the shared SAM buffer           3.318 s
      part 5 - CPE SAM record generation                        1.441 s
      part 6 - release temporary worker data                    0.002 s

  Reserved allocator timers (no active timing sites)
    malloc timer                                              0.000 s
    free timer                                                0.000 s
===================================================================

[main] Version: 0.0.1
[main] CMD: ./SWBWA mem -v 4 -t 1 -o bigdata_results/cgs_cross_system/no1/ERR1203383_PE.sam -I 170,80,500,1 ../data/GRCh38.d1.vd1.fa ../data/bwa_test_big_data/ERR1203383_1.fastq ../data/bwa_test_big_data/ERR1203383_2.fastq
