[M::main_mem] mean insert size: 170.000, stddev: 80.000, max: 500, min: 1
[CPE input] bytes_per_cg=19660800 cg_count=6 chunk_bytes=117964800 file_bytes=3499281348
malloc bwt->bwt 3107576584, 0x580000486040
malloc bwt->sa 1553788264, 0x5800b9823b60
[M::bwa_idx_load_from_disk] read 0 ALT contigs
malloc pac 776894131, 0x580116285940
the input file is ../data/bwa_test_big_data/ERR1203383_1.fastq
the output file is bigdata_results/cgs_cross_system/no1/ERR1203383_SE.sam
[M::process] read chunk (19660800 bytes/CG x 6 CGs, 117964800 bytes)...
step1 0x5800000049e0
[M::process] read chunk (19660800 bytes/CG x 6 CGs, 117964800 bytes)...
step2 get 0x5800000049e0
[M::swbwa_cross_runtime_init] initialized cross-segment runtime in 0.076 sec
start swbwa_cross_run
[M::mem_process_seqs_merge2] CPE FASTQ formatting done
start swbwa_cross_run
[DBG stage1] slow fread: R1 offset=117963996 requested=117964800 read=117964800 elapsed=1.466 s
step1 0x5800000048f0
[M::process] read chunk (19660800 bytes/CG x 6 CGs, 117964800 bytes)...
slave pre done
now n is 528609
start swbwa_cross_run
processed 528609
[M::mem_process_seqs_merge2] Processed 528609 reads in 1.240 CPU sec, 2.030 real sec
step2 put 0x5800000049e0
step2 get 0x5800000048f0
step3 0x5800000049e0
start swbwa_cross_run
[M::mem_process_seqs_merge2] CPE FASTQ formatting done
start swbwa_cross_run
slave pre done
now n is 525655
start swbwa_cross_run
processed 525655
[M::mem_process_seqs_merge2] Processed 525655 reads in 0.980 CPU sec, 1.340 real sec
step2 put 0x5800000048f0
[DBG stage1] slow fread: R1 offset=235927776 requested=117964800 read=117964800 elapsed=2.131 s
step1 0x580000004a30
[M::process] read chunk (19660800 bytes/CG x 6 CGs, 117964800 bytes)...
step2 get 0x580000004a30
start swbwa_cross_run
[M::mem_process_seqs_merge2] CPE FASTQ formatting done
start swbwa_cross_run
slave pre done
now n is 517385
start swbwa_cross_run
processed 517385
[M::mem_process_seqs_merge2] Processed 517385 reads in 0.490 CPU sec, 1.300 real sec
step2 put 0x580000004a30
[DBG stage1] slow fread: R1 offset=353891556 requested=117964800 read=117964800 elapsed=1.795 s
step1 0x580000005d40
[M::process] read chunk (19660800 bytes/CG x 6 CGs, 117964800 bytes)...
step2 get 0x580000005d40
start swbwa_cross_run
[M::mem_process_seqs_merge2] CPE FASTQ formatting done
start swbwa_cross_run
step3 0x5800000048f0
slave pre done
now n is 517385
start swbwa_cross_run
processed 517385
[M::mem_process_seqs_merge2] Processed 517385 reads in 0.710 CPU sec, 1.401 real sec
step2 put 0x580000005d40
[DBG stage1] slow fread: R1 offset=471855336 requested=117964800 read=117964800 elapsed=1.826 s
step1 0x580000005d90
[M::process] read chunk (19660800 bytes/CG x 6 CGs, 117964800 bytes)...
step2 get 0x580000005d90
start swbwa_cross_run
[M::mem_process_seqs_merge2] CPE FASTQ formatting done
start swbwa_cross_run
slave pre done
now n is 517385
start swbwa_cross_run
processed 517385
[M::mem_process_seqs_merge2] Processed 517385 reads in 0.730 CPU sec, 1.340 real sec
step2 put 0x580000005d90
[DBG stage1] slow fread: R1 offset=589819116 requested=117964800 read=117964800 elapsed=1.770 s
step1 0x5800000049e0
[M::process] read chunk (19660800 bytes/CG x 6 CGs, 117964800 bytes)...
step2 get 0x5800000049e0
start swbwa_cross_run
[M::mem_process_seqs_merge2] CPE FASTQ formatting done
start swbwa_cross_run
slave pre done
now n is 517385
start swbwa_cross_run
processed 517385
[M::mem_process_seqs_merge2] Processed 517385 reads in 0.660 CPU sec, 1.371 real sec
step2 put 0x5800000049e0
[DBG stage1] slow fread: R1 offset=707782896 requested=117964800 read=117964800 elapsed=1.754 s
step1 0x580000005de0
[M::process] read chunk (19660800 bytes/CG x 6 CGs, 117964800 bytes)...
step2 get 0x580000005de0
step3 0x580000004a30
start swbwa_cross_run
[M::mem_process_seqs_merge2] CPE FASTQ formatting done
start swbwa_cross_run
[DBG stage1] slow fread: R1 offset=825746676 requested=117964800 read=117964800 elapsed=1.579 s
step1 0x580000005e30
[M::process] read chunk (19660800 bytes/CG x 6 CGs, 117964800 bytes)...
slave pre done
now n is 517385
start swbwa_cross_run
processed 517385
[M::mem_process_seqs_merge2] Processed 517385 reads in 0.740 CPU sec, 1.351 real sec
step2 put 0x580000005de0
step2 get 0x580000005e30
[DBG stage1] slow fread: R1 offset=943710456 requested=117964800 read=117964800 elapsed=1.152 s
step1 0x5800000048f0
[M::process] read chunk (19660800 bytes/CG x 6 CGs, 117964800 bytes)...
[DBG stage1] slow fread: R1 offset=1061674236 requested=117964800 read=117964800 elapsed=1.295 s
step1 0x580000005e80
[M::process] read chunk (19660800 bytes/CG x 6 CGs, 117964800 bytes)...
step1 0x580000005ed0
[M::process] read chunk (19660800 bytes/CG x 6 CGs, 117964800 bytes)...
step3 0x580000005d40
start swbwa_cross_run
[M::mem_process_seqs_merge2] CPE FASTQ formatting done
start swbwa_cross_run
slave pre done
now n is 517385
start swbwa_cross_run
processed 517385
[M::mem_process_seqs_merge2] Processed 517385 reads in 0.870 CPU sec, 1.462 real sec
step2 put 0x580000005e30
step2 get 0x5800000048f0
[DBG stage1] slow fread: R1 offset=1297601796 requested=117964800 read=117964800 elapsed=1.847 s
step1 0x580000005f20
[M::process] read chunk (19660800 bytes/CG x 6 CGs, 117964800 bytes)...
step1 0x580000004a30
step3 0x580000005d90
start swbwa_cross_run
[M::mem_process_seqs_merge2] CPE FASTQ formatting done
start swbwa_cross_run
slave pre done
now n is 517385
start swbwa_cross_run
processed 517385
[M::mem_process_seqs_merge2] Processed 517385 reads in 0.640 CPU sec, 1.341 real sec
step2 put 0x5800000048f0
step2 get 0x580000005e80
[M::process] read chunk (19660800 bytes/CG x 6 CGs, 117964800 bytes)...
[DBG stage1] slow fread: R1 offset=1533529356 requested=117964800 read=117964800 elapsed=1.352 s
step1 0x580000005d40
step3 0x5800000049e0
start swbwa_cross_run
[M::mem_process_seqs_merge2] CPE FASTQ formatting done
start swbwa_cross_run
slave pre done
now n is 517385
start swbwa_cross_run
processed 517385
[M::mem_process_seqs_merge2] Processed 517385 reads in 0.790 CPU sec, 1.290 real sec
step2 put 0x580000005e80
step2 get 0x580000005ed0
[M::process] read chunk (19660800 bytes/CG x 6 CGs, 117964800 bytes)...
step1 0x580000005d90
step3 0x580000005de0
start swbwa_cross_run
[M::mem_process_seqs_merge2] CPE FASTQ formatting done
start swbwa_cross_run
slave pre done
now n is 517385
start swbwa_cross_run
processed 517385
[M::mem_process_seqs_merge2] Processed 517385 reads in 0.450 CPU sec, 1.340 real sec
step2 put 0x580000005ed0
step2 get 0x580000005f20
[M::process] read chunk (19660800 bytes/CG x 6 CGs, 117964800 bytes)...
[DBG stage1] slow fread: R1 offset=1769456916 requested=117964800 read=117964800 elapsed=1.192 s
step1 0x5800000049e0
step3 0x580000005e30
start swbwa_cross_run
[M::mem_process_seqs_merge2] CPE FASTQ formatting done
start swbwa_cross_run
slave pre done
now n is 517385
start swbwa_cross_run
processed 517385
[M::mem_process_seqs_merge2] Processed 517385 reads in 0.410 CPU sec, 1.380 real sec
step2 put 0x580000005f20
step2 get 0x580000004a30
[M::process] read chunk (19660800 bytes/CG x 6 CGs, 117964800 bytes)...
[DBG stage1] slow fread: R1 offset=1887420696 requested=117964800 read=117964800 elapsed=1.186 s
step1 0x580000005de0
step3 0x5800000048f0
start swbwa_cross_run
[M::mem_process_seqs_merge2] CPE FASTQ formatting done
start swbwa_cross_run
slave pre done
now n is 517385
start swbwa_cross_run
processed 517385
[M::mem_process_seqs_merge2] Processed 517385 reads in 0.610 CPU sec, 1.500 real sec
step2 put 0x580000004a30
step2 get 0x580000005d40
[M::process] read chunk (19660800 bytes/CG x 6 CGs, 117964800 bytes)...
[DBG stage1] slow fread: R1 offset=2005384476 requested=117964800 read=117964800 elapsed=1.144 s
step1 0x580000005e30
step3 0x580000005e80
start swbwa_cross_run
[M::mem_process_seqs_merge2] CPE FASTQ formatting done
start swbwa_cross_run
slave pre done
now n is 517385
start swbwa_cross_run
processed 517385
[M::mem_process_seqs_merge2] Processed 517385 reads in 0.630 CPU sec, 1.330 real sec
step2 put 0x580000005d40
step2 get 0x580000005d90
[M::process] read chunk (19660800 bytes/CG x 6 CGs, 117964800 bytes)...
[DBG stage1] slow fread: R1 offset=2123348256 requested=117964800 read=117964800 elapsed=1.272 s
step1 0x5800000048f0
step3 0x580000005ed0
start swbwa_cross_run
[M::mem_process_seqs_merge2] CPE FASTQ formatting done
start swbwa_cross_run
slave pre done
now n is 517385
start swbwa_cross_run
processed 517385
[M::mem_process_seqs_merge2] Processed 517385 reads in 0.630 CPU sec, 1.310 real sec
step2 put 0x580000005d90
step2 get 0x5800000049e0
[M::process] read chunk (19660800 bytes/CG x 6 CGs, 117964800 bytes)...
[DBG stage1] slow fread: R1 offset=2241312036 requested=117964800 read=117964800 elapsed=1.050 s
step1 0x580000005e80
step3 0x580000005f20
start swbwa_cross_run
[M::mem_process_seqs_merge2] CPE FASTQ formatting done
start swbwa_cross_run
slave pre done
now n is 517385
start swbwa_cross_run
processed 517385
[M::mem_process_seqs_merge2] Processed 517385 reads in 0.320 CPU sec, 1.250 real sec
step2 put 0x5800000049e0
step2 get 0x580000005de0
[M::process] read chunk (19660800 bytes/CG x 6 CGs, 117964800 bytes)...
[DBG stage1] slow fread: R1 offset=2359276036 requested=117964800 read=117964800 elapsed=1.187 s
step1 0x580000005ed0
step3 0x580000004a30
start swbwa_cross_run
[M::mem_process_seqs_merge2] CPE FASTQ formatting done
start swbwa_cross_run
slave pre done
now n is 517385
start swbwa_cross_run
processed 517385
[M::mem_process_seqs_merge2] Processed 517385 reads in 0.420 CPU sec, 1.260 real sec
step2 put 0x580000005de0
step2 get 0x580000005e30
[M::process] read chunk (19660800 bytes/CG x 6 CGs, 117964800 bytes)...
[DBG stage1] slow fread: R1 offset=2477239916 requested=117964800 read=117964800 elapsed=1.341 s
step1 0x580000005f20
step3 0x580000005d40
start swbwa_cross_run
[M::mem_process_seqs_merge2] CPE FASTQ formatting done
start swbwa_cross_run
slave pre done
now n is 517385
start swbwa_cross_run
processed 517385
[M::mem_process_seqs_merge2] Processed 517385 reads in 0.520 CPU sec, 1.250 real sec
step2 put 0x580000005e30
step2 get 0x5800000048f0
[M::process] read chunk (19660800 bytes/CG x 6 CGs, 117964800 bytes)...
[DBG stage1] slow fread: R1 offset=2595203796 requested=117964800 read=117964800 elapsed=1.251 s
step1 0x580000004a30
step3 0x580000005d90
start swbwa_cross_run
[M::mem_process_seqs_merge2] CPE FASTQ formatting done
start swbwa_cross_run
slave pre done
now n is 517385
start swbwa_cross_run
processed 517385
[M::mem_process_seqs_merge2] Processed 517385 reads in 0.440 CPU sec, 1.320 real sec
step2 put 0x5800000048f0
step2 get 0x580000005e80
[M::process] read chunk (19660800 bytes/CG x 6 CGs, 117964800 bytes)...
[DBG stage1] slow fread: R1 offset=2713167676 requested=117964800 read=117964800 elapsed=1.149 s
step1 0x580000005d40
step3 0x5800000049e0
start swbwa_cross_run
[M::mem_process_seqs_merge2] CPE FASTQ formatting done
start swbwa_cross_run
slave pre done
now n is 511055
start swbwa_cross_run
processed 511055
[M::mem_process_seqs_merge2] Processed 511055 reads in 0.720 CPU sec, 1.321 real sec
step2 put 0x580000005e80
step2 get 0x580000005ed0
[M::process] read chunk (19660800 bytes/CG x 6 CGs, 117964800 bytes)...
step3 0x580000005de0
start swbwa_cross_run
[M::mem_process_seqs_merge2] CPE FASTQ formatting done
start swbwa_cross_run
[DBG stage1] slow fread: R1 offset=2831131556 requested=117964800 read=117964800 elapsed=1.096 s
step1 0x580000005d90
slave pre done
now n is 508465
start swbwa_cross_run
processed 508465
[M::mem_process_seqs_merge2] Processed 508465 reads in 0.470 CPU sec, 1.270 real sec
step2 put 0x580000005ed0
step2 get 0x580000005f20
[M::process] read chunk (19660800 bytes/CG x 6 CGs, 117964800 bytes)...
[DBG stage1] slow fread: R1 offset=2949095436 requested=117964800 read=117964800 elapsed=1.307 s
step1 0x5800000049e0
step3 0x580000005e30
start swbwa_cross_run
[M::mem_process_seqs_merge2] CPE FASTQ formatting done
start swbwa_cross_run
slave pre done
now n is 508465
start swbwa_cross_run
processed 508465
[M::mem_process_seqs_merge2] Processed 508465 reads in 0.510 CPU sec, 1.251 real sec
step2 put 0x580000005f20
step2 get 0x580000004a30
[M::process] read chunk (19660800 bytes/CG x 6 CGs, 117964800 bytes)...
[DBG stage1] slow fread: R1 offset=3067059316 requested=117964800 read=117964800 elapsed=1.288 s
step1 0x580000005de0
step3 0x5800000048f0
start swbwa_cross_run
[M::mem_process_seqs_merge2] CPE FASTQ formatting done
start swbwa_cross_run
slave pre done
now n is 508465
start swbwa_cross_run
processed 508465
[M::mem_process_seqs_merge2] Processed 508465 reads in 0.520 CPU sec, 1.271 real sec
step2 put 0x580000004a30
step2 get 0x580000005d40
[M::process] read chunk (19660800 bytes/CG x 6 CGs, 117964800 bytes)...
[DBG stage1] slow fread: R1 offset=3185023196 requested=117964800 read=117964800 elapsed=1.323 s
step1 0x580000005e30
step3 0x580000005e80
start swbwa_cross_run
[M::mem_process_seqs_merge2] CPE FASTQ formatting done
start swbwa_cross_run
slave pre done
now n is 508465
start swbwa_cross_run
processed 508465
[M::mem_process_seqs_merge2] Processed 508465 reads in 0.590 CPU sec, 1.261 real sec
step2 put 0x580000005d40
step2 get 0x580000005d90
[M::process] read chunk (19660800 bytes/CG x 6 CGs, 117964800 bytes)...
[DBG stage1] slow fread: R1 offset=3302987076 requested=117964800 read=117964800 elapsed=1.245 s
step1 0x5800000048f0
step3 0x580000005ed0
start swbwa_cross_run
[M::mem_process_seqs_merge2] CPE FASTQ formatting done
start swbwa_cross_run
slave pre done
now n is 508465
start swbwa_cross_run
processed 508465
[M::mem_process_seqs_merge2] Processed 508465 reads in 0.600 CPU sec, 1.291 real sec
step2 put 0x580000005d90
step2 get 0x5800000049e0
[M::process] read chunk (19660800 bytes/CG x 6 CGs, 78330392 bytes)...
step1 0x580000005e80
step3 0x580000005f20
start swbwa_cross_run
[M::mem_process_seqs_merge2] CPE FASTQ formatting done
start swbwa_cross_run
slave pre done
now n is 508465
start swbwa_cross_run
processed 508465
[M::mem_process_seqs_merge2] Processed 508465 reads in 0.340 CPU sec, 1.291 real sec
step2 put 0x5800000049e0
step2 get 0x580000005de0
step3 0x580000004a30
start swbwa_cross_run
[M::mem_process_seqs_merge2] CPE FASTQ formatting done
start swbwa_cross_run
slave pre done
now n is 508465
start swbwa_cross_run
processed 508465
[M::mem_process_seqs_merge2] Processed 508465 reads in 0.450 CPU sec, 1.281 real sec
step2 put 0x580000005de0
step2 get 0x580000005e30
step3 0x580000005d40
start swbwa_cross_run
[M::mem_process_seqs_merge2] CPE FASTQ formatting done
start swbwa_cross_run
slave pre done
now n is 508465
start swbwa_cross_run
processed 508465
[M::mem_process_seqs_merge2] Processed 508465 reads in 0.490 CPU sec, 1.271 real sec
step2 put 0x580000005e30
step2 get 0x5800000048f0
step3 0x580000005d90
start swbwa_cross_run
[M::mem_process_seqs_merge2] CPE FASTQ formatting done
start swbwa_cross_run
slave pre done
now n is 508465
start swbwa_cross_run
processed 508465
[M::mem_process_seqs_merge2] Processed 508465 reads in 0.720 CPU sec, 1.560 real sec
step2 put 0x5800000048f0
step2 get 0x580000005e80
step3 0x5800000049e0
start swbwa_cross_run
[M::mem_process_seqs_merge2] CPE FASTQ formatting done
start swbwa_cross_run
step3 0x580000005de0
slave pre done
now n is 337631
start swbwa_cross_run
processed 337631
[M::mem_process_seqs_merge2] Processed 337631 reads in 2.120 CPU sec, 3.422 real sec
step2 put 0x580000005e80
step3 0x580000005e30
step3 0x5800000048f0
step3 0x580000005e80

====================== SWBWA Output Debug =====================
  MPI rank: 000000 / 000001
  mode:     non-MPI POSIX
  path:     bigdata_results/cgs_cross_system/no1/ERR1203383_SE.sam

  Output volume
    output buffer capacity                           67108864
    swbwa_output_write calls                        15274680
    submitted SAM bytes                           3590277649
    buffered flushes                                      54
    buffered flush bytes                          3590277649
    direct oversized writes                                0
    direct oversized bytes                                 0

  Buffering
    buffered flush total                        76.232061 s  (54 calls, 1411704.829 us/call)

  POSIX file writes
    write system calls                                     54
    write system-call bytes                        3590277649
    POSIX write system calls                    76.231856 s  (54 calls, 1411701.033 us/call)
    POSIX write effective bandwidth                44.915 MiB/s

  Output close timing
    POSIX close                                  0.001294 s  (1 calls,  1293.703 us/call)
================================================================


======================= SWBWA Timing Report =======================
  Accumulated wall-clock time; indented rows are included in
  their parent row and must not be added to it.

  Pipeline
    total - complete three-stage pipeline                   101.109 s
    stage 1 - allocate and read raw FASTQ blocks             39.433 s
    stage 2 - align reads and generate SAM records           42.667 s
    stage 3 - write SAM and release batch data               97.781 s
      SAM output writes                                        90.343 s
      batch cleanup and loop overhead (derived)                 7.438 s

  Stage 1 input details
    batches completed / stage calls                      30 / 31
    input-buffer and batch allocations                        0.001 s  (61 calls, max 0.000 s)
    aggregate requested allocation bytes           3499342296
    FASTQ fseeko calls                                        0.000 s  (30 calls, max 0.000 s)
    FASTQ fread calls                                        39.419 s  (30 calls, max 2.131 s)
    align chunk ends to FASTQ record boundaries               0.000 s  (29 calls, max 0.000 s)
    scheduler, checks and bookkeeping (derived)               0.013 s
    raw FASTQ bytes read                           3499309592  (3337.202 MiB)
    effective fread bandwidth                         84.660 MiB/s
    slowest allocation                                 0.000 s  (64 bytes)
    slowest fread                                      2.131 s  (R1 offset=235927776, bytes=117964800)

  Stage 2 worker details
    total - active merge worker                              42.659 s
      part 1 - prepare CPE task and reusable buffers            1.484 s
      part 2 - CPE FASTQ formatting and input release           0.368 s
      part 3 - CPE alignment and SAM length pass               38.600 s
      part 4 - assign slices in the shared SAM buffer           1.446 s
      part 5 - CPE SAM record generation                        0.753 s
      part 6 - release temporary worker data                    0.000 s

  Reserved allocator timers (no active timing sites)
    malloc timer                                              0.000 s
    free timer                                                0.000 s
===================================================================

[main] Version: 0.0.1
[main] CMD: ./SWBWA mem -v 4 -t 1 -o bigdata_results/cgs_cross_system/no1/ERR1203383_SE.sam -I 170,80,500,1 ../data/GRCh38.d1.vd1.fa ../data/bwa_test_big_data/ERR1203383_1.fastq
