[M::main_mem] mean insert size: 170.000, stddev: 80.000, max: 500, min: 1
[CPE input] bytes_per_cg=19660800 cg_count=6 chunk_bytes=117964800 file_bytes=3795555588
malloc bwt->bwt 3107576584, 0x580000486040
malloc bwt->sa 1553788264, 0x5800b9823b60
[M::bwa_idx_load_from_disk] read 0 ALT contigs
malloc pac 776894131, 0x580116285940
the input file is ../data/bwa_test_big_data/small_SRR7963242_1.fastq
the output file is bigdata_results/cgs_cross_system/no1/small_SRR7963242_SE.sam
[M::process] read chunk (19660800 bytes/CG x 6 CGs, 117964800 bytes)...
step1 0x5800000048f0
[M::process] read chunk (19660800 bytes/CG x 6 CGs, 117964800 bytes)...
step2 get 0x5800000048f0
[M::swbwa_cross_runtime_init] initialized cross-segment runtime in 0.070 sec
start swbwa_cross_run
[M::mem_process_seqs_merge2] CPE FASTQ formatting done
start swbwa_cross_run
[DBG stage1] slow fread: R1 offset=117963996 requested=117964800 read=117964800 elapsed=1.003 s
step1 0x580000004a30
[M::process] read chunk (19660800 bytes/CG x 6 CGs, 117964800 bytes)...
[DBG stage1] slow fread: R1 offset=235927980 requested=117964800 read=117964800 elapsed=1.169 s
step1 0x580000005d40
[M::process] read chunk (19660800 bytes/CG x 6 CGs, 117964800 bytes)...
[DBG stage1] slow fread: R1 offset=353891964 requested=117964800 read=117964800 elapsed=1.212 s
step1 0x580000005d90
[M::process] read chunk (19660800 bytes/CG x 6 CGs, 117964800 bytes)...
slave pre done
now n is 314916
start swbwa_cross_run
processed 314916
[M::mem_process_seqs_merge2] Processed 314916 reads in 2.670 CPU sec, 3.941 real sec
step2 put 0x5800000048f0
step2 get 0x580000004a30
step3 0x5800000048f0
start swbwa_cross_run
[M::mem_process_seqs_merge2] CPE FASTQ formatting done
start swbwa_cross_run
[DBG stage1] slow fread: R1 offset=471855944 requested=117964800 read=117964800 elapsed=1.258 s
step1 0x580000005de0
[M::process] read chunk (19660800 bytes/CG x 6 CGs, 117964800 bytes)...
[DBG stage1] slow fread: R1 offset=589819724 requested=117964800 read=117964800 elapsed=1.893 s
step1 0x580000005e30
slave pre done
now n is 313734
start swbwa_cross_run
processed 313734
[M::mem_process_seqs_merge2] Processed 313734 reads in 1.730 CPU sec, 2.811 real sec
step2 put 0x580000004a30
step2 get 0x580000005d40
[M::process] read chunk (19660800 bytes/CG x 6 CGs, 117964800 bytes)...
step3 0x580000004a30
start swbwa_cross_run
[M::mem_process_seqs_merge2] CPE FASTQ formatting done
start swbwa_cross_run
[DBG stage1] slow fread: R1 offset=707783504 requested=117964800 read=117964800 elapsed=1.999 s
step1 0x5800000048f0
slave pre done
now n is 313734
start swbwa_cross_run
processed 313734
[M::mem_process_seqs_merge2] Processed 313734 reads in 1.320 CPU sec, 2.659 real sec
step2 put 0x580000005d40
step2 get 0x580000005d90
[M::process] read chunk (19660800 bytes/CG x 6 CGs, 117964800 bytes)...
start swbwa_cross_run
[M::mem_process_seqs_merge2] CPE FASTQ formatting done
start swbwa_cross_run
[DBG stage1] slow fread: R1 offset=825747284 requested=117964800 read=117964800 elapsed=1.809 s
step1 0x580000005e80
step3 0x580000005d40
slave pre done
now n is 311038
start swbwa_cross_run
processed 311038
[M::mem_process_seqs_merge2] Processed 311038 reads in 1.430 CPU sec, 2.610 real sec
step2 put 0x580000005d90
step2 get 0x580000005de0
start swbwa_cross_run
[M::process] read chunk (19660800 bytes/CG x 6 CGs, 117964800 bytes)...
[M::mem_process_seqs_merge2] CPE FASTQ formatting done
start swbwa_cross_run
[DBG stage1] slow fread: R1 offset=943711064 requested=117964800 read=117964800 elapsed=1.801 s
step1 0x580000004a30
slave pre done
now n is 310431
start swbwa_cross_run
processed 310431
[M::mem_process_seqs_merge2] Processed 310431 reads in 1.320 CPU sec, 2.631 real sec
step2 put 0x580000005de0
step2 get 0x580000005e30
start swbwa_cross_run
[M::process] read chunk (19660800 bytes/CG x 6 CGs, 117964800 bytes)...
[M::mem_process_seqs_merge2] CPE FASTQ formatting done
start swbwa_cross_run
step3 0x580000005d90
[DBG stage1] slow fread: R1 offset=1061674844 requested=117964800 read=117964800 elapsed=1.914 s
step1 0x580000005ed0
slave pre done
now n is 310431
start swbwa_cross_run
processed 310431
[M::mem_process_seqs_merge2] Processed 310431 reads in 1.360 CPU sec, 2.659 real sec
step2 put 0x580000005e30
step2 get 0x5800000048f0
[M::process] read chunk (19660800 bytes/CG x 6 CGs, 117964800 bytes)...
start swbwa_cross_run
[M::mem_process_seqs_merge2] CPE FASTQ formatting done
start swbwa_cross_run
[DBG stage1] slow fread: R1 offset=1179638624 requested=117964800 read=117964800 elapsed=1.782 s
step1 0x580000005d40
step3 0x580000005de0
slave pre done
now n is 310431
start swbwa_cross_run
processed 310431
[M::mem_process_seqs_merge2] Processed 310431 reads in 1.490 CPU sec, 2.658 real sec
step2 put 0x5800000048f0
step2 get 0x580000005e80
[M::process] read chunk (19660800 bytes/CG x 6 CGs, 117964800 bytes)...
start swbwa_cross_run
[M::mem_process_seqs_merge2] CPE FASTQ formatting done
start swbwa_cross_run
[DBG stage1] slow fread: R1 offset=1297602404 requested=117964800 read=117964800 elapsed=1.932 s
step1 0x580000005d90
slave pre done
now n is 310431
start swbwa_cross_run
processed 310431
[M::mem_process_seqs_merge2] Processed 310431 reads in 1.460 CPU sec, 2.581 real sec
step2 put 0x580000005e80
step2 get 0x580000004a30
start swbwa_cross_run
[M::process] read chunk (19660800 bytes/CG x 6 CGs, 117964800 bytes)...
[M::mem_process_seqs_merge2] CPE FASTQ formatting done
start swbwa_cross_run
[DBG stage1] slow fread: R1 offset=1415566184 requested=117964800 read=117964800 elapsed=1.906 s
step1 0x580000005f20
step3 0x580000005e30
slave pre done
now n is 310431
start swbwa_cross_run
processed 310431
[M::mem_process_seqs_merge2] Processed 310431 reads in 1.260 CPU sec, 2.659 real sec
step2 put 0x580000004a30
step2 get 0x580000005ed0
start swbwa_cross_run
[M::process] read chunk (19660800 bytes/CG x 6 CGs, 117964800 bytes)...
[M::mem_process_seqs_merge2] CPE FASTQ formatting done
start swbwa_cross_run
[DBG stage1] slow fread: R1 offset=1533529964 requested=117964800 read=117964800 elapsed=1.824 s
step1 0x580000005de0
step3 0x5800000048f0
slave pre done
now n is 310431
start swbwa_cross_run
processed 310431
[M::mem_process_seqs_merge2] Processed 310431 reads in 1.390 CPU sec, 2.719 real sec
step2 put 0x580000005ed0
step2 get 0x580000005d40
start swbwa_cross_run
[M::process] read chunk (19660800 bytes/CG x 6 CGs, 117964800 bytes)...
[M::mem_process_seqs_merge2] CPE FASTQ formatting done
start swbwa_cross_run
[DBG stage1] slow fread: R1 offset=1651493744 requested=117964800 read=117964800 elapsed=1.705 s
step1 0x580000005e30
slave pre done
now n is 310431
start swbwa_cross_run
processed 310431
[M::mem_process_seqs_merge2] Processed 310431 reads in 1.600 CPU sec, 2.970 real sec
step2 put 0x580000005d40
step2 get 0x580000005d90
[M::process] read chunk (19660800 bytes/CG x 6 CGs, 117964800 bytes)...
step3 0x580000005e80
start swbwa_cross_run
[M::mem_process_seqs_merge2] CPE FASTQ formatting done
start swbwa_cross_run
[DBG stage1] slow fread: R1 offset=1769457524 requested=117964800 read=117964800 elapsed=1.831 s
step1 0x580000005f70
slave pre done
now n is 310431
start swbwa_cross_run
processed 310431
[M::mem_process_seqs_merge2] Processed 310431 reads in 1.290 CPU sec, 2.981 real sec
step2 put 0x580000005d90
step2 get 0x580000005f20
[M::process] read chunk (19660800 bytes/CG x 6 CGs, 117964800 bytes)...
step3 0x580000004a30
start swbwa_cross_run
[M::mem_process_seqs_merge2] CPE FASTQ formatting done
start swbwa_cross_run
[DBG stage1] slow fread: R1 offset=1887421304 requested=117964800 read=117964800 elapsed=1.028 s
step1 0x5800000048f0
slave pre done
now n is 310431
start swbwa_cross_run
processed 310431
[M::mem_process_seqs_merge2] Processed 310431 reads in 1.060 CPU sec, 2.740 real sec
step2 put 0x580000005f20
step2 get 0x580000005de0
[M::process] read chunk (19660800 bytes/CG x 6 CGs, 117964800 bytes)...
step3 0x580000005ed0
start swbwa_cross_run
[M::mem_process_seqs_merge2] CPE FASTQ formatting done
start swbwa_cross_run
[DBG stage1] slow fread: R1 offset=2005385084 requested=117964800 read=117964800 elapsed=1.618 s
step1 0x580000005e80
slave pre done
now n is 310431
start swbwa_cross_run
processed 310431
[M::mem_process_seqs_merge2] Processed 310431 reads in 1.400 CPU sec, 2.820 real sec
step2 put 0x580000005de0
step2 get 0x580000005e30
[M::process] read chunk (19660800 bytes/CG x 6 CGs, 117964800 bytes)...
step3 0x580000005d40
start swbwa_cross_run
[M::mem_process_seqs_merge2] CPE FASTQ formatting done
start swbwa_cross_run
[DBG stage1] slow fread: R1 offset=2123348864 requested=117964800 read=117964800 elapsed=1.317 s
step1 0x580000004a30
slave pre done
now n is 310431
start swbwa_cross_run
processed 310431
[M::mem_process_seqs_merge2] Processed 310431 reads in 1.360 CPU sec, 2.661 real sec
step2 put 0x580000005e30
step2 get 0x580000005f70
[M::process] read chunk (19660800 bytes/CG x 6 CGs, 117964800 bytes)...
step3 0x580000005d90
start swbwa_cross_run
[M::mem_process_seqs_merge2] CPE FASTQ formatting done
start swbwa_cross_run
[DBG stage1] slow fread: R1 offset=2241312644 requested=117964800 read=117964800 elapsed=1.072 s
step1 0x580000005ed0
step3 0x580000005f20
slave pre done
now n is 310431
start swbwa_cross_run
processed 310431
[M::mem_process_seqs_merge2] Processed 310431 reads in 1.240 CPU sec, 2.831 real sec
step2 put 0x580000005f70
step2 get 0x5800000048f0
start swbwa_cross_run
[M::process] read chunk (19660800 bytes/CG x 6 CGs, 117964800 bytes)...
[M::mem_process_seqs_merge2] CPE FASTQ formatting done
start swbwa_cross_run
[DBG stage1] slow fread: R1 offset=2359276424 requested=117964800 read=117964800 elapsed=1.886 s
step1 0x580000005d90
slave pre done
now n is 310431
start swbwa_cross_run
processed 310431
[M::mem_process_seqs_merge2] Processed 310431 reads in 1.560 CPU sec, 2.860 real sec
step2 put 0x5800000048f0
step2 get 0x580000005e80
[M::process] read chunk (19660800 bytes/CG x 6 CGs, 117964800 bytes)...
step3 0x580000005de0
start swbwa_cross_run
[M::mem_process_seqs_merge2] CPE FASTQ formatting done
start swbwa_cross_run
[DBG stage1] slow fread: R1 offset=2477240204 requested=117964800 read=117964800 elapsed=1.946 s
step1 0x580000005d40
slave pre done
now n is 310431
start swbwa_cross_run
processed 310431
[M::mem_process_seqs_merge2] Processed 310431 reads in 1.720 CPU sec, 2.671 real sec
step2 put 0x580000005e80
step2 get 0x580000004a30
[M::process] read chunk (19660800 bytes/CG x 6 CGs, 117964800 bytes)...
[DBG stage1] slow fread: R1 offset=2595203984 requested=117964800 read=117964800 elapsed=1.030 s
step1 0x580000005f20
step3 0x580000005e30
start swbwa_cross_run
[M::mem_process_seqs_merge2] CPE FASTQ formatting done
start swbwa_cross_run
slave pre done
now n is 310431
start swbwa_cross_run
processed 310431
[M::mem_process_seqs_merge2] Processed 310431 reads in 1.280 CPU sec, 2.890 real sec
step2 put 0x580000004a30
step2 get 0x580000005ed0
[M::process] read chunk (19660800 bytes/CG x 6 CGs, 117964800 bytes)...
step3 0x580000005f70
start swbwa_cross_run
[M::mem_process_seqs_merge2] CPE FASTQ formatting done
start swbwa_cross_run
[DBG stage1] slow fread: R1 offset=2713167764 requested=117964800 read=117964800 elapsed=2.064 s
step1 0x580000005de0
slave pre done
now n is 310431
start swbwa_cross_run
processed 310431
[M::mem_process_seqs_merge2] Processed 310431 reads in 1.560 CPU sec, 2.841 real sec
step2 put 0x580000005ed0
step2 get 0x580000005d90
[M::process] read chunk (19660800 bytes/CG x 6 CGs, 117964800 bytes)...
step3 0x5800000048f0
start swbwa_cross_run
[M::mem_process_seqs_merge2] CPE FASTQ formatting done
start swbwa_cross_run
[DBG stage1] slow fread: R1 offset=2831131544 requested=117964800 read=117964800 elapsed=1.473 s
step1 0x580000005e30
step3 0x580000005e80
slave pre done
now n is 310431
start swbwa_cross_run
processed 310431
[M::mem_process_seqs_merge2] Processed 310431 reads in 1.320 CPU sec, 2.680 real sec
step2 put 0x580000005d90
step2 get 0x580000005d40
[M::process] read chunk (19660800 bytes/CG x 6 CGs, 117964800 bytes)...
start swbwa_cross_run
[M::mem_process_seqs_merge2] CPE FASTQ formatting done
start swbwa_cross_run
[DBG stage1] slow fread: R1 offset=2949095324 requested=117964800 read=117964800 elapsed=2.062 s
step1 0x5800000048f0
slave pre done
now n is 310431
start swbwa_cross_run
processed 310431
[M::mem_process_seqs_merge2] Processed 310431 reads in 1.730 CPU sec, 2.980 real sec
step2 put 0x580000005d40
step2 get 0x580000005f20
[M::process] read chunk (19660800 bytes/CG x 6 CGs, 117964800 bytes)...
step3 0x580000004a30
start swbwa_cross_run
[M::mem_process_seqs_merge2] CPE FASTQ formatting done
start swbwa_cross_run
[DBG stage1] slow fread: R1 offset=3067059104 requested=117964800 read=117964800 elapsed=1.695 s
step1 0x580000005f70
slave pre done
now n is 310431
start swbwa_cross_run
processed 310431
[M::mem_process_seqs_merge2] Processed 310431 reads in 1.510 CPU sec, 2.821 real sec
step2 put 0x580000005f20
step2 get 0x580000005de0
[M::process] read chunk (19660800 bytes/CG x 6 CGs, 117964800 bytes)...
step3 0x580000005ed0
start swbwa_cross_run
[M::mem_process_seqs_merge2] CPE FASTQ formatting done
start swbwa_cross_run
[DBG stage1] slow fread: R1 offset=3185022884 requested=117964800 read=117964800 elapsed=1.272 s
step1 0x580000005e80
slave pre done
now n is 310431
start swbwa_cross_run
processed 310431
[M::mem_process_seqs_merge2] Processed 310431 reads in 1.170 CPU sec, 2.711 real sec
step2 put 0x580000005de0
step2 get 0x580000005e30
[M::process] read chunk (19660800 bytes/CG x 6 CGs, 117964800 bytes)...
step3 0x580000005d90
start swbwa_cross_run
[M::mem_process_seqs_merge2] CPE FASTQ formatting done
start swbwa_cross_run
[DBG stage1] slow fread: R1 offset=3302986664 requested=117964800 read=117964800 elapsed=1.508 s
step1 0x580000004a30
slave pre done
now n is 310431
start swbwa_cross_run
processed 310431
[M::mem_process_seqs_merge2] Processed 310431 reads in 1.470 CPU sec, 2.730 real sec
step2 put 0x580000005e30
step2 get 0x5800000048f0
[M::process] read chunk (19660800 bytes/CG x 6 CGs, 117964800 bytes)...
step3 0x580000005d40
start swbwa_cross_run
[M::mem_process_seqs_merge2] CPE FASTQ formatting done
start swbwa_cross_run
[DBG stage1] slow fread: R1 offset=3420950444 requested=117964800 read=117964800 elapsed=1.670 s
step1 0x580000005ed0
step3 0x580000005f20
slave pre done
now n is 310431
start swbwa_cross_run
processed 310431
[M::mem_process_seqs_merge2] Processed 310431 reads in 1.440 CPU sec, 2.751 real sec
step2 put 0x5800000048f0
step2 get 0x580000005f70
start swbwa_cross_run
[M::process] read chunk (19660800 bytes/CG x 6 CGs, 117964800 bytes)...
[M::mem_process_seqs_merge2] CPE FASTQ formatting done
start swbwa_cross_run
[DBG stage1] slow fread: R1 offset=3538914224 requested=117964800 read=117964800 elapsed=1.837 s
step1 0x580000005d40
step3 0x580000005de0
slave pre done
now n is 310431
start swbwa_cross_run
processed 310431
[M::mem_process_seqs_merge2] Processed 310431 reads in 1.590 CPU sec, 2.919 real sec
step2 put 0x580000005f70
step2 get 0x580000005e80
start swbwa_cross_run
[M::process] read chunk (19660800 bytes/CG x 6 CGs, 117964800 bytes)...
[M::mem_process_seqs_merge2] CPE FASTQ formatting done
start swbwa_cross_run
[DBG stage1] slow fread: R1 offset=3656878004 requested=117964800 read=117964800 elapsed=1.915 s
step1 0x580000005f20
slave pre done
now n is 310431
start swbwa_cross_run
processed 310431
[M::mem_process_seqs_merge2] Processed 310431 reads in 1.580 CPU sec, 2.738 real sec
step2 put 0x580000005e80
step2 get 0x580000004a30
[M::process] read chunk (19660800 bytes/CG x 6 CGs, 20713804 bytes)...
step1 0x580000005d90
step3 0x580000005e30
start swbwa_cross_run
[M::mem_process_seqs_merge2] CPE FASTQ formatting done
start swbwa_cross_run
slave pre done
now n is 310431
start swbwa_cross_run
processed 310431
[M::mem_process_seqs_merge2] Processed 310431 reads in 0.970 CPU sec, 2.750 real sec
step2 put 0x580000004a30
step2 get 0x580000005ed0
step3 0x5800000048f0
start swbwa_cross_run
[M::mem_process_seqs_merge2] CPE FASTQ formatting done
start swbwa_cross_run
slave pre done
now n is 310431
start swbwa_cross_run
processed 310431
[M::mem_process_seqs_merge2] Processed 310431 reads in 1.070 CPU sec, 2.650 real sec
step2 put 0x580000005ed0
step2 get 0x580000005d40
step3 0x580000005f70
start swbwa_cross_run
[M::mem_process_seqs_merge2] CPE FASTQ formatting done
start swbwa_cross_run
slave pre done
now n is 310431
start swbwa_cross_run
processed 310431
[M::mem_process_seqs_merge2] Processed 310431 reads in 1.110 CPU sec, 2.791 real sec
step2 put 0x580000005d40
step2 get 0x580000005f20
step3 0x580000005e80
start swbwa_cross_run
[M::mem_process_seqs_merge2] CPE FASTQ formatting done
start swbwa_cross_run
step3 0x580000004a30
slave pre done
now n is 310431
start swbwa_cross_run
processed 310431
[M::mem_process_seqs_merge2] Processed 310431 reads in 1.200 CPU sec, 2.731 real sec
step2 put 0x580000005f20
step2 get 0x580000005d90
start swbwa_cross_run
[M::mem_process_seqs_merge2] CPE FASTQ formatting done
start swbwa_cross_run
slave pre done
now n is 54510
start swbwa_cross_run
processed 54510
[M::mem_process_seqs_merge2] Processed 54510 reads in 0.370 CPU sec, 0.907 real sec
step2 put 0x580000005d90
step3 0x580000005ed0
step3 0x580000005d40
step3 0x580000005f20
step3 0x580000005d90

====================== SWBWA Output Debug =====================
  MPI rank: 000000 / 000001
  mode:     non-MPI POSIX
  path:     bigdata_results/cgs_cross_system/no1/small_SRR7963242_SE.sam

  Output volume
    output buffer capacity                           67108864
    swbwa_output_write calls                        10000000
    submitted SAM bytes                           3920595145
    buffered flushes                                      59
    buffered flush bytes                          3920595145
    direct oversized writes                                0
    direct oversized bytes                                 0

  Buffering
    buffered flush total                        84.830087 s  (59 calls, 1437798.083 us/call)

  POSIX file writes
    write system calls                                     59
    write system-call bytes                        3920595145
    POSIX write system calls                    84.829778 s  (59 calls, 1437792.844 us/call)
    POSIX write effective bandwidth                44.076 MiB/s

  Output close timing
    POSIX close                                  0.001130 s  (1 calls,  1129.653 us/call)
================================================================


======================= SWBWA Timing Report =======================
  Accumulated wall-clock time; indented rows are included in
  their parent row and must not be added to it.

  Pipeline
    total - complete three-stage pipeline                   108.433 s
    stage 1 - allocate and read raw FASTQ blocks             51.418 s
    stage 2 - align reads and generate SAM records           90.361 s
    stage 3 - write SAM and release batch data              103.204 s
      SAM output writes                                        96.987 s
      batch cleanup and loop overhead (derived)                 6.216 s

  Stage 1 input details
    batches completed / stage calls                      33 / 34
    input-buffer and batch allocations                        0.000 s  (67 calls, max 0.000 s)
    aggregate requested allocation bytes           3795623372
    FASTQ fseeko calls                                        0.000 s  (33 calls, max 0.000 s)
    FASTQ fread calls                                        51.385 s  (33 calls, max 2.064 s)
    align chunk ends to FASTQ record boundaries               0.000 s  (32 calls, max 0.000 s)
    scheduler, checks and bookkeeping (derived)               0.032 s
    raw FASTQ bytes read                           3795587404  (3619.754 MiB)
    effective fread bandwidth                         70.444 MiB/s
    slowest allocation                                 0.000 s  (64 bytes)
    slowest fread                                      2.064 s  (R1 offset=2713167764, bytes=117964800)

  Stage 2 worker details
    total - active merge worker                              90.353 s
      part 1 - prepare CPE task and reusable buffers            1.482 s
      part 2 - CPE FASTQ formatting and input release           0.413 s
      part 3 - CPE alignment and SAM length pass               86.780 s
      part 4 - assign slices in the shared SAM buffer           0.884 s
      part 5 - CPE SAM record generation                        0.785 s
      part 6 - release temporary worker data                    0.001 s

  Reserved allocator timers (no active timing sites)
    malloc timer                                              0.000 s
    free timer                                                0.000 s
===================================================================

[main] Version: 0.0.1
[main] CMD: ./SWBWA mem -v 4 -t 1 -o bigdata_results/cgs_cross_system/no1/small_SRR7963242_SE.sam -I 170,80,500,1 ../data/GRCh38.d1.vd1.fa ../data/bwa_test_big_data/small_SRR7963242_1.fastq
