[M::main_mem] mean insert size: 170.000, stddev: 80.000, max: 500, min: 1
[CPE input] bytes_per_cg=19660800 cg_count=6 chunk_bytes=117964800 file_bytes=3536060312
malloc bwt->bwt 3107576584, 0x580000486040
malloc bwt->sa 1553788264, 0x5800b9823b60
[M::bwa_idx_load_from_disk] read 0 ALT contigs
malloc pac 776894131, 0x580116285940
the input file is ../data/bwa_test_big_data/SRR2496709_1.fastq
the input file is ../data/bwa_test_big_data/SRR2496709_2.fastq
the output file is bigdata_results/cgs_cross_system/no1/SRR2496709_PE.sam
[M::process] read chunk (19660800 bytes/CG x 6 CGs, 117964800 bytes)...
[DBG stage1] slow fread: R1 offset=0 requested=117964800 read=117964800 elapsed=1.177 s
[DBG stage1] slow fread: R2 offset=0 requested=117964800 read=117964800 elapsed=1.170 s
step1 0x5800000049e0
[M::process] read chunk (19660800 bytes/CG x 6 CGs, 117964800 bytes)...
step2 get 0x5800000049e0
[M::swbwa_cross_runtime_init] initialized cross-segment runtime in 0.070 sec
start swbwa_cross_run
[M::mem_process_seqs_merge2] CPE FASTQ formatting done
start swbwa_cross_run
[DBG stage1] slow fread: R1 offset=117963996 requested=117964800 read=117964800 elapsed=1.836 s
slave pre done
now n is 858032
start swbwa_cross_run
processed 858032
[M::mem_process_seqs_merge2] Processed 858032 reads in 2.160 CPU sec, 3.371 real sec
step2 put 0x5800000049e0
step3 0x5800000049e0
[DBG stage1] slow fread: R2 offset=117963996 requested=117964800 read=117964800 elapsed=1.740 s
step1 0x5800000048f0
[M::process] read chunk (19660800 bytes/CG x 6 CGs, 117964800 bytes)...
step2 get 0x5800000048f0
start swbwa_cross_run
[M::mem_process_seqs_merge2] CPE FASTQ formatting done
start swbwa_cross_run
[DBG stage1] slow fread: R1 offset=235927776 requested=117964800 read=117964800 elapsed=2.443 s
slave pre done
now n is 854810
start swbwa_cross_run
processed 854810
[M::mem_process_seqs_merge2] Processed 854810 reads in 2.170 CPU sec, 2.901 real sec
step2 put 0x5800000048f0
[DBG stage1] slow fread: R2 offset=235927776 requested=117964800 read=117964800 elapsed=1.460 s
step1 0x580000004a30
[M::process] read chunk (19660800 bytes/CG x 6 CGs, 117964800 bytes)...
step2 get 0x580000004a30
start swbwa_cross_run
[M::mem_process_seqs_merge2] CPE FASTQ formatting done
start swbwa_cross_run
[DBG stage1] slow fread: R1 offset=353891744 requested=117964800 read=117964800 elapsed=2.264 s
[DBG stage1] slow fread: R2 offset=353891744 requested=117964800 read=117964800 elapsed=1.793 s
step1 0x580000005ac0
[M::process] read chunk (19660800 bytes/CG x 6 CGs, 117964800 bytes)...
slave pre done
now n is 846702
start swbwa_cross_run
processed 846702
[M::mem_process_seqs_merge2] Processed 846702 reads in 4.360 CPU sec, 5.221 real sec
step2 put 0x580000004a30
step2 get 0x580000005ac0
start swbwa_cross_run
[M::mem_process_seqs_merge2] CPE FASTQ formatting done
start swbwa_cross_run
[DBG stage1] slow fread: R1 offset=471855744 requested=117964800 read=117964800 elapsed=2.353 s
step3 0x5800000048f0
slave pre done
now n is 842600
start swbwa_cross_run
processed 842600
[M::mem_process_seqs_merge2] Processed 842600 reads in 2.670 CPU sec, 3.241 real sec
step2 put 0x580000005ac0
[DBG stage1] slow fread: R2 offset=471855744 requested=117964800 read=117964800 elapsed=2.101 s
step1 0x580000005b10
[M::process] read chunk (19660800 bytes/CG x 6 CGs, 117964800 bytes)...
step2 get 0x580000005b10
start swbwa_cross_run
[M::mem_process_seqs_merge2] CPE FASTQ formatting done
start swbwa_cross_run
[DBG stage1] slow fread: R1 offset=589819744 requested=117964800 read=117964800 elapsed=2.263 s
[DBG stage1] slow fread: R2 offset=589819744 requested=117964800 read=117964800 elapsed=1.928 s
step1 0x5800000049e0
[M::process] read chunk (19660800 bytes/CG x 6 CGs, 117964800 bytes)...
slave pre done
now n is 842600
start swbwa_cross_run
processed 842600
[M::mem_process_seqs_merge2] Processed 842600 reads in 4.400 CPU sec, 5.271 real sec
step2 put 0x580000005b10
step2 get 0x5800000049e0
start swbwa_cross_run
[M::mem_process_seqs_merge2] CPE FASTQ formatting done
start swbwa_cross_run
[DBG stage1] slow fread: R1 offset=707783744 requested=117964800 read=117964800 elapsed=2.281 s
slave pre done
now n is 842600
start swbwa_cross_run
processed 842600
[M::mem_process_seqs_merge2] Processed 842600 reads in 2.600 CPU sec, 3.229 real sec
step2 put 0x5800000049e0
[DBG stage1] slow fread: R2 offset=707783744 requested=117964800 read=117964800 elapsed=2.197 s
step1 0x580000005b60
[M::process] read chunk (19660800 bytes/CG x 6 CGs, 117964800 bytes)...
step2 get 0x580000005b60
step3 0x580000004a30
start swbwa_cross_run
[M::mem_process_seqs_merge2] CPE FASTQ formatting done
start swbwa_cross_run
[DBG stage1] slow fread: R1 offset=825747744 requested=117964800 read=117964800 elapsed=2.379 s
slave pre done
now n is 842600
start swbwa_cross_run
processed 842600
[M::mem_process_seqs_merge2] Processed 842600 reads in 2.220 CPU sec, 2.881 real sec
step2 put 0x580000005b60
[DBG stage1] slow fread: R2 offset=825747744 requested=117964800 read=117964800 elapsed=1.203 s
step1 0x580000005bb0
[M::process] read chunk (19660800 bytes/CG x 6 CGs, 117964800 bytes)...
step2 get 0x580000005bb0
[DBG stage1] slow fread: R1 offset=943711744 requested=117964800 read=117964800 elapsed=1.396 s
[DBG stage1] slow fread: R2 offset=943711744 requested=117964800 read=117964800 elapsed=1.058 s
step1 0x5800000048f0
[M::process] read chunk (19660800 bytes/CG x 6 CGs, 117964800 bytes)...
[DBG stage1] slow fread: R1 offset=1061675744 requested=117964800 read=117964800 elapsed=1.312 s
step1 0x580000006100
[M::process] read chunk (19660800 bytes/CG x 6 CGs, 117964800 bytes)...
step3 0x580000005ac0
start swbwa_cross_run
[M::mem_process_seqs_merge2] CPE FASTQ formatting done
start swbwa_cross_run
[DBG stage1] slow fread: R1 offset=1179639744 requested=117964800 read=117964800 elapsed=1.946 s
[DBG stage1] slow fread: R2 offset=1179639744 requested=117964800 read=117964800 elapsed=1.630 s
step1 0x580000006150
[M::process] read chunk (19660800 bytes/CG x 6 CGs, 117964800 bytes)...
slave pre done
now n is 842600
start swbwa_cross_run
processed 842600
[M::mem_process_seqs_merge2] Processed 842600 reads in 2.810 CPU sec, 3.411 real sec
step2 put 0x580000005bb0
step2 get 0x5800000048f0
[DBG stage1] slow fread: R1 offset=1297603744 requested=117964800 read=117964800 elapsed=1.373 s
step1 0x580000004a30
[M::process] read chunk (19660800 bytes/CG x 6 CGs, 117964800 bytes)...
[DBG stage1] slow fread: R1 offset=1415567744 requested=117964800 read=117964800 elapsed=1.286 s
step1 0x5800000061a0
step3 0x580000005b10
start swbwa_cross_run
[M::mem_process_seqs_merge2] CPE FASTQ formatting done
start swbwa_cross_run
slave pre done
now n is 842600
start swbwa_cross_run
processed 842600
[M::mem_process_seqs_merge2] Processed 842600 reads in 3.070 CPU sec, 3.700 real sec
step2 put 0x5800000048f0
step2 get 0x580000006100
[M::process] read chunk (19660800 bytes/CG x 6 CGs, 117964800 bytes)...
[DBG stage1] slow fread: R1 offset=1533531744 requested=117964800 read=117964800 elapsed=1.219 s
step1 0x580000005ac0
step3 0x5800000049e0
start swbwa_cross_run
[M::mem_process_seqs_merge2] CPE FASTQ formatting done
start swbwa_cross_run
slave pre done
now n is 842600
start swbwa_cross_run
processed 842600
[M::mem_process_seqs_merge2] Processed 842600 reads in 2.430 CPU sec, 3.320 real sec
step2 put 0x580000006100
step2 get 0x580000006150
[M::process] read chunk (19660800 bytes/CG x 6 CGs, 117964800 bytes)...
[DBG stage1] slow fread: R1 offset=1651495744 requested=117964800 read=117964800 elapsed=1.395 s
step1 0x580000005b10
step3 0x580000005b60
start swbwa_cross_run
[M::mem_process_seqs_merge2] CPE FASTQ formatting done
start swbwa_cross_run
slave pre done
now n is 842600
start swbwa_cross_run
processed 842600
[M::mem_process_seqs_merge2] Processed 842600 reads in 1.710 CPU sec, 2.631 real sec
step2 put 0x580000006150
step2 get 0x580000004a30
[M::process] read chunk (19660800 bytes/CG x 6 CGs, 117964800 bytes)...
[DBG stage1] slow fread: R1 offset=1769459744 requested=117964800 read=117964800 elapsed=1.233 s
step1 0x5800000049e0
step3 0x580000005bb0
start swbwa_cross_run
[M::mem_process_seqs_merge2] CPE FASTQ formatting done
start swbwa_cross_run
slave pre done
now n is 842600
start swbwa_cross_run
processed 842600
[M::mem_process_seqs_merge2] Processed 842600 reads in 2.220 CPU sec, 3.481 real sec
step2 put 0x580000004a30
step2 get 0x5800000061a0
[M::process] read chunk (19660800 bytes/CG x 6 CGs, 117964800 bytes)...
[DBG stage1] slow fread: R1 offset=1887423744 requested=117964800 read=117964800 elapsed=1.488 s
[DBG stage1] slow fread: R2 offset=1887423744 requested=117964800 read=117964800 elapsed=1.219 s
step1 0x580000005b60
step3 0x5800000048f0
start swbwa_cross_run
[M::mem_process_seqs_merge2] CPE FASTQ formatting done
start swbwa_cross_run
slave pre done
now n is 842600
start swbwa_cross_run
processed 842600
[M::mem_process_seqs_merge2] Processed 842600 reads in 1.880 CPU sec, 2.751 real sec
step2 put 0x5800000061a0
step2 get 0x580000005ac0
[M::process] read chunk (19660800 bytes/CG x 6 CGs, 117964800 bytes)...
[DBG stage1] slow fread: R1 offset=2005387744 requested=117964800 read=117964800 elapsed=1.451 s
[DBG stage1] slow fread: R2 offset=2005387744 requested=117964800 read=117964800 elapsed=1.440 s
step1 0x580000005bb0
step3 0x580000006100
start swbwa_cross_run
[M::mem_process_seqs_merge2] CPE FASTQ formatting done
start swbwa_cross_run
slave pre done
now n is 842600
start swbwa_cross_run
processed 842600
[M::mem_process_seqs_merge2] Processed 842600 reads in 4.110 CPU sec, 4.801 real sec
step2 put 0x580000005ac0
step2 get 0x580000005b10
[M::process] read chunk (19660800 bytes/CG x 6 CGs, 117964800 bytes)...
[DBG stage1] slow fread: R1 offset=2123351744 requested=117964800 read=117964800 elapsed=1.493 s
[DBG stage1] slow fread: R2 offset=2123351744 requested=117964800 read=117964800 elapsed=1.116 s
step1 0x5800000048f0
step3 0x580000006150
start swbwa_cross_run
[M::mem_process_seqs_merge2] CPE FASTQ formatting done
start swbwa_cross_run
slave pre done
now n is 842600
start swbwa_cross_run
processed 842600
[M::mem_process_seqs_merge2] Processed 842600 reads in 3.450 CPU sec, 4.731 real sec
step2 put 0x580000005b10
step2 get 0x5800000049e0
[M::process] read chunk (19660800 bytes/CG x 6 CGs, 117964800 bytes)...
[DBG stage1] slow fread: R1 offset=2241315744 requested=117964800 read=117964800 elapsed=1.696 s
step3 0x580000004a30
start swbwa_cross_run
[M::mem_process_seqs_merge2] CPE FASTQ formatting done
start swbwa_cross_run
[DBG stage1] slow fread: R2 offset=2241315744 requested=117964800 read=117964800 elapsed=1.353 s
step1 0x580000006100
slave pre done
now n is 842600
start swbwa_cross_run
processed 842600
[M::mem_process_seqs_merge2] Processed 842600 reads in 2.880 CPU sec, 4.140 real sec
step2 put 0x5800000049e0
step2 get 0x580000005b60
[M::process] read chunk (19660800 bytes/CG x 6 CGs, 117964800 bytes)...
[DBG stage1] slow fread: R1 offset=2359279744 requested=117964800 read=117964800 elapsed=1.431 s
[DBG stage1] slow fread: R2 offset=2359279744 requested=117964800 read=117964800 elapsed=1.103 s
step1 0x580000006150
step3 0x5800000061a0
start swbwa_cross_run
[M::mem_process_seqs_merge2] CPE FASTQ formatting done
start swbwa_cross_run
slave pre done
now n is 842600
start swbwa_cross_run
processed 842600
[M::mem_process_seqs_merge2] Processed 842600 reads in 3.430 CPU sec, 4.561 real sec
step2 put 0x580000005b60
step2 get 0x580000005bb0
[M::process] read chunk (19660800 bytes/CG x 6 CGs, 117964800 bytes)...
[DBG stage1] slow fread: R1 offset=2477243744 requested=117964800 read=117964800 elapsed=1.383 s
[DBG stage1] slow fread: R2 offset=2477243744 requested=117964800 read=117964800 elapsed=1.121 s
step1 0x580000004a30
step3 0x580000005ac0
start swbwa_cross_run
[M::mem_process_seqs_merge2] CPE FASTQ formatting done
start swbwa_cross_run
slave pre done
now n is 842600
start swbwa_cross_run
processed 842600
[M::mem_process_seqs_merge2] Processed 842600 reads in 2.310 CPU sec, 3.230 real sec
step2 put 0x580000005bb0
step2 get 0x5800000048f0
[M::process] read chunk (19660800 bytes/CG x 6 CGs, 117964800 bytes)...
[DBG stage1] slow fread: R1 offset=2595207744 requested=117964800 read=117964800 elapsed=1.452 s
[DBG stage1] slow fread: R2 offset=2595207744 requested=117964800 read=117964800 elapsed=1.105 s
step1 0x5800000061a0
step3 0x580000005b10
start swbwa_cross_run
[M::mem_process_seqs_merge2] CPE FASTQ formatting done
start swbwa_cross_run
slave pre done
now n is 842600
start swbwa_cross_run
processed 842600
[M::mem_process_seqs_merge2] Processed 842600 reads in 2.700 CPU sec, 3.550 real sec
step2 put 0x5800000048f0
step2 get 0x580000006100
[M::process] read chunk (19660800 bytes/CG x 6 CGs, 117964800 bytes)...
[DBG stage1] slow fread: R1 offset=2713171744 requested=117964800 read=117964800 elapsed=1.473 s
[DBG stage1] slow fread: R2 offset=2713171744 requested=117964800 read=117964800 elapsed=1.140 s
step1 0x580000005ac0
step3 0x5800000049e0
start swbwa_cross_run
[M::mem_process_seqs_merge2] CPE FASTQ formatting done
start swbwa_cross_run
slave pre done
now n is 842600
start swbwa_cross_run
processed 842600
[M::mem_process_seqs_merge2] Processed 842600 reads in 2.060 CPU sec, 2.911 real sec
step2 put 0x580000006100
step2 get 0x580000006150
[M::process] read chunk (19660800 bytes/CG x 6 CGs, 117964800 bytes)...
[DBG stage1] slow fread: R1 offset=2831135676 requested=117964800 read=117964800 elapsed=1.611 s
[DBG stage1] slow fread: R2 offset=2831135676 requested=117964800 read=117964800 elapsed=1.121 s
step1 0x580000005b10
step3 0x580000005b60
start swbwa_cross_run
[M::mem_process_seqs_merge2] CPE FASTQ formatting done
start swbwa_cross_run
slave pre done
now n is 842600
start swbwa_cross_run
processed 842600
[M::mem_process_seqs_merge2] Processed 842600 reads in 1.780 CPU sec, 2.621 real sec
step2 put 0x580000006150
step2 get 0x580000004a30
[M::process] read chunk (19660800 bytes/CG x 6 CGs, 117964800 bytes)...
[DBG stage1] slow fread: R1 offset=2949099620 requested=117964800 read=117964800 elapsed=1.417 s
[DBG stage1] slow fread: R2 offset=2949099620 requested=117964800 read=117964800 elapsed=1.016 s
step1 0x5800000049e0
step3 0x580000005bb0
start swbwa_cross_run
[M::mem_process_seqs_merge2] CPE FASTQ formatting done
start swbwa_cross_run
slave pre done
now n is 842600
start swbwa_cross_run
processed 842600
[M::mem_process_seqs_merge2] Processed 842600 reads in 2.100 CPU sec, 2.921 real sec
step2 put 0x580000004a30
step2 get 0x5800000061a0
[M::process] read chunk (19660800 bytes/CG x 6 CGs, 117964800 bytes)...
[DBG stage1] slow fread: R1 offset=3067063564 requested=117964800 read=117964800 elapsed=1.396 s
[DBG stage1] slow fread: R2 offset=3067063564 requested=117964800 read=117964800 elapsed=1.218 s
step1 0x580000005b60
step3 0x5800000048f0
start swbwa_cross_run
[M::mem_process_seqs_merge2] CPE FASTQ formatting done
start swbwa_cross_run
slave pre done
now n is 842600
start swbwa_cross_run
processed 842600
[M::mem_process_seqs_merge2] Processed 842600 reads in 2.610 CPU sec, 3.401 real sec
step2 put 0x5800000061a0
step2 get 0x580000005ac0
[M::process] read chunk (19660800 bytes/CG x 6 CGs, 117964800 bytes)...
[DBG stage1] slow fread: R1 offset=3185027508 requested=117964800 read=117964800 elapsed=1.412 s
[DBG stage1] slow fread: R2 offset=3185027508 requested=117964800 read=117964800 elapsed=1.040 s
step1 0x580000005bb0
step3 0x580000006100
start swbwa_cross_run
[M::mem_process_seqs_merge2] CPE FASTQ formatting done
start swbwa_cross_run
slave pre done
now n is 839020
start swbwa_cross_run
processed 839020
[M::mem_process_seqs_merge2] Processed 839020 reads in 2.520 CPU sec, 3.231 real sec
step2 put 0x580000005ac0
step2 get 0x580000005b10
[M::process] read chunk (19660800 bytes/CG x 6 CGs, 117964800 bytes)...
[DBG stage1] slow fread: R1 offset=3302991452 requested=117964800 read=117964800 elapsed=1.324 s
[DBG stage1] slow fread: R2 offset=3302991452 requested=117964800 read=117964800 elapsed=1.546 s
step1 0x5800000048f0
step3 0x580000006150
start swbwa_cross_run
[M::mem_process_seqs_merge2] CPE FASTQ formatting done
start swbwa_cross_run
slave pre done
now n is 830732
start swbwa_cross_run
processed 830732
[M::mem_process_seqs_merge2] Processed 830732 reads in 1.950 CPU sec, 2.551 real sec
step2 put 0x580000005b10
step2 get 0x5800000049e0
[M::process] read chunk (19660800 bytes/CG x 6 CGs, 115104916 bytes)...
[DBG stage1] slow fread: R1 offset=3420955396 requested=115104916 read=115104916 elapsed=1.133 s
[DBG stage1] slow fread: R2 offset=3420955396 requested=115104916 read=115104916 elapsed=1.057 s
step1 0x580000006100
step3 0x580000004a30
start swbwa_cross_run
[M::mem_process_seqs_merge2] CPE FASTQ formatting done
start swbwa_cross_run
slave pre done
now n is 830732
start swbwa_cross_run
processed 830732
[M::mem_process_seqs_merge2] Processed 830732 reads in 2.490 CPU sec, 2.971 real sec
step2 put 0x5800000049e0
step2 get 0x580000005b60
step3 0x5800000061a0
start swbwa_cross_run
[M::mem_process_seqs_merge2] CPE FASTQ formatting done
start swbwa_cross_run
slave pre done
now n is 830732
start swbwa_cross_run
processed 830732
[M::mem_process_seqs_merge2] Processed 830732 reads in 1.620 CPU sec, 2.330 real sec
step2 put 0x580000005b60
step2 get 0x580000005bb0
step3 0x580000005ac0
start swbwa_cross_run
[M::mem_process_seqs_merge2] CPE FASTQ formatting done
start swbwa_cross_run
slave pre done
now n is 830732
start swbwa_cross_run
processed 830732
[M::mem_process_seqs_merge2] Processed 830732 reads in 3.170 CPU sec, 4.181 real sec
step2 put 0x580000005bb0
step2 get 0x5800000048f0
step3 0x580000005b10
start swbwa_cross_run
[M::mem_process_seqs_merge2] CPE FASTQ formatting done
start swbwa_cross_run
slave pre done
now n is 830732
start swbwa_cross_run
processed 830732
[M::mem_process_seqs_merge2] Processed 830732 reads in 1.720 CPU sec, 2.591 real sec
step2 put 0x5800000048f0
step2 get 0x580000006100
step3 0x5800000049e0
start swbwa_cross_run
[M::mem_process_seqs_merge2] CPE FASTQ formatting done
start swbwa_cross_run
slave pre done
now n is 810598
start swbwa_cross_run
processed 810598
[M::mem_process_seqs_merge2] Processed 810598 reads in 2.050 CPU sec, 3.021 real sec
step2 put 0x580000006100
step3 0x580000005b60
step3 0x580000005bb0
step3 0x5800000048f0
step3 0x580000006100

====================== SWBWA Output Debug =====================
  MPI rank: 000000 / 000001
  mode:     non-MPI POSIX
  path:     bigdata_results/cgs_cross_system/no1/SRR2496709_PE.sam

  Output volume
    output buffer capacity                           67108864
    swbwa_output_write calls                        25214822
    submitted SAM bytes                           8119600200
    buffered flushes                                     121
    buffered flush bytes                          8119600200
    direct oversized writes                                0
    direct oversized bytes                                 0

  Buffering
    buffered flush total                       157.561366 s  (121 calls, 1302160.047 us/call)

  POSIX file writes
    write system calls                                    121
    write system-call bytes                        8119600200
    POSIX write system calls                   157.560870 s  (121 calls, 1302155.954 us/call)
    POSIX write effective bandwidth                49.146 MiB/s

  Output close timing
    POSIX close                                  0.000398 s  (1 calls,   398.001 us/call)
================================================================


======================= SWBWA Timing Report =======================
  Accumulated wall-clock time; indented rows are included in
  their parent row and must not be added to it.

  Pipeline
    total - complete three-stage pipeline                   206.594 s
    stage 1 - allocate and read raw FASTQ blocks             86.994 s
    stage 2 - align reads and generate SAM records          103.154 s
    stage 3 - write SAM and release batch data              199.970 s
      SAM output writes                                       184.674 s
      batch cleanup and loop overhead (derived)                15.296 s

  Stage 1 input details
    batches completed / stage calls                      30 / 31
    input-buffer and batch allocations                        0.001 s  (91 calls, max 0.000 s)
    aggregate requested allocation bytes           7072231656
    FASTQ fseeko calls                                        0.000 s  (60 calls, max 0.000 s)
    FASTQ fread calls                                        86.969 s  (60 calls, max 2.443 s)
    align chunk ends to FASTQ record boundaries               0.001 s  (58 calls, max 0.000 s)
    scheduler, checks and bookkeeping (derived)               0.023 s
    raw FASTQ bytes read                           7072168232  (6744.545 MiB)
    effective fread bandwidth                         77.551 MiB/s
    slowest allocation                                 0.000 s  (64 bytes)
    slowest fread                                      2.443 s  (R1 offset=235927776, bytes=117964800)

  Stage 2 worker details
    total - active merge worker                             103.149 s
      part 1 - prepare CPE task and reusable buffers            1.474 s
      part 2 - CPE FASTQ formatting and input release           0.488 s
      part 3 - CPE alignment and SAM length pass               97.171 s
      part 4 - assign slices in the shared SAM buffer           2.650 s
      part 5 - CPE SAM record generation                        1.360 s
      part 6 - release temporary worker data                    0.001 s

  Reserved allocator timers (no active timing sites)
    malloc timer                                              0.000 s
    free timer                                                0.000 s
===================================================================

[main] Version: 0.0.1
[main] CMD: ./SWBWA mem -v 4 -t 1 -o bigdata_results/cgs_cross_system/no1/SRR2496709_PE.sam -I 170,80,500,1 ../data/GRCh38.d1.vd1.fa ../data/bwa_test_big_data/SRR2496709_1.fastq ../data/bwa_test_big_data/SRR2496709_2.fastq
