[M::main_mem] mean insert size: 170.000, stddev: 80.000, max: 500, min: 1
[CPE input] bytes_per_cg=19660800 cg_count=1 chunk_bytes=19660800 file_bytes=223555584
[MPI rank 000000/000006] input range: records=[0, 168321) bytes=[0, 37259484)
[MPI rank 000001/000006] input range: records=[168321, 334657) bytes=[37259484, 74518748)
[MPI rank 000002/000006] input range: records=[334657, 500993) bytes=[74518748, 111778012)
[MPI rank 000003/000006] input range: records=[500993, 667329) bytes=[111778012, 149037276)
[MPI rank 000004/000006] input range: records=[667329, 833665) bytes=[149037276, 186296540)
[MPI rank 000005/000006] input range: records=[833665, 1000000) bytes=[186296540, 223555584)
malloc bwt->bwt 3107576584, 0x500008804020
malloc bwt->sa 1553788264, 0x5000c1ba1b40
[M::bwa_idx_load_from_disk] read 0 ALT contigs
malloc pac 776894131, 0x50011e5708c0
the input file is ../data/ERR1203383_1.fastq_1
[MPI rank 000000/000006] output: correctness_results/mpi_static_split/no1/ERR1203383_SE.rank000000.sam
[M::process] read chunk (19660800 bytes/CG x 1 CGs, 19660800 bytes)...
[MPI rank 000005/000006] output: correctness_results/mpi_static_split/no1/ERR1203383_SE.rank000005.sam
[MPI rank 000004/000006] output: correctness_results/mpi_static_split/no1/ERR1203383_SE.rank000004.sam
[MPI rank 000003/000006] output: correctness_results/mpi_static_split/no1/ERR1203383_SE.rank000003.sam
[MPI rank 000002/000006] output: correctness_results/mpi_static_split/no1/ERR1203383_SE.rank000002.sam
[MPI rank 000001/000006] output: correctness_results/mpi_static_split/no1/ERR1203383_SE.rank000001.sam
step1 0x50000201f0e0
[M::process] read chunk (19660800 bytes/CG x 1 CGs, 17599608 bytes)...
step2 get 0x50000201f0e0
step1 0x50000201f0e0
step2 get 0x50000201f0e0
step1 0x50000201f0e0
step2 get 0x50000201f0e0
step1 0x50000201f0e0
step2 get 0x50000201f0e0
step1 0x50000201f0e0
step1 0x50000201f0e0
step2 get 0x50000201f0e0
step2 get 0x50000201f0e0
step1 0x50000201f130
[M::mem_process_seqs_merge2] Processed 89565 reads in 1.280 CPU sec, 1.341 real sec
step2 put 0x50000201f0e0
step2 get 0x50000201f130
step3 0x50000201f0e0
step2 put 0x50000201f0e0
step3 0x50000201f0e0
step2 put 0x50000201f0e0
step3 0x50000201f0e0
step2 put 0x50000201f0e0
step3 0x50000201f0e0
step2 put 0x50000201f0e0
step3 0x50000201f0e0
step1 0x50000201f130
step2 get 0x50000201f130
step1 0x50000201f130
step2 get 0x50000201f130
step2 put 0x50000201f0e0
step3 0x50000201f0e0
step1 0x50000201f130
step2 get 0x50000201f130
step1 0x50000201f130
step2 get 0x50000201f130
step1 0x50000201f130
step2 get 0x50000201f130
[M::mem_process_seqs_merge2] Processed 78756 reads in 0.720 CPU sec, 0.725 real sec
step2 put 0x50000201f130
step3 0x50000201f130
step2 put 0x50000201f130
step3 0x50000201f130
step2 put 0x50000201f130
step3 0x50000201f130
step2 put 0x50000201f130
step2 put 0x50000201f130
step2 put 0x50000201f130
step3 0x50000201f130
step3 0x50000201f130
step3 0x50000201f130

======================= SWBWA Timing Report =======================
  MPI rank: 000000 / 000006
  Accumulated wall-clock time; indented rows are included in
  their parent row and must not be added to it.

  Pipeline
    total - complete three-stage pipeline                     3.627 s
    stage 1 - allocate and read raw FASTQ blocks              1.977 s
    stage 2 - align reads and generate SAM records            2.068 s
    stage 3 - write SAM and release batch data                0.329 s
      SAM output writes                                         0.198 s
      batch cleanup and loop overhead (derived)                 0.130 s

  Stage 1 input details
    batches completed / stage calls                       2 / 3
    input-buffer and batch allocations                        0.000 s  (5 calls, max 0.000 s)
    aggregate requested allocation bytes             37262648
    FASTQ fseeko calls                                        0.000 s  (2 calls, max 0.000 s)
    FASTQ fread calls                                         1.976 s  (2 calls, max 1.247 s)
    align chunk ends to FASTQ record boundaries               0.000 s  (1 calls, max 0.000 s)
    scheduler, checks and bookkeeping (derived)               0.001 s
    raw FASTQ bytes read                             37260408  (35.534 MiB)
    effective fread bandwidth                         17.984 MiB/s
    slowest allocation                                 0.000 s  (64 bytes)
    slowest fread                                      1.247 s  (R1 offset=19659876, bytes=17599608)

  Stage 2 worker details
    total - active merge worker                               2.067 s
      part 1 - prepare CPE task and reusable buffers            0.612 s
      part 2 - CPE FASTQ formatting and input release           0.011 s
      part 3 - CPE alignment and SAM length pass                1.413 s
      part 4 - assign slices in the shared SAM buffer           0.012 s
      part 5 - CPE SAM record generation                        0.019 s
      part 6 - release temporary worker data                    0.000 s

  Reserved allocator timers (no active timing sites)
    malloc timer                                              0.000 s
    free timer                                                0.000 s
===================================================================


======================= SWBWA Timing Report =======================
  MPI rank: 000001 / 000006
  Accumulated wall-clock time; indented rows are included in
  their parent row and must not be added to it.

  Pipeline
    total - complete three-stage pipeline                     5.244 s
    stage 1 - allocate and read raw FASTQ blocks              2.446 s
    stage 2 - align reads and generate SAM records            2.067 s
    stage 3 - write SAM and release batch data                0.199 s
      SAM output writes                                         0.125 s
      batch cleanup and loop overhead (derived)                 0.074 s

  Stage 1 input details
    batches completed / stage calls                       2 / 3
    input-buffer and batch allocations                        0.000 s  (5 calls, max 0.000 s)
    aggregate requested allocation bytes             37262496
    FASTQ fseeko calls                                        0.016 s  (2 calls, max 0.016 s)
    FASTQ fread calls                                         2.431 s  (2 calls, max 1.551 s)
    align chunk ends to FASTQ record boundaries               0.000 s  (1 calls, max 0.000 s)
    scheduler, checks and bookkeeping (derived)               0.000 s
    raw FASTQ bytes read                             37260256  (35.534 MiB)
    effective fread bandwidth                         14.619 MiB/s
    slowest allocation                                 0.000 s  (64 bytes)
    slowest fread                                      1.551 s  (R1 offset=56919292, bytes=17599456)

  Stage 2 worker details
    total - active merge worker                               2.067 s
      part 1 - prepare CPE task and reusable buffers            0.628 s
      part 2 - CPE FASTQ formatting and input release           0.013 s
      part 3 - CPE alignment and SAM length pass                1.395 s
      part 4 - assign slices in the shared SAM buffer           0.013 s
      part 5 - CPE SAM record generation                        0.019 s
      part 6 - release temporary worker data                    0.000 s

  Reserved allocator timers (no active timing sites)
    malloc timer                                              0.000 s
    free timer                                                0.000 s
===================================================================


======================= SWBWA Timing Report =======================
  MPI rank: 000002 / 000006
  Accumulated wall-clock time; indented rows are included in
  their parent row and must not be added to it.

  Pipeline
    total - complete three-stage pipeline                     5.266 s
    stage 1 - allocate and read raw FASTQ blocks              2.496 s
    stage 2 - align reads and generate SAM records            2.201 s
    stage 3 - write SAM and release batch data                0.280 s
      SAM output writes                                         0.191 s
      batch cleanup and loop overhead (derived)                 0.089 s

  Stage 1 input details
    batches completed / stage calls                       2 / 3
    input-buffer and batch allocations                        0.000 s  (5 calls, max 0.000 s)
    aggregate requested allocation bytes             37262496
    FASTQ fseeko calls                                        0.047 s  (2 calls, max 0.046 s)
    FASTQ fread calls                                         2.450 s  (2 calls, max 1.576 s)
    align chunk ends to FASTQ record boundaries               0.000 s  (1 calls, max 0.000 s)
    scheduler, checks and bookkeeping (derived)               0.000 s
    raw FASTQ bytes read                             37260256  (35.534 MiB)
    effective fread bandwidth                         14.505 MiB/s
    slowest allocation                                 0.000 s  (17600480 bytes)
    slowest fread                                      1.576 s  (R1 offset=94178556, bytes=17599456)

  Stage 2 worker details
    total - active merge worker                               2.201 s
      part 1 - prepare CPE task and reusable buffers            0.792 s
      part 2 - CPE FASTQ formatting and input release           0.011 s
      part 3 - CPE alignment and SAM length pass                1.368 s
      part 4 - assign slices in the shared SAM buffer           0.012 s
      part 5 - CPE SAM record generation                        0.018 s
      part 6 - release temporary worker data                    0.000 s

  Reserved allocator timers (no active timing sites)
    malloc timer                                              0.000 s
    free timer                                                0.000 s
===================================================================


======================= SWBWA Timing Report =======================
  MPI rank: 000003 / 000006
  Accumulated wall-clock time; indented rows are included in
  their parent row and must not be added to it.

  Pipeline
    total - complete three-stage pipeline                     5.291 s
    stage 1 - allocate and read raw FASTQ blocks              2.488 s
    stage 2 - align reads and generate SAM records            2.115 s
    stage 3 - write SAM and release batch data                0.169 s
      SAM output writes                                         0.108 s
      batch cleanup and loop overhead (derived)                 0.061 s

  Stage 1 input details
    batches completed / stage calls                       2 / 3
    input-buffer and batch allocations                        0.000 s  (5 calls, max 0.000 s)
    aggregate requested allocation bytes             37262496
    FASTQ fseeko calls                                        0.061 s  (2 calls, max 0.061 s)
    FASTQ fread calls                                         2.427 s  (2 calls, max 1.549 s)
    align chunk ends to FASTQ record boundaries               0.000 s  (1 calls, max 0.000 s)
    scheduler, checks and bookkeeping (derived)               0.000 s
    raw FASTQ bytes read                             37260256  (35.534 MiB)
    effective fread bandwidth                         14.639 MiB/s
    slowest allocation                                 0.000 s  (17600480 bytes)
    slowest fread                                      1.549 s  (R1 offset=131437820, bytes=17599456)

  Stage 2 worker details
    total - active merge worker                               2.115 s
      part 1 - prepare CPE task and reusable buffers            0.557 s
      part 2 - CPE FASTQ formatting and input release           0.011 s
      part 3 - CPE alignment and SAM length pass                1.517 s
      part 4 - assign slices in the shared SAM buffer           0.012 s
      part 5 - CPE SAM record generation                        0.019 s
      part 6 - release temporary worker data                    0.000 s

  Reserved allocator timers (no active timing sites)
    malloc timer                                              0.000 s
    free timer                                                0.000 s
===================================================================


======================= SWBWA Timing Report =======================
  MPI rank: 000004 / 000006
  Accumulated wall-clock time; indented rows are included in
  their parent row and must not be added to it.

  Pipeline
    total - complete three-stage pipeline                     5.256 s
    stage 1 - allocate and read raw FASTQ blocks              2.387 s
    stage 2 - align reads and generate SAM records            2.105 s
    stage 3 - write SAM and release batch data                0.170 s
      SAM output writes                                         0.111 s
      batch cleanup and loop overhead (derived)                 0.059 s

  Stage 1 input details
    batches completed / stage calls                       2 / 3
    input-buffer and batch allocations                        0.000 s  (5 calls, max 0.000 s)
    aggregate requested allocation bytes             37262496
    FASTQ fseeko calls                                        0.077 s  (2 calls, max 0.077 s)
    FASTQ fread calls                                         2.310 s  (2 calls, max 1.495 s)
    align chunk ends to FASTQ record boundaries               0.000 s  (1 calls, max 0.000 s)
    scheduler, checks and bookkeeping (derived)               0.000 s
    raw FASTQ bytes read                             37260256  (35.534 MiB)
    effective fread bandwidth                         15.385 MiB/s
    slowest allocation                                 0.000 s  (17600480 bytes)
    slowest fread                                      1.495 s  (R1 offset=168697084, bytes=17599456)

  Stage 2 worker details
    total - active merge worker                               2.105 s
      part 1 - prepare CPE task and reusable buffers            0.557 s
      part 2 - CPE FASTQ formatting and input release           0.011 s
      part 3 - CPE alignment and SAM length pass                1.506 s
      part 4 - assign slices in the shared SAM buffer           0.011 s
      part 5 - CPE SAM record generation                        0.019 s
      part 6 - release temporary worker data                    0.000 s

  Reserved allocator timers (no active timing sites)
    malloc timer                                              0.000 s
    free timer                                                0.000 s
===================================================================


======================= SWBWA Timing Report =======================
  MPI rank: 000005 / 000006
  Accumulated wall-clock time; indented rows are included in
  their parent row and must not be added to it.

  Pipeline
    total - complete three-stage pipeline                     5.049 s
    stage 1 - allocate and read raw FASTQ blocks              2.474 s
    stage 2 - align reads and generate SAM records            2.071 s
    stage 3 - write SAM and release batch data                0.199 s
      SAM output writes                                         0.126 s
      batch cleanup and loop overhead (derived)                 0.073 s

  Stage 1 input details
    batches completed / stage calls                       2 / 3
    input-buffer and batch allocations                        0.000 s  (5 calls, max 0.000 s)
    aggregate requested allocation bytes             37262276
    FASTQ fseeko calls                                        0.075 s  (2 calls, max 0.075 s)
    FASTQ fread calls                                         2.400 s  (2 calls, max 1.606 s)
    align chunk ends to FASTQ record boundaries               0.000 s  (1 calls, max 0.000 s)
    scheduler, checks and bookkeeping (derived)               0.000 s
    raw FASTQ bytes read                             37260036  (35.534 MiB)
    effective fread bandwidth                         14.808 MiB/s
    slowest allocation                                 0.000 s  (17600260 bytes)
    slowest fread                                      1.606 s  (R1 offset=205956348, bytes=17599236)

  Stage 2 worker details
    total - active merge worker                               2.071 s
      part 1 - prepare CPE task and reusable buffers            0.685 s
      part 2 - CPE FASTQ formatting and input release           0.011 s
      part 3 - CPE alignment and SAM length pass                1.342 s
      part 4 - assign slices in the shared SAM buffer           0.014 s
      part 5 - CPE SAM record generation                        0.019 s
      part 6 - release temporary worker data                    0.000 s

  Reserved allocator timers (no active timing sites)
    malloc timer                                              0.000 s
    free timer                                                0.000 s
===================================================================

[main] Version: 0.0.1
[main] CMD: ./SWBWA mem -v 3 -t 1 -o correctness_results/mpi_static_split/no1/ERR1203383_SE.sam -I 170,80,500,1 ../data/GRCh38.d1.vd1.fa ../data/ERR1203383_1.fastq_1
