[M::main_mem] mean insert size: 170.000, stddev: 80.000, max: 500, min: 1
[CPE input] bytes_per_cg=19660800 cg_count=6 chunk_bytes=117964800 file_bytes=3499281348
malloc bwt->bwt 3107576584, 0x580000486040
malloc bwt->sa 1553788264, 0x5800b9823b60
[M::bwa_idx_load_from_disk] read 0 ALT contigs
malloc pac 776894131, 0x580116285940
the input file is /home/export/online1/mdt00/shisuan/swls-CFD/guoshi/ylf/data/bwa_test_big_data/ERR1203383_1.fastq
the input file is /home/export/online1/mdt00/shisuan/swls-CFD/guoshi/ylf/data/bwa_test_big_data/ERR1203383_2.fastq
the output file is /home/export/online1/mdt00/shisuan/swls-CFD/guoshi/ylf/SWBWA_ab_20260913/scratch/md5check_new.sam
[M::process] read chunk (19660800 bytes/CG x 6 CGs, 117964800 bytes)...
[M::swbwa_cross_runtime_init] initialized cross-segment runtime in 0.086 sec
start swbwa_cross_run
[M::mem_process_seqs_merge2] CPE FASTQ formatting done
start swbwa_cross_run
slave pre done
now n is 1057218
start swbwa_cross_run
processed 1057218
[M::mem_process_seqs_merge2] Processed 1057218 reads in 0.160 CPU sec, 1.962 real sec
[M::process] read chunk (19660800 bytes/CG x 6 CGs, 117964800 bytes)...
start swbwa_cross_run
[M::mem_process_seqs_merge2] CPE FASTQ formatting done
start swbwa_cross_run
slave pre done
now n is 1051310
start swbwa_cross_run
processed 1051310
[M::mem_process_seqs_merge2] Processed 1051310 reads in 0.090 CPU sec, 2.027 real sec
[M::process] read chunk (19660800 bytes/CG x 6 CGs, 117964800 bytes)...
start swbwa_cross_run
[M::mem_process_seqs_merge2] CPE FASTQ formatting done
start swbwa_cross_run
slave pre done
now n is 1034770
start swbwa_cross_run
processed 1034770
[M::mem_process_seqs_merge2] Processed 1034770 reads in 0.080 CPU sec, 1.765 real sec
[M::process] read chunk (19660800 bytes/CG x 6 CGs, 117964800 bytes)...
start swbwa_cross_run
[M::mem_process_seqs_merge2] CPE FASTQ formatting done
start swbwa_cross_run
slave pre done
now n is 1034770
start swbwa_cross_run
processed 1034770
[M::mem_process_seqs_merge2] Processed 1034770 reads in 0.080 CPU sec, 2.007 real sec
[M::process] read chunk (19660800 bytes/CG x 6 CGs, 117964800 bytes)...
start swbwa_cross_run
[M::mem_process_seqs_merge2] CPE FASTQ formatting done
start swbwa_cross_run
slave pre done
now n is 1034770
start swbwa_cross_run
processed 1034770
[M::mem_process_seqs_merge2] Processed 1034770 reads in 0.080 CPU sec, 1.857 real sec
[M::process] read chunk (19660800 bytes/CG x 6 CGs, 117964800 bytes)...
start swbwa_cross_run
[M::mem_process_seqs_merge2] CPE FASTQ formatting done
start swbwa_cross_run
slave pre done
now n is 1034770
start swbwa_cross_run
processed 1034770
[M::mem_process_seqs_merge2] Processed 1034770 reads in 0.090 CPU sec, 1.872 real sec
[M::process] read chunk (19660800 bytes/CG x 6 CGs, 117964800 bytes)...
start swbwa_cross_run
[M::mem_process_seqs_merge2] CPE FASTQ formatting done
start swbwa_cross_run
slave pre done
now n is 1034770
start swbwa_cross_run
processed 1034770
[M::mem_process_seqs_merge2] Processed 1034770 reads in 0.090 CPU sec, 2.001 real sec
[M::process] read chunk (19660800 bytes/CG x 6 CGs, 117964800 bytes)...
start swbwa_cross_run
[M::mem_process_seqs_merge2] CPE FASTQ formatting done
start swbwa_cross_run
slave pre done
now n is 1034770
start swbwa_cross_run
processed 1034770
[M::mem_process_seqs_merge2] Processed 1034770 reads in 0.090 CPU sec, 2.134 real sec
[M::process] read chunk (19660800 bytes/CG x 6 CGs, 117964800 bytes)...
start swbwa_cross_run
[M::mem_process_seqs_merge2] CPE FASTQ formatting done
start swbwa_cross_run
slave pre done
now n is 1034770
start swbwa_cross_run
processed 1034770
[M::mem_process_seqs_merge2] Processed 1034770 reads in 0.090 CPU sec, 1.991 real sec
[M::process] read chunk (19660800 bytes/CG x 6 CGs, 117964800 bytes)...
start swbwa_cross_run
[M::mem_process_seqs_merge2] CPE FASTQ formatting done
start swbwa_cross_run
slave pre done
now n is 1034770
start swbwa_cross_run
processed 1034770
[M::mem_process_seqs_merge2] Processed 1034770 reads in 0.090 CPU sec, 1.881 real sec
[M::process] read chunk (19660800 bytes/CG x 6 CGs, 117964800 bytes)...
start swbwa_cross_run
[M::mem_process_seqs_merge2] CPE FASTQ formatting done
start swbwa_cross_run
slave pre done
now n is 1034770
start swbwa_cross_run
processed 1034770
[M::mem_process_seqs_merge2] Processed 1034770 reads in 0.090 CPU sec, 1.991 real sec
[M::process] read chunk (19660800 bytes/CG x 6 CGs, 117964800 bytes)...
start swbwa_cross_run
[M::mem_process_seqs_merge2] CPE FASTQ formatting done
start swbwa_cross_run
slave pre done
now n is 1034770
start swbwa_cross_run
processed 1034770
[M::mem_process_seqs_merge2] Processed 1034770 reads in 0.090 CPU sec, 2.062 real sec
[M::process] read chunk (19660800 bytes/CG x 6 CGs, 117964800 bytes)...
start swbwa_cross_run
[M::mem_process_seqs_merge2] CPE FASTQ formatting done
start swbwa_cross_run
slave pre done
now n is 1034770
start swbwa_cross_run
processed 1034770
[M::mem_process_seqs_merge2] Processed 1034770 reads in 0.080 CPU sec, 2.238 real sec
[M::process] read chunk (19660800 bytes/CG x 6 CGs, 117964800 bytes)...
start swbwa_cross_run
[M::mem_process_seqs_merge2] CPE FASTQ formatting done
start swbwa_cross_run
slave pre done
now n is 1034770
start swbwa_cross_run
processed 1034770
[M::mem_process_seqs_merge2] Processed 1034770 reads in 0.080 CPU sec, 1.918 real sec
[M::process] read chunk (19660800 bytes/CG x 6 CGs, 117964800 bytes)...
start swbwa_cross_run
[M::mem_process_seqs_merge2] CPE FASTQ formatting done
start swbwa_cross_run
slave pre done
now n is 1034770
start swbwa_cross_run
processed 1034770
[M::mem_process_seqs_merge2] Processed 1034770 reads in 0.090 CPU sec, 1.917 real sec
[M::process] read chunk (19660800 bytes/CG x 6 CGs, 117964800 bytes)...
start swbwa_cross_run
[M::mem_process_seqs_merge2] CPE FASTQ formatting done
start swbwa_cross_run
slave pre done
now n is 1034770
start swbwa_cross_run
processed 1034770
[M::mem_process_seqs_merge2] Processed 1034770 reads in 0.100 CPU sec, 1.831 real sec
[M::process] read chunk (19660800 bytes/CG x 6 CGs, 117964800 bytes)...
start swbwa_cross_run
[M::mem_process_seqs_merge2] CPE FASTQ formatting done
start swbwa_cross_run
slave pre done
now n is 1034770
start swbwa_cross_run
processed 1034770
[M::mem_process_seqs_merge2] Processed 1034770 reads in 0.080 CPU sec, 1.799 real sec
[M::process] read chunk (19660800 bytes/CG x 6 CGs, 117964800 bytes)...
start swbwa_cross_run
[M::mem_process_seqs_merge2] CPE FASTQ formatting done
start swbwa_cross_run
slave pre done
now n is 1034770
start swbwa_cross_run
processed 1034770
[M::mem_process_seqs_merge2] Processed 1034770 reads in 0.090 CPU sec, 1.781 real sec
[M::process] read chunk (19660800 bytes/CG x 6 CGs, 117964800 bytes)...
start swbwa_cross_run
[M::mem_process_seqs_merge2] CPE FASTQ formatting done
start swbwa_cross_run
slave pre done
now n is 1034770
start swbwa_cross_run
processed 1034770
[M::mem_process_seqs_merge2] Processed 1034770 reads in 0.080 CPU sec, 1.896 real sec
[M::process] read chunk (19660800 bytes/CG x 6 CGs, 117964800 bytes)...
start swbwa_cross_run
[M::mem_process_seqs_merge2] CPE FASTQ formatting done
start swbwa_cross_run
slave pre done
now n is 1022110
start swbwa_cross_run
processed 1022110
[M::mem_process_seqs_merge2] Processed 1022110 reads in 0.080 CPU sec, 1.970 real sec
[M::process] read chunk (19660800 bytes/CG x 6 CGs, 117964800 bytes)...
start swbwa_cross_run
[M::mem_process_seqs_merge2] CPE FASTQ formatting done
start swbwa_cross_run
slave pre done
now n is 1016930
start swbwa_cross_run
processed 1016930
[M::mem_process_seqs_merge2] Processed 1016930 reads in 0.090 CPU sec, 1.874 real sec
[M::process] read chunk (19660800 bytes/CG x 6 CGs, 117964800 bytes)...
start swbwa_cross_run
[M::mem_process_seqs_merge2] CPE FASTQ formatting done
start swbwa_cross_run
slave pre done
now n is 1016930
start swbwa_cross_run
processed 1016930
[M::mem_process_seqs_merge2] Processed 1016930 reads in 0.090 CPU sec, 1.834 real sec
[M::process] read chunk (19660800 bytes/CG x 6 CGs, 117964800 bytes)...
start swbwa_cross_run
[M::mem_process_seqs_merge2] CPE FASTQ formatting done
start swbwa_cross_run
slave pre done
now n is 1016930
start swbwa_cross_run
processed 1016930
[M::mem_process_seqs_merge2] Processed 1016930 reads in 0.090 CPU sec, 1.833 real sec
[M::process] read chunk (19660800 bytes/CG x 6 CGs, 117964800 bytes)...
start swbwa_cross_run
[M::mem_process_seqs_merge2] CPE FASTQ formatting done
start swbwa_cross_run
slave pre done
now n is 1016930
start swbwa_cross_run
processed 1016930
[M::mem_process_seqs_merge2] Processed 1016930 reads in 0.080 CPU sec, 1.830 real sec
[M::process] read chunk (19660800 bytes/CG x 6 CGs, 117964800 bytes)...
start swbwa_cross_run
[M::mem_process_seqs_merge2] CPE FASTQ formatting done
start swbwa_cross_run
slave pre done
now n is 1016930
start swbwa_cross_run
processed 1016930
[M::mem_process_seqs_merge2] Processed 1016930 reads in 0.090 CPU sec, 1.772 real sec
[M::process] read chunk (19660800 bytes/CG x 6 CGs, 117964800 bytes)...
start swbwa_cross_run
[M::mem_process_seqs_merge2] CPE FASTQ formatting done
start swbwa_cross_run
slave pre done
now n is 1016930
start swbwa_cross_run
processed 1016930
[M::mem_process_seqs_merge2] Processed 1016930 reads in 0.100 CPU sec, 1.842 real sec
[M::process] read chunk (19660800 bytes/CG x 6 CGs, 117964800 bytes)...
start swbwa_cross_run
[M::mem_process_seqs_merge2] CPE FASTQ formatting done
start swbwa_cross_run
slave pre done
now n is 1016930
start swbwa_cross_run
processed 1016930
[M::mem_process_seqs_merge2] Processed 1016930 reads in 0.080 CPU sec, 1.815 real sec
[M::process] read chunk (19660800 bytes/CG x 6 CGs, 117964800 bytes)...
start swbwa_cross_run
[M::mem_process_seqs_merge2] CPE FASTQ formatting done
start swbwa_cross_run
slave pre done
now n is 1016930
start swbwa_cross_run
processed 1016930
[M::mem_process_seqs_merge2] Processed 1016930 reads in 0.080 CPU sec, 1.798 real sec
[M::process] read chunk (19660800 bytes/CG x 6 CGs, 117964800 bytes)...
start swbwa_cross_run
[M::mem_process_seqs_merge2] CPE FASTQ formatting done
start swbwa_cross_run
slave pre done
now n is 1016930
start swbwa_cross_run
processed 1016930
[M::mem_process_seqs_merge2] Processed 1016930 reads in 0.080 CPU sec, 2.489 real sec
[M::process] read chunk (19660800 bytes/CG x 6 CGs, 78330392 bytes)...
start swbwa_cross_run
[M::mem_process_seqs_merge2] CPE FASTQ formatting done
start swbwa_cross_run
slave pre done
now n is 675262
start swbwa_cross_run
processed 675262
[M::mem_process_seqs_merge2] Processed 675262 reads in 0.060 CPU sec, 7.628 real sec

====================== SWBWA Output Debug =====================
  MPI rank: 000000 / 000001
  mode:     non-MPI POSIX
  path:     /home/export/online1/mdt00/shisuan/swls-CFD/guoshi/ylf/SWBWA_ab_20260913/scratch/md5check_new.sam

  Output volume
    output buffer capacity                           67108864
    swbwa_output_write calls                        30549360
    submitted SAM bytes                           8029871401
    buffered flushes                                     120
    buffered flush bytes                          8029871401
    direct oversized writes                                0
    direct oversized bytes                                 0

  Buffering
    buffered flush total                       111.164902 s  (120 calls, 926374.180 us/call)

  POSIX file writes
    write system calls                                    120
    write system-call bytes                        8029871401
    POSIX write system calls                   111.164579 s  (120 calls, 926371.490 us/call)
    POSIX write effective bandwidth                68.888 MiB/s

  Output close timing
    POSIX close                                  0.000392 s  (1 calls,   391.852 us/call)
================================================================


================ SWBWA CPE Profile (LWPF) ================
  sampled CG: 5 (64 CPEs)
  counters: cycle, instructions, global loads/stores,
            D-cache accesses/misses, memory-barrier waits,
            instruction-buffer-empty cycles
  values: average | minimum | maximum across sampled CPEs

LWPF kernel summary for unit SWBWA
+-----------------+-----------------+-----------------+-----------------+-----------------+-----------------+-----------------+-----------------+-----------------+
|                 |                 |                 |                 |                 |                 |                 |                 |       CYC       |
|     KERNEL      |      CYCLE      |      INST       |       GLD       |       GST       |  DCACHE ACCESS  |   DCACHE MISS   |  CYC MEMB WAIT  | INSTBUFFEREMPTY |
|                 |                 |                 |                 |                 |                 |                 |                 |                 |
+-----------------+-----------------+-----------------+-----------------+-----------------+-----------------+-----------------+-----------------+-----------------+
|WORKER ALIGNMENT | 125G| 125G| 126G|  56G|  55G|  57G|  39K|  38K|  41K|   0.|   0.|  10.|4727M|4577M|4840M|  49M|  48M|  50M|5135.|   0.| 110K|  31G|  31G|  32G|
|    MEM CHAIN    |  59G|  57G|  61G|  23G|  23G|  24G|   0.|   0.|   0.|   0.|   0.|   0.|1014M| 991M|1038M|  44M|  43M|  46M|   0.|   0.|   0.|  11G|  10G|  11G|
|  CHAIN FILTER   |4847M|4570M|5249M|1696M|1557M|1897M|   0.|   0.|   0.|   0.|   0.|   0.| 332M| 302M| 376M|  76K|  59K| 166K|   0.|   0.|   0.|1756M|1720M|1801M|
| CHAIN EXTENSION |  14G|  14G|  15G|7016M|6716M|7371M|   0.|   0.|   0.|   0.|   0.|   0.|1021M| 977M|1072M|1036K| 996K|1089K|   0.|   0.|   0.|5287M|5176M|5389M|
| ALIGNMENT...... |2416M|2335M|2526M| 730M| 692M| 772M|   0.|   0.|   0.|   0.|   0.|   0.| 112M| 106M| 118M|2707.|1877.|5164.|   0.|   0.|   0.|1268M|1222M|1328M|
|   MATE RESCUE   |  31G|  29G|  33G|  21G|  20G|  22G|   0.|   0.|   0.|   0.|   0.|   0.|1831M|1705M|1944M|1832K|1492K|2213K|   0.|   0.|   0.|4434M|4182M|4642M|
|     PAIRING     |1342M|1273M|1466M| 280M| 268M| 309M|   0.|   0.|   5.|   0.|   0.|  10.|  41M|  40M|  46M|  51K|  39K|  75K|4974.|   0.| 110K| 862M| 830M| 893M|
|   SAM FORMAT    |  43G|  41G|  45G|  23G|  22G|  24G|   0.|   0.|   5.|   0.|   0.|  10.|2228M|2107M|2338M|2502K|2157K|2874K|4974.|   0.| 110K|  12G|  11G|  12G|
|    SAM COPY     |1509M|1477M|1541M|  75M|  72M|  78M|   0.|   0.|   0.|   0.|   0.|   0.|  14M|  14M|  15M| 437K| 423K| 453K|   0.|   0.|   0.|1095M|1071M|1113M|
| MEM CHAIN...... |  34G|  33G|  36G|  16G|  16G|  17G|   0.|   0.|   0.|   0.|   0.|   0.| 612M| 593M| 634M|  28M|  27M|  29M|   0.|   0.|   0.|6483M|6269M|6737M|
| MEM CHAIN BUILD |  24G|  23G|  24G|6566M|6454M|6694M|   0.|   0.|   0.|   0.|   0.|   0.| 391M| 383M| 398M|  16M|  16M|  17M|   0.|   0.|   0.|3405M|3310M|3512M|
|CHAIN EXTENSION..|6096M|5750M|6486M|5251M|4929M|5619M|   0.|   0.|   0.|   0.|   0.|   0.| 766M| 719M| 819M| 202K| 187K| 218K|   0.|   0.|   0.| 616M| 594M| 638M|
| MATE REF FETCH  | 521M| 495M| 545M| 293M| 277M| 311M|   0.|   0.|   0.|   0.|   0.|   0.|  45M|  43M|  48M|  85K|  78K|  92K|   0.|   0.|   0.|  98M|  92M| 104M|
| MATE KSW ALIGN  |  20G|  19G|  21G|  16G|  16G|  17G|   0.|   0.|   0.|   0.|   0.|   0.|1134M|1079M|1198M|  64K|  55K|  73K|   0.|   0.|   0.|1435M|1363M|1505M|
|KSW QUERY INIT...| 763M| 724M| 805M| 281M| 266M| 298M|   0.|   0.|   0.|   0.|   0.|   0.|  29M|  27M|  30M|3029.|2392.|4143.|   0.|   0.|   0.| 219M| 207M| 230M|
| KSW DP FORWARD  |  16G|  15G|  17G|  14G|  13G|  15G|   0.|   0.|   0.|   0.|   0.|   0.| 949M| 902M|1002M|  48K|  39K|  56K|   0.|   0.|   0.| 796M| 756M| 837M|
|KSW QUERY INIT...| 387M| 367M| 409M| 153M| 145M| 162M|   0.|   0.|   0.|   0.|   0.|   0.|  15M|  14M|  16M|   9.|   0.|  58.|   0.|   0.|   0.|  93M|  88M|  99M|
| KSW DP REVERSE  |2143M|2029M|2300M|1664M|1575M|1786M|   0.|   0.|   0.|   0.|   0.|   0.| 113M| 107M| 122M|   1.|   0.|  14.|   0.|   0.|   0.|  92M|  87M|  98M|
|   MATE DEDUP    |8775M|7354M|9961M|3460M|2962M|3924M|   0.|   0.|   0.|   0.|   0.|   0.| 589M| 483M| 676M| 846K| 620K|1148K|   0.|   0.|   0.|1752M|1501M|1965M|
| DEDUP SORT END  |3088M|2558M|3526M|1320M|1123M|1506M|   0.|   0.|   0.|   0.|   0.|   0.| 222M| 179M| 255M| 658K| 491K| 816K|   0.|   0.|   0.| 422M| 366M| 471M|
|DEDUP REDUNDANCY | 656M| 582M| 712M| 316M| 278M| 347M|   0.|   0.|   0.|   0.|   0.|   0.|  56M|  49M|  61M|3530.|1039.|  16K|   0.|   0.|   0.| 147M| 132M| 157M|
|DEDUP SORT SCORE |4859M|4014M|5566M|1801M|1513M|2062M|   0.|   0.|   0.|   0.|   0.|   0.| 311M| 251M| 360M| 140K|  81K| 269K|   0.|   0.|   0.|1103M| 918M|1258M|
|MEM COLLECT......|  12G|  11G|  12G|5404M|5236M|5601M|   0.|   0.|   0.|   0.|   0.|   0.| 171M| 166M| 177M|9651K|9352K|  10M|   0.|   0.|   0.|1773M|1718M|1841M|
|MEM COLLECT......|  11G|  11G|  11G|6992M|6770M|7231M|   0.|   0.|   0.|   0.|   0.|   0.| 320M| 310M| 331M|  12M|  12M|  13M|   0.|   0.|   0.|1722M|1669M|1783M|
|MEM COLLECT LAST |8526M|8241M|8872M|3931M|3807M|4080M|   0.|   0.|   0.|   0.|   0.|   0.| 102M|  99M| 106M|4964K|4806K|5155K|   0.|   0.|   0.|1170M|1129M|1217M|
|MEM COLLECT SORT |2917M|2792M|3068M|  99M|  96M| 103M|   0.|   0.|   0.|   0.|   0.|   0.|  18M|  18M|  19M|1393K|1320K|1483K|   0.|   0.|   0.|1541M|1487M|1607M|
|CHAIN BUILD......|  63M|  59M|  72M|7513K|7279K|7790K|   0.|   0.|   0.|   0.|   0.|   0.|1113K|1078K|1153K|3521.|2170.|  13K|   0.|   0.|   0.|  47M|  45M|  49M|
| CHAIN BUILD SA  |  16G|  16G|  17G|5205M|5111M|5316M|   0.|   0.|   0.|   0.|   0.|   0.| 199M| 195M| 203M|  14M|  13M|  14M|   0.|   0.|   0.| 657M| 643M| 670M|
| CHAIN BUILD RID |1429M|1392M|1462M| 366M| 359M| 373M|   0.|   0.|   0.|   0.|   0.|   0.|  30M|  30M|  31M| 721K| 694K| 740K|   0.|   0.|   0.| 188M| 184M| 192M|
|CHAIN BUILD TREE.| 341M| 327M| 352M|  97M|  94M|  99M|   0.|   0.|   0.|   0.|   0.|   0.|6504K|6281K|6705K| 107K|  96K| 117K|   0.|   0.|   0.|  83M|  81M|  85M|
|CHAIN BUILD......| 142M| 139M| 144M|  46M|  45M|  47M|   0.|   0.|   0.|   0.|   0.|   0.|2590K|2539K|2639K|  11K|9330.|  13K|   0.|   0.|   0.|  45M|  44M|  46M|
|CHAIN BUILD......|1485M|1452M|1517M| 434M| 419M| 448M|   0.|   0.|   0.|   0.|   0.|   0.|  99M|  96M| 102M| 399K| 387K| 414K|   0.|   0.|   0.| 423M| 411M| 435M|
|CHAIN BUILD......|3162M|3077M|3261M| 289M| 282M| 297M|   0.|   0.|   0.|   0.|   0.|   0.|  47M|  46M|  48M|1105K|1063K|1165K|   0.|   0.|   0.|1780M|1724M|1845M|

Mate-SW dual-alignment feasibility (all 384 CPEs)
  mem_matesw invocations:       49001365
  valid KSW candidates:         14381871
  candidate count per call:     0=34619494 1=14381871 2=0 3=0 4=0
  candidate pairs:              0
  candidates covered by pairs:  0 (0.00%)
  same-orientation pairs:        0 (0.00%)
  pair tlen ratio max/min:       <=1.10=0 <=1.25=0 <=1.50=0 <=2.00=0 >2.00=0
  forward-DP work proxy:         serial=41260018705 paired=41260018705
  ideal paired-kernel speedup:   1.000x
  ideal physical-lane utility:   50.00%
  note: candidates are paired by descending tlen within each
        mem_matesw call; the work proxy excludes reverse-DP
        divergence and implementation overhead.

Cross-call dual-alignment opportunities
  mem_sam_pe calls:              15274680
  KSW candidates per PE:         0=14027062 1=428336 2=168132 3=86229 4=58193 5+=506728
  both mate directions active:   362143 (2.37%)
  same-PE direction pairs:       2369551 (4739102 candidates, 32.95% coverage)
  adjacent-PE groups:            7634455
  adjacent-PE pairs:             1060633 (2121266 candidates, 14.75% coverage)
  note: same-PE pairs preserve ordering independently in the
        two mate directions. Adjacent-PE pairs group consecutive
        mem_sam_pe calls executed by each CPE; both are count-only
        upper bounds before qlen/tlen compatibility filtering.

Same-PE length and measured DP-work compatibility
  profiled ordered pairs:        1779601 (75.10% of count-based pairs)
  u8 candidates / pairs:         14381871 / 1779601
  exact forward qlen pairs:      1779601 (100.00%)
  exact forward tlen pairs:      1770610 (99.49%)
  exact forward dimensions:      1770610 (99.49%)
  exact reverse dimensions:      777328 (43.68%)
  exact both-pass dimensions:    776895 (43.66%)
  dropped profile candidates:    0
  qlen ratio max/min:            <=1.10=1779601 (100.00%) <=1.25=0 <=1.50=0 <=2.00=0 >2.00=0
  tlen ratio max/min:            <=1.10=1773003 (99.63%) <=1.25=2971 <=1.50=1393 <=2.00=2234 >2.00=0
  forward work ratio max/min:    <=1.10=1270334 (71.38%) <=1.25=380230 <=1.50=107106 <=2.00=20148 >2.00=1783
  reverse work ratio max/min:    <=1.10=682711 (38.36%) <=1.25=316351 <=1.50=197359 <=2.00=160202 >2.00=422978
  total DP work ratio max/min:   <=1.10=1093986 (61.47%) <=1.25=400012 <=1.50=192052 <=2.00=90690 >2.00=2861

  Measured vector-step work (main + Lazy-F)
    all forward:                 41260018705 + 16381159218 (Lazy-F 28.42%)
    all reverse:                 2470661923 + 6200646665 (Lazy-F 71.51%)
    paired forward:              serial=15342910859 lockstep=7983932333 (1.922x)
    paired reverse:              serial=3339070528 lockstep=1932272404 (1.728x)
    all candidate DP projected:  original=66312486511 lockstep=57546709861 (1.152x)
  note: pairs are matched in original call order across the
        two independent mate directions. Work counts striped
        main-loop and actual Lazy-F vector steps; it excludes
        query-profile construction and implementation overhead.
=============================================================

======================= SWBWA Timing Report =======================
  Accumulated wall-clock time; indented rows are included in
  their parent row and must not be added to it.

  Pipeline
    total - complete three-stage pipeline                   258.272 s
    stage 1 - allocate and read raw FASTQ blocks             51.300 s
    stage 2 - align reads and generate SAM records           63.630 s
    stage 3 - write SAM and release batch data              142.740 s
      SAM output writes                                       131.859 s
      batch cleanup and loop overhead (derived)                10.882 s

  Stage 1 input details
    batches completed / stage calls                      30 / 31
    input-buffer and batch allocations                        0.000 s  (91 calls, max 0.000 s)
    aggregate requested allocation bytes           6998682608
    FASTQ fseeko calls                                        0.000 s  (60 calls, max 0.000 s)
    FASTQ fread calls                                        51.287 s  (60 calls, max 0.984 s)
    align chunk ends to FASTQ record boundaries               0.000 s  (58 calls, max 0.000 s)
    scheduler, checks and bookkeeping (derived)               0.012 s
    raw FASTQ bytes read                           6998619184  (6674.403 MiB)
    effective fread bandwidth                        130.139 MiB/s
    slowest allocation                                 0.000 s  (64 bytes)
    slowest fread                                      0.984 s  (R2 offset=2831131556, bytes=117964800)

  Stage 2 worker details
    total - active merge worker                              63.615 s
      part 1 - prepare CPE task and reusable buffers            0.479 s
      part 2 - CPE FASTQ formatting and input release           0.492 s
      part 3 - CPE alignment and SAM length pass               59.382 s
      part 4 - assign slices in the shared SAM buffer           2.326 s
      part 5 - CPE SAM record generation                        0.922 s
      part 6 - release temporary worker data                    0.000 s

  Reserved allocator timers (no active timing sites)
    malloc timer                                              0.000 s
    free timer                                                0.000 s
===================================================================

[main] Version: 0.0.1
[main] CMD: ./SWBWA mem -v 4 -t 1 -1 -o /home/export/online1/mdt00/shisuan/swls-CFD/guoshi/ylf/SWBWA_ab_20260913/scratch/md5check_new.sam -I 170,80,500,1 /home/export/online1/mdt00/shisuan/swls-CFD/guoshi/ylf/data/GRCh38.d1.vd1.fa /home/export/online1/mdt00/shisuan/swls-CFD/guoshi/ylf/data/bwa_test_big_data/ERR1203383_1.fastq /home/export/online1/mdt00/shisuan/swls-CFD/guoshi/ylf/data/bwa_test_big_data/ERR1203383_2.fastq
