[M::main_mem] mean insert size: 170.000, stddev: 80.000, max: 500, min: 1
[MPI input] mode=dynamic chunks=49 bytes_per_cg=19660800 cg_count=1 chunk_bytes=19660800 file_bytes=945555584 scheduler=distributed read_index=exact
malloc bwt->bwt 3107576584, 0x500008804020
malloc bwt->bwt 3107576584, 0x500008804020
malloc bwt->bwt 3107576584, 0x500008804020
malloc bwt->bwt 3107576584, 0x500008804020
malloc bwt->bwt 3107576584, 0x500008804020
malloc bwt->bwt 3107576584, 0x500008804020
malloc bwt->sa 1553788264, 0x5000c1ba1b40
malloc bwt->sa 1553788264, 0x5000c1ba1b40
malloc bwt->sa 1553788264, 0x5000c1ba1b40
malloc bwt->sa 1553788264, 0x5000c1ba1b40
malloc bwt->sa 1553788264, 0x5000c1ba1b40
malloc bwt->sa 1553788264, 0x5000c1ba1b40
[M::bwa_idx_load_from_disk] read 0 ALT contigs
[M::bwa_idx_load_from_disk] read 0 ALT contigs
[M::bwa_idx_load_from_disk] read 0 ALT contigs
[M::bwa_idx_load_from_disk] read 0 ALT contigs
[M::bwa_idx_load_from_disk] read 0 ALT contigs
[M::bwa_idx_load_from_disk] read 0 ALT contigs
malloc pac 776894131, 0x50011e5708c0
malloc pac 776894131, 0x50011e5708c0
malloc pac 776894131, 0x50011e5708c0
malloc pac 776894131, 0x50011e5708c0
malloc pac 776894131, 0x50011e5708c0
malloc pac 776894131, 0x50011e5708c0
the input file is ../data/SRR7963242_1.fastq_1
[MPI rank 000000/000006] output: correctness_results/mpi_multiple_dynamic_singleout_20260814/has1/SRR7963242_SE.sam
[MPI rank 000001/000006] output: correctness_results/mpi_multiple_dynamic_singleout_20260814/has1/SRR7963242_SE.sam
[MPI rank 000002/000006] output: correctness_results/mpi_multiple_dynamic_singleout_20260814/has1/SRR7963242_SE.sam
[MPI rank 000003/000006] output: correctness_results/mpi_multiple_dynamic_singleout_20260814/has1/SRR7963242_SE.sam
[MPI rank 000004/000006] output: correctness_results/mpi_multiple_dynamic_singleout_20260814/has1/SRR7963242_SE.sam
[MPI rank 000005/000006] output: correctness_results/mpi_multiple_dynamic_singleout_20260814/has1/SRR7963242_SE.sam
[M::process] read chunk (19660800 bytes/CG x 1 CGs, 19660664 bytes)...
[M::process] read chunk (19660800 bytes/CG x 1 CGs, 19661040 bytes)...
[M::process] read chunk (19660800 bytes/CG x 1 CGs, 19660664 bytes)...
[M::process] read chunk (19660800 bytes/CG x 1 CGs, 19661160 bytes)...
[M::process] read chunk (19660800 bytes/CG x 1 CGs, 19660556 bytes)...
[M::process] read chunk (19660800 bytes/CG x 1 CGs, 19661040 bytes)...
[M::mem_process_seqs_merge2] CPE FASTQ formatting done
[M::mem_process_seqs_merge2] CPE FASTQ formatting done
[M::mem_process_seqs_merge2] CPE FASTQ formatting done
[M::mem_process_seqs_merge2] CPE FASTQ formatting done
[M::mem_process_seqs_merge2] CPE FASTQ formatting done
[M::mem_process_seqs_merge2] CPE FASTQ formatting done
slave pre done
now n is 52289
processed 52289
[M::mem_process_seqs_merge2] Processed 52289 reads in 0.540 CPU sec, 2.432 real sec
[M::process] read chunk (19660800 bytes/CG x 1 CGs, 19660664 bytes)...
slave pre done
now n is 52789
processed 52789
[M::mem_process_seqs_merge2] Processed 52789 reads in 0.550 CPU sec, 2.499 real sec
slave pre done
now n is 52290
processed 52290
[M::mem_process_seqs_merge2] Processed 52290 reads in 0.590 CPU sec, 2.504 real sec
[M::mem_process_seqs_merge2] CPE FASTQ formatting done
slave pre done
now n is 52290
processed 52290
[M::mem_process_seqs_merge2] Processed 52290 reads in 0.560 CPU sec, 2.704 real sec
slave pre done
now n is 52289
processed 52289
[M::mem_process_seqs_merge2] Processed 52289 reads in 0.550 CPU sec, 2.734 real sec
[M::process] read chunk (19660800 bytes/CG x 1 CGs, 19660664 bytes)...
[M::process] read chunk (19660800 bytes/CG x 1 CGs, 19661040 bytes)...
[M::process] read chunk (19660800 bytes/CG x 1 CGs, 19660664 bytes)...
[M::process] read chunk (19660800 bytes/CG x 1 CGs, 19661040 bytes)...
slave pre done
now n is 52972
processed 52972
[M::mem_process_seqs_merge2] Processed 52972 reads in 0.600 CPU sec, 2.952 real sec
[M::process] read chunk (19660800 bytes/CG x 1 CGs, 19660664 bytes)...
[M::mem_process_seqs_merge2] CPE FASTQ formatting done
[M::mem_process_seqs_merge2] CPE FASTQ formatting done
[M::mem_process_seqs_merge2] CPE FASTQ formatting done
[M::mem_process_seqs_merge2] CPE FASTQ formatting done
[M::mem_process_seqs_merge2] CPE FASTQ formatting done
slave pre done
now n is 52289
processed 52289
[M::mem_process_seqs_merge2] Processed 52289 reads in 0.060 CPU sec, 1.589 real sec
[M::process] read chunk (19660800 bytes/CG x 1 CGs, 19660664 bytes)...
[M::mem_process_seqs_merge2] CPE FASTQ formatting done
slave pre done
now n is 52290
slave pre done
now n is 52289
processed 52290
[M::mem_process_seqs_merge2] Processed 52290 reads in 0.050 CPU sec, 1.547 real sec
processed 52289
[M::mem_process_seqs_merge2] Processed 52289 reads in 0.080 CPU sec, 1.602 real sec
slave pre done
now n is 52290
processed 52290
[M::mem_process_seqs_merge2] Processed 52290 reads in 0.060 CPU sec, 1.632 real sec
slave pre done
now n is 52289
processed 52289
[M::mem_process_seqs_merge2] Processed 52289 reads in 0.040 CPU sec, 1.584 real sec
slave pre done
now n is 52289
[M::process] read chunk (19660800 bytes/CG x 1 CGs, 19661040 bytes)...
processed 52289
[M::mem_process_seqs_merge2] Processed 52289 reads in 0.030 CPU sec, 1.669 real sec
[M::process] read chunk (19660800 bytes/CG x 1 CGs, 19660664 bytes)...
[M::process] read chunk (19660800 bytes/CG x 1 CGs, 19660664 bytes)...
[M::process] read chunk (19660800 bytes/CG x 1 CGs, 19661040 bytes)...
[M::process] read chunk (19660800 bytes/CG x 1 CGs, 19660664 bytes)...
[M::mem_process_seqs_merge2] CPE FASTQ formatting done
[M::mem_process_seqs_merge2] CPE FASTQ formatting done
[M::mem_process_seqs_merge2] CPE FASTQ formatting done
[M::mem_process_seqs_merge2] CPE FASTQ formatting done
[M::mem_process_seqs_merge2] CPE FASTQ formatting done
slave pre done
now n is 52289
processed 52289
[M::mem_process_seqs_merge2] Processed 52289 reads in 0.080 CPU sec, 1.642 real sec
[M::process] read chunk (19660800 bytes/CG x 1 CGs, 19660820 bytes)...
[M::mem_process_seqs_merge2] CPE FASTQ formatting done
slave pre done
now n is 52290
slave pre done
now n is 52289
processed 52290
[M::mem_process_seqs_merge2] Processed 52290 reads in 0.050 CPU sec, 1.594 real sec
processed 52289
[M::mem_process_seqs_merge2] Processed 52289 reads in 0.060 CPU sec, 1.624 real sec
slave pre done
now n is 52289
slave pre done
now n is 52290
processed 52289
[M::mem_process_seqs_merge2] Processed 52289 reads in 0.050 CPU sec, 1.532 real sec
processed 52290
[M::mem_process_seqs_merge2] Processed 52290 reads in 0.030 CPU sec, 1.594 real sec
slave pre done
now n is 52289
processed 52289
[M::mem_process_seqs_merge2] Processed 52289 reads in 0.030 CPU sec, 1.532 real sec
[M::process] read chunk (19660800 bytes/CG x 1 CGs, 19660664 bytes)...
[M::process] read chunk (19660800 bytes/CG x 1 CGs, 19660820 bytes)...
[M::process] read chunk (19660800 bytes/CG x 1 CGs, 19660824 bytes)...
[M::process] read chunk (19660800 bytes/CG x 1 CGs, 19660820 bytes)...
[M::process] read chunk (19660800 bytes/CG x 1 CGs, 19660820 bytes)...
[M::mem_process_seqs_merge2] CPE FASTQ formatting done
[M::mem_process_seqs_merge2] CPE FASTQ formatting done
[M::mem_process_seqs_merge2] CPE FASTQ formatting done
[M::mem_process_seqs_merge2] CPE FASTQ formatting done
[M::mem_process_seqs_merge2] CPE FASTQ formatting done
slave pre done
now n is 51739
processed 51739
[M::mem_process_seqs_merge2] Processed 51739 reads in 0.070 CPU sec, 1.490 real sec
slave pre done
now n is 51739
[M::process] read chunk (19660800 bytes/CG x 1 CGs, 19660820 bytes)...
processed 51739
[M::mem_process_seqs_merge2] Processed 51739 reads in 0.030 CPU sec, 1.511 real sec
slave pre done
now n is 52289
slave pre done
now n is 51739
slave pre done
now n is 51795
processed 52289
[M::mem_process_seqs_merge2] Processed 52289 reads in 0.100 CPU sec, 1.581 real sec
processed 51739
[M::mem_process_seqs_merge2] Processed 51739 reads in 0.030 CPU sec, 1.459 real sec
processed 51795
[M::mem_process_seqs_merge2] Processed 51795 reads in 0.080 CPU sec, 1.554 real sec
slave pre done
now n is 51739
processed 51739
[M::mem_process_seqs_merge2] Processed 51739 reads in 0.060 CPU sec, 1.518 real sec
[M::mem_process_seqs_merge2] CPE FASTQ formatting done
[M::process] read chunk (19660800 bytes/CG x 1 CGs, 19660820 bytes)...
[M::mem_process_seqs_merge2] CPE FASTQ formatting done
slave pre done
now n is 51739
processed 51739
[M::mem_process_seqs_merge2] Processed 51739 reads in 0.010 CPU sec, 1.584 real sec
[M::process] read chunk (19660800 bytes/CG x 1 CGs, 19660820 bytes)...
[M::mem_process_seqs_merge2] CPE FASTQ formatting done
[M::process] read chunk (19660800 bytes/CG x 1 CGs, 19660820 bytes)...
slave pre done
now n is 51739
processed 51739
[M::mem_process_seqs_merge2] Processed 51739 reads in 0.080 CPU sec, 1.500 real sec
[M::mem_process_seqs_merge2] CPE FASTQ formatting done
[M::process] read chunk (19660800 bytes/CG x 1 CGs, 19660440 bytes)...
[M::mem_process_seqs_merge2] CPE FASTQ formatting done
slave pre done
now n is 51739
processed 51739
[M::mem_process_seqs_merge2] Processed 51739 reads in 0.050 CPU sec, 1.525 real sec
[M::process] read chunk (19660800 bytes/CG x 1 CGs, 19660820 bytes)...
[M::mem_process_seqs_merge2] CPE FASTQ formatting done
slave pre done
now n is 51739
processed 51739
[M::mem_process_seqs_merge2] Processed 51739 reads in 0.090 CPU sec, 1.561 real sec
[M::process] read chunk (19660800 bytes/CG x 1 CGs, 19660820 bytes)...
[M::process] read chunk (19660800 bytes/CG x 1 CGs, 19660820 bytes)...
[M::mem_process_seqs_merge2] CPE FASTQ formatting done
slave pre done
now n is 51738
processed 51738
[M::mem_process_seqs_merge2] Processed 51738 reads in 0.060 CPU sec, 1.537 real sec
[M::mem_process_seqs_merge2] CPE FASTQ formatting done
[M::process] read chunk (19660800 bytes/CG x 1 CGs, 19660820 bytes)...
[M::mem_process_seqs_merge2] CPE FASTQ formatting done
slave pre done
now n is 51739
processed 51739
[M::mem_process_seqs_merge2] Processed 51739 reads in 0.090 CPU sec, 1.524 real sec
[M::process] read chunk (19660800 bytes/CG x 1 CGs, 19660820 bytes)...
slave pre done
now n is 51739
processed 51739
[M::mem_process_seqs_merge2] Processed 51739 reads in 0.080 CPU sec, 1.565 real sec
[M::mem_process_seqs_merge2] CPE FASTQ formatting done
slave pre done
now n is 51739
processed 51739
[M::mem_process_seqs_merge2] Processed 51739 reads in 0.090 CPU sec, 1.518 real sec
[M::process] read chunk (19660800 bytes/CG x 1 CGs, 19660820 bytes)...
[M::process] read chunk (19660800 bytes/CG x 1 CGs, 19660820 bytes)...
[M::mem_process_seqs_merge2] CPE FASTQ formatting done
slave pre done
now n is 51739
processed 51739
[M::mem_process_seqs_merge2] Processed 51739 reads in 0.180 CPU sec, 1.612 real sec
[M::mem_process_seqs_merge2] CPE FASTQ formatting done
[M::process] read chunk (19660800 bytes/CG x 1 CGs, 19660820 bytes)...
slave pre done
now n is 51739
processed 51739
[M::mem_process_seqs_merge2] Processed 51739 reads in 0.090 CPU sec, 1.584 real sec
[M::mem_process_seqs_merge2] CPE FASTQ formatting done
[M::process] read chunk (19660800 bytes/CG x 1 CGs, 19660820 bytes)...
slave pre done
now n is 51739
processed 51739
[M::mem_process_seqs_merge2] Processed 51739 reads in 0.090 CPU sec, 1.581 real sec
[M::mem_process_seqs_merge2] CPE FASTQ formatting done
[M::process] read chunk (19660800 bytes/CG x 1 CGs, 19660820 bytes)...
slave pre done
now n is 51739
processed 51739
[M::mem_process_seqs_merge2] Processed 51739 reads in 0.090 CPU sec, 1.543 real sec
[M::mem_process_seqs_merge2] CPE FASTQ formatting done
[M::process] read chunk (19660800 bytes/CG x 1 CGs, 19660820 bytes)...
slave pre done
now n is 51739
processed 51739
[M::mem_process_seqs_merge2] Processed 51739 reads in 0.080 CPU sec, 1.561 real sec
[M::mem_process_seqs_merge2] CPE FASTQ formatting done
[M::process] read chunk (19660800 bytes/CG x 1 CGs, 19660820 bytes)...
slave pre done
now n is 51739
processed 51739
[M::mem_process_seqs_merge2] Processed 51739 reads in 0.090 CPU sec, 1.493 real sec
[M::mem_process_seqs_merge2] CPE FASTQ formatting done
[M::process] read chunk (19660800 bytes/CG x 1 CGs, 19660820 bytes)...
[M::mem_process_seqs_merge2] CPE FASTQ formatting done
slave pre done
now n is 51739
processed 51739
[M::mem_process_seqs_merge2] Processed 51739 reads in 0.100 CPU sec, 1.528 real sec
[M::process] read chunk (19660800 bytes/CG x 1 CGs, 19660820 bytes)...
[M::mem_process_seqs_merge2] CPE FASTQ formatting done
slave pre done
now n is 51739
processed 51739
[M::mem_process_seqs_merge2] Processed 51739 reads in 0.020 CPU sec, 1.504 real sec
[M::process] read chunk (19660800 bytes/CG x 1 CGs, 19660820 bytes)...
slave pre done
now n is 51739
[M::mem_process_seqs_merge2] CPE FASTQ formatting done
processed 51739
[M::mem_process_seqs_merge2] Processed 51739 reads in 0.060 CPU sec, 1.515 real sec
[M::process] read chunk (19660800 bytes/CG x 1 CGs, 19660820 bytes)...
slave pre done
now n is 51739
processed 51739
[M::mem_process_seqs_merge2] Processed 51739 reads in 0.080 CPU sec, 1.583 real sec
[M::mem_process_seqs_merge2] CPE FASTQ formatting done
[M::process] read chunk (19660800 bytes/CG x 1 CGs, 19660820 bytes)...
[M::mem_process_seqs_merge2] CPE FASTQ formatting done
slave pre done
now n is 51739
processed 51739
[M::mem_process_seqs_merge2] Processed 51739 reads in 0.040 CPU sec, 1.567 real sec
[M::process] read chunk (19660800 bytes/CG x 1 CGs, 1836920 bytes)...
[M::mem_process_seqs_merge2] CPE FASTQ formatting done
slave pre done
now n is 51739
processed 51739
[M::mem_process_seqs_merge2] Processed 51739 reads in 0.090 CPU sec, 1.547 real sec
slave pre done
now n is 4834
processed 4834
[M::mem_process_seqs_merge2] Processed 4834 reads in 0.010 CPU sec, 0.281 real sec
slave pre done
now n is 51739
processed 51739
[M::mem_process_seqs_merge2] Processed 51739 reads in 0.050 CPU sec, 1.556 real sec
[M::process] read chunk (19660800 bytes/CG x 1 CGs, 19660820 bytes)...
[M::mem_process_seqs_merge2] CPE FASTQ formatting done
slave pre done
now n is 51739
processed 51739
[M::mem_process_seqs_merge2] Processed 51739 reads in 0.120 CPU sec, 1.603 real sec
[M::process] read chunk (19660800 bytes/CG x 1 CGs, 19660820 bytes)...
[M::mem_process_seqs_merge2] CPE FASTQ formatting done
slave pre done
now n is 51739
processed 51739
[M::mem_process_seqs_merge2] Processed 51739 reads in 0.140 CPU sec, 1.523 real sec
slave pre done
now n is 51739
processed 51739
[M::mem_process_seqs_merge2] Processed 51739 reads in 0.070 CPU sec, 1.481 real sec
[MPI rank 000003/000006] input work: chunks=9 records=467301 bytes=176946912
[MPI rank 000005/000006] input work: chunks=7 records=363825 bytes=137626024
[MPI rank 000004/000006] input work: chunks=9 records=420396 bytes=159123008
[MPI rank 000002/000006] input work: chunks=8 records=415564 bytes=157286844
[MPI rank 000001/000006] input work: chunks=8 records=416119 bytes=157286364
[MPI rank 000000/000006] input work: chunks=8 records=416795 bytes=157286432

================ MPI Dynamic Scheduler Debug =================
  MPI rank: 000000 / 000006

  Work summary
    claimed chunks                                          8
    claimed from this rank's queue                          8
    claimed from another rank's queue                       0
    completed FASTQ records                            416795
    claimed input bytes                             157286432

  Scheduler counters
    scheduler_next calls                                    9
    RMA ticket attempts                                    14
    attempts against another rank's queue                   5
    tickets beyond the final chunk                          6
    empty aligned chunks                                    0

  Scheduler timing
    MPI_Win_create (setup)                       0.000180 s  (1 calls,   179.901 us/call)
    MPI_Barrier after setup                      0.000010 s  (1 calls,     9.800 us/call)
    scheduler_next total                         4.991878 s  (9 calls, 554653.066 us/call)
      RMA ticket path total                        4.217701 s  (14 calls, 301264.375 us/call)
        MPI_Win_lock                                 0.000071 s  (14 calls,     5.061 us/call)
        MPI_Fetch_and_op                             0.000084 s  (14 calls,     5.964 us/call)
        MPI_Win_unlock                               4.217522 s  (14 calls, 301251.543 us/call)
        RMA call overhead (derived)                  0.000025 s  (14 calls,     1.807 us/call)
      align nominal offsets to FASTQ records       0.774143 s  (8 calls, 96767.849 us/call)
      scheduler loop/bookkeeping (derived)         0.000034 s  (9 calls,     3.728 us/call)

  Scheduler teardown timing
    MPI_Barrier (wait for other ranks)           0.000027 s  (1 calls,    27.200 us/call)
    MPI_Win_free                                 0.004382 s  (1 calls,  4381.725 us/call)

  Stage 2 by chunk
    completed chunks                                        8
    accumulated stage 2                             13.966607 s
    average stage 2 per chunk                        1.745826 s
    slowest chunk                                           0
    slowest chunk stage 2                            2.952007 s

    order   chunk  queue        byte range                       bytes      records   stage2(s)
        0       0      0  [           0,     19661160)     19661160        52972    2.952007
        1       6      0  [   117965124,    137625788)     19660664        52289    1.584299
        2      12      0  [   235929860,    255590524)     19660664        52289    1.624017
        3      18      0  [   353894596,    373555260)     19660664        52289    1.581508
        4      24      0  [   471859364,    491520184)     19660820        51739    1.560814
        5      30      0  [   589824284,    609485104)     19660820        51739    1.517905
        6      36      0  [   707788824,    727449644)     19660820        51739    1.542559
        7      42      0  [   825753744,    845414564)     19660820        51739    1.603498
==============================================================


================ MPI Dynamic Scheduler Debug =================
  MPI rank: 000001 / 000006

  Work summary
    claimed chunks                                          8
    claimed from this rank's queue                          8
    claimed from another rank's queue                       0
    completed FASTQ records                            416119
    claimed input bytes                             157286364

  Scheduler counters
    scheduler_next calls                                    9
    RMA ticket attempts                                    14
    attempts against another rank's queue                   5
    tickets beyond the final chunk                          6
    empty aligned chunks                                    0

  Scheduler timing
    MPI_Win_create (setup)                       0.000179 s  (1 calls,   178.851 us/call)
    MPI_Barrier after setup                      0.000011 s  (1 calls,    11.300 us/call)
    scheduler_next total                         3.276325 s  (9 calls, 364036.076 us/call)
      RMA ticket path total                        2.267425 s  (14 calls, 161958.902 us/call)
        MPI_Win_lock                                 0.000063 s  (14 calls,     4.532 us/call)
        MPI_Fetch_and_op                             0.000064 s  (14 calls,     4.604 us/call)
        MPI_Win_unlock                               2.267275 s  (14 calls, 161948.209 us/call)
        RMA call overhead (derived)                  0.000022 s  (14 calls,     1.557 us/call)
      align nominal offsets to FASTQ records       1.008864 s  (8 calls, 126107.989 us/call)
      scheduler loop/bookkeeping (derived)         0.000036 s  (9 calls,     4.017 us/call)

  Scheduler teardown timing
    MPI_Barrier (wait for other ranks)           0.648838 s  (1 calls, 648837.819 us/call)
    MPI_Win_free                                 0.000056 s  (1 calls,    55.900 us/call)

  Stage 2 by chunk
    completed chunks                                        8
    accumulated stage 2                             13.447444 s
    average stage 2 per chunk                        1.680930 s
    slowest chunk                                           1
    slowest chunk stage 2                            2.498731 s

    order   chunk  queue        byte range                       bytes      records   stage2(s)
        0       1      1  [    19661160,     39321716)     19660556        52789    2.498731
        1       7      1  [   137625788,    157286452)     19660664        52289    1.602083
        2      13      1  [   255590524,    275251564)     19661040        52290    1.594454
        3      19      1  [   373555260,    393216084)     19660824        51795    1.554444
        4      25      1  [   491520184,    511181004)     19660820        51739    1.564906
        5      31      1  [   609485104,    629145924)     19660820        51739    1.581259
        6      37      1  [   727449644,    747110464)     19660820        51739    1.528212
        7      43      1  [   845414564,    865075384)     19660820        51739    1.523355
==============================================================


================ MPI Dynamic Scheduler Debug =================
  MPI rank: 000002 / 000006

  Work summary
    claimed chunks                                          8
    claimed from this rank's queue                          8
    claimed from another rank's queue                       0
    completed FASTQ records                            415564
    claimed input bytes                             157286844

  Scheduler counters
    scheduler_next calls                                    9
    RMA ticket attempts                                    14
    attempts against another rank's queue                   5
    tickets beyond the final chunk                          6
    empty aligned chunks                                    0

  Scheduler timing
    MPI_Win_create (setup)                       0.000183 s  (1 calls,   182.501 us/call)
    MPI_Barrier after setup                      0.000008 s  (1 calls,     7.650 us/call)
    scheduler_next total                         1.405069 s  (9 calls, 156118.790 us/call)
      RMA ticket path total                        0.874762 s  (14 calls, 62482.999 us/call)
        MPI_Win_lock                                 0.000066 s  (14 calls,     4.714 us/call)
        MPI_Fetch_and_op                             0.000070 s  (14 calls,     4.989 us/call)
        MPI_Win_unlock                               0.874600 s  (14 calls, 62471.452 us/call)
        RMA call overhead (derived)                  0.000026 s  (14 calls,     1.843 us/call)
      align nominal offsets to FASTQ records       0.530267 s  (8 calls, 66283.373 us/call)
      scheduler loop/bookkeeping (derived)         0.000040 s  (9 calls,     4.461 us/call)

  Scheduler teardown timing
    MPI_Barrier (wait for other ranks)           1.449804 s  (1 calls, 1449804.221 us/call)
    MPI_Win_free                                 0.004390 s  (1 calls,  4389.625 us/call)

  Stage 2 by chunk
    completed chunks                                        8
    accumulated stage 2                             13.384929 s
    average stage 2 per chunk                        1.673116 s
    slowest chunk                                           2
    slowest chunk stage 2                            2.704314 s

    order   chunk  queue        byte range                       bytes      records   stage2(s)
        0       2      2  [    39321716,     58982756)     19661040        52290    2.704314
        1       8      2  [   157286452,    176947492)     19661040        52290    1.547365
        2      14      2  [   275251564,    294912228)     19660664        52289    1.531808
        3      20      2  [   393216084,    412876904)     19660820        51739    1.459414
        4      26      2  [   511181004,    530841824)     19660820        51739    1.584283
        5      32      2  [   629145924,    648806744)     19660820        51739    1.493505
        6      38      2  [   747110464,    766771284)     19660820        51739    1.583029
        7      44      2  [   865075384,    884736204)     19660820        51739    1.481211
==============================================================


================ MPI Dynamic Scheduler Debug =================
  MPI rank: 000003 / 000006

  Work summary
    claimed chunks                                          9
    claimed from this rank's queue                          8
    claimed from another rank's queue                       1
    completed FASTQ records                            467301
    claimed input bytes                             176946912

  Scheduler counters
    scheduler_next calls                                   10
    RMA ticket attempts                                    17
    attempts against another rank's queue                   7
    tickets beyond the final chunk                          8
    empty aligned chunks                                    0

  Scheduler timing
    MPI_Win_create (setup)                       0.000178 s  (1 calls,   178.401 us/call)
    MPI_Barrier after setup                      0.000011 s  (1 calls,    11.250 us/call)
    scheduler_next total                         3.405305 s  (10 calls, 340530.498 us/call)
      RMA ticket path total                        2.403532 s  (17 calls, 141384.209 us/call)
        MPI_Win_lock                                 0.000075 s  (17 calls,     4.394 us/call)
        MPI_Fetch_and_op                             0.000199 s  (17 calls,    11.685 us/call)
        MPI_Win_unlock                               2.403227 s  (17 calls, 141366.297 us/call)
        RMA call overhead (derived)                  0.000031 s  (17 calls,     1.832 us/call)
      align nominal offsets to FASTQ records       1.001728 s  (9 calls, 111303.157 us/call)
      scheduler loop/bookkeeping (derived)         0.000045 s  (10 calls,     4.500 us/call)

  Scheduler teardown timing
    MPI_Barrier (wait for other ranks)           2.493864 s  (1 calls, 2493863.886 us/call)
    MPI_Win_free                                 0.004399 s  (1 calls,  4399.375 us/call)

  Stage 2 by chunk
    completed chunks                                        9
    accumulated stage 2                             14.838541 s
    average stage 2 per chunk                        1.648727 s
    slowest chunk                                           3
    slowest chunk stage 2                            2.432260 s

    order   chunk  queue        byte range                       bytes      records   stage2(s)
        0       3      3  [    58982756,     78643420)     19660664        52289    2.432260
        1       9      3  [   176947492,    196608156)     19660664        52289    1.589130
        2      15      3  [   294912228,    314572892)     19660664        52289    1.641699
        3      21      3  [   412876904,    432537724)     19660820        51739    1.490474
        4      27      3  [   530841824,    550502644)     19660820        51739    1.584276
        5      33      3  [   648806744,    668467564)     19660820        51739    1.524671
        6      39      3  [   766771284,    786432104)     19660820        51739    1.525094
        7      45      3  [   884736204,    904397024)     19660820        51739    1.503593
        8      41      5  [   806092924,    825753744)     19660820        51739    1.547344
==============================================================


================ MPI Dynamic Scheduler Debug =================
  MPI rank: 000004 / 000006

  Work summary
    claimed chunks                                          9
    claimed from this rank's queue                          8
    claimed from another rank's queue                       1
    completed FASTQ records                            420396
    claimed input bytes                             159123008

  Scheduler counters
    scheduler_next calls                                   10
    RMA ticket attempts                                    17
    attempts against another rank's queue                   7
    tickets beyond the final chunk                          8
    empty aligned chunks                                    0

  Scheduler timing
    MPI_Win_create (setup)                       0.000178 s  (1 calls,   178.001 us/call)
    MPI_Barrier after setup                      0.000010 s  (1 calls,    10.300 us/call)
    scheduler_next total                         5.496402 s  (10 calls, 549640.203 us/call)
      RMA ticket path total                        4.785066 s  (17 calls, 281474.476 us/call)
        MPI_Win_lock                                 0.000075 s  (17 calls,     4.424 us/call)
        MPI_Fetch_and_op                             0.000110 s  (17 calls,     6.453 us/call)
        MPI_Win_unlock                               4.784852 s  (17 calls, 281461.858 us/call)
        RMA call overhead (derived)                  0.000030 s  (17 calls,     1.741 us/call)
      align nominal offsets to FASTQ records       0.711294 s  (9 calls, 79032.626 us/call)
      scheduler loop/bookkeeping (derived)         0.000042 s  (10 calls,     4.230 us/call)

  Scheduler teardown timing
    MPI_Barrier (wait for other ranks)           1.940794 s  (1 calls, 1940794.473 us/call)
    MPI_Win_free                                 0.004389 s  (1 calls,  4388.775 us/call)

  Stage 2 by chunk
    completed chunks                                        9
    accumulated stage 2                             14.006859 s
    average stage 2 per chunk                        1.556318 s
    slowest chunk                                           4
    slowest chunk stage 2                            2.735103 s

    order   chunk  queue        byte range                       bytes      records   stage2(s)
        0       4      4  [    78643420,     98304084)     19660664        52289    2.735103
        1      10      4  [   196608156,    216268820)     19660664        52289    1.668622
        2      16      4  [   314572892,    334233932)     19661040        52290    1.594275
        3      22      4  [   432537724,    452198544)     19660820        51739    1.511450
        4      28      4  [   550502644,    570163464)     19660820        51739    1.499875
        5      34      4  [   668467564,    688128004)     19660440        51738    1.536805
        6      40      4  [   786432104,    806092924)     19660820        51739    1.612139
        7      46      4  [   904397024,    924057844)     19660820        51739    1.566992
        8      48      0  [   943718664,    945555584)      1836920         4834    0.281598
==============================================================


================ MPI Dynamic Scheduler Debug =================
  MPI rank: 000005 / 000006

  Work summary
    claimed chunks                                          7
    claimed from this rank's queue                          7
    claimed from another rank's queue                       0
    completed FASTQ records                            363825
    claimed input bytes                             137626024

  Scheduler counters
    scheduler_next calls                                    8
    RMA ticket attempts                                    13
    attempts against another rank's queue                   5
    tickets beyond the final chunk                          6
    empty aligned chunks                                    0

  Scheduler timing
    MPI_Win_create (setup)                       0.000178 s  (1 calls,   177.901 us/call)
    MPI_Barrier after setup                      0.000011 s  (1 calls,    11.250 us/call)
    scheduler_next total                         2.418385 s  (8 calls, 302298.081 us/call)
      RMA ticket path total                        1.438855 s  (13 calls, 110681.147 us/call)
        MPI_Win_lock                                 0.000062 s  (13 calls,     4.785 us/call)
        MPI_Fetch_and_op                             0.000163 s  (13 calls,    12.569 us/call)
        MPI_Win_unlock                               1.438608 s  (13 calls, 110662.181 us/call)
        RMA call overhead (derived)                  0.000021 s  (13 calls,     1.612 us/call)
      align nominal offsets to FASTQ records       0.979499 s  (7 calls, 139928.370 us/call)
      scheduler loop/bookkeeping (derived)         0.000031 s  (8 calls,     3.894 us/call)

  Scheduler teardown timing
    MPI_Barrier (wait for other ranks)           2.383552 s  (1 calls, 2383552.095 us/call)
    MPI_Win_free                                 0.004396 s  (1 calls,  4395.725 us/call)

  Stage 2 by chunk
    completed chunks                                        7
    accumulated stage 2                             11.819923 s
    average stage 2 per chunk                        1.688560 s
    slowest chunk                                           5
    slowest chunk stage 2                            2.504363 s

    order   chunk  queue        byte range                       bytes      records   stage2(s)
        0       5      5  [    98304084,    117965124)     19661040        52290    2.504363
        1      11      5  [   216268820,    235929860)     19661040        52290    1.632566
        2      17      5  [   334233932,    353894596)     19660664        52289    1.532392
        3      23      5  [   452198544,    471859364)     19660820        51739    1.518086
        4      29      5  [   570163464,    589824284)     19660820        51739    1.561374
        5      35      5  [   688128004,    707788824)     19660820        51739    1.515407
        6      47      5  [   924057844,    943718664)     19660820        51739    1.555735
==============================================================


====================== SWBWA Output Debug =====================
  MPI rank: 000000 / 000006
  mode:     MPI single_unordered
  path:     correctness_results/mpi_multiple_dynamic_singleout_20260814/has1/SRR7963242_SE.sam

  Output volume
    output buffer capacity                           67108864
    swbwa_output_write calls                          416795
    submitted SAM bytes                            163340026
    buffered flushes                                       3
    buffered flush bytes                           163340026
    direct oversized writes                                0
    direct oversized bytes                                 0

  Buffering
    buffered flush total                         8.203205 s  (3 calls, 2734401.616 us/call)

  Global offset reservation
    target rank                                             0
    target relationship                                 local
    reservations                                            3
    reservation total                            0.000056 s  (3 calls,    18.701 us/call)
      MPI_Fetch_and_op                             0.000016 s  (3 calls,     5.400 us/call)
      MPI_Win_flush(target rank 0)                 0.000036 s  (3 calls,    12.084 us/call)
      reservation call overhead (derived)          0.000004 s  (3 calls,     1.217 us/call)

  MPI file writes
    MPI_File_write_at calls                                 3
    MPI_File_write_at bytes                         163340026
    MPI file-write path total                    8.203138 s  (3 calls, 2734379.432 us/call)
      MPI_File_write_at                            8.203127 s  (3 calls, 2734375.832 us/call)
      MPI_Get_count                                0.000008 s  (3 calls,     2.750 us/call)
      file-write call overhead (derived)           0.000003 s  (3 calls,     0.850 us/call)
    MPI_File_write_at effective bandwidth          18.989 MiB/s

  Output close timing
    MPI_File_sync                                0.015713 s  (1 calls, 15712.691 us/call)
    MPI_Win_unlock_all                           0.000019 s  (1 calls,    19.050 us/call)
    MPI_Win_free                                 0.002626 s  (1 calls,  2625.965 us/call)
    MPI_File_close                               0.000662 s  (1 calls,   662.304 us/call)
================================================================


====================== SWBWA Output Debug =====================
  MPI rank: 000001 / 000006
  mode:     MPI single_unordered
  path:     correctness_results/mpi_multiple_dynamic_singleout_20260814/has1/SRR7963242_SE.sam

  Output volume
    output buffer capacity                           67108864
    swbwa_output_write calls                          416119
    submitted SAM bytes                            163087077
    buffered flushes                                       3
    buffered flush bytes                           163087077
    direct oversized writes                                0
    direct oversized bytes                                 0

  Buffering
    buffered flush total                         9.606669 s  (3 calls, 3202223.016 us/call)

  Global offset reservation
    target rank                                             0
    target relationship                                remote
    reservations                                            3
    reservation total                            4.902468 s  (3 calls, 1634155.841 us/call)
      MPI_Fetch_and_op                             0.000139 s  (3 calls,    46.483 us/call)
      MPI_Win_flush(target rank 0)                 4.902323 s  (3 calls, 1634107.541 us/call)
      reservation call overhead (derived)          0.000005 s  (3 calls,     1.817 us/call)

  MPI file writes
    MPI_File_write_at calls                                 3
    MPI_File_write_at bytes                         163087077
    MPI file-write path total                    4.704192 s  (3 calls, 1568063.942 us/call)
      MPI_File_write_at                            4.704181 s  (3 calls, 1568060.409 us/call)
      MPI_Get_count                                0.000008 s  (3 calls,     2.683 us/call)
      file-write call overhead (derived)           0.000003 s  (3 calls,     0.850 us/call)
    MPI_File_write_at effective bandwidth          33.062 MiB/s

  Output close timing
    MPI_File_sync                                0.009557 s  (1 calls,  9557.456 us/call)
    MPI_Win_unlock_all                           0.000014 s  (1 calls,    13.950 us/call)
    MPI_Win_free                                 0.000032 s  (1 calls,    32.250 us/call)
    MPI_File_close                               0.000808 s  (1 calls,   808.155 us/call)
================================================================


====================== SWBWA Output Debug =====================
  MPI rank: 000002 / 000006
  mode:     MPI single_unordered
  path:     correctness_results/mpi_multiple_dynamic_singleout_20260814/has1/SRR7963242_SE.sam

  Output volume
    output buffer capacity                           67108864
    swbwa_output_write calls                          415564
    submitted SAM bytes                            162864083
    buffered flushes                                       3
    buffered flush bytes                           162864083
    direct oversized writes                                0
    direct oversized bytes                                 0

  Buffering
    buffered flush total                        10.399772 s  (3 calls, 3466590.719 us/call)

  Global offset reservation
    target rank                                             0
    target relationship                                remote
    reservations                                            3
    reservation total                            3.732000 s  (3 calls, 1244000.026 us/call)
      MPI_Fetch_and_op                             0.000099 s  (3 calls,    33.084 us/call)
      MPI_Win_flush(target rank 0)                 3.731896 s  (3 calls, 1243965.209 us/call)
      reservation call overhead (derived)          0.000005 s  (3 calls,     1.733 us/call)

  MPI file writes
    MPI_File_write_at calls                                 3
    MPI_File_write_at bytes                         162864083
    MPI file-write path total                    6.667762 s  (3 calls, 2222587.210 us/call)
      MPI_File_write_at                            6.667752 s  (3 calls, 2222583.860 us/call)
      MPI_Get_count                                0.000008 s  (3 calls,     2.567 us/call)
      file-write call overhead (derived)           0.000002 s  (3 calls,     0.783 us/call)
    MPI_File_write_at effective bandwidth          23.294 MiB/s

  Output close timing
    MPI_File_sync                                0.015822 s  (1 calls, 15821.992 us/call)
    MPI_Win_unlock_all                           0.000140 s  (1 calls,   140.450 us/call)
    MPI_Win_free                                 0.001184 s  (1 calls,  1184.107 us/call)
    MPI_File_close                               0.001409 s  (1 calls,  1408.709 us/call)
================================================================


====================== SWBWA Output Debug =====================
  MPI rank: 000003 / 000006
  mode:     MPI single_unordered
  path:     correctness_results/mpi_multiple_dynamic_singleout_20260814/has1/SRR7963242_SE.sam

  Output volume
    output buffer capacity                           67108864
    swbwa_output_write calls                          467301
    submitted SAM bytes                            183051055
    buffered flushes                                       3
    buffered flush bytes                           183051055
    direct oversized writes                                0
    direct oversized bytes                                 0

  Buffering
    buffered flush total                         7.141520 s  (3 calls, 2380506.544 us/call)

  Global offset reservation
    target rank                                             0
    target relationship                                remote
    reservations                                            3
    reservation total                            0.002675 s  (3 calls,   891.572 us/call)
      MPI_Fetch_and_op                             0.000206 s  (3 calls,    68.817 us/call)
      MPI_Win_flush(target rank 0)                 0.002464 s  (3 calls,   821.205 us/call)
      reservation call overhead (derived)          0.000005 s  (3 calls,     1.550 us/call)

  MPI file writes
    MPI_File_write_at calls                                 3
    MPI_File_write_at bytes                         183051055
    MPI file-write path total                    7.138836 s  (3 calls, 2379612.005 us/call)
      MPI_File_write_at                            7.138826 s  (3 calls, 2379608.605 us/call)
      MPI_Get_count                                0.000008 s  (3 calls,     2.650 us/call)
      file-write call overhead (derived)           0.000002 s  (3 calls,     0.750 us/call)
    MPI_File_write_at effective bandwidth          24.454 MiB/s

  Output close timing
    MPI_File_sync                                0.016344 s  (1 calls, 16344.145 us/call)
    MPI_Win_unlock_all                           0.000018 s  (1 calls,    17.750 us/call)
    MPI_Win_free                                 0.001943 s  (1 calls,  1943.111 us/call)
    MPI_File_close                               0.000748 s  (1 calls,   748.205 us/call)
================================================================


====================== SWBWA Output Debug =====================
  MPI rank: 000004 / 000006
  mode:     MPI single_unordered
  path:     correctness_results/mpi_multiple_dynamic_singleout_20260814/has1/SRR7963242_SE.sam

  Output volume
    output buffer capacity                           67108864
    swbwa_output_write calls                          420396
    submitted SAM bytes                            164689322
    buffered flushes                                       3
    buffered flush bytes                           164689322
    direct oversized writes                                0
    direct oversized bytes                                 0

  Buffering
    buffered flush total                         5.535037 s  (3 calls, 1845012.350 us/call)

  Global offset reservation
    target rank                                             0
    target relationship                                remote
    reservations                                            3
    reservation total                            0.040356 s  (3 calls, 13451.911 us/call)
      MPI_Fetch_and_op                             0.000148 s  (3 calls,    49.433 us/call)
      MPI_Win_flush(target rank 0)                 0.040202 s  (3 calls, 13400.778 us/call)
      reservation call overhead (derived)          0.000005 s  (3 calls,     1.700 us/call)

  MPI file writes
    MPI_File_write_at calls                                 3
    MPI_File_write_at bytes                         164689322
    MPI file-write path total                    5.494671 s  (3 calls, 1831556.922 us/call)
      MPI_File_write_at                            5.494661 s  (3 calls, 1831553.822 us/call)
      MPI_Get_count                                0.000007 s  (3 calls,     2.267 us/call)
      file-write call overhead (derived)           0.000002 s  (3 calls,     0.833 us/call)
    MPI_File_write_at effective bandwidth          28.584 MiB/s

  Output close timing
    MPI_File_sync                                0.016304 s  (1 calls, 16303.745 us/call)
    MPI_Win_unlock_all                           0.000033 s  (1 calls,    33.100 us/call)
    MPI_Win_free                                 0.000608 s  (1 calls,   608.103 us/call)
    MPI_File_close                               0.000696 s  (1 calls,   695.804 us/call)
================================================================


====================== SWBWA Output Debug =====================
  MPI rank: 000005 / 000006
  mode:     MPI single_unordered
  path:     correctness_results/mpi_multiple_dynamic_singleout_20260814/has1/SRR7963242_SE.sam

  Output volume
    output buffer capacity                           67108864
    swbwa_output_write calls                          363825
    submitted SAM bytes                            142481467
    buffered flushes                                       3
    buffered flush bytes                           142481467
    direct oversized writes                                0
    direct oversized bytes                                 0

  Buffering
    buffered flush total                        10.727516 s  (3 calls, 3575838.720 us/call)

  Global offset reservation
    target rank                                             0
    target relationship                                remote
    reservations                                            3
    reservation total                            2.981194 s  (3 calls, 993731.389 us/call)
      MPI_Fetch_and_op                             0.000062 s  (3 calls,    20.683 us/call)
      MPI_Win_flush(target rank 0)                 2.981126 s  (3 calls, 993708.722 us/call)
      reservation call overhead (derived)          0.000006 s  (3 calls,     1.983 us/call)

  MPI file writes
    MPI_File_write_at calls                                 3
    MPI_File_write_at bytes                         142481467
    MPI file-write path total                    7.746310 s  (3 calls, 2582103.248 us/call)
      MPI_File_write_at                            7.746300 s  (3 calls, 2582099.881 us/call)
      MPI_Get_count                                0.000008 s  (3 calls,     2.600 us/call)
      file-write call overhead (derived)           0.000002 s  (3 calls,     0.767 us/call)
    MPI_File_write_at effective bandwidth          17.541 MiB/s

  Output close timing
    MPI_File_sync                                0.015055 s  (1 calls, 15054.788 us/call)
    MPI_Win_unlock_all                           0.000016 s  (1 calls,    16.150 us/call)
    MPI_Win_free                                 0.003305 s  (1 calls,  3304.819 us/call)
    MPI_File_close                               0.000734 s  (1 calls,   734.105 us/call)
================================================================


======================= SWBWA Timing Report =======================
  MPI rank: 000000 / 000006
  Accumulated wall-clock time; indented rows are included in
  their parent row and must not be added to it.

  Pipeline
    total - complete three-stage pipeline                    30.675 s
    stage 1 - allocate and read raw FASTQ blocks              7.773 s
    stage 2 - align reads and generate SAM records           13.967 s
    stage 3 - write SAM and release batch data                6.870 s
      SAM output writes                                         6.663 s
      batch cleanup and loop overhead (derived)                 0.206 s

  Stage 1 input details
    batches completed / stage calls                       8 / 9
    input-buffer and batch allocations                        0.000 s  (17 calls, max 0.000 s)
    aggregate requested allocation bytes            157295200
    FASTQ fseeko calls                                        0.062 s  (8 calls, max 0.013 s)
    FASTQ fread calls                                         2.716 s  (8 calls, max 0.668 s)
    align chunk ends to FASTQ record boundaries               0.000 s  (0 calls, max 0.000 s)
    scheduler, checks and bookkeeping (derived)               4.994 s
    raw FASTQ bytes read                            157286432  (150.000 MiB)
    effective fread bandwidth                         55.223 MiB/s
    slowest allocation                                 0.000 s  (19661688 bytes)
    slowest fread                                      0.668 s  (R1 offset=0, bytes=19661160)

  Stage 2 worker details
    total - active merge worker                              13.966 s
      part 1 - prepare CPE task and reusable buffers            0.632 s
      part 2 - CPE FASTQ formatting and input release           0.085 s
      part 3 - CPE alignment and SAM length pass               13.089 s
      part 4 - assign slices in the shared SAM buffer           0.032 s
      part 5 - CPE SAM record generation                        0.127 s
      part 6 - release temporary worker data                    0.000 s

  Reserved allocator timers (no active timing sites)
    malloc timer                                              0.000 s
    free timer                                                0.000 s
===================================================================


======================= SWBWA Timing Report =======================
  MPI rank: 000001 / 000006
  Accumulated wall-clock time; indented rows are included in
  their parent row and must not be added to it.

  Pipeline
    total - complete three-stage pipeline                    30.684 s
    stage 1 - allocate and read raw FASTQ blocks              6.361 s
    stage 2 - align reads and generate SAM records           13.447 s
    stage 3 - write SAM and release batch data                8.256 s
      SAM output writes                                         8.092 s
      batch cleanup and loop overhead (derived)                 0.164 s

  Stage 1 input details
    batches completed / stage calls                       8 / 9
    input-buffer and batch allocations                        0.000 s  (17 calls, max 0.000 s)
    aggregate requested allocation bytes            157295132
    FASTQ fseeko calls                                        0.069 s  (8 calls, max 0.025 s)
    FASTQ fread calls                                         3.002 s  (8 calls, max 0.627 s)
    align chunk ends to FASTQ record boundaries               0.000 s  (0 calls, max 0.000 s)
    scheduler, checks and bookkeeping (derived)               3.290 s
    raw FASTQ bytes read                            157286364  (150.000 MiB)
    effective fread bandwidth                         49.966 MiB/s
    slowest allocation                                 0.000 s  (19661580 bytes)
    slowest fread                                      0.627 s  (R1 offset=19661160, bytes=19660556)

  Stage 2 worker details
    total - active merge worker                              13.446 s
      part 1 - prepare CPE task and reusable buffers            0.601 s
      part 2 - CPE FASTQ formatting and input release           0.085 s
      part 3 - CPE alignment and SAM length pass               12.589 s
      part 4 - assign slices in the shared SAM buffer           0.029 s
      part 5 - CPE SAM record generation                        0.141 s
      part 6 - release temporary worker data                    0.000 s

  Reserved allocator timers (no active timing sites)
    malloc timer                                              0.000 s
    free timer                                                0.000 s
===================================================================


======================= SWBWA Timing Report =======================
  MPI rank: 000002 / 000006
  Accumulated wall-clock time; indented rows are included in
  their parent row and must not be added to it.

  Pipeline
    total - complete three-stage pipeline                    30.675 s
    stage 1 - allocate and read raw FASTQ blocks              4.634 s
    stage 2 - align reads and generate SAM records           13.385 s
    stage 3 - write SAM and release batch data               10.046 s
      SAM output writes                                         9.829 s
      batch cleanup and loop overhead (derived)                 0.217 s

  Stage 1 input details
    batches completed / stage calls                       8 / 9
    input-buffer and batch allocations                        0.000 s  (17 calls, max 0.000 s)
    aggregate requested allocation bytes            157295612
    FASTQ fseeko calls                                        0.082 s  (8 calls, max 0.020 s)
    FASTQ fread calls                                         3.146 s  (8 calls, max 0.658 s)
    align chunk ends to FASTQ record boundaries               0.000 s  (0 calls, max 0.000 s)
    scheduler, checks and bookkeeping (derived)               1.406 s
    raw FASTQ bytes read                            157286844  (150.000 MiB)
    effective fread bandwidth                         47.686 MiB/s
    slowest allocation                                 0.000 s  (19661844 bytes)
    slowest fread                                      0.658 s  (R1 offset=39321716, bytes=19661040)

  Stage 2 worker details
    total - active merge worker                              13.384 s
      part 1 - prepare CPE task and reusable buffers            0.658 s
      part 2 - CPE FASTQ formatting and input release           0.079 s
      part 3 - CPE alignment and SAM length pass               12.487 s
      part 4 - assign slices in the shared SAM buffer           0.028 s
      part 5 - CPE SAM record generation                        0.131 s
      part 6 - release temporary worker data                    0.000 s

  Reserved allocator timers (no active timing sites)
    malloc timer                                              0.000 s
    free timer                                                0.000 s
===================================================================


======================= SWBWA Timing Report =======================
  MPI rank: 000003 / 000006
  Accumulated wall-clock time; indented rows are included in
  their parent row and must not be added to it.

  Pipeline
    total - complete three-stage pipeline                    30.675 s
    stage 1 - allocate and read raw FASTQ blocks              5.483 s
    stage 2 - align reads and generate SAM records           14.839 s
    stage 3 - write SAM and release batch data                5.342 s
      SAM output writes                                         5.136 s
      batch cleanup and loop overhead (derived)                 0.206 s

  Stage 1 input details
    batches completed / stage calls                       9 / 10
    input-buffer and batch allocations                        0.000 s  (19 calls, max 0.000 s)
    aggregate requested allocation bytes            176956768
    FASTQ fseeko calls                                        0.065 s  (9 calls, max 0.017 s)
    FASTQ fread calls                                         2.010 s  (9 calls, max 0.555 s)
    align chunk ends to FASTQ record boundaries               0.000 s  (0 calls, max 0.000 s)
    scheduler, checks and bookkeeping (derived)               3.407 s
    raw FASTQ bytes read                            176946912  (168.750 MiB)
    effective fread bandwidth                         83.959 MiB/s
    slowest allocation                                 0.000 s  (19661844 bytes)
    slowest fread                                      0.555 s  (R1 offset=58982756, bytes=19660664)

  Stage 2 worker details
    total - active merge worker                              14.837 s
      part 1 - prepare CPE task and reusable buffers            0.635 s
      part 2 - CPE FASTQ formatting and input release           0.104 s
      part 3 - CPE alignment and SAM length pass               13.917 s
      part 4 - assign slices in the shared SAM buffer           0.033 s
      part 5 - CPE SAM record generation                        0.147 s
      part 6 - release temporary worker data                    0.000 s

  Reserved allocator timers (no active timing sites)
    malloc timer                                              0.000 s
    free timer                                                0.000 s
===================================================================


======================= SWBWA Timing Report =======================
  MPI rank: 000004 / 000006
  Accumulated wall-clock time; indented rows are included in
  their parent row and must not be added to it.

  Pipeline
    total - complete three-stage pipeline                    30.675 s
    stage 1 - allocate and read raw FASTQ blocks              8.492 s
    stage 2 - align reads and generate SAM records           14.007 s
    stage 3 - write SAM and release batch data                5.557 s
      SAM output writes                                         5.376 s
      batch cleanup and loop overhead (derived)                 0.181 s

  Stage 1 input details
    batches completed / stage calls                       9 / 10
    input-buffer and batch allocations                        0.000 s  (19 calls, max 0.000 s)
    aggregate requested allocation bytes            159132864
    FASTQ fseeko calls                                        0.087 s  (9 calls, max 0.016 s)
    FASTQ fread calls                                         2.905 s  (9 calls, max 0.631 s)
    align chunk ends to FASTQ record boundaries               0.000 s  (0 calls, max 0.000 s)
    scheduler, checks and bookkeeping (derived)               5.499 s
    raw FASTQ bytes read                            159123008  (151.752 MiB)
    effective fread bandwidth                         52.232 MiB/s
    slowest allocation                                 0.000 s  (19661464 bytes)
    slowest fread                                      0.631 s  (R1 offset=78643420, bytes=19660664)

  Stage 2 worker details
    total - active merge worker                              14.005 s
      part 1 - prepare CPE task and reusable buffers            0.911 s
      part 2 - CPE FASTQ formatting and input release           0.089 s
      part 3 - CPE alignment and SAM length pass               12.834 s
      part 4 - assign slices in the shared SAM buffer           0.030 s
      part 5 - CPE SAM record generation                        0.139 s
      part 6 - release temporary worker data                    0.000 s

  Reserved allocator timers (no active timing sites)
    malloc timer                                              0.000 s
    free timer                                                0.000 s
===================================================================


======================= SWBWA Timing Report =======================
  MPI rank: 000005 / 000006
  Accumulated wall-clock time; indented rows are included in
  their parent row and must not be added to it.

  Pipeline
    total - complete three-stage pipeline                    30.675 s
    stage 1 - allocate and read raw FASTQ blocks              5.185 s
    stage 2 - align reads and generate SAM records           11.820 s
    stage 3 - write SAM and release batch data               11.051 s
      SAM output writes                                        10.891 s
      batch cleanup and loop overhead (derived)                 0.160 s

  Stage 1 input details
    batches completed / stage calls                       7 / 8
    input-buffer and batch allocations                        0.000 s  (15 calls, max 0.000 s)
    aggregate requested allocation bytes            137633704
    FASTQ fseeko calls                                        0.044 s  (7 calls, max 0.010 s)
    FASTQ fread calls                                         2.722 s  (7 calls, max 0.647 s)
    align chunk ends to FASTQ record boundaries               0.000 s  (0 calls, max 0.000 s)
    scheduler, checks and bookkeeping (derived)               2.420 s
    raw FASTQ bytes read                            137626024  (131.250 MiB)
    effective fread bandwidth                         48.226 MiB/s
    slowest allocation                                 0.000 s  (19661844 bytes)
    slowest fread                                      0.647 s  (R1 offset=98304084, bytes=19661040)

  Stage 2 worker details
    total - active merge worker                              11.817 s
      part 1 - prepare CPE task and reusable buffers            0.775 s
      part 2 - CPE FASTQ formatting and input release           0.072 s
      part 3 - CPE alignment and SAM length pass               10.830 s
      part 4 - assign slices in the shared SAM buffer           0.026 s
      part 5 - CPE SAM record generation                        0.112 s
      part 6 - release temporary worker data                    0.000 s

  Reserved allocator timers (no active timing sites)
    malloc timer                                              0.000 s
    free timer                                                0.000 s
===================================================================

[main] Version: 0.0.1
[main] CMD: ./SWBWA mem -v 4 -t 1 -1 -o correctness_results/mpi_multiple_dynamic_singleout_20260814/has1/SRR7963242_SE.sam -I 170,80,500,1 ../data/GRCh38.d1.vd1.fa ../data/SRR7963242_1.fastq_1
