[M::main_mem] mean insert size: 170.000, stddev: 80.000, max: 500, min: 1
[CPE input] bytes_per_cg=19660800 cg_count=6 chunk_bytes=117964800 file_bytes=3536060312
malloc bwt->bwt 3107576584, 0x580000486040
malloc bwt->sa 1553788264, 0x5800b9823b60
[M::bwa_idx_load_from_disk] read 0 ALT contigs
malloc pac 776894131, 0x580116285940
the input file is ../data/bwa_test_big_data/SRR2496709_1.fastq
the input file is ../data/bwa_test_big_data/SRR2496709_2.fastq
the output file is bigdata_results/cgs_cross_pool/has1/SRR2496709_PE.sam
[M::process] read chunk (19660800 bytes/CG x 6 CGs, 117964800 bytes)...
[DBG stage1] slow fread: R1 offset=0 requested=117964800 read=117964800 elapsed=1.071 s
[M::swbwa_cross_runtime_init] initialized cross-segment runtime in 0.068 sec
start swbwa_cross_run
[M::mem_process_seqs_merge2] CPE FASTQ formatting done
start swbwa_cross_run
slave pre done
now n is 858032
start swbwa_cross_run
processed 858032
[M::mem_process_seqs_merge2] Processed 858032 reads in 0.650 CPU sec, 2.592 real sec
[M::process] read chunk (19660800 bytes/CG x 6 CGs, 117964800 bytes)...
[DBG stage1] slow fread: R1 offset=117963996 requested=117964800 read=117964800 elapsed=1.291 s
start swbwa_cross_run
[M::mem_process_seqs_merge2] CPE FASTQ formatting done
start swbwa_cross_run
slave pre done
now n is 854810
start swbwa_cross_run
processed 854810
[M::mem_process_seqs_merge2] Processed 854810 reads in 0.070 CPU sec, 1.978 real sec
[M::process] read chunk (19660800 bytes/CG x 6 CGs, 117964800 bytes)...
[DBG stage1] slow fread: R1 offset=235927776 requested=117964800 read=117964800 elapsed=1.144 s
start swbwa_cross_run
[M::mem_process_seqs_merge2] CPE FASTQ formatting done
start swbwa_cross_run
slave pre done
now n is 846702
start swbwa_cross_run
processed 846702
[M::mem_process_seqs_merge2] Processed 846702 reads in 0.070 CPU sec, 3.106 real sec
[M::process] read chunk (19660800 bytes/CG x 6 CGs, 117964800 bytes)...
[DBG stage1] slow fread: R1 offset=353891744 requested=117964800 read=117964800 elapsed=1.120 s
start swbwa_cross_run
[M::mem_process_seqs_merge2] CPE FASTQ formatting done
start swbwa_cross_run
slave pre done
now n is 842600
start swbwa_cross_run
processed 842600
[M::mem_process_seqs_merge2] Processed 842600 reads in 0.080 CPU sec, 2.052 real sec
[M::process] read chunk (19660800 bytes/CG x 6 CGs, 117964800 bytes)...
[DBG stage1] slow fread: R1 offset=471855744 requested=117964800 read=117964800 elapsed=1.162 s
start swbwa_cross_run
[M::mem_process_seqs_merge2] CPE FASTQ formatting done
start swbwa_cross_run
slave pre done
now n is 842600
start swbwa_cross_run
processed 842600
[M::mem_process_seqs_merge2] Processed 842600 reads in 0.080 CPU sec, 3.121 real sec
[M::process] read chunk (19660800 bytes/CG x 6 CGs, 117964800 bytes)...
[DBG stage1] slow fread: R1 offset=589819744 requested=117964800 read=117964800 elapsed=1.217 s
start swbwa_cross_run
[M::mem_process_seqs_merge2] CPE FASTQ formatting done
start swbwa_cross_run
slave pre done
now n is 842600
start swbwa_cross_run
processed 842600
[M::mem_process_seqs_merge2] Processed 842600 reads in 0.070 CPU sec, 2.187 real sec
[M::process] read chunk (19660800 bytes/CG x 6 CGs, 117964800 bytes)...
[DBG stage1] slow fread: R1 offset=707783744 requested=117964800 read=117964800 elapsed=1.141 s
start swbwa_cross_run
[M::mem_process_seqs_merge2] CPE FASTQ formatting done
start swbwa_cross_run
slave pre done
now n is 842600
start swbwa_cross_run
processed 842600
[M::mem_process_seqs_merge2] Processed 842600 reads in 0.070 CPU sec, 1.846 real sec
[M::process] read chunk (19660800 bytes/CG x 6 CGs, 117964800 bytes)...
[DBG stage1] slow fread: R1 offset=825747744 requested=117964800 read=117964800 elapsed=1.004 s
start swbwa_cross_run
[M::mem_process_seqs_merge2] CPE FASTQ formatting done
start swbwa_cross_run
slave pre done
now n is 842600
start swbwa_cross_run
processed 842600
[M::mem_process_seqs_merge2] Processed 842600 reads in 0.070 CPU sec, 2.235 real sec
[M::process] read chunk (19660800 bytes/CG x 6 CGs, 117964800 bytes)...
[DBG stage1] slow fread: R1 offset=943711744 requested=117964800 read=117964800 elapsed=1.109 s
start swbwa_cross_run
[M::mem_process_seqs_merge2] CPE FASTQ formatting done
start swbwa_cross_run
slave pre done
now n is 842600
start swbwa_cross_run
processed 842600
[M::mem_process_seqs_merge2] Processed 842600 reads in 0.080 CPU sec, 2.673 real sec
[M::process] read chunk (19660800 bytes/CG x 6 CGs, 117964800 bytes)...
[DBG stage1] slow fread: R1 offset=1061675744 requested=117964800 read=117964800 elapsed=1.141 s
start swbwa_cross_run
[M::mem_process_seqs_merge2] CPE FASTQ formatting done
start swbwa_cross_run
slave pre done
now n is 842600
start swbwa_cross_run
processed 842600
[M::mem_process_seqs_merge2] Processed 842600 reads in 0.080 CPU sec, 2.281 real sec
[M::process] read chunk (19660800 bytes/CG x 6 CGs, 117964800 bytes)...
[DBG stage1] slow fread: R1 offset=1179639744 requested=117964800 read=117964800 elapsed=1.105 s
start swbwa_cross_run
[M::mem_process_seqs_merge2] CPE FASTQ formatting done
start swbwa_cross_run
slave pre done
now n is 842600
start swbwa_cross_run
processed 842600
[M::mem_process_seqs_merge2] Processed 842600 reads in 0.080 CPU sec, 1.773 real sec
[M::process] read chunk (19660800 bytes/CG x 6 CGs, 117964800 bytes)...
[DBG stage1] slow fread: R1 offset=1297603744 requested=117964800 read=117964800 elapsed=1.098 s
start swbwa_cross_run
[M::mem_process_seqs_merge2] CPE FASTQ formatting done
start swbwa_cross_run
slave pre done
now n is 842600
start swbwa_cross_run
processed 842600
[M::mem_process_seqs_merge2] Processed 842600 reads in 0.070 CPU sec, 2.417 real sec
[M::process] read chunk (19660800 bytes/CG x 6 CGs, 117964800 bytes)...
[DBG stage1] slow fread: R1 offset=1415567744 requested=117964800 read=117964800 elapsed=1.113 s
start swbwa_cross_run
[M::mem_process_seqs_merge2] CPE FASTQ formatting done
start swbwa_cross_run
slave pre done
now n is 842600
start swbwa_cross_run
processed 842600
[M::mem_process_seqs_merge2] Processed 842600 reads in 0.070 CPU sec, 1.828 real sec
[M::process] read chunk (19660800 bytes/CG x 6 CGs, 117964800 bytes)...
[DBG stage1] slow fread: R1 offset=1533531744 requested=117964800 read=117964800 elapsed=1.123 s
start swbwa_cross_run
[M::mem_process_seqs_merge2] CPE FASTQ formatting done
start swbwa_cross_run
slave pre done
now n is 842600
start swbwa_cross_run
processed 842600
[M::mem_process_seqs_merge2] Processed 842600 reads in 0.070 CPU sec, 3.430 real sec
[M::process] read chunk (19660800 bytes/CG x 6 CGs, 117964800 bytes)...
[DBG stage1] slow fread: R1 offset=1651495744 requested=117964800 read=117964800 elapsed=1.148 s
start swbwa_cross_run
[M::mem_process_seqs_merge2] CPE FASTQ formatting done
start swbwa_cross_run
slave pre done
now n is 842600
start swbwa_cross_run
processed 842600
[M::mem_process_seqs_merge2] Processed 842600 reads in 0.070 CPU sec, 3.210 real sec
[M::process] read chunk (19660800 bytes/CG x 6 CGs, 117964800 bytes)...
[DBG stage1] slow fread: R1 offset=1769459744 requested=117964800 read=117964800 elapsed=1.111 s
start swbwa_cross_run
[M::mem_process_seqs_merge2] CPE FASTQ formatting done
start swbwa_cross_run
slave pre done
now n is 842600
start swbwa_cross_run
processed 842600
[M::mem_process_seqs_merge2] Processed 842600 reads in 0.070 CPU sec, 2.626 real sec
[M::process] read chunk (19660800 bytes/CG x 6 CGs, 117964800 bytes)...
[DBG stage1] slow fread: R1 offset=1887423744 requested=117964800 read=117964800 elapsed=1.174 s
start swbwa_cross_run
[M::mem_process_seqs_merge2] CPE FASTQ formatting done
start swbwa_cross_run
slave pre done
now n is 842600
start swbwa_cross_run
processed 842600
[M::mem_process_seqs_merge2] Processed 842600 reads in 0.070 CPU sec, 3.220 real sec
[M::process] read chunk (19660800 bytes/CG x 6 CGs, 117964800 bytes)...
[DBG stage1] slow fread: R1 offset=2005387744 requested=117964800 read=117964800 elapsed=1.066 s
start swbwa_cross_run
[M::mem_process_seqs_merge2] CPE FASTQ formatting done
start swbwa_cross_run
slave pre done
now n is 842600
start swbwa_cross_run
processed 842600
[M::mem_process_seqs_merge2] Processed 842600 reads in 0.070 CPU sec, 2.178 real sec
[M::process] read chunk (19660800 bytes/CG x 6 CGs, 117964800 bytes)...
[DBG stage1] slow fread: R1 offset=2123351744 requested=117964800 read=117964800 elapsed=1.116 s
start swbwa_cross_run
[M::mem_process_seqs_merge2] CPE FASTQ formatting done
start swbwa_cross_run
slave pre done
now n is 842600
start swbwa_cross_run
processed 842600
[M::mem_process_seqs_merge2] Processed 842600 reads in 0.080 CPU sec, 2.491 real sec
[M::process] read chunk (19660800 bytes/CG x 6 CGs, 117964800 bytes)...
[DBG stage1] slow fread: R1 offset=2241315744 requested=117964800 read=117964800 elapsed=1.147 s
start swbwa_cross_run
[M::mem_process_seqs_merge2] CPE FASTQ formatting done
start swbwa_cross_run
slave pre done
now n is 842600
start swbwa_cross_run
processed 842600
[M::mem_process_seqs_merge2] Processed 842600 reads in 0.080 CPU sec, 2.014 real sec
[M::process] read chunk (19660800 bytes/CG x 6 CGs, 117964800 bytes)...
[DBG stage1] slow fread: R1 offset=2359279744 requested=117964800 read=117964800 elapsed=1.245 s
start swbwa_cross_run
[M::mem_process_seqs_merge2] CPE FASTQ formatting done
start swbwa_cross_run
slave pre done
now n is 842600
start swbwa_cross_run
processed 842600
[M::mem_process_seqs_merge2] Processed 842600 reads in 0.080 CPU sec, 1.702 real sec
[M::process] read chunk (19660800 bytes/CG x 6 CGs, 117964800 bytes)...
[DBG stage1] slow fread: R1 offset=2477243744 requested=117964800 read=117964800 elapsed=1.059 s
start swbwa_cross_run
[M::mem_process_seqs_merge2] CPE FASTQ formatting done
start swbwa_cross_run
slave pre done
now n is 842600
start swbwa_cross_run
processed 842600
[M::mem_process_seqs_merge2] Processed 842600 reads in 0.070 CPU sec, 2.017 real sec
[M::process] read chunk (19660800 bytes/CG x 6 CGs, 117964800 bytes)...
[DBG stage1] slow fread: R1 offset=2595207744 requested=117964800 read=117964800 elapsed=1.051 s
start swbwa_cross_run
[M::mem_process_seqs_merge2] CPE FASTQ formatting done
start swbwa_cross_run
slave pre done
now n is 842600
start swbwa_cross_run
processed 842600
[M::mem_process_seqs_merge2] Processed 842600 reads in 0.070 CPU sec, 2.398 real sec
[M::process] read chunk (19660800 bytes/CG x 6 CGs, 117964800 bytes)...
[DBG stage1] slow fread: R1 offset=2713171744 requested=117964800 read=117964800 elapsed=1.174 s
start swbwa_cross_run
[M::mem_process_seqs_merge2] CPE FASTQ formatting done
start swbwa_cross_run
slave pre done
now n is 839020
start swbwa_cross_run
processed 839020
[M::mem_process_seqs_merge2] Processed 839020 reads in 0.070 CPU sec, 2.300 real sec
[M::process] read chunk (19660800 bytes/CG x 6 CGs, 117964800 bytes)...
[DBG stage1] slow fread: R1 offset=2831135676 requested=117964800 read=117964800 elapsed=1.215 s
start swbwa_cross_run
[M::mem_process_seqs_merge2] CPE FASTQ formatting done
start swbwa_cross_run
slave pre done
now n is 830732
start swbwa_cross_run
processed 830732
[M::mem_process_seqs_merge2] Processed 830732 reads in 0.070 CPU sec, 1.719 real sec
[M::process] read chunk (19660800 bytes/CG x 6 CGs, 117964800 bytes)...
[DBG stage1] slow fread: R1 offset=2949099620 requested=117964800 read=117964800 elapsed=1.259 s
start swbwa_cross_run
[M::mem_process_seqs_merge2] CPE FASTQ formatting done
start swbwa_cross_run
slave pre done
now n is 830732
start swbwa_cross_run
processed 830732
[M::mem_process_seqs_merge2] Processed 830732 reads in 0.070 CPU sec, 2.047 real sec
[M::process] read chunk (19660800 bytes/CG x 6 CGs, 117964800 bytes)...
[DBG stage1] slow fread: R1 offset=3067063564 requested=117964800 read=117964800 elapsed=1.268 s
start swbwa_cross_run
[M::mem_process_seqs_merge2] CPE FASTQ formatting done
start swbwa_cross_run
slave pre done
now n is 830732
start swbwa_cross_run
processed 830732
[M::mem_process_seqs_merge2] Processed 830732 reads in 0.080 CPU sec, 1.514 real sec
[M::process] read chunk (19660800 bytes/CG x 6 CGs, 117964800 bytes)...
[DBG stage1] slow fread: R1 offset=3185027508 requested=117964800 read=117964800 elapsed=1.185 s
start swbwa_cross_run
[M::mem_process_seqs_merge2] CPE FASTQ formatting done
start swbwa_cross_run
slave pre done
now n is 830732
start swbwa_cross_run
processed 830732
[M::mem_process_seqs_merge2] Processed 830732 reads in 0.070 CPU sec, 2.740 real sec
[M::process] read chunk (19660800 bytes/CG x 6 CGs, 117964800 bytes)...
[DBG stage1] slow fread: R1 offset=3302991452 requested=117964800 read=117964800 elapsed=1.304 s
start swbwa_cross_run
[M::mem_process_seqs_merge2] CPE FASTQ formatting done
start swbwa_cross_run
slave pre done
now n is 830732
start swbwa_cross_run
processed 830732
[M::mem_process_seqs_merge2] Processed 830732 reads in 0.080 CPU sec, 1.771 real sec
[M::process] read chunk (19660800 bytes/CG x 6 CGs, 115104916 bytes)...
[DBG stage1] slow fread: R1 offset=3420955396 requested=115104916 read=115104916 elapsed=1.085 s
start swbwa_cross_run
[M::mem_process_seqs_merge2] CPE FASTQ formatting done
start swbwa_cross_run
slave pre done
now n is 810598
start swbwa_cross_run
processed 810598
[M::mem_process_seqs_merge2] Processed 810598 reads in 0.070 CPU sec, 2.136 real sec

====================== SWBWA Output Debug =====================
  MPI rank: 000000 / 000001
  mode:     non-MPI POSIX
  path:     bigdata_results/cgs_cross_pool/has1/SRR2496709_PE.sam

  Output volume
    output buffer capacity                           67108864
    swbwa_output_write calls                        25214822
    submitted SAM bytes                           8119600200
    buffered flushes                                     121
    buffered flush bytes                          8119600200
    direct oversized writes                                0
    direct oversized bytes                                 0

  Buffering
    buffered flush total                       112.917624 s  (121 calls, 933203.507 us/call)

  POSIX file writes
    write system calls                                    121
    write system-call bytes                        8119600200
    POSIX write system calls                   112.917300 s  (121 calls, 933200.824 us/call)
    POSIX write effective bandwidth                68.576 MiB/s

  Output close timing
    POSIX close                                  0.000338 s  (1 calls,   338.251 us/call)
================================================================


======================= SWBWA Timing Report =======================
  Accumulated wall-clock time; indented rows are included in
  their parent row and must not be added to it.

  Pipeline
    total - complete three-stage pipeline                   269.063 s
    stage 1 - allocate and read raw FASTQ blocks             59.373 s
    stage 2 - align reads and generate SAM records           69.618 s
    stage 3 - write SAM and release batch data              139.221 s
      SAM output writes                                       130.188 s
      batch cleanup and loop overhead (derived)                 9.032 s

  Stage 1 input details
    batches completed / stage calls                      30 / 31
    input-buffer and batch allocations                        0.000 s  (91 calls, max 0.000 s)
    aggregate requested allocation bytes           7072231656
    FASTQ fseeko calls                                        0.001 s  (60 calls, max 0.000 s)
    FASTQ fread calls                                        59.346 s  (60 calls, max 1.304 s)
    align chunk ends to FASTQ record boundaries               0.000 s  (58 calls, max 0.000 s)
    scheduler, checks and bookkeeping (derived)               0.026 s
    raw FASTQ bytes read                           7072168232  (6744.545 MiB)
    effective fread bandwidth                        113.648 MiB/s
    slowest allocation                                 0.000 s  (64 bytes)
    slowest fread                                      1.304 s  (R1 offset=3302991452, bytes=117964800)

  Stage 2 worker details
    total - active merge worker                              69.602 s
      part 1 - prepare CPE task and reusable buffers            0.979 s
      part 2 - CPE FASTQ formatting and input release           0.471 s
      part 3 - CPE alignment and SAM length pass               65.451 s
      part 4 - assign slices in the shared SAM buffer           1.930 s
      part 5 - CPE SAM record generation                        0.758 s
      part 6 - release temporary worker data                    0.001 s

  Reserved allocator timers (no active timing sites)
    malloc timer                                              0.000 s
    free timer                                                0.000 s
===================================================================

[main] Version: 0.0.1
[main] CMD: ./SWBWA mem -v 4 -t 1 -1 -o bigdata_results/cgs_cross_pool/has1/SRR2496709_PE.sam -I 170,80,500,1 ../data/GRCh38.d1.vd1.fa ../data/bwa_test_big_data/SRR2496709_1.fastq ../data/bwa_test_big_data/SRR2496709_2.fastq
