[M::main_mem] mean insert size: 170.000, stddev: 80.000, max: 500, min: 1
[CPE input] bytes_per_cg=19660800 cg_count=6 chunk_bytes=117964800 file_bytes=3536060312
malloc bwt->bwt 3107576584, 0x580000486040
malloc bwt->sa 1553788264, 0x5800b9823b60
[M::bwa_idx_load_from_disk] read 0 ALT contigs
malloc pac 776894131, 0x580116285940
the input file is ../data/bwa_test_big_data/SRR2496709_1.fastq
the output file is bigdata_results/cgs_cross_pool/has1/SRR2496709_SE.sam
[M::process] read chunk (19660800 bytes/CG x 6 CGs, 117964800 bytes)...
[DBG stage1] slow fread: R1 offset=0 requested=117964800 read=117964800 elapsed=1.000 s
[M::swbwa_cross_runtime_init] initialized cross-segment runtime in 0.068 sec
start swbwa_cross_run
[M::mem_process_seqs_merge2] CPE FASTQ formatting done
start swbwa_cross_run
slave pre done
now n is 429016
start swbwa_cross_run
processed 429016
[M::mem_process_seqs_merge2] Processed 429016 reads in 0.630 CPU sec, 1.530 real sec
[M::process] read chunk (19660800 bytes/CG x 6 CGs, 117964800 bytes)...
start swbwa_cross_run
[M::mem_process_seqs_merge2] CPE FASTQ formatting done
start swbwa_cross_run
slave pre done
now n is 427405
start swbwa_cross_run
processed 427405
[M::mem_process_seqs_merge2] Processed 427405 reads in 0.050 CPU sec, 0.882 real sec
[M::process] read chunk (19660800 bytes/CG x 6 CGs, 117964800 bytes)...
start swbwa_cross_run
[M::mem_process_seqs_merge2] CPE FASTQ formatting done
start swbwa_cross_run
slave pre done
now n is 423351
start swbwa_cross_run
processed 423351
[M::mem_process_seqs_merge2] Processed 423351 reads in 0.040 CPU sec, 1.057 real sec
[M::process] read chunk (19660800 bytes/CG x 6 CGs, 117964800 bytes)...
start swbwa_cross_run
[M::mem_process_seqs_merge2] CPE FASTQ formatting done
start swbwa_cross_run
slave pre done
now n is 421300
start swbwa_cross_run
processed 421300
[M::mem_process_seqs_merge2] Processed 421300 reads in 0.040 CPU sec, 0.888 real sec
[M::process] read chunk (19660800 bytes/CG x 6 CGs, 117964800 bytes)...
start swbwa_cross_run
[M::mem_process_seqs_merge2] CPE FASTQ formatting done
start swbwa_cross_run
slave pre done
now n is 421300
start swbwa_cross_run
processed 421300
[M::mem_process_seqs_merge2] Processed 421300 reads in 0.040 CPU sec, 1.200 real sec
[M::process] read chunk (19660800 bytes/CG x 6 CGs, 117964800 bytes)...
start swbwa_cross_run
[M::mem_process_seqs_merge2] CPE FASTQ formatting done
start swbwa_cross_run
slave pre done
now n is 421300
start swbwa_cross_run
processed 421300
[M::mem_process_seqs_merge2] Processed 421300 reads in 0.040 CPU sec, 0.929 real sec
[M::process] read chunk (19660800 bytes/CG x 6 CGs, 117964800 bytes)...
start swbwa_cross_run
[M::mem_process_seqs_merge2] CPE FASTQ formatting done
start swbwa_cross_run
slave pre done
now n is 421300
start swbwa_cross_run
processed 421300
[M::mem_process_seqs_merge2] Processed 421300 reads in 0.050 CPU sec, 0.834 real sec
[M::process] read chunk (19660800 bytes/CG x 6 CGs, 117964800 bytes)...
start swbwa_cross_run
[M::mem_process_seqs_merge2] CPE FASTQ formatting done
start swbwa_cross_run
slave pre done
now n is 421300
start swbwa_cross_run
processed 421300
[M::mem_process_seqs_merge2] Processed 421300 reads in 0.040 CPU sec, 0.900 real sec
[M::process] read chunk (19660800 bytes/CG x 6 CGs, 117964800 bytes)...
start swbwa_cross_run
[M::mem_process_seqs_merge2] CPE FASTQ formatting done
start swbwa_cross_run
slave pre done
now n is 421300
start swbwa_cross_run
processed 421300
[M::mem_process_seqs_merge2] Processed 421300 reads in 0.040 CPU sec, 0.994 real sec
[M::process] read chunk (19660800 bytes/CG x 6 CGs, 117964800 bytes)...
start swbwa_cross_run
[M::mem_process_seqs_merge2] CPE FASTQ formatting done
start swbwa_cross_run
slave pre done
now n is 421300
start swbwa_cross_run
processed 421300
[M::mem_process_seqs_merge2] Processed 421300 reads in 0.050 CPU sec, 0.933 real sec
[M::process] read chunk (19660800 bytes/CG x 6 CGs, 117964800 bytes)...
start swbwa_cross_run
[M::mem_process_seqs_merge2] CPE FASTQ formatting done
start swbwa_cross_run
slave pre done
now n is 421300
start swbwa_cross_run
processed 421300
[M::mem_process_seqs_merge2] Processed 421300 reads in 0.040 CPU sec, 0.817 real sec
[M::process] read chunk (19660800 bytes/CG x 6 CGs, 117964800 bytes)...
start swbwa_cross_run
[M::mem_process_seqs_merge2] CPE FASTQ formatting done
start swbwa_cross_run
slave pre done
now n is 421300
start swbwa_cross_run
processed 421300
[M::mem_process_seqs_merge2] Processed 421300 reads in 0.040 CPU sec, 0.958 real sec
[M::process] read chunk (19660800 bytes/CG x 6 CGs, 117964800 bytes)...
start swbwa_cross_run
[M::mem_process_seqs_merge2] CPE FASTQ formatting done
start swbwa_cross_run
slave pre done
now n is 421300
start swbwa_cross_run
processed 421300
[M::mem_process_seqs_merge2] Processed 421300 reads in 0.040 CPU sec, 0.844 real sec
[M::process] read chunk (19660800 bytes/CG x 6 CGs, 117964800 bytes)...
start swbwa_cross_run
[M::mem_process_seqs_merge2] CPE FASTQ formatting done
start swbwa_cross_run
slave pre done
now n is 421300
start swbwa_cross_run
processed 421300
[M::mem_process_seqs_merge2] Processed 421300 reads in 0.050 CPU sec, 1.111 real sec
[M::process] read chunk (19660800 bytes/CG x 6 CGs, 117964800 bytes)...
start swbwa_cross_run
[M::mem_process_seqs_merge2] CPE FASTQ formatting done
start swbwa_cross_run
slave pre done
now n is 421300
start swbwa_cross_run
processed 421300
[M::mem_process_seqs_merge2] Processed 421300 reads in 0.050 CPU sec, 1.433 real sec
[M::process] read chunk (19660800 bytes/CG x 6 CGs, 117964800 bytes)...
start swbwa_cross_run
[M::mem_process_seqs_merge2] CPE FASTQ formatting done
start swbwa_cross_run
slave pre done
now n is 421300
start swbwa_cross_run
processed 421300
[M::mem_process_seqs_merge2] Processed 421300 reads in 0.040 CPU sec, 0.975 real sec
[M::process] read chunk (19660800 bytes/CG x 6 CGs, 117964800 bytes)...
start swbwa_cross_run
[M::mem_process_seqs_merge2] CPE FASTQ formatting done
start swbwa_cross_run
slave pre done
now n is 421300
start swbwa_cross_run
processed 421300
[M::mem_process_seqs_merge2] Processed 421300 reads in 0.040 CPU sec, 1.179 real sec
[M::process] read chunk (19660800 bytes/CG x 6 CGs, 117964800 bytes)...
start swbwa_cross_run
[M::mem_process_seqs_merge2] CPE FASTQ formatting done
start swbwa_cross_run
slave pre done
now n is 421300
start swbwa_cross_run
processed 421300
[M::mem_process_seqs_merge2] Processed 421300 reads in 0.040 CPU sec, 0.925 real sec
[M::process] read chunk (19660800 bytes/CG x 6 CGs, 117964800 bytes)...
start swbwa_cross_run
[M::mem_process_seqs_merge2] CPE FASTQ formatting done
start swbwa_cross_run
slave pre done
now n is 421300
start swbwa_cross_run
processed 421300
[M::mem_process_seqs_merge2] Processed 421300 reads in 0.040 CPU sec, 0.969 real sec
[M::process] read chunk (19660800 bytes/CG x 6 CGs, 117964800 bytes)...
start swbwa_cross_run
[M::mem_process_seqs_merge2] CPE FASTQ formatting done
start swbwa_cross_run
slave pre done
now n is 421300
start swbwa_cross_run
processed 421300
[M::mem_process_seqs_merge2] Processed 421300 reads in 0.040 CPU sec, 0.870 real sec
[M::process] read chunk (19660800 bytes/CG x 6 CGs, 117964800 bytes)...
start swbwa_cross_run
[M::mem_process_seqs_merge2] CPE FASTQ formatting done
start swbwa_cross_run
slave pre done
now n is 421300
start swbwa_cross_run
processed 421300
[M::mem_process_seqs_merge2] Processed 421300 reads in 0.050 CPU sec, 0.781 real sec
[M::process] read chunk (19660800 bytes/CG x 6 CGs, 117964800 bytes)...
start swbwa_cross_run
[M::mem_process_seqs_merge2] CPE FASTQ formatting done
start swbwa_cross_run
slave pre done
now n is 421300
start swbwa_cross_run
processed 421300
[M::mem_process_seqs_merge2] Processed 421300 reads in 0.040 CPU sec, 0.886 real sec
[M::process] read chunk (19660800 bytes/CG x 6 CGs, 117964800 bytes)...
start swbwa_cross_run
[M::mem_process_seqs_merge2] CPE FASTQ formatting done
start swbwa_cross_run
slave pre done
now n is 421300
start swbwa_cross_run
processed 421300
[M::mem_process_seqs_merge2] Processed 421300 reads in 0.040 CPU sec, 0.997 real sec
[M::process] read chunk (19660800 bytes/CG x 6 CGs, 117964800 bytes)...
start swbwa_cross_run
[M::mem_process_seqs_merge2] CPE FASTQ formatting done
start swbwa_cross_run
slave pre done
now n is 419510
start swbwa_cross_run
processed 419510
[M::mem_process_seqs_merge2] Processed 419510 reads in 0.040 CPU sec, 0.947 real sec
[M::process] read chunk (19660800 bytes/CG x 6 CGs, 117964800 bytes)...
start swbwa_cross_run
[M::mem_process_seqs_merge2] CPE FASTQ formatting done
start swbwa_cross_run
slave pre done
now n is 415366
start swbwa_cross_run
processed 415366
[M::mem_process_seqs_merge2] Processed 415366 reads in 0.040 CPU sec, 0.805 real sec
[M::process] read chunk (19660800 bytes/CG x 6 CGs, 117964800 bytes)...
start swbwa_cross_run
[M::mem_process_seqs_merge2] CPE FASTQ formatting done
start swbwa_cross_run
slave pre done
now n is 415366
start swbwa_cross_run
processed 415366
[M::mem_process_seqs_merge2] Processed 415366 reads in 0.040 CPU sec, 0.885 real sec
[M::process] read chunk (19660800 bytes/CG x 6 CGs, 117964800 bytes)...
start swbwa_cross_run
[M::mem_process_seqs_merge2] CPE FASTQ formatting done
start swbwa_cross_run
slave pre done
now n is 415366
start swbwa_cross_run
processed 415366
[M::mem_process_seqs_merge2] Processed 415366 reads in 0.040 CPU sec, 0.735 real sec
[M::process] read chunk (19660800 bytes/CG x 6 CGs, 117964800 bytes)...
start swbwa_cross_run
[M::mem_process_seqs_merge2] CPE FASTQ formatting done
start swbwa_cross_run
slave pre done
now n is 415366
start swbwa_cross_run
processed 415366
[M::mem_process_seqs_merge2] Processed 415366 reads in 0.040 CPU sec, 1.116 real sec
[M::process] read chunk (19660800 bytes/CG x 6 CGs, 117964800 bytes)...
[DBG stage1] slow fread: R1 offset=3302991452 requested=117964800 read=117964800 elapsed=1.145 s
start swbwa_cross_run
[M::mem_process_seqs_merge2] CPE FASTQ formatting done
start swbwa_cross_run
slave pre done
now n is 415366
start swbwa_cross_run
processed 415366
[M::mem_process_seqs_merge2] Processed 415366 reads in 0.050 CPU sec, 0.763 real sec
[M::process] read chunk (19660800 bytes/CG x 6 CGs, 115104916 bytes)...
start swbwa_cross_run
[M::mem_process_seqs_merge2] CPE FASTQ formatting done
start swbwa_cross_run
slave pre done
now n is 405299
start swbwa_cross_run
processed 405299
[M::mem_process_seqs_merge2] Processed 405299 reads in 0.050 CPU sec, 0.861 real sec

====================== SWBWA Output Debug =====================
  MPI rank: 000000 / 000001
  mode:     non-MPI POSIX
  path:     bigdata_results/cgs_cross_pool/has1/SRR2496709_SE.sam

  Output volume
    output buffer capacity                           67108864
    swbwa_output_write calls                        12607411
    submitted SAM bytes                           3685790019
    buffered flushes                                      55
    buffered flush bytes                          3685790019
    direct oversized writes                                0
    direct oversized bytes                                 0

  Buffering
    buffered flush total                        51.353774 s  (55 calls, 933704.989 us/call)

  POSIX file writes
    write system calls                                     55
    write system-call bytes                        3685790019
    POSIX write system calls                    51.353638 s  (55 calls, 933702.517 us/call)
    POSIX write effective bandwidth                68.448 MiB/s

  Output close timing
    POSIX close                                  0.000288 s  (1 calls,   287.701 us/call)
================================================================


======================= SWBWA Timing Report =======================
  Accumulated wall-clock time; indented rows are included in
  their parent row and must not be added to it.

  Pipeline
    total - complete three-stage pipeline                   119.881 s
    stage 1 - allocate and read raw FASTQ blocks             26.037 s
    stage 2 - align reads and generate SAM records           29.020 s
    stage 3 - write SAM and release batch data               64.013 s
      SAM output writes                                        59.484 s
      batch cleanup and loop overhead (derived)                 4.529 s

  Stage 1 input details
    batches completed / stage calls                      30 / 31
    input-buffer and batch allocations                        0.000 s  (61 calls, max 0.000 s)
    aggregate requested allocation bytes           3536116820
    FASTQ fseeko calls                                        0.000 s  (30 calls, max 0.000 s)
    FASTQ fread calls                                        26.022 s  (30 calls, max 1.145 s)
    align chunk ends to FASTQ record boundaries               0.000 s  (29 calls, max 0.000 s)
    scheduler, checks and bookkeeping (derived)               0.014 s
    raw FASTQ bytes read                           3536084116  (3372.273 MiB)
    effective fread bandwidth                        129.591 MiB/s
    slowest allocation                                 0.000 s  (64 bytes)
    slowest fread                                      1.145 s  (R1 offset=3302991452, bytes=117964800)

  Stage 2 worker details
    total - active merge worker                              29.004 s
      part 1 - prepare CPE task and reusable buffers            0.979 s
      part 2 - CPE FASTQ formatting and input release           0.364 s
      part 3 - CPE alignment and SAM length pass               26.132 s
      part 4 - assign slices in the shared SAM buffer           0.978 s
      part 5 - CPE SAM record generation                        0.538 s
      part 6 - release temporary worker data                    0.000 s

  Reserved allocator timers (no active timing sites)
    malloc timer                                              0.000 s
    free timer                                                0.000 s
===================================================================

[main] Version: 0.0.1
[main] CMD: ./SWBWA mem -v 4 -t 1 -1 -o bigdata_results/cgs_cross_pool/has1/SRR2496709_SE.sam -I 170,80,500,1 ../data/GRCh38.d1.vd1.fa ../data/bwa_test_big_data/SRR2496709_1.fastq
