[M::main_mem] mean insert size: 170.000, stddev: 80.000, max: 500, min: 1
[CPE input] bytes_per_cg=19660800 cg_count=1 chunk_bytes=19660800 file_bytes=3499281348
malloc bwt->bwt 3107576584, 0x500002429500
malloc bwt->sa 1553788264, 0x5000bb7c7020
[M::bwa_idx_load_from_disk] read 0 ALT contigs
malloc pac 776894131, 0x500118228940
the input file is ../data/bwa_test_big_data/ERR1203383_1.fastq
the input file is ../data/bwa_test_big_data/ERR1203383_2.fastq
the output file is bigdata_results/single_system/has1/ERR1203383_PE.sam
[M::process] read chunk (19660800 bytes/CG x 1 CGs, 19660800 bytes)...
[M::mem_process_seqs_merge2] CPE FASTQ formatting done
slave pre done
now n is 179130
processed 179130
[M::mem_process_seqs_merge2] Processed 179130 reads in 1.950 CPU sec, 1.958 real sec
[M::process] read chunk (19660800 bytes/CG x 1 CGs, 19660800 bytes)...
[M::mem_process_seqs_merge2] CPE FASTQ formatting done
slave pre done
now n is 175908
processed 175908
[M::mem_process_seqs_merge2] Processed 175908 reads in 1.630 CPU sec, 1.629 real sec
[M::process] read chunk (19660800 bytes/CG x 1 CGs, 19660800 bytes)...
[M::mem_process_seqs_merge2] CPE FASTQ formatting done
slave pre done
now n is 175534
processed 175534
[M::mem_process_seqs_merge2] Processed 175534 reads in 1.620 CPU sec, 1.620 real sec
[M::process] read chunk (19660800 bytes/CG x 1 CGs, 19660800 bytes)...
[M::mem_process_seqs_merge2] CPE FASTQ formatting done
slave pre done
now n is 175534
processed 175534
[M::mem_process_seqs_merge2] Processed 175534 reads in 1.490 CPU sec, 1.489 real sec
[M::process] read chunk (19660800 bytes/CG x 1 CGs, 19660800 bytes)...
[M::mem_process_seqs_merge2] CPE FASTQ formatting done
slave pre done
now n is 175534
processed 175534
[M::mem_process_seqs_merge2] Processed 175534 reads in 1.480 CPU sec, 1.482 real sec
[M::process] read chunk (19660800 bytes/CG x 1 CGs, 19660800 bytes)...
[M::mem_process_seqs_merge2] CPE FASTQ formatting done
slave pre done
now n is 175534
processed 175534
[M::mem_process_seqs_merge2] Processed 175534 reads in 1.680 CPU sec, 1.682 real sec
[M::process] read chunk (19660800 bytes/CG x 1 CGs, 19660800 bytes)...
[M::mem_process_seqs_merge2] CPE FASTQ formatting done
slave pre done
now n is 175534
processed 175534
[M::mem_process_seqs_merge2] Processed 175534 reads in 1.980 CPU sec, 1.974 real sec
[M::process] read chunk (19660800 bytes/CG x 1 CGs, 19660800 bytes)...
[M::mem_process_seqs_merge2] CPE FASTQ formatting done
slave pre done
now n is 175534
processed 175534
[M::mem_process_seqs_merge2] Processed 175534 reads in 1.720 CPU sec, 1.728 real sec
[M::process] read chunk (19660800 bytes/CG x 1 CGs, 19660800 bytes)...
[M::mem_process_seqs_merge2] CPE FASTQ formatting done
slave pre done
now n is 175534
processed 175534
[M::mem_process_seqs_merge2] Processed 175534 reads in 2.040 CPU sec, 2.042 real sec
[M::process] read chunk (19660800 bytes/CG x 1 CGs, 19660800 bytes)...
[M::mem_process_seqs_merge2] CPE FASTQ formatting done
slave pre done
now n is 175534
processed 175534
[M::mem_process_seqs_merge2] Processed 175534 reads in 1.940 CPU sec, 1.945 real sec
[M::process] read chunk (19660800 bytes/CG x 1 CGs, 19660800 bytes)...
[M::mem_process_seqs_merge2] CPE FASTQ formatting done
slave pre done
now n is 175534
processed 175534
[M::mem_process_seqs_merge2] Processed 175534 reads in 1.510 CPU sec, 1.512 real sec
[M::process] read chunk (19660800 bytes/CG x 1 CGs, 19660800 bytes)...
[M::mem_process_seqs_merge2] CPE FASTQ formatting done
slave pre done
now n is 173598
processed 173598
[M::mem_process_seqs_merge2] Processed 173598 reads in 1.590 CPU sec, 1.592 real sec
[M::process] read chunk (19660800 bytes/CG x 1 CGs, 19660800 bytes)...
[M::mem_process_seqs_merge2] CPE FASTQ formatting done
slave pre done
now n is 172456
processed 172456
[M::mem_process_seqs_merge2] Processed 172456 reads in 1.690 CPU sec, 1.688 real sec
[M::process] read chunk (19660800 bytes/CG x 1 CGs, 19660800 bytes)...
[M::mem_process_seqs_merge2] CPE FASTQ formatting done
slave pre done
now n is 172456
processed 172456
[M::mem_process_seqs_merge2] Processed 172456 reads in 1.610 CPU sec, 1.611 real sec
[M::process] read chunk (19660800 bytes/CG x 1 CGs, 19660800 bytes)...
[M::mem_process_seqs_merge2] CPE FASTQ formatting done
slave pre done
now n is 172456
processed 172456
[M::mem_process_seqs_merge2] Processed 172456 reads in 1.650 CPU sec, 1.649 real sec
[M::process] read chunk (19660800 bytes/CG x 1 CGs, 19660800 bytes)...
[M::mem_process_seqs_merge2] CPE FASTQ formatting done
slave pre done
now n is 172456
processed 172456
[M::mem_process_seqs_merge2] Processed 172456 reads in 1.560 CPU sec, 1.558 real sec
[M::process] read chunk (19660800 bytes/CG x 1 CGs, 19660800 bytes)...
[M::mem_process_seqs_merge2] CPE FASTQ formatting done
slave pre done
now n is 172456
processed 172456
[M::mem_process_seqs_merge2] Processed 172456 reads in 1.700 CPU sec, 1.696 real sec
[M::process] read chunk (19660800 bytes/CG x 1 CGs, 19660800 bytes)...
[M::mem_process_seqs_merge2] CPE FASTQ formatting done
slave pre done
now n is 172456
processed 172456
[M::mem_process_seqs_merge2] Processed 172456 reads in 1.520 CPU sec, 1.525 real sec
[M::process] read chunk (19660800 bytes/CG x 1 CGs, 19660800 bytes)...
[M::mem_process_seqs_merge2] CPE FASTQ formatting done
slave pre done
now n is 172456
processed 172456
[M::mem_process_seqs_merge2] Processed 172456 reads in 1.700 CPU sec, 1.701 real sec
[M::process] read chunk (19660800 bytes/CG x 1 CGs, 19660800 bytes)...
[M::mem_process_seqs_merge2] CPE FASTQ formatting done
slave pre done
now n is 172456
processed 172456
[M::mem_process_seqs_merge2] Processed 172456 reads in 1.810 CPU sec, 1.811 real sec
[M::process] read chunk (19660800 bytes/CG x 1 CGs, 19660800 bytes)...
[M::mem_process_seqs_merge2] CPE FASTQ formatting done
slave pre done
now n is 172456
processed 172456
[M::mem_process_seqs_merge2] Processed 172456 reads in 1.620 CPU sec, 1.615 real sec
[M::process] read chunk (19660800 bytes/CG x 1 CGs, 19660800 bytes)...
[M::mem_process_seqs_merge2] CPE FASTQ formatting done
slave pre done
now n is 172456
processed 172456
[M::mem_process_seqs_merge2] Processed 172456 reads in 1.950 CPU sec, 1.947 real sec
[M::process] read chunk (19660800 bytes/CG x 1 CGs, 19660800 bytes)...
[M::mem_process_seqs_merge2] CPE FASTQ formatting done
slave pre done
now n is 172456
processed 172456
[M::mem_process_seqs_merge2] Processed 172456 reads in 1.710 CPU sec, 1.712 real sec
[M::process] read chunk (19660800 bytes/CG x 1 CGs, 19660800 bytes)...
[M::mem_process_seqs_merge2] CPE FASTQ formatting done
slave pre done
now n is 172456
processed 172456
[M::mem_process_seqs_merge2] Processed 172456 reads in 2.040 CPU sec, 2.046 real sec
[M::process] read chunk (19660800 bytes/CG x 1 CGs, 19660800 bytes)...
[M::mem_process_seqs_merge2] CPE FASTQ formatting done
slave pre done
now n is 172456
processed 172456
[M::mem_process_seqs_merge2] Processed 172456 reads in 1.670 CPU sec, 1.670 real sec
[M::process] read chunk (19660800 bytes/CG x 1 CGs, 19660800 bytes)...
[M::mem_process_seqs_merge2] CPE FASTQ formatting done
slave pre done
now n is 172456
processed 172456
[M::mem_process_seqs_merge2] Processed 172456 reads in 1.520 CPU sec, 1.519 real sec
[M::process] read chunk (19660800 bytes/CG x 1 CGs, 19660800 bytes)...
[M::mem_process_seqs_merge2] CPE FASTQ formatting done
slave pre done
now n is 172456
processed 172456
[M::mem_process_seqs_merge2] Processed 172456 reads in 1.830 CPU sec, 1.828 real sec
[M::process] read chunk (19660800 bytes/CG x 1 CGs, 19660800 bytes)...
[M::mem_process_seqs_merge2] CPE FASTQ formatting done
slave pre done
now n is 172456
processed 172456
[M::mem_process_seqs_merge2] Processed 172456 reads in 1.640 CPU sec, 1.639 real sec
[M::process] read chunk (19660800 bytes/CG x 1 CGs, 19660800 bytes)...
[M::mem_process_seqs_merge2] CPE FASTQ formatting done
slave pre done
now n is 172456
processed 172456
[M::mem_process_seqs_merge2] Processed 172456 reads in 1.590 CPU sec, 1.589 real sec
[M::process] read chunk (19660800 bytes/CG x 1 CGs, 19660800 bytes)...
[M::mem_process_seqs_merge2] CPE FASTQ formatting done
slave pre done
now n is 172456
processed 172456
[M::mem_process_seqs_merge2] Processed 172456 reads in 1.630 CPU sec, 1.633 real sec
[M::process] read chunk (19660800 bytes/CG x 1 CGs, 19660800 bytes)...
[M::mem_process_seqs_merge2] CPE FASTQ formatting done
slave pre done
now n is 172456
processed 172456
[M::mem_process_seqs_merge2] Processed 172456 reads in 1.880 CPU sec, 1.876 real sec
[M::process] read chunk (19660800 bytes/CG x 1 CGs, 19660800 bytes)...
[M::mem_process_seqs_merge2] CPE FASTQ formatting done
slave pre done
now n is 172456
processed 172456
[M::mem_process_seqs_merge2] Processed 172456 reads in 1.460 CPU sec, 1.458 real sec
[M::process] read chunk (19660800 bytes/CG x 1 CGs, 19660800 bytes)...
[M::mem_process_seqs_merge2] CPE FASTQ formatting done
slave pre done
now n is 172456
processed 172456
[M::mem_process_seqs_merge2] Processed 172456 reads in 1.340 CPU sec, 1.336 real sec
[M::process] read chunk (19660800 bytes/CG x 1 CGs, 19660800 bytes)...
[M::mem_process_seqs_merge2] CPE FASTQ formatting done
slave pre done
now n is 172456
processed 172456
[M::mem_process_seqs_merge2] Processed 172456 reads in 1.580 CPU sec, 1.582 real sec
[M::process] read chunk (19660800 bytes/CG x 1 CGs, 19660800 bytes)...
[M::mem_process_seqs_merge2] CPE FASTQ formatting done
slave pre done
now n is 172456
processed 172456
[M::mem_process_seqs_merge2] Processed 172456 reads in 2.260 CPU sec, 2.265 real sec
[M::process] read chunk (19660800 bytes/CG x 1 CGs, 19660800 bytes)...
[M::mem_process_seqs_merge2] CPE FASTQ formatting done
slave pre done
now n is 172456
processed 172456
[M::mem_process_seqs_merge2] Processed 172456 reads in 1.640 CPU sec, 1.637 real sec
[M::process] read chunk (19660800 bytes/CG x 1 CGs, 19660800 bytes)...
[M::mem_process_seqs_merge2] CPE FASTQ formatting done
slave pre done
now n is 172456
processed 172456
[M::mem_process_seqs_merge2] Processed 172456 reads in 1.690 CPU sec, 1.699 real sec
[M::process] read chunk (19660800 bytes/CG x 1 CGs, 19660800 bytes)...
[M::mem_process_seqs_merge2] CPE FASTQ formatting done
slave pre done
now n is 172456
processed 172456
[M::mem_process_seqs_merge2] Processed 172456 reads in 1.770 CPU sec, 1.771 real sec
[M::process] read chunk (19660800 bytes/CG x 1 CGs, 19660800 bytes)...
[M::mem_process_seqs_merge2] CPE FASTQ formatting done
slave pre done
now n is 172456
processed 172456
[M::mem_process_seqs_merge2] Processed 172456 reads in 1.820 CPU sec, 1.821 real sec
[M::process] read chunk (19660800 bytes/CG x 1 CGs, 19660800 bytes)...
[M::mem_process_seqs_merge2] CPE FASTQ formatting done
slave pre done
now n is 172456
processed 172456
[M::mem_process_seqs_merge2] Processed 172456 reads in 1.600 CPU sec, 1.605 real sec
[M::process] read chunk (19660800 bytes/CG x 1 CGs, 19660800 bytes)...
[M::mem_process_seqs_merge2] CPE FASTQ formatting done
slave pre done
now n is 172456
processed 172456
[M::mem_process_seqs_merge2] Processed 172456 reads in 1.800 CPU sec, 1.797 real sec
[M::process] read chunk (19660800 bytes/CG x 1 CGs, 19660800 bytes)...
[M::mem_process_seqs_merge2] CPE FASTQ formatting done
slave pre done
now n is 172456
processed 172456
[M::mem_process_seqs_merge2] Processed 172456 reads in 1.950 CPU sec, 1.949 real sec
[M::process] read chunk (19660800 bytes/CG x 1 CGs, 19660800 bytes)...
[M::mem_process_seqs_merge2] CPE FASTQ formatting done
slave pre done
now n is 172456
processed 172456
[M::mem_process_seqs_merge2] Processed 172456 reads in 1.920 CPU sec, 1.918 real sec
[M::process] read chunk (19660800 bytes/CG x 1 CGs, 19660800 bytes)...
[M::mem_process_seqs_merge2] CPE FASTQ formatting done
slave pre done
now n is 172456
processed 172456
[M::mem_process_seqs_merge2] Processed 172456 reads in 1.940 CPU sec, 1.942 real sec
[M::process] read chunk (19660800 bytes/CG x 1 CGs, 19660800 bytes)...
[M::mem_process_seqs_merge2] CPE FASTQ formatting done
slave pre done
now n is 172456
processed 172456
[M::mem_process_seqs_merge2] Processed 172456 reads in 1.950 CPU sec, 1.949 real sec
[M::process] read chunk (19660800 bytes/CG x 1 CGs, 19660800 bytes)...
[M::mem_process_seqs_merge2] CPE FASTQ formatting done
slave pre done
now n is 172456
processed 172456
[M::mem_process_seqs_merge2] Processed 172456 reads in 1.980 CPU sec, 1.981 real sec
[M::process] read chunk (19660800 bytes/CG x 1 CGs, 19660800 bytes)...
[M::mem_process_seqs_merge2] CPE FASTQ formatting done
slave pre done
now n is 172456
processed 172456
[M::mem_process_seqs_merge2] Processed 172456 reads in 2.140 CPU sec, 2.141 real sec
[M::process] read chunk (19660800 bytes/CG x 1 CGs, 19660800 bytes)...
[M::mem_process_seqs_merge2] CPE FASTQ formatting done
slave pre done
now n is 172456
processed 172456
[M::mem_process_seqs_merge2] Processed 172456 reads in 1.990 CPU sec, 1.985 real sec
[M::process] read chunk (19660800 bytes/CG x 1 CGs, 19660800 bytes)...
[M::mem_process_seqs_merge2] CPE FASTQ formatting done
slave pre done
now n is 172456
processed 172456
[M::mem_process_seqs_merge2] Processed 172456 reads in 1.970 CPU sec, 1.970 real sec
[M::process] read chunk (19660800 bytes/CG x 1 CGs, 19660800 bytes)...
[M::mem_process_seqs_merge2] CPE FASTQ formatting done
slave pre done
now n is 172456
processed 172456
[M::mem_process_seqs_merge2] Processed 172456 reads in 1.830 CPU sec, 1.830 real sec
[M::process] read chunk (19660800 bytes/CG x 1 CGs, 19660800 bytes)...
[M::mem_process_seqs_merge2] CPE FASTQ formatting done
slave pre done
now n is 172456
processed 172456
[M::mem_process_seqs_merge2] Processed 172456 reads in 1.930 CPU sec, 1.926 real sec
[M::process] read chunk (19660800 bytes/CG x 1 CGs, 19660800 bytes)...
[M::mem_process_seqs_merge2] CPE FASTQ formatting done
slave pre done
now n is 172456
processed 172456
[M::mem_process_seqs_merge2] Processed 172456 reads in 1.850 CPU sec, 1.853 real sec
[M::process] read chunk (19660800 bytes/CG x 1 CGs, 19660800 bytes)...
[M::mem_process_seqs_merge2] CPE FASTQ formatting done
slave pre done
now n is 172456
processed 172456
[M::mem_process_seqs_merge2] Processed 172456 reads in 1.500 CPU sec, 1.496 real sec
[M::process] read chunk (19660800 bytes/CG x 1 CGs, 19660800 bytes)...
[M::mem_process_seqs_merge2] CPE FASTQ formatting done
slave pre done
now n is 172456
processed 172456
[M::mem_process_seqs_merge2] Processed 172456 reads in 1.810 CPU sec, 1.804 real sec
[M::process] read chunk (19660800 bytes/CG x 1 CGs, 19660800 bytes)...
[M::mem_process_seqs_merge2] CPE FASTQ formatting done
slave pre done
now n is 172456
processed 172456
[M::mem_process_seqs_merge2] Processed 172456 reads in 1.580 CPU sec, 1.575 real sec
[M::process] read chunk (19660800 bytes/CG x 1 CGs, 19660800 bytes)...
[M::mem_process_seqs_merge2] CPE FASTQ formatting done
slave pre done
now n is 172456
processed 172456
[M::mem_process_seqs_merge2] Processed 172456 reads in 1.740 CPU sec, 1.734 real sec
[M::process] read chunk (19660800 bytes/CG x 1 CGs, 19660800 bytes)...
[M::mem_process_seqs_merge2] CPE FASTQ formatting done
slave pre done
now n is 172456
processed 172456
[M::mem_process_seqs_merge2] Processed 172456 reads in 1.600 CPU sec, 1.597 real sec
[M::process] read chunk (19660800 bytes/CG x 1 CGs, 19660800 bytes)...
[M::mem_process_seqs_merge2] CPE FASTQ formatting done
slave pre done
now n is 172456
processed 172456
[M::mem_process_seqs_merge2] Processed 172456 reads in 1.400 CPU sec, 1.400 real sec
[M::process] read chunk (19660800 bytes/CG x 1 CGs, 19660800 bytes)...
[M::mem_process_seqs_merge2] CPE FASTQ formatting done
slave pre done
now n is 172456
processed 172456
[M::mem_process_seqs_merge2] Processed 172456 reads in 1.500 CPU sec, 1.502 real sec
[M::process] read chunk (19660800 bytes/CG x 1 CGs, 19660800 bytes)...
[M::mem_process_seqs_merge2] CPE FASTQ formatting done
slave pre done
now n is 172456
processed 172456
[M::mem_process_seqs_merge2] Processed 172456 reads in 2.100 CPU sec, 2.099 real sec
[M::process] read chunk (19660800 bytes/CG x 1 CGs, 19660800 bytes)...
[M::mem_process_seqs_merge2] CPE FASTQ formatting done
slave pre done
now n is 172456
processed 172456
[M::mem_process_seqs_merge2] Processed 172456 reads in 2.000 CPU sec, 2.001 real sec
[M::process] read chunk (19660800 bytes/CG x 1 CGs, 19660800 bytes)...
[M::mem_process_seqs_merge2] CPE FASTQ formatting done
slave pre done
now n is 172456
processed 172456
[M::mem_process_seqs_merge2] Processed 172456 reads in 1.890 CPU sec, 1.890 real sec
[M::process] read chunk (19660800 bytes/CG x 1 CGs, 19660800 bytes)...
[M::mem_process_seqs_merge2] CPE FASTQ formatting done
slave pre done
now n is 172456
processed 172456
[M::mem_process_seqs_merge2] Processed 172456 reads in 1.670 CPU sec, 1.662 real sec
[M::process] read chunk (19660800 bytes/CG x 1 CGs, 19660800 bytes)...
[M::mem_process_seqs_merge2] CPE FASTQ formatting done
slave pre done
now n is 172456
processed 172456
[M::mem_process_seqs_merge2] Processed 172456 reads in 1.750 CPU sec, 1.749 real sec
[M::process] read chunk (19660800 bytes/CG x 1 CGs, 19660800 bytes)...
[M::mem_process_seqs_merge2] CPE FASTQ formatting done
slave pre done
now n is 172456
processed 172456
[M::mem_process_seqs_merge2] Processed 172456 reads in 1.710 CPU sec, 1.711 real sec
[M::process] read chunk (19660800 bytes/CG x 1 CGs, 19660800 bytes)...
[M::mem_process_seqs_merge2] CPE FASTQ formatting done
slave pre done
now n is 172456
processed 172456
[M::mem_process_seqs_merge2] Processed 172456 reads in 1.920 CPU sec, 1.926 real sec
[M::process] read chunk (19660800 bytes/CG x 1 CGs, 19660800 bytes)...
[M::mem_process_seqs_merge2] CPE FASTQ formatting done
slave pre done
now n is 172456
processed 172456
[M::mem_process_seqs_merge2] Processed 172456 reads in 2.240 CPU sec, 2.240 real sec
[M::process] read chunk (19660800 bytes/CG x 1 CGs, 19660800 bytes)...
[M::mem_process_seqs_merge2] CPE FASTQ formatting done
slave pre done
now n is 172456
processed 172456
[M::mem_process_seqs_merge2] Processed 172456 reads in 2.130 CPU sec, 2.134 real sec
[M::process] read chunk (19660800 bytes/CG x 1 CGs, 19660800 bytes)...
[M::mem_process_seqs_merge2] CPE FASTQ formatting done
slave pre done
now n is 172456
processed 172456
[M::mem_process_seqs_merge2] Processed 172456 reads in 1.660 CPU sec, 1.661 real sec
[M::process] read chunk (19660800 bytes/CG x 1 CGs, 19660800 bytes)...
[M::mem_process_seqs_merge2] CPE FASTQ formatting done
slave pre done
now n is 172456
processed 172456
[M::mem_process_seqs_merge2] Processed 172456 reads in 1.710 CPU sec, 1.713 real sec
[M::process] read chunk (19660800 bytes/CG x 1 CGs, 19660800 bytes)...
[M::mem_process_seqs_merge2] CPE FASTQ formatting done
slave pre done
now n is 172456
processed 172456
[M::mem_process_seqs_merge2] Processed 172456 reads in 1.660 CPU sec, 1.660 real sec
[M::process] read chunk (19660800 bytes/CG x 1 CGs, 19660800 bytes)...
[M::mem_process_seqs_merge2] CPE FASTQ formatting done
slave pre done
now n is 172456
processed 172456
[M::mem_process_seqs_merge2] Processed 172456 reads in 1.700 CPU sec, 1.701 real sec
[M::process] read chunk (19660800 bytes/CG x 1 CGs, 19660800 bytes)...
[M::mem_process_seqs_merge2] CPE FASTQ formatting done
slave pre done
now n is 172456
processed 172456
[M::mem_process_seqs_merge2] Processed 172456 reads in 1.580 CPU sec, 1.580 real sec
[M::process] read chunk (19660800 bytes/CG x 1 CGs, 19660800 bytes)...
[M::mem_process_seqs_merge2] CPE FASTQ formatting done
slave pre done
now n is 172456
processed 172456
[M::mem_process_seqs_merge2] Processed 172456 reads in 1.900 CPU sec, 1.905 real sec
[M::process] read chunk (19660800 bytes/CG x 1 CGs, 19660800 bytes)...
[M::mem_process_seqs_merge2] CPE FASTQ formatting done
slave pre done
now n is 172456
processed 172456
[M::mem_process_seqs_merge2] Processed 172456 reads in 1.650 CPU sec, 1.651 real sec
[M::process] read chunk (19660800 bytes/CG x 1 CGs, 19660800 bytes)...
[M::mem_process_seqs_merge2] CPE FASTQ formatting done
slave pre done
now n is 172456
processed 172456
[M::mem_process_seqs_merge2] Processed 172456 reads in 3.210 CPU sec, 3.207 real sec
[M::process] read chunk (19660800 bytes/CG x 1 CGs, 19660800 bytes)...
[M::mem_process_seqs_merge2] CPE FASTQ formatting done
slave pre done
now n is 172456
processed 172456
[M::mem_process_seqs_merge2] Processed 172456 reads in 2.080 CPU sec, 2.086 real sec
[M::process] read chunk (19660800 bytes/CG x 1 CGs, 19660800 bytes)...
[M::mem_process_seqs_merge2] CPE FASTQ formatting done
slave pre done
now n is 172456
processed 172456
[M::mem_process_seqs_merge2] Processed 172456 reads in 1.890 CPU sec, 1.888 real sec
[M::process] read chunk (19660800 bytes/CG x 1 CGs, 19660800 bytes)...
[M::mem_process_seqs_merge2] CPE FASTQ formatting done
slave pre done
now n is 172456
processed 172456
[M::mem_process_seqs_merge2] Processed 172456 reads in 1.470 CPU sec, 1.473 real sec
[M::process] read chunk (19660800 bytes/CG x 1 CGs, 19660800 bytes)...
[M::mem_process_seqs_merge2] CPE FASTQ formatting done
slave pre done
now n is 172456
processed 172456
[M::mem_process_seqs_merge2] Processed 172456 reads in 1.940 CPU sec, 1.938 real sec
[M::process] read chunk (19660800 bytes/CG x 1 CGs, 19660800 bytes)...
[M::mem_process_seqs_merge2] CPE FASTQ formatting done
slave pre done
now n is 172456
processed 172456
[M::mem_process_seqs_merge2] Processed 172456 reads in 1.810 CPU sec, 1.812 real sec
[M::process] read chunk (19660800 bytes/CG x 1 CGs, 19660800 bytes)...
[M::mem_process_seqs_merge2] CPE FASTQ formatting done
slave pre done
now n is 172456
processed 172456
[M::mem_process_seqs_merge2] Processed 172456 reads in 2.120 CPU sec, 2.121 real sec
[M::process] read chunk (19660800 bytes/CG x 1 CGs, 19660800 bytes)...
[M::mem_process_seqs_merge2] CPE FASTQ formatting done
slave pre done
now n is 172456
processed 172456
[M::mem_process_seqs_merge2] Processed 172456 reads in 1.730 CPU sec, 1.739 real sec
[M::process] read chunk (19660800 bytes/CG x 1 CGs, 19660800 bytes)...
[M::mem_process_seqs_merge2] CPE FASTQ formatting done
slave pre done
now n is 172456
processed 172456
[M::mem_process_seqs_merge2] Processed 172456 reads in 1.560 CPU sec, 1.557 real sec
[M::process] read chunk (19660800 bytes/CG x 1 CGs, 19660800 bytes)...
[M::mem_process_seqs_merge2] CPE FASTQ formatting done
slave pre done
now n is 172456
processed 172456
[M::mem_process_seqs_merge2] Processed 172456 reads in 1.440 CPU sec, 1.445 real sec
[M::process] read chunk (19660800 bytes/CG x 1 CGs, 19660800 bytes)...
[M::mem_process_seqs_merge2] CPE FASTQ formatting done
slave pre done
now n is 172456
processed 172456
[M::mem_process_seqs_merge2] Processed 172456 reads in 1.490 CPU sec, 1.492 real sec
[M::process] read chunk (19660800 bytes/CG x 1 CGs, 19660800 bytes)...
[M::mem_process_seqs_merge2] CPE FASTQ formatting done
slave pre done
now n is 172456
processed 172456
[M::mem_process_seqs_merge2] Processed 172456 reads in 1.830 CPU sec, 1.828 real sec
[M::process] read chunk (19660800 bytes/CG x 1 CGs, 19660800 bytes)...
[M::mem_process_seqs_merge2] CPE FASTQ formatting done
slave pre done
now n is 172456
processed 172456
[M::mem_process_seqs_merge2] Processed 172456 reads in 1.980 CPU sec, 1.976 real sec
[M::process] read chunk (19660800 bytes/CG x 1 CGs, 19660800 bytes)...
[M::mem_process_seqs_merge2] CPE FASTQ formatting done
slave pre done
now n is 172456
processed 172456
[M::mem_process_seqs_merge2] Processed 172456 reads in 1.960 CPU sec, 1.953 real sec
[M::process] read chunk (19660800 bytes/CG x 1 CGs, 19660800 bytes)...
[M::mem_process_seqs_merge2] CPE FASTQ formatting done
slave pre done
now n is 172456
processed 172456
[M::mem_process_seqs_merge2] Processed 172456 reads in 1.590 CPU sec, 1.591 real sec
[M::process] read chunk (19660800 bytes/CG x 1 CGs, 19660800 bytes)...
[M::mem_process_seqs_merge2] CPE FASTQ formatting done
slave pre done
now n is 172456
processed 172456
[M::mem_process_seqs_merge2] Processed 172456 reads in 1.650 CPU sec, 1.648 real sec
[M::process] read chunk (19660800 bytes/CG x 1 CGs, 19660800 bytes)...
[M::mem_process_seqs_merge2] CPE FASTQ formatting done
slave pre done
now n is 172456
processed 172456
[M::mem_process_seqs_merge2] Processed 172456 reads in 1.520 CPU sec, 1.514 real sec
[M::process] read chunk (19660800 bytes/CG x 1 CGs, 19660800 bytes)...
[M::mem_process_seqs_merge2] CPE FASTQ formatting done
slave pre done
now n is 172456
processed 172456
[M::mem_process_seqs_merge2] Processed 172456 reads in 1.660 CPU sec, 1.666 real sec
[M::process] read chunk (19660800 bytes/CG x 1 CGs, 19660800 bytes)...
[M::mem_process_seqs_merge2] CPE FASTQ formatting done
slave pre done
now n is 172456
processed 172456
[M::mem_process_seqs_merge2] Processed 172456 reads in 1.380 CPU sec, 1.386 real sec
[M::process] read chunk (19660800 bytes/CG x 1 CGs, 19660800 bytes)...
[M::mem_process_seqs_merge2] CPE FASTQ formatting done
slave pre done
now n is 172456
processed 172456
[M::mem_process_seqs_merge2] Processed 172456 reads in 1.450 CPU sec, 1.449 real sec
[M::process] read chunk (19660800 bytes/CG x 1 CGs, 19660800 bytes)...
[M::mem_process_seqs_merge2] CPE FASTQ formatting done
slave pre done
now n is 172456
processed 172456
[M::mem_process_seqs_merge2] Processed 172456 reads in 1.780 CPU sec, 1.781 real sec
[M::process] read chunk (19660800 bytes/CG x 1 CGs, 19660800 bytes)...
[M::mem_process_seqs_merge2] CPE FASTQ formatting done
slave pre done
now n is 172456
processed 172456
[M::mem_process_seqs_merge2] Processed 172456 reads in 1.680 CPU sec, 1.688 real sec
[M::process] read chunk (19660800 bytes/CG x 1 CGs, 19660800 bytes)...
[M::mem_process_seqs_merge2] CPE FASTQ formatting done
slave pre done
now n is 172456
processed 172456
[M::mem_process_seqs_merge2] Processed 172456 reads in 1.540 CPU sec, 1.539 real sec
[M::process] read chunk (19660800 bytes/CG x 1 CGs, 19660800 bytes)...
[M::mem_process_seqs_merge2] CPE FASTQ formatting done
slave pre done
now n is 172456
processed 172456
[M::mem_process_seqs_merge2] Processed 172456 reads in 1.310 CPU sec, 1.312 real sec
[M::process] read chunk (19660800 bytes/CG x 1 CGs, 19660800 bytes)...
[M::mem_process_seqs_merge2] CPE FASTQ formatting done
slave pre done
now n is 172456
processed 172456
[M::mem_process_seqs_merge2] Processed 172456 reads in 1.480 CPU sec, 1.477 real sec
[M::process] read chunk (19660800 bytes/CG x 1 CGs, 19660800 bytes)...
[M::mem_process_seqs_merge2] CPE FASTQ formatting done
slave pre done
now n is 172456
processed 172456
[M::mem_process_seqs_merge2] Processed 172456 reads in 1.800 CPU sec, 1.804 real sec
[M::process] read chunk (19660800 bytes/CG x 1 CGs, 19660800 bytes)...
[M::mem_process_seqs_merge2] CPE FASTQ formatting done
slave pre done
now n is 172456
processed 172456
[M::mem_process_seqs_merge2] Processed 172456 reads in 1.720 CPU sec, 1.728 real sec
[M::process] read chunk (19660800 bytes/CG x 1 CGs, 19660800 bytes)...
[M::mem_process_seqs_merge2] CPE FASTQ formatting done
slave pre done
now n is 172456
processed 172456
[M::mem_process_seqs_merge2] Processed 172456 reads in 1.460 CPU sec, 1.465 real sec
[M::process] read chunk (19660800 bytes/CG x 1 CGs, 19660800 bytes)...
[M::mem_process_seqs_merge2] CPE FASTQ formatting done
slave pre done
now n is 172456
processed 172456
[M::mem_process_seqs_merge2] Processed 172456 reads in 1.580 CPU sec, 1.573 real sec
[M::process] read chunk (19660800 bytes/CG x 1 CGs, 19660800 bytes)...
[M::mem_process_seqs_merge2] CPE FASTQ formatting done
slave pre done
now n is 172456
processed 172456
[M::mem_process_seqs_merge2] Processed 172456 reads in 1.540 CPU sec, 1.532 real sec
[M::process] read chunk (19660800 bytes/CG x 1 CGs, 19660800 bytes)...
[M::mem_process_seqs_merge2] CPE FASTQ formatting done
slave pre done
now n is 172456
processed 172456
[M::mem_process_seqs_merge2] Processed 172456 reads in 1.860 CPU sec, 1.863 real sec
[M::process] read chunk (19660800 bytes/CG x 1 CGs, 19660800 bytes)...
[M::mem_process_seqs_merge2] CPE FASTQ formatting done
slave pre done
now n is 172456
processed 172456
[M::mem_process_seqs_merge2] Processed 172456 reads in 1.490 CPU sec, 1.493 real sec
[M::process] read chunk (19660800 bytes/CG x 1 CGs, 19660800 bytes)...
[M::mem_process_seqs_merge2] CPE FASTQ formatting done
slave pre done
now n is 172456
processed 172456
[M::mem_process_seqs_merge2] Processed 172456 reads in 1.430 CPU sec, 1.424 real sec
[M::process] read chunk (19660800 bytes/CG x 1 CGs, 19660800 bytes)...
[M::mem_process_seqs_merge2] CPE FASTQ formatting done
slave pre done
now n is 172456
processed 172456
[M::mem_process_seqs_merge2] Processed 172456 reads in 1.580 CPU sec, 1.577 real sec
[M::process] read chunk (19660800 bytes/CG x 1 CGs, 19660800 bytes)...
[M::mem_process_seqs_merge2] CPE FASTQ formatting done
slave pre done
now n is 172456
processed 172456
[M::mem_process_seqs_merge2] Processed 172456 reads in 1.920 CPU sec, 1.926 real sec
[M::process] read chunk (19660800 bytes/CG x 1 CGs, 19660800 bytes)...
[M::mem_process_seqs_merge2] CPE FASTQ formatting done
slave pre done
now n is 172456
processed 172456
[M::mem_process_seqs_merge2] Processed 172456 reads in 1.570 CPU sec, 1.576 real sec
[M::process] read chunk (19660800 bytes/CG x 1 CGs, 19660800 bytes)...
[M::mem_process_seqs_merge2] CPE FASTQ formatting done
slave pre done
now n is 172456
processed 172456
[M::mem_process_seqs_merge2] Processed 172456 reads in 1.570 CPU sec, 1.576 real sec
[M::process] read chunk (19660800 bytes/CG x 1 CGs, 19660800 bytes)...
[M::mem_process_seqs_merge2] CPE FASTQ formatting done
slave pre done
now n is 172456
processed 172456
[M::mem_process_seqs_merge2] Processed 172456 reads in 1.550 CPU sec, 1.553 real sec
[M::process] read chunk (19660800 bytes/CG x 1 CGs, 19660800 bytes)...
[M::mem_process_seqs_merge2] CPE FASTQ formatting done
slave pre done
now n is 172456
processed 172456
[M::mem_process_seqs_merge2] Processed 172456 reads in 1.790 CPU sec, 1.793 real sec
[M::process] read chunk (19660800 bytes/CG x 1 CGs, 19660800 bytes)...
[M::mem_process_seqs_merge2] CPE FASTQ formatting done
slave pre done
now n is 172456
processed 172456
[M::mem_process_seqs_merge2] Processed 172456 reads in 1.930 CPU sec, 1.931 real sec
[M::process] read chunk (19660800 bytes/CG x 1 CGs, 19660800 bytes)...
[M::mem_process_seqs_merge2] CPE FASTQ formatting done
slave pre done
now n is 171698
processed 171698
[M::mem_process_seqs_merge2] Processed 171698 reads in 2.020 CPU sec, 2.023 real sec
[M::process] read chunk (19660800 bytes/CG x 1 CGs, 19660800 bytes)...
[M::mem_process_seqs_merge2] CPE FASTQ formatting done
slave pre done
now n is 169482
processed 169482
[M::mem_process_seqs_merge2] Processed 169482 reads in 1.540 CPU sec, 1.546 real sec
[M::process] read chunk (19660800 bytes/CG x 1 CGs, 19660800 bytes)...
[M::mem_process_seqs_merge2] CPE FASTQ formatting done
slave pre done
now n is 169482
processed 169482
[M::mem_process_seqs_merge2] Processed 169482 reads in 1.660 CPU sec, 1.674 real sec
[M::process] read chunk (19660800 bytes/CG x 1 CGs, 19660800 bytes)...
[M::mem_process_seqs_merge2] CPE FASTQ formatting done
slave pre done
now n is 169482
processed 169482
[M::mem_process_seqs_merge2] Processed 169482 reads in 1.940 CPU sec, 1.944 real sec
[M::process] read chunk (19660800 bytes/CG x 1 CGs, 19660800 bytes)...
[M::mem_process_seqs_merge2] CPE FASTQ formatting done
slave pre done
now n is 169482
processed 169482
[M::mem_process_seqs_merge2] Processed 169482 reads in 1.660 CPU sec, 1.656 real sec
[M::process] read chunk (19660800 bytes/CG x 1 CGs, 19660800 bytes)...
[M::mem_process_seqs_merge2] CPE FASTQ formatting done
slave pre done
now n is 169482
processed 169482
[M::mem_process_seqs_merge2] Processed 169482 reads in 1.640 CPU sec, 1.643 real sec
[M::process] read chunk (19660800 bytes/CG x 1 CGs, 19660800 bytes)...
[M::mem_process_seqs_merge2] CPE FASTQ formatting done
slave pre done
now n is 169482
processed 169482
[M::mem_process_seqs_merge2] Processed 169482 reads in 1.500 CPU sec, 1.495 real sec
[M::process] read chunk (19660800 bytes/CG x 1 CGs, 19660800 bytes)...
[M::mem_process_seqs_merge2] CPE FASTQ formatting done
slave pre done
now n is 169482
processed 169482
[M::mem_process_seqs_merge2] Processed 169482 reads in 1.940 CPU sec, 1.946 real sec
[M::process] read chunk (19660800 bytes/CG x 1 CGs, 19660800 bytes)...
[M::mem_process_seqs_merge2] CPE FASTQ formatting done
slave pre done
now n is 169482
processed 169482
[M::mem_process_seqs_merge2] Processed 169482 reads in 1.670 CPU sec, 1.665 real sec
[M::process] read chunk (19660800 bytes/CG x 1 CGs, 19660800 bytes)...
[M::mem_process_seqs_merge2] CPE FASTQ formatting done
slave pre done
now n is 169482
processed 169482
[M::mem_process_seqs_merge2] Processed 169482 reads in 1.360 CPU sec, 1.361 real sec
[M::process] read chunk (19660800 bytes/CG x 1 CGs, 19660800 bytes)...
[M::mem_process_seqs_merge2] CPE FASTQ formatting done
slave pre done
now n is 169482
processed 169482
[M::mem_process_seqs_merge2] Processed 169482 reads in 1.710 CPU sec, 1.706 real sec
[M::process] read chunk (19660800 bytes/CG x 1 CGs, 19660800 bytes)...
[M::mem_process_seqs_merge2] CPE FASTQ formatting done
slave pre done
now n is 169482
processed 169482
[M::mem_process_seqs_merge2] Processed 169482 reads in 1.550 CPU sec, 1.553 real sec
[M::process] read chunk (19660800 bytes/CG x 1 CGs, 19660800 bytes)...
[M::mem_process_seqs_merge2] CPE FASTQ formatting done
slave pre done
now n is 169482
processed 169482
[M::mem_process_seqs_merge2] Processed 169482 reads in 1.670 CPU sec, 1.674 real sec
[M::process] read chunk (19660800 bytes/CG x 1 CGs, 19660800 bytes)...
[M::mem_process_seqs_merge2] CPE FASTQ formatting done
slave pre done
now n is 169482
processed 169482
[M::mem_process_seqs_merge2] Processed 169482 reads in 1.680 CPU sec, 1.687 real sec
[M::process] read chunk (19660800 bytes/CG x 1 CGs, 19660800 bytes)...
[M::mem_process_seqs_merge2] CPE FASTQ formatting done
slave pre done
now n is 169482
processed 169482
[M::mem_process_seqs_merge2] Processed 169482 reads in 1.250 CPU sec, 1.251 real sec
[M::process] read chunk (19660800 bytes/CG x 1 CGs, 19660800 bytes)...
[M::mem_process_seqs_merge2] CPE FASTQ formatting done
slave pre done
now n is 169482
processed 169482
[M::mem_process_seqs_merge2] Processed 169482 reads in 1.890 CPU sec, 1.887 real sec
[M::process] read chunk (19660800 bytes/CG x 1 CGs, 19660800 bytes)...
[M::mem_process_seqs_merge2] CPE FASTQ formatting done
slave pre done
now n is 169482
processed 169482
[M::mem_process_seqs_merge2] Processed 169482 reads in 1.640 CPU sec, 1.640 real sec
[M::process] read chunk (19660800 bytes/CG x 1 CGs, 19660800 bytes)...
[M::mem_process_seqs_merge2] CPE FASTQ formatting done
slave pre done
now n is 169482
processed 169482
[M::mem_process_seqs_merge2] Processed 169482 reads in 1.770 CPU sec, 1.775 real sec
[M::process] read chunk (19660800 bytes/CG x 1 CGs, 19660800 bytes)...
[M::mem_process_seqs_merge2] CPE FASTQ formatting done
slave pre done
now n is 169482
processed 169482
[M::mem_process_seqs_merge2] Processed 169482 reads in 1.570 CPU sec, 1.572 real sec
[M::process] read chunk (19660800 bytes/CG x 1 CGs, 19660800 bytes)...
[M::mem_process_seqs_merge2] CPE FASTQ formatting done
slave pre done
now n is 169482
processed 169482
[M::mem_process_seqs_merge2] Processed 169482 reads in 1.470 CPU sec, 1.473 real sec
[M::process] read chunk (19660800 bytes/CG x 1 CGs, 19660800 bytes)...
[M::mem_process_seqs_merge2] CPE FASTQ formatting done
slave pre done
now n is 169482
processed 169482
[M::mem_process_seqs_merge2] Processed 169482 reads in 1.650 CPU sec, 1.651 real sec
[M::process] read chunk (19660800 bytes/CG x 1 CGs, 19660800 bytes)...
[M::mem_process_seqs_merge2] CPE FASTQ formatting done
slave pre done
now n is 169482
processed 169482
[M::mem_process_seqs_merge2] Processed 169482 reads in 1.640 CPU sec, 1.642 real sec
[M::process] read chunk (19660800 bytes/CG x 1 CGs, 19660800 bytes)...
[M::mem_process_seqs_merge2] CPE FASTQ formatting done
slave pre done
now n is 169482
processed 169482
[M::mem_process_seqs_merge2] Processed 169482 reads in 1.430 CPU sec, 1.431 real sec
[M::process] read chunk (19660800 bytes/CG x 1 CGs, 19660800 bytes)...
[M::mem_process_seqs_merge2] CPE FASTQ formatting done
slave pre done
now n is 169482
processed 169482
[M::mem_process_seqs_merge2] Processed 169482 reads in 1.550 CPU sec, 1.552 real sec
[M::process] read chunk (19660800 bytes/CG x 1 CGs, 19660800 bytes)...
[M::mem_process_seqs_merge2] CPE FASTQ formatting done
slave pre done
now n is 169482
processed 169482
[M::mem_process_seqs_merge2] Processed 169482 reads in 1.760 CPU sec, 1.765 real sec
[M::process] read chunk (19660800 bytes/CG x 1 CGs, 19660800 bytes)...
[M::mem_process_seqs_merge2] CPE FASTQ formatting done
slave pre done
now n is 169482
processed 169482
[M::mem_process_seqs_merge2] Processed 169482 reads in 1.550 CPU sec, 1.547 real sec
[M::process] read chunk (19660800 bytes/CG x 1 CGs, 19660800 bytes)...
[M::mem_process_seqs_merge2] CPE FASTQ formatting done
slave pre done
now n is 169482
processed 169482
[M::mem_process_seqs_merge2] Processed 169482 reads in 1.390 CPU sec, 1.384 real sec
[M::process] read chunk (19660800 bytes/CG x 1 CGs, 19660800 bytes)...
[M::mem_process_seqs_merge2] CPE FASTQ formatting done
slave pre done
now n is 169482
processed 169482
[M::mem_process_seqs_merge2] Processed 169482 reads in 1.590 CPU sec, 1.594 real sec
[M::process] read chunk (19660800 bytes/CG x 1 CGs, 19660800 bytes)...
[M::mem_process_seqs_merge2] CPE FASTQ formatting done
slave pre done
now n is 169482
processed 169482
[M::mem_process_seqs_merge2] Processed 169482 reads in 1.610 CPU sec, 1.606 real sec
[M::process] read chunk (19660800 bytes/CG x 1 CGs, 19660800 bytes)...
[M::mem_process_seqs_merge2] CPE FASTQ formatting done
slave pre done
now n is 169482
processed 169482
[M::mem_process_seqs_merge2] Processed 169482 reads in 1.510 CPU sec, 1.506 real sec
[M::process] read chunk (19660800 bytes/CG x 1 CGs, 19660800 bytes)...
[M::mem_process_seqs_merge2] CPE FASTQ formatting done
slave pre done
now n is 169482
processed 169482
[M::mem_process_seqs_merge2] Processed 169482 reads in 1.380 CPU sec, 1.381 real sec
[M::process] read chunk (19660800 bytes/CG x 1 CGs, 19660800 bytes)...
[M::mem_process_seqs_merge2] CPE FASTQ formatting done
slave pre done
now n is 169482
processed 169482
[M::mem_process_seqs_merge2] Processed 169482 reads in 1.850 CPU sec, 1.853 real sec
[M::process] read chunk (19660800 bytes/CG x 1 CGs, 19660800 bytes)...
[M::mem_process_seqs_merge2] CPE FASTQ formatting done
slave pre done
now n is 169482
processed 169482
[M::mem_process_seqs_merge2] Processed 169482 reads in 1.760 CPU sec, 1.757 real sec
[M::process] read chunk (19660800 bytes/CG x 1 CGs, 19660800 bytes)...
[M::mem_process_seqs_merge2] CPE FASTQ formatting done
slave pre done
now n is 169482
processed 169482
[M::mem_process_seqs_merge2] Processed 169482 reads in 1.880 CPU sec, 1.885 real sec
[M::process] read chunk (19660800 bytes/CG x 1 CGs, 19660800 bytes)...
[M::mem_process_seqs_merge2] CPE FASTQ formatting done
slave pre done
now n is 169482
processed 169482
[M::mem_process_seqs_merge2] Processed 169482 reads in 1.520 CPU sec, 1.525 real sec
[M::process] read chunk (19660800 bytes/CG x 1 CGs, 19660800 bytes)...
[M::mem_process_seqs_merge2] CPE FASTQ formatting done
slave pre done
now n is 169482
processed 169482
[M::mem_process_seqs_merge2] Processed 169482 reads in 1.470 CPU sec, 1.473 real sec
[M::process] read chunk (19660800 bytes/CG x 1 CGs, 19660800 bytes)...
[M::mem_process_seqs_merge2] CPE FASTQ formatting done
slave pre done
now n is 169482
processed 169482
[M::mem_process_seqs_merge2] Processed 169482 reads in 1.660 CPU sec, 1.657 real sec
[M::process] read chunk (19660800 bytes/CG x 1 CGs, 19660800 bytes)...
[M::mem_process_seqs_merge2] CPE FASTQ formatting done
slave pre done
now n is 169482
processed 169482
[M::mem_process_seqs_merge2] Processed 169482 reads in 1.560 CPU sec, 1.553 real sec
[M::process] read chunk (19660800 bytes/CG x 1 CGs, 19660800 bytes)...
[M::mem_process_seqs_merge2] CPE FASTQ formatting done
slave pre done
now n is 169482
processed 169482
[M::mem_process_seqs_merge2] Processed 169482 reads in 1.990 CPU sec, 1.992 real sec
[M::process] read chunk (19660800 bytes/CG x 1 CGs, 19660800 bytes)...
[M::mem_process_seqs_merge2] CPE FASTQ formatting done
slave pre done
now n is 169482
processed 169482
[M::mem_process_seqs_merge2] Processed 169482 reads in 1.510 CPU sec, 1.514 real sec
[M::process] read chunk (19660800 bytes/CG x 1 CGs, 19660800 bytes)...
[M::mem_process_seqs_merge2] CPE FASTQ formatting done
slave pre done
now n is 169482
processed 169482
[M::mem_process_seqs_merge2] Processed 169482 reads in 1.530 CPU sec, 1.538 real sec
[M::process] read chunk (19660800 bytes/CG x 1 CGs, 19660800 bytes)...
[M::mem_process_seqs_merge2] CPE FASTQ formatting done
slave pre done
now n is 169482
processed 169482
[M::mem_process_seqs_merge2] Processed 169482 reads in 1.480 CPU sec, 1.483 real sec
[M::process] read chunk (19660800 bytes/CG x 1 CGs, 19660800 bytes)...
[M::mem_process_seqs_merge2] CPE FASTQ formatting done
slave pre done
now n is 169482
processed 169482
[M::mem_process_seqs_merge2] Processed 169482 reads in 1.500 CPU sec, 1.498 real sec
[M::process] read chunk (19660800 bytes/CG x 1 CGs, 19660800 bytes)...
[M::mem_process_seqs_merge2] CPE FASTQ formatting done
slave pre done
now n is 169482
processed 169482
[M::mem_process_seqs_merge2] Processed 169482 reads in 1.630 CPU sec, 1.632 real sec
[M::process] read chunk (19660800 bytes/CG x 1 CGs, 19660800 bytes)...
[M::mem_process_seqs_merge2] CPE FASTQ formatting done
slave pre done
now n is 169482
processed 169482
[M::mem_process_seqs_merge2] Processed 169482 reads in 1.500 CPU sec, 1.500 real sec
[M::process] read chunk (19660800 bytes/CG x 1 CGs, 19660800 bytes)...
[M::mem_process_seqs_merge2] CPE FASTQ formatting done
slave pre done
now n is 169482
processed 169482
[M::mem_process_seqs_merge2] Processed 169482 reads in 1.730 CPU sec, 1.735 real sec
[M::process] read chunk (19660800 bytes/CG x 1 CGs, 19660800 bytes)...
[M::mem_process_seqs_merge2] CPE FASTQ formatting done
slave pre done
now n is 169482
processed 169482
[M::mem_process_seqs_merge2] Processed 169482 reads in 1.600 CPU sec, 1.603 real sec
[M::process] read chunk (19660800 bytes/CG x 1 CGs, 19660800 bytes)...
[M::mem_process_seqs_merge2] CPE FASTQ formatting done
slave pre done
now n is 169482
processed 169482
[M::mem_process_seqs_merge2] Processed 169482 reads in 1.650 CPU sec, 1.651 real sec
[M::process] read chunk (19660800 bytes/CG x 1 CGs, 19660800 bytes)...
[M::mem_process_seqs_merge2] CPE FASTQ formatting done
slave pre done
now n is 169482
processed 169482
[M::mem_process_seqs_merge2] Processed 169482 reads in 1.610 CPU sec, 1.609 real sec
[M::process] read chunk (19660800 bytes/CG x 1 CGs, 19660800 bytes)...
[M::mem_process_seqs_merge2] CPE FASTQ formatting done
slave pre done
now n is 169482
processed 169482
[M::mem_process_seqs_merge2] Processed 169482 reads in 1.880 CPU sec, 1.883 real sec
[M::process] read chunk (19660800 bytes/CG x 1 CGs, 19660800 bytes)...
[M::mem_process_seqs_merge2] CPE FASTQ formatting done
slave pre done
now n is 169482
processed 169482
[M::mem_process_seqs_merge2] Processed 169482 reads in 1.500 CPU sec, 1.497 real sec
[M::process] read chunk (19660800 bytes/CG x 1 CGs, 19660800 bytes)...
[M::mem_process_seqs_merge2] CPE FASTQ formatting done
slave pre done
now n is 169482
processed 169482
[M::mem_process_seqs_merge2] Processed 169482 reads in 1.640 CPU sec, 1.638 real sec
[M::process] read chunk (19660800 bytes/CG x 1 CGs, 19660800 bytes)...
[M::mem_process_seqs_merge2] CPE FASTQ formatting done
slave pre done
now n is 169482
processed 169482
[M::mem_process_seqs_merge2] Processed 169482 reads in 1.550 CPU sec, 1.549 real sec
[M::process] read chunk (19660800 bytes/CG x 1 CGs, 19660800 bytes)...
[M::mem_process_seqs_merge2] CPE FASTQ formatting done
slave pre done
now n is 169482
processed 169482
[M::mem_process_seqs_merge2] Processed 169482 reads in 1.510 CPU sec, 1.503 real sec
[M::process] read chunk (19660800 bytes/CG x 1 CGs, 19660800 bytes)...
[M::mem_process_seqs_merge2] CPE FASTQ formatting done
slave pre done
now n is 169482
processed 169482
[M::mem_process_seqs_merge2] Processed 169482 reads in 1.900 CPU sec, 1.905 real sec
[M::process] read chunk (19660800 bytes/CG x 1 CGs, 19660800 bytes)...
[M::mem_process_seqs_merge2] CPE FASTQ formatting done
slave pre done
now n is 169482
processed 169482
[M::mem_process_seqs_merge2] Processed 169482 reads in 1.880 CPU sec, 1.885 real sec
[M::process] read chunk (19660800 bytes/CG x 1 CGs, 19660800 bytes)...
[M::mem_process_seqs_merge2] CPE FASTQ formatting done
slave pre done
now n is 169482
processed 169482
[M::mem_process_seqs_merge2] Processed 169482 reads in 1.840 CPU sec, 1.842 real sec
[M::process] read chunk (19660800 bytes/CG x 1 CGs, 19660800 bytes)...
[M::mem_process_seqs_merge2] CPE FASTQ formatting done
slave pre done
now n is 169482
processed 169482
[M::mem_process_seqs_merge2] Processed 169482 reads in 4.360 CPU sec, 4.364 real sec
[M::process] read chunk (19660800 bytes/CG x 1 CGs, 19660800 bytes)...
[M::mem_process_seqs_merge2] CPE FASTQ formatting done
slave pre done
now n is 169482
processed 169482
[M::mem_process_seqs_merge2] Processed 169482 reads in 2.320 CPU sec, 2.311 real sec
[M::process] read chunk (19660800 bytes/CG x 1 CGs, 19660800 bytes)...
[M::mem_process_seqs_merge2] CPE FASTQ formatting done
slave pre done
now n is 169482
processed 169482
[M::mem_process_seqs_merge2] Processed 169482 reads in 2.070 CPU sec, 2.064 real sec
[M::process] read chunk (19660800 bytes/CG x 1 CGs, 19660800 bytes)...
[M::mem_process_seqs_merge2] CPE FASTQ formatting done
slave pre done
now n is 169482
processed 169482
[M::mem_process_seqs_merge2] Processed 169482 reads in 1.800 CPU sec, 1.798 real sec
[M::process] read chunk (19660800 bytes/CG x 1 CGs, 19660800 bytes)...
[M::mem_process_seqs_merge2] CPE FASTQ formatting done
slave pre done
now n is 169482
processed 169482
[M::mem_process_seqs_merge2] Processed 169482 reads in 5.440 CPU sec, 5.436 real sec
[M::process] read chunk (19660800 bytes/CG x 1 CGs, 19470600 bytes)...
[M::mem_process_seqs_merge2] CPE FASTQ formatting done
slave pre done
now n is 167850
processed 167850
[M::mem_process_seqs_merge2] Processed 167850 reads in 41.510 CPU sec, 41.509 real sec

====================== SWBWA Output Debug =====================
  MPI rank: 000000 / 000001
  mode:     non-MPI POSIX
  path:     bigdata_results/single_system/has1/ERR1203383_PE.sam

  Output volume
    output buffer capacity                           67108864
    swbwa_output_write calls                        30549360
    submitted SAM bytes                           8029871401
    buffered flushes                                     120
    buffered flush bytes                          8029871401
    direct oversized writes                                0
    direct oversized bytes                                 0

  Buffering
    buffered flush total                       107.865423 s  (120 calls, 898878.526 us/call)

  POSIX file writes
    write system calls                                    120
    write system-call bytes                        8029871401
    POSIX write system calls                   107.865116 s  (120 calls, 898875.964 us/call)
    POSIX write effective bandwidth                70.995 MiB/s

  Output close timing
    POSIX close                                  0.000321 s  (1 calls,   320.701 us/call)
================================================================


======================= SWBWA Timing Report =======================
  Accumulated wall-clock time; indented rows are included in
  their parent row and must not be added to it.

  Pipeline
    total - complete three-stage pipeline                   557.102 s
    stage 1 - allocate and read raw FASTQ blocks             67.180 s
    stage 2 - align reads and generate SAM records          351.031 s
    stage 3 - write SAM and release batch data              138.308 s
      SAM output writes                                       127.355 s
      batch cleanup and loop overhead (derived)                10.953 s

  Stage 1 input details
    batches completed / stage calls                     178 / 179
    input-buffer and batch allocations                        0.001 s  (535 calls, max 0.000 s)
    aggregate requested allocation bytes           6999240400
    FASTQ fseeko calls                                        0.002 s  (356 calls, max 0.000 s)
    FASTQ fread calls                                        67.161 s  (356 calls, max 0.342 s)
    align chunk ends to FASTQ record boundaries               0.001 s  (354 calls, max 0.000 s)
    scheduler, checks and bookkeeping (derived)               0.015 s
    raw FASTQ bytes read                           6998864400  (6674.637 MiB)
    effective fread bandwidth                         99.382 MiB/s
    slowest allocation                                 0.000 s  (19661824 bytes)
    slowest fread                                      0.342 s  (R1 offset=2241236340, bytes=19660800)

  Stage 2 worker details
    total - active merge worker                             351.019 s
      part 1 - prepare CPE task and reusable buffers            2.586 s
      part 2 - CPE FASTQ formatting and input release           1.694 s
      part 3 - CPE alignment and SAM length pass              341.644 s
      part 4 - assign slices in the shared SAM buffer           2.172 s
      part 5 - CPE SAM record generation                        2.910 s
      part 6 - release temporary worker data                    0.002 s

  Reserved allocator timers (no active timing sites)
    malloc timer                                              0.000 s
    free timer                                                0.000 s
===================================================================

[main] Version: 0.0.1
[main] CMD: ./SWBWA mem -v 4 -t 1 -1 -o bigdata_results/single_system/has1/ERR1203383_PE.sam -I 170,80,500,1 ../data/GRCh38.d1.vd1.fa ../data/bwa_test_big_data/ERR1203383_1.fastq ../data/bwa_test_big_data/ERR1203383_2.fastq
