[M::main_mem] mean insert size: 170.000, stddev: 80.000, max: 500, min: 1
[CPE input] bytes_per_cg=19660800 cg_count=1 chunk_bytes=19660800 file_bytes=3499281348
malloc bwt->bwt 3107576584, 0x500002429500
malloc bwt->sa 1553788264, 0x5000bb7c7020
[M::bwa_idx_load_from_disk] read 0 ALT contigs
malloc pac 776894131, 0x500118228940
the input file is ../data/bwa_test_big_data/ERR1203383_1.fastq
the output file is bigdata_results/single_system/has1/ERR1203383_SE.sam
[M::process] read chunk (19660800 bytes/CG x 1 CGs, 19660800 bytes)...
[M::mem_process_seqs_merge2] CPE FASTQ formatting done
slave pre done
now n is 89565
processed 89565
[M::mem_process_seqs_merge2] Processed 89565 reads in 1.150 CPU sec, 1.148 real sec
[M::process] read chunk (19660800 bytes/CG x 1 CGs, 19660800 bytes)...
[M::mem_process_seqs_merge2] CPE FASTQ formatting done
slave pre done
now n is 87954
processed 87954
[M::mem_process_seqs_merge2] Processed 87954 reads in 0.690 CPU sec, 0.688 real sec
[M::process] read chunk (19660800 bytes/CG x 1 CGs, 19660800 bytes)...
[M::mem_process_seqs_merge2] CPE FASTQ formatting done
slave pre done
now n is 87767
processed 87767
[M::mem_process_seqs_merge2] Processed 87767 reads in 0.670 CPU sec, 0.666 real sec
[M::process] read chunk (19660800 bytes/CG x 1 CGs, 19660800 bytes)...
[M::mem_process_seqs_merge2] CPE FASTQ formatting done
slave pre done
now n is 87767
processed 87767
[M::mem_process_seqs_merge2] Processed 87767 reads in 0.670 CPU sec, 0.662 real sec
[M::process] read chunk (19660800 bytes/CG x 1 CGs, 19660800 bytes)...
[M::mem_process_seqs_merge2] CPE FASTQ formatting done
slave pre done
now n is 87767
processed 87767
[M::mem_process_seqs_merge2] Processed 87767 reads in 0.630 CPU sec, 0.633 real sec
[M::process] read chunk (19660800 bytes/CG x 1 CGs, 19660800 bytes)...
[M::mem_process_seqs_merge2] CPE FASTQ formatting done
slave pre done
now n is 87767
processed 87767
[M::mem_process_seqs_merge2] Processed 87767 reads in 0.690 CPU sec, 0.695 real sec
[M::process] read chunk (19660800 bytes/CG x 1 CGs, 19660800 bytes)...
[M::mem_process_seqs_merge2] CPE FASTQ formatting done
slave pre done
now n is 87767
processed 87767
[M::mem_process_seqs_merge2] Processed 87767 reads in 0.740 CPU sec, 0.744 real sec
[M::process] read chunk (19660800 bytes/CG x 1 CGs, 19660800 bytes)...
[M::mem_process_seqs_merge2] CPE FASTQ formatting done
slave pre done
now n is 87767
processed 87767
[M::mem_process_seqs_merge2] Processed 87767 reads in 0.710 CPU sec, 0.705 real sec
[M::process] read chunk (19660800 bytes/CG x 1 CGs, 19660800 bytes)...
[M::mem_process_seqs_merge2] CPE FASTQ formatting done
slave pre done
now n is 87767
processed 87767
[M::mem_process_seqs_merge2] Processed 87767 reads in 0.710 CPU sec, 0.712 real sec
[M::process] read chunk (19660800 bytes/CG x 1 CGs, 19660800 bytes)...
[M::mem_process_seqs_merge2] CPE FASTQ formatting done
slave pre done
now n is 87767
processed 87767
[M::mem_process_seqs_merge2] Processed 87767 reads in 0.680 CPU sec, 0.686 real sec
[M::process] read chunk (19660800 bytes/CG x 1 CGs, 19660800 bytes)...
[M::mem_process_seqs_merge2] CPE FASTQ formatting done
slave pre done
now n is 87767
processed 87767
[M::mem_process_seqs_merge2] Processed 87767 reads in 0.630 CPU sec, 0.633 real sec
[M::process] read chunk (19660800 bytes/CG x 1 CGs, 19660800 bytes)...
[M::mem_process_seqs_merge2] CPE FASTQ formatting done
slave pre done
now n is 86799
processed 86799
[M::mem_process_seqs_merge2] Processed 86799 reads in 0.660 CPU sec, 0.660 real sec
[M::process] read chunk (19660800 bytes/CG x 1 CGs, 19660800 bytes)...
[M::mem_process_seqs_merge2] CPE FASTQ formatting done
slave pre done
now n is 86228
processed 86228
[M::mem_process_seqs_merge2] Processed 86228 reads in 0.680 CPU sec, 0.681 real sec
[M::process] read chunk (19660800 bytes/CG x 1 CGs, 19660800 bytes)...
[M::mem_process_seqs_merge2] CPE FASTQ formatting done
slave pre done
now n is 86228
processed 86228
[M::mem_process_seqs_merge2] Processed 86228 reads in 0.680 CPU sec, 0.674 real sec
[M::process] read chunk (19660800 bytes/CG x 1 CGs, 19660800 bytes)...
[M::mem_process_seqs_merge2] CPE FASTQ formatting done
slave pre done
now n is 86228
processed 86228
[M::mem_process_seqs_merge2] Processed 86228 reads in 0.690 CPU sec, 0.695 real sec
[M::process] read chunk (19660800 bytes/CG x 1 CGs, 19660800 bytes)...
[M::mem_process_seqs_merge2] CPE FASTQ formatting done
slave pre done
now n is 86228
processed 86228
[M::mem_process_seqs_merge2] Processed 86228 reads in 0.660 CPU sec, 0.660 real sec
[M::process] read chunk (19660800 bytes/CG x 1 CGs, 19660800 bytes)...
[M::mem_process_seqs_merge2] CPE FASTQ formatting done
slave pre done
now n is 86228
processed 86228
[M::mem_process_seqs_merge2] Processed 86228 reads in 0.700 CPU sec, 0.698 real sec
[M::process] read chunk (19660800 bytes/CG x 1 CGs, 19660800 bytes)...
[M::mem_process_seqs_merge2] CPE FASTQ formatting done
slave pre done
now n is 86228
processed 86228
[M::mem_process_seqs_merge2] Processed 86228 reads in 0.650 CPU sec, 0.651 real sec
[M::process] read chunk (19660800 bytes/CG x 1 CGs, 19660800 bytes)...
[M::mem_process_seqs_merge2] CPE FASTQ formatting done
slave pre done
now n is 86228
processed 86228
[M::mem_process_seqs_merge2] Processed 86228 reads in 0.680 CPU sec, 0.682 real sec
[M::process] read chunk (19660800 bytes/CG x 1 CGs, 19660800 bytes)...
[M::mem_process_seqs_merge2] CPE FASTQ formatting done
slave pre done
now n is 86228
processed 86228
[M::mem_process_seqs_merge2] Processed 86228 reads in 0.710 CPU sec, 0.712 real sec
[M::process] read chunk (19660800 bytes/CG x 1 CGs, 19660800 bytes)...
[M::mem_process_seqs_merge2] CPE FASTQ formatting done
slave pre done
now n is 86228
processed 86228
[M::mem_process_seqs_merge2] Processed 86228 reads in 0.670 CPU sec, 0.662 real sec
[M::process] read chunk (19660800 bytes/CG x 1 CGs, 19660800 bytes)...
[M::mem_process_seqs_merge2] CPE FASTQ formatting done
slave pre done
now n is 86228
processed 86228
[M::mem_process_seqs_merge2] Processed 86228 reads in 0.720 CPU sec, 0.719 real sec
[M::process] read chunk (19660800 bytes/CG x 1 CGs, 19660800 bytes)...
[M::mem_process_seqs_merge2] CPE FASTQ formatting done
slave pre done
now n is 86228
processed 86228
[M::mem_process_seqs_merge2] Processed 86228 reads in 0.700 CPU sec, 0.696 real sec
[M::process] read chunk (19660800 bytes/CG x 1 CGs, 19660800 bytes)...
[M::mem_process_seqs_merge2] CPE FASTQ formatting done
slave pre done
now n is 86228
processed 86228
[M::mem_process_seqs_merge2] Processed 86228 reads in 0.750 CPU sec, 0.754 real sec
[M::process] read chunk (19660800 bytes/CG x 1 CGs, 19660800 bytes)...
[M::mem_process_seqs_merge2] CPE FASTQ formatting done
slave pre done
now n is 86228
processed 86228
[M::mem_process_seqs_merge2] Processed 86228 reads in 0.670 CPU sec, 0.678 real sec
[M::process] read chunk (19660800 bytes/CG x 1 CGs, 19660800 bytes)...
[M::mem_process_seqs_merge2] CPE FASTQ formatting done
slave pre done
now n is 86228
processed 86228
[M::mem_process_seqs_merge2] Processed 86228 reads in 0.630 CPU sec, 0.634 real sec
[M::process] read chunk (19660800 bytes/CG x 1 CGs, 19660800 bytes)...
[M::mem_process_seqs_merge2] CPE FASTQ formatting done
slave pre done
now n is 86228
processed 86228
[M::mem_process_seqs_merge2] Processed 86228 reads in 0.680 CPU sec, 0.691 real sec
[M::process] read chunk (19660800 bytes/CG x 1 CGs, 19660800 bytes)...
[M::mem_process_seqs_merge2] CPE FASTQ formatting done
slave pre done
now n is 86228
processed 86228
[M::mem_process_seqs_merge2] Processed 86228 reads in 0.660 CPU sec, 0.653 real sec
[M::process] read chunk (19660800 bytes/CG x 1 CGs, 19660800 bytes)...
[M::mem_process_seqs_merge2] CPE FASTQ formatting done
slave pre done
now n is 86228
processed 86228
[M::mem_process_seqs_merge2] Processed 86228 reads in 0.670 CPU sec, 0.673 real sec
[M::process] read chunk (19660800 bytes/CG x 1 CGs, 19660800 bytes)...
[M::mem_process_seqs_merge2] CPE FASTQ formatting done
slave pre done
now n is 86228
processed 86228
[M::mem_process_seqs_merge2] Processed 86228 reads in 0.660 CPU sec, 0.660 real sec
[M::process] read chunk (19660800 bytes/CG x 1 CGs, 19660800 bytes)...
[M::mem_process_seqs_merge2] CPE FASTQ formatting done
slave pre done
now n is 86228
processed 86228
[M::mem_process_seqs_merge2] Processed 86228 reads in 0.700 CPU sec, 0.700 real sec
[M::process] read chunk (19660800 bytes/CG x 1 CGs, 19660800 bytes)...
[M::mem_process_seqs_merge2] CPE FASTQ formatting done
slave pre done
now n is 86228
processed 86228
[M::mem_process_seqs_merge2] Processed 86228 reads in 0.630 CPU sec, 0.632 real sec
[M::process] read chunk (19660800 bytes/CG x 1 CGs, 19660800 bytes)...
[M::mem_process_seqs_merge2] CPE FASTQ formatting done
slave pre done
now n is 86228
processed 86228
[M::mem_process_seqs_merge2] Processed 86228 reads in 0.610 CPU sec, 0.604 real sec
[M::process] read chunk (19660800 bytes/CG x 1 CGs, 19660800 bytes)...
[M::mem_process_seqs_merge2] CPE FASTQ formatting done
slave pre done
now n is 86228
processed 86228
[M::mem_process_seqs_merge2] Processed 86228 reads in 0.690 CPU sec, 0.694 real sec
[M::process] read chunk (19660800 bytes/CG x 1 CGs, 19660800 bytes)...
[M::mem_process_seqs_merge2] CPE FASTQ formatting done
slave pre done
now n is 86228
processed 86228
[M::mem_process_seqs_merge2] Processed 86228 reads in 0.770 CPU sec, 0.773 real sec
[M::process] read chunk (19660800 bytes/CG x 1 CGs, 19660800 bytes)...
[M::mem_process_seqs_merge2] CPE FASTQ formatting done
slave pre done
now n is 86228
processed 86228
[M::mem_process_seqs_merge2] Processed 86228 reads in 0.680 CPU sec, 0.674 real sec
[M::process] read chunk (19660800 bytes/CG x 1 CGs, 19660800 bytes)...
[M::mem_process_seqs_merge2] CPE FASTQ formatting done
slave pre done
now n is 86228
processed 86228
[M::mem_process_seqs_merge2] Processed 86228 reads in 0.650 CPU sec, 0.653 real sec
[M::process] read chunk (19660800 bytes/CG x 1 CGs, 19660800 bytes)...
[M::mem_process_seqs_merge2] CPE FASTQ formatting done
slave pre done
now n is 86228
processed 86228
[M::mem_process_seqs_merge2] Processed 86228 reads in 0.690 CPU sec, 0.692 real sec
[M::process] read chunk (19660800 bytes/CG x 1 CGs, 19660800 bytes)...
[M::mem_process_seqs_merge2] CPE FASTQ formatting done
slave pre done
now n is 86228
processed 86228
[M::mem_process_seqs_merge2] Processed 86228 reads in 0.700 CPU sec, 0.703 real sec
[M::process] read chunk (19660800 bytes/CG x 1 CGs, 19660800 bytes)...
[M::mem_process_seqs_merge2] CPE FASTQ formatting done
slave pre done
now n is 86228
processed 86228
[M::mem_process_seqs_merge2] Processed 86228 reads in 0.690 CPU sec, 0.684 real sec
[M::process] read chunk (19660800 bytes/CG x 1 CGs, 19660800 bytes)...
[M::mem_process_seqs_merge2] CPE FASTQ formatting done
slave pre done
now n is 86228
processed 86228
[M::mem_process_seqs_merge2] Processed 86228 reads in 0.740 CPU sec, 0.740 real sec
[M::process] read chunk (19660800 bytes/CG x 1 CGs, 19660800 bytes)...
[M::mem_process_seqs_merge2] CPE FASTQ formatting done
slave pre done
now n is 86228
processed 86228
[M::mem_process_seqs_merge2] Processed 86228 reads in 0.740 CPU sec, 0.736 real sec
[M::process] read chunk (19660800 bytes/CG x 1 CGs, 19660800 bytes)...
[M::mem_process_seqs_merge2] CPE FASTQ formatting done
slave pre done
now n is 86228
processed 86228
[M::mem_process_seqs_merge2] Processed 86228 reads in 0.730 CPU sec, 0.729 real sec
[M::process] read chunk (19660800 bytes/CG x 1 CGs, 19660800 bytes)...
[M::mem_process_seqs_merge2] CPE FASTQ formatting done
slave pre done
now n is 86228
processed 86228
[M::mem_process_seqs_merge2] Processed 86228 reads in 0.730 CPU sec, 0.731 real sec
[M::process] read chunk (19660800 bytes/CG x 1 CGs, 19660800 bytes)...
[M::mem_process_seqs_merge2] CPE FASTQ formatting done
slave pre done
now n is 86228
processed 86228
[M::mem_process_seqs_merge2] Processed 86228 reads in 0.720 CPU sec, 0.717 real sec
[M::process] read chunk (19660800 bytes/CG x 1 CGs, 19660800 bytes)...
[M::mem_process_seqs_merge2] CPE FASTQ formatting done
slave pre done
now n is 86228
processed 86228
[M::mem_process_seqs_merge2] Processed 86228 reads in 0.740 CPU sec, 0.739 real sec
[M::process] read chunk (19660800 bytes/CG x 1 CGs, 19660800 bytes)...
[M::mem_process_seqs_merge2] CPE FASTQ formatting done
slave pre done
now n is 86228
processed 86228
[M::mem_process_seqs_merge2] Processed 86228 reads in 0.770 CPU sec, 0.773 real sec
[M::process] read chunk (19660800 bytes/CG x 1 CGs, 19660800 bytes)...
[M::mem_process_seqs_merge2] CPE FASTQ formatting done
slave pre done
now n is 86228
processed 86228
[M::mem_process_seqs_merge2] Processed 86228 reads in 0.740 CPU sec, 0.741 real sec
[M::process] read chunk (19660800 bytes/CG x 1 CGs, 19660800 bytes)...
[M::mem_process_seqs_merge2] CPE FASTQ formatting done
slave pre done
now n is 86228
processed 86228
[M::mem_process_seqs_merge2] Processed 86228 reads in 0.720 CPU sec, 0.719 real sec
[M::process] read chunk (19660800 bytes/CG x 1 CGs, 19660800 bytes)...
[M::mem_process_seqs_merge2] CPE FASTQ formatting done
slave pre done
now n is 86228
processed 86228
[M::mem_process_seqs_merge2] Processed 86228 reads in 0.720 CPU sec, 0.728 real sec
[M::process] read chunk (19660800 bytes/CG x 1 CGs, 19660800 bytes)...
[M::mem_process_seqs_merge2] CPE FASTQ formatting done
slave pre done
now n is 86228
processed 86228
[M::mem_process_seqs_merge2] Processed 86228 reads in 0.720 CPU sec, 0.717 real sec
[M::process] read chunk (19660800 bytes/CG x 1 CGs, 19660800 bytes)...
[M::mem_process_seqs_merge2] CPE FASTQ formatting done
slave pre done
now n is 86228
processed 86228
[M::mem_process_seqs_merge2] Processed 86228 reads in 0.730 CPU sec, 0.729 real sec
[M::process] read chunk (19660800 bytes/CG x 1 CGs, 19660800 bytes)...
[M::mem_process_seqs_merge2] CPE FASTQ formatting done
slave pre done
now n is 86228
processed 86228
[M::mem_process_seqs_merge2] Processed 86228 reads in 0.630 CPU sec, 0.630 real sec
[M::process] read chunk (19660800 bytes/CG x 1 CGs, 19660800 bytes)...
[M::mem_process_seqs_merge2] CPE FASTQ formatting done
slave pre done
now n is 86228
processed 86228
[M::mem_process_seqs_merge2] Processed 86228 reads in 0.680 CPU sec, 0.688 real sec
[M::process] read chunk (19660800 bytes/CG x 1 CGs, 19660800 bytes)...
[M::mem_process_seqs_merge2] CPE FASTQ formatting done
slave pre done
now n is 86228
processed 86228
[M::mem_process_seqs_merge2] Processed 86228 reads in 0.660 CPU sec, 0.662 real sec
[M::process] read chunk (19660800 bytes/CG x 1 CGs, 19660800 bytes)...
[M::mem_process_seqs_merge2] CPE FASTQ formatting done
slave pre done
now n is 86228
processed 86228
[M::mem_process_seqs_merge2] Processed 86228 reads in 0.730 CPU sec, 0.725 real sec
[M::process] read chunk (19660800 bytes/CG x 1 CGs, 19660800 bytes)...
[M::mem_process_seqs_merge2] CPE FASTQ formatting done
slave pre done
now n is 86228
processed 86228
[M::mem_process_seqs_merge2] Processed 86228 reads in 0.690 CPU sec, 0.688 real sec
[M::process] read chunk (19660800 bytes/CG x 1 CGs, 19660800 bytes)...
[M::mem_process_seqs_merge2] CPE FASTQ formatting done
slave pre done
now n is 86228
processed 86228
[M::mem_process_seqs_merge2] Processed 86228 reads in 0.610 CPU sec, 0.608 real sec
[M::process] read chunk (19660800 bytes/CG x 1 CGs, 19660800 bytes)...
[M::mem_process_seqs_merge2] CPE FASTQ formatting done
slave pre done
now n is 86228
processed 86228
[M::mem_process_seqs_merge2] Processed 86228 reads in 0.630 CPU sec, 0.626 real sec
[M::process] read chunk (19660800 bytes/CG x 1 CGs, 19660800 bytes)...
[M::mem_process_seqs_merge2] CPE FASTQ formatting done
slave pre done
now n is 86228
processed 86228
[M::mem_process_seqs_merge2] Processed 86228 reads in 0.750 CPU sec, 0.749 real sec
[M::process] read chunk (19660800 bytes/CG x 1 CGs, 19660800 bytes)...
[M::mem_process_seqs_merge2] CPE FASTQ formatting done
slave pre done
now n is 86228
processed 86228
[M::mem_process_seqs_merge2] Processed 86228 reads in 0.720 CPU sec, 0.722 real sec
[M::process] read chunk (19660800 bytes/CG x 1 CGs, 19660800 bytes)...
[M::mem_process_seqs_merge2] CPE FASTQ formatting done
slave pre done
now n is 86228
processed 86228
[M::mem_process_seqs_merge2] Processed 86228 reads in 0.700 CPU sec, 0.698 real sec
[M::process] read chunk (19660800 bytes/CG x 1 CGs, 19660800 bytes)...
[M::mem_process_seqs_merge2] CPE FASTQ formatting done
slave pre done
now n is 86228
processed 86228
[M::mem_process_seqs_merge2] Processed 86228 reads in 0.680 CPU sec, 0.671 real sec
[M::process] read chunk (19660800 bytes/CG x 1 CGs, 19660800 bytes)...
[M::mem_process_seqs_merge2] CPE FASTQ formatting done
slave pre done
now n is 86228
processed 86228
[M::mem_process_seqs_merge2] Processed 86228 reads in 0.670 CPU sec, 0.674 real sec
[M::process] read chunk (19660800 bytes/CG x 1 CGs, 19660800 bytes)...
[M::mem_process_seqs_merge2] CPE FASTQ formatting done
slave pre done
now n is 86228
processed 86228
[M::mem_process_seqs_merge2] Processed 86228 reads in 0.700 CPU sec, 0.705 real sec
[M::process] read chunk (19660800 bytes/CG x 1 CGs, 19660800 bytes)...
[M::mem_process_seqs_merge2] CPE FASTQ formatting done
slave pre done
now n is 86228
processed 86228
[M::mem_process_seqs_merge2] Processed 86228 reads in 0.720 CPU sec, 0.725 real sec
[M::process] read chunk (19660800 bytes/CG x 1 CGs, 19660800 bytes)...
[M::mem_process_seqs_merge2] CPE FASTQ formatting done
slave pre done
now n is 86228
processed 86228
[M::mem_process_seqs_merge2] Processed 86228 reads in 0.800 CPU sec, 0.800 real sec
[M::process] read chunk (19660800 bytes/CG x 1 CGs, 19660800 bytes)...
[M::mem_process_seqs_merge2] CPE FASTQ formatting done
slave pre done
now n is 86228
processed 86228
[M::mem_process_seqs_merge2] Processed 86228 reads in 0.870 CPU sec, 0.872 real sec
[M::process] read chunk (19660800 bytes/CG x 1 CGs, 19660800 bytes)...
[M::mem_process_seqs_merge2] CPE FASTQ formatting done
slave pre done
now n is 86228
processed 86228
[M::mem_process_seqs_merge2] Processed 86228 reads in 0.670 CPU sec, 0.666 real sec
[M::process] read chunk (19660800 bytes/CG x 1 CGs, 19660800 bytes)...
[M::mem_process_seqs_merge2] CPE FASTQ formatting done
slave pre done
now n is 86228
processed 86228
[M::mem_process_seqs_merge2] Processed 86228 reads in 0.690 CPU sec, 0.694 real sec
[M::process] read chunk (19660800 bytes/CG x 1 CGs, 19660800 bytes)...
[M::mem_process_seqs_merge2] CPE FASTQ formatting done
slave pre done
now n is 86228
processed 86228
[M::mem_process_seqs_merge2] Processed 86228 reads in 0.670 CPU sec, 0.675 real sec
[M::process] read chunk (19660800 bytes/CG x 1 CGs, 19660800 bytes)...
[M::mem_process_seqs_merge2] CPE FASTQ formatting done
slave pre done
now n is 86228
processed 86228
[M::mem_process_seqs_merge2] Processed 86228 reads in 0.690 CPU sec, 0.689 real sec
[M::process] read chunk (19660800 bytes/CG x 1 CGs, 19660800 bytes)...
[M::mem_process_seqs_merge2] CPE FASTQ formatting done
slave pre done
now n is 86228
processed 86228
[M::mem_process_seqs_merge2] Processed 86228 reads in 0.670 CPU sec, 0.671 real sec
[M::process] read chunk (19660800 bytes/CG x 1 CGs, 19660800 bytes)...
[M::mem_process_seqs_merge2] CPE FASTQ formatting done
slave pre done
now n is 86228
processed 86228
[M::mem_process_seqs_merge2] Processed 86228 reads in 0.710 CPU sec, 0.711 real sec
[M::process] read chunk (19660800 bytes/CG x 1 CGs, 19660800 bytes)...
[M::mem_process_seqs_merge2] CPE FASTQ formatting done
slave pre done
now n is 86228
processed 86228
[M::mem_process_seqs_merge2] Processed 86228 reads in 0.690 CPU sec, 0.698 real sec
[M::process] read chunk (19660800 bytes/CG x 1 CGs, 19660800 bytes)...
[M::mem_process_seqs_merge2] CPE FASTQ formatting done
slave pre done
now n is 86228
processed 86228
[M::mem_process_seqs_merge2] Processed 86228 reads in 0.980 CPU sec, 0.982 real sec
[M::process] read chunk (19660800 bytes/CG x 1 CGs, 19660800 bytes)...
[M::mem_process_seqs_merge2] CPE FASTQ formatting done
slave pre done
now n is 86228
processed 86228
[M::mem_process_seqs_merge2] Processed 86228 reads in 0.770 CPU sec, 0.765 real sec
[M::process] read chunk (19660800 bytes/CG x 1 CGs, 19660800 bytes)...
[M::mem_process_seqs_merge2] CPE FASTQ formatting done
slave pre done
now n is 86228
processed 86228
[M::mem_process_seqs_merge2] Processed 86228 reads in 0.720 CPU sec, 0.724 real sec
[M::process] read chunk (19660800 bytes/CG x 1 CGs, 19660800 bytes)...
[M::mem_process_seqs_merge2] CPE FASTQ formatting done
slave pre done
now n is 86228
processed 86228
[M::mem_process_seqs_merge2] Processed 86228 reads in 0.640 CPU sec, 0.641 real sec
[M::process] read chunk (19660800 bytes/CG x 1 CGs, 19660800 bytes)...
[M::mem_process_seqs_merge2] CPE FASTQ formatting done
slave pre done
now n is 86228
processed 86228
[M::mem_process_seqs_merge2] Processed 86228 reads in 0.720 CPU sec, 0.720 real sec
[M::process] read chunk (19660800 bytes/CG x 1 CGs, 19660800 bytes)...
[M::mem_process_seqs_merge2] CPE FASTQ formatting done
slave pre done
now n is 86228
processed 86228
[M::mem_process_seqs_merge2] Processed 86228 reads in 0.700 CPU sec, 0.705 real sec
[M::process] read chunk (19660800 bytes/CG x 1 CGs, 19660800 bytes)...
[M::mem_process_seqs_merge2] CPE FASTQ formatting done
slave pre done
now n is 86228
processed 86228
[M::mem_process_seqs_merge2] Processed 86228 reads in 0.760 CPU sec, 0.761 real sec
[M::process] read chunk (19660800 bytes/CG x 1 CGs, 19660800 bytes)...
[M::mem_process_seqs_merge2] CPE FASTQ formatting done
slave pre done
now n is 86228
processed 86228
[M::mem_process_seqs_merge2] Processed 86228 reads in 0.680 CPU sec, 0.682 real sec
[M::process] read chunk (19660800 bytes/CG x 1 CGs, 19660800 bytes)...
[M::mem_process_seqs_merge2] CPE FASTQ formatting done
slave pre done
now n is 86228
processed 86228
[M::mem_process_seqs_merge2] Processed 86228 reads in 0.660 CPU sec, 0.660 real sec
[M::process] read chunk (19660800 bytes/CG x 1 CGs, 19660800 bytes)...
[M::mem_process_seqs_merge2] CPE FASTQ formatting done
slave pre done
now n is 86228
processed 86228
[M::mem_process_seqs_merge2] Processed 86228 reads in 0.650 CPU sec, 0.650 real sec
[M::process] read chunk (19660800 bytes/CG x 1 CGs, 19660800 bytes)...
[M::mem_process_seqs_merge2] CPE FASTQ formatting done
slave pre done
now n is 86228
processed 86228
[M::mem_process_seqs_merge2] Processed 86228 reads in 0.610 CPU sec, 0.610 real sec
[M::process] read chunk (19660800 bytes/CG x 1 CGs, 19660800 bytes)...
[M::mem_process_seqs_merge2] CPE FASTQ formatting done
slave pre done
now n is 86228
processed 86228
[M::mem_process_seqs_merge2] Processed 86228 reads in 0.710 CPU sec, 0.711 real sec
[M::process] read chunk (19660800 bytes/CG x 1 CGs, 19660800 bytes)...
[M::mem_process_seqs_merge2] CPE FASTQ formatting done
slave pre done
now n is 86228
processed 86228
[M::mem_process_seqs_merge2] Processed 86228 reads in 0.750 CPU sec, 0.755 real sec
[M::process] read chunk (19660800 bytes/CG x 1 CGs, 19660800 bytes)...
[M::mem_process_seqs_merge2] CPE FASTQ formatting done
slave pre done
now n is 86228
processed 86228
[M::mem_process_seqs_merge2] Processed 86228 reads in 0.730 CPU sec, 0.731 real sec
[M::process] read chunk (19660800 bytes/CG x 1 CGs, 19660800 bytes)...
[M::mem_process_seqs_merge2] CPE FASTQ formatting done
slave pre done
now n is 86228
processed 86228
[M::mem_process_seqs_merge2] Processed 86228 reads in 0.660 CPU sec, 0.658 real sec
[M::process] read chunk (19660800 bytes/CG x 1 CGs, 19660800 bytes)...
[M::mem_process_seqs_merge2] CPE FASTQ formatting done
slave pre done
now n is 86228
processed 86228
[M::mem_process_seqs_merge2] Processed 86228 reads in 0.680 CPU sec, 0.674 real sec
[M::process] read chunk (19660800 bytes/CG x 1 CGs, 19660800 bytes)...
[M::mem_process_seqs_merge2] CPE FASTQ formatting done
slave pre done
now n is 86228
processed 86228
[M::mem_process_seqs_merge2] Processed 86228 reads in 0.650 CPU sec, 0.649 real sec
[M::process] read chunk (19660800 bytes/CG x 1 CGs, 19660800 bytes)...
[M::mem_process_seqs_merge2] CPE FASTQ formatting done
slave pre done
now n is 86228
processed 86228
[M::mem_process_seqs_merge2] Processed 86228 reads in 0.720 CPU sec, 0.718 real sec
[M::process] read chunk (19660800 bytes/CG x 1 CGs, 19660800 bytes)...
[M::mem_process_seqs_merge2] CPE FASTQ formatting done
slave pre done
now n is 86228
processed 86228
[M::mem_process_seqs_merge2] Processed 86228 reads in 0.620 CPU sec, 0.619 real sec
[M::process] read chunk (19660800 bytes/CG x 1 CGs, 19660800 bytes)...
[M::mem_process_seqs_merge2] CPE FASTQ formatting done
slave pre done
now n is 86228
processed 86228
[M::mem_process_seqs_merge2] Processed 86228 reads in 0.640 CPU sec, 0.642 real sec
[M::process] read chunk (19660800 bytes/CG x 1 CGs, 19660800 bytes)...
[M::mem_process_seqs_merge2] CPE FASTQ formatting done
slave pre done
now n is 86228
processed 86228
[M::mem_process_seqs_merge2] Processed 86228 reads in 0.700 CPU sec, 0.704 real sec
[M::process] read chunk (19660800 bytes/CG x 1 CGs, 19660800 bytes)...
[M::mem_process_seqs_merge2] CPE FASTQ formatting done
slave pre done
now n is 86228
processed 86228
[M::mem_process_seqs_merge2] Processed 86228 reads in 0.670 CPU sec, 0.672 real sec
[M::process] read chunk (19660800 bytes/CG x 1 CGs, 19660800 bytes)...
[M::mem_process_seqs_merge2] CPE FASTQ formatting done
slave pre done
now n is 86228
processed 86228
[M::mem_process_seqs_merge2] Processed 86228 reads in 0.650 CPU sec, 0.647 real sec
[M::process] read chunk (19660800 bytes/CG x 1 CGs, 19660800 bytes)...
[M::mem_process_seqs_merge2] CPE FASTQ formatting done
slave pre done
now n is 86228
processed 86228
[M::mem_process_seqs_merge2] Processed 86228 reads in 0.590 CPU sec, 0.588 real sec
[M::process] read chunk (19660800 bytes/CG x 1 CGs, 19660800 bytes)...
[M::mem_process_seqs_merge2] CPE FASTQ formatting done
slave pre done
now n is 86228
processed 86228
[M::mem_process_seqs_merge2] Processed 86228 reads in 0.640 CPU sec, 0.642 real sec
[M::process] read chunk (19660800 bytes/CG x 1 CGs, 19660800 bytes)...
[M::mem_process_seqs_merge2] CPE FASTQ formatting done
slave pre done
now n is 86228
processed 86228
[M::mem_process_seqs_merge2] Processed 86228 reads in 0.700 CPU sec, 0.704 real sec
[M::process] read chunk (19660800 bytes/CG x 1 CGs, 19660800 bytes)...
[M::mem_process_seqs_merge2] CPE FASTQ formatting done
slave pre done
now n is 86228
processed 86228
[M::mem_process_seqs_merge2] Processed 86228 reads in 0.670 CPU sec, 0.671 real sec
[M::process] read chunk (19660800 bytes/CG x 1 CGs, 19660800 bytes)...
[M::mem_process_seqs_merge2] CPE FASTQ formatting done
slave pre done
now n is 86228
processed 86228
[M::mem_process_seqs_merge2] Processed 86228 reads in 0.610 CPU sec, 0.623 real sec
[M::process] read chunk (19660800 bytes/CG x 1 CGs, 19660800 bytes)...
[M::mem_process_seqs_merge2] CPE FASTQ formatting done
slave pre done
now n is 86228
processed 86228
[M::mem_process_seqs_merge2] Processed 86228 reads in 0.660 CPU sec, 0.660 real sec
[M::process] read chunk (19660800 bytes/CG x 1 CGs, 19660800 bytes)...
[M::mem_process_seqs_merge2] CPE FASTQ formatting done
slave pre done
now n is 86228
processed 86228
[M::mem_process_seqs_merge2] Processed 86228 reads in 0.650 CPU sec, 0.651 real sec
[M::process] read chunk (19660800 bytes/CG x 1 CGs, 19660800 bytes)...
[M::mem_process_seqs_merge2] CPE FASTQ formatting done
slave pre done
now n is 86228
processed 86228
[M::mem_process_seqs_merge2] Processed 86228 reads in 0.720 CPU sec, 0.718 real sec
[M::process] read chunk (19660800 bytes/CG x 1 CGs, 19660800 bytes)...
[M::mem_process_seqs_merge2] CPE FASTQ formatting done
slave pre done
now n is 86228
processed 86228
[M::mem_process_seqs_merge2] Processed 86228 reads in 0.670 CPU sec, 0.670 real sec
[M::process] read chunk (19660800 bytes/CG x 1 CGs, 19660800 bytes)...
[M::mem_process_seqs_merge2] CPE FASTQ formatting done
slave pre done
now n is 86228
processed 86228
[M::mem_process_seqs_merge2] Processed 86228 reads in 0.620 CPU sec, 0.621 real sec
[M::process] read chunk (19660800 bytes/CG x 1 CGs, 19660800 bytes)...
[M::mem_process_seqs_merge2] CPE FASTQ formatting done
slave pre done
now n is 86228
processed 86228
[M::mem_process_seqs_merge2] Processed 86228 reads in 0.650 CPU sec, 0.654 real sec
[M::process] read chunk (19660800 bytes/CG x 1 CGs, 19660800 bytes)...
[M::mem_process_seqs_merge2] CPE FASTQ formatting done
slave pre done
now n is 86228
processed 86228
[M::mem_process_seqs_merge2] Processed 86228 reads in 0.720 CPU sec, 0.718 real sec
[M::process] read chunk (19660800 bytes/CG x 1 CGs, 19660800 bytes)...
[M::mem_process_seqs_merge2] CPE FASTQ formatting done
slave pre done
now n is 86228
processed 86228
[M::mem_process_seqs_merge2] Processed 86228 reads in 0.670 CPU sec, 0.671 real sec
[M::process] read chunk (19660800 bytes/CG x 1 CGs, 19660800 bytes)...
[M::mem_process_seqs_merge2] CPE FASTQ formatting done
slave pre done
now n is 86228
processed 86228
[M::mem_process_seqs_merge2] Processed 86228 reads in 0.670 CPU sec, 0.677 real sec
[M::process] read chunk (19660800 bytes/CG x 1 CGs, 19660800 bytes)...
[M::mem_process_seqs_merge2] CPE FASTQ formatting done
slave pre done
now n is 86228
processed 86228
[M::mem_process_seqs_merge2] Processed 86228 reads in 0.680 CPU sec, 0.683 real sec
[M::process] read chunk (19660800 bytes/CG x 1 CGs, 19660800 bytes)...
[M::mem_process_seqs_merge2] CPE FASTQ formatting done
slave pre done
now n is 86228
processed 86228
[M::mem_process_seqs_merge2] Processed 86228 reads in 0.710 CPU sec, 0.706 real sec
[M::process] read chunk (19660800 bytes/CG x 1 CGs, 19660800 bytes)...
[M::mem_process_seqs_merge2] CPE FASTQ formatting done
slave pre done
now n is 86228
processed 86228
[M::mem_process_seqs_merge2] Processed 86228 reads in 0.710 CPU sec, 0.707 real sec
[M::process] read chunk (19660800 bytes/CG x 1 CGs, 19660800 bytes)...
[M::mem_process_seqs_merge2] CPE FASTQ formatting done
slave pre done
now n is 85849
processed 85849
[M::mem_process_seqs_merge2] Processed 85849 reads in 0.740 CPU sec, 0.744 real sec
[M::process] read chunk (19660800 bytes/CG x 1 CGs, 19660800 bytes)...
[M::mem_process_seqs_merge2] CPE FASTQ formatting done
slave pre done
now n is 84741
processed 84741
[M::mem_process_seqs_merge2] Processed 84741 reads in 0.650 CPU sec, 0.648 real sec
[M::process] read chunk (19660800 bytes/CG x 1 CGs, 19660800 bytes)...
[M::mem_process_seqs_merge2] CPE FASTQ formatting done
slave pre done
now n is 84741
processed 84741
[M::mem_process_seqs_merge2] Processed 84741 reads in 0.670 CPU sec, 0.661 real sec
[M::process] read chunk (19660800 bytes/CG x 1 CGs, 19660800 bytes)...
[M::mem_process_seqs_merge2] CPE FASTQ formatting done
slave pre done
now n is 84741
processed 84741
[M::mem_process_seqs_merge2] Processed 84741 reads in 0.730 CPU sec, 0.727 real sec
[M::process] read chunk (19660800 bytes/CG x 1 CGs, 19660800 bytes)...
[M::mem_process_seqs_merge2] CPE FASTQ formatting done
slave pre done
now n is 84741
processed 84741
[M::mem_process_seqs_merge2] Processed 84741 reads in 0.660 CPU sec, 0.657 real sec
[M::process] read chunk (19660800 bytes/CG x 1 CGs, 19660800 bytes)...
[M::mem_process_seqs_merge2] CPE FASTQ formatting done
slave pre done
now n is 84741
processed 84741
[M::mem_process_seqs_merge2] Processed 84741 reads in 0.680 CPU sec, 0.676 real sec
[M::process] read chunk (19660800 bytes/CG x 1 CGs, 19660800 bytes)...
[M::mem_process_seqs_merge2] CPE FASTQ formatting done
slave pre done
now n is 84741
processed 84741
[M::mem_process_seqs_merge2] Processed 84741 reads in 0.640 CPU sec, 0.636 real sec
[M::process] read chunk (19660800 bytes/CG x 1 CGs, 19660800 bytes)...
[M::mem_process_seqs_merge2] CPE FASTQ formatting done
slave pre done
now n is 84741
processed 84741
[M::mem_process_seqs_merge2] Processed 84741 reads in 0.720 CPU sec, 0.729 real sec
[M::process] read chunk (19660800 bytes/CG x 1 CGs, 19660800 bytes)...
[M::mem_process_seqs_merge2] CPE FASTQ formatting done
slave pre done
now n is 84741
processed 84741
[M::mem_process_seqs_merge2] Processed 84741 reads in 0.670 CPU sec, 0.671 real sec
[M::process] read chunk (19660800 bytes/CG x 1 CGs, 19660800 bytes)...
[M::mem_process_seqs_merge2] CPE FASTQ formatting done
slave pre done
now n is 84741
processed 84741
[M::mem_process_seqs_merge2] Processed 84741 reads in 0.610 CPU sec, 0.611 real sec
[M::process] read chunk (19660800 bytes/CG x 1 CGs, 19660800 bytes)...
[M::mem_process_seqs_merge2] CPE FASTQ formatting done
slave pre done
now n is 84741
processed 84741
[M::mem_process_seqs_merge2] Processed 84741 reads in 0.670 CPU sec, 0.674 real sec
[M::process] read chunk (19660800 bytes/CG x 1 CGs, 19660800 bytes)...
[M::mem_process_seqs_merge2] CPE FASTQ formatting done
slave pre done
now n is 84741
processed 84741
[M::mem_process_seqs_merge2] Processed 84741 reads in 0.640 CPU sec, 0.648 real sec
[M::process] read chunk (19660800 bytes/CG x 1 CGs, 19660800 bytes)...
[M::mem_process_seqs_merge2] CPE FASTQ formatting done
slave pre done
now n is 84741
processed 84741
[M::mem_process_seqs_merge2] Processed 84741 reads in 0.670 CPU sec, 0.665 real sec
[M::process] read chunk (19660800 bytes/CG x 1 CGs, 19660800 bytes)...
[M::mem_process_seqs_merge2] CPE FASTQ formatting done
slave pre done
now n is 84741
processed 84741
[M::mem_process_seqs_merge2] Processed 84741 reads in 0.660 CPU sec, 0.658 real sec
[M::process] read chunk (19660800 bytes/CG x 1 CGs, 19660800 bytes)...
[M::mem_process_seqs_merge2] CPE FASTQ formatting done
slave pre done
now n is 84741
processed 84741
[M::mem_process_seqs_merge2] Processed 84741 reads in 0.570 CPU sec, 0.571 real sec
[M::process] read chunk (19660800 bytes/CG x 1 CGs, 19660800 bytes)...
[M::mem_process_seqs_merge2] CPE FASTQ formatting done
slave pre done
now n is 84741
processed 84741
[M::mem_process_seqs_merge2] Processed 84741 reads in 0.720 CPU sec, 0.725 real sec
[M::process] read chunk (19660800 bytes/CG x 1 CGs, 19660800 bytes)...
[M::mem_process_seqs_merge2] CPE FASTQ formatting done
slave pre done
now n is 84741
processed 84741
[M::mem_process_seqs_merge2] Processed 84741 reads in 0.670 CPU sec, 0.678 real sec
[M::process] read chunk (19660800 bytes/CG x 1 CGs, 19660800 bytes)...
[M::mem_process_seqs_merge2] CPE FASTQ formatting done
slave pre done
now n is 84741
processed 84741
[M::mem_process_seqs_merge2] Processed 84741 reads in 0.710 CPU sec, 0.708 real sec
[M::process] read chunk (19660800 bytes/CG x 1 CGs, 19660800 bytes)...
[M::mem_process_seqs_merge2] CPE FASTQ formatting done
slave pre done
now n is 84741
processed 84741
[M::mem_process_seqs_merge2] Processed 84741 reads in 0.650 CPU sec, 0.652 real sec
[M::process] read chunk (19660800 bytes/CG x 1 CGs, 19660800 bytes)...
[M::mem_process_seqs_merge2] CPE FASTQ formatting done
slave pre done
now n is 84741
processed 84741
[M::mem_process_seqs_merge2] Processed 84741 reads in 0.660 CPU sec, 0.658 real sec
[M::process] read chunk (19660800 bytes/CG x 1 CGs, 19660800 bytes)...
[M::mem_process_seqs_merge2] CPE FASTQ formatting done
slave pre done
now n is 84741
processed 84741
[M::mem_process_seqs_merge2] Processed 84741 reads in 0.700 CPU sec, 0.693 real sec
[M::process] read chunk (19660800 bytes/CG x 1 CGs, 19660800 bytes)...
[M::mem_process_seqs_merge2] CPE FASTQ formatting done
slave pre done
now n is 84741
processed 84741
[M::mem_process_seqs_merge2] Processed 84741 reads in 0.670 CPU sec, 0.667 real sec
[M::process] read chunk (19660800 bytes/CG x 1 CGs, 19660800 bytes)...
[M::mem_process_seqs_merge2] CPE FASTQ formatting done
slave pre done
now n is 84741
processed 84741
[M::mem_process_seqs_merge2] Processed 84741 reads in 0.610 CPU sec, 0.607 real sec
[M::process] read chunk (19660800 bytes/CG x 1 CGs, 19660800 bytes)...
[M::mem_process_seqs_merge2] CPE FASTQ formatting done
slave pre done
now n is 84741
processed 84741
[M::mem_process_seqs_merge2] Processed 84741 reads in 0.650 CPU sec, 0.656 real sec
[M::process] read chunk (19660800 bytes/CG x 1 CGs, 19660800 bytes)...
[M::mem_process_seqs_merge2] CPE FASTQ formatting done
slave pre done
now n is 84741
processed 84741
[M::mem_process_seqs_merge2] Processed 84741 reads in 0.680 CPU sec, 0.676 real sec
[M::process] read chunk (19660800 bytes/CG x 1 CGs, 19660800 bytes)...
[M::mem_process_seqs_merge2] CPE FASTQ formatting done
slave pre done
now n is 84741
processed 84741
[M::mem_process_seqs_merge2] Processed 84741 reads in 0.650 CPU sec, 0.648 real sec
[M::process] read chunk (19660800 bytes/CG x 1 CGs, 19660800 bytes)...
[M::mem_process_seqs_merge2] CPE FASTQ formatting done
slave pre done
now n is 84741
processed 84741
[M::mem_process_seqs_merge2] Processed 84741 reads in 0.620 CPU sec, 0.618 real sec
[M::process] read chunk (19660800 bytes/CG x 1 CGs, 19660800 bytes)...
[M::mem_process_seqs_merge2] CPE FASTQ formatting done
slave pre done
now n is 84741
processed 84741
[M::mem_process_seqs_merge2] Processed 84741 reads in 0.660 CPU sec, 0.661 real sec
[M::process] read chunk (19660800 bytes/CG x 1 CGs, 19660800 bytes)...
[M::mem_process_seqs_merge2] CPE FASTQ formatting done
slave pre done
now n is 84741
processed 84741
[M::mem_process_seqs_merge2] Processed 84741 reads in 0.670 CPU sec, 0.666 real sec
[M::process] read chunk (19660800 bytes/CG x 1 CGs, 19660800 bytes)...
[M::mem_process_seqs_merge2] CPE FASTQ formatting done
slave pre done
now n is 84741
processed 84741
[M::mem_process_seqs_merge2] Processed 84741 reads in 0.640 CPU sec, 0.641 real sec
[M::process] read chunk (19660800 bytes/CG x 1 CGs, 19660800 bytes)...
[M::mem_process_seqs_merge2] CPE FASTQ formatting done
slave pre done
now n is 84741
processed 84741
[M::mem_process_seqs_merge2] Processed 84741 reads in 0.620 CPU sec, 0.614 real sec
[M::process] read chunk (19660800 bytes/CG x 1 CGs, 19660800 bytes)...
[M::mem_process_seqs_merge2] CPE FASTQ formatting done
slave pre done
now n is 84741
processed 84741
[M::mem_process_seqs_merge2] Processed 84741 reads in 0.710 CPU sec, 0.709 real sec
[M::process] read chunk (19660800 bytes/CG x 1 CGs, 19660800 bytes)...
[M::mem_process_seqs_merge2] CPE FASTQ formatting done
slave pre done
now n is 84741
processed 84741
[M::mem_process_seqs_merge2] Processed 84741 reads in 0.680 CPU sec, 0.685 real sec
[M::process] read chunk (19660800 bytes/CG x 1 CGs, 19660800 bytes)...
[M::mem_process_seqs_merge2] CPE FASTQ formatting done
slave pre done
now n is 84741
processed 84741
[M::mem_process_seqs_merge2] Processed 84741 reads in 0.710 CPU sec, 0.711 real sec
[M::process] read chunk (19660800 bytes/CG x 1 CGs, 19660800 bytes)...
[M::mem_process_seqs_merge2] CPE FASTQ formatting done
slave pre done
now n is 84741
processed 84741
[M::mem_process_seqs_merge2] Processed 84741 reads in 0.660 CPU sec, 0.655 real sec
[M::process] read chunk (19660800 bytes/CG x 1 CGs, 19660800 bytes)...
[M::mem_process_seqs_merge2] CPE FASTQ formatting done
slave pre done
now n is 84741
processed 84741
[M::mem_process_seqs_merge2] Processed 84741 reads in 0.640 CPU sec, 0.641 real sec
[M::process] read chunk (19660800 bytes/CG x 1 CGs, 19660800 bytes)...
[M::mem_process_seqs_merge2] CPE FASTQ formatting done
slave pre done
now n is 84741
processed 84741
[M::mem_process_seqs_merge2] Processed 84741 reads in 0.660 CPU sec, 0.663 real sec
[M::process] read chunk (19660800 bytes/CG x 1 CGs, 19660800 bytes)...
[M::mem_process_seqs_merge2] CPE FASTQ formatting done
slave pre done
now n is 84741
processed 84741
[M::mem_process_seqs_merge2] Processed 84741 reads in 0.650 CPU sec, 0.647 real sec
[M::process] read chunk (19660800 bytes/CG x 1 CGs, 19660800 bytes)...
[M::mem_process_seqs_merge2] CPE FASTQ formatting done
slave pre done
now n is 84741
processed 84741
[M::mem_process_seqs_merge2] Processed 84741 reads in 0.770 CPU sec, 0.775 real sec
[M::process] read chunk (19660800 bytes/CG x 1 CGs, 19660800 bytes)...
[M::mem_process_seqs_merge2] CPE FASTQ formatting done
slave pre done
now n is 84741
processed 84741
[M::mem_process_seqs_merge2] Processed 84741 reads in 0.680 CPU sec, 0.676 real sec
[M::process] read chunk (19660800 bytes/CG x 1 CGs, 19660800 bytes)...
[M::mem_process_seqs_merge2] CPE FASTQ formatting done
slave pre done
now n is 84741
processed 84741
[M::mem_process_seqs_merge2] Processed 84741 reads in 0.660 CPU sec, 0.662 real sec
[M::process] read chunk (19660800 bytes/CG x 1 CGs, 19660800 bytes)...
[M::mem_process_seqs_merge2] CPE FASTQ formatting done
slave pre done
now n is 84741
processed 84741
[M::mem_process_seqs_merge2] Processed 84741 reads in 0.630 CPU sec, 0.635 real sec
[M::process] read chunk (19660800 bytes/CG x 1 CGs, 19660800 bytes)...
[M::mem_process_seqs_merge2] CPE FASTQ formatting done
slave pre done
now n is 84741
processed 84741
[M::mem_process_seqs_merge2] Processed 84741 reads in 0.640 CPU sec, 0.636 real sec
[M::process] read chunk (19660800 bytes/CG x 1 CGs, 19660800 bytes)...
[M::mem_process_seqs_merge2] CPE FASTQ formatting done
slave pre done
now n is 84741
processed 84741
[M::mem_process_seqs_merge2] Processed 84741 reads in 0.690 CPU sec, 0.686 real sec
[M::process] read chunk (19660800 bytes/CG x 1 CGs, 19660800 bytes)...
[M::mem_process_seqs_merge2] CPE FASTQ formatting done
slave pre done
now n is 84741
processed 84741
[M::mem_process_seqs_merge2] Processed 84741 reads in 0.650 CPU sec, 0.644 real sec
[M::process] read chunk (19660800 bytes/CG x 1 CGs, 19660800 bytes)...
[M::mem_process_seqs_merge2] CPE FASTQ formatting done
slave pre done
now n is 84741
processed 84741
[M::mem_process_seqs_merge2] Processed 84741 reads in 0.720 CPU sec, 0.715 real sec
[M::process] read chunk (19660800 bytes/CG x 1 CGs, 19660800 bytes)...
[M::mem_process_seqs_merge2] CPE FASTQ formatting done
slave pre done
now n is 84741
processed 84741
[M::mem_process_seqs_merge2] Processed 84741 reads in 0.670 CPU sec, 0.666 real sec
[M::process] read chunk (19660800 bytes/CG x 1 CGs, 19660800 bytes)...
[M::mem_process_seqs_merge2] CPE FASTQ formatting done
slave pre done
now n is 84741
processed 84741
[M::mem_process_seqs_merge2] Processed 84741 reads in 0.680 CPU sec, 0.684 real sec
[M::process] read chunk (19660800 bytes/CG x 1 CGs, 19660800 bytes)...
[M::mem_process_seqs_merge2] CPE FASTQ formatting done
slave pre done
now n is 84741
processed 84741
[M::mem_process_seqs_merge2] Processed 84741 reads in 0.670 CPU sec, 0.670 real sec
[M::process] read chunk (19660800 bytes/CG x 1 CGs, 19660800 bytes)...
[M::mem_process_seqs_merge2] CPE FASTQ formatting done
slave pre done
now n is 84741
processed 84741
[M::mem_process_seqs_merge2] Processed 84741 reads in 0.720 CPU sec, 0.713 real sec
[M::process] read chunk (19660800 bytes/CG x 1 CGs, 19660800 bytes)...
[M::mem_process_seqs_merge2] CPE FASTQ formatting done
slave pre done
now n is 84741
processed 84741
[M::mem_process_seqs_merge2] Processed 84741 reads in 0.640 CPU sec, 0.637 real sec
[M::process] read chunk (19660800 bytes/CG x 1 CGs, 19660800 bytes)...
[M::mem_process_seqs_merge2] CPE FASTQ formatting done
slave pre done
now n is 84741
processed 84741
[M::mem_process_seqs_merge2] Processed 84741 reads in 0.660 CPU sec, 0.663 real sec
[M::process] read chunk (19660800 bytes/CG x 1 CGs, 19660800 bytes)...
[M::mem_process_seqs_merge2] CPE FASTQ formatting done
slave pre done
now n is 84741
processed 84741
[M::mem_process_seqs_merge2] Processed 84741 reads in 0.640 CPU sec, 0.642 real sec
[M::process] read chunk (19660800 bytes/CG x 1 CGs, 19660800 bytes)...
[M::mem_process_seqs_merge2] CPE FASTQ formatting done
slave pre done
now n is 84741
processed 84741
[M::mem_process_seqs_merge2] Processed 84741 reads in 0.640 CPU sec, 0.643 real sec
[M::process] read chunk (19660800 bytes/CG x 1 CGs, 19660800 bytes)...
[M::mem_process_seqs_merge2] CPE FASTQ formatting done
slave pre done
now n is 84741
processed 84741
[M::mem_process_seqs_merge2] Processed 84741 reads in 0.720 CPU sec, 0.721 real sec
[M::process] read chunk (19660800 bytes/CG x 1 CGs, 19660800 bytes)...
[M::mem_process_seqs_merge2] CPE FASTQ formatting done
slave pre done
now n is 84741
processed 84741
[M::mem_process_seqs_merge2] Processed 84741 reads in 0.710 CPU sec, 0.705 real sec
[M::process] read chunk (19660800 bytes/CG x 1 CGs, 19660800 bytes)...
[M::mem_process_seqs_merge2] CPE FASTQ formatting done
slave pre done
now n is 84741
processed 84741
[M::mem_process_seqs_merge2] Processed 84741 reads in 0.700 CPU sec, 0.702 real sec
[M::process] read chunk (19660800 bytes/CG x 1 CGs, 19660800 bytes)...
[M::mem_process_seqs_merge2] CPE FASTQ formatting done
slave pre done
now n is 84741
processed 84741
[M::mem_process_seqs_merge2] Processed 84741 reads in 1.090 CPU sec, 1.090 real sec
[M::process] read chunk (19660800 bytes/CG x 1 CGs, 19660800 bytes)...
[M::mem_process_seqs_merge2] CPE FASTQ formatting done
slave pre done
now n is 84741
processed 84741
[M::mem_process_seqs_merge2] Processed 84741 reads in 0.760 CPU sec, 0.757 real sec
[M::process] read chunk (19660800 bytes/CG x 1 CGs, 19660800 bytes)...
[M::mem_process_seqs_merge2] CPE FASTQ formatting done
slave pre done
now n is 84741
processed 84741
[M::mem_process_seqs_merge2] Processed 84741 reads in 0.720 CPU sec, 0.720 real sec
[M::process] read chunk (19660800 bytes/CG x 1 CGs, 19660800 bytes)...
[M::mem_process_seqs_merge2] CPE FASTQ formatting done
slave pre done
now n is 84741
processed 84741
[M::mem_process_seqs_merge2] Processed 84741 reads in 0.690 CPU sec, 0.689 real sec
[M::process] read chunk (19660800 bytes/CG x 1 CGs, 19660800 bytes)...
[M::mem_process_seqs_merge2] CPE FASTQ formatting done
slave pre done
now n is 84741
processed 84741
[M::mem_process_seqs_merge2] Processed 84741 reads in 1.230 CPU sec, 1.228 real sec
[M::process] read chunk (19660800 bytes/CG x 1 CGs, 19470600 bytes)...
[M::mem_process_seqs_merge2] CPE FASTQ formatting done
slave pre done
now n is 83925
processed 83925
[M::mem_process_seqs_merge2] Processed 83925 reads in 6.490 CPU sec, 6.487 real sec

====================== SWBWA Output Debug =====================
  MPI rank: 000000 / 000001
  mode:     non-MPI POSIX
  path:     bigdata_results/single_system/has1/ERR1203383_SE.sam

  Output volume
    output buffer capacity                           67108864
    swbwa_output_write calls                        15274680
    submitted SAM bytes                           3590277649
    buffered flushes                                      54
    buffered flush bytes                          3590277649
    direct oversized writes                                0
    direct oversized bytes                                 0

  Buffering
    buffered flush total                        49.424260 s  (54 calls, 915264.079 us/call)

  POSIX file writes
    write system calls                                     54
    write system-call bytes                        3590277649
    POSIX write system calls                    49.424123 s  (54 calls, 915261.537 us/call)
    POSIX write effective bandwidth                69.277 MiB/s

  Output close timing
    POSIX close                                  0.000343 s  (1 calls,   342.952 us/call)
================================================================


======================= SWBWA Timing Report =======================
  Accumulated wall-clock time; indented rows are included in
  their parent row and must not be added to it.

  Pipeline
    total - complete three-stage pipeline                   224.237 s
    stage 1 - allocate and read raw FASTQ blocks             30.316 s
    stage 2 - align reads and generate SAM records          129.112 s
    stage 3 - write SAM and release batch data               64.387 s
      SAM output writes                                        58.907 s
      batch cleanup and loop overhead (derived)                 5.479 s

  Stage 1 input details
    batches completed / stage calls                     178 / 179
    input-buffer and batch allocations                        0.001 s  (357 calls, max 0.000 s)
    aggregate requested allocation bytes           3499625928
    FASTQ fseeko calls                                        0.001 s  (178 calls, max 0.000 s)
    FASTQ fread calls                                        30.300 s  (178 calls, max 0.435 s)
    align chunk ends to FASTQ record boundaries               0.000 s  (177 calls, max 0.000 s)
    scheduler, checks and bookkeeping (derived)               0.014 s
    raw FASTQ bytes read                           3499432200  (3337.319 MiB)
    effective fread bandwidth                        110.142 MiB/s
    slowest allocation                                 0.000 s  (64 bytes)
    slowest fread                                      0.435 s  (R1 offset=2614774620, bytes=19660800)

  Stage 2 worker details
    total - active merge worker                             129.101 s
      part 1 - prepare CPE task and reusable buffers            2.566 s
      part 2 - CPE FASTQ formatting and input release           1.016 s
      part 3 - CPE alignment and SAM length pass              122.864 s
      part 4 - assign slices in the shared SAM buffer           1.095 s
      part 5 - CPE SAM record generation                        1.546 s
      part 6 - release temporary worker data                    0.002 s

  Reserved allocator timers (no active timing sites)
    malloc timer                                              0.000 s
    free timer                                                0.000 s
===================================================================

[main] Version: 0.0.1
[main] CMD: ./SWBWA mem -v 4 -t 1 -1 -o bigdata_results/single_system/has1/ERR1203383_SE.sam -I 170,80,500,1 ../data/GRCh38.d1.vd1.fa ../data/bwa_test_big_data/ERR1203383_1.fastq
