[M::main_mem] mean insert size: 170.000, stddev: 80.000, max: 500, min: 1
[CPE input] bytes_per_cg=19660800 cg_count=1 chunk_bytes=19660800 file_bytes=3795555588
malloc bwt->bwt 3107576584, 0x500002429500
malloc bwt->sa 1553788264, 0x5000bb7c7020
[M::bwa_idx_load_from_disk] read 0 ALT contigs
malloc pac 776894131, 0x500118228940
the input file is ../data/bwa_test_big_data/small_SRR7963242_1.fastq
the output file is bigdata_results/single_system/has1/small_SRR7963242_SE.sam
[M::process] read chunk (19660800 bytes/CG x 1 CGs, 19660800 bytes)...
[M::mem_process_seqs_merge2] CPE FASTQ formatting done
slave pre done
now n is 52969
processed 52969
[M::mem_process_seqs_merge2] Processed 52969 reads in 2.730 CPU sec, 2.732 real sec
[M::process] read chunk (19660800 bytes/CG x 1 CGs, 19660800 bytes)...
[M::mem_process_seqs_merge2] CPE FASTQ formatting done
slave pre done
now n is 52787
processed 52787
[M::mem_process_seqs_merge2] Processed 52787 reads in 1.840 CPU sec, 1.843 real sec
[M::process] read chunk (19660800 bytes/CG x 1 CGs, 19660800 bytes)...
[M::mem_process_seqs_merge2] CPE FASTQ formatting done
slave pre done
now n is 52287
processed 52287
[M::mem_process_seqs_merge2] Processed 52287 reads in 2.010 CPU sec, 2.011 real sec
[M::process] read chunk (19660800 bytes/CG x 1 CGs, 19660800 bytes)...
[M::mem_process_seqs_merge2] CPE FASTQ formatting done
slave pre done
now n is 52287
processed 52287
[M::mem_process_seqs_merge2] Processed 52287 reads in 1.770 CPU sec, 1.764 real sec
[M::process] read chunk (19660800 bytes/CG x 1 CGs, 19660800 bytes)...
[M::mem_process_seqs_merge2] CPE FASTQ formatting done
slave pre done
now n is 52287
processed 52287
[M::mem_process_seqs_merge2] Processed 52287 reads in 1.800 CPU sec, 1.806 real sec
[M::process] read chunk (19660800 bytes/CG x 1 CGs, 19660800 bytes)...
[M::mem_process_seqs_merge2] CPE FASTQ formatting done
slave pre done
now n is 52287
processed 52287
[M::mem_process_seqs_merge2] Processed 52287 reads in 1.680 CPU sec, 1.680 real sec
[M::process] read chunk (19660800 bytes/CG x 1 CGs, 19660800 bytes)...
[M::mem_process_seqs_merge2] CPE FASTQ formatting done
slave pre done
now n is 52287
processed 52287
[M::mem_process_seqs_merge2] Processed 52287 reads in 1.420 CPU sec, 1.420 real sec
[M::process] read chunk (19660800 bytes/CG x 1 CGs, 19660800 bytes)...
[M::mem_process_seqs_merge2] CPE FASTQ formatting done
slave pre done
now n is 52287
processed 52287
[M::mem_process_seqs_merge2] Processed 52287 reads in 1.450 CPU sec, 1.453 real sec
[M::process] read chunk (19660800 bytes/CG x 1 CGs, 19660800 bytes)...
[M::mem_process_seqs_merge2] CPE FASTQ formatting done
slave pre done
now n is 52287
processed 52287
[M::mem_process_seqs_merge2] Processed 52287 reads in 1.390 CPU sec, 1.389 real sec
[M::process] read chunk (19660800 bytes/CG x 1 CGs, 19660800 bytes)...
[M::mem_process_seqs_merge2] CPE FASTQ formatting done
slave pre done
now n is 52287
processed 52287
[M::mem_process_seqs_merge2] Processed 52287 reads in 1.440 CPU sec, 1.440 real sec
[M::process] read chunk (19660800 bytes/CG x 1 CGs, 19660800 bytes)...
[M::mem_process_seqs_merge2] CPE FASTQ formatting done
slave pre done
now n is 52287
processed 52287
[M::mem_process_seqs_merge2] Processed 52287 reads in 1.520 CPU sec, 1.518 real sec
[M::process] read chunk (19660800 bytes/CG x 1 CGs, 19660800 bytes)...
[M::mem_process_seqs_merge2] CPE FASTQ formatting done
slave pre done
now n is 52287
processed 52287
[M::mem_process_seqs_merge2] Processed 52287 reads in 1.480 CPU sec, 1.474 real sec
[M::process] read chunk (19660800 bytes/CG x 1 CGs, 19660800 bytes)...
[M::mem_process_seqs_merge2] CPE FASTQ formatting done
slave pre done
now n is 52287
processed 52287
[M::mem_process_seqs_merge2] Processed 52287 reads in 1.460 CPU sec, 1.460 real sec
[M::process] read chunk (19660800 bytes/CG x 1 CGs, 19660800 bytes)...
[M::mem_process_seqs_merge2] CPE FASTQ formatting done
slave pre done
now n is 52287
processed 52287
[M::mem_process_seqs_merge2] Processed 52287 reads in 1.450 CPU sec, 1.445 real sec
[M::process] read chunk (19660800 bytes/CG x 1 CGs, 19660800 bytes)...
[M::mem_process_seqs_merge2] CPE FASTQ formatting done
slave pre done
now n is 52287
processed 52287
[M::mem_process_seqs_merge2] Processed 52287 reads in 1.370 CPU sec, 1.375 real sec
[M::process] read chunk (19660800 bytes/CG x 1 CGs, 19660800 bytes)...
[M::mem_process_seqs_merge2] CPE FASTQ formatting done
slave pre done
now n is 52287
processed 52287
[M::mem_process_seqs_merge2] Processed 52287 reads in 1.490 CPU sec, 1.486 real sec
[M::process] read chunk (19660800 bytes/CG x 1 CGs, 19660800 bytes)...
[M::mem_process_seqs_merge2] CPE FASTQ formatting done
slave pre done
now n is 52287
processed 52287
[M::mem_process_seqs_merge2] Processed 52287 reads in 1.450 CPU sec, 1.459 real sec
[M::process] read chunk (19660800 bytes/CG x 1 CGs, 19660800 bytes)...
[M::mem_process_seqs_merge2] CPE FASTQ formatting done
slave pre done
now n is 52287
processed 52287
[M::mem_process_seqs_merge2] Processed 52287 reads in 1.390 CPU sec, 1.390 real sec
[M::process] read chunk (19660800 bytes/CG x 1 CGs, 19660800 bytes)...
[M::mem_process_seqs_merge2] CPE FASTQ formatting done
slave pre done
now n is 52287
processed 52287
[M::mem_process_seqs_merge2] Processed 52287 reads in 1.400 CPU sec, 1.399 real sec
[M::process] read chunk (19660800 bytes/CG x 1 CGs, 19660800 bytes)...
[M::mem_process_seqs_merge2] CPE FASTQ formatting done
slave pre done
now n is 51793
processed 51793
[M::mem_process_seqs_merge2] Processed 51793 reads in 1.400 CPU sec, 1.409 real sec
[M::process] read chunk (19660800 bytes/CG x 1 CGs, 19660800 bytes)...
[M::mem_process_seqs_merge2] CPE FASTQ formatting done
slave pre done
now n is 51737
processed 51737
[M::mem_process_seqs_merge2] Processed 51737 reads in 1.310 CPU sec, 1.311 real sec
[M::process] read chunk (19660800 bytes/CG x 1 CGs, 19660800 bytes)...
[M::mem_process_seqs_merge2] CPE FASTQ formatting done
slave pre done
now n is 51737
processed 51737
[M::mem_process_seqs_merge2] Processed 51737 reads in 1.350 CPU sec, 1.347 real sec
[M::process] read chunk (19660800 bytes/CG x 1 CGs, 19660800 bytes)...
[M::mem_process_seqs_merge2] CPE FASTQ formatting done
slave pre done
now n is 51737
processed 51737
[M::mem_process_seqs_merge2] Processed 51737 reads in 1.350 CPU sec, 1.346 real sec
[M::process] read chunk (19660800 bytes/CG x 1 CGs, 19660800 bytes)...
[M::mem_process_seqs_merge2] CPE FASTQ formatting done
slave pre done
now n is 51737
processed 51737
[M::mem_process_seqs_merge2] Processed 51737 reads in 1.380 CPU sec, 1.373 real sec
[M::process] read chunk (19660800 bytes/CG x 1 CGs, 19660800 bytes)...
[M::mem_process_seqs_merge2] CPE FASTQ formatting done
slave pre done
now n is 51737
processed 51737
[M::mem_process_seqs_merge2] Processed 51737 reads in 1.380 CPU sec, 1.382 real sec
[M::process] read chunk (19660800 bytes/CG x 1 CGs, 19660800 bytes)...
[M::mem_process_seqs_merge2] CPE FASTQ formatting done
slave pre done
now n is 51737
processed 51737
[M::mem_process_seqs_merge2] Processed 51737 reads in 1.410 CPU sec, 1.413 real sec
[M::process] read chunk (19660800 bytes/CG x 1 CGs, 19660800 bytes)...
[M::mem_process_seqs_merge2] CPE FASTQ formatting done
slave pre done
now n is 51737
processed 51737
[M::mem_process_seqs_merge2] Processed 51737 reads in 1.420 CPU sec, 1.425 real sec
[M::process] read chunk (19660800 bytes/CG x 1 CGs, 19660800 bytes)...
[M::mem_process_seqs_merge2] CPE FASTQ formatting done
slave pre done
now n is 51737
processed 51737
[M::mem_process_seqs_merge2] Processed 51737 reads in 1.420 CPU sec, 1.419 real sec
[M::process] read chunk (19660800 bytes/CG x 1 CGs, 19660800 bytes)...
[M::mem_process_seqs_merge2] CPE FASTQ formatting done
slave pre done
now n is 51737
processed 51737
[M::mem_process_seqs_merge2] Processed 51737 reads in 1.330 CPU sec, 1.337 real sec
[M::process] read chunk (19660800 bytes/CG x 1 CGs, 19660800 bytes)...
[M::mem_process_seqs_merge2] CPE FASTQ formatting done
slave pre done
now n is 51737
processed 51737
[M::mem_process_seqs_merge2] Processed 51737 reads in 1.420 CPU sec, 1.423 real sec
[M::process] read chunk (19660800 bytes/CG x 1 CGs, 19660800 bytes)...
[M::mem_process_seqs_merge2] CPE FASTQ formatting done
slave pre done
now n is 51737
processed 51737
[M::mem_process_seqs_merge2] Processed 51737 reads in 1.350 CPU sec, 1.354 real sec
[M::process] read chunk (19660800 bytes/CG x 1 CGs, 19660800 bytes)...
[M::mem_process_seqs_merge2] CPE FASTQ formatting done
slave pre done
now n is 51737
processed 51737
[M::mem_process_seqs_merge2] Processed 51737 reads in 1.420 CPU sec, 1.421 real sec
[M::process] read chunk (19660800 bytes/CG x 1 CGs, 19660800 bytes)...
[M::mem_process_seqs_merge2] CPE FASTQ formatting done
slave pre done
now n is 51737
processed 51737
[M::mem_process_seqs_merge2] Processed 51737 reads in 1.340 CPU sec, 1.338 real sec
[M::process] read chunk (19660800 bytes/CG x 1 CGs, 19660800 bytes)...
[M::mem_process_seqs_merge2] CPE FASTQ formatting done
slave pre done
now n is 51737
processed 51737
[M::mem_process_seqs_merge2] Processed 51737 reads in 1.370 CPU sec, 1.376 real sec
[M::process] read chunk (19660800 bytes/CG x 1 CGs, 19660800 bytes)...
[M::mem_process_seqs_merge2] CPE FASTQ formatting done
slave pre done
now n is 51737
processed 51737
[M::mem_process_seqs_merge2] Processed 51737 reads in 1.390 CPU sec, 1.393 real sec
[M::process] read chunk (19660800 bytes/CG x 1 CGs, 19660800 bytes)...
[M::mem_process_seqs_merge2] CPE FASTQ formatting done
slave pre done
now n is 51737
processed 51737
[M::mem_process_seqs_merge2] Processed 51737 reads in 1.360 CPU sec, 1.365 real sec
[M::process] read chunk (19660800 bytes/CG x 1 CGs, 19660800 bytes)...
[M::mem_process_seqs_merge2] CPE FASTQ formatting done
slave pre done
now n is 51737
processed 51737
[M::mem_process_seqs_merge2] Processed 51737 reads in 1.380 CPU sec, 1.380 real sec
[M::process] read chunk (19660800 bytes/CG x 1 CGs, 19660800 bytes)...
[M::mem_process_seqs_merge2] CPE FASTQ formatting done
slave pre done
now n is 51737
processed 51737
[M::mem_process_seqs_merge2] Processed 51737 reads in 1.380 CPU sec, 1.384 real sec
[M::process] read chunk (19660800 bytes/CG x 1 CGs, 19660800 bytes)...
[M::mem_process_seqs_merge2] CPE FASTQ formatting done
slave pre done
now n is 51737
processed 51737
[M::mem_process_seqs_merge2] Processed 51737 reads in 1.430 CPU sec, 1.423 real sec
[M::process] read chunk (19660800 bytes/CG x 1 CGs, 19660800 bytes)...
[M::mem_process_seqs_merge2] CPE FASTQ formatting done
slave pre done
now n is 51737
processed 51737
[M::mem_process_seqs_merge2] Processed 51737 reads in 1.370 CPU sec, 1.376 real sec
[M::process] read chunk (19660800 bytes/CG x 1 CGs, 19660800 bytes)...
[M::mem_process_seqs_merge2] CPE FASTQ formatting done
slave pre done
now n is 51737
processed 51737
[M::mem_process_seqs_merge2] Processed 51737 reads in 1.460 CPU sec, 1.464 real sec
[M::process] read chunk (19660800 bytes/CG x 1 CGs, 19660800 bytes)...
[M::mem_process_seqs_merge2] CPE FASTQ formatting done
slave pre done
now n is 51737
processed 51737
[M::mem_process_seqs_merge2] Processed 51737 reads in 1.380 CPU sec, 1.386 real sec
[M::process] read chunk (19660800 bytes/CG x 1 CGs, 19660800 bytes)...
[M::mem_process_seqs_merge2] CPE FASTQ formatting done
slave pre done
now n is 51737
processed 51737
[M::mem_process_seqs_merge2] Processed 51737 reads in 1.430 CPU sec, 1.425 real sec
[M::process] read chunk (19660800 bytes/CG x 1 CGs, 19660800 bytes)...
[M::mem_process_seqs_merge2] CPE FASTQ formatting done
slave pre done
now n is 51737
processed 51737
[M::mem_process_seqs_merge2] Processed 51737 reads in 1.370 CPU sec, 1.369 real sec
[M::process] read chunk (19660800 bytes/CG x 1 CGs, 19660800 bytes)...
[M::mem_process_seqs_merge2] CPE FASTQ formatting done
slave pre done
now n is 51737
processed 51737
[M::mem_process_seqs_merge2] Processed 51737 reads in 1.320 CPU sec, 1.322 real sec
[M::process] read chunk (19660800 bytes/CG x 1 CGs, 19660800 bytes)...
[M::mem_process_seqs_merge2] CPE FASTQ formatting done
slave pre done
now n is 51737
processed 51737
[M::mem_process_seqs_merge2] Processed 51737 reads in 1.360 CPU sec, 1.354 real sec
[M::process] read chunk (19660800 bytes/CG x 1 CGs, 19660800 bytes)...
[M::mem_process_seqs_merge2] CPE FASTQ formatting done
slave pre done
now n is 51737
processed 51737
[M::mem_process_seqs_merge2] Processed 51737 reads in 1.410 CPU sec, 1.415 real sec
[M::process] read chunk (19660800 bytes/CG x 1 CGs, 19660800 bytes)...
[M::mem_process_seqs_merge2] CPE FASTQ formatting done
slave pre done
now n is 51737
processed 51737
[M::mem_process_seqs_merge2] Processed 51737 reads in 1.400 CPU sec, 1.402 real sec
[M::process] read chunk (19660800 bytes/CG x 1 CGs, 19660800 bytes)...
[M::mem_process_seqs_merge2] CPE FASTQ formatting done
slave pre done
now n is 51737
processed 51737
[M::mem_process_seqs_merge2] Processed 51737 reads in 1.400 CPU sec, 1.409 real sec
[M::process] read chunk (19660800 bytes/CG x 1 CGs, 19660800 bytes)...
[M::mem_process_seqs_merge2] CPE FASTQ formatting done
slave pre done
now n is 51737
processed 51737
[M::mem_process_seqs_merge2] Processed 51737 reads in 1.370 CPU sec, 1.374 real sec
[M::process] read chunk (19660800 bytes/CG x 1 CGs, 19660800 bytes)...
[M::mem_process_seqs_merge2] CPE FASTQ formatting done
slave pre done
now n is 51737
processed 51737
[M::mem_process_seqs_merge2] Processed 51737 reads in 1.440 CPU sec, 1.442 real sec
[M::process] read chunk (19660800 bytes/CG x 1 CGs, 19660800 bytes)...
[M::mem_process_seqs_merge2] CPE FASTQ formatting done
slave pre done
now n is 51737
processed 51737
[M::mem_process_seqs_merge2] Processed 51737 reads in 1.370 CPU sec, 1.368 real sec
[M::process] read chunk (19660800 bytes/CG x 1 CGs, 19660800 bytes)...
[M::mem_process_seqs_merge2] CPE FASTQ formatting done
slave pre done
now n is 51737
processed 51737
[M::mem_process_seqs_merge2] Processed 51737 reads in 1.500 CPU sec, 1.496 real sec
[M::process] read chunk (19660800 bytes/CG x 1 CGs, 19660800 bytes)...
[M::mem_process_seqs_merge2] CPE FASTQ formatting done
slave pre done
now n is 51737
processed 51737
[M::mem_process_seqs_merge2] Processed 51737 reads in 1.470 CPU sec, 1.469 real sec
[M::process] read chunk (19660800 bytes/CG x 1 CGs, 19660800 bytes)...
[M::mem_process_seqs_merge2] CPE FASTQ formatting done
slave pre done
now n is 51737
processed 51737
[M::mem_process_seqs_merge2] Processed 51737 reads in 1.420 CPU sec, 1.420 real sec
[M::process] read chunk (19660800 bytes/CG x 1 CGs, 19660800 bytes)...
[M::mem_process_seqs_merge2] CPE FASTQ formatting done
slave pre done
now n is 51737
processed 51737
[M::mem_process_seqs_merge2] Processed 51737 reads in 1.360 CPU sec, 1.362 real sec
[M::process] read chunk (19660800 bytes/CG x 1 CGs, 19660800 bytes)...
[M::mem_process_seqs_merge2] CPE FASTQ formatting done
slave pre done
now n is 51737
processed 51737
[M::mem_process_seqs_merge2] Processed 51737 reads in 1.430 CPU sec, 1.436 real sec
[M::process] read chunk (19660800 bytes/CG x 1 CGs, 19660800 bytes)...
[M::mem_process_seqs_merge2] CPE FASTQ formatting done
slave pre done
now n is 51737
processed 51737
[M::mem_process_seqs_merge2] Processed 51737 reads in 1.510 CPU sec, 1.512 real sec
[M::process] read chunk (19660800 bytes/CG x 1 CGs, 19660800 bytes)...
[M::mem_process_seqs_merge2] CPE FASTQ formatting done
slave pre done
now n is 51737
processed 51737
[M::mem_process_seqs_merge2] Processed 51737 reads in 1.430 CPU sec, 1.428 real sec
[M::process] read chunk (19660800 bytes/CG x 1 CGs, 19660800 bytes)...
[M::mem_process_seqs_merge2] CPE FASTQ formatting done
slave pre done
now n is 51737
processed 51737
[M::mem_process_seqs_merge2] Processed 51737 reads in 1.470 CPU sec, 1.474 real sec
[M::process] read chunk (19660800 bytes/CG x 1 CGs, 19660800 bytes)...
[M::mem_process_seqs_merge2] CPE FASTQ formatting done
slave pre done
now n is 51737
processed 51737
[M::mem_process_seqs_merge2] Processed 51737 reads in 1.490 CPU sec, 1.487 real sec
[M::process] read chunk (19660800 bytes/CG x 1 CGs, 19660800 bytes)...
[M::mem_process_seqs_merge2] CPE FASTQ formatting done
slave pre done
now n is 51737
processed 51737
[M::mem_process_seqs_merge2] Processed 51737 reads in 1.700 CPU sec, 1.697 real sec
[M::process] read chunk (19660800 bytes/CG x 1 CGs, 19660800 bytes)...
[M::mem_process_seqs_merge2] CPE FASTQ formatting done
slave pre done
now n is 51737
processed 51737
[M::mem_process_seqs_merge2] Processed 51737 reads in 1.330 CPU sec, 1.333 real sec
[M::process] read chunk (19660800 bytes/CG x 1 CGs, 19660800 bytes)...
[M::mem_process_seqs_merge2] CPE FASTQ formatting done
slave pre done
now n is 51737
processed 51737
[M::mem_process_seqs_merge2] Processed 51737 reads in 1.480 CPU sec, 1.475 real sec
[M::process] read chunk (19660800 bytes/CG x 1 CGs, 19660800 bytes)...
[M::mem_process_seqs_merge2] CPE FASTQ formatting done
slave pre done
now n is 51737
processed 51737
[M::mem_process_seqs_merge2] Processed 51737 reads in 1.420 CPU sec, 1.419 real sec
[M::process] read chunk (19660800 bytes/CG x 1 CGs, 19660800 bytes)...
[M::mem_process_seqs_merge2] CPE FASTQ formatting done
slave pre done
now n is 51737
processed 51737
[M::mem_process_seqs_merge2] Processed 51737 reads in 1.610 CPU sec, 1.614 real sec
[M::process] read chunk (19660800 bytes/CG x 1 CGs, 19660800 bytes)...
[M::mem_process_seqs_merge2] CPE FASTQ formatting done
slave pre done
now n is 51737
processed 51737
[M::mem_process_seqs_merge2] Processed 51737 reads in 1.460 CPU sec, 1.453 real sec
[M::process] read chunk (19660800 bytes/CG x 1 CGs, 19660800 bytes)...
[M::mem_process_seqs_merge2] CPE FASTQ formatting done
slave pre done
now n is 51737
processed 51737
[M::mem_process_seqs_merge2] Processed 51737 reads in 1.380 CPU sec, 1.381 real sec
[M::process] read chunk (19660800 bytes/CG x 1 CGs, 19660800 bytes)...
[M::mem_process_seqs_merge2] CPE FASTQ formatting done
slave pre done
now n is 51737
processed 51737
[M::mem_process_seqs_merge2] Processed 51737 reads in 1.410 CPU sec, 1.408 real sec
[M::process] read chunk (19660800 bytes/CG x 1 CGs, 19660800 bytes)...
[M::mem_process_seqs_merge2] CPE FASTQ formatting done
slave pre done
now n is 51737
processed 51737
[M::mem_process_seqs_merge2] Processed 51737 reads in 1.360 CPU sec, 1.358 real sec
[M::process] read chunk (19660800 bytes/CG x 1 CGs, 19660800 bytes)...
[M::mem_process_seqs_merge2] CPE FASTQ formatting done
slave pre done
now n is 51737
processed 51737
[M::mem_process_seqs_merge2] Processed 51737 reads in 1.450 CPU sec, 1.449 real sec
[M::process] read chunk (19660800 bytes/CG x 1 CGs, 19660800 bytes)...
[M::mem_process_seqs_merge2] CPE FASTQ formatting done
slave pre done
now n is 51737
processed 51737
[M::mem_process_seqs_merge2] Processed 51737 reads in 1.750 CPU sec, 1.744 real sec
[M::process] read chunk (19660800 bytes/CG x 1 CGs, 19660800 bytes)...
[M::mem_process_seqs_merge2] CPE FASTQ formatting done
slave pre done
now n is 51737
processed 51737
[M::mem_process_seqs_merge2] Processed 51737 reads in 1.360 CPU sec, 1.362 real sec
[M::process] read chunk (19660800 bytes/CG x 1 CGs, 19660800 bytes)...
[M::mem_process_seqs_merge2] CPE FASTQ formatting done
slave pre done
now n is 51737
processed 51737
[M::mem_process_seqs_merge2] Processed 51737 reads in 1.420 CPU sec, 1.423 real sec
[M::process] read chunk (19660800 bytes/CG x 1 CGs, 19660800 bytes)...
[M::mem_process_seqs_merge2] CPE FASTQ formatting done
slave pre done
now n is 51737
processed 51737
[M::mem_process_seqs_merge2] Processed 51737 reads in 1.440 CPU sec, 1.440 real sec
[M::process] read chunk (19660800 bytes/CG x 1 CGs, 19660800 bytes)...
[M::mem_process_seqs_merge2] CPE FASTQ formatting done
slave pre done
now n is 51737
processed 51737
[M::mem_process_seqs_merge2] Processed 51737 reads in 1.360 CPU sec, 1.364 real sec
[M::process] read chunk (19660800 bytes/CG x 1 CGs, 19660800 bytes)...
[M::mem_process_seqs_merge2] CPE FASTQ formatting done
slave pre done
now n is 51737
processed 51737
[M::mem_process_seqs_merge2] Processed 51737 reads in 1.420 CPU sec, 1.420 real sec
[M::process] read chunk (19660800 bytes/CG x 1 CGs, 19660800 bytes)...
[M::mem_process_seqs_merge2] CPE FASTQ formatting done
slave pre done
now n is 51737
processed 51737
[M::mem_process_seqs_merge2] Processed 51737 reads in 1.520 CPU sec, 1.514 real sec
[M::process] read chunk (19660800 bytes/CG x 1 CGs, 19660800 bytes)...
[M::mem_process_seqs_merge2] CPE FASTQ formatting done
slave pre done
now n is 51737
processed 51737
[M::mem_process_seqs_merge2] Processed 51737 reads in 1.440 CPU sec, 1.441 real sec
[M::process] read chunk (19660800 bytes/CG x 1 CGs, 19660800 bytes)...
[M::mem_process_seqs_merge2] CPE FASTQ formatting done
slave pre done
now n is 51737
processed 51737
[M::mem_process_seqs_merge2] Processed 51737 reads in 1.430 CPU sec, 1.431 real sec
[M::process] read chunk (19660800 bytes/CG x 1 CGs, 19660800 bytes)...
[M::mem_process_seqs_merge2] CPE FASTQ formatting done
slave pre done
now n is 51737
processed 51737
[M::mem_process_seqs_merge2] Processed 51737 reads in 1.410 CPU sec, 1.406 real sec
[M::process] read chunk (19660800 bytes/CG x 1 CGs, 19660800 bytes)...
[M::mem_process_seqs_merge2] CPE FASTQ formatting done
slave pre done
now n is 51737
processed 51737
[M::mem_process_seqs_merge2] Processed 51737 reads in 1.410 CPU sec, 1.407 real sec
[M::process] read chunk (19660800 bytes/CG x 1 CGs, 19660800 bytes)...
[M::mem_process_seqs_merge2] CPE FASTQ formatting done
slave pre done
now n is 51737
processed 51737
[M::mem_process_seqs_merge2] Processed 51737 reads in 1.390 CPU sec, 1.386 real sec
[M::process] read chunk (19660800 bytes/CG x 1 CGs, 19660800 bytes)...
[M::mem_process_seqs_merge2] CPE FASTQ formatting done
slave pre done
now n is 51737
processed 51737
[M::mem_process_seqs_merge2] Processed 51737 reads in 1.360 CPU sec, 1.362 real sec
[M::process] read chunk (19660800 bytes/CG x 1 CGs, 19660800 bytes)...
[M::mem_process_seqs_merge2] CPE FASTQ formatting done
slave pre done
now n is 51737
processed 51737
[M::mem_process_seqs_merge2] Processed 51737 reads in 1.380 CPU sec, 1.375 real sec
[M::process] read chunk (19660800 bytes/CG x 1 CGs, 19660800 bytes)...
[M::mem_process_seqs_merge2] CPE FASTQ formatting done
slave pre done
now n is 51737
processed 51737
[M::mem_process_seqs_merge2] Processed 51737 reads in 1.410 CPU sec, 1.407 real sec
[M::process] read chunk (19660800 bytes/CG x 1 CGs, 19660800 bytes)...
[M::mem_process_seqs_merge2] CPE FASTQ formatting done
slave pre done
now n is 51737
processed 51737
[M::mem_process_seqs_merge2] Processed 51737 reads in 1.370 CPU sec, 1.365 real sec
[M::process] read chunk (19660800 bytes/CG x 1 CGs, 19660800 bytes)...
[M::mem_process_seqs_merge2] CPE FASTQ formatting done
slave pre done
now n is 51737
processed 51737
[M::mem_process_seqs_merge2] Processed 51737 reads in 1.390 CPU sec, 1.391 real sec
[M::process] read chunk (19660800 bytes/CG x 1 CGs, 19660800 bytes)...
[M::mem_process_seqs_merge2] CPE FASTQ formatting done
slave pre done
now n is 51737
processed 51737
[M::mem_process_seqs_merge2] Processed 51737 reads in 1.390 CPU sec, 1.389 real sec
[M::process] read chunk (19660800 bytes/CG x 1 CGs, 19660800 bytes)...
[M::mem_process_seqs_merge2] CPE FASTQ formatting done
slave pre done
now n is 51737
processed 51737
[M::mem_process_seqs_merge2] Processed 51737 reads in 1.410 CPU sec, 1.405 real sec
[M::process] read chunk (19660800 bytes/CG x 1 CGs, 19660800 bytes)...
[M::mem_process_seqs_merge2] CPE FASTQ formatting done
slave pre done
now n is 51737
processed 51737
[M::mem_process_seqs_merge2] Processed 51737 reads in 1.320 CPU sec, 1.322 real sec
[M::process] read chunk (19660800 bytes/CG x 1 CGs, 19660800 bytes)...
[M::mem_process_seqs_merge2] CPE FASTQ formatting done
slave pre done
now n is 51737
processed 51737
[M::mem_process_seqs_merge2] Processed 51737 reads in 1.400 CPU sec, 1.398 real sec
[M::process] read chunk (19660800 bytes/CG x 1 CGs, 19660800 bytes)...
[M::mem_process_seqs_merge2] CPE FASTQ formatting done
slave pre done
now n is 51737
processed 51737
[M::mem_process_seqs_merge2] Processed 51737 reads in 1.430 CPU sec, 1.437 real sec
[M::process] read chunk (19660800 bytes/CG x 1 CGs, 19660800 bytes)...
[M::mem_process_seqs_merge2] CPE FASTQ formatting done
slave pre done
now n is 51737
processed 51737
[M::mem_process_seqs_merge2] Processed 51737 reads in 1.450 CPU sec, 1.451 real sec
[M::process] read chunk (19660800 bytes/CG x 1 CGs, 19660800 bytes)...
[M::mem_process_seqs_merge2] CPE FASTQ formatting done
slave pre done
now n is 51737
processed 51737
[M::mem_process_seqs_merge2] Processed 51737 reads in 1.470 CPU sec, 1.474 real sec
[M::process] read chunk (19660800 bytes/CG x 1 CGs, 19660800 bytes)...
[M::mem_process_seqs_merge2] CPE FASTQ formatting done
slave pre done
now n is 51737
processed 51737
[M::mem_process_seqs_merge2] Processed 51737 reads in 1.470 CPU sec, 1.475 real sec
[M::process] read chunk (19660800 bytes/CG x 1 CGs, 19660800 bytes)...
[M::mem_process_seqs_merge2] CPE FASTQ formatting done
slave pre done
now n is 51737
processed 51737
[M::mem_process_seqs_merge2] Processed 51737 reads in 1.460 CPU sec, 1.463 real sec
[M::process] read chunk (19660800 bytes/CG x 1 CGs, 19660800 bytes)...
[M::mem_process_seqs_merge2] CPE FASTQ formatting done
slave pre done
now n is 51737
processed 51737
[M::mem_process_seqs_merge2] Processed 51737 reads in 1.430 CPU sec, 1.426 real sec
[M::process] read chunk (19660800 bytes/CG x 1 CGs, 19660800 bytes)...
[M::mem_process_seqs_merge2] CPE FASTQ formatting done
slave pre done
now n is 51737
processed 51737
[M::mem_process_seqs_merge2] Processed 51737 reads in 1.430 CPU sec, 1.432 real sec
[M::process] read chunk (19660800 bytes/CG x 1 CGs, 19660800 bytes)...
[M::mem_process_seqs_merge2] CPE FASTQ formatting done
slave pre done
now n is 51737
processed 51737
[M::mem_process_seqs_merge2] Processed 51737 reads in 1.450 CPU sec, 1.447 real sec
[M::process] read chunk (19660800 bytes/CG x 1 CGs, 19660800 bytes)...
[M::mem_process_seqs_merge2] CPE FASTQ formatting done
slave pre done
now n is 51737
processed 51737
[M::mem_process_seqs_merge2] Processed 51737 reads in 1.380 CPU sec, 1.383 real sec
[M::process] read chunk (19660800 bytes/CG x 1 CGs, 19660800 bytes)...
[M::mem_process_seqs_merge2] CPE FASTQ formatting done
slave pre done
now n is 51737
processed 51737
[M::mem_process_seqs_merge2] Processed 51737 reads in 1.360 CPU sec, 1.359 real sec
[M::process] read chunk (19660800 bytes/CG x 1 CGs, 19660800 bytes)...
[M::mem_process_seqs_merge2] CPE FASTQ formatting done
slave pre done
now n is 51737
processed 51737
[M::mem_process_seqs_merge2] Processed 51737 reads in 1.460 CPU sec, 1.467 real sec
[M::process] read chunk (19660800 bytes/CG x 1 CGs, 19660800 bytes)...
[M::mem_process_seqs_merge2] CPE FASTQ formatting done
slave pre done
now n is 51737
processed 51737
[M::mem_process_seqs_merge2] Processed 51737 reads in 1.390 CPU sec, 1.388 real sec
[M::process] read chunk (19660800 bytes/CG x 1 CGs, 19660800 bytes)...
[M::mem_process_seqs_merge2] CPE FASTQ formatting done
slave pre done
now n is 51737
processed 51737
[M::mem_process_seqs_merge2] Processed 51737 reads in 1.510 CPU sec, 1.502 real sec
[M::process] read chunk (19660800 bytes/CG x 1 CGs, 19660800 bytes)...
[M::mem_process_seqs_merge2] CPE FASTQ formatting done
slave pre done
now n is 51737
processed 51737
[M::mem_process_seqs_merge2] Processed 51737 reads in 1.430 CPU sec, 1.424 real sec
[M::process] read chunk (19660800 bytes/CG x 1 CGs, 19660800 bytes)...
[M::mem_process_seqs_merge2] CPE FASTQ formatting done
slave pre done
now n is 51737
processed 51737
[M::mem_process_seqs_merge2] Processed 51737 reads in 1.360 CPU sec, 1.367 real sec
[M::process] read chunk (19660800 bytes/CG x 1 CGs, 19660800 bytes)...
[M::mem_process_seqs_merge2] CPE FASTQ formatting done
slave pre done
now n is 51737
processed 51737
[M::mem_process_seqs_merge2] Processed 51737 reads in 1.420 CPU sec, 1.419 real sec
[M::process] read chunk (19660800 bytes/CG x 1 CGs, 19660800 bytes)...
[M::mem_process_seqs_merge2] CPE FASTQ formatting done
slave pre done
now n is 51737
processed 51737
[M::mem_process_seqs_merge2] Processed 51737 reads in 1.440 CPU sec, 1.436 real sec
[M::process] read chunk (19660800 bytes/CG x 1 CGs, 19660800 bytes)...
[M::mem_process_seqs_merge2] CPE FASTQ formatting done
slave pre done
now n is 51737
processed 51737
[M::mem_process_seqs_merge2] Processed 51737 reads in 1.370 CPU sec, 1.367 real sec
[M::process] read chunk (19660800 bytes/CG x 1 CGs, 19660800 bytes)...
[M::mem_process_seqs_merge2] CPE FASTQ formatting done
slave pre done
now n is 51737
processed 51737
[M::mem_process_seqs_merge2] Processed 51737 reads in 1.490 CPU sec, 1.492 real sec
[M::process] read chunk (19660800 bytes/CG x 1 CGs, 19660800 bytes)...
[M::mem_process_seqs_merge2] CPE FASTQ formatting done
slave pre done
now n is 51737
processed 51737
[M::mem_process_seqs_merge2] Processed 51737 reads in 1.380 CPU sec, 1.381 real sec
[M::process] read chunk (19660800 bytes/CG x 1 CGs, 19660800 bytes)...
[M::mem_process_seqs_merge2] CPE FASTQ formatting done
slave pre done
now n is 51737
processed 51737
[M::mem_process_seqs_merge2] Processed 51737 reads in 1.380 CPU sec, 1.376 real sec
[M::process] read chunk (19660800 bytes/CG x 1 CGs, 19660800 bytes)...
[M::mem_process_seqs_merge2] CPE FASTQ formatting done
slave pre done
now n is 51737
processed 51737
[M::mem_process_seqs_merge2] Processed 51737 reads in 1.430 CPU sec, 1.426 real sec
[M::process] read chunk (19660800 bytes/CG x 1 CGs, 19660800 bytes)...
[M::mem_process_seqs_merge2] CPE FASTQ formatting done
slave pre done
now n is 51737
processed 51737
[M::mem_process_seqs_merge2] Processed 51737 reads in 1.400 CPU sec, 1.401 real sec
[M::process] read chunk (19660800 bytes/CG x 1 CGs, 19660800 bytes)...
[M::mem_process_seqs_merge2] CPE FASTQ formatting done
slave pre done
now n is 51737
processed 51737
[M::mem_process_seqs_merge2] Processed 51737 reads in 1.460 CPU sec, 1.459 real sec
[M::process] read chunk (19660800 bytes/CG x 1 CGs, 19660800 bytes)...
[M::mem_process_seqs_merge2] CPE FASTQ formatting done
slave pre done
now n is 51737
processed 51737
[M::mem_process_seqs_merge2] Processed 51737 reads in 1.410 CPU sec, 1.409 real sec
[M::process] read chunk (19660800 bytes/CG x 1 CGs, 19660800 bytes)...
[M::mem_process_seqs_merge2] CPE FASTQ formatting done
slave pre done
now n is 51737
processed 51737
[M::mem_process_seqs_merge2] Processed 51737 reads in 1.420 CPU sec, 1.417 real sec
[M::process] read chunk (19660800 bytes/CG x 1 CGs, 19660800 bytes)...
[M::mem_process_seqs_merge2] CPE FASTQ formatting done
slave pre done
now n is 51737
processed 51737
[M::mem_process_seqs_merge2] Processed 51737 reads in 1.510 CPU sec, 1.509 real sec
[M::process] read chunk (19660800 bytes/CG x 1 CGs, 19660800 bytes)...
[M::mem_process_seqs_merge2] CPE FASTQ formatting done
slave pre done
now n is 51737
processed 51737
[M::mem_process_seqs_merge2] Processed 51737 reads in 1.490 CPU sec, 1.485 real sec
[M::process] read chunk (19660800 bytes/CG x 1 CGs, 19660800 bytes)...
[M::mem_process_seqs_merge2] CPE FASTQ formatting done
slave pre done
now n is 51737
processed 51737
[M::mem_process_seqs_merge2] Processed 51737 reads in 1.430 CPU sec, 1.429 real sec
[M::process] read chunk (19660800 bytes/CG x 1 CGs, 19660800 bytes)...
[M::mem_process_seqs_merge2] CPE FASTQ formatting done
slave pre done
now n is 51737
processed 51737
[M::mem_process_seqs_merge2] Processed 51737 reads in 1.430 CPU sec, 1.430 real sec
[M::process] read chunk (19660800 bytes/CG x 1 CGs, 19660800 bytes)...
[M::mem_process_seqs_merge2] CPE FASTQ formatting done
slave pre done
now n is 51737
processed 51737
[M::mem_process_seqs_merge2] Processed 51737 reads in 1.460 CPU sec, 1.457 real sec
[M::process] read chunk (19660800 bytes/CG x 1 CGs, 19660800 bytes)...
[M::mem_process_seqs_merge2] CPE FASTQ formatting done
slave pre done
now n is 51737
processed 51737
[M::mem_process_seqs_merge2] Processed 51737 reads in 1.420 CPU sec, 1.427 real sec
[M::process] read chunk (19660800 bytes/CG x 1 CGs, 19660800 bytes)...
[M::mem_process_seqs_merge2] CPE FASTQ formatting done
slave pre done
now n is 51737
processed 51737
[M::mem_process_seqs_merge2] Processed 51737 reads in 1.400 CPU sec, 1.402 real sec
[M::process] read chunk (19660800 bytes/CG x 1 CGs, 19660800 bytes)...
[M::mem_process_seqs_merge2] CPE FASTQ formatting done
slave pre done
now n is 51737
processed 51737
[M::mem_process_seqs_merge2] Processed 51737 reads in 1.360 CPU sec, 1.364 real sec
[M::process] read chunk (19660800 bytes/CG x 1 CGs, 19660800 bytes)...
[M::mem_process_seqs_merge2] CPE FASTQ formatting done
slave pre done
now n is 51737
processed 51737
[M::mem_process_seqs_merge2] Processed 51737 reads in 1.400 CPU sec, 1.399 real sec
[M::process] read chunk (19660800 bytes/CG x 1 CGs, 19660800 bytes)...
[M::mem_process_seqs_merge2] CPE FASTQ formatting done
slave pre done
now n is 51737
processed 51737
[M::mem_process_seqs_merge2] Processed 51737 reads in 1.370 CPU sec, 1.371 real sec
[M::process] read chunk (19660800 bytes/CG x 1 CGs, 19660800 bytes)...
[M::mem_process_seqs_merge2] CPE FASTQ formatting done
slave pre done
now n is 51737
processed 51737
[M::mem_process_seqs_merge2] Processed 51737 reads in 1.410 CPU sec, 1.410 real sec
[M::process] read chunk (19660800 bytes/CG x 1 CGs, 19660800 bytes)...
[M::mem_process_seqs_merge2] CPE FASTQ formatting done
slave pre done
now n is 51737
processed 51737
[M::mem_process_seqs_merge2] Processed 51737 reads in 1.450 CPU sec, 1.444 real sec
[M::process] read chunk (19660800 bytes/CG x 1 CGs, 19660800 bytes)...
[M::mem_process_seqs_merge2] CPE FASTQ formatting done
slave pre done
now n is 51737
processed 51737
[M::mem_process_seqs_merge2] Processed 51737 reads in 1.350 CPU sec, 1.353 real sec
[M::process] read chunk (19660800 bytes/CG x 1 CGs, 19660800 bytes)...
[M::mem_process_seqs_merge2] CPE FASTQ formatting done
slave pre done
now n is 51737
processed 51737
[M::mem_process_seqs_merge2] Processed 51737 reads in 1.620 CPU sec, 1.625 real sec
[M::process] read chunk (19660800 bytes/CG x 1 CGs, 19660800 bytes)...
[M::mem_process_seqs_merge2] CPE FASTQ formatting done
slave pre done
now n is 51737
processed 51737
[M::mem_process_seqs_merge2] Processed 51737 reads in 1.470 CPU sec, 1.474 real sec
[M::process] read chunk (19660800 bytes/CG x 1 CGs, 19660800 bytes)...
[M::mem_process_seqs_merge2] CPE FASTQ formatting done
slave pre done
now n is 51737
processed 51737
[M::mem_process_seqs_merge2] Processed 51737 reads in 1.360 CPU sec, 1.360 real sec
[M::process] read chunk (19660800 bytes/CG x 1 CGs, 19660800 bytes)...
[M::mem_process_seqs_merge2] CPE FASTQ formatting done
slave pre done
now n is 51737
processed 51737
[M::mem_process_seqs_merge2] Processed 51737 reads in 1.380 CPU sec, 1.379 real sec
[M::process] read chunk (19660800 bytes/CG x 1 CGs, 19660800 bytes)...
[M::mem_process_seqs_merge2] CPE FASTQ formatting done
slave pre done
now n is 51737
processed 51737
[M::mem_process_seqs_merge2] Processed 51737 reads in 1.660 CPU sec, 1.659 real sec
[M::process] read chunk (19660800 bytes/CG x 1 CGs, 19660800 bytes)...
[M::mem_process_seqs_merge2] CPE FASTQ formatting done
slave pre done
now n is 51737
processed 51737
[M::mem_process_seqs_merge2] Processed 51737 reads in 1.380 CPU sec, 1.387 real sec
[M::process] read chunk (19660800 bytes/CG x 1 CGs, 19660800 bytes)...
[M::mem_process_seqs_merge2] CPE FASTQ formatting done
slave pre done
now n is 51737
processed 51737
[M::mem_process_seqs_merge2] Processed 51737 reads in 1.410 CPU sec, 1.412 real sec
[M::process] read chunk (19660800 bytes/CG x 1 CGs, 19660800 bytes)...
[M::mem_process_seqs_merge2] CPE FASTQ formatting done
slave pre done
now n is 51737
processed 51737
[M::mem_process_seqs_merge2] Processed 51737 reads in 1.530 CPU sec, 1.534 real sec
[M::process] read chunk (19660800 bytes/CG x 1 CGs, 19660800 bytes)...
[M::mem_process_seqs_merge2] CPE FASTQ formatting done
slave pre done
now n is 51737
processed 51737
[M::mem_process_seqs_merge2] Processed 51737 reads in 1.390 CPU sec, 1.390 real sec
[M::process] read chunk (19660800 bytes/CG x 1 CGs, 19660800 bytes)...
[M::mem_process_seqs_merge2] CPE FASTQ formatting done
slave pre done
now n is 51737
processed 51737
[M::mem_process_seqs_merge2] Processed 51737 reads in 1.430 CPU sec, 1.424 real sec
[M::process] read chunk (19660800 bytes/CG x 1 CGs, 19660800 bytes)...
[M::mem_process_seqs_merge2] CPE FASTQ formatting done
slave pre done
now n is 51737
processed 51737
[M::mem_process_seqs_merge2] Processed 51737 reads in 1.550 CPU sec, 1.545 real sec
[M::process] read chunk (19660800 bytes/CG x 1 CGs, 19660800 bytes)...
[M::mem_process_seqs_merge2] CPE FASTQ formatting done
slave pre done
now n is 51737
processed 51737
[M::mem_process_seqs_merge2] Processed 51737 reads in 1.390 CPU sec, 1.388 real sec
[M::process] read chunk (19660800 bytes/CG x 1 CGs, 19660800 bytes)...
[M::mem_process_seqs_merge2] CPE FASTQ formatting done
slave pre done
now n is 51737
processed 51737
[M::mem_process_seqs_merge2] Processed 51737 reads in 1.400 CPU sec, 1.399 real sec
[M::process] read chunk (19660800 bytes/CG x 1 CGs, 19660800 bytes)...
[M::mem_process_seqs_merge2] CPE FASTQ formatting done
slave pre done
now n is 51737
processed 51737
[M::mem_process_seqs_merge2] Processed 51737 reads in 1.380 CPU sec, 1.380 real sec
[M::process] read chunk (19660800 bytes/CG x 1 CGs, 19660800 bytes)...
[M::mem_process_seqs_merge2] CPE FASTQ formatting done
slave pre done
now n is 51737
processed 51737
[M::mem_process_seqs_merge2] Processed 51737 reads in 1.400 CPU sec, 1.401 real sec
[M::process] read chunk (19660800 bytes/CG x 1 CGs, 19660800 bytes)...
[M::mem_process_seqs_merge2] CPE FASTQ formatting done
slave pre done
now n is 51737
processed 51737
[M::mem_process_seqs_merge2] Processed 51737 reads in 1.430 CPU sec, 1.430 real sec
[M::process] read chunk (19660800 bytes/CG x 1 CGs, 19660800 bytes)...
[M::mem_process_seqs_merge2] CPE FASTQ formatting done
slave pre done
now n is 51737
processed 51737
[M::mem_process_seqs_merge2] Processed 51737 reads in 1.420 CPU sec, 1.416 real sec
[M::process] read chunk (19660800 bytes/CG x 1 CGs, 19660800 bytes)...
[M::mem_process_seqs_merge2] CPE FASTQ formatting done
slave pre done
now n is 51737
processed 51737
[M::mem_process_seqs_merge2] Processed 51737 reads in 1.400 CPU sec, 1.400 real sec
[M::process] read chunk (19660800 bytes/CG x 1 CGs, 19660800 bytes)...
[M::mem_process_seqs_merge2] CPE FASTQ formatting done
slave pre done
now n is 51737
processed 51737
[M::mem_process_seqs_merge2] Processed 51737 reads in 1.410 CPU sec, 1.407 real sec
[M::process] read chunk (19660800 bytes/CG x 1 CGs, 19660800 bytes)...
[M::mem_process_seqs_merge2] CPE FASTQ formatting done
slave pre done
now n is 51737
processed 51737
[M::mem_process_seqs_merge2] Processed 51737 reads in 1.390 CPU sec, 1.385 real sec
[M::process] read chunk (19660800 bytes/CG x 1 CGs, 19660800 bytes)...
[M::mem_process_seqs_merge2] CPE FASTQ formatting done
slave pre done
now n is 51737
processed 51737
[M::mem_process_seqs_merge2] Processed 51737 reads in 1.460 CPU sec, 1.465 real sec
[M::process] read chunk (19660800 bytes/CG x 1 CGs, 19660800 bytes)...
[M::mem_process_seqs_merge2] CPE FASTQ formatting done
slave pre done
now n is 51737
processed 51737
[M::mem_process_seqs_merge2] Processed 51737 reads in 1.440 CPU sec, 1.436 real sec
[M::process] read chunk (19660800 bytes/CG x 1 CGs, 19660800 bytes)...
[M::mem_process_seqs_merge2] CPE FASTQ formatting done
slave pre done
now n is 51737
processed 51737
[M::mem_process_seqs_merge2] Processed 51737 reads in 1.470 CPU sec, 1.474 real sec
[M::process] read chunk (19660800 bytes/CG x 1 CGs, 19660800 bytes)...
[M::mem_process_seqs_merge2] CPE FASTQ formatting done
slave pre done
now n is 51737
processed 51737
[M::mem_process_seqs_merge2] Processed 51737 reads in 1.410 CPU sec, 1.413 real sec
[M::process] read chunk (19660800 bytes/CG x 1 CGs, 19660800 bytes)...
[M::mem_process_seqs_merge2] CPE FASTQ formatting done
slave pre done
now n is 51737
processed 51737
[M::mem_process_seqs_merge2] Processed 51737 reads in 1.390 CPU sec, 1.390 real sec
[M::process] read chunk (19660800 bytes/CG x 1 CGs, 19660800 bytes)...
[M::mem_process_seqs_merge2] CPE FASTQ formatting done
slave pre done
now n is 51737
processed 51737
[M::mem_process_seqs_merge2] Processed 51737 reads in 1.390 CPU sec, 1.393 real sec
[M::process] read chunk (19660800 bytes/CG x 1 CGs, 19660800 bytes)...
[M::mem_process_seqs_merge2] CPE FASTQ formatting done
slave pre done
now n is 51737
processed 51737
[M::mem_process_seqs_merge2] Processed 51737 reads in 1.450 CPU sec, 1.451 real sec
[M::process] read chunk (19660800 bytes/CG x 1 CGs, 19660800 bytes)...
[M::mem_process_seqs_merge2] CPE FASTQ formatting done
slave pre done
now n is 51737
processed 51737
[M::mem_process_seqs_merge2] Processed 51737 reads in 1.390 CPU sec, 1.389 real sec
[M::process] read chunk (19660800 bytes/CG x 1 CGs, 19660800 bytes)...
[M::mem_process_seqs_merge2] CPE FASTQ formatting done
slave pre done
now n is 51737
processed 51737
[M::mem_process_seqs_merge2] Processed 51737 reads in 1.380 CPU sec, 1.390 real sec
[M::process] read chunk (19660800 bytes/CG x 1 CGs, 19660800 bytes)...
[M::mem_process_seqs_merge2] CPE FASTQ formatting done
slave pre done
now n is 51737
processed 51737
[M::mem_process_seqs_merge2] Processed 51737 reads in 1.370 CPU sec, 1.361 real sec
[M::process] read chunk (19660800 bytes/CG x 1 CGs, 19660800 bytes)...
[M::mem_process_seqs_merge2] CPE FASTQ formatting done
slave pre done
now n is 51737
processed 51737
[M::mem_process_seqs_merge2] Processed 51737 reads in 1.400 CPU sec, 1.405 real sec
[M::process] read chunk (19660800 bytes/CG x 1 CGs, 19660800 bytes)...
[M::mem_process_seqs_merge2] CPE FASTQ formatting done
slave pre done
now n is 51737
processed 51737
[M::mem_process_seqs_merge2] Processed 51737 reads in 1.370 CPU sec, 1.373 real sec
[M::process] read chunk (19660800 bytes/CG x 1 CGs, 19660800 bytes)...
[M::mem_process_seqs_merge2] CPE FASTQ formatting done
slave pre done
now n is 51737
processed 51737
[M::mem_process_seqs_merge2] Processed 51737 reads in 1.410 CPU sec, 1.408 real sec
[M::process] read chunk (19660800 bytes/CG x 1 CGs, 19660800 bytes)...
[M::mem_process_seqs_merge2] CPE FASTQ formatting done
slave pre done
now n is 51737
processed 51737
[M::mem_process_seqs_merge2] Processed 51737 reads in 1.410 CPU sec, 1.410 real sec
[M::process] read chunk (19660800 bytes/CG x 1 CGs, 19660800 bytes)...
[M::mem_process_seqs_merge2] CPE FASTQ formatting done
slave pre done
now n is 51737
processed 51737
[M::mem_process_seqs_merge2] Processed 51737 reads in 1.380 CPU sec, 1.373 real sec
[M::process] read chunk (19660800 bytes/CG x 1 CGs, 19660800 bytes)...
[M::mem_process_seqs_merge2] CPE FASTQ formatting done
slave pre done
now n is 51737
processed 51737
[M::mem_process_seqs_merge2] Processed 51737 reads in 1.460 CPU sec, 1.469 real sec
[M::process] read chunk (19660800 bytes/CG x 1 CGs, 19660800 bytes)...
[M::mem_process_seqs_merge2] CPE FASTQ formatting done
slave pre done
now n is 51737
processed 51737
[M::mem_process_seqs_merge2] Processed 51737 reads in 1.410 CPU sec, 1.414 real sec
[M::process] read chunk (19660800 bytes/CG x 1 CGs, 19660800 bytes)...
[M::mem_process_seqs_merge2] CPE FASTQ formatting done
slave pre done
now n is 51737
processed 51737
[M::mem_process_seqs_merge2] Processed 51737 reads in 1.440 CPU sec, 1.432 real sec
[M::process] read chunk (19660800 bytes/CG x 1 CGs, 19660800 bytes)...
[M::mem_process_seqs_merge2] CPE FASTQ formatting done
slave pre done
now n is 51737
processed 51737
[M::mem_process_seqs_merge2] Processed 51737 reads in 1.430 CPU sec, 1.436 real sec
[M::process] read chunk (19660800 bytes/CG x 1 CGs, 19660800 bytes)...
[M::mem_process_seqs_merge2] CPE FASTQ formatting done
slave pre done
now n is 51737
processed 51737
[M::mem_process_seqs_merge2] Processed 51737 reads in 1.460 CPU sec, 1.459 real sec
[M::process] read chunk (19660800 bytes/CG x 1 CGs, 19660800 bytes)...
[M::mem_process_seqs_merge2] CPE FASTQ formatting done
slave pre done
now n is 51737
processed 51737
[M::mem_process_seqs_merge2] Processed 51737 reads in 1.440 CPU sec, 1.448 real sec
[M::process] read chunk (19660800 bytes/CG x 1 CGs, 19660800 bytes)...
[M::mem_process_seqs_merge2] CPE FASTQ formatting done
slave pre done
now n is 51737
processed 51737
[M::mem_process_seqs_merge2] Processed 51737 reads in 1.380 CPU sec, 1.375 real sec
[M::process] read chunk (19660800 bytes/CG x 1 CGs, 19660800 bytes)...
[M::mem_process_seqs_merge2] CPE FASTQ formatting done
slave pre done
now n is 51737
processed 51737
[M::mem_process_seqs_merge2] Processed 51737 reads in 1.390 CPU sec, 1.394 real sec
[M::process] read chunk (19660800 bytes/CG x 1 CGs, 19660800 bytes)...
[M::mem_process_seqs_merge2] CPE FASTQ formatting done
slave pre done
now n is 51737
processed 51737
[M::mem_process_seqs_merge2] Processed 51737 reads in 1.510 CPU sec, 1.505 real sec
[M::process] read chunk (19660800 bytes/CG x 1 CGs, 19660800 bytes)...
[M::mem_process_seqs_merge2] CPE FASTQ formatting done
slave pre done
now n is 51737
processed 51737
[M::mem_process_seqs_merge2] Processed 51737 reads in 1.410 CPU sec, 1.409 real sec
[M::process] read chunk (19660800 bytes/CG x 1 CGs, 19660800 bytes)...
[M::mem_process_seqs_merge2] CPE FASTQ formatting done
slave pre done
now n is 51737
processed 51737
[M::mem_process_seqs_merge2] Processed 51737 reads in 1.470 CPU sec, 1.478 real sec
[M::process] read chunk (19660800 bytes/CG x 1 CGs, 19660800 bytes)...
[M::mem_process_seqs_merge2] CPE FASTQ formatting done
slave pre done
now n is 51737
processed 51737
[M::mem_process_seqs_merge2] Processed 51737 reads in 1.400 CPU sec, 1.397 real sec
[M::process] read chunk (19660800 bytes/CG x 1 CGs, 19660800 bytes)...
[M::mem_process_seqs_merge2] CPE FASTQ formatting done
slave pre done
now n is 51737
processed 51737
[M::mem_process_seqs_merge2] Processed 51737 reads in 1.350 CPU sec, 1.348 real sec
[M::process] read chunk (19660800 bytes/CG x 1 CGs, 19660800 bytes)...
[M::mem_process_seqs_merge2] CPE FASTQ formatting done
slave pre done
now n is 51737
processed 51737
[M::mem_process_seqs_merge2] Processed 51737 reads in 1.340 CPU sec, 1.337 real sec
[M::process] read chunk (19660800 bytes/CG x 1 CGs, 19660800 bytes)...
[M::mem_process_seqs_merge2] CPE FASTQ formatting done
slave pre done
now n is 51737
processed 51737
[M::mem_process_seqs_merge2] Processed 51737 reads in 1.350 CPU sec, 1.355 real sec
[M::process] read chunk (19660800 bytes/CG x 1 CGs, 19660800 bytes)...
[M::mem_process_seqs_merge2] CPE FASTQ formatting done
slave pre done
now n is 51737
processed 51737
[M::mem_process_seqs_merge2] Processed 51737 reads in 1.370 CPU sec, 1.375 real sec
[M::process] read chunk (19660800 bytes/CG x 1 CGs, 19660800 bytes)...
[M::mem_process_seqs_merge2] CPE FASTQ formatting done
slave pre done
now n is 51737
processed 51737
[M::mem_process_seqs_merge2] Processed 51737 reads in 1.410 CPU sec, 1.404 real sec
[M::process] read chunk (19660800 bytes/CG x 1 CGs, 19660800 bytes)...
[M::mem_process_seqs_merge2] CPE FASTQ formatting done
slave pre done
now n is 51737
processed 51737
[M::mem_process_seqs_merge2] Processed 51737 reads in 1.410 CPU sec, 1.404 real sec
[M::process] read chunk (19660800 bytes/CG x 1 CGs, 19660800 bytes)...
[M::mem_process_seqs_merge2] CPE FASTQ formatting done
slave pre done
now n is 51737
processed 51737
[M::mem_process_seqs_merge2] Processed 51737 reads in 1.470 CPU sec, 1.472 real sec
[M::process] read chunk (19660800 bytes/CG x 1 CGs, 19660800 bytes)...
[M::mem_process_seqs_merge2] CPE FASTQ formatting done
slave pre done
now n is 51737
processed 51737
[M::mem_process_seqs_merge2] Processed 51737 reads in 1.460 CPU sec, 1.456 real sec
[M::process] read chunk (19660800 bytes/CG x 1 CGs, 19660800 bytes)...
[M::mem_process_seqs_merge2] CPE FASTQ formatting done
slave pre done
now n is 51737
processed 51737
[M::mem_process_seqs_merge2] Processed 51737 reads in 1.380 CPU sec, 1.379 real sec
[M::process] read chunk (19660800 bytes/CG x 1 CGs, 19660800 bytes)...
[M::mem_process_seqs_merge2] CPE FASTQ formatting done
slave pre done
now n is 51737
processed 51737
[M::mem_process_seqs_merge2] Processed 51737 reads in 1.420 CPU sec, 1.414 real sec
[M::process] read chunk (19660800 bytes/CG x 1 CGs, 19660800 bytes)...
[M::mem_process_seqs_merge2] CPE FASTQ formatting done
slave pre done
now n is 51737
processed 51737
[M::mem_process_seqs_merge2] Processed 51737 reads in 1.390 CPU sec, 1.390 real sec
[M::process] read chunk (19660800 bytes/CG x 1 CGs, 19660800 bytes)...
[M::mem_process_seqs_merge2] CPE FASTQ formatting done
slave pre done
now n is 51737
processed 51737
[M::mem_process_seqs_merge2] Processed 51737 reads in 1.390 CPU sec, 1.389 real sec
[M::process] read chunk (19660800 bytes/CG x 1 CGs, 19660800 bytes)...
[M::mem_process_seqs_merge2] CPE FASTQ formatting done
slave pre done
now n is 51737
processed 51737
[M::mem_process_seqs_merge2] Processed 51737 reads in 1.410 CPU sec, 1.418 real sec
[M::process] read chunk (19660800 bytes/CG x 1 CGs, 19660800 bytes)...
[M::mem_process_seqs_merge2] CPE FASTQ formatting done
slave pre done
now n is 51737
processed 51737
[M::mem_process_seqs_merge2] Processed 51737 reads in 1.440 CPU sec, 1.443 real sec
[M::process] read chunk (19660800 bytes/CG x 1 CGs, 19660800 bytes)...
[M::mem_process_seqs_merge2] CPE FASTQ formatting done
slave pre done
now n is 51737
processed 51737
[M::mem_process_seqs_merge2] Processed 51737 reads in 1.420 CPU sec, 1.420 real sec
[M::process] read chunk (19660800 bytes/CG x 1 CGs, 1166984 bytes)...
[M::mem_process_seqs_merge2] CPE FASTQ formatting done
slave pre done
now n is 3071
processed 3071
[M::mem_process_seqs_merge2] Processed 3071 reads in 0.210 CPU sec, 0.209 real sec

====================== SWBWA Output Debug =====================
  MPI rank: 000000 / 000001
  mode:     non-MPI POSIX
  path:     bigdata_results/single_system/has1/small_SRR7963242_SE.sam

  Output volume
    output buffer capacity                           67108864
    swbwa_output_write calls                        10000000
    submitted SAM bytes                           3920595145
    buffered flushes                                      59
    buffered flush bytes                          3920595145
    direct oversized writes                                0
    direct oversized bytes                                 0

  Buffering
    buffered flush total                        53.186516 s  (59 calls, 901466.376 us/call)

  POSIX file writes
    write system calls                                     59
    write system-call bytes                        3920595145
    POSIX write system calls                    53.186351 s  (59 calls, 901463.572 us/call)
    POSIX write effective bandwidth                70.299 MiB/s

  Output close timing
    POSIX close                                  0.000315 s  (1 calls,   315.352 us/call)
================================================================


======================= SWBWA Timing Report =======================
  Accumulated wall-clock time; indented rows are included in
  their parent row and must not be added to it.

  Pipeline
    total - complete three-stage pipeline                   370.406 s
    stage 1 - allocate and read raw FASTQ blocks             28.914 s
    stage 2 - align reads and generate SAM records          277.616 s
    stage 3 - write SAM and release batch data               63.540 s
      SAM output writes                                        59.953 s
      batch cleanup and loop overhead (derived)                 3.586 s

  Stage 1 input details
    batches completed / stage calls                     194 / 195
    input-buffer and batch allocations                        0.001 s  (389 calls, max 0.000 s)
    aggregate requested allocation bytes           3795912520
    FASTQ fseeko calls                                        0.001 s  (194 calls, max 0.000 s)
    FASTQ fread calls                                        28.896 s  (194 calls, max 0.253 s)
    align chunk ends to FASTQ record boundaries               0.000 s  (193 calls, max 0.000 s)
    scheduler, checks and bookkeeping (derived)               0.015 s
    raw FASTQ bytes read                           3795701384  (3619.863 MiB)
    effective fread bandwidth                        125.270 MiB/s
    slowest allocation                                 0.000 s  (64 bytes)
    slowest fread                                      0.253 s  (R1 offset=0, bytes=19660800)

  Stage 2 worker details
    total - active merge worker                             277.604 s
      part 1 - prepare CPE task and reusable buffers            2.761 s
      part 2 - CPE FASTQ formatting and input release           1.012 s
      part 3 - CPE alignment and SAM length pass              271.772 s
      part 4 - assign slices in the shared SAM buffer           0.732 s
      part 5 - CPE SAM record generation                        1.311 s
      part 6 - release temporary worker data                    0.002 s

  Reserved allocator timers (no active timing sites)
    malloc timer                                              0.000 s
    free timer                                                0.000 s
===================================================================

[main] Version: 0.0.1
[main] CMD: ./SWBWA mem -v 4 -t 1 -1 -o bigdata_results/single_system/has1/small_SRR7963242_SE.sam -I 170,80,500,1 ../data/GRCh38.d1.vd1.fa ../data/bwa_test_big_data/small_SRR7963242_1.fastq
