[M::main_mem] mean insert size: 170.000, stddev: 80.000, max: 500, min: 1
[CPE input] bytes_per_cg=19660800 cg_count=1 chunk_bytes=19660800 file_bytes=3536060312
malloc bwt->bwt 3107576584, 0x500002429500
malloc bwt->sa 1553788264, 0x5000bb7c7020
[M::bwa_idx_load_from_disk] read 0 ALT contigs
malloc pac 776894131, 0x500118228940
the input file is ../data/bwa_test_big_data/SRR2496709_1.fastq
the output file is bigdata_results/single_system/has1/SRR2496709_SE.sam
[M::process] read chunk (19660800 bytes/CG x 1 CGs, 19660800 bytes)...
[M::mem_process_seqs_merge2] CPE FASTQ formatting done
slave pre done
now n is 72442
processed 72442
[M::mem_process_seqs_merge2] Processed 72442 reads in 1.180 CPU sec, 1.187 real sec
[M::process] read chunk (19660800 bytes/CG x 1 CGs, 19660800 bytes)...
[M::mem_process_seqs_merge2] CPE FASTQ formatting done
slave pre done
now n is 71631
processed 71631
[M::mem_process_seqs_merge2] Processed 71631 reads in 0.590 CPU sec, 0.582 real sec
[M::process] read chunk (19660800 bytes/CG x 1 CGs, 19660800 bytes)...
[M::mem_process_seqs_merge2] CPE FASTQ formatting done
slave pre done
now n is 71232
processed 71232
[M::mem_process_seqs_merge2] Processed 71232 reads in 0.620 CPU sec, 0.619 real sec
[M::process] read chunk (19660800 bytes/CG x 1 CGs, 19660800 bytes)...
[M::mem_process_seqs_merge2] CPE FASTQ formatting done
slave pre done
now n is 71232
processed 71232
[M::mem_process_seqs_merge2] Processed 71232 reads in 0.680 CPU sec, 0.685 real sec
[M::process] read chunk (19660800 bytes/CG x 1 CGs, 19660800 bytes)...
[M::mem_process_seqs_merge2] CPE FASTQ formatting done
slave pre done
now n is 71232
processed 71232
[M::mem_process_seqs_merge2] Processed 71232 reads in 0.790 CPU sec, 0.791 real sec
[M::process] read chunk (19660800 bytes/CG x 1 CGs, 19660800 bytes)...
[M::mem_process_seqs_merge2] CPE FASTQ formatting done
slave pre done
now n is 71232
processed 71232
[M::mem_process_seqs_merge2] Processed 71232 reads in 0.770 CPU sec, 0.774 real sec
[M::process] read chunk (19660800 bytes/CG x 1 CGs, 19660800 bytes)...
[M::mem_process_seqs_merge2] CPE FASTQ formatting done
slave pre done
now n is 71232
processed 71232
[M::mem_process_seqs_merge2] Processed 71232 reads in 0.780 CPU sec, 0.779 real sec
[M::process] read chunk (19660800 bytes/CG x 1 CGs, 19660800 bytes)...
[M::mem_process_seqs_merge2] CPE FASTQ formatting done
slave pre done
now n is 71232
processed 71232
[M::mem_process_seqs_merge2] Processed 71232 reads in 0.750 CPU sec, 0.747 real sec
[M::process] read chunk (19660800 bytes/CG x 1 CGs, 19660800 bytes)...
[M::mem_process_seqs_merge2] CPE FASTQ formatting done
slave pre done
now n is 71232
processed 71232
[M::mem_process_seqs_merge2] Processed 71232 reads in 0.610 CPU sec, 0.607 real sec
[M::process] read chunk (19660800 bytes/CG x 1 CGs, 19660800 bytes)...
[M::mem_process_seqs_merge2] CPE FASTQ formatting done
slave pre done
now n is 71232
processed 71232
[M::mem_process_seqs_merge2] Processed 71232 reads in 0.620 CPU sec, 0.626 real sec
[M::process] read chunk (19660800 bytes/CG x 1 CGs, 19660800 bytes)...
[M::mem_process_seqs_merge2] CPE FASTQ formatting done
slave pre done
now n is 71232
processed 71232
[M::mem_process_seqs_merge2] Processed 71232 reads in 0.590 CPU sec, 0.591 real sec
[M::process] read chunk (19660800 bytes/CG x 1 CGs, 19660800 bytes)...
[M::mem_process_seqs_merge2] CPE FASTQ formatting done
slave pre done
now n is 71232
processed 71232
[M::mem_process_seqs_merge2] Processed 71232 reads in 0.630 CPU sec, 0.632 real sec
[M::process] read chunk (19660800 bytes/CG x 1 CGs, 19660800 bytes)...
[M::mem_process_seqs_merge2] CPE FASTQ formatting done
slave pre done
now n is 71232
processed 71232
[M::mem_process_seqs_merge2] Processed 71232 reads in 0.670 CPU sec, 0.668 real sec
[M::process] read chunk (19660800 bytes/CG x 1 CGs, 19660800 bytes)...
[M::mem_process_seqs_merge2] CPE FASTQ formatting done
slave pre done
now n is 71232
processed 71232
[M::mem_process_seqs_merge2] Processed 71232 reads in 0.780 CPU sec, 0.781 real sec
[M::process] read chunk (19660800 bytes/CG x 1 CGs, 19660800 bytes)...
[M::mem_process_seqs_merge2] CPE FASTQ formatting done
slave pre done
now n is 70230
processed 70230
[M::mem_process_seqs_merge2] Processed 70230 reads in 0.550 CPU sec, 0.546 real sec
[M::process] read chunk (19660800 bytes/CG x 1 CGs, 19660800 bytes)...
[M::mem_process_seqs_merge2] CPE FASTQ formatting done
slave pre done
now n is 70214
processed 70214
[M::mem_process_seqs_merge2] Processed 70214 reads in 1.570 CPU sec, 1.578 real sec
[M::process] read chunk (19660800 bytes/CG x 1 CGs, 19660800 bytes)...
[M::mem_process_seqs_merge2] CPE FASTQ formatting done
slave pre done
now n is 70214
processed 70214
[M::mem_process_seqs_merge2] Processed 70214 reads in 0.830 CPU sec, 0.828 real sec
[M::process] read chunk (19660800 bytes/CG x 1 CGs, 19660800 bytes)...
[M::mem_process_seqs_merge2] CPE FASTQ formatting done
slave pre done
now n is 70214
processed 70214
[M::mem_process_seqs_merge2] Processed 70214 reads in 0.660 CPU sec, 0.652 real sec
[M::process] read chunk (19660800 bytes/CG x 1 CGs, 19660800 bytes)...
[M::mem_process_seqs_merge2] CPE FASTQ formatting done
slave pre done
now n is 70214
processed 70214
[M::mem_process_seqs_merge2] Processed 70214 reads in 0.720 CPU sec, 0.712 real sec
[M::process] read chunk (19660800 bytes/CG x 1 CGs, 19660800 bytes)...
[M::mem_process_seqs_merge2] CPE FASTQ formatting done
slave pre done
now n is 70214
processed 70214
[M::mem_process_seqs_merge2] Processed 70214 reads in 0.740 CPU sec, 0.735 real sec
[M::process] read chunk (19660800 bytes/CG x 1 CGs, 19660800 bytes)...
[M::mem_process_seqs_merge2] CPE FASTQ formatting done
slave pre done
now n is 70214
processed 70214
[M::mem_process_seqs_merge2] Processed 70214 reads in 0.750 CPU sec, 0.742 real sec
[M::process] read chunk (19660800 bytes/CG x 1 CGs, 19660800 bytes)...
[M::mem_process_seqs_merge2] CPE FASTQ formatting done
slave pre done
now n is 70214
processed 70214
[M::mem_process_seqs_merge2] Processed 70214 reads in 0.740 CPU sec, 0.744 real sec
[M::process] read chunk (19660800 bytes/CG x 1 CGs, 19660800 bytes)...
[M::mem_process_seqs_merge2] CPE FASTQ formatting done
slave pre done
now n is 70214
processed 70214
[M::mem_process_seqs_merge2] Processed 70214 reads in 0.640 CPU sec, 0.643 real sec
[M::process] read chunk (19660800 bytes/CG x 1 CGs, 19660800 bytes)...
[M::mem_process_seqs_merge2] CPE FASTQ formatting done
slave pre done
now n is 70214
processed 70214
[M::mem_process_seqs_merge2] Processed 70214 reads in 0.630 CPU sec, 0.632 real sec
[M::process] read chunk (19660800 bytes/CG x 1 CGs, 19660800 bytes)...
[M::mem_process_seqs_merge2] CPE FASTQ formatting done
slave pre done
now n is 70214
processed 70214
[M::mem_process_seqs_merge2] Processed 70214 reads in 0.620 CPU sec, 0.623 real sec
[M::process] read chunk (19660800 bytes/CG x 1 CGs, 19660800 bytes)...
[M::mem_process_seqs_merge2] CPE FASTQ formatting done
slave pre done
now n is 70214
processed 70214
[M::mem_process_seqs_merge2] Processed 70214 reads in 0.760 CPU sec, 0.757 real sec
[M::process] read chunk (19660800 bytes/CG x 1 CGs, 19660800 bytes)...
[M::mem_process_seqs_merge2] CPE FASTQ formatting done
slave pre done
now n is 70214
processed 70214
[M::mem_process_seqs_merge2] Processed 70214 reads in 0.770 CPU sec, 0.774 real sec
[M::process] read chunk (19660800 bytes/CG x 1 CGs, 19660800 bytes)...
[M::mem_process_seqs_merge2] CPE FASTQ formatting done
slave pre done
now n is 70214
processed 70214
[M::mem_process_seqs_merge2] Processed 70214 reads in 1.950 CPU sec, 1.952 real sec
[M::process] read chunk (19660800 bytes/CG x 1 CGs, 19660800 bytes)...
[M::mem_process_seqs_merge2] CPE FASTQ formatting done
slave pre done
now n is 70214
processed 70214
[M::mem_process_seqs_merge2] Processed 70214 reads in 0.680 CPU sec, 0.682 real sec
[M::process] read chunk (19660800 bytes/CG x 1 CGs, 19660800 bytes)...
[M::mem_process_seqs_merge2] CPE FASTQ formatting done
slave pre done
now n is 70214
processed 70214
[M::mem_process_seqs_merge2] Processed 70214 reads in 0.750 CPU sec, 0.752 real sec
[M::process] read chunk (19660800 bytes/CG x 1 CGs, 19660800 bytes)...
[M::mem_process_seqs_merge2] CPE FASTQ formatting done
slave pre done
now n is 70214
processed 70214
[M::mem_process_seqs_merge2] Processed 70214 reads in 0.630 CPU sec, 0.635 real sec
[M::process] read chunk (19660800 bytes/CG x 1 CGs, 19660800 bytes)...
[M::mem_process_seqs_merge2] CPE FASTQ formatting done
slave pre done
now n is 70214
processed 70214
[M::mem_process_seqs_merge2] Processed 70214 reads in 0.800 CPU sec, 0.794 real sec
[M::process] read chunk (19660800 bytes/CG x 1 CGs, 19660800 bytes)...
[M::mem_process_seqs_merge2] CPE FASTQ formatting done
slave pre done
now n is 70214
processed 70214
[M::mem_process_seqs_merge2] Processed 70214 reads in 0.760 CPU sec, 0.762 real sec
[M::process] read chunk (19660800 bytes/CG x 1 CGs, 19660800 bytes)...
[M::mem_process_seqs_merge2] CPE FASTQ formatting done
slave pre done
now n is 70214
processed 70214
[M::mem_process_seqs_merge2] Processed 70214 reads in 0.630 CPU sec, 0.626 real sec
[M::process] read chunk (19660800 bytes/CG x 1 CGs, 19660800 bytes)...
[M::mem_process_seqs_merge2] CPE FASTQ formatting done
slave pre done
now n is 70214
processed 70214
[M::mem_process_seqs_merge2] Processed 70214 reads in 0.710 CPU sec, 0.705 real sec
[M::process] read chunk (19660800 bytes/CG x 1 CGs, 19660800 bytes)...
[M::mem_process_seqs_merge2] CPE FASTQ formatting done
slave pre done
now n is 70214
processed 70214
[M::mem_process_seqs_merge2] Processed 70214 reads in 0.760 CPU sec, 0.759 real sec
[M::process] read chunk (19660800 bytes/CG x 1 CGs, 19660800 bytes)...
[M::mem_process_seqs_merge2] CPE FASTQ formatting done
slave pre done
now n is 70214
processed 70214
[M::mem_process_seqs_merge2] Processed 70214 reads in 0.620 CPU sec, 0.616 real sec
[M::process] read chunk (19660800 bytes/CG x 1 CGs, 19660800 bytes)...
[M::mem_process_seqs_merge2] CPE FASTQ formatting done
slave pre done
now n is 70214
processed 70214
[M::mem_process_seqs_merge2] Processed 70214 reads in 0.840 CPU sec, 0.841 real sec
[M::process] read chunk (19660800 bytes/CG x 1 CGs, 19660800 bytes)...
[M::mem_process_seqs_merge2] CPE FASTQ formatting done
slave pre done
now n is 70214
processed 70214
[M::mem_process_seqs_merge2] Processed 70214 reads in 0.700 CPU sec, 0.702 real sec
[M::process] read chunk (19660800 bytes/CG x 1 CGs, 19660800 bytes)...
[M::mem_process_seqs_merge2] CPE FASTQ formatting done
slave pre done
now n is 70214
processed 70214
[M::mem_process_seqs_merge2] Processed 70214 reads in 0.520 CPU sec, 0.519 real sec
[M::process] read chunk (19660800 bytes/CG x 1 CGs, 19660800 bytes)...
[M::mem_process_seqs_merge2] CPE FASTQ formatting done
slave pre done
now n is 70214
processed 70214
[M::mem_process_seqs_merge2] Processed 70214 reads in 0.630 CPU sec, 0.633 real sec
[M::process] read chunk (19660800 bytes/CG x 1 CGs, 19660800 bytes)...
[M::mem_process_seqs_merge2] CPE FASTQ formatting done
slave pre done
now n is 70214
processed 70214
[M::mem_process_seqs_merge2] Processed 70214 reads in 0.700 CPU sec, 0.696 real sec
[M::process] read chunk (19660800 bytes/CG x 1 CGs, 19660800 bytes)...
[M::mem_process_seqs_merge2] CPE FASTQ formatting done
slave pre done
now n is 70214
processed 70214
[M::mem_process_seqs_merge2] Processed 70214 reads in 0.780 CPU sec, 0.778 real sec
[M::process] read chunk (19660800 bytes/CG x 1 CGs, 19660800 bytes)...
[M::mem_process_seqs_merge2] CPE FASTQ formatting done
slave pre done
now n is 70214
processed 70214
[M::mem_process_seqs_merge2] Processed 70214 reads in 0.680 CPU sec, 0.680 real sec
[M::process] read chunk (19660800 bytes/CG x 1 CGs, 19660800 bytes)...
[M::mem_process_seqs_merge2] CPE FASTQ formatting done
slave pre done
now n is 70214
processed 70214
[M::mem_process_seqs_merge2] Processed 70214 reads in 0.630 CPU sec, 0.633 real sec
[M::process] read chunk (19660800 bytes/CG x 1 CGs, 19660800 bytes)...
[M::mem_process_seqs_merge2] CPE FASTQ formatting done
slave pre done
now n is 70214
processed 70214
[M::mem_process_seqs_merge2] Processed 70214 reads in 0.840 CPU sec, 0.843 real sec
[M::process] read chunk (19660800 bytes/CG x 1 CGs, 19660800 bytes)...
[M::mem_process_seqs_merge2] CPE FASTQ formatting done
slave pre done
now n is 70214
processed 70214
[M::mem_process_seqs_merge2] Processed 70214 reads in 0.580 CPU sec, 0.575 real sec
[M::process] read chunk (19660800 bytes/CG x 1 CGs, 19660800 bytes)...
[M::mem_process_seqs_merge2] CPE FASTQ formatting done
slave pre done
now n is 70214
processed 70214
[M::mem_process_seqs_merge2] Processed 70214 reads in 0.750 CPU sec, 0.745 real sec
[M::process] read chunk (19660800 bytes/CG x 1 CGs, 19660800 bytes)...
[M::mem_process_seqs_merge2] CPE FASTQ formatting done
slave pre done
now n is 70214
processed 70214
[M::mem_process_seqs_merge2] Processed 70214 reads in 0.880 CPU sec, 0.881 real sec
[M::process] read chunk (19660800 bytes/CG x 1 CGs, 19660800 bytes)...
[M::mem_process_seqs_merge2] CPE FASTQ formatting done
slave pre done
now n is 70214
processed 70214
[M::mem_process_seqs_merge2] Processed 70214 reads in 0.950 CPU sec, 0.945 real sec
[M::process] read chunk (19660800 bytes/CG x 1 CGs, 19660800 bytes)...
[M::mem_process_seqs_merge2] CPE FASTQ formatting done
slave pre done
now n is 70214
processed 70214
[M::mem_process_seqs_merge2] Processed 70214 reads in 0.660 CPU sec, 0.656 real sec
[M::process] read chunk (19660800 bytes/CG x 1 CGs, 19660800 bytes)...
[M::mem_process_seqs_merge2] CPE FASTQ formatting done
slave pre done
now n is 70214
processed 70214
[M::mem_process_seqs_merge2] Processed 70214 reads in 0.850 CPU sec, 0.845 real sec
[M::process] read chunk (19660800 bytes/CG x 1 CGs, 19660800 bytes)...
[M::mem_process_seqs_merge2] CPE FASTQ formatting done
slave pre done
now n is 70214
processed 70214
[M::mem_process_seqs_merge2] Processed 70214 reads in 0.840 CPU sec, 0.840 real sec
[M::process] read chunk (19660800 bytes/CG x 1 CGs, 19660800 bytes)...
[M::mem_process_seqs_merge2] CPE FASTQ formatting done
slave pre done
now n is 70214
processed 70214
[M::mem_process_seqs_merge2] Processed 70214 reads in 0.680 CPU sec, 0.688 real sec
[M::process] read chunk (19660800 bytes/CG x 1 CGs, 19660800 bytes)...
[M::mem_process_seqs_merge2] CPE FASTQ formatting done
slave pre done
now n is 70214
processed 70214
[M::mem_process_seqs_merge2] Processed 70214 reads in 0.650 CPU sec, 0.656 real sec
[M::process] read chunk (19660800 bytes/CG x 1 CGs, 19660800 bytes)...
[M::mem_process_seqs_merge2] CPE FASTQ formatting done
slave pre done
now n is 70214
processed 70214
[M::mem_process_seqs_merge2] Processed 70214 reads in 0.780 CPU sec, 0.778 real sec
[M::process] read chunk (19660800 bytes/CG x 1 CGs, 19660800 bytes)...
[M::mem_process_seqs_merge2] CPE FASTQ formatting done
slave pre done
now n is 70214
processed 70214
[M::mem_process_seqs_merge2] Processed 70214 reads in 0.710 CPU sec, 0.712 real sec
[M::process] read chunk (19660800 bytes/CG x 1 CGs, 19660800 bytes)...
[M::mem_process_seqs_merge2] CPE FASTQ formatting done
slave pre done
now n is 70214
processed 70214
[M::mem_process_seqs_merge2] Processed 70214 reads in 0.740 CPU sec, 0.737 real sec
[M::process] read chunk (19660800 bytes/CG x 1 CGs, 19660800 bytes)...
[M::mem_process_seqs_merge2] CPE FASTQ formatting done
slave pre done
now n is 70214
processed 70214
[M::mem_process_seqs_merge2] Processed 70214 reads in 0.720 CPU sec, 0.722 real sec
[M::process] read chunk (19660800 bytes/CG x 1 CGs, 19660800 bytes)...
[M::mem_process_seqs_merge2] CPE FASTQ formatting done
slave pre done
now n is 70214
processed 70214
[M::mem_process_seqs_merge2] Processed 70214 reads in 0.810 CPU sec, 0.807 real sec
[M::process] read chunk (19660800 bytes/CG x 1 CGs, 19660800 bytes)...
[M::mem_process_seqs_merge2] CPE FASTQ formatting done
slave pre done
now n is 70214
processed 70214
[M::mem_process_seqs_merge2] Processed 70214 reads in 0.580 CPU sec, 0.575 real sec
[M::process] read chunk (19660800 bytes/CG x 1 CGs, 19660800 bytes)...
[M::mem_process_seqs_merge2] CPE FASTQ formatting done
slave pre done
now n is 70214
processed 70214
[M::mem_process_seqs_merge2] Processed 70214 reads in 0.780 CPU sec, 0.772 real sec
[M::process] read chunk (19660800 bytes/CG x 1 CGs, 19660800 bytes)...
[M::mem_process_seqs_merge2] CPE FASTQ formatting done
slave pre done
now n is 70214
processed 70214
[M::mem_process_seqs_merge2] Processed 70214 reads in 0.590 CPU sec, 0.590 real sec
[M::process] read chunk (19660800 bytes/CG x 1 CGs, 19660800 bytes)...
[M::mem_process_seqs_merge2] CPE FASTQ formatting done
slave pre done
now n is 70214
processed 70214
[M::mem_process_seqs_merge2] Processed 70214 reads in 0.580 CPU sec, 0.586 real sec
[M::process] read chunk (19660800 bytes/CG x 1 CGs, 19660800 bytes)...
[M::mem_process_seqs_merge2] CPE FASTQ formatting done
slave pre done
now n is 70214
processed 70214
[M::mem_process_seqs_merge2] Processed 70214 reads in 0.740 CPU sec, 0.735 real sec
[M::process] read chunk (19660800 bytes/CG x 1 CGs, 19660800 bytes)...
[M::mem_process_seqs_merge2] CPE FASTQ formatting done
slave pre done
now n is 70214
processed 70214
[M::mem_process_seqs_merge2] Processed 70214 reads in 0.560 CPU sec, 0.562 real sec
[M::process] read chunk (19660800 bytes/CG x 1 CGs, 19660800 bytes)...
[M::mem_process_seqs_merge2] CPE FASTQ formatting done
slave pre done
now n is 70214
processed 70214
[M::mem_process_seqs_merge2] Processed 70214 reads in 0.630 CPU sec, 0.634 real sec
[M::process] read chunk (19660800 bytes/CG x 1 CGs, 19660800 bytes)...
[M::mem_process_seqs_merge2] CPE FASTQ formatting done
slave pre done
now n is 70214
processed 70214
[M::mem_process_seqs_merge2] Processed 70214 reads in 0.800 CPU sec, 0.805 real sec
[M::process] read chunk (19660800 bytes/CG x 1 CGs, 19660800 bytes)...
[M::mem_process_seqs_merge2] CPE FASTQ formatting done
slave pre done
now n is 70214
processed 70214
[M::mem_process_seqs_merge2] Processed 70214 reads in 0.650 CPU sec, 0.644 real sec
[M::process] read chunk (19660800 bytes/CG x 1 CGs, 19660800 bytes)...
[M::mem_process_seqs_merge2] CPE FASTQ formatting done
slave pre done
now n is 70214
processed 70214
[M::mem_process_seqs_merge2] Processed 70214 reads in 0.670 CPU sec, 0.668 real sec
[M::process] read chunk (19660800 bytes/CG x 1 CGs, 19660800 bytes)...
[M::mem_process_seqs_merge2] CPE FASTQ formatting done
slave pre done
now n is 70214
processed 70214
[M::mem_process_seqs_merge2] Processed 70214 reads in 0.980 CPU sec, 0.983 real sec
[M::process] read chunk (19660800 bytes/CG x 1 CGs, 19660800 bytes)...
[M::mem_process_seqs_merge2] CPE FASTQ formatting done
slave pre done
now n is 70214
processed 70214
[M::mem_process_seqs_merge2] Processed 70214 reads in 0.610 CPU sec, 0.612 real sec
[M::process] read chunk (19660800 bytes/CG x 1 CGs, 19660800 bytes)...
[M::mem_process_seqs_merge2] CPE FASTQ formatting done
slave pre done
now n is 70214
processed 70214
[M::mem_process_seqs_merge2] Processed 70214 reads in 0.620 CPU sec, 0.625 real sec
[M::process] read chunk (19660800 bytes/CG x 1 CGs, 19660800 bytes)...
[M::mem_process_seqs_merge2] CPE FASTQ formatting done
slave pre done
now n is 70214
processed 70214
[M::mem_process_seqs_merge2] Processed 70214 reads in 0.610 CPU sec, 0.604 real sec
[M::process] read chunk (19660800 bytes/CG x 1 CGs, 19660800 bytes)...
[M::mem_process_seqs_merge2] CPE FASTQ formatting done
slave pre done
now n is 70214
processed 70214
[M::mem_process_seqs_merge2] Processed 70214 reads in 0.610 CPU sec, 0.608 real sec
[M::process] read chunk (19660800 bytes/CG x 1 CGs, 19660800 bytes)...
[M::mem_process_seqs_merge2] CPE FASTQ formatting done
slave pre done
now n is 70214
processed 70214
[M::mem_process_seqs_merge2] Processed 70214 reads in 0.730 CPU sec, 0.733 real sec
[M::process] read chunk (19660800 bytes/CG x 1 CGs, 19660800 bytes)...
[M::mem_process_seqs_merge2] CPE FASTQ formatting done
slave pre done
now n is 70214
processed 70214
[M::mem_process_seqs_merge2] Processed 70214 reads in 0.610 CPU sec, 0.607 real sec
[M::process] read chunk (19660800 bytes/CG x 1 CGs, 19660800 bytes)...
[M::mem_process_seqs_merge2] CPE FASTQ formatting done
slave pre done
now n is 70214
processed 70214
[M::mem_process_seqs_merge2] Processed 70214 reads in 0.660 CPU sec, 0.653 real sec
[M::process] read chunk (19660800 bytes/CG x 1 CGs, 19660800 bytes)...
[M::mem_process_seqs_merge2] CPE FASTQ formatting done
slave pre done
now n is 70214
processed 70214
[M::mem_process_seqs_merge2] Processed 70214 reads in 0.770 CPU sec, 0.772 real sec
[M::process] read chunk (19660800 bytes/CG x 1 CGs, 19660800 bytes)...
[M::mem_process_seqs_merge2] CPE FASTQ formatting done
slave pre done
now n is 70214
processed 70214
[M::mem_process_seqs_merge2] Processed 70214 reads in 0.830 CPU sec, 0.834 real sec
[M::process] read chunk (19660800 bytes/CG x 1 CGs, 19660800 bytes)...
[M::mem_process_seqs_merge2] CPE FASTQ formatting done
slave pre done
now n is 70214
processed 70214
[M::mem_process_seqs_merge2] Processed 70214 reads in 0.610 CPU sec, 0.609 real sec
[M::process] read chunk (19660800 bytes/CG x 1 CGs, 19660800 bytes)...
[M::mem_process_seqs_merge2] CPE FASTQ formatting done
slave pre done
now n is 70214
processed 70214
[M::mem_process_seqs_merge2] Processed 70214 reads in 1.770 CPU sec, 1.775 real sec
[M::process] read chunk (19660800 bytes/CG x 1 CGs, 19660800 bytes)...
[M::mem_process_seqs_merge2] CPE FASTQ formatting done
slave pre done
now n is 70214
processed 70214
[M::mem_process_seqs_merge2] Processed 70214 reads in 0.780 CPU sec, 0.776 real sec
[M::process] read chunk (19660800 bytes/CG x 1 CGs, 19660800 bytes)...
[M::mem_process_seqs_merge2] CPE FASTQ formatting done
slave pre done
now n is 70214
processed 70214
[M::mem_process_seqs_merge2] Processed 70214 reads in 0.690 CPU sec, 0.687 real sec
[M::process] read chunk (19660800 bytes/CG x 1 CGs, 19660800 bytes)...
[M::mem_process_seqs_merge2] CPE FASTQ formatting done
slave pre done
now n is 70214
processed 70214
[M::mem_process_seqs_merge2] Processed 70214 reads in 0.770 CPU sec, 0.766 real sec
[M::process] read chunk (19660800 bytes/CG x 1 CGs, 19660800 bytes)...
[M::mem_process_seqs_merge2] CPE FASTQ formatting done
slave pre done
now n is 70214
processed 70214
[M::mem_process_seqs_merge2] Processed 70214 reads in 0.720 CPU sec, 0.728 real sec
[M::process] read chunk (19660800 bytes/CG x 1 CGs, 19660800 bytes)...
[M::mem_process_seqs_merge2] CPE FASTQ formatting done
slave pre done
now n is 70214
processed 70214
[M::mem_process_seqs_merge2] Processed 70214 reads in 0.610 CPU sec, 0.605 real sec
[M::process] read chunk (19660800 bytes/CG x 1 CGs, 19660800 bytes)...
[M::mem_process_seqs_merge2] CPE FASTQ formatting done
slave pre done
now n is 70214
processed 70214
[M::mem_process_seqs_merge2] Processed 70214 reads in 0.680 CPU sec, 0.680 real sec
[M::process] read chunk (19660800 bytes/CG x 1 CGs, 19660800 bytes)...
[M::mem_process_seqs_merge2] CPE FASTQ formatting done
slave pre done
now n is 70214
processed 70214
[M::mem_process_seqs_merge2] Processed 70214 reads in 0.800 CPU sec, 0.802 real sec
[M::process] read chunk (19660800 bytes/CG x 1 CGs, 19660800 bytes)...
[M::mem_process_seqs_merge2] CPE FASTQ formatting done
slave pre done
now n is 70214
processed 70214
[M::mem_process_seqs_merge2] Processed 70214 reads in 1.380 CPU sec, 1.381 real sec
[M::process] read chunk (19660800 bytes/CG x 1 CGs, 19660800 bytes)...
[M::mem_process_seqs_merge2] CPE FASTQ formatting done
slave pre done
now n is 70214
processed 70214
[M::mem_process_seqs_merge2] Processed 70214 reads in 0.850 CPU sec, 0.850 real sec
[M::process] read chunk (19660800 bytes/CG x 1 CGs, 19660800 bytes)...
[M::mem_process_seqs_merge2] CPE FASTQ formatting done
slave pre done
now n is 70214
processed 70214
[M::mem_process_seqs_merge2] Processed 70214 reads in 0.650 CPU sec, 0.653 real sec
[M::process] read chunk (19660800 bytes/CG x 1 CGs, 19660800 bytes)...
[M::mem_process_seqs_merge2] CPE FASTQ formatting done
slave pre done
now n is 70214
processed 70214
[M::mem_process_seqs_merge2] Processed 70214 reads in 0.570 CPU sec, 0.579 real sec
[M::process] read chunk (19660800 bytes/CG x 1 CGs, 19660800 bytes)...
[M::mem_process_seqs_merge2] CPE FASTQ formatting done
slave pre done
now n is 70214
processed 70214
[M::mem_process_seqs_merge2] Processed 70214 reads in 1.210 CPU sec, 1.214 real sec
[M::process] read chunk (19660800 bytes/CG x 1 CGs, 19660800 bytes)...
[M::mem_process_seqs_merge2] CPE FASTQ formatting done
slave pre done
now n is 70214
processed 70214
[M::mem_process_seqs_merge2] Processed 70214 reads in 0.680 CPU sec, 0.680 real sec
[M::process] read chunk (19660800 bytes/CG x 1 CGs, 19660800 bytes)...
[M::mem_process_seqs_merge2] CPE FASTQ formatting done
slave pre done
now n is 70214
processed 70214
[M::mem_process_seqs_merge2] Processed 70214 reads in 0.630 CPU sec, 0.633 real sec
[M::process] read chunk (19660800 bytes/CG x 1 CGs, 19660800 bytes)...
[M::mem_process_seqs_merge2] CPE FASTQ formatting done
slave pre done
now n is 70214
processed 70214
[M::mem_process_seqs_merge2] Processed 70214 reads in 0.760 CPU sec, 0.758 real sec
[M::process] read chunk (19660800 bytes/CG x 1 CGs, 19660800 bytes)...
[M::mem_process_seqs_merge2] CPE FASTQ formatting done
slave pre done
now n is 70214
processed 70214
[M::mem_process_seqs_merge2] Processed 70214 reads in 0.590 CPU sec, 0.586 real sec
[M::process] read chunk (19660800 bytes/CG x 1 CGs, 19660800 bytes)...
[M::mem_process_seqs_merge2] CPE FASTQ formatting done
slave pre done
now n is 70214
processed 70214
[M::mem_process_seqs_merge2] Processed 70214 reads in 0.560 CPU sec, 0.558 real sec
[M::process] read chunk (19660800 bytes/CG x 1 CGs, 19660800 bytes)...
[M::mem_process_seqs_merge2] CPE FASTQ formatting done
slave pre done
now n is 70214
processed 70214
[M::mem_process_seqs_merge2] Processed 70214 reads in 0.560 CPU sec, 0.560 real sec
[M::process] read chunk (19660800 bytes/CG x 1 CGs, 19660800 bytes)...
[M::mem_process_seqs_merge2] CPE FASTQ formatting done
slave pre done
now n is 70214
processed 70214
[M::mem_process_seqs_merge2] Processed 70214 reads in 2.040 CPU sec, 2.037 real sec
[M::process] read chunk (19660800 bytes/CG x 1 CGs, 19660800 bytes)...
[M::mem_process_seqs_merge2] CPE FASTQ formatting done
slave pre done
now n is 70214
processed 70214
[M::mem_process_seqs_merge2] Processed 70214 reads in 0.540 CPU sec, 0.544 real sec
[M::process] read chunk (19660800 bytes/CG x 1 CGs, 19660800 bytes)...
[M::mem_process_seqs_merge2] CPE FASTQ formatting done
slave pre done
now n is 70214
processed 70214
[M::mem_process_seqs_merge2] Processed 70214 reads in 0.730 CPU sec, 0.731 real sec
[M::process] read chunk (19660800 bytes/CG x 1 CGs, 19660800 bytes)...
[M::mem_process_seqs_merge2] CPE FASTQ formatting done
slave pre done
now n is 70214
processed 70214
[M::mem_process_seqs_merge2] Processed 70214 reads in 0.690 CPU sec, 0.692 real sec
[M::process] read chunk (19660800 bytes/CG x 1 CGs, 19660800 bytes)...
[M::mem_process_seqs_merge2] CPE FASTQ formatting done
slave pre done
now n is 70214
processed 70214
[M::mem_process_seqs_merge2] Processed 70214 reads in 0.870 CPU sec, 0.871 real sec
[M::process] read chunk (19660800 bytes/CG x 1 CGs, 19660800 bytes)...
[M::mem_process_seqs_merge2] CPE FASTQ formatting done
slave pre done
now n is 70214
processed 70214
[M::mem_process_seqs_merge2] Processed 70214 reads in 0.610 CPU sec, 0.602 real sec
[M::process] read chunk (19660800 bytes/CG x 1 CGs, 19660800 bytes)...
[M::mem_process_seqs_merge2] CPE FASTQ formatting done
slave pre done
now n is 70214
processed 70214
[M::mem_process_seqs_merge2] Processed 70214 reads in 0.750 CPU sec, 0.752 real sec
[M::process] read chunk (19660800 bytes/CG x 1 CGs, 19660800 bytes)...
[M::mem_process_seqs_merge2] CPE FASTQ formatting done
slave pre done
now n is 70214
processed 70214
[M::mem_process_seqs_merge2] Processed 70214 reads in 0.700 CPU sec, 0.704 real sec
[M::process] read chunk (19660800 bytes/CG x 1 CGs, 19660800 bytes)...
[M::mem_process_seqs_merge2] CPE FASTQ formatting done
slave pre done
now n is 70214
processed 70214
[M::mem_process_seqs_merge2] Processed 70214 reads in 1.220 CPU sec, 1.221 real sec
[M::process] read chunk (19660800 bytes/CG x 1 CGs, 19660800 bytes)...
[M::mem_process_seqs_merge2] CPE FASTQ formatting done
slave pre done
now n is 70214
processed 70214
[M::mem_process_seqs_merge2] Processed 70214 reads in 0.610 CPU sec, 0.605 real sec
[M::process] read chunk (19660800 bytes/CG x 1 CGs, 19660800 bytes)...
[M::mem_process_seqs_merge2] CPE FASTQ formatting done
slave pre done
now n is 70214
processed 70214
[M::mem_process_seqs_merge2] Processed 70214 reads in 0.700 CPU sec, 0.700 real sec
[M::process] read chunk (19660800 bytes/CG x 1 CGs, 19660800 bytes)...
[M::mem_process_seqs_merge2] CPE FASTQ formatting done
slave pre done
now n is 70214
processed 70214
[M::mem_process_seqs_merge2] Processed 70214 reads in 0.650 CPU sec, 0.644 real sec
[M::process] read chunk (19660800 bytes/CG x 1 CGs, 19660800 bytes)...
[M::mem_process_seqs_merge2] CPE FASTQ formatting done
slave pre done
now n is 70214
processed 70214
[M::mem_process_seqs_merge2] Processed 70214 reads in 0.660 CPU sec, 0.657 real sec
[M::process] read chunk (19660800 bytes/CG x 1 CGs, 19660800 bytes)...
[M::mem_process_seqs_merge2] CPE FASTQ formatting done
slave pre done
now n is 70214
processed 70214
[M::mem_process_seqs_merge2] Processed 70214 reads in 0.690 CPU sec, 0.696 real sec
[M::process] read chunk (19660800 bytes/CG x 1 CGs, 19660800 bytes)...
[M::mem_process_seqs_merge2] CPE FASTQ formatting done
slave pre done
now n is 70214
processed 70214
[M::mem_process_seqs_merge2] Processed 70214 reads in 0.570 CPU sec, 0.569 real sec
[M::process] read chunk (19660800 bytes/CG x 1 CGs, 19660800 bytes)...
[M::mem_process_seqs_merge2] CPE FASTQ formatting done
slave pre done
now n is 70214
processed 70214
[M::mem_process_seqs_merge2] Processed 70214 reads in 0.690 CPU sec, 0.690 real sec
[M::process] read chunk (19660800 bytes/CG x 1 CGs, 19660800 bytes)...
[M::mem_process_seqs_merge2] CPE FASTQ formatting done
slave pre done
now n is 70214
processed 70214
[M::mem_process_seqs_merge2] Processed 70214 reads in 0.690 CPU sec, 0.689 real sec
[M::process] read chunk (19660800 bytes/CG x 1 CGs, 19660800 bytes)...
[M::mem_process_seqs_merge2] CPE FASTQ formatting done
slave pre done
now n is 70214
processed 70214
[M::mem_process_seqs_merge2] Processed 70214 reads in 0.670 CPU sec, 0.668 real sec
[M::process] read chunk (19660800 bytes/CG x 1 CGs, 19660800 bytes)...
[M::mem_process_seqs_merge2] CPE FASTQ formatting done
slave pre done
now n is 70214
processed 70214
[M::mem_process_seqs_merge2] Processed 70214 reads in 0.620 CPU sec, 0.625 real sec
[M::process] read chunk (19660800 bytes/CG x 1 CGs, 19660800 bytes)...
[M::mem_process_seqs_merge2] CPE FASTQ formatting done
slave pre done
now n is 70214
processed 70214
[M::mem_process_seqs_merge2] Processed 70214 reads in 0.720 CPU sec, 0.719 real sec
[M::process] read chunk (19660800 bytes/CG x 1 CGs, 19660800 bytes)...
[M::mem_process_seqs_merge2] CPE FASTQ formatting done
slave pre done
now n is 70214
processed 70214
[M::mem_process_seqs_merge2] Processed 70214 reads in 0.770 CPU sec, 0.769 real sec
[M::process] read chunk (19660800 bytes/CG x 1 CGs, 19660800 bytes)...
[M::mem_process_seqs_merge2] CPE FASTQ formatting done
slave pre done
now n is 70214
processed 70214
[M::mem_process_seqs_merge2] Processed 70214 reads in 0.580 CPU sec, 0.588 real sec
[M::process] read chunk (19660800 bytes/CG x 1 CGs, 19660800 bytes)...
[M::mem_process_seqs_merge2] CPE FASTQ formatting done
slave pre done
now n is 70214
processed 70214
[M::mem_process_seqs_merge2] Processed 70214 reads in 0.580 CPU sec, 0.581 real sec
[M::process] read chunk (19660800 bytes/CG x 1 CGs, 19660800 bytes)...
[M::mem_process_seqs_merge2] CPE FASTQ formatting done
slave pre done
now n is 70214
processed 70214
[M::mem_process_seqs_merge2] Processed 70214 reads in 0.630 CPU sec, 0.629 real sec
[M::process] read chunk (19660800 bytes/CG x 1 CGs, 19660800 bytes)...
[M::mem_process_seqs_merge2] CPE FASTQ formatting done
slave pre done
now n is 70214
processed 70214
[M::mem_process_seqs_merge2] Processed 70214 reads in 0.610 CPU sec, 0.616 real sec
[M::process] read chunk (19660800 bytes/CG x 1 CGs, 19660800 bytes)...
[M::mem_process_seqs_merge2] CPE FASTQ formatting done
slave pre done
now n is 70214
processed 70214
[M::mem_process_seqs_merge2] Processed 70214 reads in 0.560 CPU sec, 0.556 real sec
[M::process] read chunk (19660800 bytes/CG x 1 CGs, 19660800 bytes)...
[M::mem_process_seqs_merge2] CPE FASTQ formatting done
slave pre done
now n is 70214
processed 70214
[M::mem_process_seqs_merge2] Processed 70214 reads in 0.890 CPU sec, 0.892 real sec
[M::process] read chunk (19660800 bytes/CG x 1 CGs, 19660800 bytes)...
[M::mem_process_seqs_merge2] CPE FASTQ formatting done
slave pre done
now n is 70214
processed 70214
[M::mem_process_seqs_merge2] Processed 70214 reads in 0.610 CPU sec, 0.613 real sec
[M::process] read chunk (19660800 bytes/CG x 1 CGs, 19660800 bytes)...
[M::mem_process_seqs_merge2] CPE FASTQ formatting done
slave pre done
now n is 70214
processed 70214
[M::mem_process_seqs_merge2] Processed 70214 reads in 0.710 CPU sec, 0.711 real sec
[M::process] read chunk (19660800 bytes/CG x 1 CGs, 19660800 bytes)...
[M::mem_process_seqs_merge2] CPE FASTQ formatting done
slave pre done
now n is 70214
processed 70214
[M::mem_process_seqs_merge2] Processed 70214 reads in 0.610 CPU sec, 0.610 real sec
[M::process] read chunk (19660800 bytes/CG x 1 CGs, 19660800 bytes)...
[M::mem_process_seqs_merge2] CPE FASTQ formatting done
slave pre done
now n is 70214
processed 70214
[M::mem_process_seqs_merge2] Processed 70214 reads in 0.620 CPU sec, 0.618 real sec
[M::process] read chunk (19660800 bytes/CG x 1 CGs, 19660800 bytes)...
[M::mem_process_seqs_merge2] CPE FASTQ formatting done
slave pre done
now n is 70214
processed 70214
[M::mem_process_seqs_merge2] Processed 70214 reads in 0.640 CPU sec, 0.634 real sec
[M::process] read chunk (19660800 bytes/CG x 1 CGs, 19660800 bytes)...
[M::mem_process_seqs_merge2] CPE FASTQ formatting done
slave pre done
now n is 70214
processed 70214
[M::mem_process_seqs_merge2] Processed 70214 reads in 0.550 CPU sec, 0.550 real sec
[M::process] read chunk (19660800 bytes/CG x 1 CGs, 19660800 bytes)...
[M::mem_process_seqs_merge2] CPE FASTQ formatting done
slave pre done
now n is 70214
processed 70214
[M::mem_process_seqs_merge2] Processed 70214 reads in 0.610 CPU sec, 0.614 real sec
[M::process] read chunk (19660800 bytes/CG x 1 CGs, 19660800 bytes)...
[M::mem_process_seqs_merge2] CPE FASTQ formatting done
slave pre done
now n is 70214
processed 70214
[M::mem_process_seqs_merge2] Processed 70214 reads in 0.880 CPU sec, 0.882 real sec
[M::process] read chunk (19660800 bytes/CG x 1 CGs, 19660800 bytes)...
[M::mem_process_seqs_merge2] CPE FASTQ formatting done
slave pre done
now n is 70214
processed 70214
[M::mem_process_seqs_merge2] Processed 70214 reads in 0.690 CPU sec, 0.698 real sec
[M::process] read chunk (19660800 bytes/CG x 1 CGs, 19660800 bytes)...
[M::mem_process_seqs_merge2] CPE FASTQ formatting done
slave pre done
now n is 70214
processed 70214
[M::mem_process_seqs_merge2] Processed 70214 reads in 0.870 CPU sec, 0.864 real sec
[M::process] read chunk (19660800 bytes/CG x 1 CGs, 19660800 bytes)...
[M::mem_process_seqs_merge2] CPE FASTQ formatting done
slave pre done
now n is 70214
processed 70214
[M::mem_process_seqs_merge2] Processed 70214 reads in 0.960 CPU sec, 0.956 real sec
[M::process] read chunk (19660800 bytes/CG x 1 CGs, 19660800 bytes)...
[M::mem_process_seqs_merge2] CPE FASTQ formatting done
slave pre done
now n is 70214
processed 70214
[M::mem_process_seqs_merge2] Processed 70214 reads in 0.820 CPU sec, 0.825 real sec
[M::process] read chunk (19660800 bytes/CG x 1 CGs, 19660800 bytes)...
[M::mem_process_seqs_merge2] CPE FASTQ formatting done
slave pre done
now n is 70214
processed 70214
[M::mem_process_seqs_merge2] Processed 70214 reads in 0.860 CPU sec, 0.867 real sec
[M::process] read chunk (19660800 bytes/CG x 1 CGs, 19660800 bytes)...
[M::mem_process_seqs_merge2] CPE FASTQ formatting done
slave pre done
now n is 70214
processed 70214
[M::mem_process_seqs_merge2] Processed 70214 reads in 0.860 CPU sec, 0.860 real sec
[M::process] read chunk (19660800 bytes/CG x 1 CGs, 19660800 bytes)...
[M::mem_process_seqs_merge2] CPE FASTQ formatting done
slave pre done
now n is 70214
processed 70214
[M::mem_process_seqs_merge2] Processed 70214 reads in 0.580 CPU sec, 0.572 real sec
[M::process] read chunk (19660800 bytes/CG x 1 CGs, 19660800 bytes)...
[M::mem_process_seqs_merge2] CPE FASTQ formatting done
slave pre done
now n is 69419
processed 69419
[M::mem_process_seqs_merge2] Processed 69419 reads in 0.530 CPU sec, 0.534 real sec
[M::process] read chunk (19660800 bytes/CG x 1 CGs, 19660800 bytes)...
[M::mem_process_seqs_merge2] CPE FASTQ formatting done
slave pre done
now n is 69225
processed 69225
[M::mem_process_seqs_merge2] Processed 69225 reads in 0.720 CPU sec, 0.717 real sec
[M::process] read chunk (19660800 bytes/CG x 1 CGs, 19660800 bytes)...
[M::mem_process_seqs_merge2] CPE FASTQ formatting done
slave pre done
now n is 69225
processed 69225
[M::mem_process_seqs_merge2] Processed 69225 reads in 0.740 CPU sec, 0.744 real sec
[M::process] read chunk (19660800 bytes/CG x 1 CGs, 19660800 bytes)...
[M::mem_process_seqs_merge2] CPE FASTQ formatting done
slave pre done
now n is 69225
processed 69225
[M::mem_process_seqs_merge2] Processed 69225 reads in 0.600 CPU sec, 0.598 real sec
[M::process] read chunk (19660800 bytes/CG x 1 CGs, 19660800 bytes)...
[M::mem_process_seqs_merge2] CPE FASTQ formatting done
slave pre done
now n is 69225
processed 69225
[M::mem_process_seqs_merge2] Processed 69225 reads in 0.620 CPU sec, 0.622 real sec
[M::process] read chunk (19660800 bytes/CG x 1 CGs, 19660800 bytes)...
[M::mem_process_seqs_merge2] CPE FASTQ formatting done
slave pre done
now n is 69225
processed 69225
[M::mem_process_seqs_merge2] Processed 69225 reads in 0.540 CPU sec, 0.536 real sec
[M::process] read chunk (19660800 bytes/CG x 1 CGs, 19660800 bytes)...
[M::mem_process_seqs_merge2] CPE FASTQ formatting done
slave pre done
now n is 69225
processed 69225
[M::mem_process_seqs_merge2] Processed 69225 reads in 0.550 CPU sec, 0.551 real sec
[M::process] read chunk (19660800 bytes/CG x 1 CGs, 19660800 bytes)...
[M::mem_process_seqs_merge2] CPE FASTQ formatting done
slave pre done
now n is 69225
processed 69225
[M::mem_process_seqs_merge2] Processed 69225 reads in 0.610 CPU sec, 0.610 real sec
[M::process] read chunk (19660800 bytes/CG x 1 CGs, 19660800 bytes)...
[M::mem_process_seqs_merge2] CPE FASTQ formatting done
slave pre done
now n is 69225
processed 69225
[M::mem_process_seqs_merge2] Processed 69225 reads in 0.610 CPU sec, 0.612 real sec
[M::process] read chunk (19660800 bytes/CG x 1 CGs, 19660800 bytes)...
[M::mem_process_seqs_merge2] CPE FASTQ formatting done
slave pre done
now n is 69225
processed 69225
[M::mem_process_seqs_merge2] Processed 69225 reads in 0.840 CPU sec, 0.835 real sec
[M::process] read chunk (19660800 bytes/CG x 1 CGs, 19660800 bytes)...
[M::mem_process_seqs_merge2] CPE FASTQ formatting done
slave pre done
now n is 69225
processed 69225
[M::mem_process_seqs_merge2] Processed 69225 reads in 1.020 CPU sec, 1.017 real sec
[M::process] read chunk (19660800 bytes/CG x 1 CGs, 19660800 bytes)...
[M::mem_process_seqs_merge2] CPE FASTQ formatting done
slave pre done
now n is 69225
processed 69225
[M::mem_process_seqs_merge2] Processed 69225 reads in 0.630 CPU sec, 0.622 real sec
[M::process] read chunk (19660800 bytes/CG x 1 CGs, 19660800 bytes)...
[M::mem_process_seqs_merge2] CPE FASTQ formatting done
slave pre done
now n is 69225
processed 69225
[M::mem_process_seqs_merge2] Processed 69225 reads in 0.660 CPU sec, 0.656 real sec
[M::process] read chunk (19660800 bytes/CG x 1 CGs, 19660800 bytes)...
[M::mem_process_seqs_merge2] CPE FASTQ formatting done
slave pre done
now n is 69225
processed 69225
[M::mem_process_seqs_merge2] Processed 69225 reads in 0.540 CPU sec, 0.541 real sec
[M::process] read chunk (19660800 bytes/CG x 1 CGs, 19660800 bytes)...
[M::mem_process_seqs_merge2] CPE FASTQ formatting done
slave pre done
now n is 69225
processed 69225
[M::mem_process_seqs_merge2] Processed 69225 reads in 0.530 CPU sec, 0.532 real sec
[M::process] read chunk (19660800 bytes/CG x 1 CGs, 19660800 bytes)...
[M::mem_process_seqs_merge2] CPE FASTQ formatting done
slave pre done
now n is 69225
processed 69225
[M::mem_process_seqs_merge2] Processed 69225 reads in 0.530 CPU sec, 0.536 real sec
[M::process] read chunk (19660800 bytes/CG x 1 CGs, 19660800 bytes)...
[M::mem_process_seqs_merge2] CPE FASTQ formatting done
slave pre done
now n is 69225
processed 69225
[M::mem_process_seqs_merge2] Processed 69225 reads in 0.620 CPU sec, 0.625 real sec
[M::process] read chunk (19660800 bytes/CG x 1 CGs, 19660800 bytes)...
[M::mem_process_seqs_merge2] CPE FASTQ formatting done
slave pre done
now n is 69225
processed 69225
[M::mem_process_seqs_merge2] Processed 69225 reads in 0.630 CPU sec, 0.624 real sec
[M::process] read chunk (19660800 bytes/CG x 1 CGs, 19660800 bytes)...
[M::mem_process_seqs_merge2] CPE FASTQ formatting done
slave pre done
now n is 69225
processed 69225
[M::mem_process_seqs_merge2] Processed 69225 reads in 0.540 CPU sec, 0.534 real sec
[M::process] read chunk (19660800 bytes/CG x 1 CGs, 19660800 bytes)...
[M::mem_process_seqs_merge2] CPE FASTQ formatting done
slave pre done
now n is 69225
processed 69225
[M::mem_process_seqs_merge2] Processed 69225 reads in 0.560 CPU sec, 0.563 real sec
[M::process] read chunk (19660800 bytes/CG x 1 CGs, 19660800 bytes)...
[M::mem_process_seqs_merge2] CPE FASTQ formatting done
slave pre done
now n is 69225
processed 69225
[M::mem_process_seqs_merge2] Processed 69225 reads in 0.620 CPU sec, 0.622 real sec
[M::process] read chunk (19660800 bytes/CG x 1 CGs, 19660800 bytes)...
[M::mem_process_seqs_merge2] CPE FASTQ formatting done
slave pre done
now n is 69225
processed 69225
[M::mem_process_seqs_merge2] Processed 69225 reads in 0.740 CPU sec, 0.741 real sec
[M::process] read chunk (19660800 bytes/CG x 1 CGs, 19660800 bytes)...
[M::mem_process_seqs_merge2] CPE FASTQ formatting done
slave pre done
now n is 69225
processed 69225
[M::mem_process_seqs_merge2] Processed 69225 reads in 0.620 CPU sec, 0.627 real sec
[M::process] read chunk (19660800 bytes/CG x 1 CGs, 19660800 bytes)...
[M::mem_process_seqs_merge2] CPE FASTQ formatting done
slave pre done
now n is 69225
processed 69225
[M::mem_process_seqs_merge2] Processed 69225 reads in 1.570 CPU sec, 1.565 real sec
[M::process] read chunk (19660800 bytes/CG x 1 CGs, 19660800 bytes)...
[M::mem_process_seqs_merge2] CPE FASTQ formatting done
slave pre done
now n is 69225
processed 69225
[M::mem_process_seqs_merge2] Processed 69225 reads in 0.730 CPU sec, 0.734 real sec
[M::process] read chunk (19660800 bytes/CG x 1 CGs, 19660800 bytes)...
[M::mem_process_seqs_merge2] CPE FASTQ formatting done
slave pre done
now n is 69225
processed 69225
[M::mem_process_seqs_merge2] Processed 69225 reads in 0.670 CPU sec, 0.667 real sec
[M::process] read chunk (19660800 bytes/CG x 1 CGs, 19660800 bytes)...
[M::mem_process_seqs_merge2] CPE FASTQ formatting done
slave pre done
now n is 69225
processed 69225
[M::mem_process_seqs_merge2] Processed 69225 reads in 0.580 CPU sec, 0.582 real sec
[M::process] read chunk (19660800 bytes/CG x 1 CGs, 19660800 bytes)...
[M::mem_process_seqs_merge2] CPE FASTQ formatting done
slave pre done
now n is 69225
processed 69225
[M::mem_process_seqs_merge2] Processed 69225 reads in 0.580 CPU sec, 0.577 real sec
[M::process] read chunk (19660800 bytes/CG x 1 CGs, 19660800 bytes)...
[M::mem_process_seqs_merge2] CPE FASTQ formatting done
slave pre done
now n is 69225
processed 69225
[M::mem_process_seqs_merge2] Processed 69225 reads in 0.630 CPU sec, 0.625 real sec
[M::process] read chunk (19660800 bytes/CG x 1 CGs, 19660800 bytes)...
[M::mem_process_seqs_merge2] CPE FASTQ formatting done
slave pre done
now n is 69225
processed 69225
[M::mem_process_seqs_merge2] Processed 69225 reads in 0.580 CPU sec, 0.578 real sec
[M::process] read chunk (19660800 bytes/CG x 1 CGs, 19660800 bytes)...
[M::mem_process_seqs_merge2] CPE FASTQ formatting done
slave pre done
now n is 69225
processed 69225
[M::mem_process_seqs_merge2] Processed 69225 reads in 0.560 CPU sec, 0.552 real sec
[M::process] read chunk (19660800 bytes/CG x 1 CGs, 19660800 bytes)...
[M::mem_process_seqs_merge2] CPE FASTQ formatting done
slave pre done
now n is 69225
processed 69225
[M::mem_process_seqs_merge2] Processed 69225 reads in 0.640 CPU sec, 0.633 real sec
[M::process] read chunk (19660800 bytes/CG x 1 CGs, 19660800 bytes)...
[M::mem_process_seqs_merge2] CPE FASTQ formatting done
slave pre done
now n is 69225
processed 69225
[M::mem_process_seqs_merge2] Processed 69225 reads in 0.540 CPU sec, 0.540 real sec
[M::process] read chunk (19660800 bytes/CG x 1 CGs, 19660800 bytes)...
[M::mem_process_seqs_merge2] CPE FASTQ formatting done
slave pre done
now n is 69225
processed 69225
[M::mem_process_seqs_merge2] Processed 69225 reads in 0.650 CPU sec, 0.650 real sec
[M::process] read chunk (19660800 bytes/CG x 1 CGs, 19660800 bytes)...
[M::mem_process_seqs_merge2] CPE FASTQ formatting done
slave pre done
now n is 69225
processed 69225
[M::mem_process_seqs_merge2] Processed 69225 reads in 0.640 CPU sec, 0.640 real sec
[M::process] read chunk (19660800 bytes/CG x 1 CGs, 19660800 bytes)...
[M::mem_process_seqs_merge2] CPE FASTQ formatting done
slave pre done
now n is 69225
processed 69225
[M::mem_process_seqs_merge2] Processed 69225 reads in 0.640 CPU sec, 0.641 real sec
[M::process] read chunk (19660800 bytes/CG x 1 CGs, 19660800 bytes)...
[M::mem_process_seqs_merge2] CPE FASTQ formatting done
slave pre done
now n is 69225
processed 69225
[M::mem_process_seqs_merge2] Processed 69225 reads in 0.660 CPU sec, 0.661 real sec
[M::process] read chunk (19660800 bytes/CG x 1 CGs, 16934068 bytes)...
[M::mem_process_seqs_merge2] CPE FASTQ formatting done
slave pre done
now n is 59627
processed 59627
[M::mem_process_seqs_merge2] Processed 59627 reads in 0.680 CPU sec, 0.674 real sec

====================== SWBWA Output Debug =====================
  MPI rank: 000000 / 000001
  mode:     non-MPI POSIX
  path:     bigdata_results/single_system/has1/SRR2496709_SE.sam

  Output volume
    output buffer capacity                           67108864
    swbwa_output_write calls                        12607411
    submitted SAM bytes                           3685790019
    buffered flushes                                      55
    buffered flush bytes                          3685790019
    direct oversized writes                                0
    direct oversized bytes                                 0

  Buffering
    buffered flush total                        50.330828 s  (55 calls, 915105.960 us/call)

  POSIX file writes
    write system calls                                     55
    write system-call bytes                        3685790019
    POSIX write system calls                    50.330682 s  (55 calls, 915103.301 us/call)
    POSIX write effective bandwidth                69.839 MiB/s

  Output close timing
    POSIX close                                  0.000384 s  (1 calls,   384.304 us/call)
================================================================


======================= SWBWA Timing Report =======================
  Accumulated wall-clock time; indented rows are included in
  their parent row and must not be added to it.

  Pipeline
    total - complete three-stage pipeline                   227.363 s
    stage 1 - allocate and read raw FASTQ blocks             33.496 s
    stage 2 - align reads and generate SAM records          130.556 s
    stage 3 - write SAM and release batch data               62.444 s
      SAM output writes                                        57.928 s
      batch cleanup and loop overhead (derived)                 4.516 s

  Stage 1 input details
    batches completed / stage calls                     180 / 181
    input-buffer and batch allocations                        0.001 s  (361 calls, max 0.000 s)
    aggregate requested allocation bytes           3536413172
    FASTQ fseeko calls                                        0.001 s  (180 calls, max 0.000 s)
    FASTQ fread calls                                        33.480 s  (180 calls, max 0.326 s)
    align chunk ends to FASTQ record boundaries               0.000 s  (179 calls, max 0.000 s)
    scheduler, checks and bookkeeping (derived)               0.014 s
    raw FASTQ bytes read                           3536217268  (3372.400 MiB)
    effective fread bandwidth                        100.730 MiB/s
    slowest allocation                                 0.000 s  (64 bytes)
    slowest fread                                      0.326 s  (R1 offset=3047288644, bytes=19660800)

  Stage 2 worker details
    total - active merge worker                             130.544 s
      part 1 - prepare CPE task and reusable buffers            2.589 s
      part 2 - CPE FASTQ formatting and input release           0.988 s
      part 3 - CPE alignment and SAM length pass              124.543 s
      part 4 - assign slices in the shared SAM buffer           0.906 s
      part 5 - CPE SAM record generation                        1.502 s
      part 6 - release temporary worker data                    0.003 s

  Reserved allocator timers (no active timing sites)
    malloc timer                                              0.000 s
    free timer                                                0.000 s
===================================================================

[main] Version: 0.0.1
[main] CMD: ./SWBWA mem -v 4 -t 1 -1 -o bigdata_results/single_system/has1/SRR2496709_SE.sam -I 170,80,500,1 ../data/GRCh38.d1.vd1.fa ../data/bwa_test_big_data/SRR2496709_1.fastq
