Reserved space for 33554432 SAM records
Loaded 1000000 SAM records
Loaded 2000000 SAM records
Loaded 3000000 SAM records
Loaded 4000000 SAM records
Loaded 5000000 SAM records
Loaded 6000000 SAM records
Loaded 7000000 SAM records
Loaded 8000000 SAM records
Loaded 9000000 SAM records
Loaded 10000000 SAM records
Loaded 11000000 SAM records
Loaded 12000000 SAM records
Loaded 13000000 SAM records
Loaded 14000000 SAM records
Loaded 15000000 SAM records
Loaded 16000000 SAM records
Loaded 17000000 SAM records
Loaded 18000000 SAM records
Loaded 19000000 SAM records
Loaded 20000000 SAM records
Loaded 21000000 SAM records
Loaded 22000000 SAM records
Loaded 23000000 SAM records
Loaded 24000000 SAM records
Loaded 25000000 SAM records
Loaded 26000000 SAM records
Loaded 27000000 SAM records
Loaded 28000000 SAM records
Loaded 29000000 SAM records
Loaded 30000000 SAM records
Finished loading 30558104 SAM records
Sorting records by ID...
Sorting finished
Hashing sorted SAM stream...
Hashed 30558104 sorted SAM records
