[M::main_mem] mean insert size: 170.000, stddev: 80.000, max: 500, min: 1
[CPE input] bytes_per_cg=19660800 cg_count=1 chunk_bytes=19660800 file_bytes=3499281348
[MPI rank 000001/000006] input range: records=[2577448, 5135402) bytes=[583213728, 1166427240)
[MPI rank 000002/000006] input range: records=[5135402, 7693356) bytes=[1166427240, 1749640752)
[MPI rank 000003/000006] input range: records=[7693356, 10246977) bytes=[1749640752, 2332854252)
[MPI rank 000004/000006] input range: records=[10246977, 12760829) bytes=[2332854252, 2916067916)
[MPI rank 000005/000006] input range: records=[12760829, 15274680) bytes=[2916067916, 3499281348)
[MPI rank 000000/000006] input range: records=[0, 2577448) bytes=[0, 583213728)
malloc bwt->bwt 3107576584, 0x500008804020
malloc bwt->bwt 3107576584, 0x500008804020
malloc bwt->bwt 3107576584, 0x500008804020
malloc bwt->bwt 3107576584, 0x500008804020
malloc bwt->bwt 3107576584, 0x500008804020
malloc bwt->bwt 3107576584, 0x500008804020
malloc bwt->sa 1553788264, 0x5000c1ba1b40
malloc bwt->sa 1553788264, 0x5000c1ba1b40
malloc bwt->sa 1553788264, 0x5000c1ba1b40
malloc bwt->sa 1553788264, 0x5000c1ba1b40
malloc bwt->sa 1553788264, 0x5000c1ba1b40
malloc bwt->sa 1553788264, 0x5000c1ba1b40
[M::bwa_idx_load_from_disk] read 0 ALT contigs
[M::bwa_idx_load_from_disk] read 0 ALT contigs
[M::bwa_idx_load_from_disk] read 0 ALT contigs
[M::bwa_idx_load_from_disk] read 0 ALT contigs
[M::bwa_idx_load_from_disk] read 0 ALT contigs
[M::bwa_idx_load_from_disk] read 0 ALT contigs
malloc pac 776894131, 0x50011e5708c0
malloc pac 776894131, 0x50011e5708c0
malloc pac 776894131, 0x50011e5708c0
malloc pac 776894131, 0x50011e5708c0
malloc pac 776894131, 0x50011e5708c0
malloc pac 776894131, 0x50011e5708c0
the input file is ../data/bwa_test_big_data/ERR1203383_1.fastq
the input file is ../data/bwa_test_big_data/ERR1203383_2.fastq
[MPI rank 000000/000006] output: correctness_results/bigdata_mpi_lwpf_off_20260823/mpi_static_split/has1/ERR1203383_PE.rank000000.sam
[M::process] read chunk (19660800 bytes/CG x 1 CGs, 19660800 bytes)...
[MPI rank 000003/000006] output: correctness_results/bigdata_mpi_lwpf_off_20260823/mpi_static_split/has1/ERR1203383_PE.rank000003.sam
[M::process] read chunk (19660800 bytes/CG x 1 CGs, 19660800 bytes)...
[MPI rank 000001/000006] output: correctness_results/bigdata_mpi_lwpf_off_20260823/mpi_static_split/has1/ERR1203383_PE.rank000001.sam
[M::process] read chunk (19660800 bytes/CG x 1 CGs, 19660800 bytes)...
[MPI rank 000002/000006] output: correctness_results/bigdata_mpi_lwpf_off_20260823/mpi_static_split/has1/ERR1203383_PE.rank000002.sam
[M::process] read chunk (19660800 bytes/CG x 1 CGs, 19660800 bytes)...
[MPI rank 000005/000006] output: correctness_results/bigdata_mpi_lwpf_off_20260823/mpi_static_split/has1/ERR1203383_PE.rank000005.sam
[M::process] read chunk (19660800 bytes/CG x 1 CGs, 19660800 bytes)...
[MPI rank 000004/000006] output: correctness_results/bigdata_mpi_lwpf_off_20260823/mpi_static_split/has1/ERR1203383_PE.rank000004.sam
[M::process] read chunk (19660800 bytes/CG x 1 CGs, 19660800 bytes)...
[M::mem_process_seqs_merge2] CPE FASTQ formatting done
[M::mem_process_seqs_merge2] CPE FASTQ formatting done
[M::mem_process_seqs_merge2] CPE FASTQ formatting done
[M::mem_process_seqs_merge2] CPE FASTQ formatting done
[M::mem_process_seqs_merge2] CPE FASTQ formatting done
[M::mem_process_seqs_merge2] CPE FASTQ formatting done
slave pre done
now n is 179130
processed 179130
[M::mem_process_seqs_merge2] Processed 179130 reads in 0.540 CPU sec, 2.168 real sec
slave pre done
now n is 172456
processed 172456
[M::mem_process_seqs_merge2] Processed 172456 reads in 0.530 CPU sec, 2.282 real sec
slave pre done
now n is 169482
slave pre done
now n is 169482
processed 169482
slave pre done
now n is 172456
[M::mem_process_seqs_merge2] Processed 169482 reads in 0.530 CPU sec, 2.283 real sec
processed 169482
[M::mem_process_seqs_merge2] Processed 169482 reads in 0.550 CPU sec, 2.344 real sec
[M::process] read chunk (19660800 bytes/CG x 1 CGs, 19660800 bytes)...
processed 172456
[M::mem_process_seqs_merge2] Processed 172456 reads in 0.540 CPU sec, 2.400 real sec
[M::process] read chunk (19660800 bytes/CG x 1 CGs, 19660800 bytes)...
[M::process] read chunk (19660800 bytes/CG x 1 CGs, 19660800 bytes)...
[M::process] read chunk (19660800 bytes/CG x 1 CGs, 19660800 bytes)...
[M::process] read chunk (19660800 bytes/CG x 1 CGs, 19660800 bytes)...
slave pre done
now n is 172456
processed 172456
[M::mem_process_seqs_merge2] Processed 172456 reads in 0.580 CPU sec, 3.051 real sec
[M::process] read chunk (19660800 bytes/CG x 1 CGs, 19660800 bytes)...
[M::mem_process_seqs_merge2] CPE FASTQ formatting done
[M::mem_process_seqs_merge2] CPE FASTQ formatting done
[M::mem_process_seqs_merge2] CPE FASTQ formatting done
[M::mem_process_seqs_merge2] CPE FASTQ formatting done
[M::mem_process_seqs_merge2] CPE FASTQ formatting done
[M::mem_process_seqs_merge2] CPE FASTQ formatting done
slave pre done
now n is 172456
slave pre done
now n is 175908
processed 172456
[M::mem_process_seqs_merge2] Processed 172456 reads in 0.030 CPU sec, 1.801 real sec
processed 175908
[M::mem_process_seqs_merge2] Processed 175908 reads in 0.030 CPU sec, 1.850 real sec
slave pre done
now n is 169482
slave pre done
now n is 169482
slave pre done
now n is 172456
processed 169482
[M::mem_process_seqs_merge2] Processed 169482 reads in 0.020 CPU sec, 1.827 real sec
processed 169482
[M::mem_process_seqs_merge2] Processed 169482 reads in 0.030 CPU sec, 1.819 real sec
processed 172456
[M::mem_process_seqs_merge2] Processed 172456 reads in 0.050 CPU sec, 1.769 real sec
slave pre done
now n is 172456
processed 172456
[M::mem_process_seqs_merge2] Processed 172456 reads in 0.040 CPU sec, 2.014 real sec
[M::process] read chunk (19660800 bytes/CG x 1 CGs, 19660800 bytes)...
[M::process] read chunk (19660800 bytes/CG x 1 CGs, 19660800 bytes)...
[M::process] read chunk (19660800 bytes/CG x 1 CGs, 19660800 bytes)...
[M::process] read chunk (19660800 bytes/CG x 1 CGs, 19660800 bytes)...
[M::process] read chunk (19660800 bytes/CG x 1 CGs, 19660800 bytes)...
[M::process] read chunk (19660800 bytes/CG x 1 CGs, 19660800 bytes)...
[M::mem_process_seqs_merge2] CPE FASTQ formatting done
[M::mem_process_seqs_merge2] CPE FASTQ formatting done
[M::mem_process_seqs_merge2] CPE FASTQ formatting done
[M::mem_process_seqs_merge2] CPE FASTQ formatting done
[M::mem_process_seqs_merge2] CPE FASTQ formatting done
[M::mem_process_seqs_merge2] CPE FASTQ formatting done
slave pre done
now n is 172456
processed 172456
[M::mem_process_seqs_merge2] Processed 172456 reads in 0.030 CPU sec, 1.707 real sec
slave pre done
now n is 175534
processed 175534
[M::mem_process_seqs_merge2] Processed 175534 reads in 0.040 CPU sec, 1.836 real sec
slave pre done
now n is 172456
processed 172456
[M::mem_process_seqs_merge2] Processed 172456 reads in 0.030 CPU sec, 1.576 real sec
slave pre done
now n is 169482
slave pre done
now n is 169482
processed 169482
[M::mem_process_seqs_merge2] Processed 169482 reads in 0.020 CPU sec, 1.713 real sec
processed 169482
[M::mem_process_seqs_merge2] Processed 169482 reads in 0.020 CPU sec, 1.808 real sec
[M::process] read chunk (19660800 bytes/CG x 1 CGs, 19660800 bytes)...
[M::process] read chunk (19660800 bytes/CG x 1 CGs, 19660800 bytes)...
slave pre done
now n is 172456
processed 172456
[M::mem_process_seqs_merge2] Processed 172456 reads in 0.040 CPU sec, 2.080 real sec
[M::mem_process_seqs_merge2] CPE FASTQ formatting done
[M::mem_process_seqs_merge2] CPE FASTQ formatting done
[M::process] read chunk (19660800 bytes/CG x 1 CGs, 19660800 bytes)...
[M::mem_process_seqs_merge2] CPE FASTQ formatting done
[M::process] read chunk (19660800 bytes/CG x 1 CGs, 19660800 bytes)...
[M::process] read chunk (19660800 bytes/CG x 1 CGs, 19660800 bytes)...
slave pre done
now n is 169482
processed 169482
[M::mem_process_seqs_merge2] Processed 169482 reads in 0.040 CPU sec, 1.769 real sec
slave pre done
now n is 169482
processed 169482
[M::mem_process_seqs_merge2] Processed 169482 reads in 0.050 CPU sec, 1.947 real sec
[M::mem_process_seqs_merge2] CPE FASTQ formatting done
[M::mem_process_seqs_merge2] CPE FASTQ formatting done
[M::process] read chunk (19660800 bytes/CG x 1 CGs, 19660800 bytes)...
[M::mem_process_seqs_merge2] CPE FASTQ formatting done
slave pre done
now n is 172456
processed 172456
[M::mem_process_seqs_merge2] Processed 172456 reads in 0.020 CPU sec, 1.869 real sec
[M::process] read chunk (19660800 bytes/CG x 1 CGs, 19660800 bytes)...
slave pre done
now n is 172456
processed 172456
[M::mem_process_seqs_merge2] Processed 172456 reads in 0.070 CPU sec, 1.522 real sec
slave pre done
now n is 175534
processed 175534
[M::mem_process_seqs_merge2] Processed 175534 reads in 0.040 CPU sec, 1.725 real sec
[M::process] read chunk (19660800 bytes/CG x 1 CGs, 19660800 bytes)...
[M::process] read chunk (19660800 bytes/CG x 1 CGs, 19660800 bytes)...
[M::process] read chunk (19660800 bytes/CG x 1 CGs, 19660800 bytes)...
[M::mem_process_seqs_merge2] CPE FASTQ formatting done
[M::process] read chunk (19660800 bytes/CG x 1 CGs, 19660800 bytes)...
slave pre done
now n is 172456
processed 172456
[M::mem_process_seqs_merge2] Processed 172456 reads in 0.040 CPU sec, 1.843 real sec
[M::process] read chunk (19660800 bytes/CG x 1 CGs, 19660800 bytes)...
[M::mem_process_seqs_merge2] CPE FASTQ formatting done
[M::mem_process_seqs_merge2] CPE FASTQ formatting done
[M::mem_process_seqs_merge2] CPE FASTQ formatting done
[M::mem_process_seqs_merge2] CPE FASTQ formatting done
[M::mem_process_seqs_merge2] CPE FASTQ formatting done
slave pre done
now n is 172456
processed 172456
[M::mem_process_seqs_merge2] Processed 172456 reads in 0.060 CPU sec, 1.613 real sec
slave pre done
now n is 175534
processed 175534
[M::mem_process_seqs_merge2] Processed 175534 reads in 0.020 CPU sec, 1.707 real sec
slave pre done
now n is 169482
processed 169482
[M::mem_process_seqs_merge2] Processed 169482 reads in 0.020 CPU sec, 1.638 real sec
slave pre done
now n is 172456
processed 172456
[M::mem_process_seqs_merge2] Processed 172456 reads in 0.030 CPU sec, 2.286 real sec
[M::process] read chunk (19660800 bytes/CG x 1 CGs, 19660800 bytes)...
slave pre done
now n is 169482
slave pre done
now n is 172456
processed 169482
[M::mem_process_seqs_merge2] Processed 169482 reads in 0.030 CPU sec, 1.978 real sec
processed 172456
[M::mem_process_seqs_merge2] Processed 172456 reads in 0.030 CPU sec, 1.777 real sec
[M::mem_process_seqs_merge2] CPE FASTQ formatting done
[M::process] read chunk (19660800 bytes/CG x 1 CGs, 19660800 bytes)...
slave pre done
now n is 172456
processed 172456
[M::mem_process_seqs_merge2] Processed 172456 reads in 0.060 CPU sec, 1.649 real sec
[M::process] read chunk (19660800 bytes/CG x 1 CGs, 19660800 bytes)...
[M::process] read chunk (19660800 bytes/CG x 1 CGs, 19660800 bytes)...
[M::process] read chunk (19660800 bytes/CG x 1 CGs, 19660800 bytes)...
[M::process] read chunk (19660800 bytes/CG x 1 CGs, 19660800 bytes)...
[M::mem_process_seqs_merge2] CPE FASTQ formatting done
[M::mem_process_seqs_merge2] CPE FASTQ formatting done
[M::mem_process_seqs_merge2] CPE FASTQ formatting done
[M::mem_process_seqs_merge2] CPE FASTQ formatting done
[M::mem_process_seqs_merge2] CPE FASTQ formatting done
slave pre done
now n is 175534
[M::process] read chunk (19660800 bytes/CG x 1 CGs, 19660800 bytes)...
processed 175534
[M::mem_process_seqs_merge2] Processed 175534 reads in 0.020 CPU sec, 1.893 real sec
[M::mem_process_seqs_merge2] CPE FASTQ formatting done
slave pre done
now n is 169482
processed 169482
[M::mem_process_seqs_merge2] Processed 169482 reads in 0.040 CPU sec, 2.177 real sec
slave pre done
now n is 169482
processed 169482
[M::mem_process_seqs_merge2] Processed 169482 reads in 0.070 CPU sec, 1.578 real sec
slave pre done
now n is 172456
[M::process] read chunk (19660800 bytes/CG x 1 CGs, 19660800 bytes)...
processed 172456
[M::mem_process_seqs_merge2] Processed 172456 reads in 0.030 CPU sec, 1.931 real sec
slave pre done
now n is 172456
processed 172456
[M::mem_process_seqs_merge2] Processed 172456 reads in 0.060 CPU sec, 2.001 real sec
[M::mem_process_seqs_merge2] CPE FASTQ formatting done
[M::process] read chunk (19660800 bytes/CG x 1 CGs, 19660800 bytes)...
slave pre done
now n is 172456
processed 172456
[M::mem_process_seqs_merge2] Processed 172456 reads in 0.040 CPU sec, 1.984 real sec
[M::process] read chunk (19660800 bytes/CG x 1 CGs, 19660800 bytes)...
[M::mem_process_seqs_merge2] CPE FASTQ formatting done
[M::mem_process_seqs_merge2] CPE FASTQ formatting done
slave pre done
now n is 169482
processed 169482
[M::mem_process_seqs_merge2] Processed 169482 reads in 0.020 CPU sec, 1.711 real sec
[M::process] read chunk (19660800 bytes/CG x 1 CGs, 19660800 bytes)...
[M::process] read chunk (19660800 bytes/CG x 1 CGs, 19660800 bytes)...
[M::process] read chunk (19660800 bytes/CG x 1 CGs, 19660800 bytes)...
[M::mem_process_seqs_merge2] CPE FASTQ formatting done
slave pre done
now n is 175534
processed 175534
[M::mem_process_seqs_merge2] Processed 175534 reads in 0.070 CPU sec, 2.203 real sec
[M::mem_process_seqs_merge2] CPE FASTQ formatting done
[M::process] read chunk (19660800 bytes/CG x 1 CGs, 19660800 bytes)...
[M::mem_process_seqs_merge2] CPE FASTQ formatting done
slave pre done
now n is 172456
processed 172456
[M::mem_process_seqs_merge2] Processed 172456 reads in 0.030 CPU sec, 1.893 real sec
[M::mem_process_seqs_merge2] CPE FASTQ formatting done
[M::process] read chunk (19660800 bytes/CG x 1 CGs, 19660800 bytes)...
slave pre done
now n is 172456
processed 172456
[M::mem_process_seqs_merge2] Processed 172456 reads in 0.030 CPU sec, 1.744 real sec
[M::mem_process_seqs_merge2] CPE FASTQ formatting done
[M::process] read chunk (19660800 bytes/CG x 1 CGs, 19660800 bytes)...
slave pre done
now n is 169482
processed 169482
[M::mem_process_seqs_merge2] Processed 169482 reads in 0.120 CPU sec, 1.928 real sec
slave pre done
now n is 172456
[M::process] read chunk (19660800 bytes/CG x 1 CGs, 19660800 bytes)...
processed 172456
[M::mem_process_seqs_merge2] Processed 172456 reads in 0.060 CPU sec, 1.912 real sec
[M::process] read chunk (19660800 bytes/CG x 1 CGs, 19660800 bytes)...
[M::process] read chunk (19660800 bytes/CG x 1 CGs, 19660800 bytes)...
slave pre done
now n is 175534
processed 175534
[M::mem_process_seqs_merge2] Processed 175534 reads in 0.040 CPU sec, 1.945 real sec
[M::mem_process_seqs_merge2] CPE FASTQ formatting done
[M::mem_process_seqs_merge2] CPE FASTQ formatting done
[M::mem_process_seqs_merge2] CPE FASTQ formatting done
slave pre done
now n is 169482
[M::mem_process_seqs_merge2] CPE FASTQ formatting done
processed 169482
[M::mem_process_seqs_merge2] Processed 169482 reads in 0.030 CPU sec, 1.713 real sec
[M::process] read chunk (19660800 bytes/CG x 1 CGs, 19660800 bytes)...
slave pre done
now n is 172456
processed 172456
[M::mem_process_seqs_merge2] Processed 172456 reads in 0.070 CPU sec, 1.903 real sec
slave pre done
now n is 169482
processed 169482
slave pre done
now n is 172456
[M::mem_process_seqs_merge2] Processed 169482 reads in 0.030 CPU sec, 1.816 real sec
processed 172456
[M::mem_process_seqs_merge2] Processed 172456 reads in 0.030 CPU sec, 1.723 real sec
[M::process] read chunk (19660800 bytes/CG x 1 CGs, 19660800 bytes)...
[M::mem_process_seqs_merge2] CPE FASTQ formatting done
slave pre done
now n is 172456
processed 172456
[M::mem_process_seqs_merge2] Processed 172456 reads in 0.070 CPU sec, 2.560 real sec
[M::mem_process_seqs_merge2] CPE FASTQ formatting done
slave pre done
now n is 175534
processed 175534
[M::mem_process_seqs_merge2] Processed 175534 reads in 0.060 CPU sec, 2.270 real sec
[M::process] read chunk (19660800 bytes/CG x 1 CGs, 19660800 bytes)...
[M::process] read chunk (19660800 bytes/CG x 1 CGs, 19660800 bytes)...
[M::process] read chunk (19660800 bytes/CG x 1 CGs, 19660800 bytes)...
slave pre done
now n is 169482
processed 169482
[M::mem_process_seqs_merge2] Processed 169482 reads in 0.040 CPU sec, 1.675 real sec
[M::process] read chunk (19660800 bytes/CG x 1 CGs, 19660800 bytes)...
[M::mem_process_seqs_merge2] CPE FASTQ formatting done
[M::mem_process_seqs_merge2] CPE FASTQ formatting done
[M::mem_process_seqs_merge2] CPE FASTQ formatting done
[M::process] read chunk (19660800 bytes/CG x 1 CGs, 19660800 bytes)...
[M::mem_process_seqs_merge2] CPE FASTQ formatting done
[M::mem_process_seqs_merge2] CPE FASTQ formatting done
[M::process] read chunk (19660800 bytes/CG x 1 CGs, 19660800 bytes)...
[M::mem_process_seqs_merge2] CPE FASTQ formatting done
slave pre done
now n is 172456
processed 172456
[M::mem_process_seqs_merge2] Processed 172456 reads in 0.050 CPU sec, 1.513 real sec
slave pre done
now n is 169482
processed 169482
[M::mem_process_seqs_merge2] Processed 169482 reads in 0.110 CPU sec, 1.788 real sec
[M::process] read chunk (19660800 bytes/CG x 1 CGs, 19660800 bytes)...
slave pre done
now n is 172456
processed 172456
[M::mem_process_seqs_merge2] Processed 172456 reads in 0.030 CPU sec, 2.124 real sec
slave pre done
now n is 169482
processed 169482
[M::mem_process_seqs_merge2] Processed 169482 reads in 0.020 CPU sec, 1.834 real sec
[M::mem_process_seqs_merge2] CPE FASTQ formatting done
slave pre done
now n is 172456
processed 172456
[M::mem_process_seqs_merge2] Processed 172456 reads in 0.090 CPU sec, 2.115 real sec
slave pre done
now n is 175534
processed 175534
[M::mem_process_seqs_merge2] Processed 175534 reads in 0.030 CPU sec, 2.170 real sec
[M::process] read chunk (19660800 bytes/CG x 1 CGs, 19660800 bytes)...
slave pre done
now n is 172456
processed 172456
[M::mem_process_seqs_merge2] Processed 172456 reads in 0.060 CPU sec, 1.685 real sec
[M::process] read chunk (19660800 bytes/CG x 1 CGs, 19660800 bytes)...
[M::mem_process_seqs_merge2] CPE FASTQ formatting done
[M::process] read chunk (19660800 bytes/CG x 1 CGs, 19660800 bytes)...
[M::process] read chunk (19660800 bytes/CG x 1 CGs, 19660800 bytes)...
[M::mem_process_seqs_merge2] CPE FASTQ formatting done
[M::mem_process_seqs_merge2] CPE FASTQ formatting done
slave pre done
now n is 175534
[M::mem_process_seqs_merge2] CPE FASTQ formatting done
processed 175534
[M::mem_process_seqs_merge2] Processed 175534 reads in 0.040 CPU sec, 1.758 real sec
[M::process] read chunk (19660800 bytes/CG x 1 CGs, 19660800 bytes)...
[M::mem_process_seqs_merge2] CPE FASTQ formatting done
[M::process] read chunk (19660800 bytes/CG x 1 CGs, 19660800 bytes)...
[M::mem_process_seqs_merge2] CPE FASTQ formatting done
slave pre done
now n is 172456
processed 172456
[M::mem_process_seqs_merge2] Processed 172456 reads in 0.060 CPU sec, 1.758 real sec
[M::process] read chunk (19660800 bytes/CG x 1 CGs, 19660800 bytes)...
slave pre done
now n is 169482
slave pre done
now n is 169482
processed 169482
[M::mem_process_seqs_merge2] Processed 169482 reads in 0.030 CPU sec, 1.689 real sec
processed 169482
[M::mem_process_seqs_merge2] Processed 169482 reads in 0.070 CPU sec, 2.002 real sec
[M::process] read chunk (19660800 bytes/CG x 1 CGs, 19660800 bytes)...
[M::process] read chunk (19660800 bytes/CG x 1 CGs, 19660800 bytes)...
slave pre done
now n is 172456
processed 172456
[M::mem_process_seqs_merge2] Processed 172456 reads in 0.070 CPU sec, 1.721 real sec
[M::process] read chunk (19660800 bytes/CG x 1 CGs, 19660800 bytes)...
[M::mem_process_seqs_merge2] CPE FASTQ formatting done
[M::mem_process_seqs_merge2] CPE FASTQ formatting done
[M::mem_process_seqs_merge2] CPE FASTQ formatting done
slave pre done
now n is 172456
processed 172456
[M::mem_process_seqs_merge2] Processed 172456 reads in 0.090 CPU sec, 2.003 real sec
[M::mem_process_seqs_merge2] CPE FASTQ formatting done
[M::process] read chunk (19660800 bytes/CG x 1 CGs, 19660800 bytes)...
slave pre done
now n is 169482
slave pre done
now n is 172456
processed 169482
[M::mem_process_seqs_merge2] Processed 169482 reads in 0.150 CPU sec, 1.631 real sec
processed 172456
[M::mem_process_seqs_merge2] Processed 172456 reads in 0.020 CPU sec, 1.772 real sec
slave pre done
now n is 173598
processed 173598
[M::mem_process_seqs_merge2] Processed 173598 reads in 0.030 CPU sec, 1.807 real sec
[M::mem_process_seqs_merge2] CPE FASTQ formatting done
slave pre done
now n is 172456
processed 172456
[M::mem_process_seqs_merge2] Processed 172456 reads in 0.030 CPU sec, 2.110 real sec
[M::process] read chunk (19660800 bytes/CG x 1 CGs, 19660800 bytes)...
[M::mem_process_seqs_merge2] CPE FASTQ formatting done
slave pre done
now n is 169482
processed 169482
[M::mem_process_seqs_merge2] Processed 169482 reads in 0.040 CPU sec, 1.863 real sec
[M::process] read chunk (19660800 bytes/CG x 1 CGs, 19660800 bytes)...
[M::process] read chunk (19660800 bytes/CG x 1 CGs, 19660800 bytes)...
[M::process] read chunk (19660800 bytes/CG x 1 CGs, 19660800 bytes)...
[M::process] read chunk (19660800 bytes/CG x 1 CGs, 19660800 bytes)...
[M::mem_process_seqs_merge2] CPE FASTQ formatting done
slave pre done
now n is 172456
[M::mem_process_seqs_merge2] CPE FASTQ formatting done
[M::mem_process_seqs_merge2] CPE FASTQ formatting done
processed 172456
[M::mem_process_seqs_merge2] Processed 172456 reads in 0.050 CPU sec, 1.945 real sec
[M::process] read chunk (19660800 bytes/CG x 1 CGs, 19660800 bytes)...
[M::mem_process_seqs_merge2] CPE FASTQ formatting done
[M::process] read chunk (19660800 bytes/CG x 1 CGs, 19660800 bytes)...
[M::mem_process_seqs_merge2] CPE FASTQ formatting done
[M::mem_process_seqs_merge2] CPE FASTQ formatting done
slave pre done
now n is 169482
processed 169482
[M::mem_process_seqs_merge2] Processed 169482 reads in 0.040 CPU sec, 1.835 real sec
slave pre done
now n is 169482
processed 169482
[M::mem_process_seqs_merge2] Processed 169482 reads in 0.190 CPU sec, 1.869 real sec
slave pre done
now n is 172456
[M::process] read chunk (19660800 bytes/CG x 1 CGs, 19660800 bytes)...
processed 172456
[M::mem_process_seqs_merge2] Processed 172456 reads in 0.030 CPU sec, 1.900 real sec
slave pre done
now n is 172456
processed 172456
[M::mem_process_seqs_merge2] Processed 172456 reads in 0.030 CPU sec, 2.140 real sec
[M::process] read chunk (19660800 bytes/CG x 1 CGs, 19660800 bytes)...
slave pre done
now n is 172456
processed 172456
[M::mem_process_seqs_merge2] Processed 172456 reads in 0.020 CPU sec, 1.660 real sec
slave pre done
now n is 172456
processed 172456
[M::mem_process_seqs_merge2] Processed 172456 reads in 0.050 CPU sec, 1.832 real sec
[M::mem_process_seqs_merge2] CPE FASTQ formatting done
[M::mem_process_seqs_merge2] CPE FASTQ formatting done
[M::process] read chunk (19660800 bytes/CG x 1 CGs, 19660800 bytes)...
[M::mem_process_seqs_merge2] CPE FASTQ formatting done
slave pre done
now n is 169482
processed 169482
[M::mem_process_seqs_merge2] Processed 169482 reads in 0.020 CPU sec, 1.886 real sec
slave pre done
now n is 172456
processed 172456
[M::mem_process_seqs_merge2] Processed 172456 reads in 0.070 CPU sec, 1.849 real sec
[M::process] read chunk (19660800 bytes/CG x 1 CGs, 19660800 bytes)...
[M::process] read chunk (19660800 bytes/CG x 1 CGs, 19660800 bytes)...
[M::process] read chunk (19660800 bytes/CG x 1 CGs, 19660800 bytes)...
[M::mem_process_seqs_merge2] CPE FASTQ formatting done
slave pre done
now n is 169482
processed 169482
[M::mem_process_seqs_merge2] Processed 169482 reads in 0.020 CPU sec, 1.647 real sec
[M::mem_process_seqs_merge2] CPE FASTQ formatting done
[M::mem_process_seqs_merge2] CPE FASTQ formatting done
[M::process] read chunk (19660800 bytes/CG x 1 CGs, 19660800 bytes)...
[M::process] read chunk (19660800 bytes/CG x 1 CGs, 19660800 bytes)...
slave pre done
now n is 172456
processed 172456
[M::mem_process_seqs_merge2] Processed 172456 reads in 0.040 CPU sec, 1.778 real sec
slave pre done
now n is 172456
processed 172456
[M::mem_process_seqs_merge2] Processed 172456 reads in 0.120 CPU sec, 2.328 real sec
[M::mem_process_seqs_merge2] CPE FASTQ formatting done
slave pre done
now n is 172456
processed 172456
[M::mem_process_seqs_merge2] Processed 172456 reads in 0.110 CPU sec, 1.726 real sec
[M::process] read chunk (19660800 bytes/CG x 1 CGs, 19660800 bytes)...
[M::process] read chunk (19660800 bytes/CG x 1 CGs, 19660800 bytes)...
[M::process] read chunk (19660800 bytes/CG x 1 CGs, 19660800 bytes)...
[M::mem_process_seqs_merge2] CPE FASTQ formatting done
[M::mem_process_seqs_merge2] CPE FASTQ formatting done
[M::mem_process_seqs_merge2] CPE FASTQ formatting done
[M::mem_process_seqs_merge2] CPE FASTQ formatting done
slave pre done
now n is 169482
processed 169482
[M::mem_process_seqs_merge2] Processed 169482 reads in 0.030 CPU sec, 1.894 real sec
slave pre done
now n is 172456
processed 172456
[M::mem_process_seqs_merge2] Processed 172456 reads in 0.030 CPU sec, 1.865 real sec
[M::process] read chunk (19660800 bytes/CG x 1 CGs, 19660800 bytes)...
[M::mem_process_seqs_merge2] CPE FASTQ formatting done
slave pre done
now n is 172456
processed 172456
[M::mem_process_seqs_merge2] Processed 172456 reads in 0.040 CPU sec, 1.885 real sec
slave pre done
now n is 169482
slave pre done
now n is 172456
processed 169482
[M::mem_process_seqs_merge2] Processed 169482 reads in 0.030 CPU sec, 1.892 real sec
processed 172456
[M::mem_process_seqs_merge2] Processed 172456 reads in 0.070 CPU sec, 2.054 real sec
[M::process] read chunk (19660800 bytes/CG x 1 CGs, 19660800 bytes)...
[M::process] read chunk (19660800 bytes/CG x 1 CGs, 19660800 bytes)...
[M::mem_process_seqs_merge2] CPE FASTQ formatting done
slave pre done
now n is 172456
[M::process] read chunk (19660800 bytes/CG x 1 CGs, 19660800 bytes)...
processed 172456
[M::mem_process_seqs_merge2] Processed 172456 reads in 0.060 CPU sec, 1.754 real sec
[M::process] read chunk (19660800 bytes/CG x 1 CGs, 19660800 bytes)...
[M::mem_process_seqs_merge2] CPE FASTQ formatting done
[M::mem_process_seqs_merge2] CPE FASTQ formatting done
[M::mem_process_seqs_merge2] CPE FASTQ formatting done
[M::process] read chunk (19660800 bytes/CG x 1 CGs, 19660800 bytes)...
[M::process] read chunk (19660800 bytes/CG x 1 CGs, 19660800 bytes)...
slave pre done
now n is 169482
processed 169482
[M::mem_process_seqs_merge2] Processed 169482 reads in 0.030 CPU sec, 2.067 real sec
slave pre done
now n is 169482
processed 169482
[M::mem_process_seqs_merge2] Processed 169482 reads in 0.040 CPU sec, 1.883 real sec
slave pre done
now n is 172456
processed 172456
[M::mem_process_seqs_merge2] Processed 172456 reads in 0.030 CPU sec, 1.789 real sec
[M::mem_process_seqs_merge2] CPE FASTQ formatting done
[M::mem_process_seqs_merge2] CPE FASTQ formatting done
[M::process] read chunk (19660800 bytes/CG x 1 CGs, 19660800 bytes)...
slave pre done
now n is 172456
processed 172456
[M::mem_process_seqs_merge2] Processed 172456 reads in 0.020 CPU sec, 2.054 real sec
[M::mem_process_seqs_merge2] CPE FASTQ formatting done
[M::process] read chunk (19660800 bytes/CG x 1 CGs, 19660800 bytes)...
slave pre done
now n is 172456
processed 172456
[M::mem_process_seqs_merge2] Processed 172456 reads in 0.060 CPU sec, 1.875 real sec
[M::process] read chunk (19660800 bytes/CG x 1 CGs, 19660800 bytes)...
slave pre done
now n is 172456
processed 172456
[M::mem_process_seqs_merge2] Processed 172456 reads in 0.090 CPU sec, 2.159 real sec
[M::mem_process_seqs_merge2] CPE FASTQ formatting done
slave pre done
now n is 172456
processed 172456
[M::mem_process_seqs_merge2] Processed 172456 reads in 0.040 CPU sec, 1.917 real sec
[M::process] read chunk (19660800 bytes/CG x 1 CGs, 19660800 bytes)...
[M::mem_process_seqs_merge2] CPE FASTQ formatting done
[M::mem_process_seqs_merge2] CPE FASTQ formatting done
slave pre done
now n is 169482
processed 169482
[M::mem_process_seqs_merge2] Processed 169482 reads in 0.020 CPU sec, 1.748 real sec
[M::process] read chunk (19660800 bytes/CG x 1 CGs, 19660800 bytes)...
[M::process] read chunk (19660800 bytes/CG x 1 CGs, 19660800 bytes)...
slave pre done
now n is 169482
processed 169482
[M::mem_process_seqs_merge2] Processed 169482 reads in 0.030 CPU sec, 1.767 real sec
[M::process] read chunk (19660800 bytes/CG x 1 CGs, 19660800 bytes)...
slave pre done
now n is 172456
processed 172456
[M::mem_process_seqs_merge2] Processed 172456 reads in 0.040 CPU sec, 1.709 real sec
[M::mem_process_seqs_merge2] CPE FASTQ formatting done
[M::process] read chunk (19660800 bytes/CG x 1 CGs, 19660800 bytes)...
[M::mem_process_seqs_merge2] CPE FASTQ formatting done
[M::mem_process_seqs_merge2] CPE FASTQ formatting done
[M::mem_process_seqs_merge2] CPE FASTQ formatting done
[M::process] read chunk (19660800 bytes/CG x 1 CGs, 19660800 bytes)...
[M::mem_process_seqs_merge2] CPE FASTQ formatting done
[M::process] read chunk (19660800 bytes/CG x 1 CGs, 19660800 bytes)...
slave pre done
now n is 169482
processed 169482
[M::mem_process_seqs_merge2] Processed 169482 reads in 0.060 CPU sec, 1.837 real sec
slave pre done
now n is 172456
processed 172456
[M::mem_process_seqs_merge2] Processed 172456 reads in 0.110 CPU sec, 2.122 real sec
[M::mem_process_seqs_merge2] CPE FASTQ formatting done
[M::process] read chunk (19660800 bytes/CG x 1 CGs, 19660800 bytes)...
slave pre done
now n is 172456
processed 172456
[M::mem_process_seqs_merge2] Processed 172456 reads in 0.040 CPU sec, 1.743 real sec
[M::mem_process_seqs_merge2] CPE FASTQ formatting done
slave pre done
now n is 172456
processed 172456
[M::mem_process_seqs_merge2] Processed 172456 reads in 0.260 CPU sec, 3.371 real sec
slave pre done
now n is 169482
processed 169482
[M::mem_process_seqs_merge2] Processed 169482 reads in 0.030 CPU sec, 1.688 real sec
[M::process] read chunk (19660800 bytes/CG x 1 CGs, 19660800 bytes)...
[M::process] read chunk (19660800 bytes/CG x 1 CGs, 19660800 bytes)...
slave pre done
now n is 172456
processed 172456
[M::mem_process_seqs_merge2] Processed 172456 reads in 0.040 CPU sec, 1.635 real sec
[M::process] read chunk (19660800 bytes/CG x 1 CGs, 19660800 bytes)...
[M::mem_process_seqs_merge2] CPE FASTQ formatting done
[M::process] read chunk (19660800 bytes/CG x 1 CGs, 19660800 bytes)...
[M::mem_process_seqs_merge2] CPE FASTQ formatting done
[M::mem_process_seqs_merge2] CPE FASTQ formatting done
[M::process] read chunk (19660800 bytes/CG x 1 CGs, 19660800 bytes)...
slave pre done
now n is 172456
processed 172456
[M::mem_process_seqs_merge2] Processed 172456 reads in 0.070 CPU sec, 2.083 real sec
[M::mem_process_seqs_merge2] CPE FASTQ formatting done
[M::mem_process_seqs_merge2] CPE FASTQ formatting done
slave pre done
now n is 172456
processed 172456
[M::mem_process_seqs_merge2] Processed 172456 reads in 0.090 CPU sec, 2.133 real sec
slave pre done
now n is 169482
processed 169482
[M::mem_process_seqs_merge2] Processed 169482 reads in 0.050 CPU sec, 1.931 real sec
slave pre done
now n is 172456
processed 172456
[M::mem_process_seqs_merge2] Processed 172456 reads in 0.020 CPU sec, 1.767 real sec
[M::process] read chunk (19660800 bytes/CG x 1 CGs, 19660800 bytes)...
slave pre done
now n is 169482
processed 169482
[M::mem_process_seqs_merge2] Processed 169482 reads in 0.030 CPU sec, 1.970 real sec
slave pre done
now n is 172456
processed 172456
[M::mem_process_seqs_merge2] Processed 172456 reads in 0.070 CPU sec, 1.921 real sec
[M::process] read chunk (19660800 bytes/CG x 1 CGs, 19660800 bytes)...
[M::mem_process_seqs_merge2] CPE FASTQ formatting done
[M::mem_process_seqs_merge2] CPE FASTQ formatting done
[M::process] read chunk (19660800 bytes/CG x 1 CGs, 19660800 bytes)...
[M::process] read chunk (19660800 bytes/CG x 1 CGs, 19660800 bytes)...
[M::process] read chunk (19660800 bytes/CG x 1 CGs, 19660800 bytes)...
[M::process] read chunk (19660800 bytes/CG x 1 CGs, 19660800 bytes)...
[M::mem_process_seqs_merge2] CPE FASTQ formatting done
slave pre done
now n is 172456
processed 172456
[M::mem_process_seqs_merge2] Processed 172456 reads in 0.110 CPU sec, 2.128 real sec
[M::mem_process_seqs_merge2] CPE FASTQ formatting done
slave pre done
now n is 172456
processed 172456
[M::mem_process_seqs_merge2] Processed 172456 reads in 0.050 CPU sec, 2.033 real sec
[M::mem_process_seqs_merge2] CPE FASTQ formatting done
[M::mem_process_seqs_merge2] CPE FASTQ formatting done
slave pre done
now n is 169482
processed 169482
[M::mem_process_seqs_merge2] Processed 169482 reads in 0.030 CPU sec, 1.737 real sec
[M::process] read chunk (19660800 bytes/CG x 1 CGs, 19660800 bytes)...
slave pre done
now n is 172456
processed 172456
[M::mem_process_seqs_merge2] Processed 172456 reads in 0.110 CPU sec, 2.176 real sec
[M::process] read chunk (19660800 bytes/CG x 1 CGs, 19660800 bytes)...
slave pre done
now n is 169482
processed 169482
[M::mem_process_seqs_merge2] Processed 169482 reads in 0.050 CPU sec, 1.525 real sec
[M::process] read chunk (19660800 bytes/CG x 1 CGs, 19660800 bytes)...
slave pre done
now n is 172456
processed 172456
[M::mem_process_seqs_merge2] Processed 172456 reads in 0.020 CPU sec, 2.122 real sec
[M::mem_process_seqs_merge2] CPE FASTQ formatting done
[M::mem_process_seqs_merge2] CPE FASTQ formatting done
[M::mem_process_seqs_merge2] CPE FASTQ formatting done
[M::process] read chunk (19660800 bytes/CG x 1 CGs, 19660800 bytes)...
[M::process] read chunk (19660800 bytes/CG x 1 CGs, 19660800 bytes)...
slave pre done
now n is 169482
processed 169482
[M::mem_process_seqs_merge2] Processed 169482 reads in 0.060 CPU sec, 1.728 real sec
slave pre done
now n is 172456
processed 172456
[M::mem_process_seqs_merge2] Processed 172456 reads in 0.040 CPU sec, 1.827 real sec
slave pre done
now n is 172456
processed 172456
[M::mem_process_seqs_merge2] Processed 172456 reads in 0.030 CPU sec, 2.268 real sec
[M::process] read chunk (19660800 bytes/CG x 1 CGs, 19660800 bytes)...
[M::process] read chunk (19660800 bytes/CG x 1 CGs, 19660800 bytes)...
[M::mem_process_seqs_merge2] CPE FASTQ formatting done
[M::mem_process_seqs_merge2] CPE FASTQ formatting done
[M::mem_process_seqs_merge2] CPE FASTQ formatting done
[M::mem_process_seqs_merge2] CPE FASTQ formatting done
[M::process] read chunk (19660800 bytes/CG x 1 CGs, 19660800 bytes)...
[M::process] read chunk (19660800 bytes/CG x 1 CGs, 19660800 bytes)...
slave pre done
now n is 172456
processed 172456
[M::mem_process_seqs_merge2] Processed 172456 reads in 0.080 CPU sec, 2.125 real sec
[M::process] read chunk (19660800 bytes/CG x 1 CGs, 19660800 bytes)...
slave pre done
now n is 172456
processed 172456
[M::mem_process_seqs_merge2] Processed 172456 reads in 0.040 CPU sec, 1.784 real sec
slave pre done
now n is 169482
processed 169482
[M::mem_process_seqs_merge2] Processed 169482 reads in 0.040 CPU sec, 1.767 real sec
[M::process] read chunk (19660800 bytes/CG x 1 CGs, 19660800 bytes)...
[M::mem_process_seqs_merge2] CPE FASTQ formatting done
[M::process] read chunk (19660800 bytes/CG x 1 CGs, 19660800 bytes)...
[M::mem_process_seqs_merge2] CPE FASTQ formatting done
slave pre done
now n is 172456
processed 172456
[M::mem_process_seqs_merge2] Processed 172456 reads in 0.060 CPU sec, 2.021 real sec
[M::mem_process_seqs_merge2] CPE FASTQ formatting done
[M::mem_process_seqs_merge2] CPE FASTQ formatting done
[M::mem_process_seqs_merge2] CPE FASTQ formatting done
slave pre done
now n is 169482
processed 169482
[M::mem_process_seqs_merge2] Processed 169482 reads in 0.020 CPU sec, 1.807 real sec
[M::process] read chunk (19660800 bytes/CG x 1 CGs, 19660800 bytes)...
slave pre done
now n is 172456
slave pre done
now n is 172456
processed 172456
[M::mem_process_seqs_merge2] Processed 172456 reads in 0.070 CPU sec, 1.653 real sec
processed 172456
[M::mem_process_seqs_merge2] Processed 172456 reads in 0.060 CPU sec, 2.171 real sec
[M::process] read chunk (19660800 bytes/CG x 1 CGs, 19660800 bytes)...
slave pre done
now n is 172456
processed 172456
[M::mem_process_seqs_merge2] Processed 172456 reads in 0.030 CPU sec, 1.767 real sec
[M::mem_process_seqs_merge2] CPE FASTQ formatting done
[M::mem_process_seqs_merge2] CPE FASTQ formatting done
slave pre done
now n is 169482
processed 169482
[M::mem_process_seqs_merge2] Processed 169482 reads in 0.050 CPU sec, 2.142 real sec
[M::process] read chunk (19660800 bytes/CG x 1 CGs, 19660800 bytes)...
slave pre done
now n is 172456
processed 172456
[M::mem_process_seqs_merge2] Processed 172456 reads in 0.030 CPU sec, 1.937 real sec
slave pre done
now n is 172456
processed 172456
[M::mem_process_seqs_merge2] Processed 172456 reads in 0.070 CPU sec, 2.162 real sec
[M::process] read chunk (19660800 bytes/CG x 1 CGs, 19660800 bytes)...
[M::process] read chunk (19660800 bytes/CG x 1 CGs, 19660800 bytes)...
[M::mem_process_seqs_merge2] CPE FASTQ formatting done
[M::process] read chunk (19660800 bytes/CG x 1 CGs, 19660800 bytes)...
[M::mem_process_seqs_merge2] CPE FASTQ formatting done
[M::mem_process_seqs_merge2] CPE FASTQ formatting done
[M::mem_process_seqs_merge2] CPE FASTQ formatting done
[M::process] read chunk (19660800 bytes/CG x 1 CGs, 19660800 bytes)...
[M::process] read chunk (19660800 bytes/CG x 1 CGs, 19660800 bytes)...
slave pre done
now n is 169482
processed 169482
[M::mem_process_seqs_merge2] Processed 169482 reads in 0.030 CPU sec, 1.829 real sec
[M::process] read chunk (19660800 bytes/CG x 1 CGs, 19660800 bytes)...
slave pre done
now n is 172456
processed 172456
[M::mem_process_seqs_merge2] Processed 172456 reads in 0.120 CPU sec, 1.769 real sec
slave pre done
now n is 172456
processed 172456
[M::mem_process_seqs_merge2] Processed 172456 reads in 0.130 CPU sec, 2.258 real sec
[M::mem_process_seqs_merge2] CPE FASTQ formatting done
[M::mem_process_seqs_merge2] CPE FASTQ formatting done
[M::mem_process_seqs_merge2] CPE FASTQ formatting done
slave pre done
now n is 169482
processed 169482
[M::mem_process_seqs_merge2] Processed 169482 reads in 0.050 CPU sec, 2.216 real sec
slave pre done
now n is 169482
processed 169482
[M::mem_process_seqs_merge2] Processed 169482 reads in 0.050 CPU sec, 1.589 real sec
[M::process] read chunk (19660800 bytes/CG x 1 CGs, 19660800 bytes)...
slave pre done
now n is 172456
processed 172456
[M::mem_process_seqs_merge2] Processed 172456 reads in 0.160 CPU sec, 2.094 real sec
[M::process] read chunk (19660800 bytes/CG x 1 CGs, 19660800 bytes)...
[M::process] read chunk (19660800 bytes/CG x 1 CGs, 19660800 bytes)...
slave pre done
now n is 172456
processed 172456
[M::mem_process_seqs_merge2] Processed 172456 reads in 0.060 CPU sec, 2.256 real sec
[M::mem_process_seqs_merge2] CPE FASTQ formatting done
[M::mem_process_seqs_merge2] CPE FASTQ formatting done
[M::mem_process_seqs_merge2] CPE FASTQ formatting done
[M::process] read chunk (19660800 bytes/CG x 1 CGs, 19660800 bytes)...
[M::mem_process_seqs_merge2] CPE FASTQ formatting done
[M::process] read chunk (19660800 bytes/CG x 1 CGs, 19660800 bytes)...
[M::process] read chunk (19660800 bytes/CG x 1 CGs, 19660800 bytes)...
slave pre done
now n is 172456
processed 172456
[M::mem_process_seqs_merge2] Processed 172456 reads in 0.020 CPU sec, 1.602 real sec
[M::mem_process_seqs_merge2] CPE FASTQ formatting done
slave pre done
now n is 172456
processed 172456
[M::mem_process_seqs_merge2] Processed 172456 reads in 0.110 CPU sec, 2.008 real sec
[M::process] read chunk (19660800 bytes/CG x 1 CGs, 19660800 bytes)...
[M::mem_process_seqs_merge2] CPE FASTQ formatting done
slave pre done
now n is 172456
processed 172456
[M::mem_process_seqs_merge2] Processed 172456 reads in 0.060 CPU sec, 2.246 real sec
[M::process] read chunk (19660800 bytes/CG x 1 CGs, 19660800 bytes)...
slave pre done
now n is 169482
[M::mem_process_seqs_merge2] CPE FASTQ formatting done
processed 169482
[M::mem_process_seqs_merge2] Processed 169482 reads in 0.030 CPU sec, 1.989 real sec
[M::process] read chunk (19660800 bytes/CG x 1 CGs, 19660800 bytes)...
[M::mem_process_seqs_merge2] CPE FASTQ formatting done
slave pre done
now n is 169482
processed 169482
[M::mem_process_seqs_merge2] Processed 169482 reads in 0.070 CPU sec, 1.684 real sec
[M::mem_process_seqs_merge2] CPE FASTQ formatting done
slave pre done
now n is 172456
processed 172456
[M::mem_process_seqs_merge2] Processed 172456 reads in 0.110 CPU sec, 1.886 real sec
[M::process] read chunk (19660800 bytes/CG x 1 CGs, 19660800 bytes)...
[M::process] read chunk (19660800 bytes/CG x 1 CGs, 19660800 bytes)...
[M::mem_process_seqs_merge2] CPE FASTQ formatting done
slave pre done
now n is 172456
[M::mem_process_seqs_merge2] CPE FASTQ formatting done
processed 172456
[M::mem_process_seqs_merge2] Processed 172456 reads in 0.080 CPU sec, 2.134 real sec
slave pre done
now n is 172456
processed 172456
[M::mem_process_seqs_merge2] Processed 172456 reads in 0.040 CPU sec, 2.015 real sec
[M::process] read chunk (19660800 bytes/CG x 1 CGs, 19660800 bytes)...
slave pre done
now n is 172456
processed 172456
[M::mem_process_seqs_merge2] Processed 172456 reads in 0.090 CPU sec, 1.724 real sec
slave pre done
now n is 172456
processed 172456
[M::mem_process_seqs_merge2] Processed 172456 reads in 0.050 CPU sec, 1.839 real sec
[M::mem_process_seqs_merge2] CPE FASTQ formatting done
[M::process] read chunk (19660800 bytes/CG x 1 CGs, 19660800 bytes)...
[M::process] read chunk (19660800 bytes/CG x 1 CGs, 19660800 bytes)...
[M::mem_process_seqs_merge2] CPE FASTQ formatting done
[M::mem_process_seqs_merge2] CPE FASTQ formatting done
slave pre done
now n is 169482
processed 169482
[M::mem_process_seqs_merge2] Processed 169482 reads in 0.050 CPU sec, 1.818 real sec
slave pre done
now n is 169482
processed 169482
[M::mem_process_seqs_merge2] Processed 169482 reads in 0.260 CPU sec, 4.825 real sec
[M::process] read chunk (19660800 bytes/CG x 1 CGs, 19660800 bytes)...
[M::process] read chunk (19660800 bytes/CG x 1 CGs, 19660800 bytes)...
[M::process] read chunk (19660800 bytes/CG x 1 CGs, 19660800 bytes)...
[M::mem_process_seqs_merge2] CPE FASTQ formatting done
[M::mem_process_seqs_merge2] CPE FASTQ formatting done
[M::mem_process_seqs_merge2] CPE FASTQ formatting done
slave pre done
now n is 172456
processed 172456
[M::mem_process_seqs_merge2] Processed 172456 reads in 0.030 CPU sec, 1.862 real sec
slave pre done
now n is 171714
processed 171714
[M::mem_process_seqs_merge2] Processed 171714 reads in 0.020 CPU sec, 2.220 real sec
[M::process] read chunk (19660800 bytes/CG x 1 CGs, 19660800 bytes)...
slave pre done
now n is 169482
processed 169482
[M::mem_process_seqs_merge2] Processed 169482 reads in 0.070 CPU sec, 1.906 real sec
slave pre done
now n is 172456
processed 172456
[M::mem_process_seqs_merge2] Processed 172456 reads in 0.080 CPU sec, 1.840 real sec
slave pre done
now n is 172456
[M::mem_process_seqs_merge2] CPE FASTQ formatting done
processed 172456
[M::mem_process_seqs_merge2] Processed 172456 reads in 0.080 CPU sec, 2.044 real sec
[M::process] read chunk (19660800 bytes/CG x 1 CGs, 19660800 bytes)...
[M::process] read chunk (19660800 bytes/CG x 1 CGs, 19660800 bytes)...
[M::mem_process_seqs_merge2] CPE FASTQ formatting done
[M::process] read chunk (19660800 bytes/CG x 1 CGs, 19660800 bytes)...
[M::mem_process_seqs_merge2] CPE FASTQ formatting done
[M::mem_process_seqs_merge2] CPE FASTQ formatting done
[M::process] read chunk (19660800 bytes/CG x 1 CGs, 19660800 bytes)...
slave pre done
now n is 169482
[M::process] read chunk (19660800 bytes/CG x 1 CGs, 19660800 bytes)...
processed 169482
[M::mem_process_seqs_merge2] Processed 169482 reads in 0.070 CPU sec, 2.255 real sec
slave pre done
now n is 172456
processed 172456
[M::mem_process_seqs_merge2] Processed 172456 reads in 0.070 CPU sec, 1.881 real sec
[M::mem_process_seqs_merge2] CPE FASTQ formatting done
slave pre done
now n is 172456
processed 172456
[M::mem_process_seqs_merge2] Processed 172456 reads in 0.050 CPU sec, 1.771 real sec
[M::mem_process_seqs_merge2] CPE FASTQ formatting done
slave pre done
now n is 169482
processed 169482
[M::mem_process_seqs_merge2] Processed 169482 reads in 0.040 CPU sec, 1.747 real sec
[M::process] read chunk (19660800 bytes/CG x 1 CGs, 19660800 bytes)...
[M::process] read chunk (19660800 bytes/CG x 1 CGs, 19660800 bytes)...
[M::mem_process_seqs_merge2] CPE FASTQ formatting done
slave pre done
now n is 169482
processed 169482
[M::mem_process_seqs_merge2] Processed 169482 reads in 0.030 CPU sec, 1.552 real sec
[M::mem_process_seqs_merge2] CPE FASTQ formatting done
[M::process] read chunk (19660800 bytes/CG x 1 CGs, 19660800 bytes)...
slave pre done
now n is 172456
processed 172456
[M::mem_process_seqs_merge2] Processed 172456 reads in 0.030 CPU sec, 1.849 real sec
[M::process] read chunk (19660800 bytes/CG x 1 CGs, 19660800 bytes)...
[M::mem_process_seqs_merge2] CPE FASTQ formatting done
slave pre done
now n is 172456
processed 172456
[M::mem_process_seqs_merge2] Processed 172456 reads in 0.030 CPU sec, 1.641 real sec
[M::mem_process_seqs_merge2] CPE FASTQ formatting done
slave pre done
now n is 169482
processed 169482
[M::mem_process_seqs_merge2] Processed 169482 reads in 0.070 CPU sec, 1.883 real sec
[M::process] read chunk (19660800 bytes/CG x 1 CGs, 19660800 bytes)...
[M::process] read chunk (19660800 bytes/CG x 1 CGs, 19660800 bytes)...
[M::mem_process_seqs_merge2] CPE FASTQ formatting done
slave pre done
now n is 169482
processed 169482
[M::mem_process_seqs_merge2] Processed 169482 reads in 0.060 CPU sec, 2.167 real sec
[M::mem_process_seqs_merge2] CPE FASTQ formatting done
[M::process] read chunk (19660800 bytes/CG x 1 CGs, 19660800 bytes)...
[M::process] read chunk (19660800 bytes/CG x 1 CGs, 19660800 bytes)...
slave pre done
now n is 172456
processed 172456
[M::mem_process_seqs_merge2] Processed 172456 reads in 0.020 CPU sec, 1.971 real sec
[M::process] read chunk (19660800 bytes/CG x 1 CGs, 13074128 bytes)...
[M::mem_process_seqs_merge2] CPE FASTQ formatting done
[M::mem_process_seqs_merge2] CPE FASTQ formatting done
slave pre done
now n is 169482
processed 169482
[M::mem_process_seqs_merge2] Processed 169482 reads in 0.040 CPU sec, 1.810 real sec
[M::mem_process_seqs_merge2] CPE FASTQ formatting done
[M::process] read chunk (19660800 bytes/CG x 1 CGs, 19660800 bytes)...
slave pre done
now n is 172456
processed 172456
[M::mem_process_seqs_merge2] Processed 172456 reads in 0.060 CPU sec, 1.817 real sec
[M::process] read chunk (19660800 bytes/CG x 1 CGs, 13076028 bytes)...
[M::mem_process_seqs_merge2] CPE FASTQ formatting done
[M::mem_process_seqs_merge2] CPE FASTQ formatting done
[M::process] read chunk (19660800 bytes/CG x 1 CGs, 19660800 bytes)...
slave pre done
now n is 112708
slave pre done
now n is 172456
processed 112708
[M::mem_process_seqs_merge2] Processed 112708 reads in 0.040 CPU sec, 1.496 real sec
processed 172456
[M::mem_process_seqs_merge2] Processed 172456 reads in 0.030 CPU sec, 1.644 real sec
slave pre done
now n is 169482
processed 169482
[M::mem_process_seqs_merge2] Processed 169482 reads in 0.100 CPU sec, 1.934 real sec
[M::mem_process_seqs_merge2] CPE FASTQ formatting done
slave pre done
now n is 114702
processed 114702
[M::mem_process_seqs_merge2] Processed 114702 reads in 0.020 CPU sec, 1.292 real sec
slave pre done
now n is 169482
processed 169482
[M::mem_process_seqs_merge2] Processed 169482 reads in 0.130 CPU sec, 1.971 real sec
slave pre done
now n is 172456
processed 172456
[M::mem_process_seqs_merge2] Processed 172456 reads in 0.030 CPU sec, 1.534 real sec
[M::process] read chunk (19660800 bytes/CG x 1 CGs, 19660800 bytes)...
[M::process] read chunk (19660800 bytes/CG x 1 CGs, 19660800 bytes)...
[M::mem_process_seqs_merge2] CPE FASTQ formatting done
[M::process] read chunk (19660800 bytes/CG x 1 CGs, 19660800 bytes)...
[M::mem_process_seqs_merge2] CPE FASTQ formatting done
[M::mem_process_seqs_merge2] CPE FASTQ formatting done
[M::process] read chunk (19660800 bytes/CG x 1 CGs, 13076216 bytes)...
[M::mem_process_seqs_merge2] CPE FASTQ formatting done
slave pre done
now n is 172456
processed 172456
[M::mem_process_seqs_merge2] Processed 172456 reads in 0.050 CPU sec, 1.600 real sec
slave pre done
now n is 112726
processed 112726
[M::mem_process_seqs_merge2] Processed 112726 reads in 0.030 CPU sec, 1.356 real sec
[M::process] read chunk (19660800 bytes/CG x 1 CGs, 13073976 bytes)...
slave pre done
now n is 172456
processed 172456
[M::mem_process_seqs_merge2] Processed 172456 reads in 0.040 CPU sec, 2.143 real sec
[M::process] read chunk (19660800 bytes/CG x 1 CGs, 19660800 bytes)...
[M::mem_process_seqs_merge2] CPE FASTQ formatting done
[M::mem_process_seqs_merge2] CPE FASTQ formatting done
slave pre done
now n is 114684
processed 114684
[M::mem_process_seqs_merge2] Processed 114684 reads in 0.040 CPU sec, 1.249 real sec
slave pre done
now n is 172456
processed 172456
[M::mem_process_seqs_merge2] Processed 172456 reads in 0.060 CPU sec, 2.174 real sec
[M::process] read chunk (19660800 bytes/CG x 1 CGs, 13073976 bytes)...
[M::mem_process_seqs_merge2] CPE FASTQ formatting done
slave pre done
now n is 114684
processed 114684
[M::mem_process_seqs_merge2] Processed 114684 reads in 0.030 CPU sec, 1.386 real sec
slave pre done
now n is 169482
processed 169482
[M::mem_process_seqs_merge2] Processed 169482 reads in 0.650 CPU sec, 14.733 real sec
[M::process] read chunk (19660800 bytes/CG x 1 CGs, 13075984 bytes)...
[M::mem_process_seqs_merge2] CPE FASTQ formatting done
slave pre done
now n is 112724
processed 112724
[M::mem_process_seqs_merge2] Processed 112724 reads in 1.050 CPU sec, 32.515 real sec

====================== SWBWA Output Debug =====================
  MPI rank: 000000 / 000006
  mode:     MPI split
  path:     correctness_results/bigdata_mpi_lwpf_off_20260823/mpi_static_split/has1/ERR1203383_PE.rank000000.sam

  Output volume
    output buffer capacity                           67108864
    swbwa_output_write calls                         5154896
    submitted SAM bytes                           1350989260
    buffered flushes                                      21
    buffered flush bytes                          1350989260
    direct oversized writes                                0
    direct oversized bytes                                 0

  Buffering
    buffered flush total                        46.676268 s  (21 calls, 2222679.443 us/call)

  POSIX file writes
    write system calls                                     21
    write system-call bytes                        1350989260
    POSIX write system calls                    46.676216 s  (21 calls, 2222676.967 us/call)
    POSIX write effective bandwidth                27.603 MiB/s

  Output close timing
    POSIX close                                  0.000326 s  (1 calls,   326.001 us/call)
================================================================


====================== SWBWA Output Debug =====================
  MPI rank: 000001 / 000006
  mode:     MPI split
  path:     correctness_results/bigdata_mpi_lwpf_off_20260823/mpi_static_split/has1/ERR1203383_PE.rank000001.sam

  Output volume
    output buffer capacity                           67108864
    swbwa_output_write calls                         5115908
    submitted SAM bytes                           1336924679
    buffered flushes                                      20
    buffered flush bytes                          1336924679
    direct oversized writes                                0
    direct oversized bytes                                 0

  Buffering

================ SWBWA CPE/MPI Progress Debug ================
  MPI rank: 000000 / 000006

    phase                      waits     probes   total(s)    avg(us)    max(s)   >=1ms   >=10ms   >=100ms    >=1s  completed
    FASTQ formatting              30         51      0.002     35.927     0.001       1        0         0       0          0
    alignment and SAM length      30       5410      0.125     23.045     0.002       4        0         0       0          0
    SAM record generation         30         62      0.004     61.790     0.000       0        0         0       0          0
    all CPE phases                90       5523      0.130     23.599     0.002       5        0         0       0          0

  Probes marked 'completed' returned with the CPE completion
  flag set. Their full call duration bounds the possible delay.
    completion-observing probe total               0.000000 s
    slowest completion-observing probe             0.000000 s
==============================================================

    buffered flush total                        47.603297 s  (20 calls, 2380164.829 us/call)

  POSIX file writes
    write system calls                                     20
    write system-call bytes                        1336924679
    POSIX write system calls                    47.603246 s  (20 calls, 2380162.307 us/call)
    POSIX write effective bandwidth                26.784 MiB/s

  Output close timing
    POSIX close                                  0.000338 s  (1 calls,   338.352 us/call)
================================================================


================ SWBWA CPE/MPI Progress Debug ================
  MPI rank: 000001 / 000006

    phase                      waits     probes   total(s)    avg(us)    max(s)   >=1ms   >=10ms   >=100ms    >=1s  completed

====================== SWBWA Output Debug =====================
  MPI rank: 000002 / 000006
  mode:     MPI split
  path:     correctness_results/bigdata_mpi_lwpf_off_20260823/mpi_static_split/has1/ERR1203383_PE.rank000002.sam

  Output volume
    output buffer capacity                           67108864
    swbwa_output_write calls                         5115908
    submitted SAM bytes                           1343202931
    buffered flushes                                      21
    buffered flush bytes                          1343202931
    direct oversized writes                                0
    direct oversized bytes                                 0

  Buffering
    buffered flush total                        51.106285 s  (21 calls, 2433632.640 us/call)

  POSIX file writes
    write system calls                                     21
    write system-call bytes                        1343202931
    POSIX write system calls                    51.106224 s  (21 calls, 2433629.714 us/call)
    POSIX write effective bandwidth                25.065 MiB/s

  Output close timing
    POSIX close                                  0.000344 s  (1 calls,   343.651 us/call)
================================================================


====================== SWBWA Output Debug =====================
  MPI rank: 000003 / 000006
  mode:     MPI split
  path:     correctness_results/bigdata_mpi_lwpf_off_20260823/mpi_static_split/has1/ERR1203383_PE.rank000003.sam

  Output volume
    output buffer capacity                           67108864
    swbwa_output_write calls                         5107242
    submitted SAM bytes                           1339144592
    buffered flushes                                      20
    buffered flush bytes                          1339144592
    direct oversized writes                                0
    direct oversized bytes                                 0

  Buffering
    buffered flush total                        48.636886 s  (20 calls, 2431844.290 us/call)

  POSIX file writes
    write system calls                                     20
    write system-call bytes                        1339144592
    POSIX write system calls                    48.636827 s  (20 calls, 2431841.327 us/call)
    POSIX write effective bandwidth                26.258 MiB/s

  Output close timing
    POSIX close                                  0.003117 s  (1 calls,  3116.714 us/call)
================================================================


====================== SWBWA Output Debug =====================
  MPI rank: 000004 / 000006
  mode:     MPI split
  path:     correctness_results/bigdata_mpi_lwpf_off_20260823/mpi_static_split/has1/ERR1203383_PE.rank000004.sam

  Output volume
    output buffer capacity                           67108864
    swbwa_output_write calls                         5027704
    submitted SAM bytes                           1327230903
    buffered flushes                                      20
    buffered flush bytes                          1327230903
    direct oversized writes                                0
    direct oversized bytes                                 0

  Buffering
    buffered flush total                        50.059056 s  (20 calls, 2502952.781 us/call)

  POSIX file writes
    write system calls                                     20
    write system-call bytes                        1327230903
    POSIX write system calls                    50.059003 s  (20 calls, 2502950.128 us/call)
    POSIX write effective bandwidth                25.285 MiB/s

  Output close timing
    POSIX close                                  0.000321 s  (1 calls,   321.102 us/call)
================================================================


====================== SWBWA Output Debug =====================
  MPI rank: 000005 / 000006
  mode:     MPI split
  path:     correctness_results/bigdata_mpi_lwpf_off_20260823/mpi_static_split/has1/ERR1203383_PE.rank000005.sam

  Output volume
    output buffer capacity                           67108864
    swbwa_output_write calls                         5027702
    submitted SAM bytes                           1332379036
    buffered flushes                                      20
    buffered flush bytes                          1332379036
    direct oversized writes                                0
    direct oversized bytes                                 0

  Buffering
    buffered flush total                        49.806567 s  (20 calls, 2490328.328 us/call)

  POSIX file writes
    write system calls                                     20
    write system-call bytes                        1332379036
    POSIX write system calls                    49.806508 s  (20 calls, 2490325.390 us/call)
    POSIX write effective bandwidth                25.512 MiB/s

  Output close timing
    POSIX close                                  0.000553 s  (1 calls,   552.553 us/call)
================================================================

    FASTQ formatting              30         51      0.001     13.853     0.000       0        0         0       0          0
    alignment and SAM length      30       5477      0.082     15.048     0.002       1        0         0       0          0
    SAM record generation         30         60      0.003     48.175     0.000       0        0         0       0          0
    all CPE phases                90       5588      0.086     15.393     0.002       1        0         0       0          0

  Probes marked 'completed' returned with the CPE completion
  flag set. Their full call duration bounds the possible delay.
    completion-observing probe total               0.000000 s
    slowest completion-observing probe             0.000000 s
==============================================================


================ SWBWA CPE/MPI Progress Debug ================
  MPI rank: 000002 / 000006

    phase                      waits     probes   total(s)    avg(us)    max(s)   >=1ms   >=10ms   >=100ms    >=1s  completed
    FASTQ formatting              30         53      0.001     14.251     0.000       0        0         0       0          0
    alignment and SAM length      30       5818      0.120     20.681     0.000       0        0         0       0          0
    SAM record generation         30         74      0.003     41.921     0.000       0        0         0       0          0
    all CPE phases                90       5945      0.124     20.888     0.000       0        0         0       0          0

  Probes marked 'completed' returned with the CPE completion
  flag set. Their full call duration bounds the possible delay.
    completion-observing probe total               0.000000 s
    slowest completion-observing probe             0.000000 s
==============================================================


================ SWBWA CPE/MPI Progress Debug ================
  MPI rank: 000003 / 000006

    phase                      waits     probes   total(s)    avg(us)    max(s)   >=1ms   >=10ms   >=100ms    >=1s  completed
    FASTQ formatting              30         55      0.001     14.399     0.000       0        0         0       0          0
    alignment and SAM length      30       5220      0.075     14.453     0.001       1        0         0       0          0
    SAM record generation         30         62      0.003     48.570     0.000       0        0         0       0          0
    all CPE phases                90       5337      0.079     14.849     0.001       1        0         0       0          0

  Probes marked 'completed' returned with the CPE completion
  flag set. Their full call duration bounds the possible delay.
    completion-observing probe total               0.000000 s
    slowest completion-observing probe             0.000000 s
==============================================================


================ SWBWA CPE/MPI Progress Debug ================
  MPI rank: 000004 / 000006

    phase                      waits     probes   total(s)    avg(us)    max(s)   >=1ms   >=10ms   >=100ms    >=1s  completed
    FASTQ formatting              30         58      0.001     12.988     0.000       0        0         0       0          0
    alignment and SAM length      30       5167      0.077     14.997     0.001       2        0         0       0          0
    SAM record generation         30         61      0.004     61.457     0.001       0        0         0       0          0
    all CPE phases                90       5286      0.082     15.511     0.001       2        0         0       0          0

  Probes marked 'completed' returned with the CPE completion
  flag set. Their full call duration bounds the possible delay.
    completion-observing probe total               0.000000 s
    slowest completion-observing probe             0.000000 s
==============================================================


================ SWBWA CPE/MPI Progress Debug ================
  MPI rank: 000005 / 000006

    phase                      waits     probes   total(s)    avg(us)    max(s)   >=1ms   >=10ms   >=100ms    >=1s  completed
    FASTQ formatting              30         55      0.001     13.819     0.000       0        0         0       0          0
    alignment and SAM length      30       9921      0.113     11.348     0.004       1        0         0       0          0
    SAM record generation         30         62      0.004     58.210     0.001       0        0         0       0          0
    all CPE phases                90      10038      0.117     11.651     0.004       1        0         0       0          0

  Probes marked 'completed' returned with the CPE completion
  flag set. Their full call duration bounds the possible delay.
    completion-observing probe total               0.000000 s
    slowest completion-observing probe             0.000000 s
==============================================================


======================= SWBWA Timing Report =======================
  MPI rank: 000000 / 000006
  Accumulated wall-clock time; indented rows are included in
  their parent row and must not be added to it.

  Pipeline
    total - complete three-stage pipeline                   186.460 s
    stage 1 - allocate and read raw FASTQ blocks             26.730 s
    stage 2 - align reads and generate SAM records           57.158 s
    stage 3 - write SAM and release batch data               52.412 s
      SAM output writes                                        50.279 s
      batch cleanup and loop overhead (derived)                 2.133 s

  Stage 1 input details
    batches completed / stage calls                      30 / 31
    input-buffer and batch allocations                        0.000 s  (91 calls, max 0.000 s)
    aggregate requested allocation bytes           1166541880
    FASTQ fseeko calls                                        0.000 s  (60 calls, max 0.000 s)
    FASTQ fread calls                                        26.725 s  (60 calls, max 0.884 s)
    align chunk ends to FASTQ record boundaries               0.000 s  (58 calls, max 0.000 s)
    scheduler, checks and bookkeeping (derived)               0.005 s
    raw FASTQ bytes read                           1166478456  (1112.441 MiB)
    effective fread bandwidth                         41.626 MiB/s
    slowest allocation                                 0.000 s  (19661824 bytes)
    slowest fread                                      0.884 s  (R2 offset=0, bytes=19660800)

  Stage 2 worker details
    total - active merge worker                              57.152 s
      part 1 - prepare CPE task and reusable buffers            0.918 s
      part 2 - CPE FASTQ formatting and input release           0.412 s
      part 3 - CPE alignment and SAM length pass               54.906 s
      part 4 - assign slices in the shared SAM buffer           0.371 s
      part 5 - CPE SAM record generation                        0.539 s
      part 6 - release temporary worker data                    0.001 s

  Reserved allocator timers (no active timing sites)
    malloc timer                                              0.000 s
    free timer                                                0.000 s
===================================================================


======================= SWBWA Timing Report =======================
  MPI rank: 000001 / 000006
  Accumulated wall-clock time; indented rows are included in
  their parent row and must not be added to it.

  Pipeline
    total - complete three-stage pipeline                   186.429 s
    stage 1 - allocate and read raw FASTQ blocks             30.568 s
    stage 2 - align reads and generate SAM records           57.700 s
    stage 3 - write SAM and release batch data               51.829 s
      SAM output writes                                        49.956 s
      batch cleanup and loop overhead (derived)                 1.873 s

  Stage 1 input details
    batches completed / stage calls                      30 / 31
    input-buffer and batch allocations                        0.000 s  (91 calls, max 0.000 s)
    aggregate requested allocation bytes           1166537776
    FASTQ fseeko calls                                        0.293 s  (60 calls, max 0.178 s)
    FASTQ fread calls                                        30.268 s  (60 calls, max 0.803 s)
    align chunk ends to FASTQ record boundaries               0.000 s  (58 calls, max 0.000 s)
    scheduler, checks and bookkeeping (derived)               0.007 s
    raw FASTQ bytes read                           1166474352  (1112.437 MiB)
    effective fread bandwidth                         36.753 MiB/s
    slowest allocation                                 0.000 s  (19661824 bytes)
    slowest fread                                      0.803 s  (R2 offset=622533696, bytes=19660800)

  Stage 2 worker details
    total - active merge worker                              57.692 s
      part 1 - prepare CPE task and reusable buffers            0.864 s
      part 2 - CPE FASTQ formatting and input release           0.432 s
      part 3 - CPE alignment and SAM length pass               55.492 s
      part 4 - assign slices in the shared SAM buffer           0.364 s
      part 5 - CPE SAM record generation                        0.531 s
      part 6 - release temporary worker data                    0.001 s

  Reserved allocator timers (no active timing sites)
    malloc timer                                              0.000 s
    free timer                                                0.000 s
===================================================================


======================= SWBWA Timing Report =======================
  MPI rank: 000002 / 000006
  Accumulated wall-clock time; indented rows are included in
  their parent row and must not be added to it.

  Pipeline
    total - complete three-stage pipeline                   186.408 s
    stage 1 - allocate and read raw FASTQ blocks             26.853 s
    stage 2 - align reads and generate SAM records           61.280 s
    stage 3 - write SAM and release batch data               57.144 s
      SAM output writes                                        54.972 s
      batch cleanup and loop overhead (derived)                 2.172 s

  Stage 1 input details
    batches completed / stage calls                      30 / 31
    input-buffer and batch allocations                        0.000 s  (91 calls, max 0.000 s)
    aggregate requested allocation bytes           1166537776
    FASTQ fseeko calls                                        0.284 s  (60 calls, max 0.168 s)
    FASTQ fread calls                                        26.560 s  (60 calls, max 0.752 s)
    align chunk ends to FASTQ record boundaries               0.000 s  (58 calls, max 0.000 s)
    scheduler, checks and bookkeeping (derived)               0.009 s
    raw FASTQ bytes read                           1166474352  (1112.437 MiB)
    effective fread bandwidth                         41.884 MiB/s
    slowest allocation                                 0.000 s  (19661824 bytes)
    slowest fread                                      0.752 s  (R1 offset=1205747208, bytes=19660800)

  Stage 2 worker details
    total - active merge worker                              61.269 s
      part 1 - prepare CPE task and reusable buffers            0.903 s
      part 2 - CPE FASTQ formatting and input release           0.433 s
      part 3 - CPE alignment and SAM length pass               58.891 s
      part 4 - assign slices in the shared SAM buffer           0.418 s
      part 5 - CPE SAM record generation                        0.614 s
      part 6 - release temporary worker data                    0.001 s

  Reserved allocator timers (no active timing sites)
    malloc timer                                              0.000 s
    free timer                                                0.000 s
===================================================================


======================= SWBWA Timing Report =======================
  MPI rank: 000003 / 000006
  Accumulated wall-clock time; indented rows are included in
  their parent row and must not be added to it.

  Pipeline
    total - complete three-stage pipeline                   186.441 s
    stage 1 - allocate and read raw FASTQ blocks             25.972 s
    stage 2 - align reads and generate SAM records           54.960 s
    stage 3 - write SAM and release batch data               51.641 s
      SAM output writes                                        49.733 s
      batch cleanup and loop overhead (derived)                 1.908 s

  Stage 1 input details
    batches completed / stage calls                      30 / 31
    input-buffer and batch allocations                        0.000 s  (91 calls, max 0.000 s)
    aggregate requested allocation bytes           1166538080
    FASTQ fseeko calls                                        0.257 s  (60 calls, max 0.165 s)
    FASTQ fread calls                                        25.707 s  (60 calls, max 0.837 s)
    align chunk ends to FASTQ record boundaries               0.000 s  (58 calls, max 0.000 s)
    scheduler, checks and bookkeeping (derived)               0.007 s
    raw FASTQ bytes read                           1166474656  (1112.437 MiB)
    effective fread bandwidth                         43.274 MiB/s
    slowest allocation                                 0.000 s  (19661824 bytes)
    slowest fread                                      0.837 s  (R2 offset=1788960720, bytes=19660800)

  Stage 2 worker details
    total - active merge worker                              54.952 s
      part 1 - prepare CPE task and reusable buffers            0.877 s
      part 2 - CPE FASTQ formatting and input release           0.421 s
      part 3 - CPE alignment and SAM length pass               52.731 s
      part 4 - assign slices in the shared SAM buffer           0.368 s
      part 5 - CPE SAM record generation                        0.547 s
      part 6 - release temporary worker data                    0.001 s

  Reserved allocator timers (no active timing sites)
    malloc timer                                              0.000 s
    free timer                                                0.000 s
===================================================================


======================= SWBWA Timing Report =======================
  MPI rank: 000004 / 000006
  Accumulated wall-clock time; indented rows are included in
  their parent row and must not be added to it.

  Pipeline
    total - complete three-stage pipeline                   186.364 s
    stage 1 - allocate and read raw FASTQ blocks             29.799 s
    stage 2 - align reads and generate SAM records           54.274 s
    stage 3 - write SAM and release batch data               54.150 s
      SAM output writes                                        52.306 s
      batch cleanup and loop overhead (derived)                 1.844 s

  Stage 1 input details
    batches completed / stage calls                      30 / 31
    input-buffer and batch allocations                        0.000 s  (91 calls, max 0.000 s)
    aggregate requested allocation bytes           1166542256
    FASTQ fseeko calls                                        0.252 s  (60 calls, max 0.129 s)
    FASTQ fread calls                                        29.540 s  (60 calls, max 0.924 s)
    align chunk ends to FASTQ record boundaries               0.000 s  (58 calls, max 0.000 s)
    scheduler, checks and bookkeeping (derived)               0.007 s
    raw FASTQ bytes read                           1166478832  (1112.441 MiB)
    effective fread bandwidth                         37.659 MiB/s
    slowest allocation                                 0.000 s  (19661824 bytes)
    slowest fread                                      0.924 s  (R2 offset=2509793460, bytes=19660800)

  Stage 2 worker details
    total - active merge worker                              54.266 s
      part 1 - prepare CPE task and reusable buffers            0.853 s
      part 2 - CPE FASTQ formatting and input release           0.452 s
      part 3 - CPE alignment and SAM length pass               52.052 s
      part 4 - assign slices in the shared SAM buffer           0.358 s
      part 5 - CPE SAM record generation                        0.540 s
      part 6 - release temporary worker data                    0.001 s

  Reserved allocator timers (no active timing sites)
    malloc timer                                              0.000 s
    free timer                                                0.000 s
===================================================================


======================= SWBWA Timing Report =======================
  MPI rank: 000005 / 000006
  Accumulated wall-clock time; indented rows are included in
  their parent row and must not be added to it.

  Pipeline
    total - complete three-stage pipeline                   186.388 s
    stage 1 - allocate and read raw FASTQ blocks             28.132 s
    stage 2 - align reads and generate SAM records          103.041 s
    stage 3 - write SAM and release batch data               53.773 s
      SAM output writes                                        51.869 s
      batch cleanup and loop overhead (derived)                 1.905 s

  Stage 1 input details
    batches completed / stage calls                      30 / 31
    input-buffer and batch allocations                        0.000 s  (91 calls, max 0.000 s)
    aggregate requested allocation bytes           1166541792
    FASTQ fseeko calls                                        0.237 s  (60 calls, max 0.130 s)
    FASTQ fread calls                                        27.890 s  (60 calls, max 0.853 s)
    align chunk ends to FASTQ record boundaries               0.000 s  (58 calls, max 0.000 s)
    scheduler, checks and bookkeeping (derived)               0.005 s
    raw FASTQ bytes read                           1166478368  (1112.440 MiB)
    effective fread bandwidth                         39.887 MiB/s
    slowest allocation                                 0.000 s  (19661824 bytes)
    slowest fread                                      0.853 s  (R2 offset=2955387740, bytes=19660800)

  Stage 2 worker details
    total - active merge worker                             103.034 s
      part 1 - prepare CPE task and reusable buffers            0.862 s
      part 2 - CPE FASTQ formatting and input release           0.430 s
      part 3 - CPE alignment and SAM length pass              100.831 s
      part 4 - assign slices in the shared SAM buffer           0.363 s
      part 5 - CPE SAM record generation                        0.540 s
      part 6 - release temporary worker data                    0.001 s

  Reserved allocator timers (no active timing sites)
    malloc timer                                              0.000 s
    free timer                                                0.000 s
===================================================================

[main] Version: 0.0.1
[main] CMD: ./SWBWA mem -v 4 -t 1 -1 -o correctness_results/bigdata_mpi_lwpf_off_20260823/mpi_static_split/has1/ERR1203383_PE.sam -I 170,80,500,1 ../data/GRCh38.d1.vd1.fa ../data/bwa_test_big_data/ERR1203383_1.fastq ../data/bwa_test_big_data/ERR1203383_2.fastq
