[M::main_mem] mean insert size: 170.000, stddev: 80.000, max: 500, min: 1
[CPE input] bytes_per_cg=19660800 cg_count=1 chunk_bytes=19660800 file_bytes=3499281348
[MPI rank 000000/000006] input range: records=[0, 2577448) bytes=[0, 583213728)
[MPI rank 000001/000006] input range: records=[2577448, 5135402) bytes=[583213728, 1166427240)
[MPI rank 000002/000006] input range: records=[5135402, 7693356) bytes=[1166427240, 1749640752)
[MPI rank 000003/000006] input range: records=[7693356, 10246977) bytes=[1749640752, 2332854252)
[MPI rank 000004/000006] input range: records=[10246977, 12760829) bytes=[2332854252, 2916067916)
[MPI rank 000005/000006] input range: records=[12760829, 15274680) bytes=[2916067916, 3499281348)
malloc bwt->bwt 3107576584, 0x500008804020
malloc bwt->bwt 3107576584, 0x500008804020
malloc bwt->bwt 3107576584, 0x500008804020
malloc bwt->bwt 3107576584, 0x500008804020
malloc bwt->bwt 3107576584, 0x500008804020
malloc bwt->bwt 3107576584, 0x500008804020
malloc bwt->sa 1553788264, 0x5000c1ba1b40
malloc bwt->sa 1553788264, 0x5000c1ba1b40
malloc bwt->sa 1553788264, 0x5000c1ba1b40
malloc bwt->sa 1553788264, 0x5000c1ba1b40
malloc bwt->sa 1553788264, 0x5000c1ba1b40
malloc bwt->sa 1553788264, 0x5000c1ba1b40
[M::bwa_idx_load_from_disk] read 0 ALT contigs
[M::bwa_idx_load_from_disk] read 0 ALT contigs
[M::bwa_idx_load_from_disk] read 0 ALT contigs
[M::bwa_idx_load_from_disk] read 0 ALT contigs
[M::bwa_idx_load_from_disk] read 0 ALT contigs
[M::bwa_idx_load_from_disk] read 0 ALT contigs
malloc pac 776894131, 0x50011e5708c0
malloc pac 776894131, 0x50011e5708c0
malloc pac 776894131, 0x50011e5708c0
malloc pac 776894131, 0x50011e5708c0
malloc pac 776894131, 0x50011e5708c0
malloc pac 776894131, 0x50011e5708c0
the input file is ../data/bwa_test_big_data/ERR1203383_1.fastq
[MPI rank 000000/000006] output: correctness_results/bigdata_mpi_lwpf_off_20260823/mpi_static_split/has1/ERR1203383_SE.rank000000.sam
[M::process] read chunk (19660800 bytes/CG x 1 CGs, 19660800 bytes)...
[MPI rank 000001/000006] output: correctness_results/bigdata_mpi_lwpf_off_20260823/mpi_static_split/has1/ERR1203383_SE.rank000001.sam
[M::process] read chunk (19660800 bytes/CG x 1 CGs, 19660800 bytes)...
[MPI rank 000002/000006] output: correctness_results/bigdata_mpi_lwpf_off_20260823/mpi_static_split/has1/ERR1203383_SE.rank000002.sam
[M::process] read chunk (19660800 bytes/CG x 1 CGs, 19660800 bytes)...
[MPI rank 000003/000006] output: correctness_results/bigdata_mpi_lwpf_off_20260823/mpi_static_split/has1/ERR1203383_SE.rank000003.sam
[M::process] read chunk (19660800 bytes/CG x 1 CGs, 19660800 bytes)...
[MPI rank 000005/000006] output: correctness_results/bigdata_mpi_lwpf_off_20260823/mpi_static_split/has1/ERR1203383_SE.rank000005.sam
[M::process] read chunk (19660800 bytes/CG x 1 CGs, 19660800 bytes)...
[MPI rank 000004/000006] output: correctness_results/bigdata_mpi_lwpf_off_20260823/mpi_static_split/has1/ERR1203383_SE.rank000004.sam
[M::process] read chunk (19660800 bytes/CG x 1 CGs, 19660800 bytes)...
[M::mem_process_seqs_merge2] CPE FASTQ formatting done
[M::mem_process_seqs_merge2] CPE FASTQ formatting done
[M::mem_process_seqs_merge2] CPE FASTQ formatting done
[M::mem_process_seqs_merge2] CPE FASTQ formatting done
[M::mem_process_seqs_merge2] CPE FASTQ formatting done
[M::mem_process_seqs_merge2] CPE FASTQ formatting done
slave pre done
now n is 89565
processed 89565
[M::mem_process_seqs_merge2] Processed 89565 reads in 0.540 CPU sec, 1.294 real sec
slave pre done
now n is 86228
slave pre done
now n is 86228
processed 86228
[M::mem_process_seqs_merge2] Processed 86228 reads in 0.530 CPU sec, 1.270 real sec
slave pre done
now n is 84741
processed 86228
[M::mem_process_seqs_merge2] Processed 86228 reads in 0.530 CPU sec, 1.313 real sec
processed 84741
[M::mem_process_seqs_merge2] Processed 84741 reads in 0.540 CPU sec, 1.279 real sec
[M::process] read chunk (19660800 bytes/CG x 1 CGs, 19660800 bytes)...
slave pre done
now n is 84741
processed 84741
[M::mem_process_seqs_merge2] Processed 84741 reads in 0.530 CPU sec, 1.289 real sec
[M::process] read chunk (19660800 bytes/CG x 1 CGs, 19660800 bytes)...
slave pre done
now n is 86228
processed 86228
[M::mem_process_seqs_merge2] Processed 86228 reads in 0.530 CPU sec, 1.412 real sec
[M::process] read chunk (19660800 bytes/CG x 1 CGs, 19660800 bytes)...
[M::process] read chunk (19660800 bytes/CG x 1 CGs, 19660800 bytes)...
[M::process] read chunk (19660800 bytes/CG x 1 CGs, 19660800 bytes)...
[M::process] read chunk (19660800 bytes/CG x 1 CGs, 19660800 bytes)...
[M::mem_process_seqs_merge2] CPE FASTQ formatting done
[M::mem_process_seqs_merge2] CPE FASTQ formatting done
[M::mem_process_seqs_merge2] CPE FASTQ formatting done
[M::mem_process_seqs_merge2] CPE FASTQ formatting done
[M::mem_process_seqs_merge2] CPE FASTQ formatting done
[M::mem_process_seqs_merge2] CPE FASTQ formatting done
slave pre done
now n is 87954
processed 87954
[M::mem_process_seqs_merge2] Processed 87954 reads in 0.010 CPU sec, 0.816 real sec
[M::process] read chunk (19660800 bytes/CG x 1 CGs, 19660800 bytes)...
slave pre done
now n is 86228
processed 86228
[M::mem_process_seqs_merge2] Processed 86228 reads in 0.030 CPU sec, 0.789 real sec
slave pre done
now n is 86228
slave pre done
now n is 84741
slave pre done
now n is 84741
processed 86228
[M::mem_process_seqs_merge2] Processed 86228 reads in 0.020 CPU sec, 0.773 real sec
processed 84741
[M::mem_process_seqs_merge2] Processed 84741 reads in 0.020 CPU sec, 0.784 real sec
processed 84741
[M::mem_process_seqs_merge2] Processed 84741 reads in 0.030 CPU sec, 0.803 real sec
slave pre done
now n is 86228
processed 86228
[M::process] read chunk (19660800 bytes/CG x 1 CGs, 19660800 bytes)...
[M::mem_process_seqs_merge2] Processed 86228 reads in 0.020 CPU sec, 0.830 real sec
[M::process] read chunk (19660800 bytes/CG x 1 CGs, 19660800 bytes)...
[M::process] read chunk (19660800 bytes/CG x 1 CGs, 19660800 bytes)...
[M::process] read chunk (19660800 bytes/CG x 1 CGs, 19660800 bytes)...
[M::process] read chunk (19660800 bytes/CG x 1 CGs, 19660800 bytes)...
[M::mem_process_seqs_merge2] CPE FASTQ formatting done
[M::mem_process_seqs_merge2] CPE FASTQ formatting done
[M::mem_process_seqs_merge2] CPE FASTQ formatting done
[M::mem_process_seqs_merge2] CPE FASTQ formatting done
[M::mem_process_seqs_merge2] CPE FASTQ formatting done
[M::mem_process_seqs_merge2] CPE FASTQ formatting done
slave pre done
now n is 87767
processed 87767
[M::mem_process_seqs_merge2] Processed 87767 reads in 0.010 CPU sec, 0.795 real sec
[M::process] read chunk (19660800 bytes/CG x 1 CGs, 19660800 bytes)...
slave pre done
now n is 86228
[M::mem_process_seqs_merge2] CPE FASTQ formatting done
slave pre done
now n is 86228
processed 86228
[M::mem_process_seqs_merge2] Processed 86228 reads in 0.040 CPU sec, 0.736 real sec
processed 86228
[M::mem_process_seqs_merge2] Processed 86228 reads in 0.020 CPU sec, 0.760 real sec
slave pre done
now n is 84741
slave pre done
now n is 84741
processed 84741
[M::mem_process_seqs_merge2] Processed 84741 reads in 0.030 CPU sec, 0.778 real sec
processed 84741
[M::mem_process_seqs_merge2] Processed 84741 reads in 0.030 CPU sec, 0.798 real sec
[M::process] read chunk (19660800 bytes/CG x 1 CGs, 19660800 bytes)...
slave pre done
now n is 86228
[M::process] read chunk (19660800 bytes/CG x 1 CGs, 19660800 bytes)...
processed 86228
[M::mem_process_seqs_merge2] Processed 86228 reads in 0.020 CPU sec, 0.802 real sec
[M::process] read chunk (19660800 bytes/CG x 1 CGs, 19660800 bytes)...
[M::process] read chunk (19660800 bytes/CG x 1 CGs, 19660800 bytes)...
[M::process] read chunk (19660800 bytes/CG x 1 CGs, 19660800 bytes)...
slave pre done
now n is 87767
[M::mem_process_seqs_merge2] CPE FASTQ formatting done
processed 87767
[M::mem_process_seqs_merge2] Processed 87767 reads in 0.010 CPU sec, 0.790 real sec
[M::mem_process_seqs_merge2] CPE FASTQ formatting done
[M::mem_process_seqs_merge2] CPE FASTQ formatting done
[M::mem_process_seqs_merge2] CPE FASTQ formatting done
[M::mem_process_seqs_merge2] CPE FASTQ formatting done
slave pre done
now n is 86228
processed 86228
[M::mem_process_seqs_merge2] Processed 86228 reads in 0.010 CPU sec, 0.710 real sec
slave pre done
now n is 86228
processed 86228
[M::mem_process_seqs_merge2] Processed 86228 reads in 0.050 CPU sec, 0.791 real sec
slave pre done
now n is 84741
slave pre done
now n is 84741
processed 84741
[M::mem_process_seqs_merge2] Processed 84741 reads in 0.020 CPU sec, 0.791 real sec
slave pre done
now n is 86228
processed 84741
[M::mem_process_seqs_merge2] Processed 84741 reads in 0.020 CPU sec, 0.803 real sec
processed 86228
[M::mem_process_seqs_merge2] Processed 86228 reads in 0.030 CPU sec, 0.801 real sec
[M::process] read chunk (19660800 bytes/CG x 1 CGs, 19660800 bytes)...
[M::mem_process_seqs_merge2] CPE FASTQ formatting done
slave pre done
now n is 87767
processed 87767
[M::mem_process_seqs_merge2] Processed 87767 reads in 0.030 CPU sec, 0.769 real sec
[M::process] read chunk (19660800 bytes/CG x 1 CGs, 19660800 bytes)...
[M::mem_process_seqs_merge2] CPE FASTQ formatting done
[M::process] read chunk (19660800 bytes/CG x 1 CGs, 19660800 bytes)...
[M::process] read chunk (19660800 bytes/CG x 1 CGs, 19660800 bytes)...
[M::process] read chunk (19660800 bytes/CG x 1 CGs, 19660800 bytes)...
[M::process] read chunk (19660800 bytes/CG x 1 CGs, 19660800 bytes)...
[M::process] read chunk (19660800 bytes/CG x 1 CGs, 19660800 bytes)...
slave pre done
now n is 87767
processed 87767
[M::mem_process_seqs_merge2] Processed 87767 reads in 0.040 CPU sec, 0.839 real sec
[M::mem_process_seqs_merge2] CPE FASTQ formatting done
[M::process] read chunk (19660800 bytes/CG x 1 CGs, 19660800 bytes)...
[M::mem_process_seqs_merge2] CPE FASTQ formatting done
[M::mem_process_seqs_merge2] CPE FASTQ formatting done
[M::mem_process_seqs_merge2] CPE FASTQ formatting done
[M::mem_process_seqs_merge2] CPE FASTQ formatting done
[M::mem_process_seqs_merge2] CPE FASTQ formatting done
slave pre done
now n is 86228
processed 86228
[M::mem_process_seqs_merge2] Processed 86228 reads in 0.040 CPU sec, 0.900 real sec
[M::process] read chunk (19660800 bytes/CG x 1 CGs, 19660800 bytes)...
[M::mem_process_seqs_merge2] CPE FASTQ formatting done
slave pre done
now n is 84741
processed 84741
[M::mem_process_seqs_merge2] Processed 84741 reads in 0.020 CPU sec, 0.747 real sec
slave pre done
now n is 86228
processed 86228
[M::mem_process_seqs_merge2] Processed 86228 reads in 0.020 CPU sec, 0.735 real sec
slave pre done
now n is 84741
slave pre done
now n is 86228
processed 84741
[M::mem_process_seqs_merge2] Processed 84741 reads in 0.020 CPU sec, 0.808 real sec
processed 86228
[M::mem_process_seqs_merge2] Processed 86228 reads in 0.020 CPU sec, 0.786 real sec
[M::process] read chunk (19660800 bytes/CG x 1 CGs, 19660800 bytes)...
[M::process] read chunk (19660800 bytes/CG x 1 CGs, 19660800 bytes)...
[M::process] read chunk (19660800 bytes/CG x 1 CGs, 19660800 bytes)...
slave pre done
now n is 87767
processed 87767
[M::mem_process_seqs_merge2] Processed 87767 reads in 0.030 CPU sec, 0.876 real sec
[M::process] read chunk (19660800 bytes/CG x 1 CGs, 19660800 bytes)...
slave pre done
now n is 86228
processed 86228
[M::mem_process_seqs_merge2] Processed 86228 reads in 0.020 CPU sec, 0.832 real sec
[M::mem_process_seqs_merge2] CPE FASTQ formatting done
[M::process] read chunk (19660800 bytes/CG x 1 CGs, 19660800 bytes)...
[M::mem_process_seqs_merge2] CPE FASTQ formatting done
[M::mem_process_seqs_merge2] CPE FASTQ formatting done
[M::mem_process_seqs_merge2] CPE FASTQ formatting done
[M::mem_process_seqs_merge2] CPE FASTQ formatting done
slave pre done
now n is 84741
slave pre done
now n is 86228
processed 84741
[M::mem_process_seqs_merge2] Processed 84741 reads in 0.020 CPU sec, 0.707 real sec
processed 86228
[M::mem_process_seqs_merge2] Processed 86228 reads in 0.040 CPU sec, 0.747 real sec
slave pre done
now n is 84741
[M::process] read chunk (19660800 bytes/CG x 1 CGs, 19660800 bytes)...
[M::process] read chunk (19660800 bytes/CG x 1 CGs, 19660800 bytes)...
processed 84741
[M::mem_process_seqs_merge2] Processed 84741 reads in 0.070 CPU sec, 0.904 real sec
slave pre done
now n is 86228
processed 86228
[M::mem_process_seqs_merge2] Processed 86228 reads in 0.020 CPU sec, 0.828 real sec
[M::process] read chunk (19660800 bytes/CG x 1 CGs, 19660800 bytes)...
slave pre done
now n is 86228
[M::process] read chunk (19660800 bytes/CG x 1 CGs, 19660800 bytes)...
processed 86228
[M::mem_process_seqs_merge2] Processed 86228 reads in 0.020 CPU sec, 0.763 real sec
[M::mem_process_seqs_merge2] CPE FASTQ formatting done
[M::mem_process_seqs_merge2] CPE FASTQ formatting done
[M::mem_process_seqs_merge2] CPE FASTQ formatting done
[M::mem_process_seqs_merge2] CPE FASTQ formatting done
[M::process] read chunk (19660800 bytes/CG x 1 CGs, 19660800 bytes)...
slave pre done
now n is 86228
processed 86228
[M::mem_process_seqs_merge2] Processed 86228 reads in 0.040 CPU sec, 0.823 real sec
slave pre done
now n is 84741
processed 84741
[M::mem_process_seqs_merge2] Processed 84741 reads in 0.030 CPU sec, 0.775 real sec
slave pre done
now n is 84741
slave pre done
now n is 86228
processed 84741
[M::mem_process_seqs_merge2] Processed 84741 reads in 0.020 CPU sec, 0.754 real sec
processed 86228
[M::mem_process_seqs_merge2] Processed 86228 reads in 0.010 CPU sec, 0.827 real sec
[M::mem_process_seqs_merge2] CPE FASTQ formatting done
slave pre done
now n is 87767
processed 87767
[M::mem_process_seqs_merge2] Processed 87767 reads in 0.010 CPU sec, 0.838 real sec
[M::process] read chunk (19660800 bytes/CG x 1 CGs, 19660800 bytes)...
[M::mem_process_seqs_merge2] CPE FASTQ formatting done
[M::process] read chunk (19660800 bytes/CG x 1 CGs, 19660800 bytes)...
slave pre done
now n is 87767
processed 87767
[M::mem_process_seqs_merge2] Processed 87767 reads in 0.030 CPU sec, 0.847 real sec
[M::process] read chunk (19660800 bytes/CG x 1 CGs, 19660800 bytes)...
[M::mem_process_seqs_merge2] CPE FASTQ formatting done
[M::mem_process_seqs_merge2] CPE FASTQ formatting done
slave pre done
now n is 86228
processed 86228
[M::mem_process_seqs_merge2] Processed 86228 reads in 0.020 CPU sec, 0.790 real sec
[M::process] read chunk (19660800 bytes/CG x 1 CGs, 19660800 bytes)...
slave pre done
now n is 87767
processed 87767
[M::mem_process_seqs_merge2] Processed 87767 reads in 0.010 CPU sec, 0.817 real sec
[M::process] read chunk (19660800 bytes/CG x 1 CGs, 19660800 bytes)...
[M::process] read chunk (19660800 bytes/CG x 1 CGs, 19660800 bytes)...
[M::process] read chunk (19660800 bytes/CG x 1 CGs, 19660800 bytes)...
[M::process] read chunk (19660800 bytes/CG x 1 CGs, 19660800 bytes)...
[M::mem_process_seqs_merge2] CPE FASTQ formatting done
[M::mem_process_seqs_merge2] CPE FASTQ formatting done
[M::mem_process_seqs_merge2] CPE FASTQ formatting done
[M::mem_process_seqs_merge2] CPE FASTQ formatting done
[M::mem_process_seqs_merge2] CPE FASTQ formatting done
slave pre done
now n is 86228
processed 86228
[M::mem_process_seqs_merge2] Processed 86228 reads in 0.040 CPU sec, 0.853 real sec
[M::process] read chunk (19660800 bytes/CG x 1 CGs, 19660800 bytes)...
slave pre done
now n is 84741
processed 84741
[M::mem_process_seqs_merge2] Processed 84741 reads in 0.020 CPU sec, 0.781 real sec
slave pre done
now n is 84741
[M::mem_process_seqs_merge2] CPE FASTQ formatting done
processed 84741
[M::mem_process_seqs_merge2] Processed 84741 reads in 0.030 CPU sec, 0.759 real sec
[M::process] read chunk (19660800 bytes/CG x 1 CGs, 19660800 bytes)...
[M::process] read chunk (19660800 bytes/CG x 1 CGs, 19660800 bytes)...
slave pre done
now n is 86228
processed 86228
[M::mem_process_seqs_merge2] Processed 86228 reads in 0.040 CPU sec, 0.799 real sec
[M::process] read chunk (19660800 bytes/CG x 1 CGs, 19660800 bytes)...
slave pre done
now n is 86228
processed 86228
[M::mem_process_seqs_merge2] Processed 86228 reads in 0.030 CPU sec, 0.945 real sec
[M::process] read chunk (19660800 bytes/CG x 1 CGs, 19660800 bytes)...
[M::mem_process_seqs_merge2] CPE FASTQ formatting done
[M::mem_process_seqs_merge2] CPE FASTQ formatting done
slave pre done
now n is 86228
[M::mem_process_seqs_merge2] CPE FASTQ formatting done
processed 86228
[M::mem_process_seqs_merge2] Processed 86228 reads in 0.010 CPU sec, 0.810 real sec
[M::process] read chunk (19660800 bytes/CG x 1 CGs, 19660800 bytes)...
[M::mem_process_seqs_merge2] CPE FASTQ formatting done
[M::process] read chunk (19660800 bytes/CG x 1 CGs, 19660800 bytes)...
slave pre done
now n is 84741
[M::mem_process_seqs_merge2] CPE FASTQ formatting done
processed 84741
[M::mem_process_seqs_merge2] Processed 84741 reads in 0.010 CPU sec, 0.762 real sec
slave pre done
now n is 84741
processed 84741
[M::mem_process_seqs_merge2] Processed 84741 reads in 0.010 CPU sec, 0.747 real sec
[M::process] read chunk (19660800 bytes/CG x 1 CGs, 19660800 bytes)...
[M::process] read chunk (19660800 bytes/CG x 1 CGs, 19660800 bytes)...
[M::mem_process_seqs_merge2] CPE FASTQ formatting done
slave pre done
now n is 86228
processed 86228
[M::mem_process_seqs_merge2] Processed 86228 reads in 0.020 CPU sec, 0.767 real sec
[M::process] read chunk (19660800 bytes/CG x 1 CGs, 19660800 bytes)...
slave pre done
now n is 86228
processed 86228
[M::mem_process_seqs_merge2] Processed 86228 reads in 0.080 CPU sec, 0.867 real sec
[M::process] read chunk (19660800 bytes/CG x 1 CGs, 19660800 bytes)...
[M::mem_process_seqs_merge2] CPE FASTQ formatting done
slave pre done
now n is 86228
processed 86228
[M::mem_process_seqs_merge2] Processed 86228 reads in 0.010 CPU sec, 0.768 real sec
slave pre done
now n is 87767
[M::mem_process_seqs_merge2] CPE FASTQ formatting done
processed 87767
[M::mem_process_seqs_merge2] Processed 87767 reads in 0.030 CPU sec, 0.771 real sec
[M::process] read chunk (19660800 bytes/CG x 1 CGs, 19660800 bytes)...
[M::mem_process_seqs_merge2] CPE FASTQ formatting done
[M::mem_process_seqs_merge2] CPE FASTQ formatting done
[M::mem_process_seqs_merge2] CPE FASTQ formatting done
slave pre done
now n is 84741
processed 84741
[M::mem_process_seqs_merge2] Processed 84741 reads in 0.020 CPU sec, 0.813 real sec
[M::process] read chunk (19660800 bytes/CG x 1 CGs, 19660800 bytes)...
slave pre done
now n is 84741
processed 84741
[M::mem_process_seqs_merge2] Processed 84741 reads in 0.020 CPU sec, 0.814 real sec
slave pre done
now n is 86228
processed 86228
[M::process] read chunk (19660800 bytes/CG x 1 CGs, 19660800 bytes)...
[M::mem_process_seqs_merge2] Processed 86228 reads in 0.030 CPU sec, 0.691 real sec
slave pre done
now n is 86228
processed 86228
[M::mem_process_seqs_merge2] Processed 86228 reads in 0.040 CPU sec, 0.758 real sec
[M::mem_process_seqs_merge2] CPE FASTQ formatting done
slave pre done
now n is 86799
processed 86799
[M::mem_process_seqs_merge2] Processed 86799 reads in 0.050 CPU sec, 0.791 real sec
[M::mem_process_seqs_merge2] CPE FASTQ formatting done
[M::process] read chunk (19660800 bytes/CG x 1 CGs, 19660800 bytes)...
[M::mem_process_seqs_merge2] CPE FASTQ formatting done
slave pre done
now n is 84741
processed 84741
[M::mem_process_seqs_merge2] Processed 84741 reads in 0.030 CPU sec, 0.717 real sec
slave pre done
now n is 84741
processed 84741
[M::mem_process_seqs_merge2] Processed 84741 reads in 0.040 CPU sec, 0.768 real sec
slave pre done
now n is 86228
processed 86228
[M::mem_process_seqs_merge2] Processed 86228 reads in 0.040 CPU sec, 0.826 real sec
[M::process] read chunk (19660800 bytes/CG x 1 CGs, 19660800 bytes)...
[M::process] read chunk (19660800 bytes/CG x 1 CGs, 19660800 bytes)...
[M::mem_process_seqs_merge2] CPE FASTQ formatting done
[M::mem_process_seqs_merge2] CPE FASTQ formatting done
slave pre done
now n is 86228
processed 86228
[M::mem_process_seqs_merge2] Processed 86228 reads in 0.030 CPU sec, 0.805 real sec
[M::process] read chunk (19660800 bytes/CG x 1 CGs, 19660800 bytes)...
[M::process] read chunk (19660800 bytes/CG x 1 CGs, 19660800 bytes)...
slave pre done
now n is 86228
processed 86228
[M::mem_process_seqs_merge2] Processed 86228 reads in 0.040 CPU sec, 0.876 real sec
[M::process] read chunk (19660800 bytes/CG x 1 CGs, 19660800 bytes)...
[M::mem_process_seqs_merge2] CPE FASTQ formatting done
[M::mem_process_seqs_merge2] CPE FASTQ formatting done
[M::mem_process_seqs_merge2] CPE FASTQ formatting done
[M::process] read chunk (19660800 bytes/CG x 1 CGs, 19660800 bytes)...
[M::process] read chunk (19660800 bytes/CG x 1 CGs, 19660800 bytes)...
slave pre done
now n is 86228
processed 86228
[M::mem_process_seqs_merge2] Processed 86228 reads in 0.020 CPU sec, 0.763 real sec
[M::process] read chunk (19660800 bytes/CG x 1 CGs, 19660800 bytes)...
[M::mem_process_seqs_merge2] CPE FASTQ formatting done
slave pre done
now n is 86228
processed 86228
[M::mem_process_seqs_merge2] Processed 86228 reads in 0.200 CPU sec, 0.833 real sec
slave pre done
now n is 86228
processed 86228
[M::mem_process_seqs_merge2] Processed 86228 reads in 0.030 CPU sec, 0.870 real sec
[M::process] read chunk (19660800 bytes/CG x 1 CGs, 19660800 bytes)...
[M::mem_process_seqs_merge2] CPE FASTQ formatting done
[M::process] read chunk (19660800 bytes/CG x 1 CGs, 19660800 bytes)...
[M::mem_process_seqs_merge2] CPE FASTQ formatting done
slave pre done
now n is 84741
processed 84741
[M::mem_process_seqs_merge2] Processed 84741 reads in 0.020 CPU sec, 0.804 real sec
[M::mem_process_seqs_merge2] CPE FASTQ formatting done
[M::mem_process_seqs_merge2] CPE FASTQ formatting done
[M::process] read chunk (19660800 bytes/CG x 1 CGs, 19660800 bytes)...
slave pre done
now n is 84741
processed 84741
[M::mem_process_seqs_merge2] Processed 84741 reads in 0.040 CPU sec, 0.796 real sec
[M::process] read chunk (19660800 bytes/CG x 1 CGs, 19660800 bytes)...
slave pre done
now n is 86228
[M::mem_process_seqs_merge2] CPE FASTQ formatting done
processed 86228
[M::mem_process_seqs_merge2] Processed 86228 reads in 0.030 CPU sec, 0.826 real sec
[M::process] read chunk (19660800 bytes/CG x 1 CGs, 19660800 bytes)...
[M::process] read chunk (19660800 bytes/CG x 1 CGs, 19660800 bytes)...
[M::mem_process_seqs_merge2] CPE FASTQ formatting done
slave pre done
now n is 86228
processed 86228
[M::mem_process_seqs_merge2] Processed 86228 reads in 0.010 CPU sec, 0.789 real sec
slave pre done
now n is 86228
processed 86228
[M::mem_process_seqs_merge2] Processed 86228 reads in 0.020 CPU sec, 0.800 real sec
[M::process] read chunk (19660800 bytes/CG x 1 CGs, 19660800 bytes)...
[M::mem_process_seqs_merge2] CPE FASTQ formatting done
[M::mem_process_seqs_merge2] CPE FASTQ formatting done
slave pre done
now n is 84741
processed 84741
[M::mem_process_seqs_merge2] Processed 84741 reads in 0.030 CPU sec, 0.819 real sec
[M::process] read chunk (19660800 bytes/CG x 1 CGs, 19660800 bytes)...
[M::mem_process_seqs_merge2] CPE FASTQ formatting done
slave pre done
now n is 84741
processed 84741
[M::mem_process_seqs_merge2] Processed 84741 reads in 0.020 CPU sec, 0.816 real sec
[M::process] read chunk (19660800 bytes/CG x 1 CGs, 19660800 bytes)...
[M::mem_process_seqs_merge2] CPE FASTQ formatting done
slave pre done
now n is 86228
processed 86228
[M::mem_process_seqs_merge2] Processed 86228 reads in 0.020 CPU sec, 0.782 real sec
slave pre done
now n is 86228
processed 86228
[M::mem_process_seqs_merge2] Processed 86228 reads in 0.040 CPU sec, 0.839 real sec
[M::process] read chunk (19660800 bytes/CG x 1 CGs, 19660800 bytes)...
[M::process] read chunk (19660800 bytes/CG x 1 CGs, 19660800 bytes)...
[M::mem_process_seqs_merge2] CPE FASTQ formatting done
slave pre done
now n is 86228
processed 86228
[M::mem_process_seqs_merge2] Processed 86228 reads in 0.010 CPU sec, 0.775 real sec
[M::process] read chunk (19660800 bytes/CG x 1 CGs, 19660800 bytes)...
[M::mem_process_seqs_merge2] CPE FASTQ formatting done
[M::mem_process_seqs_merge2] CPE FASTQ formatting done
slave pre done
now n is 84741
processed 84741
[M::mem_process_seqs_merge2] Processed 84741 reads in 0.020 CPU sec, 0.776 real sec
[M::mem_process_seqs_merge2] CPE FASTQ formatting done
slave pre done
now n is 84741
processed 84741
[M::mem_process_seqs_merge2] Processed 84741 reads in 0.020 CPU sec, 0.744 real sec
slave pre done
now n is 86228
processed 86228
[M::mem_process_seqs_merge2] Processed 86228 reads in 0.020 CPU sec, 0.736 real sec
slave pre done
now n is 86228
processed 86228
[M::mem_process_seqs_merge2] Processed 86228 reads in 0.010 CPU sec, 0.789 real sec
[M::process] read chunk (19660800 bytes/CG x 1 CGs, 19660800 bytes)...
slave pre done
now n is 86228
processed 86228
[M::mem_process_seqs_merge2] Processed 86228 reads in 0.010 CPU sec, 0.819 real sec
[M::mem_process_seqs_merge2] CPE FASTQ formatting done
[M::process] read chunk (19660800 bytes/CG x 1 CGs, 19660800 bytes)...
slave pre done
now n is 86228
processed 86228
[M::mem_process_seqs_merge2] Processed 86228 reads in 0.030 CPU sec, 0.835 real sec
[M::mem_process_seqs_merge2] CPE FASTQ formatting done
slave pre done
now n is 86228
processed 86228
[M::mem_process_seqs_merge2] Processed 86228 reads in 0.030 CPU sec, 0.855 real sec
[M::process] read chunk (19660800 bytes/CG x 1 CGs, 19660800 bytes)...
[M::mem_process_seqs_merge2] CPE FASTQ formatting done
[M::process] read chunk (19660800 bytes/CG x 1 CGs, 19660800 bytes)...
[M::process] read chunk (19660800 bytes/CG x 1 CGs, 19660800 bytes)...
[M::mem_process_seqs_merge2] CPE FASTQ formatting done
[M::process] read chunk (19660800 bytes/CG x 1 CGs, 19660800 bytes)...
slave pre done
now n is 86228
processed 86228
[M::mem_process_seqs_merge2] Processed 86228 reads in 0.030 CPU sec, 0.853 real sec
[M::mem_process_seqs_merge2] CPE FASTQ formatting done
[M::process] read chunk (19660800 bytes/CG x 1 CGs, 19660800 bytes)...
[M::process] read chunk (19660800 bytes/CG x 1 CGs, 19660800 bytes)...
[M::mem_process_seqs_merge2] CPE FASTQ formatting done
[M::mem_process_seqs_merge2] CPE FASTQ formatting done
slave pre done
now n is 84741
[M::mem_process_seqs_merge2] CPE FASTQ formatting done
processed 84741
[M::mem_process_seqs_merge2] Processed 84741 reads in 0.020 CPU sec, 0.820 real sec
[M::process] read chunk (19660800 bytes/CG x 1 CGs, 19660800 bytes)...
slave pre done
now n is 84741
processed 84741
[M::mem_process_seqs_merge2] Processed 84741 reads in 0.070 CPU sec, 0.814 real sec
[M::process] read chunk (19660800 bytes/CG x 1 CGs, 19660800 bytes)...
[M::process] read chunk (19660800 bytes/CG x 1 CGs, 19660800 bytes)...
slave pre done
now n is 86228
processed 86228
[M::mem_process_seqs_merge2] Processed 86228 reads in 0.020 CPU sec, 0.773 real sec
[M::mem_process_seqs_merge2] CPE FASTQ formatting done
[M::process] read chunk (19660800 bytes/CG x 1 CGs, 19660800 bytes)...
slave pre done
now n is 86228
processed 86228
[M::mem_process_seqs_merge2] Processed 86228 reads in 0.040 CPU sec, 0.861 real sec
slave pre done
now n is 86228
processed 86228
[M::mem_process_seqs_merge2] Processed 86228 reads in 0.020 CPU sec, 0.823 real sec
[M::mem_process_seqs_merge2] CPE FASTQ formatting done
[M::process] read chunk (19660800 bytes/CG x 1 CGs, 19660800 bytes)...
[M::mem_process_seqs_merge2] CPE FASTQ formatting done
[M::mem_process_seqs_merge2] CPE FASTQ formatting done
slave pre done
now n is 84741
processed 84741
[M::mem_process_seqs_merge2] Processed 84741 reads in 0.020 CPU sec, 0.767 real sec
[M::mem_process_seqs_merge2] CPE FASTQ formatting done
[M::process] read chunk (19660800 bytes/CG x 1 CGs, 19660800 bytes)...
slave pre done
now n is 84741
processed 84741
[M::mem_process_seqs_merge2] Processed 84741 reads in 0.020 CPU sec, 0.813 real sec
slave pre done
now n is 86228
processed 86228
[M::mem_process_seqs_merge2] Processed 86228 reads in 0.020 CPU sec, 0.789 real sec
[M::process] read chunk (19660800 bytes/CG x 1 CGs, 19660800 bytes)...
[M::process] read chunk (19660800 bytes/CG x 1 CGs, 19660800 bytes)...
[M::mem_process_seqs_merge2] CPE FASTQ formatting done
slave pre done
now n is 86228
processed 86228
[M::mem_process_seqs_merge2] Processed 86228 reads in 0.020 CPU sec, 0.764 real sec
[M::mem_process_seqs_merge2] CPE FASTQ formatting done
[M::process] read chunk (19660800 bytes/CG x 1 CGs, 19660800 bytes)...
[M::mem_process_seqs_merge2] CPE FASTQ formatting done
[M::mem_process_seqs_merge2] CPE FASTQ formatting done
slave pre done
now n is 86228
processed 86228
[M::mem_process_seqs_merge2] Processed 86228 reads in 0.030 CPU sec, 1.104 real sec
[M::process] read chunk (19660800 bytes/CG x 1 CGs, 19660800 bytes)...
slave pre done
now n is 84741
processed 84741
[M::mem_process_seqs_merge2] Processed 84741 reads in 0.010 CPU sec, 0.801 real sec
slave pre done
now n is 84741
processed 84741
[M::mem_process_seqs_merge2] Processed 84741 reads in 0.050 CPU sec, 0.773 real sec
slave pre done
now n is 86228
processed 86228
[M::mem_process_seqs_merge2] Processed 86228 reads in 0.030 CPU sec, 0.814 real sec
[M::mem_process_seqs_merge2] CPE FASTQ formatting done
[M::process] read chunk (19660800 bytes/CG x 1 CGs, 19660800 bytes)...
slave pre done
now n is 86228
processed 86228
[M::mem_process_seqs_merge2] Processed 86228 reads in 0.020 CPU sec, 0.838 real sec
[M::mem_process_seqs_merge2] CPE FASTQ formatting done
[M::process] read chunk (19660800 bytes/CG x 1 CGs, 19660800 bytes)...
slave pre done
now n is 86228
processed 86228
[M::mem_process_seqs_merge2] Processed 86228 reads in 0.140 CPU sec, 0.857 real sec
slave pre done
now n is 86228
processed 86228
[M::mem_process_seqs_merge2] Processed 86228 reads in 0.040 CPU sec, 0.856 real sec
[M::mem_process_seqs_merge2] CPE FASTQ formatting done
slave pre done
now n is 86228
processed 86228
[M::mem_process_seqs_merge2] Processed 86228 reads in 0.030 CPU sec, 0.866 real sec
[M::process] read chunk (19660800 bytes/CG x 1 CGs, 19660800 bytes)...
[M::mem_process_seqs_merge2] CPE FASTQ formatting done
[M::process] read chunk (19660800 bytes/CG x 1 CGs, 19660800 bytes)...
[M::process] read chunk (19660800 bytes/CG x 1 CGs, 19660800 bytes)...
[M::mem_process_seqs_merge2] CPE FASTQ formatting done
slave pre done
now n is 86228
[M::process] read chunk (19660800 bytes/CG x 1 CGs, 19660800 bytes)...
processed 86228
[M::mem_process_seqs_merge2] Processed 86228 reads in 0.020 CPU sec, 0.880 real sec
[M::mem_process_seqs_merge2] CPE FASTQ formatting done
[M::process] read chunk (19660800 bytes/CG x 1 CGs, 19660800 bytes)...
[M::mem_process_seqs_merge2] CPE FASTQ formatting done
[M::mem_process_seqs_merge2] CPE FASTQ formatting done
[M::process] read chunk (19660800 bytes/CG x 1 CGs, 19660800 bytes)...
slave pre done
now n is 84741
processed 84741
[M::mem_process_seqs_merge2] Processed 84741 reads in 0.030 CPU sec, 0.814 real sec
slave pre done
now n is 84741
processed 84741
[M::mem_process_seqs_merge2] Processed 84741 reads in 0.030 CPU sec, 0.768 real sec
[M::process] read chunk (19660800 bytes/CG x 1 CGs, 19660800 bytes)...
[M::process] read chunk (19660800 bytes/CG x 1 CGs, 19660800 bytes)...
[M::process] read chunk (19660800 bytes/CG x 1 CGs, 19660800 bytes)...
[M::mem_process_seqs_merge2] CPE FASTQ formatting done
slave pre done
now n is 86228
processed 86228
[M::mem_process_seqs_merge2] Processed 86228 reads in 0.020 CPU sec, 0.778 real sec
[M::mem_process_seqs_merge2] CPE FASTQ formatting done
slave pre done
now n is 86228
processed 86228
[M::mem_process_seqs_merge2] Processed 86228 reads in 0.020 CPU sec, 0.849 real sec
[M::process] read chunk (19660800 bytes/CG x 1 CGs, 19660800 bytes)...
[M::mem_process_seqs_merge2] CPE FASTQ formatting done
[M::mem_process_seqs_merge2] CPE FASTQ formatting done
[M::process] read chunk (19660800 bytes/CG x 1 CGs, 19660800 bytes)...
slave pre done
now n is 86228
[M::mem_process_seqs_merge2] CPE FASTQ formatting done
processed 86228
[M::mem_process_seqs_merge2] Processed 86228 reads in 0.050 CPU sec, 0.867 real sec
[M::mem_process_seqs_merge2] CPE FASTQ formatting done
[M::process] read chunk (19660800 bytes/CG x 1 CGs, 19660800 bytes)...
slave pre done
now n is 84741
processed 84741
[M::mem_process_seqs_merge2] Processed 84741 reads in 0.020 CPU sec, 0.711 real sec
slave pre done
now n is 86228
[M::process] read chunk (19660800 bytes/CG x 1 CGs, 19660800 bytes)...
slave pre done
now n is 84741
processed 86228
[M::mem_process_seqs_merge2] Processed 86228 reads in 0.020 CPU sec, 0.794 real sec
processed 84741
[M::mem_process_seqs_merge2] Processed 84741 reads in 0.020 CPU sec, 0.793 real sec
[M::process] read chunk (19660800 bytes/CG x 1 CGs, 19660800 bytes)...
[M::process] read chunk (19660800 bytes/CG x 1 CGs, 19660800 bytes)...
slave pre done
now n is 86228
[M::mem_process_seqs_merge2] CPE FASTQ formatting done
processed 86228
[M::mem_process_seqs_merge2] Processed 86228 reads in 0.020 CPU sec, 0.737 real sec
[M::mem_process_seqs_merge2] CPE FASTQ formatting done
[M::process] read chunk (19660800 bytes/CG x 1 CGs, 19660800 bytes)...
[M::mem_process_seqs_merge2] CPE FASTQ formatting done
slave pre done
now n is 86228
[M::mem_process_seqs_merge2] CPE FASTQ formatting done
processed 86228
[M::mem_process_seqs_merge2] Processed 86228 reads in 0.030 CPU sec, 0.843 real sec
[M::mem_process_seqs_merge2] CPE FASTQ formatting done
slave pre done
now n is 84741
processed 84741
[M::mem_process_seqs_merge2] Processed 84741 reads in 0.070 CPU sec, 0.764 real sec
slave pre done
now n is 86228
processed 86228
[M::mem_process_seqs_merge2] Processed 86228 reads in 0.140 CPU sec, 0.852 real sec
slave pre done
now n is 84741
[M::process] read chunk (19660800 bytes/CG x 1 CGs, 19660800 bytes)...
processed 84741
[M::mem_process_seqs_merge2] Processed 84741 reads in 0.020 CPU sec, 0.792 real sec
[M::process] read chunk (19660800 bytes/CG x 1 CGs, 19660800 bytes)...
[M::process] read chunk (19660800 bytes/CG x 1 CGs, 19660800 bytes)...
slave pre done
now n is 86228
processed 86228
[M::mem_process_seqs_merge2] Processed 86228 reads in 0.030 CPU sec, 0.851 real sec
slave pre done
now n is 86228
[M::process] read chunk (19660800 bytes/CG x 1 CGs, 19660800 bytes)...
processed 86228
[M::mem_process_seqs_merge2] Processed 86228 reads in 0.020 CPU sec, 0.774 real sec
[M::mem_process_seqs_merge2] CPE FASTQ formatting done
[M::mem_process_seqs_merge2] CPE FASTQ formatting done
[M::mem_process_seqs_merge2] CPE FASTQ formatting done
[M::mem_process_seqs_merge2] CPE FASTQ formatting done
slave pre done
now n is 86228
processed 86228
[M::mem_process_seqs_merge2] Processed 86228 reads in 0.010 CPU sec, 0.743 real sec
slave pre done
now n is 84741
processed 84741
[M::mem_process_seqs_merge2] Processed 84741 reads in 0.030 CPU sec, 0.753 real sec
slave pre done
now n is 84741
processed 84741
[M::mem_process_seqs_merge2] Processed 84741 reads in 0.060 CPU sec, 0.756 real sec
slave pre done
now n is 86228
processed 86228
[M::mem_process_seqs_merge2] Processed 86228 reads in 0.010 CPU sec, 0.823 real sec
[M::process] read chunk (19660800 bytes/CG x 1 CGs, 19660800 bytes)...
[M::process] read chunk (19660800 bytes/CG x 1 CGs, 19660800 bytes)...
[M::mem_process_seqs_merge2] CPE FASTQ formatting done
[M::mem_process_seqs_merge2] CPE FASTQ formatting done
slave pre done
now n is 86228
processed 86228
[M::mem_process_seqs_merge2] Processed 86228 reads in 0.010 CPU sec, 0.897 real sec
slave pre done
now n is 86228
processed 86228
[M::mem_process_seqs_merge2] Processed 86228 reads in 0.010 CPU sec, 0.840 real sec
[M::process] read chunk (19660800 bytes/CG x 1 CGs, 19660800 bytes)...
[M::process] read chunk (19660800 bytes/CG x 1 CGs, 19660800 bytes)...
[M::mem_process_seqs_merge2] CPE FASTQ formatting done
[M::mem_process_seqs_merge2] CPE FASTQ formatting done
slave pre done
now n is 86228
processed 86228
[M::mem_process_seqs_merge2] Processed 86228 reads in 0.030 CPU sec, 0.738 real sec
[M::process] read chunk (19660800 bytes/CG x 1 CGs, 19660800 bytes)...
[M::process] read chunk (19660800 bytes/CG x 1 CGs, 19660800 bytes)...
[M::process] read chunk (19660800 bytes/CG x 1 CGs, 19660800 bytes)...
slave pre done
now n is 86228
processed 86228
[M::mem_process_seqs_merge2] Processed 86228 reads in 0.050 CPU sec, 0.852 real sec
[M::process] read chunk (19660800 bytes/CG x 1 CGs, 19660800 bytes)...
[M::mem_process_seqs_merge2] CPE FASTQ formatting done
[M::process] read chunk (19660800 bytes/CG x 1 CGs, 19660800 bytes)...
[M::mem_process_seqs_merge2] CPE FASTQ formatting done
[M::mem_process_seqs_merge2] CPE FASTQ formatting done
slave pre done
now n is 86228
processed 86228
[M::mem_process_seqs_merge2] Processed 86228 reads in 0.020 CPU sec, 0.776 real sec
[M::mem_process_seqs_merge2] CPE FASTQ formatting done
[M::mem_process_seqs_merge2] CPE FASTQ formatting done
[M::process] read chunk (19660800 bytes/CG x 1 CGs, 19660800 bytes)...
slave pre done
now n is 84741
processed 84741
[M::mem_process_seqs_merge2] Processed 84741 reads in 0.010 CPU sec, 0.771 real sec
slave pre done
now n is 86228
[M::process] read chunk (19660800 bytes/CG x 1 CGs, 19660800 bytes)...
processed 86228
[M::mem_process_seqs_merge2] Processed 86228 reads in 0.040 CPU sec, 0.853 real sec
slave pre done
now n is 86228
[M::process] read chunk (19660800 bytes/CG x 1 CGs, 19660800 bytes)...
processed 86228
[M::mem_process_seqs_merge2] Processed 86228 reads in 0.020 CPU sec, 0.793 real sec
slave pre done
now n is 84741
processed 84741
[M::mem_process_seqs_merge2] Processed 84741 reads in 0.090 CPU sec, 0.856 real sec
[M::mem_process_seqs_merge2] CPE FASTQ formatting done
[M::process] read chunk (19660800 bytes/CG x 1 CGs, 19660800 bytes)...
[M::process] read chunk (19660800 bytes/CG x 1 CGs, 19660800 bytes)...
[M::mem_process_seqs_merge2] CPE FASTQ formatting done
[M::mem_process_seqs_merge2] CPE FASTQ formatting done
[M::mem_process_seqs_merge2] CPE FASTQ formatting done
slave pre done
now n is 86228
[M::mem_process_seqs_merge2] CPE FASTQ formatting done
processed 86228
[M::mem_process_seqs_merge2] Processed 86228 reads in 0.030 CPU sec, 0.812 real sec
[M::process] read chunk (19660800 bytes/CG x 1 CGs, 19660800 bytes)...
[M::mem_process_seqs_merge2] CPE FASTQ formatting done
slave pre done
now n is 84741
processed 84741
[M::mem_process_seqs_merge2] Processed 84741 reads in 0.010 CPU sec, 0.719 real sec
[M::process] read chunk (19660800 bytes/CG x 1 CGs, 19660800 bytes)...
slave pre done
now n is 86228
processed 86228
[M::mem_process_seqs_merge2] Processed 86228 reads in 0.030 CPU sec, 0.795 real sec
slave pre done
now n is 86228
[M::process] read chunk (19660800 bytes/CG x 1 CGs, 19660800 bytes)...
processed 86228
[M::mem_process_seqs_merge2] Processed 86228 reads in 0.170 CPU sec, 0.847 real sec
[M::process] read chunk (19660800 bytes/CG x 1 CGs, 19660800 bytes)...
slave pre done
now n is 84741
processed 84741
[M::process] read chunk (19660800 bytes/CG x 1 CGs, 19660800 bytes)...
[M::mem_process_seqs_merge2] Processed 84741 reads in 0.030 CPU sec, 0.838 real sec
[M::process] read chunk (19660800 bytes/CG x 1 CGs, 19660800 bytes)...
[M::mem_process_seqs_merge2] CPE FASTQ formatting done
slave pre done
now n is 86228
processed 86228
[M::mem_process_seqs_merge2] Processed 86228 reads in 0.040 CPU sec, 0.752 real sec
[M::process] read chunk (19660800 bytes/CG x 1 CGs, 19660800 bytes)...
[M::mem_process_seqs_merge2] CPE FASTQ formatting done
[M::mem_process_seqs_merge2] CPE FASTQ formatting done
[M::mem_process_seqs_merge2] CPE FASTQ formatting done
[M::mem_process_seqs_merge2] CPE FASTQ formatting done
[M::mem_process_seqs_merge2] CPE FASTQ formatting done
slave pre done
now n is 84741
processed 84741
[M::mem_process_seqs_merge2] Processed 84741 reads in 0.020 CPU sec, 0.755 real sec
slave pre done
slave pre done
now n is 86228
now n is 86228
processed 86228
[M::mem_process_seqs_merge2] Processed 86228 reads in 0.010 CPU sec, 0.856 real sec
processed 86228
[M::mem_process_seqs_merge2] Processed 86228 reads in 0.020 CPU sec, 0.814 real sec
slave pre done
now n is 86228
slave pre done
now n is 84741
processed 86228
[M::mem_process_seqs_merge2] Processed 86228 reads in 0.030 CPU sec, 0.801 real sec
processed 84741
[M::mem_process_seqs_merge2] Processed 84741 reads in 0.030 CPU sec, 0.806 real sec
[M::process] read chunk (19660800 bytes/CG x 1 CGs, 19660800 bytes)...
[M::process] read chunk (19660800 bytes/CG x 1 CGs, 19660800 bytes)...
slave pre done
now n is 86228
processed 86228
[M::mem_process_seqs_merge2] Processed 86228 reads in 0.020 CPU sec, 0.820 real sec
[M::mem_process_seqs_merge2] CPE FASTQ formatting done
[M::mem_process_seqs_merge2] CPE FASTQ formatting done
slave pre done
now n is 86228
processed 86228
[M::mem_process_seqs_merge2] Processed 86228 reads in 0.020 CPU sec, 0.826 real sec
slave pre done
now n is 86228
processed 86228
[M::mem_process_seqs_merge2] Processed 86228 reads in 0.080 CPU sec, 0.779 real sec
[M::process] read chunk (19660800 bytes/CG x 1 CGs, 19660800 bytes)...
[M::mem_process_seqs_merge2] CPE FASTQ formatting done
[M::process] read chunk (19660800 bytes/CG x 1 CGs, 19660800 bytes)...
slave pre done
now n is 86228
processed 86228
[M::mem_process_seqs_merge2] Processed 86228 reads in 0.010 CPU sec, 0.819 real sec
[M::mem_process_seqs_merge2] CPE FASTQ formatting done
[M::process] read chunk (19660800 bytes/CG x 1 CGs, 19660800 bytes)...
[M::process] read chunk (19660800 bytes/CG x 1 CGs, 19660800 bytes)...
[M::process] read chunk (19660800 bytes/CG x 1 CGs, 19660800 bytes)...
slave pre done
now n is 84741
processed 84741
[M::mem_process_seqs_merge2] Processed 84741 reads in 0.030 CPU sec, 0.764 real sec
[M::process] read chunk (19660800 bytes/CG x 1 CGs, 19660800 bytes)...
[M::mem_process_seqs_merge2] CPE FASTQ formatting done
[M::mem_process_seqs_merge2] CPE FASTQ formatting done
[M::mem_process_seqs_merge2] CPE FASTQ formatting done
[M::mem_process_seqs_merge2] CPE FASTQ formatting done
[M::process] read chunk (19660800 bytes/CG x 1 CGs, 19660800 bytes)...
slave pre done
now n is 86228
processed 86228
[M::mem_process_seqs_merge2] Processed 86228 reads in 0.030 CPU sec, 0.828 real sec
[M::process] read chunk (19660800 bytes/CG x 1 CGs, 19660800 bytes)...
slave pre done
now n is 86228
processed 86228
[M::mem_process_seqs_merge2] Processed 86228 reads in 0.040 CPU sec, 0.782 real sec
[M::process] read chunk (19660800 bytes/CG x 1 CGs, 19660800 bytes)...
[M::mem_process_seqs_merge2] CPE FASTQ formatting done
slave pre done
now n is 84741
processed 84741
[M::mem_process_seqs_merge2] Processed 84741 reads in 0.010 CPU sec, 0.787 real sec
[M::process] read chunk (19660800 bytes/CG x 1 CGs, 19660800 bytes)...
slave pre done
now n is 84741
processed 84741
[M::mem_process_seqs_merge2] Processed 84741 reads in 0.090 CPU sec, 1.255 real sec
[M::process] read chunk (19660800 bytes/CG x 1 CGs, 19660800 bytes)...
[M::mem_process_seqs_merge2] CPE FASTQ formatting done
[M::mem_process_seqs_merge2] CPE FASTQ formatting done
[M::mem_process_seqs_merge2] CPE FASTQ formatting done
slave pre done
now n is 86228
[M::process] read chunk (19660800 bytes/CG x 1 CGs, 19660800 bytes)...
processed 86228
[M::mem_process_seqs_merge2] Processed 86228 reads in 0.130 CPU sec, 0.796 real sec
[M::mem_process_seqs_merge2] CPE FASTQ formatting done
[M::process] read chunk (19660800 bytes/CG x 1 CGs, 19660800 bytes)...
slave pre done
now n is 86228
processed 86228
[M::mem_process_seqs_merge2] Processed 86228 reads in 0.010 CPU sec, 0.831 real sec
slave pre done
now n is 86228
slave pre done
now n is 84741
processed 86228
[M::mem_process_seqs_merge2] Processed 86228 reads in 0.030 CPU sec, 0.804 real sec
processed 84741
[M::mem_process_seqs_merge2] Processed 84741 reads in 0.020 CPU sec, 0.712 real sec
[M::process] read chunk (19660800 bytes/CG x 1 CGs, 19660800 bytes)...
[M::mem_process_seqs_merge2] CPE FASTQ formatting done
[M::mem_process_seqs_merge2] CPE FASTQ formatting done
[M::process] read chunk (19660800 bytes/CG x 1 CGs, 13076028 bytes)...
slave pre done
now n is 84741
processed 84741
[M::mem_process_seqs_merge2] Processed 84741 reads in 0.060 CPU sec, 0.860 real sec
[M::process] read chunk (19660800 bytes/CG x 1 CGs, 19660800 bytes)...
[M::mem_process_seqs_merge2] CPE FASTQ formatting done
[M::mem_process_seqs_merge2] CPE FASTQ formatting done
[M::mem_process_seqs_merge2] CPE FASTQ formatting done
slave pre done
now n is 86228
processed 86228
[M::mem_process_seqs_merge2] Processed 86228 reads in 0.050 CPU sec, 0.750 real sec
slave pre done
now n is 86228
processed 86228
[M::mem_process_seqs_merge2] Processed 86228 reads in 0.010 CPU sec, 0.732 real sec
[M::process] read chunk (19660800 bytes/CG x 1 CGs, 19660800 bytes)...
[M::process] read chunk (19660800 bytes/CG x 1 CGs, 19660800 bytes)...
slave pre done
now n is 57351
processed 57351
[M::mem_process_seqs_merge2] Processed 57351 reads in 0.020 CPU sec, 0.554 real sec
slave pre done
now n is 85857
processed 85857
[M::mem_process_seqs_merge2] Processed 85857 reads in 0.010 CPU sec, 0.869 real sec
[M::mem_process_seqs_merge2] CPE FASTQ formatting done
[M::mem_process_seqs_merge2] CPE FASTQ formatting done
slave pre done
now n is 84741
processed 84741
[M::mem_process_seqs_merge2] Processed 84741 reads in 0.020 CPU sec, 0.840 real sec
slave pre done
now n is 86228
processed 86228
[M::mem_process_seqs_merge2] Processed 86228 reads in 0.010 CPU sec, 0.739 real sec
slave pre done
now n is 86228
processed 86228
[M::mem_process_seqs_merge2] Processed 86228 reads in 0.090 CPU sec, 0.736 real sec
[M::process] read chunk (19660800 bytes/CG x 1 CGs, 13073976 bytes)...
[M::mem_process_seqs_merge2] CPE FASTQ formatting done
slave pre done
now n is 57342
processed 57342
[M::mem_process_seqs_merge2] Processed 57342 reads in 0.020 CPU sec, 0.533 real sec
[M::process] read chunk (19660800 bytes/CG x 1 CGs, 19660800 bytes)...
[M::mem_process_seqs_merge2] CPE FASTQ formatting done
slave pre done
now n is 84741
processed 84741
[M::mem_process_seqs_merge2] Processed 84741 reads in 0.020 CPU sec, 0.768 real sec
[M::process] read chunk (19660800 bytes/CG x 1 CGs, 19660800 bytes)...
[M::process] read chunk (19660800 bytes/CG x 1 CGs, 19660800 bytes)...
[M::process] read chunk (19660800 bytes/CG x 1 CGs, 19660800 bytes)...
[M::mem_process_seqs_merge2] CPE FASTQ formatting done
[M::mem_process_seqs_merge2] CPE FASTQ formatting done
[M::process] read chunk (19660800 bytes/CG x 1 CGs, 19660800 bytes)...
[M::mem_process_seqs_merge2] CPE FASTQ formatting done
[M::mem_process_seqs_merge2] CPE FASTQ formatting done
slave pre done
now n is 84741
processed 84741
[M::mem_process_seqs_merge2] Processed 84741 reads in 0.020 CPU sec, 0.759 real sec
slave pre done
now n is 84741
processed 84741
[M::mem_process_seqs_merge2] Processed 84741 reads in 0.010 CPU sec, 0.808 real sec
[M::process] read chunk (19660800 bytes/CG x 1 CGs, 19660800 bytes)...
slave pre done
now n is 84741
[M::process] read chunk (19660800 bytes/CG x 1 CGs, 13076216 bytes)...
processed 84741
[M::mem_process_seqs_merge2] Processed 84741 reads in 0.020 CPU sec, 0.786 real sec
[M::process] read chunk (19660800 bytes/CG x 1 CGs, 19660800 bytes)...
[M::mem_process_seqs_merge2] CPE FASTQ formatting done
[M::mem_process_seqs_merge2] CPE FASTQ formatting done
slave pre done
now n is 86228
processed 86228
[M::mem_process_seqs_merge2] Processed 86228 reads in 0.190 CPU sec, 0.862 real sec
[M::mem_process_seqs_merge2] CPE FASTQ formatting done
[M::process] read chunk (19660800 bytes/CG x 1 CGs, 19660800 bytes)...
[M::mem_process_seqs_merge2] CPE FASTQ formatting done
slave pre done
now n is 56363
processed 56363
[M::mem_process_seqs_merge2] Processed 56363 reads in 0.010 CPU sec, 0.540 real sec
slave pre done
now n is 84741
processed 84741
[M::mem_process_seqs_merge2] Processed 84741 reads in 0.020 CPU sec, 0.769 real sec
[M::process] read chunk (19660800 bytes/CG x 1 CGs, 13074128 bytes)...
[M::mem_process_seqs_merge2] CPE FASTQ formatting done
slave pre done
now n is 86228
processed 86228
[M::mem_process_seqs_merge2] Processed 86228 reads in 0.150 CPU sec, 0.888 real sec
[M::process] read chunk (19660800 bytes/CG x 1 CGs, 13073976 bytes)...
[M::mem_process_seqs_merge2] CPE FASTQ formatting done
slave pre done
now n is 56354
processed 56354
[M::mem_process_seqs_merge2] Processed 56354 reads in 0.010 CPU sec, 0.567 real sec
slave pre done
now n is 57342
processed 57342
[M::mem_process_seqs_merge2] Processed 57342 reads in 0.020 CPU sec, 0.561 real sec
slave pre done
now n is 84741
processed 84741
[M::mem_process_seqs_merge2] Processed 84741 reads in 0.160 CPU sec, 2.975 real sec
[M::process] read chunk (19660800 bytes/CG x 1 CGs, 13075984 bytes)...
[M::mem_process_seqs_merge2] CPE FASTQ formatting done
slave pre done
now n is 56362
processed 56362
[M::mem_process_seqs_merge2] Processed 56362 reads in 0.120 CPU sec, 5.252 real sec

====================== SWBWA Output Debug =====================
  MPI rank: 000000 / 000006
  mode:     MPI split
  path:     correctness_results/bigdata_mpi_lwpf_off_20260823/mpi_static_split/has1/ERR1203383_SE.rank000000.sam

  Output volume
    output buffer capacity                           67108864
    swbwa_output_write calls                         2577448
    submitted SAM bytes                            603101205
    buffered flushes                                       9
    buffered flush bytes                           603101205
    direct oversized writes                                0
    direct oversized bytes                                 0

  Buffering
    buffered flush total                        27.460768 s  (9 calls, 3051196.488 us/call)

  POSIX file writes
    write system calls                                      9
    write system-call bytes                         603101205
    POSIX write system calls                    27.460744 s  (9 calls, 3051193.732 us/call)
    POSIX write effective bandwidth                20.945 MiB/s

  Output close timing
    POSIX close                                  0.002598 s  (1 calls,  2598.468 us/call)
================================================================


====================== SWBWA Output Debug =====================
  MPI rank: 000001 / 000006
  mode:     MPI split
  path:     correctness_results/bigdata_mpi_lwpf_off_20260823/mpi_static_split/has1/ERR1203383_SE.rank000001.sam

  Output volume
    output buffer capacity                           67108864
    swbwa_output_write calls                         2557954
    submitted SAM bytes                            596994764
    buffered flushes                                       9
    buffered flush bytes                           596994764
    direct oversized writes                                0
    direct oversized bytes                                 0

  Buffering
    buffered flush total                        27.314969 s  (9 calls, 3034996.534 us/call)

  POSIX file writes
    write system calls                                      9
    write system-call bytes                         596994764
    POSIX write system calls                    27.314941 s  (9 calls, 3034993.411 us/call)
    POSIX write effective bandwidth                20.843 MiB/s

  Output close timing
    POSIX close                                  0.002468 s  (1 calls,  2468.166 us/call)
================================================================


====================== SWBWA Output Debug =====================
  MPI rank: 000002 / 000006
  mode:     MPI split
  path:     correctness_results/bigdata_mpi_lwpf_off_20260823/mpi_static_split/has1/ERR1203383_SE.rank000002.sam

  Output volume
    output buffer capacity                           67108864
    swbwa_output_write calls                         2557954
    submitted SAM bytes                            600080094
    buffered flushes                                       9
    buffered flush bytes                           600080094
    direct oversized writes                                0
    direct oversized bytes                                 0

  Buffering
    buffered flush total                        29.966210 s  (9 calls, 3329578.834 us/call)

  POSIX file writes
    write system calls                                      9
    write system-call bytes                         600080094
    POSIX write system calls                    29.966181 s  (9 calls, 3329575.634 us/call)
    POSIX write effective bandwidth                19.098 MiB/s

  Output close timing
    POSIX close                                  0.000299 s  (1 calls,   298.752 us/call)
================================================================


====================== SWBWA Output Debug =====================
  MPI rank: 000003 / 000006
  mode:     MPI split
  path:     correctness_results/bigdata_mpi_lwpf_off_20260823/mpi_static_split/has1/ERR1203383_SE.rank000003.sam

  Output volume
    output buffer capacity                           67108864
    swbwa_output_write calls                         2553621
    submitted SAM bytes                            598585029
    buffered flushes                                       9
    buffered flush bytes                           598585029
    direct oversized writes                                0
    direct oversized bytes                                 0

  Buffering
    buffered flush total                        30.562950 s  (9 calls, 3395883.311 us/call)

  POSIX file writes
    write system calls                                      9
    write system-call bytes                         598585029
    POSIX write system calls                    30.562923 s  (9 calls, 3395880.377 us/call)
    POSIX write effective bandwidth                18.678 MiB/s

  Output close timing
    POSIX close                                  0.000968 s  (1 calls,   967.806 us/call)
================================================================


====================== SWBWA Output Debug =====================
  MPI rank: 000004 / 000006
  mode:     MPI split
  path:     correctness_results/bigdata_mpi_lwpf_off_20260823/mpi_static_split/has1/ERR1203383_SE.rank000004.sam

  Output volume
    output buffer capacity                           67108864
    swbwa_output_write calls                         2513852
    submitted SAM bytes                            594441907
    buffered flushes                                       9
    buffered flush bytes                           594441907
    direct oversized writes                                0
    direct oversized bytes                                 0

  Buffering
    buffered flush total                        29.512220 s  (9 calls, 3279135.564 us/call)

  POSIX file writes
    write system calls                                      9
    write system-call bytes                         594441907
    POSIX write system calls                    29.512195 s  (9 calls, 3279132.753 us/call)
    POSIX write effective bandwidth                19.209 MiB/s

  Output close timing
    POSIX close                                  0.000307 s  (1 calls,   307.302 us/call)
================================================================


====================== SWBWA Output Debug =====================
  MPI rank: 000005 / 000006
  mode:     MPI split
  path:     correctness_results/bigdata_mpi_lwpf_off_20260823/mpi_static_split/has1/ERR1203383_SE.rank000005.sam

  Output volume
    output buffer capacity                           67108864
    swbwa_output_write calls                         2513851
    submitted SAM bytes                            597074650
    buffered flushes                                       9
    buffered flush bytes                           597074650
    direct oversized writes                                0
    direct oversized bytes                                 0

  Buffering

================ SWBWA CPE/MPI Progress Debug ================
  MPI rank: 000000 / 000006

    phase                      waits     probes   total(s)    avg(us)    max(s)   >=1ms   >=10ms   >=100ms    >=1s  completed
    FASTQ formatting              30         40      0.001     17.680     0.000       0        0         0       0          0
    alignment and SAM length      30       2243      0.076     33.927     0.002       1        0         0       0          0
    SAM record generation         30         56      0.004     67.593     0.000       0        0         0       0          0
    all CPE phases                90       2339      0.081     34.456     0.002       1        0         0       0          0

  Probes marked 'completed' returned with the CPE completion
  flag set. Their full call duration bounds the possible delay.
    completion-observing probe total               0.000000 s
    slowest completion-observing probe             0.000000 s
==============================================================


======================= SWBWA Timing Report =======================
  MPI rank: 000000 / 000006
  Accumulated wall-clock time; indented rows are included in
  their parent row and must not be added to it.

  Pipeline
    total - complete three-stage pipeline                    81.018 s
    stage 1 - allocate and read raw FASTQ blocks             14.063 s
    stage 2 - align reads and generate SAM records           24.689 s
    stage 3 - write SAM and release batch data               26.974 s
      SAM output writes                                        25.797 s
      batch cleanup and loop overhead (derived)                 1.178 s

  Stage 1 input details
    batches completed / stage calls                      30 / 31
    input-buffer and batch allocations                        0.000 s  (61 calls, max 0.000 s)
    aggregate requested allocation bytes            583271932
    FASTQ fseeko calls                                        0.001 s  (30 calls, max 0.000 s)
    FASTQ fread calls                                        14.054 s  (30 calls, max 0.737 s)
    align chunk ends to FASTQ record boundaries               0.000 s  (29 calls, max 0.000 s)
    scheduler, checks and bookkeeping (derived)               0.008 s
    raw FASTQ bytes read                            583239228  (556.220 MiB)
    effective fread bandwidth                         39.578 MiB/s
    slowest allocation                                 0.000 s  (64 bytes)
    slowest fread                                      0.737 s  (R1 offset=0, bytes=19660800)

  Stage 2 worker details
    total - active merge worker                              24.682 s
      part 1 - prepare CPE task and reusable buffers            0.967 s
      part 2 - CPE FASTQ formatting and input release           0.324 s
      part 3 - CPE alignment and SAM length pass               22.799 s
      part 4 - assign slices in the shared SAM buffer           0.199 s
      part 5 - CPE SAM record generation                        0.386 s
      part 6 - release temporary worker data                    0.001 s

  Reserved allocator timers (no active timing sites)
    malloc timer                                              0.000 s
    free timer                                                0.000 s
===================================================================

[main] Version: 0.0.1
[main] CMD: ./SWBWA mem -v 4 -t 1 -1 -o correctness_results/bigdata_mpi_lwpf_off_20260823/mpi_static_split/has1/ERR1203383_SE.sam -I 170,80,500,1 ../data/GRCh38.d1.vd1.fa ../data/bwa_test_big_data/ERR1203383_1.fastq

================ SWBWA CPE/MPI Progress Debug ================
  MPI rank: 000001 / 000006

    phase                      waits     probes   total(s)    avg(us)    max(s)   >=1ms   >=10ms   >=100ms    >=1s  completed
    FASTQ formatting              30         40      0.001     18.083     0.000       0        0         0       0          0
    alignment and SAM length      30       2268      0.036     15.754     0.000       0        0         0       0          0
    SAM record generation         30         58      0.006     96.701     0.003       1        0         0       0          0
    all CPE phases                90       2366      0.042     17.777     0.003       1        0         0       0          0

  Probes marked 'completed' returned with the CPE completion
  flag set. Their full call duration bounds the possible delay.
    completion-observing probe total               0.000000 s
    slowest completion-observing probe             0.000000 s
==============================================================


======================= SWBWA Timing Report =======================
  MPI rank: 000001 / 000006
  Accumulated wall-clock time; indented rows are included in
  their parent row and must not be added to it.

  Pipeline
    total - complete three-stage pipeline                    81.011 s
    stage 1 - allocate and read raw FASTQ blocks             15.891 s
    stage 2 - align reads and generate SAM records           24.629 s
    stage 3 - write SAM and release batch data               27.296 s
      SAM output writes                                        26.323 s
      batch cleanup and loop overhead (derived)                 0.974 s

  Stage 1 input details
    batches completed / stage calls                      30 / 31
    input-buffer and batch allocations                        0.000 s  (61 calls, max 0.000 s)
    aggregate requested allocation bytes            583269880
    FASTQ fseeko calls                                        0.121 s  (30 calls, max 0.120 s)
    FASTQ fread calls                                        15.761 s  (30 calls, max 0.880 s)
    align chunk ends to FASTQ record boundaries               0.000 s  (29 calls, max 0.000 s)
    scheduler, checks and bookkeeping (derived)               0.009 s
    raw FASTQ bytes read                            583237176  (556.218 MiB)
    effective fread bandwidth                         35.290 MiB/s
    slowest allocation                                 0.000 s  (19661824 bytes)
    slowest fread                                      0.880 s  (R1 offset=622533696, bytes=19660800)

  Stage 2 worker details
    total - active merge worker                              24.617 s
      part 1 - prepare CPE task and reusable buffers            0.894 s
      part 2 - CPE FASTQ formatting and input release           0.303 s
      part 3 - CPE alignment and SAM length pass               22.819 s
      part 4 - assign slices in the shared SAM buffer           0.188 s
      part 5 - CPE SAM record generation                        0.402 s
      part 6 - release temporary worker data                    0.001 s

  Reserved allocator timers (no active timing sites)
    malloc timer                                              0.000 s
    free timer                                                0.000 s
===================================================================


================ SWBWA CPE/MPI Progress Debug ================
  MPI rank: 000002 / 000006

    phase                      waits     probes   total(s)    avg(us)    max(s)   >=1ms   >=10ms   >=100ms    >=1s  completed
    FASTQ formatting              30         43      0.001     14.942     0.000       0        0         0       0          0
    alignment and SAM length      30       2323      0.041     17.529     0.002       1        0         0       0          0
    SAM record generation         30         58      0.004     62.682     0.001       0        0         0       0          0
    all CPE phases                90       2424      0.045     18.563     0.002       1        0         0       0          0

  Probes marked 'completed' returned with the CPE completion
  flag set. Their full call duration bounds the possible delay.
    completion-observing probe total               0.000000 s
    slowest completion-observing probe             0.000000 s
==============================================================


======================= SWBWA Timing Report =======================
  MPI rank: 000002 / 000006
  Accumulated wall-clock time; indented rows are included in
  their parent row and must not be added to it.

  Pipeline
    total - complete three-stage pipeline                    81.002 s
    stage 1 - allocate and read raw FASTQ blocks             16.806 s
    stage 2 - align reads and generate SAM records           25.257 s
    stage 3 - write SAM and release batch data               31.446 s
      SAM output writes                                        30.485 s
      batch cleanup and loop overhead (derived)                 0.962 s

  Stage 1 input details
    batches completed / stage calls                      30 / 31
    input-buffer and batch allocations                        0.000 s  (61 calls, max 0.000 s)
    aggregate requested allocation bytes            583269880
    FASTQ fseeko calls                                        0.107 s  (30 calls, max 0.107 s)
    FASTQ fread calls                                        16.688 s  (30 calls, max 0.903 s)
    align chunk ends to FASTQ record boundaries               0.000 s  (29 calls, max 0.000 s)
    scheduler, checks and bookkeeping (derived)               0.010 s
    raw FASTQ bytes read                            583237176  (556.218 MiB)
    effective fread bandwidth                         33.330 MiB/s
    slowest allocation                                 0.000 s  (64 bytes)
    slowest fread                                      0.903 s  (R1 offset=1245067176, bytes=19660800)

  Stage 2 worker details
    total - active merge worker                              25.245 s
      part 1 - prepare CPE task and reusable buffers            0.868 s
      part 2 - CPE FASTQ formatting and input release           0.323 s
      part 3 - CPE alignment and SAM length pass               23.454 s
      part 4 - assign slices in the shared SAM buffer           0.188 s
      part 5 - CPE SAM record generation                        0.402 s
      part 6 - release temporary worker data                    0.002 s

  Reserved allocator timers (no active timing sites)
    malloc timer                                              0.000 s
    free timer                                                0.000 s
===================================================================


================ SWBWA CPE/MPI Progress Debug ================
  MPI rank: 000003 / 000006

    phase                      waits     probes   total(s)    avg(us)    max(s)   >=1ms   >=10ms   >=100ms    >=1s  completed
    FASTQ formatting              30         43      0.002     43.992     0.001       1        0         0       0          1
    alignment and SAM length      30       2177      0.028     12.711     0.000       0        0         0       0          0
    SAM record generation         30         58      0.002     35.539     0.000       0        0         0       0          0
    all CPE phases                90       2278      0.032     13.883     0.001       1        0         0       0          1

  Probes marked 'completed' returned with the CPE completion
  flag set. Their full call duration bounds the possible delay.
    completion-observing probe total               0.000088 s
    slowest completion-observing probe             0.000088 s
==============================================================


======================= SWBWA Timing Report =======================
  MPI rank: 000003 / 000006
  Accumulated wall-clock time; indented rows are included in
  their parent row and must not be added to it.

  Pipeline
    total - complete three-stage pipeline                    80.989 s
    stage 1 - allocate and read raw FASTQ blocks             17.258 s
    stage 2 - align reads and generate SAM records           23.821 s
    stage 3 - write SAM and release batch data               31.927 s
      SAM output writes                                        31.005 s
      batch cleanup and loop overhead (derived)                 0.922 s

  Stage 1 input details
    batches completed / stage calls                      30 / 31
    input-buffer and batch allocations                        0.000 s  (61 calls, max 0.000 s)
    aggregate requested allocation bytes            583270032
    FASTQ fseeko calls                                        0.116 s  (30 calls, max 0.116 s)
    FASTQ fread calls                                        17.133 s  (30 calls, max 0.903 s)
    align chunk ends to FASTQ record boundaries               0.000 s  (29 calls, max 0.000 s)
    scheduler, checks and bookkeeping (derived)               0.009 s
    raw FASTQ bytes read                            583237328  (556.218 MiB)
    effective fread bandwidth                         32.465 MiB/s
    slowest allocation                                 0.000 s  (19661824 bytes)
    slowest fread                                      0.903 s  (R1 offset=1828280688, bytes=19660800)

  Stage 2 worker details
    total - active merge worker                              23.806 s
      part 1 - prepare CPE task and reusable buffers            0.880 s
      part 2 - CPE FASTQ formatting and input release           0.297 s
      part 3 - CPE alignment and SAM length pass               22.032 s
      part 4 - assign slices in the shared SAM buffer           0.189 s
      part 5 - CPE SAM record generation                        0.394 s
      part 6 - release temporary worker data                    0.001 s

  Reserved allocator timers (no active timing sites)
    malloc timer                                              0.000 s
    free timer                                                0.000 s
===================================================================


================ SWBWA CPE/MPI Progress Debug ================
  MPI rank: 000004 / 000006

    phase                      waits     probes   total(s)    avg(us)    max(s)   >=1ms   >=10ms   >=100ms    >=1s  completed
    FASTQ formatting              30         43      0.001     15.384     0.000       0        0         0       0          0
    alignment and SAM length      30       2164      0.033     15.250     0.000       0        0         0       0          0
    SAM record generation         30         57      0.009    156.018     0.004       2        0         0       0          0
    all CPE phases                90       2264      0.043     18.797     0.004       2        0         0       0          0

  Probes marked 'completed' returned with the CPE completion
  flag set. Their full call duration bounds the possible delay.
    completion-observing probe total               0.000000 s
    slowest completion-observing probe             0.000000 s
==============================================================


======================= SWBWA Timing Report =======================
  MPI rank: 000004 / 000006
  Accumulated wall-clock time; indented rows are included in
  their parent row and must not be added to it.

  Pipeline
    total - complete three-stage pipeline                    80.955 s
    stage 1 - allocate and read raw FASTQ blocks             17.305 s
    stage 2 - align reads and generate SAM records           23.501 s
    stage 3 - write SAM and release batch data               31.057 s
      SAM output writes                                        30.113 s
      batch cleanup and loop overhead (derived)                 0.944 s

  Stage 1 input details
    batches completed / stage calls                      30 / 31
    input-buffer and batch allocations                        0.000 s  (61 calls, max 0.000 s)
    aggregate requested allocation bytes            583272120
    FASTQ fseeko calls                                        0.126 s  (30 calls, max 0.126 s)
    FASTQ fread calls                                        17.173 s  (30 calls, max 0.911 s)
    align chunk ends to FASTQ record boundaries               0.000 s  (29 calls, max 0.000 s)
    scheduler, checks and bookkeeping (derived)               0.006 s
    raw FASTQ bytes read                            583239416  (556.220 MiB)
    effective fread bandwidth                         32.390 MiB/s
    slowest allocation                                 0.000 s  (64 bytes)
    slowest fread                                      0.911 s  (R1 offset=2411493900, bytes=19660800)

  Stage 2 worker details
    total - active merge worker                              23.491 s
      part 1 - prepare CPE task and reusable buffers            0.882 s
      part 2 - CPE FASTQ formatting and input release           0.308 s
      part 3 - CPE alignment and SAM length pass               21.710 s
      part 4 - assign slices in the shared SAM buffer           0.183 s
      part 5 - CPE SAM record generation                        0.398 s
      part 6 - release temporary worker data                    0.001 s

  Reserved allocator timers (no active timing sites)
    malloc timer                                              0.000 s
    free timer                                                0.000 s
===================================================================

    buffered flush total                        29.954046 s  (9 calls, 3328227.319 us/call)

  POSIX file writes
    write system calls                                      9
    write system-call bytes                         597074650
    POSIX write system calls                    29.954018 s  (9 calls, 3328224.236 us/call)
    POSIX write effective bandwidth                19.010 MiB/s

  Output close timing
    POSIX close                                  0.000534 s  (1 calls,   534.203 us/call)
================================================================


================ SWBWA CPE/MPI Progress Debug ================
  MPI rank: 000005 / 000006

    phase                      waits     probes   total(s)    avg(us)    max(s)   >=1ms   >=10ms   >=100ms    >=1s  completed
    FASTQ formatting              30         45      0.001     15.272     0.000       0        0         0       0          0
    alignment and SAM length      30       2929      0.037     12.718     0.001       1        0         0       0          0
    SAM record generation         30         59      0.003     50.013     0.000       0        0         0       0          0
    all CPE phases                90       3033      0.041     13.481     0.001       1        0         0       0          0

  Probes marked 'completed' returned with the CPE completion
  flag set. Their full call duration bounds the possible delay.
    completion-observing probe total               0.000000 s
    slowest completion-observing probe             0.000000 s
==============================================================


======================= SWBWA Timing Report =======================
  MPI rank: 000005 / 000006
  Accumulated wall-clock time; indented rows are included in
  their parent row and must not be added to it.

  Pipeline
    total - complete three-stage pipeline                    80.978 s
    stage 1 - allocate and read raw FASTQ blocks             16.802 s
    stage 2 - align reads and generate SAM records           31.486 s
    stage 3 - write SAM and release batch data               31.683 s
      SAM output writes                                        30.712 s
      batch cleanup and loop overhead (derived)                 0.971 s

  Stage 1 input details
    batches completed / stage calls                      30 / 31
    input-buffer and batch allocations                        0.000 s  (61 calls, max 0.000 s)
    aggregate requested allocation bytes            583271888
    FASTQ fseeko calls                                        0.125 s  (30 calls, max 0.122 s)
    FASTQ fread calls                                        16.667 s  (30 calls, max 0.910 s)
    align chunk ends to FASTQ record boundaries               0.000 s  (29 calls, max 0.000 s)
    scheduler, checks and bookkeeping (derived)               0.009 s
    raw FASTQ bytes read                            583239184  (556.220 MiB)
    effective fread bandwidth                         33.372 MiB/s
    slowest allocation                                 0.000 s  (64 bytes)
    slowest fread                                      0.910 s  (R1 offset=2994707564, bytes=19660800)

  Stage 2 worker details
    total - active merge worker                              31.475 s
      part 1 - prepare CPE task and reusable buffers            0.871 s
      part 2 - CPE FASTQ formatting and input release           0.340 s
      part 3 - CPE alignment and SAM length pass               29.657 s
      part 4 - assign slices in the shared SAM buffer           0.187 s
      part 5 - CPE SAM record generation                        0.407 s
      part 6 - release temporary worker data                    0.001 s

  Reserved allocator timers (no active timing sites)
    malloc timer                                              0.000 s
    free timer                                                0.000 s
===================================================================

