[M::main_mem] mean insert size: 170.000, stddev: 80.000, max: 500, min: 1
[CPE input] bytes_per_cg=19660800 cg_count=1 chunk_bytes=19660800 file_bytes=3536060312
[MPI rank 000000/000006] input range: records=[0, 2120671) bytes=[0, 589343464)
[MPI rank 000001/000006] input range: records=[2120671, 4225469) bytes=[589343464, 1178686904)
[MPI rank 000002/000006] input range: records=[4225469, 6330267) bytes=[1178686904, 1768030344)
[MPI rank 000003/000006] input range: records=[6330267, 8435065) bytes=[1768030344, 2357373784)
[MPI rank 000004/000006] input range: records=[8435065, 10532259) bytes=[2357373784, 2946717144)
[MPI rank 000005/000006] input range: records=[10532259, 12607411) bytes=[2946717144, 3536060312)
malloc bwt->bwt 3107576584, 0x500008804020
malloc bwt->bwt 3107576584, 0x500008804020
malloc bwt->bwt 3107576584, 0x500008804020
malloc bwt->bwt 3107576584, 0x500008804020
malloc bwt->bwt 3107576584, 0x500008804020
malloc bwt->bwt 3107576584, 0x500008804020
malloc bwt->sa 1553788264, 0x5000c1ba1b40
malloc bwt->sa 1553788264, 0x5000c1ba1b40
malloc bwt->sa 1553788264, 0x5000c1ba1b40
malloc bwt->sa 1553788264, 0x5000c1ba1b40
malloc bwt->sa 1553788264, 0x5000c1ba1b40
malloc bwt->sa 1553788264, 0x5000c1ba1b40
[M::bwa_idx_load_from_disk] read 0 ALT contigs
[M::bwa_idx_load_from_disk] read 0 ALT contigs
[M::bwa_idx_load_from_disk] read 0 ALT contigs
[M::bwa_idx_load_from_disk] read 0 ALT contigs
[M::bwa_idx_load_from_disk] read 0 ALT contigs
[M::bwa_idx_load_from_disk] read 0 ALT contigs
malloc pac 776894131, 0x50011e5708c0
malloc pac 776894131, 0x50011e5708c0
malloc pac 776894131, 0x50011e5708c0
malloc pac 776894131, 0x50011e5708c0
malloc pac 776894131, 0x50011e5708c0
malloc pac 776894131, 0x50011e5708c0
the input file is ../data/bwa_test_big_data/SRR2496709_1.fastq
the input file is ../data/bwa_test_big_data/SRR2496709_2.fastq
[MPI rank 000000/000006] output: correctness_results/bigdata_mpi_lwpf_off_20260823/mpi_static_split/has1/SRR2496709_PE.rank000000.sam
[M::process] read chunk (19660800 bytes/CG x 1 CGs, 19660800 bytes)...
[MPI rank 000002/000006] output: correctness_results/bigdata_mpi_lwpf_off_20260823/mpi_static_split/has1/SRR2496709_PE.rank000002.sam
[M::process] read chunk (19660800 bytes/CG x 1 CGs, 19660800 bytes)...
[MPI rank 000004/000006] output: correctness_results/bigdata_mpi_lwpf_off_20260823/mpi_static_split/has1/SRR2496709_PE.rank000004.sam
[M::process] read chunk (19660800 bytes/CG x 1 CGs, 19660800 bytes)...
[MPI rank 000003/000006] output: correctness_results/bigdata_mpi_lwpf_off_20260823/mpi_static_split/has1/SRR2496709_PE.rank000003.sam
[M::process] read chunk (19660800 bytes/CG x 1 CGs, 19660800 bytes)...
[MPI rank 000005/000006] output: correctness_results/bigdata_mpi_lwpf_off_20260823/mpi_static_split/has1/SRR2496709_PE.rank000005.sam
[M::process] read chunk (19660800 bytes/CG x 1 CGs, 19660800 bytes)...
[MPI rank 000001/000006] output: correctness_results/bigdata_mpi_lwpf_off_20260823/mpi_static_split/has1/SRR2496709_PE.rank000001.sam
[M::process] read chunk (19660800 bytes/CG x 1 CGs, 19660800 bytes)...
[M::mem_process_seqs_merge2] CPE FASTQ formatting done
[M::mem_process_seqs_merge2] CPE FASTQ formatting done
[M::mem_process_seqs_merge2] CPE FASTQ formatting done
[M::mem_process_seqs_merge2] CPE FASTQ formatting done
[M::mem_process_seqs_merge2] CPE FASTQ formatting done
[M::mem_process_seqs_merge2] CPE FASTQ formatting done
slave pre done
now n is 140428
processed 140428
[M::mem_process_seqs_merge2] Processed 140428 reads in 0.590 CPU sec, 2.091 real sec
[M::process] read chunk (19660800 bytes/CG x 1 CGs, 19660800 bytes)...
slave pre done
now n is 138450
processed 138450
[M::mem_process_seqs_merge2] Processed 138450 reads in 0.560 CPU sec, 2.101 real sec
slave pre done
now n is 144884
processed 144884
[M::mem_process_seqs_merge2] Processed 144884 reads in 0.630 CPU sec, 2.503 real sec
[M::process] read chunk (19660800 bytes/CG x 1 CGs, 19660800 bytes)...
[M::process] read chunk (19660800 bytes/CG x 1 CGs, 19660800 bytes)...
slave pre done
now n is 140428
processed 140428
[M::mem_process_seqs_merge2] Processed 140428 reads in 0.670 CPU sec, 2.318 real sec
[M::process] read chunk (19660800 bytes/CG x 1 CGs, 19660800 bytes)...
slave pre done
now n is 140428
processed 140428
[M::mem_process_seqs_merge2] Processed 140428 reads in 0.640 CPU sec, 2.875 real sec
[M::process] read chunk (19660800 bytes/CG x 1 CGs, 19660800 bytes)...
slave pre done
[M::mem_process_seqs_merge2] CPE FASTQ formatting done
now n is 140428
processed 140428
[M::mem_process_seqs_merge2] Processed 140428 reads in 0.660 CPU sec, 2.979 real sec
[M::process] read chunk (19660800 bytes/CG x 1 CGs, 19660800 bytes)...
[M::mem_process_seqs_merge2] CPE FASTQ formatting done
[M::mem_process_seqs_merge2] CPE FASTQ formatting done
[M::mem_process_seqs_merge2] CPE FASTQ formatting done
[M::mem_process_seqs_merge2] CPE FASTQ formatting done
[M::mem_process_seqs_merge2] CPE FASTQ formatting done
slave pre done
now n is 140428
processed 140428
[M::mem_process_seqs_merge2] Processed 140428 reads in 0.150 CPU sec, 2.200 real sec
slave pre done
now n is 143262
processed 143262
[M::mem_process_seqs_merge2] Processed 143262 reads in 0.080 CPU sec, 1.574 real sec
slave pre done
now n is 138450
processed 138450
[M::mem_process_seqs_merge2] Processed 138450 reads in 0.190 CPU sec, 2.172 real sec
slave pre done
now n is 140428
processed 140428
[M::mem_process_seqs_merge2] Processed 140428 reads in 0.050 CPU sec, 1.537 real sec
slave pre done
now n is 140428
slave pre done
now n is 140428
processed 140428
[M::mem_process_seqs_merge2] Processed 140428 reads in 0.240 CPU sec, 2.187 real sec
processed 140428
[M::mem_process_seqs_merge2] Processed 140428 reads in 0.130 CPU sec, 1.855 real sec
[M::process] read chunk (19660800 bytes/CG x 1 CGs, 19660800 bytes)...
[M::process] read chunk (19660800 bytes/CG x 1 CGs, 19660800 bytes)...
[M::process] read chunk (19660800 bytes/CG x 1 CGs, 19660800 bytes)...
[M::process] read chunk (19660800 bytes/CG x 1 CGs, 19660800 bytes)...
[M::mem_process_seqs_merge2] CPE FASTQ formatting done
[M::process] read chunk (19660800 bytes/CG x 1 CGs, 19660800 bytes)...
[M::process] read chunk (19660800 bytes/CG x 1 CGs, 19660800 bytes)...
[M::mem_process_seqs_merge2] CPE FASTQ formatting done
[M::mem_process_seqs_merge2] CPE FASTQ formatting done
slave pre done
now n is 140428
[M::mem_process_seqs_merge2] CPE FASTQ formatting done
processed 140428
[M::mem_process_seqs_merge2] Processed 140428 reads in 0.130 CPU sec, 1.598 real sec
[M::mem_process_seqs_merge2] CPE FASTQ formatting done
[M::process] read chunk (19660800 bytes/CG x 1 CGs, 19660800 bytes)...
[M::mem_process_seqs_merge2] CPE FASTQ formatting done
slave pre done
now n is 142464
processed 142464
[M::mem_process_seqs_merge2] Processed 142464 reads in 0.090 CPU sec, 1.633 real sec
[M::mem_process_seqs_merge2] CPE FASTQ formatting done
slave pre done
now n is 140428
processed 140428
[M::mem_process_seqs_merge2] Processed 140428 reads in 0.070 CPU sec, 1.480 real sec
[M::process] read chunk (19660800 bytes/CG x 1 CGs, 19660800 bytes)...
slave pre done
now n is 140428
processed 140428
[M::mem_process_seqs_merge2] Processed 140428 reads in 0.130 CPU sec, 1.478 real sec
[M::process] read chunk (19660800 bytes/CG x 1 CGs, 19660800 bytes)...
slave pre done
now n is 140428
processed 140428
[M::mem_process_seqs_merge2] Processed 140428 reads in 0.120 CPU sec, 1.594 real sec
[M::process] read chunk (19660800 bytes/CG x 1 CGs, 19660800 bytes)...
slave pre done
now n is 140428
processed 140428
[M::mem_process_seqs_merge2] Processed 140428 reads in 0.160 CPU sec, 2.210 real sec
[M::mem_process_seqs_merge2] CPE FASTQ formatting done
[M::mem_process_seqs_merge2] CPE FASTQ formatting done
[M::mem_process_seqs_merge2] CPE FASTQ formatting done
slave pre done
now n is 138450
processed 138450
[M::mem_process_seqs_merge2] Processed 138450 reads in 0.290 CPU sec, 3.137 real sec
slave pre done
now n is 140428
processed 140428
[M::mem_process_seqs_merge2] Processed 140428 reads in 0.140 CPU sec, 1.769 real sec
slave pre done
now n is 142464
processed 142464
[M::mem_process_seqs_merge2] Processed 142464 reads in 0.160 CPU sec, 1.831 real sec
[M::process] read chunk (19660800 bytes/CG x 1 CGs, 19660800 bytes)...
[M::process] read chunk (19660800 bytes/CG x 1 CGs, 19660800 bytes)...
[M::process] read chunk (19660800 bytes/CG x 1 CGs, 19660800 bytes)...
slave pre done
now n is 140428
processed 140428
[M::mem_process_seqs_merge2] Processed 140428 reads in 0.200 CPU sec, 2.419 real sec
[M::mem_process_seqs_merge2] CPE FASTQ formatting done
[M::process] read chunk (19660800 bytes/CG x 1 CGs, 19660800 bytes)...
[M::mem_process_seqs_merge2] CPE FASTQ formatting done
[M::mem_process_seqs_merge2] CPE FASTQ formatting done
[M::mem_process_seqs_merge2] CPE FASTQ formatting done
[M::process] read chunk (19660800 bytes/CG x 1 CGs, 19660800 bytes)...
slave pre done
now n is 140428
processed 140428
[M::mem_process_seqs_merge2] Processed 140428 reads in 0.080 CPU sec, 1.678 real sec
slave pre done
now n is 142464
[M::process] read chunk (19660800 bytes/CG x 1 CGs, 19660800 bytes)...
processed 142464
[M::mem_process_seqs_merge2] Processed 142464 reads in 0.170 CPU sec, 2.094 real sec
[M::process] read chunk (19660800 bytes/CG x 1 CGs, 19660800 bytes)...
slave pre done
now n is 140428
processed 140428
[M::mem_process_seqs_merge2] Processed 140428 reads in 0.120 CPU sec, 2.091 real sec
[M::mem_process_seqs_merge2] CPE FASTQ formatting done
[M::mem_process_seqs_merge2] CPE FASTQ formatting done
[M::mem_process_seqs_merge2] CPE FASTQ formatting done
slave pre done
now n is 138450
processed 138450
[M::mem_process_seqs_merge2] Processed 138450 reads in 0.150 CPU sec, 1.975 real sec
[M::process] read chunk (19660800 bytes/CG x 1 CGs, 19660800 bytes)...
[M::mem_process_seqs_merge2] CPE FASTQ formatting done
slave pre done
now n is 140428
processed 140428
[M::mem_process_seqs_merge2] Processed 140428 reads in 0.060 CPU sec, 1.572 real sec
[M::process] read chunk (19660800 bytes/CG x 1 CGs, 19660800 bytes)...
[M::process] read chunk (19660800 bytes/CG x 1 CGs, 19660800 bytes)...
slave pre done
now n is 140428
processed 140428
[M::mem_process_seqs_merge2] Processed 140428 reads in 0.130 CPU sec, 2.070 real sec
[M::mem_process_seqs_merge2] CPE FASTQ formatting done
[M::mem_process_seqs_merge2] CPE FASTQ formatting done
slave pre done
now n is 138450
processed 138450
[M::mem_process_seqs_merge2] Processed 138450 reads in 0.100 CPU sec, 2.092 real sec
[M::process] read chunk (19660800 bytes/CG x 1 CGs, 19660800 bytes)...
slave pre done
now n is 140428
processed 140428
[M::mem_process_seqs_merge2] Processed 140428 reads in 0.150 CPU sec, 1.472 real sec
slave pre done
now n is 140428
processed 140428
[M::mem_process_seqs_merge2] Processed 140428 reads in 0.520 CPU sec, 4.175 real sec
[M::process] read chunk (19660800 bytes/CG x 1 CGs, 19660800 bytes)...
[M::mem_process_seqs_merge2] CPE FASTQ formatting done
slave pre done
now n is 142464
processed 142464
[M::mem_process_seqs_merge2] Processed 142464 reads in 0.190 CPU sec, 2.118 real sec
[M::process] read chunk (19660800 bytes/CG x 1 CGs, 19660800 bytes)...
[M::mem_process_seqs_merge2] CPE FASTQ formatting done
[M::mem_process_seqs_merge2] CPE FASTQ formatting done
slave pre done
now n is 140428
[M::process] read chunk (19660800 bytes/CG x 1 CGs, 19660800 bytes)...
processed 140428
[M::mem_process_seqs_merge2] Processed 140428 reads in 0.070 CPU sec, 1.448 real sec
[M::process] read chunk (19660800 bytes/CG x 1 CGs, 19660800 bytes)...
slave pre done
now n is 140428
processed 140428
[M::mem_process_seqs_merge2] Processed 140428 reads in 0.120 CPU sec, 1.642 real sec
[M::mem_process_seqs_merge2] CPE FASTQ formatting done
[M::mem_process_seqs_merge2] CPE FASTQ formatting done
[M::process] read chunk (19660800 bytes/CG x 1 CGs, 19660800 bytes)...
[M::process] read chunk (19660800 bytes/CG x 1 CGs, 19660800 bytes)...
slave pre done
now n is 140428
processed 140428
[M::mem_process_seqs_merge2] Processed 140428 reads in 0.100 CPU sec, 2.368 real sec
[M::process] read chunk (19660800 bytes/CG x 1 CGs, 19660800 bytes)...
[M::mem_process_seqs_merge2] CPE FASTQ formatting done
[M::mem_process_seqs_merge2] CPE FASTQ formatting done
slave pre done
now n is 138450
processed 138450
[M::mem_process_seqs_merge2] Processed 138450 reads in 0.110 CPU sec, 1.432 real sec
[M::process] read chunk (19660800 bytes/CG x 1 CGs, 19660800 bytes)...
[M::mem_process_seqs_merge2] CPE FASTQ formatting done
[M::process] read chunk (19660800 bytes/CG x 1 CGs, 19660800 bytes)...
[M::mem_process_seqs_merge2] CPE FASTQ formatting done
slave pre done
now n is 140428
processed 140428
[M::mem_process_seqs_merge2] Processed 140428 reads in 0.120 CPU sec, 1.578 real sec
[M::process] read chunk (19660800 bytes/CG x 1 CGs, 19660800 bytes)...
slave pre done
now n is 140428
processed 140428
[M::mem_process_seqs_merge2] Processed 140428 reads in 0.230 CPU sec, 2.946 real sec
slave pre done
now n is 142464
processed 142464
[M::mem_process_seqs_merge2] Processed 142464 reads in 0.220 CPU sec, 2.126 real sec
[M::mem_process_seqs_merge2] CPE FASTQ formatting done
slave pre done
now n is 140428
processed 140428
[M::mem_process_seqs_merge2] Processed 140428 reads in 0.120 CPU sec, 1.633 real sec
[M::mem_process_seqs_merge2] CPE FASTQ formatting done
slave pre done
now n is 138450
processed 138450
[M::mem_process_seqs_merge2] Processed 138450 reads in 0.160 CPU sec, 1.442 real sec
slave pre done
now n is 140428
processed 140428
[M::mem_process_seqs_merge2] Processed 140428 reads in 0.170 CPU sec, 1.957 real sec
[M::process] read chunk (19660800 bytes/CG x 1 CGs, 19660800 bytes)...
[M::process] read chunk (19660800 bytes/CG x 1 CGs, 19660800 bytes)...
[M::process] read chunk (19660800 bytes/CG x 1 CGs, 19660800 bytes)...
slave pre done
now n is 140428
[M::mem_process_seqs_merge2] CPE FASTQ formatting done
processed 140428
[M::mem_process_seqs_merge2] Processed 140428 reads in 0.170 CPU sec, 2.658 real sec
[M::process] read chunk (19660800 bytes/CG x 1 CGs, 19660800 bytes)...
[M::mem_process_seqs_merge2] CPE FASTQ formatting done
[M::mem_process_seqs_merge2] CPE FASTQ formatting done
[M::mem_process_seqs_merge2] CPE FASTQ formatting done
slave pre done
now n is 140428
[M::process] read chunk (19660800 bytes/CG x 1 CGs, 19660800 bytes)...
processed 140428
[M::mem_process_seqs_merge2] Processed 140428 reads in 0.210 CPU sec, 1.729 real sec
slave pre done
now n is 142464
processed 142464
[M::mem_process_seqs_merge2] Processed 142464 reads in 0.180 CPU sec, 2.051 real sec
slave pre done
now n is 138450
processed 138450
[M::mem_process_seqs_merge2] Processed 138450 reads in 0.160 CPU sec, 1.394 real sec
[M::mem_process_seqs_merge2] CPE FASTQ formatting done
[M::process] read chunk (19660800 bytes/CG x 1 CGs, 19660800 bytes)...
slave pre done
now n is 140428
processed 140428
[M::mem_process_seqs_merge2] Processed 140428 reads in 0.160 CPU sec, 2.010 real sec
[M::mem_process_seqs_merge2] CPE FASTQ formatting done
slave pre done
now n is 140428
processed 140428
[M::mem_process_seqs_merge2] Processed 140428 reads in 0.210 CPU sec, 1.679 real sec
[M::process] read chunk (19660800 bytes/CG x 1 CGs, 19660800 bytes)...
[M::process] read chunk (19660800 bytes/CG x 1 CGs, 19660800 bytes)...
slave pre done
now n is 140428
processed 140428
[M::mem_process_seqs_merge2] Processed 140428 reads in 0.090 CPU sec, 1.541 real sec
[M::mem_process_seqs_merge2] CPE FASTQ formatting done
[M::mem_process_seqs_merge2] CPE FASTQ formatting done
[M::process] read chunk (19660800 bytes/CG x 1 CGs, 19660800 bytes)...
[M::process] read chunk (19660800 bytes/CG x 1 CGs, 19660800 bytes)...
[M::process] read chunk (19660800 bytes/CG x 1 CGs, 19660800 bytes)...
[M::mem_process_seqs_merge2] CPE FASTQ formatting done
[M::mem_process_seqs_merge2] CPE FASTQ formatting done
[M::mem_process_seqs_merge2] CPE FASTQ formatting done
slave pre done
now n is 140428
processed 140428
[M::mem_process_seqs_merge2] Processed 140428 reads in 0.130 CPU sec, 1.810 real sec
slave pre done
now n is 140428
processed 140428
[M::mem_process_seqs_merge2] Processed 140428 reads in 0.090 CPU sec, 1.956 real sec
[M::process] read chunk (19660800 bytes/CG x 1 CGs, 19660800 bytes)...
[M::process] read chunk (19660800 bytes/CG x 1 CGs, 19660800 bytes)...
slave pre done
now n is 138450
processed 138450
[M::mem_process_seqs_merge2] Processed 138450 reads in 0.080 CPU sec, 1.703 real sec
slave pre done
now n is 142464
processed 142464
[M::mem_process_seqs_merge2] Processed 142464 reads in 0.130 CPU sec, 1.639 real sec
[M::process] read chunk (19660800 bytes/CG x 1 CGs, 19660800 bytes)...
[M::process] read chunk (19660800 bytes/CG x 1 CGs, 19660800 bytes)...
[M::mem_process_seqs_merge2] CPE FASTQ formatting done
slave pre done
now n is 140428
processed 140428
[M::mem_process_seqs_merge2] Processed 140428 reads in 0.160 CPU sec, 1.975 real sec
[M::mem_process_seqs_merge2] CPE FASTQ formatting done
[M::mem_process_seqs_merge2] CPE FASTQ formatting done
[M::mem_process_seqs_merge2] CPE FASTQ formatting done
slave pre done
now n is 140428
processed 140428
[M::mem_process_seqs_merge2] Processed 140428 reads in 0.030 CPU sec, 1.393 real sec
slave pre done
now n is 140428
processed 140428
[M::mem_process_seqs_merge2] Processed 140428 reads in 0.080 CPU sec, 1.488 real sec
[M::process] read chunk (19660800 bytes/CG x 1 CGs, 19660800 bytes)...
[M::process] read chunk (19660800 bytes/CG x 1 CGs, 19660800 bytes)...
slave pre done
now n is 138450
processed 138450
[M::mem_process_seqs_merge2] Processed 138450 reads in 0.080 CPU sec, 1.421 real sec
slave pre done
now n is 142464
processed 142464
[M::mem_process_seqs_merge2] Processed 142464 reads in 0.040 CPU sec, 1.710 real sec
[M::mem_process_seqs_merge2] CPE FASTQ formatting done
[M::mem_process_seqs_merge2] CPE FASTQ formatting done
[M::process] read chunk (19660800 bytes/CG x 1 CGs, 19660800 bytes)...
[M::mem_process_seqs_merge2] CPE FASTQ formatting done
slave pre done
now n is 140428
processed 140428
[M::mem_process_seqs_merge2] Processed 140428 reads in 0.070 CPU sec, 1.477 real sec
[M::process] read chunk (19660800 bytes/CG x 1 CGs, 19660800 bytes)...
[M::process] read chunk (19660800 bytes/CG x 1 CGs, 19660800 bytes)...
[M::process] read chunk (19660800 bytes/CG x 1 CGs, 19660800 bytes)...
slave pre done
now n is 140428
processed 140428
[M::mem_process_seqs_merge2] Processed 140428 reads in 0.070 CPU sec, 1.335 real sec
[M::mem_process_seqs_merge2] CPE FASTQ formatting done
[M::process] read chunk (19660800 bytes/CG x 1 CGs, 19660800 bytes)...
[M::mem_process_seqs_merge2] CPE FASTQ formatting done
[M::mem_process_seqs_merge2] CPE FASTQ formatting done
[M::mem_process_seqs_merge2] CPE FASTQ formatting done
slave pre done
now n is 140428
processed 140428
[M::mem_process_seqs_merge2] Processed 140428 reads in 0.580 CPU sec, 3.700 real sec
[M::process] read chunk (19660800 bytes/CG x 1 CGs, 19660800 bytes)...
slave pre done
now n is 138450
processed 138450
[M::mem_process_seqs_merge2] Processed 138450 reads in 0.140 CPU sec, 1.553 real sec
slave pre done
now n is 140428
processed 140428
[M::mem_process_seqs_merge2] Processed 140428 reads in 0.070 CPU sec, 1.860 real sec
slave pre done
now n is 142464
processed 142464
[M::mem_process_seqs_merge2] Processed 142464 reads in 0.120 CPU sec, 1.609 real sec
[M::mem_process_seqs_merge2] CPE FASTQ formatting done
slave pre done
now n is 140428
processed 140428
[M::mem_process_seqs_merge2] Processed 140428 reads in 0.070 CPU sec, 1.635 real sec
[M::process] read chunk (19660800 bytes/CG x 1 CGs, 19660800 bytes)...
[M::process] read chunk (19660800 bytes/CG x 1 CGs, 19660800 bytes)...
[M::process] read chunk (19660800 bytes/CG x 1 CGs, 19660800 bytes)...
[M::mem_process_seqs_merge2] CPE FASTQ formatting done
[M::process] read chunk (19660800 bytes/CG x 1 CGs, 19660800 bytes)...
[M::mem_process_seqs_merge2] CPE FASTQ formatting done
[M::process] read chunk (19660800 bytes/CG x 1 CGs, 19660800 bytes)...
[M::mem_process_seqs_merge2] CPE FASTQ formatting done
[M::mem_process_seqs_merge2] CPE FASTQ formatting done
[M::mem_process_seqs_merge2] CPE FASTQ formatting done
slave pre done
now n is 140428
processed 140428
[M::mem_process_seqs_merge2] Processed 140428 reads in 0.190 CPU sec, 1.748 real sec
[M::process] read chunk (19660800 bytes/CG x 1 CGs, 19660800 bytes)...
slave pre done
now n is 138450
processed 138450
[M::mem_process_seqs_merge2] Processed 138450 reads in 0.040 CPU sec, 1.481 real sec
[M::process] read chunk (19660800 bytes/CG x 1 CGs, 19660800 bytes)...
[M::mem_process_seqs_merge2] CPE FASTQ formatting done
slave pre done
now n is 140428
processed 140428
[M::mem_process_seqs_merge2] Processed 140428 reads in 0.090 CPU sec, 1.677 real sec
[M::process] read chunk (19660800 bytes/CG x 1 CGs, 19660800 bytes)...
[M::mem_process_seqs_merge2] CPE FASTQ formatting done
slave pre done
now n is 142464
processed 142464
[M::mem_process_seqs_merge2] Processed 142464 reads in 0.170 CPU sec, 1.825 real sec
[M::process] read chunk (19660800 bytes/CG x 1 CGs, 19660800 bytes)...
slave pre done
now n is 140428
processed 140428
[M::mem_process_seqs_merge2] Processed 140428 reads in 0.130 CPU sec, 1.951 real sec
[M::mem_process_seqs_merge2] CPE FASTQ formatting done
[M::mem_process_seqs_merge2] CPE FASTQ formatting done
slave pre done
now n is 140428
processed 140428
[M::mem_process_seqs_merge2] Processed 140428 reads in 0.150 CPU sec, 1.822 real sec
slave pre done
now n is 138450
processed 138450
[M::mem_process_seqs_merge2] Processed 138450 reads in 0.080 CPU sec, 1.590 real sec
slave pre done
now n is 140428
processed 140428
[M::mem_process_seqs_merge2] Processed 140428 reads in 0.140 CPU sec, 1.414 real sec
slave pre done
now n is 142464
[M::process] read chunk (19660800 bytes/CG x 1 CGs, 19660800 bytes)...
processed 142464
[M::mem_process_seqs_merge2] Processed 142464 reads in 0.190 CPU sec, 1.985 real sec
[M::mem_process_seqs_merge2] CPE FASTQ formatting done
[M::process] read chunk (19660800 bytes/CG x 1 CGs, 19660800 bytes)...
[M::process] read chunk (19660800 bytes/CG x 1 CGs, 19660800 bytes)...
slave pre done
now n is 140428
processed 140428
[M::mem_process_seqs_merge2] Processed 140428 reads in 1.220 CPU sec, 9.636 real sec
[M::process] read chunk (19660800 bytes/CG x 1 CGs, 19660800 bytes)...
[M::mem_process_seqs_merge2] CPE FASTQ formatting done
[M::mem_process_seqs_merge2] CPE FASTQ formatting done
[M::mem_process_seqs_merge2] CPE FASTQ formatting done
[M::process] read chunk (19660800 bytes/CG x 1 CGs, 19660800 bytes)...
slave pre done
now n is 140428
processed 140428
[M::mem_process_seqs_merge2] Processed 140428 reads in 0.320 CPU sec, 2.296 real sec
[M::process] read chunk (19660800 bytes/CG x 1 CGs, 19660800 bytes)...
slave pre done
now n is 140428
processed 140428
[M::mem_process_seqs_merge2] Processed 140428 reads in 0.160 CPU sec, 1.636 real sec
[M::mem_process_seqs_merge2] CPE FASTQ formatting done
[M::mem_process_seqs_merge2] CPE FASTQ formatting done
[M::process] read chunk (19660800 bytes/CG x 1 CGs, 19660800 bytes)...
slave pre done
now n is 140428
processed 140428
[M::mem_process_seqs_merge2] Processed 140428 reads in 0.200 CPU sec, 1.687 real sec
slave pre done
now n is 138450
processed 138450
[M::mem_process_seqs_merge2] Processed 138450 reads in 0.200 CPU sec, 2.327 real sec
[M::mem_process_seqs_merge2] CPE FASTQ formatting done
slave pre done
now n is 140428
processed 140428
[M::mem_process_seqs_merge2] Processed 140428 reads in 0.120 CPU sec, 1.920 real sec
slave pre done
now n is 142464
processed 142464
[M::mem_process_seqs_merge2] Processed 142464 reads in 0.340 CPU sec, 2.461 real sec
[M::process] read chunk (19660800 bytes/CG x 1 CGs, 19660800 bytes)...
slave pre done
now n is 140428
processed 140428
[M::mem_process_seqs_merge2] Processed 140428 reads in 0.150 CPU sec, 1.384 real sec
[M::process] read chunk (19660800 bytes/CG x 1 CGs, 19660800 bytes)...
[M::mem_process_seqs_merge2] CPE FASTQ formatting done
[M::process] read chunk (19660800 bytes/CG x 1 CGs, 19660800 bytes)...
[M::mem_process_seqs_merge2] CPE FASTQ formatting done
[M::process] read chunk (19660800 bytes/CG x 1 CGs, 19660800 bytes)...
[M::mem_process_seqs_merge2] CPE FASTQ formatting done
[M::mem_process_seqs_merge2] CPE FASTQ formatting done
slave pre done
now n is 140428
processed 140428
[M::mem_process_seqs_merge2] Processed 140428 reads in 0.120 CPU sec, 1.622 real sec
[M::process] read chunk (19660800 bytes/CG x 1 CGs, 19660800 bytes)...
[M::process] read chunk (19660800 bytes/CG x 1 CGs, 19660800 bytes)...
[M::process] read chunk (19660800 bytes/CG x 1 CGs, 19660800 bytes)...
slave pre done
now n is 140428
processed 140428
[M::mem_process_seqs_merge2] Processed 140428 reads in 0.140 CPU sec, 1.747 real sec
[M::mem_process_seqs_merge2] CPE FASTQ formatting done
[M::mem_process_seqs_merge2] CPE FASTQ formatting done
[M::mem_process_seqs_merge2] CPE FASTQ formatting done
slave pre done
now n is 138450
processed 138450
[M::mem_process_seqs_merge2] Processed 138450 reads in 0.240 CPU sec, 1.714 real sec
[M::process] read chunk (19660800 bytes/CG x 1 CGs, 19660800 bytes)...
slave pre done
now n is 140428
processed 140428
[M::mem_process_seqs_merge2] Processed 140428 reads in 0.240 CPU sec, 2.451 real sec
[M::process] read chunk (19660800 bytes/CG x 1 CGs, 19660800 bytes)...
[M::mem_process_seqs_merge2] CPE FASTQ formatting done
slave pre done
now n is 140460
processed 140460
[M::mem_process_seqs_merge2] Processed 140460 reads in 0.100 CPU sec, 1.442 real sec
slave pre done
now n is 140428
processed 140428
[M::mem_process_seqs_merge2] Processed 140428 reads in 0.110 CPU sec, 1.651 real sec
[M::process] read chunk (19660800 bytes/CG x 1 CGs, 19660800 bytes)...
[M::process] read chunk (19660800 bytes/CG x 1 CGs, 19660800 bytes)...
slave pre done
now n is 140428
processed 140428
[M::mem_process_seqs_merge2] Processed 140428 reads in 0.220 CPU sec, 2.144 real sec
[M::mem_process_seqs_merge2] CPE FASTQ formatting done
[M::mem_process_seqs_merge2] CPE FASTQ formatting done
[M::mem_process_seqs_merge2] CPE FASTQ formatting done
slave pre done
now n is 138450
processed 138450
[M::mem_process_seqs_merge2] Processed 138450 reads in 0.130 CPU sec, 1.797 real sec
[M::process] read chunk (19660800 bytes/CG x 1 CGs, 19660800 bytes)...
slave pre done
now n is 140428
processed 140428
[M::mem_process_seqs_merge2] Processed 140428 reads in 0.270 CPU sec, 2.199 real sec
[M::process] read chunk (19660800 bytes/CG x 1 CGs, 19660800 bytes)...
slave pre done
now n is 140428
processed 140428
[M::mem_process_seqs_merge2] Processed 140428 reads in 0.200 CPU sec, 2.042 real sec
[M::mem_process_seqs_merge2] CPE FASTQ formatting done
[M::mem_process_seqs_merge2] CPE FASTQ formatting done
[M::process] read chunk (19660800 bytes/CG x 1 CGs, 19660800 bytes)...
[M::mem_process_seqs_merge2] CPE FASTQ formatting done
slave pre done
now n is 140428
processed 140428
[M::mem_process_seqs_merge2] Processed 140428 reads in 0.100 CPU sec, 1.667 real sec
[M::process] read chunk (19660800 bytes/CG x 1 CGs, 19660800 bytes)...
[M::process] read chunk (19660800 bytes/CG x 1 CGs, 19660800 bytes)...
slave pre done
now n is 140428
processed 140428
[M::mem_process_seqs_merge2] Processed 140428 reads in 0.090 CPU sec, 2.390 real sec
[M::process] read chunk (19660800 bytes/CG x 1 CGs, 19660800 bytes)...
[M::mem_process_seqs_merge2] CPE FASTQ formatting done
[M::mem_process_seqs_merge2] CPE FASTQ formatting done
[M::mem_process_seqs_merge2] CPE FASTQ formatting done
[M::process] read chunk (19660800 bytes/CG x 1 CGs, 19660800 bytes)...
[M::mem_process_seqs_merge2] CPE FASTQ formatting done
slave pre done
now n is 140428
processed 140428
[M::mem_process_seqs_merge2] Processed 140428 reads in 0.060 CPU sec, 1.554 real sec
slave pre done
now n is 140428
processed 140428
[M::mem_process_seqs_merge2] Processed 140428 reads in 0.410 CPU sec, 2.739 real sec
slave pre done
now n is 140428
processed 140428
[M::mem_process_seqs_merge2] Processed 140428 reads in 0.310 CPU sec, 2.597 real sec
slave pre done
now n is 140428
processed 140428
[M::mem_process_seqs_merge2] Processed 140428 reads in 1.290 CPU sec, 8.523 real sec
slave pre done
now n is 140428
processed 140428
[M::mem_process_seqs_merge2] Processed 140428 reads in 0.150 CPU sec, 1.825 real sec
[M::process] read chunk (19660800 bytes/CG x 1 CGs, 19660800 bytes)...
[M::process] read chunk (19660800 bytes/CG x 1 CGs, 19660800 bytes)...
[M::mem_process_seqs_merge2] CPE FASTQ formatting done
[M::mem_process_seqs_merge2] CPE FASTQ formatting done
slave pre done
now n is 138450
processed 138450
[M::mem_process_seqs_merge2] Processed 138450 reads in 0.700 CPU sec, 6.390 real sec
[M::process] read chunk (19660800 bytes/CG x 1 CGs, 19660800 bytes)...
[M::process] read chunk (19660800 bytes/CG x 1 CGs, 19660800 bytes)...
[M::process] read chunk (19660800 bytes/CG x 1 CGs, 19660800 bytes)...
slave pre done
now n is 140428
processed 140428
[M::mem_process_seqs_merge2] Processed 140428 reads in 0.290 CPU sec, 2.166 real sec
[M::mem_process_seqs_merge2] CPE FASTQ formatting done
[M::mem_process_seqs_merge2] CPE FASTQ formatting done
slave pre done
now n is 140428
processed 140428
[M::mem_process_seqs_merge2] Processed 140428 reads in 0.210 CPU sec, 2.359 real sec
[M::mem_process_seqs_merge2] CPE FASTQ formatting done
[M::process] read chunk (19660800 bytes/CG x 1 CGs, 19660800 bytes)...
[M::mem_process_seqs_merge2] CPE FASTQ formatting done
slave pre done
now n is 140428
processed 140428
[M::mem_process_seqs_merge2] Processed 140428 reads in 0.190 CPU sec, 1.825 real sec
[M::process] read chunk (19660800 bytes/CG x 1 CGs, 19660800 bytes)...
[M::process] read chunk (19660800 bytes/CG x 1 CGs, 19660800 bytes)...
slave pre done
now n is 140428
processed 140428
[M::mem_process_seqs_merge2] Processed 140428 reads in 0.210 CPU sec, 2.780 real sec
slave pre done
now n is 140428
processed 140428
[M::mem_process_seqs_merge2] Processed 140428 reads in 0.320 CPU sec, 2.466 real sec
[M::mem_process_seqs_merge2] CPE FASTQ formatting done
[M::mem_process_seqs_merge2] CPE FASTQ formatting done
[M::process] read chunk (19660800 bytes/CG x 1 CGs, 19660800 bytes)...
slave pre done
now n is 138450
processed 138450
[M::mem_process_seqs_merge2] Processed 138450 reads in 0.090 CPU sec, 1.949 real sec
[M::process] read chunk (19660800 bytes/CG x 1 CGs, 19660800 bytes)...
[M::mem_process_seqs_merge2] CPE FASTQ formatting done
[M::mem_process_seqs_merge2] CPE FASTQ formatting done
[M::process] read chunk (19660800 bytes/CG x 1 CGs, 19660800 bytes)...
slave pre done
now n is 140428
[M::process] read chunk (19660800 bytes/CG x 1 CGs, 19660800 bytes)...
processed 140428
[M::mem_process_seqs_merge2] Processed 140428 reads in 0.210 CPU sec, 2.001 real sec
slave pre done
now n is 140428
processed 140428
[M::mem_process_seqs_merge2] Processed 140428 reads in 0.390 CPU sec, 2.769 real sec
[M::mem_process_seqs_merge2] CPE FASTQ formatting done
[M::mem_process_seqs_merge2] CPE FASTQ formatting done
slave pre done
now n is 138450
processed 138450
[M::mem_process_seqs_merge2] Processed 138450 reads in 0.060 CPU sec, 1.579 real sec
slave pre done
now n is 140428
processed 140428
[M::mem_process_seqs_merge2] Processed 140428 reads in 0.140 CPU sec, 2.450 real sec
[M::process] read chunk (19660800 bytes/CG x 1 CGs, 19660800 bytes)...
[M::mem_process_seqs_merge2] CPE FASTQ formatting done
slave pre done
now n is 140428
processed 140428
[M::mem_process_seqs_merge2] Processed 140428 reads in 0.060 CPU sec, 1.794 real sec
[M::process] read chunk (19660800 bytes/CG x 1 CGs, 19660800 bytes)...
[M::process] read chunk (19660800 bytes/CG x 1 CGs, 19660800 bytes)...
slave pre done
now n is 140428
processed 140428
[M::mem_process_seqs_merge2] Processed 140428 reads in 0.210 CPU sec, 2.380 real sec
[M::process] read chunk (19660800 bytes/CG x 1 CGs, 19660800 bytes)...
[M::process] read chunk (19660800 bytes/CG x 1 CGs, 19660800 bytes)...
[M::mem_process_seqs_merge2] CPE FASTQ formatting done
[M::mem_process_seqs_merge2] CPE FASTQ formatting done
[M::process] read chunk (19660800 bytes/CG x 1 CGs, 19660800 bytes)...
[M::mem_process_seqs_merge2] CPE FASTQ formatting done
[M::mem_process_seqs_merge2] CPE FASTQ formatting done
[M::mem_process_seqs_merge2] CPE FASTQ formatting done
slave pre done
now n is 140428
processed 140428
[M::mem_process_seqs_merge2] Processed 140428 reads in 0.220 CPU sec, 2.059 real sec
slave pre done
now n is 140428
processed 140428
[M::mem_process_seqs_merge2] Processed 140428 reads in 0.220 CPU sec, 2.111 real sec
slave pre done
now n is 140428
processed 140428
[M::mem_process_seqs_merge2] Processed 140428 reads in 0.550 CPU sec, 3.918 real sec
slave pre done
now n is 140428
processed 140428
[M::mem_process_seqs_merge2] Processed 140428 reads in 0.230 CPU sec, 1.792 real sec
slave pre done
now n is 138450
processed 138450
[M::mem_process_seqs_merge2] Processed 138450 reads in 0.070 CPU sec, 1.555 real sec
[M::process] read chunk (19660800 bytes/CG x 1 CGs, 19660800 bytes)...
slave pre done
now n is 140428
processed 140428
[M::mem_process_seqs_merge2] Processed 140428 reads in 0.340 CPU sec, 2.614 real sec
[M::mem_process_seqs_merge2] CPE FASTQ formatting done
[M::process] read chunk (19660800 bytes/CG x 1 CGs, 19660800 bytes)...
[M::process] read chunk (19660800 bytes/CG x 1 CGs, 19660800 bytes)...
[M::mem_process_seqs_merge2] CPE FASTQ formatting done
[M::process] read chunk (19660800 bytes/CG x 1 CGs, 19660800 bytes)...
[M::mem_process_seqs_merge2] CPE FASTQ formatting done
[M::process] read chunk (19660800 bytes/CG x 1 CGs, 19660800 bytes)...
[M::process] read chunk (19660800 bytes/CG x 1 CGs, 19660800 bytes)...
[M::mem_process_seqs_merge2] CPE FASTQ formatting done
[M::mem_process_seqs_merge2] CPE FASTQ formatting done
[M::mem_process_seqs_merge2] CPE FASTQ formatting done
slave pre done
now n is 140428
processed 140428
[M::mem_process_seqs_merge2] Processed 140428 reads in 0.280 CPU sec, 2.121 real sec
slave pre done
now n is 138450
processed 138450
[M::mem_process_seqs_merge2] Processed 138450 reads in 0.080 CPU sec, 1.581 real sec
slave pre done
now n is 140428
processed 140428
[M::mem_process_seqs_merge2] Processed 140428 reads in 0.180 CPU sec, 1.777 real sec
[M::process] read chunk (19660800 bytes/CG x 1 CGs, 19660800 bytes)...
[M::process] read chunk (19660800 bytes/CG x 1 CGs, 19660800 bytes)...
[M::mem_process_seqs_merge2] CPE FASTQ formatting done
[M::mem_process_seqs_merge2] CPE FASTQ formatting done
slave pre done
now n is 140428
processed 140428
[M::mem_process_seqs_merge2] Processed 140428 reads in 0.190 CPU sec, 2.666 real sec
[M::process] read chunk (19660800 bytes/CG x 1 CGs, 19660800 bytes)...
slave pre done
now n is 138450
processed 138450
[M::mem_process_seqs_merge2] Processed 138450 reads in 0.210 CPU sec, 1.547 real sec
slave pre done
now n is 140428
processed 140428
[M::mem_process_seqs_merge2] Processed 140428 reads in 0.650 CPU sec, 5.145 real sec
[M::process] read chunk (19660800 bytes/CG x 1 CGs, 19660800 bytes)...
[M::mem_process_seqs_merge2] CPE FASTQ formatting done
slave pre done
now n is 140428
processed 140428
[M::mem_process_seqs_merge2] Processed 140428 reads in 0.190 CPU sec, 2.251 real sec
[M::process] read chunk (19660800 bytes/CG x 1 CGs, 19660800 bytes)...
[M::process] read chunk (19660800 bytes/CG x 1 CGs, 19660800 bytes)...
slave pre done
now n is 140428
processed 140428
[M::mem_process_seqs_merge2] Processed 140428 reads in 1.540 CPU sec, 8.431 real sec
[M::mem_process_seqs_merge2] CPE FASTQ formatting done
[M::mem_process_seqs_merge2] CPE FASTQ formatting done
[M::mem_process_seqs_merge2] CPE FASTQ formatting done
[M::process] read chunk (19660800 bytes/CG x 1 CGs, 19660800 bytes)...
slave pre done
now n is 140428
processed 140428
[M::mem_process_seqs_merge2] Processed 140428 reads in 0.140 CPU sec, 1.603 real sec
slave pre done
now n is 140428
processed 140428
[M::mem_process_seqs_merge2] Processed 140428 reads in 0.270 CPU sec, 2.773 real sec
[M::process] read chunk (19660800 bytes/CG x 1 CGs, 19660800 bytes)...
slave pre done
now n is 140428
[M::mem_process_seqs_merge2] CPE FASTQ formatting done
processed 140428
[M::mem_process_seqs_merge2] Processed 140428 reads in 0.030 CPU sec, 1.591 real sec
[M::process] read chunk (19660800 bytes/CG x 1 CGs, 19660800 bytes)...
[M::process] read chunk (19660800 bytes/CG x 1 CGs, 19660800 bytes)...
slave pre done
now n is 140428
processed 140428
[M::mem_process_seqs_merge2] Processed 140428 reads in 0.310 CPU sec, 2.461 real sec
[M::mem_process_seqs_merge2] CPE FASTQ formatting done
[M::mem_process_seqs_merge2] CPE FASTQ formatting done
[M::mem_process_seqs_merge2] CPE FASTQ formatting done
slave pre done
now n is 138450
processed 138450
[M::mem_process_seqs_merge2] Processed 138450 reads in 0.210 CPU sec, 1.467 real sec
[M::process] read chunk (19660800 bytes/CG x 1 CGs, 19660800 bytes)...
slave pre done
now n is 139020
processed 139020
[M::mem_process_seqs_merge2] Processed 139020 reads in 0.080 CPU sec, 1.396 real sec
[M::mem_process_seqs_merge2] CPE FASTQ formatting done
[M::process] read chunk (19660800 bytes/CG x 1 CGs, 19660800 bytes)...
[M::process] read chunk (19660800 bytes/CG x 1 CGs, 19660800 bytes)...
[M::mem_process_seqs_merge2] CPE FASTQ formatting done
slave pre done
now n is 140428
slave pre done
now n is 140428
processed 140428
[M::mem_process_seqs_merge2] Processed 140428 reads in 0.300 CPU sec, 2.726 real sec
processed 140428
[M::mem_process_seqs_merge2] Processed 140428 reads in 0.360 CPU sec, 2.553 real sec
slave pre done
now n is 140428
processed 140428
[M::mem_process_seqs_merge2] Processed 140428 reads in 0.120 CPU sec, 1.663 real sec
[M::mem_process_seqs_merge2] CPE FASTQ formatting done
[M::process] read chunk (19660800 bytes/CG x 1 CGs, 19660800 bytes)...
slave pre done
now n is 140428
processed 140428
[M::mem_process_seqs_merge2] Processed 140428 reads in 0.140 CPU sec, 1.877 real sec
[M::mem_process_seqs_merge2] CPE FASTQ formatting done
slave pre done
now n is 138450
processed 138450
[M::mem_process_seqs_merge2] Processed 138450 reads in 0.080 CPU sec, 1.667 real sec
[M::process] read chunk (19660800 bytes/CG x 1 CGs, 19660800 bytes)...
[M::process] read chunk (19660800 bytes/CG x 1 CGs, 19660800 bytes)...
[M::mem_process_seqs_merge2] CPE FASTQ formatting done
[M::process] read chunk (19660800 bytes/CG x 1 CGs, 19660800 bytes)...
[M::process] read chunk (19660800 bytes/CG x 1 CGs, 19660800 bytes)...
[M::mem_process_seqs_merge2] CPE FASTQ formatting done
[M::mem_process_seqs_merge2] CPE FASTQ formatting done
slave pre done
now n is 138450
processed 138450
[M::mem_process_seqs_merge2] Processed 138450 reads in 0.240 CPU sec, 2.288 real sec
slave pre done
now n is 138450
processed 138450
[M::mem_process_seqs_merge2] Processed 138450 reads in 0.060 CPU sec, 1.537 real sec
[M::mem_process_seqs_merge2] CPE FASTQ formatting done
[M::process] read chunk (19660800 bytes/CG x 1 CGs, 19660800 bytes)...
[M::mem_process_seqs_merge2] CPE FASTQ formatting done
slave pre done
now n is 140428
processed 140428
[M::mem_process_seqs_merge2] Processed 140428 reads in 0.190 CPU sec, 2.006 real sec
slave pre done
now n is 140428
processed 140428
[M::mem_process_seqs_merge2] Processed 140428 reads in 0.190 CPU sec, 1.997 real sec
[M::process] read chunk (19660800 bytes/CG x 1 CGs, 19660800 bytes)...
slave pre done
now n is 140428
processed 140428
[M::mem_process_seqs_merge2] Processed 140428 reads in 0.330 CPU sec, 1.986 real sec
[M::process] read chunk (19660800 bytes/CG x 1 CGs, 19660800 bytes)...
[M::process] read chunk (19660800 bytes/CG x 1 CGs, 19660800 bytes)...
slave pre done
now n is 140428
processed 140428
[M::mem_process_seqs_merge2] Processed 140428 reads in 0.150 CPU sec, 1.640 real sec
[M::process] read chunk (19660800 bytes/CG x 1 CGs, 19660800 bytes)...
[M::process] read chunk (19660800 bytes/CG x 1 CGs, 19660800 bytes)...
[M::mem_process_seqs_merge2] CPE FASTQ formatting done
[M::mem_process_seqs_merge2] CPE FASTQ formatting done
[M::mem_process_seqs_merge2] CPE FASTQ formatting done
[M::mem_process_seqs_merge2] CPE FASTQ formatting done
[M::mem_process_seqs_merge2] CPE FASTQ formatting done
[M::process] read chunk (19660800 bytes/CG x 1 CGs, 19660800 bytes)...
[M::mem_process_seqs_merge2] CPE FASTQ formatting done
slave pre done
now n is 140428
processed 140428
[M::mem_process_seqs_merge2] Processed 140428 reads in 0.170 CPU sec, 2.176 real sec
slave pre done
now n is 140428
processed 140428
[M::mem_process_seqs_merge2] Processed 140428 reads in 0.180 CPU sec, 1.805 real sec
slave pre done
now n is 140428
processed 140428
[M::mem_process_seqs_merge2] Processed 140428 reads in 0.090 CPU sec, 1.642 real sec
slave pre done
now n is 138450
processed 138450
[M::mem_process_seqs_merge2] Processed 138450 reads in 0.250 CPU sec, 2.196 real sec
slave pre done
now n is 138450
processed 138450
[M::mem_process_seqs_merge2] Processed 138450 reads in 0.170 CPU sec, 1.982 real sec
[M::process] read chunk (19660800 bytes/CG x 1 CGs, 19660800 bytes)...
[M::mem_process_seqs_merge2] CPE FASTQ formatting done
slave pre done
now n is 140428
processed 140428
[M::mem_process_seqs_merge2] Processed 140428 reads in 0.200 CPU sec, 1.752 real sec
[M::process] read chunk (19660800 bytes/CG x 1 CGs, 19660800 bytes)...
[M::process] read chunk (19660800 bytes/CG x 1 CGs, 19660800 bytes)...
[M::process] read chunk (19660800 bytes/CG x 1 CGs, 19660800 bytes)...
[M::mem_process_seqs_merge2] CPE FASTQ formatting done
slave pre done
now n is 138450
processed 138450
[M::mem_process_seqs_merge2] Processed 138450 reads in 0.110 CPU sec, 1.604 real sec
[M::process] read chunk (19660800 bytes/CG x 1 CGs, 19660800 bytes)...
[M::mem_process_seqs_merge2] CPE FASTQ formatting done
[M::process] read chunk (19660800 bytes/CG x 1 CGs, 19660800 bytes)...
[M::mem_process_seqs_merge2] CPE FASTQ formatting done
[M::mem_process_seqs_merge2] CPE FASTQ formatting done
[M::mem_process_seqs_merge2] CPE FASTQ formatting done
slave pre done
now n is 140428
processed 140428
[M::mem_process_seqs_merge2] Processed 140428 reads in 0.360 CPU sec, 2.240 real sec
[M::process] read chunk (19660800 bytes/CG x 1 CGs, 19660800 bytes)...
slave pre done
now n is 140428
processed 140428
[M::mem_process_seqs_merge2] Processed 140428 reads in 0.210 CPU sec, 2.055 real sec
slave pre done
now n is 140428
processed 140428
[M::mem_process_seqs_merge2] Processed 140428 reads in 0.410 CPU sec, 1.995 real sec
slave pre done
now n is 140428
processed 140428
[M::mem_process_seqs_merge2] Processed 140428 reads in 0.200 CPU sec, 2.174 real sec
slave pre done
now n is 138450
processed 138450
[M::mem_process_seqs_merge2] Processed 138450 reads in 0.120 CPU sec, 1.694 real sec
[M::mem_process_seqs_merge2] CPE FASTQ formatting done
[M::process] read chunk (19660800 bytes/CG x 1 CGs, 19660800 bytes)...
[M::mem_process_seqs_merge2] CPE FASTQ formatting done
[M::process] read chunk (19660800 bytes/CG x 1 CGs, 19660800 bytes)...
slave pre done
now n is 138450
processed 138450
[M::mem_process_seqs_merge2] Processed 138450 reads in 0.170 CPU sec, 1.674 real sec
slave pre done
now n is 138450
processed 138450
[M::mem_process_seqs_merge2] Processed 138450 reads in 0.120 CPU sec, 1.585 real sec
[M::process] read chunk (19660800 bytes/CG x 1 CGs, 19660800 bytes)...
[M::mem_process_seqs_merge2] CPE FASTQ formatting done
[M::process] read chunk (19660800 bytes/CG x 1 CGs, 19660800 bytes)...
[M::process] read chunk (19660800 bytes/CG x 1 CGs, 19660800 bytes)...
[M::mem_process_seqs_merge2] CPE FASTQ formatting done
[M::mem_process_seqs_merge2] CPE FASTQ formatting done
[M::mem_process_seqs_merge2] CPE FASTQ formatting done
[M::process] read chunk (19660800 bytes/CG x 1 CGs, 19660800 bytes)...
slave pre done
now n is 140428
processed 140428
[M::mem_process_seqs_merge2] Processed 140428 reads in 0.390 CPU sec, 2.178 real sec
[M::process] read chunk (19660800 bytes/CG x 1 CGs, 19660800 bytes)...
slave pre done
now n is 140428
processed 140428
[M::mem_process_seqs_merge2] Processed 140428 reads in 0.330 CPU sec, 1.496 real sec
slave pre done
now n is 140428
[M::process] read chunk (19660800 bytes/CG x 1 CGs, 19660800 bytes)...
processed 140428
[M::mem_process_seqs_merge2] Processed 140428 reads in 0.130 CPU sec, 1.595 real sec
[M::process] read chunk (19660800 bytes/CG x 1 CGs, 19660800 bytes)...
[M::mem_process_seqs_merge2] CPE FASTQ formatting done
[M::mem_process_seqs_merge2] CPE FASTQ formatting done
[M::mem_process_seqs_merge2] CPE FASTQ formatting done
slave pre done
now n is 140428
processed 140428
[M::mem_process_seqs_merge2] Processed 140428 reads in 0.200 CPU sec, 2.350 real sec
[M::mem_process_seqs_merge2] CPE FASTQ formatting done
[M::process] read chunk (19660800 bytes/CG x 1 CGs, 19660800 bytes)...
slave pre done
now n is 138450
processed 138450
[M::mem_process_seqs_merge2] Processed 138450 reads in 0.080 CPU sec, 1.405 real sec
[M::process] read chunk (19660800 bytes/CG x 1 CGs, 19660800 bytes)...
[M::mem_process_seqs_merge2] CPE FASTQ formatting done
[M::process] read chunk (19660800 bytes/CG x 1 CGs, 19660800 bytes)...
[M::mem_process_seqs_merge2] CPE FASTQ formatting done
[M::mem_process_seqs_merge2] CPE FASTQ formatting done
slave pre done
now n is 138450
processed 138450
[M::mem_process_seqs_merge2] Processed 138450 reads in 0.110 CPU sec, 1.988 real sec
slave pre done
now n is 140428
processed 140428
[M::mem_process_seqs_merge2] Processed 140428 reads in 0.100 CPU sec, 1.961 real sec
slave pre done
now n is 140428
processed 140428
[M::mem_process_seqs_merge2] Processed 140428 reads in 0.250 CPU sec, 1.925 real sec
slave pre done
now n is 138450
processed 138450
[M::mem_process_seqs_merge2] Processed 138450 reads in 0.090 CPU sec, 1.450 real sec
slave pre done
now n is 140428
processed 140428
[M::mem_process_seqs_merge2] Processed 140428 reads in 0.220 CPU sec, 2.196 real sec
[M::process] read chunk (19660800 bytes/CG x 1 CGs, 19660800 bytes)...
[M::process] read chunk (19660800 bytes/CG x 1 CGs, 19206068 bytes)...
[M::process] read chunk (19660800 bytes/CG x 1 CGs, 19660800 bytes)...
[M::process] read chunk (19660800 bytes/CG x 1 CGs, 19660800 bytes)...
[M::mem_process_seqs_merge2] CPE FASTQ formatting done
[M::mem_process_seqs_merge2] CPE FASTQ formatting done
[M::mem_process_seqs_merge2] CPE FASTQ formatting done
[M::mem_process_seqs_merge2] CPE FASTQ formatting done
[M::process] read chunk (19660800 bytes/CG x 1 CGs, 19205784 bytes)...
[M::mem_process_seqs_merge2] CPE FASTQ formatting done
slave pre done
now n is 140428
processed 140428
[M::mem_process_seqs_merge2] Processed 140428 reads in 0.210 CPU sec, 2.129 real sec
slave pre done
now n is 140428
slave pre done
now n is 135252
processed 140428
[M::mem_process_seqs_merge2] Processed 140428 reads in 0.260 CPU sec, 2.041 real sec
processed 135252
[M::mem_process_seqs_merge2] Processed 135252 reads in 0.040 CPU sec, 1.506 real sec
slave pre done
now n is 135254
processed 135254
[M::mem_process_seqs_merge2] Processed 135254 reads in 0.180 CPU sec, 2.317 real sec
slave pre done
now n is 140428
processed 140428
[M::mem_process_seqs_merge2] Processed 140428 reads in 0.270 CPU sec, 2.352 real sec
slave pre done
now n is 140428
processed 140428
[M::mem_process_seqs_merge2] Processed 140428 reads in 1.100 CPU sec, 8.287 real sec
[M::process] read chunk (19660800 bytes/CG x 1 CGs, 19205760 bytes)...
[M::mem_process_seqs_merge2] CPE FASTQ formatting done
[M::process] read chunk (19660800 bytes/CG x 1 CGs, 19660800 bytes)...
[M::process] read chunk (19660800 bytes/CG x 1 CGs, 19205760 bytes)...
[M::mem_process_seqs_merge2] CPE FASTQ formatting done
[M::process] read chunk (19660800 bytes/CG x 1 CGs, 19660800 bytes)...
[M::mem_process_seqs_merge2] CPE FASTQ formatting done
[M::mem_process_seqs_merge2] CPE FASTQ formatting done
slave pre done
now n is 137184
processed 137184
[M::mem_process_seqs_merge2] Processed 137184 reads in 0.160 CPU sec, 2.410 real sec
slave pre done
now n is 140428
processed 140428
[M::mem_process_seqs_merge2] Processed 140428 reads in 0.170 CPU sec, 1.766 real sec
[M::process] read chunk (19660800 bytes/CG x 1 CGs, 19660800 bytes)...
slave pre done
now n is 140428
processed 140428
[M::mem_process_seqs_merge2] Processed 140428 reads in 0.200 CPU sec, 1.845 real sec
[M::mem_process_seqs_merge2] CPE FASTQ formatting done
[M::process] read chunk (19660800 bytes/CG x 1 CGs, 19204640 bytes)...
[M::mem_process_seqs_merge2] CPE FASTQ formatting done
slave pre done
now n is 140428
processed 140428
[M::mem_process_seqs_merge2] Processed 140428 reads in 0.140 CPU sec, 1.676 real sec
slave pre done
now n is 137184
processed 137184
[M::mem_process_seqs_merge2] Processed 137184 reads in 0.660 CPU sec, 5.220 real sec
[M::process] read chunk (19660800 bytes/CG x 1 CGs, 19205760 bytes)...
slave pre done
now n is 137176
processed 137176
[M::mem_process_seqs_merge2] Processed 137176 reads in 0.190 CPU sec, 2.142 real sec
[M::mem_process_seqs_merge2] CPE FASTQ formatting done
slave pre done
now n is 137184
processed 137184
[M::mem_process_seqs_merge2] Processed 137184 reads in 0.190 CPU sec, 2.127 real sec

====================== SWBWA Output Debug =====================
  MPI rank: 000000 / 000006
  mode:     MPI split
  path:     correctness_results/bigdata_mpi_lwpf_off_20260823/mpi_static_split/has1/SRR2496709_PE.rank000000.sam

  Output volume
    output buffer capacity                           67108864
    swbwa_output_write calls                         4241342
    submitted SAM bytes                           1400254709
    buffered flushes                                      21
    buffered flush bytes                          1400254709
    direct oversized writes                                0
    direct oversized bytes                                 0

  Buffering
    buffered flush total                        49.507339 s  (21 calls, 2357492.344 us/call)

  POSIX file writes
    write system calls                                     21
    write system-call bytes                        1400254709
    POSIX write system calls                    49.507292 s  (21 calls, 2357490.073 us/call)
    POSIX write effective bandwidth                26.974 MiB/s

  Output close timing
    POSIX close                                  0.000284 s  (1 calls,   283.651 us/call)
================================================================


====================== SWBWA Output Debug =====================
  MPI rank: 000001 / 000006
  mode:     MPI split
  path:     correctness_results/bigdata_mpi_lwpf_off_20260823/mpi_static_split/has1/SRR2496709_PE.rank000001.sam

  Output volume
    output buffer capacity                           67108864
    swbwa_output_write calls                         4209596
    submitted SAM bytes                           1352308965
    buffered flushes                                      21
    buffered flush bytes                          1352308965
    direct oversized writes                                0
    direct oversized bytes                                 0

  Buffering
    buffered flush total                        51.619904 s  (21 calls, 2458090.674 us/call)

  POSIX file writes
    write system calls                                     21
    write system-call bytes                        1352308965
    POSIX write system calls                    51.619846 s  (21 calls, 2458087.886 us/call)
    POSIX write effective bandwidth                24.984 MiB/s

  Output close timing
    POSIX close                                  0.000354 s  (1 calls,   353.652 us/call)
================================================================


====================== SWBWA Output Debug =====================
  MPI rank: 000002 / 000006
  mode:     MPI split
  path:     correctness_results/bigdata_mpi_lwpf_off_20260823/mpi_static_split/has1/SRR2496709_PE.rank000002.sam

  Output volume
    output buffer capacity                           67108864
    swbwa_output_write calls                         4209596
    submitted SAM bytes                           1342332515
    buffered flushes                                      21
    buffered flush bytes                          1342332515
    direct oversized writes                                0
    direct oversized bytes                                 0

  Buffering
    buffered flush total                        50.968488 s  (21 calls, 2427070.859 us/call)

  POSIX file writes
    write system calls                                     21
    write system-call bytes                        1342332515
    POSIX write system calls                    50.968427 s  (21 calls, 2427067.966 us/call)
    POSIX write effective bandwidth                25.116 MiB/s

  Output close timing
    POSIX close                                  0.000392 s  (1 calls,   392.401 us/call)
================================================================


====================== SWBWA Output Debug =====================
  MPI rank: 000003 / 000006
  mode:     MPI split
  path:     correctness_results/bigdata_mpi_lwpf_off_20260823/mpi_static_split/has1/SRR2496709_PE.rank000003.sam

  Output volume
    output buffer capacity                           67108864
    swbwa_output_write calls                         4209596
    submitted SAM bytes                           1342525090
    buffered flushes                                      21
    buffered flush bytes                          1342525090
    direct oversized writes                                0
    direct oversized bytes                                 0

  Buffering

================ SWBWA CPE/MPI Progress Debug ================
  MPI rank: 000000 / 000006

    phase                      waits     probes   total(s)    avg(us)    max(s)   >=1ms   >=10ms   >=100ms    >=1s  completed
    FASTQ formatting              30         56      0.001     16.104     0.000       0        0         0       0          0
    alignment and SAM length      30       6132      0.155     25.336     0.002       3        0         0       0          0
    SAM record generation         30         59      0.003     46.073     0.000       0        0         0       0          0
    all CPE phases                90       6247      0.159     25.449     0.002       3        0         0       0          0

  Probes marked 'completed' returned with the CPE completion
  flag set. Their full call duration bounds the possible delay.
    completion-observing probe total               0.000000 s
    slowest completion-observing probe             0.000000 s
==============================================================


======================= SWBWA Timing Report =======================
  MPI rank: 000000 / 000006
  Accumulated wall-clock time; indented rows are included in
  their parent row and must not be added to it.

  Pipeline
    total - complete three-stage pipeline                   155.897 s
    stage 1 - allocate and read raw FASTQ blocks             26.631 s
    stage 2 - align reads and generate SAM records           72.235 s
    stage 3 - write SAM and release batch data               53.432 s
      SAM output writes                                        51.573 s
      batch cleanup and loop overhead (derived)                 1.859 s

  Stage 1 input details
    batches completed / stage calls                      30 / 31
    input-buffer and batch allocations                        0.000 s  (91 calls, max 0.000 s)
    aggregate requested allocation bytes           1178799104
    FASTQ fseeko calls                                        0.000 s  (60 calls, max 0.000 s)
    FASTQ fread calls                                        26.627 s  (60 calls, max 0.811 s)
    align chunk ends to FASTQ record boundaries               0.000 s  (58 calls, max 0.000 s)
    scheduler, checks and bookkeeping (derived)               0.004 s
    raw FASTQ bytes read                           1178735680  (1124.130 MiB)
    effective fread bandwidth                         42.218 MiB/s
    slowest allocation                                 0.000 s  (19661824 bytes)
    slowest fread                                      0.811 s  (R2 offset=471839224, bytes=19660800)

  Stage 2 worker details
    total - active merge worker                              72.230 s
      part 1 - prepare CPE task and reusable buffers            0.986 s
      part 2 - CPE FASTQ formatting and input release           0.450 s
      part 3 - CPE alignment and SAM length pass               69.893 s
      part 4 - assign slices in the shared SAM buffer           0.299 s
      part 5 - CPE SAM record generation                        0.598 s
      part 6 - release temporary worker data                    0.001 s

  Reserved allocator timers (no active timing sites)
    malloc timer                                              0.000 s
    free timer                                                0.000 s
===================================================================


================ SWBWA CPE/MPI Progress Debug ================
  MPI rank: 000001 / 000006

    phase                      waits     probes   total(s)    avg(us)    max(s)   >=1ms   >=10ms   >=100ms    >=1s  completed
    FASTQ formatting              30         54      0.001     14.042     0.000       0        0         0       0          0
    alignment and SAM length      30       5644      0.068     12.130     0.004       1        0         0       0          0
    SAM record generation         30         60      0.002     36.075     0.000       0        0         0       0          0
    all CPE phases                90       5758      0.071     12.398     0.004       1        0         0       0          0

  Probes marked 'completed' returned with the CPE completion
  flag set. Their full call duration bounds the possible delay.
    completion-observing probe total               0.000000 s
    slowest completion-observing probe             0.000000 s
==============================================================


======================= SWBWA Timing Report =======================
  MPI rank: 000001 / 000006
  Accumulated wall-clock time; indented rows are included in
  their parent row and must not be added to it.

  Pipeline
    total - complete three-stage pipeline                   155.572 s
    stage 1 - allocate and read raw FASTQ blocks             27.981 s
    stage 2 - align reads and generate SAM records           64.107 s
    stage 3 - write SAM and release batch data               55.933 s
      SAM output writes                                        54.342 s
      batch cleanup and loop overhead (derived)                 1.591 s

  Stage 1 input details
    batches completed / stage calls                      30 / 31
    input-buffer and batch allocations                        0.000 s  (91 calls, max 0.000 s)
    aggregate requested allocation bytes           1178801344
    FASTQ fseeko calls                                        0.150 s  (60 calls, max 0.076 s)
    FASTQ fread calls                                        27.822 s  (60 calls, max 0.832 s)
    align chunk ends to FASTQ record boundaries               0.000 s  (58 calls, max 0.000 s)
    scheduler, checks and bookkeeping (derived)               0.009 s
    raw FASTQ bytes read                           1178737920  (1124.132 MiB)
    effective fread bandwidth                         40.405 MiB/s
    slowest allocation                                 0.000 s  (19661824 bytes)
    slowest fread                                      0.832 s  (R1 offset=628663304, bytes=19660800)

  Stage 2 worker details
    total - active merge worker                              64.095 s
      part 1 - prepare CPE task and reusable buffers            0.864 s
      part 2 - CPE FASTQ formatting and input release           0.445 s
      part 3 - CPE alignment and SAM length pass               61.882 s
      part 4 - assign slices in the shared SAM buffer           0.297 s
      part 5 - CPE SAM record generation                        0.597 s
      part 6 - release temporary worker data                    0.002 s

  Reserved allocator timers (no active timing sites)
    malloc timer                                              0.000 s
    free timer                                                0.000 s
===================================================================


================ SWBWA CPE/MPI Progress Debug ================
  MPI rank: 000002 / 000006

    phase                      waits     probes   total(s)    avg(us)    max(s)   >=1ms   >=10ms   >=100ms    >=1s  completed
    FASTQ formatting              30         53      0.002     40.501     0.001       1        0         0       0          0
    alignment and SAM length      30       5989      0.143     23.957     0.000       0        0         0       0          0
    SAM record generation         30         60      0.003     44.879     0.000       0        0         0       0          0
    all CPE phases                90       6102      0.148     24.306     0.001       1        0         0       0          0

  Probes marked 'completed' returned with the CPE completion
  flag set. Their full call duration bounds the possible delay.
    completion-observing probe total               0.000000 s
    slowest completion-observing probe             0.000000 s
==============================================================


======================= SWBWA Timing Report =======================
  MPI rank: 000002 / 000006
  Accumulated wall-clock time; indented rows are included in
  their parent row and must not be added to it.

  Pipeline
    total - complete three-stage pipeline                   155.864 s
    stage 1 - allocate and read raw FASTQ blocks             27.891 s
    stage 2 - align reads and generate SAM records           69.340 s
    stage 3 - write SAM and release batch data               55.937 s
      SAM output writes                                        54.180 s
      batch cleanup and loop overhead (derived)                 1.757 s

  Stage 1 input details
    batches completed / stage calls                      30 / 31
    input-buffer and batch allocations                        0.000 s  (91 calls, max 0.000 s)
    aggregate requested allocation bytes           1178801344
    FASTQ fseeko calls                                        0.298 s  (60 calls, max 0.162 s)
    FASTQ fread calls                                        27.582 s  (60 calls, max 0.775 s)
    align chunk ends to FASTQ record boundaries               0.000 s  (58 calls, max 0.000 s)
    scheduler, checks and bookkeeping (derived)               0.010 s
    raw FASTQ bytes read                           1178737920  (1124.132 MiB)
    effective fread bandwidth                         40.755 MiB/s
    slowest allocation                                 0.000 s  (19661824 bytes)
    slowest fread                                      0.775 s  (R1 offset=1650524984, bytes=19660800)

  Stage 2 worker details
    total - active merge worker                              69.328 s
      part 1 - prepare CPE task and reusable buffers            0.967 s
      part 2 - CPE FASTQ formatting and input release           0.415 s
      part 3 - CPE alignment and SAM length pass               67.043 s
      part 4 - assign slices in the shared SAM buffer           0.346 s
      part 5 - CPE SAM record generation                        0.545 s
      part 6 - release temporary worker data                    0.001 s

  Reserved allocator timers (no active timing sites)
    malloc timer                                              0.000 s
    free timer                                                0.000 s
===================================================================

[main] Version: 0.0.1
[main] CMD: ./SWBWA mem -v 4 -t 1 -1 -o correctness_results/bigdata_mpi_lwpf_off_20260823/mpi_static_split/has1/SRR2496709_PE.sam -I 170,80,500,1 ../data/GRCh38.d1.vd1.fa ../data/bwa_test_big_data/SRR2496709_1.fastq ../data/bwa_test_big_data/SRR2496709_2.fastq
    buffered flush total                        51.144109 s  (21 calls, 2435433.751 us/call)

  POSIX file writes
    write system calls                                     21
    write system-call bytes                        1342525090
    POSIX write system calls                    51.144052 s  (21 calls, 2435431.053 us/call)
    POSIX write effective bandwidth                25.034 MiB/s

  Output close timing
    POSIX close                                  0.000350 s  (1 calls,   350.252 us/call)
================================================================


================ SWBWA CPE/MPI Progress Debug ================
  MPI rank: 000003 / 000006

    phase                      waits     probes   total(s)    avg(us)    max(s)   >=1ms   >=10ms   >=100ms    >=1s  completed
    FASTQ formatting              30         57      0.002     32.847     0.001       1        0         0       0          0
    alignment and SAM length      30       6096      0.089     14.654     0.004       1        0         0       0          0
    SAM record generation         30         60      0.002     40.718     0.000       0        0         0       0          0
    all CPE phases                90       6213      0.094     15.073     0.004       2        0         0       0          0

  Probes marked 'completed' returned with the CPE completion
  flag set. Their full call duration bounds the possible delay.
    completion-observing probe total               0.000000 s
    slowest completion-observing probe             0.000000 s
==============================================================


======================= SWBWA Timing Report =======================
  MPI rank: 000003 / 000006
  Accumulated wall-clock time; indented rows are included in
  their parent row and must not be added to it.

  Pipeline
    total - complete three-stage pipeline                   155.694 s
    stage 1 - allocate and read raw FASTQ blocks             29.916 s
    stage 2 - align reads and generate SAM records           70.263 s
    stage 3 - write SAM and release batch data               55.494 s
      SAM output writes                                        53.991 s
      batch cleanup and loop overhead (derived)                 1.503 s

  Stage 1 input details
    batches completed / stage calls                      30 / 31
    input-buffer and batch allocations                        0.000 s  (91 calls, max 0.000 s)
    aggregate requested allocation bytes           1178801344
    FASTQ fseeko calls                                        0.148 s  (60 calls, max 0.093 s)
    FASTQ fread calls                                        29.759 s  (60 calls, max 0.864 s)
    align chunk ends to FASTQ record boundaries               0.000 s  (58 calls, max 0.000 s)
    scheduler, checks and bookkeeping (derived)               0.010 s
    raw FASTQ bytes read                           1178737920  (1124.132 MiB)
    effective fread bandwidth                         37.775 MiB/s
    slowest allocation                                 0.000 s  (19661824 bytes)
    slowest fread                                      0.864 s  (R2 offset=2200548584, bytes=19660800)

  Stage 2 worker details
    total - active merge worker                              70.252 s
      part 1 - prepare CPE task and reusable buffers            0.865 s
      part 2 - CPE FASTQ formatting and input release           0.432 s
      part 3 - CPE alignment and SAM length pass               68.042 s
      part 4 - assign slices in the shared SAM buffer           0.301 s
      part 5 - CPE SAM record generation                        0.600 s
      part 6 - release temporary worker data                    0.001 s

  Reserved allocator timers (no active timing sites)
    malloc timer                                              0.000 s
    free timer                                                0.000 s
===================================================================


====================== SWBWA Output Debug =====================
  MPI rank: 000004 / 000006
  mode:     MPI split
  path:     correctness_results/bigdata_mpi_lwpf_off_20260823/mpi_static_split/has1/SRR2496709_PE.rank000004.sam

  Output volume
    output buffer capacity                           67108864
    swbwa_output_write calls                         4194388
    submitted SAM bytes                           1352843526
    buffered flushes                                      21
    buffered flush bytes                          1352843526
    direct oversized writes                                0
    direct oversized bytes                                 0

  Buffering
    buffered flush total                        53.188822 s  (21 calls, 2532801.033 us/call)

  POSIX file writes
    write system calls                                     21
    write system-call bytes                        1352843526
    POSIX write system calls                    53.188761 s  (21 calls, 2532798.150 us/call)
    POSIX write effective bandwidth                24.256 MiB/s

  Output close timing
    POSIX close                                  0.002363 s  (1 calls,  2362.858 us/call)
================================================================


================ SWBWA CPE/MPI Progress Debug ================
  MPI rank: 000004 / 000006

    phase                      waits     probes   total(s)    avg(us)    max(s)   >=1ms   >=10ms   >=100ms    >=1s  completed
    FASTQ formatting              30         56      0.001     14.258     0.000       0        0         0       0          0
    alignment and SAM length      30       5268      0.071     13.496     0.002       1        0         0       0          0
    SAM record generation         30         60      0.002     27.826     0.000       0        0         0       0          0
    all CPE phases                90       5384      0.074     13.663     0.002       1        0         0       0          0

  Probes marked 'completed' returned with the CPE completion
  flag set. Their full call duration bounds the possible delay.
    completion-observing probe total               0.000000 s
    slowest completion-observing probe             0.000000 s
==============================================================


======================= SWBWA Timing Report =======================
  MPI rank: 000004 / 000006
  Accumulated wall-clock time; indented rows are included in
  their parent row and must not be added to it.

  Pipeline
    total - complete three-stage pipeline                   155.844 s
    stage 1 - allocate and read raw FASTQ blocks             29.417 s
    stage 2 - align reads and generate SAM records           58.288 s
    stage 3 - write SAM and release batch data               57.224 s
      SAM output writes                                        55.650 s
      batch cleanup and loop overhead (derived)                 1.574 s

  Stage 1 input details
    batches completed / stage calls                      30 / 31
    input-buffer and batch allocations                        0.000 s  (91 calls, max 0.000 s)
    aggregate requested allocation bytes           1178801392
    FASTQ fseeko calls                                        0.323 s  (60 calls, max 0.193 s)
    FASTQ fread calls                                        29.087 s  (60 calls, max 0.831 s)
    align chunk ends to FASTQ record boundaries               0.000 s  (58 calls, max 0.000 s)
    scheduler, checks and bookkeeping (derived)               0.007 s
    raw FASTQ bytes read                           1178737968  (1124.132 MiB)
    effective fread bandwidth                         38.647 MiB/s
    slowest allocation                                 0.000 s  (64 bytes)
    slowest fread                                      0.831 s  (R2 offset=2829211860, bytes=19660800)

  Stage 2 worker details
    total - active merge worker                              58.280 s
      part 1 - prepare CPE task and reusable buffers            0.860 s
      part 2 - CPE FASTQ formatting and input release           0.437 s
      part 3 - CPE alignment and SAM length pass               56.079 s
      part 4 - assign slices in the shared SAM buffer           0.292 s
      part 5 - CPE SAM record generation                        0.602 s
      part 6 - release temporary worker data                    0.001 s

  Reserved allocator timers (no active timing sites)
    malloc timer                                              0.000 s
    free timer                                                0.000 s
===================================================================


====================== SWBWA Output Debug =====================
  MPI rank: 000005 / 000006
  mode:     MPI split
  path:     correctness_results/bigdata_mpi_lwpf_off_20260823/mpi_static_split/has1/SRR2496709_PE.rank000005.sam

  Output volume
    output buffer capacity                           67108864
    swbwa_output_write calls                         4150304
    submitted SAM bytes                           1329335395
    buffered flushes                                      20
    buffered flush bytes                          1329335395
    direct oversized writes                                0
    direct oversized bytes                                 0

  Buffering
    buffered flush total                        53.364612 s  (20 calls, 2668230.600 us/call)

  POSIX file writes
    write system calls                                     20
    write system-call bytes                        1329335395
    POSIX write system calls                    53.364555 s  (20 calls, 2668227.729 us/call)
    POSIX write effective bandwidth                23.756 MiB/s

  Output close timing
    POSIX close                                  0.003144 s  (1 calls,  3143.862 us/call)
================================================================


================ SWBWA CPE/MPI Progress Debug ================
  MPI rank: 000005 / 000006

    phase                      waits     probes   total(s)    avg(us)    max(s)   >=1ms   >=10ms   >=100ms    >=1s  completed
    FASTQ formatting              30         53      0.001     17.533     0.000       0        0         0       0          0
    alignment and SAM length      30       5228      0.096     18.275     0.008       5        0         0       0          0
    SAM record generation         30         60      0.002     32.796     0.000       0        0         0       0          0
    all CPE phases                90       5341      0.098     18.431     0.008       5        0         0       0          0

  Probes marked 'completed' returned with the CPE completion
  flag set. Their full call duration bounds the possible delay.
    completion-observing probe total               0.000000 s
    slowest completion-observing probe             0.000000 s
==============================================================


======================= SWBWA Timing Report =======================
  MPI rank: 000005 / 000006
  Accumulated wall-clock time; indented rows are included in
  their parent row and must not be added to it.

  Pipeline
    total - complete three-stage pipeline                   155.661 s
    stage 1 - allocate and read raw FASTQ blocks             28.172 s
    stage 2 - align reads and generate SAM records           58.178 s
    stage 3 - write SAM and release batch data               55.412 s
      SAM output writes                                        53.733 s
      batch cleanup and loop overhead (derived)                 1.679 s

  Stage 1 input details
    batches completed / stage calls                      30 / 31
    input-buffer and batch allocations                        0.000 s  (91 calls, max 0.000 s)
    aggregate requested allocation bytes           1178801960
    FASTQ fseeko calls                                        0.162 s  (60 calls, max 0.094 s)
    FASTQ fread calls                                        28.002 s  (60 calls, max 0.872 s)
    align chunk ends to FASTQ record boundaries               0.000 s  (58 calls, max 0.000 s)
    scheduler, checks and bookkeeping (derived)               0.007 s
    raw FASTQ bytes read                           1178738536  (1124.133 MiB)
    effective fread bandwidth                         40.144 MiB/s
    slowest allocation                                 0.000 s  (64 bytes)
    slowest fread                                      0.872 s  (R2 offset=2986036944, bytes=19660800)

  Stage 2 worker details
    total - active merge worker                              58.168 s
      part 1 - prepare CPE task and reusable buffers            0.878 s
      part 2 - CPE FASTQ formatting and input release           0.425 s
      part 3 - CPE alignment and SAM length pass               55.952 s
      part 4 - assign slices in the shared SAM buffer           0.305 s
      part 5 - CPE SAM record generation                        0.597 s
      part 6 - release temporary worker data                    0.001 s

  Reserved allocator timers (no active timing sites)
    malloc timer                                              0.000 s
    free timer                                                0.000 s
===================================================================

