[M::main_mem] mean insert size: 170.000, stddev: 80.000, max: 500, min: 1
[CPE input] bytes_per_cg=19660800 cg_count=1 chunk_bytes=19660800 file_bytes=583901384
malloc bwt->bwt 3107576584, 0x500002429500
malloc bwt->sa 1553788264, 0x5000bb7c7020
[M::bwa_idx_load_from_disk] read 0 ALT contigs
malloc pac 776894131, 0x500118228940
the input file is ../data/SRR2496709_1.fastq_1
the input file is ../data/SRR2496709_2.fastq_1
the output file is correctness_results/manual_single/has1/SRR2496709_PE.sam
[M::process] read chunk (19660800 bytes/CG x 1 CGs, 19660800 bytes)...
[M::mem_process_seqs_merge2] CPE FASTQ formatting done
slave pre done
now n is 144884
processed 144884
[M::mem_process_seqs_merge2] Processed 144884 reads in 2.190 CPU sec, 2.188 real sec
[M::process] read chunk (19660800 bytes/CG x 1 CGs, 19660800 bytes)...
[M::mem_process_seqs_merge2] CPE FASTQ formatting done
slave pre done
now n is 143262
processed 143262
[M::mem_process_seqs_merge2] Processed 143262 reads in 1.350 CPU sec, 1.355 real sec
[M::process] read chunk (19660800 bytes/CG x 1 CGs, 19660800 bytes)...
[M::mem_process_seqs_merge2] CPE FASTQ formatting done
slave pre done
now n is 142464
processed 142464
[M::mem_process_seqs_merge2] Processed 142464 reads in 1.380 CPU sec, 1.380 real sec
[M::process] read chunk (19660800 bytes/CG x 1 CGs, 19660800 bytes)...
[M::mem_process_seqs_merge2] CPE FASTQ formatting done
slave pre done
now n is 142464
processed 142464
[M::mem_process_seqs_merge2] Processed 142464 reads in 1.580 CPU sec, 1.573 real sec
[M::process] read chunk (19660800 bytes/CG x 1 CGs, 19660800 bytes)...
[M::mem_process_seqs_merge2] CPE FASTQ formatting done
slave pre done
now n is 142464
processed 142464
[M::mem_process_seqs_merge2] Processed 142464 reads in 1.850 CPU sec, 1.841 real sec
[M::process] read chunk (19660800 bytes/CG x 1 CGs, 19660800 bytes)...
[M::mem_process_seqs_merge2] CPE FASTQ formatting done
slave pre done
now n is 142464
processed 142464
[M::mem_process_seqs_merge2] Processed 142464 reads in 1.860 CPU sec, 1.857 real sec
[M::process] read chunk (19660800 bytes/CG x 1 CGs, 19660800 bytes)...
[M::mem_process_seqs_merge2] CPE FASTQ formatting done
slave pre done
now n is 142464
processed 142464
[M::mem_process_seqs_merge2] Processed 142464 reads in 1.870 CPU sec, 1.874 real sec
[M::process] read chunk (19660800 bytes/CG x 1 CGs, 19660800 bytes)...
[M::mem_process_seqs_merge2] CPE FASTQ formatting done
slave pre done
now n is 142464
processed 142464
[M::mem_process_seqs_merge2] Processed 142464 reads in 1.790 CPU sec, 1.784 real sec
[M::process] read chunk (19660800 bytes/CG x 1 CGs, 19660800 bytes)...
[M::mem_process_seqs_merge2] CPE FASTQ formatting done
slave pre done
now n is 142464
processed 142464
[M::mem_process_seqs_merge2] Processed 142464 reads in 1.390 CPU sec, 1.390 real sec
[M::process] read chunk (19660800 bytes/CG x 1 CGs, 19660800 bytes)...
[M::mem_process_seqs_merge2] CPE FASTQ formatting done
slave pre done
now n is 142464
processed 142464
[M::mem_process_seqs_merge2] Processed 142464 reads in 1.460 CPU sec, 1.457 real sec
[M::process] read chunk (19660800 bytes/CG x 1 CGs, 19660800 bytes)...
[M::mem_process_seqs_merge2] CPE FASTQ formatting done
slave pre done
now n is 142464
processed 142464
[M::mem_process_seqs_merge2] Processed 142464 reads in 1.350 CPU sec, 1.349 real sec
[M::process] read chunk (19660800 bytes/CG x 1 CGs, 19660800 bytes)...
[M::mem_process_seqs_merge2] CPE FASTQ formatting done
slave pre done
now n is 142464
processed 142464
[M::mem_process_seqs_merge2] Processed 142464 reads in 1.570 CPU sec, 1.573 real sec
[M::process] read chunk (19660800 bytes/CG x 1 CGs, 19660800 bytes)...
[M::mem_process_seqs_merge2] CPE FASTQ formatting done
slave pre done
now n is 142464
processed 142464
[M::mem_process_seqs_merge2] Processed 142464 reads in 1.730 CPU sec, 1.738 real sec
[M::process] read chunk (19660800 bytes/CG x 1 CGs, 19660800 bytes)...
[M::mem_process_seqs_merge2] CPE FASTQ formatting done
slave pre done
now n is 142464
processed 142464
[M::mem_process_seqs_merge2] Processed 142464 reads in 2.180 CPU sec, 2.182 real sec
[M::process] read chunk (19660800 bytes/CG x 1 CGs, 19660800 bytes)...
[M::mem_process_seqs_merge2] CPE FASTQ formatting done
slave pre done
now n is 140460
processed 140460
[M::mem_process_seqs_merge2] Processed 140460 reads in 1.200 CPU sec, 1.202 real sec
[M::process] read chunk (19660800 bytes/CG x 1 CGs, 19660800 bytes)...
[M::mem_process_seqs_merge2] CPE FASTQ formatting done
slave pre done
now n is 140428
processed 140428
[M::mem_process_seqs_merge2] Processed 140428 reads in 8.090 CPU sec, 8.092 real sec
[M::process] read chunk (19660800 bytes/CG x 1 CGs, 19660800 bytes)...
[M::mem_process_seqs_merge2] CPE FASTQ formatting done
slave pre done
now n is 140428
processed 140428
[M::mem_process_seqs_merge2] Processed 140428 reads in 2.190 CPU sec, 2.187 real sec
[M::process] read chunk (19660800 bytes/CG x 1 CGs, 19660800 bytes)...
[M::mem_process_seqs_merge2] CPE FASTQ formatting done
slave pre done
now n is 140428
processed 140428
[M::mem_process_seqs_merge2] Processed 140428 reads in 1.530 CPU sec, 1.522 real sec
[M::process] read chunk (19660800 bytes/CG x 1 CGs, 19660800 bytes)...
[M::mem_process_seqs_merge2] CPE FASTQ formatting done
slave pre done
now n is 140428
processed 140428
[M::mem_process_seqs_merge2] Processed 140428 reads in 1.820 CPU sec, 1.816 real sec
[M::process] read chunk (19660800 bytes/CG x 1 CGs, 19660800 bytes)...
[M::mem_process_seqs_merge2] CPE FASTQ formatting done
slave pre done
now n is 140428
processed 140428
[M::mem_process_seqs_merge2] Processed 140428 reads in 1.850 CPU sec, 1.850 real sec
[M::process] read chunk (19660800 bytes/CG x 1 CGs, 19660800 bytes)...
[M::mem_process_seqs_merge2] CPE FASTQ formatting done
slave pre done
now n is 140428
processed 140428
[M::mem_process_seqs_merge2] Processed 140428 reads in 1.980 CPU sec, 1.979 real sec
[M::process] read chunk (19660800 bytes/CG x 1 CGs, 19660800 bytes)...
[M::mem_process_seqs_merge2] CPE FASTQ formatting done
slave pre done
now n is 140428
processed 140428
[M::mem_process_seqs_merge2] Processed 140428 reads in 2.180 CPU sec, 2.177 real sec
[M::process] read chunk (19660800 bytes/CG x 1 CGs, 19660800 bytes)...
[M::mem_process_seqs_merge2] CPE FASTQ formatting done
slave pre done
now n is 140428
processed 140428
[M::mem_process_seqs_merge2] Processed 140428 reads in 1.640 CPU sec, 1.639 real sec
[M::process] read chunk (19660800 bytes/CG x 1 CGs, 19660800 bytes)...
[M::mem_process_seqs_merge2] CPE FASTQ formatting done
slave pre done
now n is 140428
processed 140428
[M::mem_process_seqs_merge2] Processed 140428 reads in 1.370 CPU sec, 1.372 real sec
[M::process] read chunk (19660800 bytes/CG x 1 CGs, 19660800 bytes)...
[M::mem_process_seqs_merge2] CPE FASTQ formatting done
slave pre done
now n is 140428
processed 140428
[M::mem_process_seqs_merge2] Processed 140428 reads in 1.380 CPU sec, 1.373 real sec
[M::process] read chunk (19660800 bytes/CG x 1 CGs, 19660800 bytes)...
[M::mem_process_seqs_merge2] CPE FASTQ formatting done
slave pre done
now n is 140428
processed 140428
[M::mem_process_seqs_merge2] Processed 140428 reads in 1.900 CPU sec, 1.900 real sec
[M::process] read chunk (19660800 bytes/CG x 1 CGs, 19660800 bytes)...
[M::mem_process_seqs_merge2] CPE FASTQ formatting done
slave pre done
now n is 140428
processed 140428
[M::mem_process_seqs_merge2] Processed 140428 reads in 2.070 CPU sec, 2.068 real sec
[M::process] read chunk (19660800 bytes/CG x 1 CGs, 19660800 bytes)...
[M::mem_process_seqs_merge2] CPE FASTQ formatting done
slave pre done
now n is 140428
processed 140428
[M::mem_process_seqs_merge2] Processed 140428 reads in 7.850 CPU sec, 7.850 real sec
[M::process] read chunk (19660800 bytes/CG x 1 CGs, 19660800 bytes)...
[M::mem_process_seqs_merge2] CPE FASTQ formatting done
slave pre done
now n is 140428
processed 140428
[M::mem_process_seqs_merge2] Processed 140428 reads in 1.580 CPU sec, 1.586 real sec
[M::process] read chunk (19660800 bytes/CG x 1 CGs, 13762560 bytes)...
[M::mem_process_seqs_merge2] CPE FASTQ formatting done
slave pre done
now n is 98304
processed 98304
[M::mem_process_seqs_merge2] Processed 98304 reads in 1.310 CPU sec, 1.317 real sec

====================== SWBWA Output Debug =====================
  MPI rank: 000000 / 000001
  mode:     non-MPI POSIX
  path:     correctness_results/manual_single/has1/SRR2496709_PE.sam

  Output volume
    output buffer capacity                           67108864
    swbwa_output_write calls                         4202470
    submitted SAM bytes                           1387155476
    buffered flushes                                      21
    buffered flush bytes                          1387155476
    direct oversized writes                                0
    direct oversized bytes                                 0

  Buffering
    buffered flush total                        20.915918 s  (21 calls, 995996.115 us/call)

  POSIX file writes
    write system calls                                     21
    write system-call bytes                        1387155476
    POSIX write system calls                    20.915860 s  (21 calls, 995993.327 us/call)
    POSIX write effective bandwidth                63.248 MiB/s

  Output close timing
    POSIX close                                  0.000502 s  (1 calls,   502.155 us/call)
================================================================


======================= SWBWA Timing Report =======================
  Accumulated wall-clock time; indented rows are included in
  their parent row and must not be added to it.

  Pipeline
    total - complete three-stage pipeline                   100.610 s
    stage 1 - allocate and read raw FASTQ blocks             11.858 s
    stage 2 - align reads and generate SAM records           63.472 s
    stage 3 - write SAM and release batch data               24.547 s
      SAM output writes                                        23.026 s
      batch cleanup and loop overhead (derived)                 1.521 s

  Stage 1 input details
    batches completed / stage calls                      30 / 31
    input-buffer and batch allocations                        0.000 s  (91 calls, max 0.000 s)
    aggregate requested allocation bytes           1167914944
    FASTQ fseeko calls                                        0.000 s  (60 calls, max 0.000 s)
    FASTQ fread calls                                        11.855 s  (60 calls, max 0.251 s)
    align chunk ends to FASTQ record boundaries               0.000 s  (58 calls, max 0.000 s)
    scheduler, checks and bookkeeping (derived)               0.002 s
    raw FASTQ bytes read                           1167851520  (1113.750 MiB)
    effective fread bandwidth                         93.947 MiB/s
    slowest allocation                                 0.000 s  (64 bytes)
    slowest fread                                      0.251 s  (R1 offset=137619888, bytes=19660800)

  Stage 2 worker details
    total - active merge worker                              63.470 s
      part 1 - prepare CPE task and reusable buffers            0.860 s
      part 2 - CPE FASTQ formatting and input release           0.270 s
      part 3 - CPE alignment and SAM length pass               61.605 s
      part 4 - assign slices in the shared SAM buffer           0.300 s
      part 5 - CPE SAM record generation                        0.433 s
      part 6 - release temporary worker data                    0.000 s

  Reserved allocator timers (no active timing sites)
    malloc timer                                              0.000 s
    free timer                                                0.000 s
===================================================================

[main] Version: 0.0.1
[main] CMD: ./SWBWA mem -v 4 -t 1 -1 -o correctness_results/manual_single/has1/SRR2496709_PE.sam -I 170,80,500,1 ../data/GRCh38.d1.vd1.fa ../data/SRR2496709_1.fastq_1 ../data/SRR2496709_2.fastq_1
