[M::main_mem] mean insert size: 170.000, stddev: 80.000, max: 500, min: 1
[MPI input] mode=dynamic chunks=49 bytes_per_cg=19660800 cg_count=1 chunk_bytes=19660800 file_bytes=945555584 scheduler=distributed read_index=exact
malloc bwt->bwt 3107576584, 0x500008804020
malloc bwt->bwt 3107576584, 0x500008804020
malloc bwt->bwt 3107576584, 0x500008804020
malloc bwt->bwt 3107576584, 0x500008804020
malloc bwt->bwt 3107576584, 0x500008804020
malloc bwt->bwt 3107576584, 0x500008804020
malloc bwt->sa 1553788264, 0x5000c1ba1b40
malloc bwt->sa 1553788264, 0x5000c1ba1b40
malloc bwt->sa 1553788264, 0x5000c1ba1b40
malloc bwt->sa 1553788264, 0x5000c1ba1b40
malloc bwt->sa 1553788264, 0x5000c1ba1b40
malloc bwt->sa 1553788264, 0x5000c1ba1b40
[M::bwa_idx_load_from_disk] read 0 ALT contigs
[M::bwa_idx_load_from_disk] read 0 ALT contigs
[M::bwa_idx_load_from_disk] read 0 ALT contigs
[M::bwa_idx_load_from_disk] read 0 ALT contigs
[M::bwa_idx_load_from_disk] read 0 ALT contigs
[M::bwa_idx_load_from_disk] read 0 ALT contigs
malloc pac 776894131, 0x50011e5708c0
malloc pac 776894131, 0x50011e5708c0
malloc pac 776894131, 0x50011e5708c0
malloc pac 776894131, 0x50011e5708c0
malloc pac 776894131, 0x50011e5708c0
malloc pac 776894131, 0x50011e5708c0
the input file is ../data/SRR7963242_1.fastq_1
the input file is ../data/SRR7963242_2.fastq_1
[MPI rank 000000/000006] output: correctness_results/mpi_multiple_dynamic_singleout_20260814/no1/SRR7963242_PE.sam
[MPI rank 000001/000006] output: correctness_results/mpi_multiple_dynamic_singleout_20260814/no1/SRR7963242_PE.sam
[MPI rank 000002/000006] output: correctness_results/mpi_multiple_dynamic_singleout_20260814/no1/SRR7963242_PE.sam
[MPI rank 000003/000006] output: correctness_results/mpi_multiple_dynamic_singleout_20260814/no1/SRR7963242_PE.sam
[MPI rank 000004/000006] output: correctness_results/mpi_multiple_dynamic_singleout_20260814/no1/SRR7963242_PE.sam
[MPI rank 000005/000006] output: correctness_results/mpi_multiple_dynamic_singleout_20260814/no1/SRR7963242_PE.sam
[M::process] read chunk (19660800 bytes/CG x 1 CGs, 19661040 bytes)...
[M::process] read chunk (19660800 bytes/CG x 1 CGs, 19661160 bytes)...
[M::process] read chunk (19660800 bytes/CG x 1 CGs, 19660556 bytes)...
[M::process] read chunk (19660800 bytes/CG x 1 CGs, 19660664 bytes)...
[M::process] read chunk (19660800 bytes/CG x 1 CGs, 19660664 bytes)...
[M::process] read chunk (19660800 bytes/CG x 1 CGs, 19661040 bytes)...
step1 0x50000201d930
step2 get 0x50000201d930
step1 0x50000201d930
step2 get 0x50000201d930
step1 0x50000201d930
step1 0x50000201d930
step2 get 0x50000201d930
step2 get 0x50000201d930
step1 0x50000201d930
step2 get 0x50000201d930
[M::process] read chunk (19660800 bytes/CG x 1 CGs, 19660664 bytes)...
[M::process] read chunk (19660800 bytes/CG x 1 CGs, 19660664 bytes)...
[M::process] read chunk (19660800 bytes/CG x 1 CGs, 19660664 bytes)...
[M::process] read chunk (19660800 bytes/CG x 1 CGs, 19661040 bytes)...
step1 0x50000201d930
step2 get 0x50000201d930
[M::mem_process_seqs_merge2] CPE FASTQ formatting done
[M::process] read chunk (19660800 bytes/CG x 1 CGs, 19660664 bytes)...
[M::mem_process_seqs_merge2] CPE FASTQ formatting done
[M::mem_process_seqs_merge2] CPE FASTQ formatting done
[M::mem_process_seqs_merge2] CPE FASTQ formatting done
[M::mem_process_seqs_merge2] CPE FASTQ formatting done
[M::process] read chunk (19660800 bytes/CG x 1 CGs, 19661040 bytes)...
[M::mem_process_seqs_merge2] CPE FASTQ formatting done
[DBG stage1] slow fread: R1 offset=117965124 requested=19660664 read=19660664 elapsed=1.021 s
[DBG stage1] slow fread: R1 offset=176947492 requested=19660664 read=19660664 elapsed=1.062 s
[DBG stage1] slow fread: R1 offset=157286452 requested=19661040 read=19661040 elapsed=1.366 s
[DBG stage1] slow fread: R1 offset=137625788 requested=19660664 read=19660664 elapsed=1.391 s
[DBG stage1] slow fread: R1 offset=196608156 requested=19660664 read=19660664 elapsed=1.359 s
[DBG stage1] slow fread: R1 offset=216268820 requested=19661040 read=19661040 elapsed=1.267 s
step1 0x50000201eec0
step1 0x50000201ece0
[DBG stage1] slow fread: R2 offset=157286452 requested=19661040 read=19661040 elapsed=1.009 s
step1 0x50000201ece0
step1 0x50000201ece0
step1 0x50000201ece0
step1 0x50000201ece0
slave pre done
now n is 104578
processed 104578
[M::mem_process_seqs_merge2] Processed 104578 reads in 4.100 CPU sec, 9.501 real sec
step2 put 0x50000201d930
step2 get 0x50000201ece0
step3 0x50000201d930
[M::mem_process_seqs_merge2] CPE FASTQ formatting done
slave pre done
now n is 104580
processed 104580
[M::mem_process_seqs_merge2] Processed 104580 reads in 4.060 CPU sec, 9.311 real sec
step2 put 0x50000201d930
step2 get 0x50000201ece0
step3 0x50000201d930
slave pre done
now n is 104578
[M::mem_process_seqs_merge2] CPE FASTQ formatting done
processed 104578
[M::mem_process_seqs_merge2] Processed 104578 reads in 4.360 CPU sec, 9.930 real sec
step2 put 0x50000201d930
step2 get 0x50000201ece0
step3 0x50000201d930
[M::mem_process_seqs_merge2] CPE FASTQ formatting done
[M::process] read chunk (19660800 bytes/CG x 1 CGs, 19661040 bytes)...
[M::process] read chunk (19660800 bytes/CG x 1 CGs, 19660664 bytes)...
[M::process] read chunk (19660800 bytes/CG x 1 CGs, 19660664 bytes)...
slave pre done
now n is 105578
processed 105578
[M::mem_process_seqs_merge2] Processed 105578 reads in 4.610 CPU sec, 10.871 real sec
step2 put 0x50000201d930
step2 get 0x50000201ece0
step3 0x50000201d930
[M::mem_process_seqs_merge2] CPE FASTQ formatting done
step1 0x50000201ed30
[M::process] read chunk (19660800 bytes/CG x 1 CGs, 19661040 bytes)...
step1 0x50000201ed30
step1 0x50000201ed30
step1 0x50000201ed30
slave pre done
now n is 104580
processed 104580
[M::mem_process_seqs_merge2] Processed 104580 reads in 4.870 CPU sec, 12.261 real sec
step2 put 0x50000201d930
step2 get 0x50000201ece0
step3 0x50000201d930
[M::process] read chunk (19660800 bytes/CG x 1 CGs, 19660664 bytes)...
[M::mem_process_seqs_merge2] CPE FASTQ formatting done
slave pre done
now n is 105944
processed 105944
[M::mem_process_seqs_merge2] Processed 105944 reads in 4.490 CPU sec, 12.721 real sec
step2 put 0x50000201d930
step2 get 0x50000201eec0
step3 0x50000201d930
[M::process] read chunk (19660800 bytes/CG x 1 CGs, 19660664 bytes)...
[M::mem_process_seqs_merge2] CPE FASTQ formatting done
step1 0x50000201ed30
step1 0x50000201ef10
slave pre done
now n is 104580
processed 104580
[M::mem_process_seqs_merge2] Processed 104580 reads in 3.650 CPU sec, 8.869 real sec
step2 put 0x50000201ece0
step2 get 0x50000201ed30
step3 0x50000201ece0
[M::mem_process_seqs_merge2] CPE FASTQ formatting done
slave pre done
now n is 104578
processed 104578
[M::mem_process_seqs_merge2] Processed 104578 reads in 3.630 CPU sec, 9.148 real sec
step2 put 0x50000201ece0
step2 get 0x50000201ed30
step3 0x50000201ece0
[M::mem_process_seqs_merge2] CPE FASTQ formatting done
[M::process] read chunk (19660800 bytes/CG x 1 CGs, 19660820 bytes)...
[M::process] read chunk (19660800 bytes/CG x 1 CGs, 19660820 bytes)...
slave pre done
now n is 104578
processed 104578
[M::mem_process_seqs_merge2] Processed 104578 reads in 4.050 CPU sec, 9.210 real sec
step2 put 0x50000201ece0
step2 get 0x50000201ed30
step3 0x50000201ece0
[M::mem_process_seqs_merge2] CPE FASTQ formatting done
[M::process] read chunk (19660800 bytes/CG x 1 CGs, 19660820 bytes)...
slave pre done
now n is 104578
processed 104578
[M::mem_process_seqs_merge2] Processed 104578 reads in 3.780 CPU sec, 8.570 real sec
step2 put 0x50000201ece0
step2 get 0x50000201ed30
step3 0x50000201ece0
[M::mem_process_seqs_merge2] CPE FASTQ formatting done
[M::process] read chunk (19660800 bytes/CG x 1 CGs, 19660824 bytes)...
slave pre done
now n is 104580
processed 104580
[M::mem_process_seqs_merge2] Processed 104580 reads in 3.450 CPU sec, 7.618 real sec
step2 put 0x50000201ece0
step2 get 0x50000201ed30
step3 0x50000201ece0
[M::process] read chunk (19660800 bytes/CG x 1 CGs, 19660820 bytes)...
[M::mem_process_seqs_merge2] CPE FASTQ formatting done
step1 0x50000201d930
slave pre done
now n is 104578
processed 104578
[M::mem_process_seqs_merge2] Processed 104578 reads in 3.510 CPU sec, 7.800 real sec
step2 put 0x50000201eec0
step2 get 0x50000201ef10
step3 0x50000201eec0
[M::mem_process_seqs_merge2] CPE FASTQ formatting done
[M::process] read chunk (19660800 bytes/CG x 1 CGs, 19660664 bytes)...
[DBG stage1] slow fread: R1 offset=393216084 requested=19660820 read=19660820 elapsed=1.012 s
[DBG stage1] slow fread: R2 offset=452198544 requested=19660820 read=19660820 elapsed=1.299 s
step1 0x50000201d930
[DBG stage1] slow fread: R2 offset=412876904 requested=19660820 read=19660820 elapsed=1.015 s
step1 0x50000201d930
step1 0x50000201d930
step1 0x50000201d930
step1 0x50000201d930
slave pre done
now n is 104580
processed 104580
[M::mem_process_seqs_merge2] Processed 104580 reads in 4.040 CPU sec, 9.450 real sec
step2 put 0x50000201ed30
step2 get 0x50000201d930
step3 0x50000201ed30
[M::mem_process_seqs_merge2] CPE FASTQ formatting done
[M::process] read chunk (19660800 bytes/CG x 1 CGs, 19660820 bytes)...
slave pre done
now n is 104578
processed 104578
[M::mem_process_seqs_merge2] Processed 104578 reads in 4.070 CPU sec, 9.960 real sec
step2 put 0x50000201ed30
step2 get 0x50000201d930
step3 0x50000201ed30
[M::mem_process_seqs_merge2] CPE FASTQ formatting done
[M::process] read chunk (19660800 bytes/CG x 1 CGs, 19660820 bytes)...
slave pre done
now n is 104578
processed 104578
[M::mem_process_seqs_merge2] Processed 104578 reads in 4.400 CPU sec, 10.170 real sec
step2 put 0x50000201ed30
step2 get 0x50000201d930
step3 0x50000201ed30
[M::mem_process_seqs_merge2] CPE FASTQ formatting done
step1 0x50000201ece0
[M::process] read chunk (19660800 bytes/CG x 1 CGs, 19660820 bytes)...
slave pre done
now n is 104580
processed 104580
[M::mem_process_seqs_merge2] Processed 104580 reads in 4.280 CPU sec, 10.640 real sec
step2 put 0x50000201ed30
step2 get 0x50000201d930
step3 0x50000201ed30
[M::mem_process_seqs_merge2] CPE FASTQ formatting done
step1 0x50000201ece0
[M::process] read chunk (19660800 bytes/CG x 1 CGs, 19660820 bytes)...
step1 0x50000201ece0
slave pre done
now n is 104578
processed 104578
[M::mem_process_seqs_merge2] Processed 104578 reads in 3.980 CPU sec, 10.810 real sec
step2 put 0x50000201ed30
step2 get 0x50000201d930
step3 0x50000201ed30
[M::mem_process_seqs_merge2] CPE FASTQ formatting done
[M::process] read chunk (19660800 bytes/CG x 1 CGs, 19660820 bytes)...
step1 0x50000201ece0
step1 0x50000201ece0
slave pre done
now n is 104578
processed 104578
[M::mem_process_seqs_merge2] Processed 104578 reads in 3.650 CPU sec, 11.581 real sec
step2 put 0x50000201ef10
step2 get 0x50000201d930
[M::process] read chunk (19660800 bytes/CG x 1 CGs, 19660820 bytes)...
[M::mem_process_seqs_merge2] CPE FASTQ formatting done
step3 0x50000201ef10
step1 0x50000201ece0
slave pre done
now n is 103478
processed 103478
[M::mem_process_seqs_merge2] Processed 103478 reads in 3.600 CPU sec, 8.670 real sec
step2 put 0x50000201d930
step2 get 0x50000201ece0
step3 0x50000201d930
slave pre done
now n is 103478
processed 103478
[M::mem_process_seqs_merge2] Processed 103478 reads in 3.810 CPU sec, 8.150 real sec
step2 put 0x50000201d930
step2 get 0x50000201ece0
step3 0x50000201d930
slave pre done
now n is 103478
processed 103478
[M::mem_process_seqs_merge2] Processed 103478 reads in 3.620 CPU sec, 9.191 real sec
step2 put 0x50000201d930
step2 get 0x50000201ece0
step3 0x50000201d930
[M::mem_process_seqs_merge2] CPE FASTQ formatting done
[M::process] read chunk (19660800 bytes/CG x 1 CGs, 19660440 bytes)...
slave pre done
now n is 103478
processed 103478
[M::mem_process_seqs_merge2] Processed 103478 reads in 3.920 CPU sec, 8.241 real sec
step2 put 0x50000201d930
step2 get 0x50000201ece0
step3 0x50000201d930
step1 0x50000201ed30
slave pre done
now n is 103590
processed 103590
[M::mem_process_seqs_merge2] Processed 103590 reads in 4.210 CPU sec, 9.190 real sec
step2 put 0x50000201d930
step2 get 0x50000201ece0
step3 0x50000201d930
[M::mem_process_seqs_merge2] CPE FASTQ formatting done
slave pre done
now n is 104578
processed 104578
[M::mem_process_seqs_merge2] Processed 104578 reads in 3.670 CPU sec, 7.271 real sec
step2 put 0x50000201d930
step2 get 0x50000201ece0
step3 0x50000201d930
[M::mem_process_seqs_merge2] CPE FASTQ formatting done
[M::mem_process_seqs_merge2] CPE FASTQ formatting done
[M::process] read chunk (19660800 bytes/CG x 1 CGs, 19660820 bytes)...
step1 0x50000201ed30
[M::mem_process_seqs_merge2] CPE FASTQ formatting done
[M::process] read chunk (19660800 bytes/CG x 1 CGs, 19660820 bytes)...
step1 0x50000201ed30
[M::mem_process_seqs_merge2] CPE FASTQ formatting done
[M::process] read chunk (19660800 bytes/CG x 1 CGs, 19660820 bytes)...
step1 0x50000201ed30
[M::process] read chunk (19660800 bytes/CG x 1 CGs, 19660820 bytes)...
slave pre done
now n is 103478
processed 103478
[M::mem_process_seqs_merge2] Processed 103478 reads in 4.030 CPU sec, 9.531 real sec
step2 put 0x50000201ece0
step2 get 0x50000201ed30
step3 0x50000201ece0
[M::mem_process_seqs_merge2] CPE FASTQ formatting done
[M::process] read chunk (19660800 bytes/CG x 1 CGs, 19660820 bytes)...
step1 0x50000201ed30
step1 0x50000201d930
slave pre done
now n is 103478
processed 103478
[M::mem_process_seqs_merge2] Processed 103478 reads in 3.810 CPU sec, 8.990 real sec
step2 put 0x50000201ece0
step2 get 0x50000201ed30
step3 0x50000201ece0
[M::mem_process_seqs_merge2] CPE FASTQ formatting done
[M::process] read chunk (19660800 bytes/CG x 1 CGs, 19660820 bytes)...
slave pre done
now n is 103478
processed 103478
[M::mem_process_seqs_merge2] Processed 103478 reads in 3.080 CPU sec, 8.959 real sec
step2 put 0x50000201ece0
step3 0x50000201ece0
[M::process] read chunk (19660800 bytes/CG x 1 CGs, 19660820 bytes)...
slave pre done
now n is 103478
processed 103478
[M::mem_process_seqs_merge2] Processed 103478 reads in 3.870 CPU sec, 12.111 real sec
step2 put 0x50000201ece0
step2 get 0x50000201ed30
step3 0x50000201ece0
step1 0x50000201ef10
[M::mem_process_seqs_merge2] CPE FASTQ formatting done
step2 get 0x50000201ef10
[M::process] read chunk (19660800 bytes/CG x 1 CGs, 19660820 bytes)...
step1 0x50000201d930
step1 0x50000201d930
slave pre done
now n is 103478
processed 103478
[M::mem_process_seqs_merge2] Processed 103478 reads in 3.940 CPU sec, 13.859 real sec
step2 put 0x50000201ece0
step2 get 0x50000201ed30
step3 0x50000201ece0
[M::mem_process_seqs_merge2] CPE FASTQ formatting done
[M::process] read chunk (19660800 bytes/CG x 1 CGs, 19660820 bytes)...
step1 0x50000201d930
[M::mem_process_seqs_merge2] CPE FASTQ formatting done
[M::process] read chunk (19660800 bytes/CG x 1 CGs, 19660820 bytes)...
slave pre done
now n is 103478
processed 103478
[M::mem_process_seqs_merge2] Processed 103478 reads in 3.800 CPU sec, 14.000 real sec
step2 put 0x50000201ece0
step2 get 0x50000201ed30
step3 0x50000201ece0
[M::process] read chunk (19660800 bytes/CG x 1 CGs, 19660820 bytes)...
[M::mem_process_seqs_merge2] CPE FASTQ formatting done
step1 0x50000201d930
step1 0x50000201d930
slave pre done
now n is 103476
processed 103476
[M::mem_process_seqs_merge2] Processed 103476 reads in 4.810 CPU sec, 10.380 real sec
step2 put 0x50000201ed30
step2 get 0x50000201d930
step3 0x50000201ed30
[M::mem_process_seqs_merge2] CPE FASTQ formatting done
[M::process] read chunk (19660800 bytes/CG x 1 CGs, 19660820 bytes)...
step1 0x50000201ece0
slave pre done
now n is 103478
processed 103478
[M::mem_process_seqs_merge2] Processed 103478 reads in 4.150 CPU sec, 10.351 real sec
step2 put 0x50000201ed30
step2 get 0x50000201d930
step3 0x50000201ed30
[M::mem_process_seqs_merge2] CPE FASTQ formatting done
[M::process] read chunk (19660800 bytes/CG x 1 CGs, 19660820 bytes)...
step1 0x50000201ece0
slave pre done
now n is 103478
processed 103478
[M::mem_process_seqs_merge2] Processed 103478 reads in 5.980 CPU sec, 11.309 real sec
step2 put 0x50000201ed30
step2 get 0x50000201d930
step3 0x50000201ed30
slave pre done
now n is 103478
[M::mem_process_seqs_merge2] CPE FASTQ formatting done
processed 103478
[M::mem_process_seqs_merge2] Processed 103478 reads in 4.090 CPU sec, 9.190 real sec
step2 put 0x50000201ed30
step2 get 0x50000201d930
step3 0x50000201ed30
[M::mem_process_seqs_merge2] CPE FASTQ formatting done
[M::process] read chunk (19660800 bytes/CG x 1 CGs, 19660820 bytes)...
[M::process] read chunk (19660800 bytes/CG x 1 CGs, 19660820 bytes)...
slave pre done
now n is 103478
processed 103478
[M::mem_process_seqs_merge2] Processed 103478 reads in 3.510 CPU sec, 12.081 real sec
step2 put 0x50000201ef10
step2 get 0x50000201d930
step3 0x50000201ef10
[M::process] read chunk (19660800 bytes/CG x 1 CGs, 19660820 bytes)...
[M::mem_process_seqs_merge2] CPE FASTQ formatting done
step1 0x50000201ece0
step1 0x50000201ece0
step1 0x50000201ece0
slave pre done
now n is 103478
processed 103478
[M::mem_process_seqs_merge2] Processed 103478 reads in 3.610 CPU sec, 9.786 real sec
step2 put 0x50000201ed30
step2 get 0x50000201d930
step3 0x50000201ed30
[M::process] read chunk (19660800 bytes/CG x 1 CGs, 19660820 bytes)...
[M::mem_process_seqs_merge2] CPE FASTQ formatting done
step1 0x50000201ece0
slave pre done
now n is 103478
processed 103478
[M::mem_process_seqs_merge2] Processed 103478 reads in 3.470 CPU sec, 8.510 real sec
step2 put 0x50000201d930
step2 get 0x50000201ece0
step3 0x50000201d930
[M::process] read chunk (19660800 bytes/CG x 1 CGs, 1836920 bytes)...
step1 0x50000201ed30
[M::mem_process_seqs_merge2] CPE FASTQ formatting done
slave pre done
now n is 103478
processed 103478
[M::mem_process_seqs_merge2] Processed 103478 reads in 3.710 CPU sec, 8.751 real sec
step2 put 0x50000201d930
step2 get 0x50000201ece0
step3 0x50000201d930
[M::mem_process_seqs_merge2] CPE FASTQ formatting done
slave pre done
now n is 103478
processed 103478
[M::mem_process_seqs_merge2] Processed 103478 reads in 3.750 CPU sec, 8.301 real sec
step2 put 0x50000201d930
step2 get 0x50000201ece0
slave pre done
now n is 103478
step3 0x50000201d930
[M::mem_process_seqs_merge2] CPE FASTQ formatting done
processed 103478
[M::mem_process_seqs_merge2] Processed 103478 reads in 3.640 CPU sec, 7.610 real sec
step2 put 0x50000201d930
step2 get 0x50000201ece0
step3 0x50000201d930
[M::mem_process_seqs_merge2] CPE FASTQ formatting done
slave pre done
now n is 103478
processed 103478
[M::mem_process_seqs_merge2] Processed 103478 reads in 4.040 CPU sec, 8.691 real sec
step2 put 0x50000201d930
step2 get 0x50000201ece0
step3 0x50000201d930
[M::mem_process_seqs_merge2] CPE FASTQ formatting done
slave pre done
now n is 103478
processed 103478
[M::mem_process_seqs_merge2] Processed 103478 reads in 4.190 CPU sec, 11.000 real sec
step2 put 0x50000201d930
step2 get 0x50000201ece0
step3 0x50000201d930
slave pre done
now n is 103478
processed 103478
[M::mem_process_seqs_merge2] Processed 103478 reads in 3.590 CPU sec, 9.870 real sec
step2 put 0x50000201ece0
step2 get 0x50000201ed30
step3 0x50000201ece0
[M::mem_process_seqs_merge2] CPE FASTQ formatting done
[M::mem_process_seqs_merge2] CPE FASTQ formatting done
slave pre done
now n is 9668
processed 9668
[M::mem_process_seqs_merge2] Processed 9668 reads in 0.780 CPU sec, 1.690 real sec
step2 put 0x50000201ed30
step3 0x50000201ed30
[MPI rank 000004/000006] input work: chunks=9 records=420396 bytes=159123008
slave pre done
now n is 103478
processed 103478
[M::mem_process_seqs_merge2] Processed 103478 reads in 3.910 CPU sec, 8.588 real sec
step2 put 0x50000201ece0
step3 0x50000201ece0
slave pre done
now n is 103478
processed 103478
[M::mem_process_seqs_merge2] Processed 103478 reads in 3.680 CPU sec, 10.478 real sec
step2 put 0x50000201ece0
step3 0x50000201ece0
slave pre done
now n is 103478
processed 103478
[M::mem_process_seqs_merge2] Processed 103478 reads in 3.400 CPU sec, 8.950 real sec
step2 put 0x50000201ece0
step3 0x50000201ece0
slave pre done
now n is 103478
processed 103478
[M::mem_process_seqs_merge2] Processed 103478 reads in 5.850 CPU sec, 9.459 real sec
step2 put 0x50000201ece0
step3 0x50000201ece0
[MPI rank 000000/000006] input work: chunks=8 records=416795 bytes=157286432
slave pre done
now n is 103478
processed 103478
[M::mem_process_seqs_merge2] Processed 103478 reads in 3.610 CPU sec, 9.001 real sec
step2 put 0x50000201ece0
step3 0x50000201ece0
[MPI rank 000001/000006] input work: chunks=8 records=416119 bytes=157286364
[MPI rank 000005/000006] input work: chunks=8 records=415564 bytes=157286844
[MPI rank 000003/000006] input work: chunks=8 records=415562 bytes=157286092

================ MPI Dynamic Scheduler Debug =================
  MPI rank: 000000 / 000006

  Work summary
    claimed chunks                                          8
    claimed from this rank's queue                          8
    claimed from another rank's queue                       0
    completed FASTQ records                            416795
    claimed input bytes                             157286432

  Scheduler counters
    scheduler_next calls                                    9
    RMA ticket attempts                                    14
    attempts against another rank's queue                   5
    tickets beyond the final chunk                          6
    empty aligned chunks                                    0

  Scheduler timing
    MPI_Win_create (setup)                       0.000175 s  (1 calls,   175.201 us/call)
    MPI_Barrier after setup                      0.000011 s  (1 calls,    11.450 us/call)
    scheduler_next total                        15.525428 s  (9 calls, 1725047.528 us/call)
      RMA ticket path total                       14.868330 s  (14 calls, 1062023.567 us/call)
        MPI_Win_lock                                12.081820 s  (14 calls, 862987.160 us/call)
        MPI_Fetch_and_op                             0.000078 s  (14 calls,     5.604 us/call)
        MPI_Win_unlock                               2.786408 s  (14 calls, 199029.156 us/call)
        RMA call overhead (derived)                  0.000023 s  (14 calls,     1.646 us/call)
      align nominal offsets to FASTQ records       0.657057 s  (8 calls, 82132.096 us/call)
      scheduler loop/bookkeeping (derived)         0.000041 s  (9 calls,     4.561 us/call)

  Scheduler teardown timing
    MPI_Barrier (wait for other ranks)           3.799214 s  (1 calls, 3799213.825 us/call)
    MPI_Win_free                                 0.000075 s  (1 calls,    74.750 us/call)

  Stage 2 by chunk
    completed chunks                                        8
    accumulated stage 2                             76.973230 s
    average stage 2 per chunk                        9.621654 s
    slowest chunk                                           0
    slowest chunk stage 2                           12.720590 s

    order   chunk  queue        byte range                       bytes      records   stage2(s)
        0       0      0  [           0,     19661160)     19661160        52972   12.720590
        1       6      0  [   117965124,    137625788)     19660664        52289    7.800354
        2      12      0  [   235929860,    255590524)     19660664        52289   11.580782
        3      18      0  [   353894596,    373555260)     19660664        52289    7.271291
        4      24      0  [   471859364,    491520184)     19660820        51739    8.958537
        5      30      0  [   589824284,    609485104)     19660820        51739   12.080853
        6      36      0  [   707788824,    727449644)     19660820        51739    7.610363
        7      42      0  [   825753744,    845414564)     19660820        51739    8.950460
==============================================================

[MPI rank 000002/000006] input work: chunks=8 records=415564 bytes=157286844

================ MPI Dynamic Scheduler Debug =================
  MPI rank: 000002 / 000006

  Work summary
    claimed chunks                                          8
    claimed from this rank's queue                          8
    claimed from another rank's queue                       0
    completed FASTQ records                            415564
    claimed input bytes                             157286844

  Scheduler counters
    scheduler_next calls                                    9
    RMA ticket attempts                                    14
    attempts against another rank's queue                   5
    tickets beyond the final chunk                          6
    empty aligned chunks                                    0

  Scheduler timing
    MPI_Win_create (setup)                       0.000175 s  (1 calls,   175.151 us/call)
    MPI_Barrier after setup                      0.000012 s  (1 calls,    11.700 us/call)
    scheduler_next total                         7.106416 s  (9 calls, 789601.815 us/call)
      RMA ticket path total                        6.270707 s  (14 calls, 447907.638 us/call)
        MPI_Win_lock                                 4.900237 s  (14 calls, 350016.905 us/call)
        MPI_Fetch_and_op                             0.000067 s  (14 calls,     4.804 us/call)
        MPI_Win_unlock                               1.370380 s  (14 calls, 97884.294 us/call)
        RMA call overhead (derived)                  0.000023 s  (14 calls,     1.636 us/call)
      align nominal offsets to FASTQ records       0.835668 s  (8 calls, 104458.513 us/call)
      scheduler loop/bookkeeping (derived)         0.000041 s  (9 calls,     4.589 us/call)

  Scheduler teardown timing
    MPI_Barrier (wait for other ranks)           0.000034 s  (1 calls,    33.801 us/call)
    MPI_Win_free                                 0.000057 s  (1 calls,    56.800 us/call)

  Stage 2 by chunk
    completed chunks                                        8
    accumulated stage 2                             82.719682 s
    average stage 2 per chunk                       10.339960 s
    slowest chunk                                          26
    slowest chunk stage 2                           14.000476 s

    order   chunk  queue        byte range                       bytes      records   stage2(s)
        0       2      2  [    39321716,     58982756)     19661040        52290   12.261521
        1       8      2  [   157286452,    176947492)     19661040        52290    7.618374
        2      14      2  [   275251564,    294912228)     19660664        52289   10.810197
        3      20      2  [   393216084,    412876904)     19660820        51739    8.241334
        4      26      2  [   511181004,    530841824)     19660820        51739   14.000476
        5      32      2  [   629145924,    648806744)     19660820        51739    9.786226
        6      38      2  [   747110464,    766771284)     19660820        51739   11.000223
        7      44      2  [   865075384,    884736204)     19660820        51739    9.001331
==============================================================


================ MPI Dynamic Scheduler Debug =================
  MPI rank: 000003 / 000006

  Work summary
    claimed chunks                                          8
    claimed from this rank's queue                          8
    claimed from another rank's queue                       0
    completed FASTQ records                            415562
    claimed input bytes                             157286092

  Scheduler counters
    scheduler_next calls                                    9
    RMA ticket attempts                                    14
    attempts against another rank's queue                   5
    tickets beyond the final chunk                          6
    empty aligned chunks                                    0

  Scheduler timing
    MPI_Win_create (setup)                       0.000179 s  (1 calls,   178.751 us/call)
    MPI_Barrier after setup                      0.000009 s  (1 calls,     8.900 us/call)
    scheduler_next total                         8.351478 s  (9 calls, 927941.952 us/call)
      RMA ticket path total                        6.685769 s  (14 calls, 477554.903 us/call)
        MPI_Win_lock                                 2.713311 s  (14 calls, 193807.940 us/call)
        MPI_Fetch_and_op                             0.000264 s  (14 calls,    18.850 us/call)
        MPI_Win_unlock                               3.972107 s  (14 calls, 283721.938 us/call)
        RMA call overhead (derived)                  0.000086 s  (14 calls,     6.175 us/call)
      align nominal offsets to FASTQ records       1.665666 s  (8 calls, 208208.272 us/call)
      scheduler loop/bookkeeping (derived)         0.000043 s  (9 calls,     4.750 us/call)

  Scheduler teardown timing
    MPI_Barrier (wait for other ranks)           0.434678 s  (1 calls, 434678.226 us/call)
    MPI_Win_free                                 0.000074 s  (1 calls,    74.400 us/call)

  Stage 2 by chunk
    completed chunks                                        8
    accumulated stage 2                             79.032780 s
    average stage 2 per chunk                        9.879097 s
    slowest chunk                                          27
    slowest chunk stage 2                           12.111462 s

    order   chunk  queue        byte range                       bytes      records   stage2(s)
        0       3      3  [    58982756,     78643420)     19660664        52289    9.930430
        1       9      3  [   176947492,    196608156)     19660664        52289    9.210229
        2      15      3  [   294912228,    314572892)     19660664        52289   10.170485
        3      21      3  [   412876904,    432537724)     19660820        51739    8.150265
        4      27      3  [   530841824,    550502644)     19660820        51739   12.111462
        5      33      3  [   648806744,    668467564)     19660820        51739   11.309223
        6      39      3  [   766771284,    786432104)     19660820        51739    8.691484
        7      45      3  [   884736204,    904397024)     19660820        51739    9.459202
==============================================================


================ MPI Dynamic Scheduler Debug =================
  MPI rank: 000001 / 000006

  Work summary
    claimed chunks                                          8
    claimed from this rank's queue                          8
    claimed from another rank's queue                       0
    completed FASTQ records                            416119
    claimed input bytes                             157286364

  Scheduler counters
    scheduler_next calls                                    9
    RMA ticket attempts                                    14
    attempts against another rank's queue                   5
    tickets beyond the final chunk                          6
    empty aligned chunks                                    0

  Scheduler timing
    MPI_Win_create (setup)                       0.000178 s  (1 calls,   177.751 us/call)
    MPI_Barrier after setup                      0.000009 s  (1 calls,     8.550 us/call)
    scheduler_next total                         9.146194 s  (9 calls, 1016243.832 us/call)
      RMA ticket path total                        6.650363 s  (14 calls, 475025.920 us/call)
        MPI_Win_lock                                 6.624458 s  (14 calls, 473175.606 us/call)
        MPI_Fetch_and_op                             0.000079 s  (14 calls,     5.629 us/call)
        MPI_Win_unlock                               0.025804 s  (14 calls,  1843.132 us/call)
        RMA call overhead (derived)                  0.000022 s  (14 calls,     1.553 us/call)
      align nominal offsets to FASTQ records       2.495793 s  (8 calls, 311974.131 us/call)
      scheduler loop/bookkeeping (derived)         0.000039 s  (9 calls,     4.283 us/call)

  Scheduler teardown timing
    MPI_Barrier (wait for other ranks)           2.359878 s  (1 calls, 2359877.812 us/call)
    MPI_Win_free                                 0.000074 s  (1 calls,    74.450 us/call)

  Stage 2 by chunk
    completed chunks                                        8
    accumulated stage 2                             77.842196 s
    average stage 2 per chunk                        9.730274 s
    slowest chunk                                           1
    slowest chunk stage 2                           10.870542 s

    order   chunk  queue        byte range                       bytes      records   stage2(s)
        0       1      1  [    19661160,     39321716)     19660556        52789   10.870542
        1       7      1  [   137625788,    157286452)     19660664        52289    8.570243
        2      13      1  [   255590524,    275251564)     19661040        52290   10.640410
        3      19      1  [   373555260,    393216084)     19660824        51795    9.190321
        4      25      1  [   491520184,    511181004)     19660820        51739    8.990387
        5      31      1  [   609485104,    629145924)     19660820        51739   10.350559
        6      37      1  [   727449644,    747110464)     19660820        51739    8.751496
        7      43      1  [   845414564,    865075384)     19660820        51739   10.478238
==============================================================


================ MPI Dynamic Scheduler Debug =================
  MPI rank: 000004 / 000006

  Work summary
    claimed chunks                                          9
    claimed from this rank's queue                          8
    claimed from another rank's queue                       1
    completed FASTQ records                            420396
    claimed input bytes                             159123008

  Scheduler counters
    scheduler_next calls                                   10
    RMA ticket attempts                                    17
    attempts against another rank's queue                   7
    tickets beyond the final chunk                          8
    empty aligned chunks                                    0

  Scheduler timing
    MPI_Win_create (setup)                       0.000176 s  (1 calls,   175.701 us/call)
    MPI_Barrier after setup                      0.000010 s  (1 calls,    10.200 us/call)
    scheduler_next total                         3.696088 s  (10 calls, 369608.847 us/call)
      RMA ticket path total                        1.636703 s  (17 calls, 96276.627 us/call)
        MPI_Win_lock                                 1.534635 s  (17 calls, 90272.669 us/call)
        MPI_Fetch_and_op                             0.000189 s  (17 calls,    11.124 us/call)
        MPI_Win_unlock                               0.101850 s  (17 calls,  5991.164 us/call)
        RMA call overhead (derived)                  0.000028 s  (17 calls,     1.670 us/call)
      align nominal offsets to FASTQ records       2.059336 s  (9 calls, 228815.152 us/call)
      scheduler loop/bookkeeping (derived)         0.000049 s  (10 calls,     4.945 us/call)

  Scheduler teardown timing
    MPI_Barrier (wait for other ranks)           8.307015 s  (1 calls, 8307014.517 us/call)
    MPI_Win_free                                 0.000067 s  (1 calls,    67.000 us/call)

  Stage 2 by chunk
    completed chunks                                        9
    accumulated stage 2                             76.752097 s
    average stage 2 per chunk                        8.528011 s
    slowest chunk                                          34
    slowest chunk stage 2                           10.380262 s

    order   chunk  queue        byte range                       bytes      records   stage2(s)
        0       4      4  [    78643420,     98304084)     19660664        52289    9.501521
        1      10      4  [   196608156,    216268820)     19660664        52289    9.148187
        2      16      4  [   314572892,    334233932)     19661040        52290    9.450356
        3      22      4  [   432537724,    452198544)     19660820        51739    8.670318
        4      28      4  [   550502644,    570163464)     19660820        51739    9.530538
        5      34      4  [   668467564,    688128004)     19660440        51738   10.380262
        6      40      4  [   786432104,    806092924)     19660820        51739    8.510296
        7      46      4  [   904397024,    924057844)     19660820        51739    9.870487
        8      48      0  [   943718664,    945555584)      1836920         4834    1.690132
==============================================================


================ MPI Dynamic Scheduler Debug =================
  MPI rank: 000005 / 000006

  Work summary
    claimed chunks                                          8
    claimed from this rank's queue                          8
    claimed from another rank's queue                       0
    completed FASTQ records                            415564
    claimed input bytes                             157286844

  Scheduler counters
    scheduler_next calls                                    9
    RMA ticket attempts                                    14
    attempts against another rank's queue                   5
    tickets beyond the final chunk                          6
    empty aligned chunks                                    0

  Scheduler timing
    MPI_Win_create (setup)                       0.000177 s  (1 calls,   177.001 us/call)
    MPI_Barrier after setup                      0.000008 s  (1 calls,     8.200 us/call)
    scheduler_next total                         6.325339 s  (9 calls, 702815.428 us/call)
      RMA ticket path total                        4.263285 s  (14 calls, 304520.384 us/call)
        MPI_Win_lock                                 4.224500 s  (14 calls, 301750.032 us/call)
        MPI_Fetch_and_op                             0.000118 s  (14 calls,     8.400 us/call)
        MPI_Win_unlock                               0.038642 s  (14 calls,  2760.134 us/call)
        RMA call overhead (derived)                  0.000025 s  (14 calls,     1.818 us/call)
      align nominal offsets to FASTQ records       2.062011 s  (8 calls, 257751.429 us/call)
      scheduler loop/bookkeeping (derived)         0.000042 s  (9 calls,     4.672 us/call)

  Scheduler teardown timing
    MPI_Barrier (wait for other ranks)           2.041100 s  (1 calls, 2041100.360 us/call)
    MPI_Win_free                                 0.000068 s  (1 calls,    67.650 us/call)

  Stage 2 by chunk
    completed chunks                                        8
    accumulated stage 2                             77.270142 s
    average stage 2 per chunk                        9.658768 s
    slowest chunk                                          29
    slowest chunk stage 2                           13.858649 s

    order   chunk  queue        byte range                       bytes      records   stage2(s)
        0       5      5  [    98304084,    117965124)     19661040        52290    9.311023
        1      11      5  [   216268820,    235929860)     19661040        52290    8.868822
        2      17      5  [   334233932,    353894596)     19660664        52289    9.960513
        3      23      5  [   452198544,    471859364)     19660820        51739    9.191329
        4      29      5  [   570163464,    589824284)     19660820        51739   13.858649
        5      35      5  [   688128004,    707788824)     19660820        51739    9.190090
        6      41      5  [   806092924,    825753744)     19660820        51739    8.301271
        7      47      5  [   924057844,    943718664)     19660820        51739    8.588445
==============================================================


====================== SWBWA Output Debug =====================
  MPI rank: 000000 / 000006
  mode:     MPI single_unordered
  path:     correctness_results/mpi_multiple_dynamic_singleout_20260814/no1/SRR7963242_PE.sam

  Output volume
    output buffer capacity                           67108864
    swbwa_output_write calls                          833590
    submitted SAM bytes                            351491884
    buffered flushes                                       6
    buffered flush bytes                           351491884
    direct oversized writes                                0
    direct oversized bytes                                 0

  Buffering
    buffered flush total                        30.553902 s  (6 calls, 5092316.961 us/call)

  Global offset reservation
    target rank                                             0
    target relationship                                 local
    reservations                                            6
    reservation total                            0.004750 s  (6 calls,   791.688 us/call)
      MPI_Fetch_and_op                             0.004589 s  (6 calls,   764.888 us/call)
      MPI_Win_flush(target rank 0)                 0.000153 s  (6 calls,    25.467 us/call)
      reservation call overhead (derived)          0.000008 s  (6 calls,     1.333 us/call)

  MPI file writes
    MPI_File_write_at calls                                 6
    MPI_File_write_at bytes                         351491884
    MPI file-write path total                   30.549127 s  (6 calls, 5091521.240 us/call)
      MPI_File_write_at                           30.549107 s  (6 calls, 5091517.882 us/call)
      MPI_Get_count                                0.000015 s  (6 calls,     2.542 us/call)
      file-write call overhead (derived)           0.000005 s  (6 calls,     0.817 us/call)
    MPI_File_write_at effective bandwidth          10.973 MiB/s

  Output close timing
    MPI_File_sync                                0.025406 s  (1 calls, 25405.548 us/call)
    MPI_Win_unlock_all                           0.000020 s  (1 calls,    19.800 us/call)
    MPI_Win_free                                 0.000071 s  (1 calls,    71.150 us/call)
    MPI_File_close                               0.005463 s  (1 calls,  5462.732 us/call)
================================================================


====================== SWBWA Output Debug =====================
  MPI rank: 000001 / 000006
  mode:     MPI single_unordered
  path:     correctness_results/mpi_multiple_dynamic_singleout_20260814/no1/SRR7963242_PE.sam

  Output volume
    output buffer capacity                           67108864
    swbwa_output_write calls                          832238
    submitted SAM bytes                            350907535
    buffered flushes                                       6
    buffered flush bytes                           350907535
    direct oversized writes                                0
    direct oversized bytes                                 0

  Buffering
    buffered flush total                        27.512942 s  (6 calls, 4585490.266 us/call)

  Global offset reservation
    target rank                                             0
    target relationship                                remote
    reservations                                            6
    reservation total                            1.776714 s  (6 calls, 296118.937 us/call)
      MPI_Fetch_and_op                             0.000258 s  (6 calls,    42.925 us/call)
      MPI_Win_flush(target rank 0)                 1.776446 s  (6 calls, 296074.337 us/call)
      reservation call overhead (derived)          0.000010 s  (6 calls,     1.675 us/call)

  MPI file writes
    MPI_File_write_at calls                                 6
    MPI_File_write_at bytes                         350907535
    MPI file-write path total                   25.736204 s  (6 calls, 4289367.321 us/call)
      MPI_File_write_at                           25.736181 s  (6 calls, 4289363.421 us/call)
      MPI_Get_count                                0.000018 s  (6 calls,     3.058 us/call)
      file-write call overhead (derived)           0.000005 s  (6 calls,     0.842 us/call)
    MPI_File_write_at effective bandwidth          13.003 MiB/s

  Output close timing
    MPI_File_sync                                0.010799 s  (1 calls, 10799.313 us/call)
    MPI_Win_unlock_all                           0.000152 s  (1 calls,   152.350 us/call)
    MPI_Win_free                                 0.014621 s  (1 calls, 14620.735 us/call)
    MPI_File_close                               0.006981 s  (1 calls,  6980.991 us/call)
================================================================


====================== SWBWA Output Debug =====================
  MPI rank: 000002 / 000006
  mode:     MPI single_unordered
  path:     correctness_results/mpi_multiple_dynamic_singleout_20260814/no1/SRR7963242_PE.sam

  Output volume
    output buffer capacity                           67108864
    swbwa_output_write calls                          831128
    submitted SAM bytes                            350449556
    buffered flushes                                       6
    buffered flush bytes                           350449556
    direct oversized writes                                0
    direct oversized bytes                                 0

  Buffering
    buffered flush total                        25.583091 s  (6 calls, 4263848.440 us/call)

  Global offset reservation
    target rank                                             0
    target relationship                                remote
    reservations                                            6
    reservation total                            0.029142 s  (6 calls,  4857.020 us/call)
      MPI_Fetch_and_op                             0.005260 s  (6 calls,   876.747 us/call)
      MPI_Win_flush(target rank 0)                 0.023871 s  (6 calls,  3978.548 us/call)
      reservation call overhead (derived)          0.000010 s  (6 calls,     1.725 us/call)

  MPI file writes
    MPI_File_write_at calls                                 6
    MPI_File_write_at bytes                         350449556
    MPI file-write path total                   25.553923 s  (6 calls, 4258987.203 us/call)
      MPI_File_write_at                           25.553902 s  (6 calls, 4258983.728 us/call)
      MPI_Get_count                                0.000016 s  (6 calls,     2.608 us/call)
      file-write call overhead (derived)           0.000005 s  (6 calls,     0.867 us/call)
    MPI_File_write_at effective bandwidth          13.079 MiB/s

  Output close timing
    MPI_File_sync                                0.009031 s  (1 calls,  9030.503 us/call)
    MPI_Win_unlock_all                           0.000014 s  (1 calls,    13.800 us/call)
    MPI_Win_free                                 0.017322 s  (1 calls, 17321.700 us/call)
    MPI_File_close                               0.018660 s  (1 calls, 18660.109 us/call)
================================================================


====================== SWBWA Output Debug =====================
  MPI rank: 000003 / 000006
  mode:     MPI single_unordered
  path:     correctness_results/mpi_multiple_dynamic_singleout_20260814/no1/SRR7963242_PE.sam

  Output volume
    output buffer capacity                           67108864
    swbwa_output_write calls                          831124
    submitted SAM bytes                            350241952
    buffered flushes                                       6
    buffered flush bytes                           350241952
    direct oversized writes                                0
    direct oversized bytes                                 0

  Buffering
    buffered flush total                        28.429954 s  (6 calls, 4738325.697 us/call)

  Global offset reservation
    target rank                                             0
    target relationship                                remote
    reservations                                            6
    reservation total                            8.095086 s  (6 calls, 1349181.056 us/call)
      MPI_Fetch_and_op                             0.011870 s  (6 calls,  1978.270 us/call)
      MPI_Win_flush(target rank 0)                 8.083205 s  (6 calls, 1347200.778 us/call)
      reservation call overhead (derived)          0.000012 s  (6 calls,     2.008 us/call)

  MPI file writes
    MPI_File_write_at calls                                 6
    MPI_File_write_at bytes                         350241952
    MPI file-write path total                   20.334840 s  (6 calls, 3389139.983 us/call)
      MPI_File_write_at                           20.334730 s  (6 calls, 3389121.707 us/call)
      MPI_Get_count                                0.000104 s  (6 calls,    17.350 us/call)
      file-write call overhead (derived)           0.000006 s  (6 calls,     0.925 us/call)
    MPI_File_write_at effective bandwidth          16.426 MiB/s

  Output close timing
    MPI_File_sync                                0.010214 s  (1 calls, 10213.810 us/call)
    MPI_Win_unlock_all                           0.000016 s  (1 calls,    16.000 us/call)
    MPI_Win_free                                 0.016093 s  (1 calls, 16092.943 us/call)
    MPI_File_close                               0.005371 s  (1 calls,  5371.082 us/call)
================================================================


====================== SWBWA Output Debug =====================
  MPI rank: 000004 / 000006
  mode:     MPI single_unordered
  path:     correctness_results/mpi_multiple_dynamic_singleout_20260814/no1/SRR7963242_PE.sam

  Output volume
    output buffer capacity                           67108864
    swbwa_output_write calls                          840792
    submitted SAM bytes                            354320037
    buffered flushes                                       6
    buffered flush bytes                           354320037
    direct oversized writes                                0
    direct oversized bytes                                 0

  Buffering
    buffered flush total                        14.762929 s  (6 calls, 2460488.220 us/call)

  Global offset reservation
    target rank                                             0
    target relationship                                remote
    reservations                                            6
    reservation total                            1.768627 s  (6 calls, 294771.087 us/call)
      MPI_Fetch_and_op                             0.000625 s  (6 calls,   104.142 us/call)
      MPI_Win_flush(target rank 0)                 1.767948 s  (6 calls, 294658.062 us/call)
      reservation call overhead (derived)          0.000053 s  (6 calls,     8.883 us/call)

  MPI file writes
    MPI_File_write_at calls                                 6
    MPI_File_write_at bytes                         354320037
    MPI file-write path total                   12.994272 s  (6 calls, 2165712.083 us/call)
      MPI_File_write_at                           12.994247 s  (6 calls, 2165707.833 us/call)
      MPI_Get_count                                0.000020 s  (6 calls,     3.308 us/call)
      file-write call overhead (derived)           0.000006 s  (6 calls,     0.942 us/call)
    MPI_File_write_at effective bandwidth          26.004 MiB/s

  Output close timing
    MPI_File_sync                                0.009633 s  (1 calls,  9632.506 us/call)
    MPI_Win_unlock_all                           0.000016 s  (1 calls,    16.450 us/call)
    MPI_Win_free                                 0.016701 s  (1 calls, 16701.147 us/call)
    MPI_File_close                               0.005511 s  (1 calls,  5510.932 us/call)
================================================================


====================== SWBWA Output Debug =====================
  MPI rank: 000005 / 000006
  mode:     MPI single_unordered
  path:     correctness_results/mpi_multiple_dynamic_singleout_20260814/no1/SRR7963242_PE.sam

  Output volume
    output buffer capacity                           67108864
    swbwa_output_write calls                          831128
    submitted SAM bytes                            350244769
    buffered flushes                                       6
    buffered flush bytes                           350244769
    direct oversized writes                                0
    direct oversized bytes                                 0

  Buffering
    buffered flush total                        19.821877 s  (6 calls, 3303646.219 us/call)

  Global offset reservation
    target rank                                             0
    target relationship                                remote
    reservations                                            6
    reservation total                            3.892713 s  (6 calls, 648785.453 us/call)
      MPI_Fetch_and_op                             0.000487 s  (6 calls,    81.142 us/call)
      MPI_Win_flush(target rank 0)                 3.892216 s  (6 calls, 648702.610 us/call)
      reservation call overhead (derived)          0.000010 s  (6 calls,     1.700 us/call)

  MPI file writes
    MPI_File_write_at calls                                 6
    MPI_File_write_at bytes                         350244769
    MPI file-write path total                   15.929137 s  (6 calls, 2654856.233 us/call)
      MPI_File_write_at                           15.929114 s  (6 calls, 2654852.350 us/call)
      MPI_Get_count                                0.000018 s  (6 calls,     3.050 us/call)
      file-write call overhead (derived)           0.000005 s  (6 calls,     0.833 us/call)
    MPI_File_write_at effective bandwidth          20.969 MiB/s

  Output close timing
    MPI_File_sync                                0.010784 s  (1 calls, 10784.162 us/call)
    MPI_Win_unlock_all                           0.000017 s  (1 calls,    17.100 us/call)
    MPI_Win_free                                 0.020290 s  (1 calls, 20290.118 us/call)
    MPI_File_close                               0.000609 s  (1 calls,   609.204 us/call)
================================================================


======================= SWBWA Timing Report =======================
  MPI rank: 000000 / 000006
  Accumulated wall-clock time; indented rows are included in
  their parent row and must not be added to it.

  Pipeline
    total - complete three-stage pipeline                    87.217 s
    stage 1 - allocate and read raw FASTQ blocks             25.120 s
    stage 2 - align reads and generate SAM records           76.973 s
    stage 3 - write SAM and release batch data               32.228 s
      SAM output writes                                        31.454 s
      batch cleanup and loop overhead (derived)                 0.774 s

  Stage 1 input details
    batches completed / stage calls                       8 / 9
    input-buffer and batch allocations                        0.000 s  (25 calls, max 0.000 s)
    aggregate requested allocation bytes            314589824
    FASTQ fseeko calls                                        0.779 s  (16 calls, max 0.173 s)
    FASTQ fread calls                                         8.809 s  (16 calls, max 1.021 s)
    align chunk ends to FASTQ record boundaries               0.000 s  (0 calls, max 0.000 s)
    scheduler, checks and bookkeeping (derived)              15.532 s
    raw FASTQ bytes read                            314572864  (300.000 MiB)
    effective fread bandwidth                         34.056 MiB/s
    slowest allocation                                 0.000 s  (19661688 bytes)
    slowest fread                                      1.021 s  (R1 offset=117965124, bytes=19660664)

  Stage 2 worker details
    total - active merge worker                              76.972 s
      part 1 - prepare CPE task and reusable buffers            0.842 s
      part 2 - CPE FASTQ formatting and input release           3.391 s
      part 3 - CPE alignment and SAM length pass               72.489 s
      part 4 - assign slices in the shared SAM buffer           0.083 s
      part 5 - CPE SAM record generation                        0.167 s
      part 6 - release temporary worker data                    0.000 s

  Reserved allocator timers (no active timing sites)
    malloc timer                                              0.000 s
    free timer                                                0.000 s
===================================================================


======================= SWBWA Timing Report =======================
  MPI rank: 000001 / 000006
  Accumulated wall-clock time; indented rows are included in
  their parent row and must not be added to it.

  Pipeline
    total - complete three-stage pipeline                    87.218 s
    stage 1 - allocate and read raw FASTQ blocks             19.381 s
    stage 2 - align reads and generate SAM records           77.842 s
    stage 3 - write SAM and release batch data               26.010 s
      SAM output writes                                        25.446 s
      batch cleanup and loop overhead (derived)                 0.563 s

  Stage 1 input details
    batches completed / stage calls                       8 / 9
    input-buffer and batch allocations                        0.000 s  (25 calls, max 0.000 s)
    aggregate requested allocation bytes            314589688
    FASTQ fseeko calls                                        1.133 s  (16 calls, max 0.316 s)
    FASTQ fread calls                                         9.099 s  (16 calls, max 1.391 s)
    align chunk ends to FASTQ record boundaries               0.000 s  (0 calls, max 0.000 s)
    scheduler, checks and bookkeeping (derived)               9.149 s
    raw FASTQ bytes read                            314572728  (300.000 MiB)
    effective fread bandwidth                         32.971 MiB/s
    slowest allocation                                 0.000 s  (64 bytes)
    slowest fread                                      1.391 s  (R1 offset=137625788, bytes=19660664)

  Stage 2 worker details
    total - active merge worker                              77.841 s
      part 1 - prepare CPE task and reusable buffers            0.936 s
      part 2 - CPE FASTQ formatting and input release           1.709 s
      part 3 - CPE alignment and SAM length pass               74.946 s
      part 4 - assign slices in the shared SAM buffer           0.073 s
      part 5 - CPE SAM record generation                        0.176 s
      part 6 - release temporary worker data                    0.000 s

  Reserved allocator timers (no active timing sites)
    malloc timer                                              0.000 s
    free timer                                                0.000 s
===================================================================


======================= SWBWA Timing Report =======================
  MPI rank: 000002 / 000006
  Accumulated wall-clock time; indented rows are included in
  their parent row and must not be added to it.

  Pipeline
    total - complete three-stage pipeline                    87.218 s
    stage 1 - allocate and read raw FASTQ blocks             16.595 s
    stage 2 - align reads and generate SAM records           82.720 s
    stage 3 - write SAM and release batch data               26.521 s
      SAM output writes                                        25.962 s
      batch cleanup and loop overhead (derived)                 0.558 s

  Stage 1 input details
    batches completed / stage calls                       8 / 9
    input-buffer and batch allocations                        0.000 s  (25 calls, max 0.000 s)
    aggregate requested allocation bytes            314590648
    FASTQ fseeko calls                                        0.863 s  (16 calls, max 0.294 s)
    FASTQ fread calls                                         8.575 s  (16 calls, max 1.366 s)
    align chunk ends to FASTQ record boundaries               0.000 s  (0 calls, max 0.000 s)
    scheduler, checks and bookkeeping (derived)               7.157 s
    raw FASTQ bytes read                            314573688  (300.001 MiB)
    effective fread bandwidth                         34.986 MiB/s
    slowest allocation                                 0.000 s  (19661844 bytes)
    slowest fread                                      1.366 s  (R1 offset=157286452, bytes=19661040)

  Stage 2 worker details
    total - active merge worker                              82.717 s
      part 1 - prepare CPE task and reusable buffers            0.922 s
      part 2 - CPE FASTQ formatting and input release           6.356 s
      part 3 - CPE alignment and SAM length pass               75.197 s
      part 4 - assign slices in the shared SAM buffer           0.058 s
      part 5 - CPE SAM record generation                        0.180 s
      part 6 - release temporary worker data                    0.000 s

  Reserved allocator timers (no active timing sites)
    malloc timer                                              0.000 s
    free timer                                                0.000 s
===================================================================


======================= SWBWA Timing Report =======================
  MPI rank: 000003 / 000006
  Accumulated wall-clock time; indented rows are included in
  their parent row and must not be added to it.

  Pipeline
    total - complete three-stage pipeline                    87.218 s
    stage 1 - allocate and read raw FASTQ blocks             19.394 s
    stage 2 - align reads and generate SAM records           79.033 s
    stage 3 - write SAM and release batch data               27.633 s
      SAM output writes                                        27.158 s
      batch cleanup and loop overhead (derived)                 0.475 s

  Stage 1 input details
    batches completed / stage calls                       8 / 9
    input-buffer and batch allocations                        0.000 s  (25 calls, max 0.000 s)
    aggregate requested allocation bytes            314589144
    FASTQ fseeko calls                                        1.155 s  (16 calls, max 0.327 s)
    FASTQ fread calls                                         9.847 s  (16 calls, max 1.062 s)
    align chunk ends to FASTQ record boundaries               0.000 s  (0 calls, max 0.000 s)
    scheduler, checks and bookkeeping (derived)               8.392 s
    raw FASTQ bytes read                            314572184  (299.999 MiB)
    effective fread bandwidth                         30.465 MiB/s
    slowest allocation                                 0.000 s  (19661688 bytes)
    slowest fread                                      1.062 s  (R1 offset=176947492, bytes=19660664)

  Stage 2 worker details
    total - active merge worker                              79.031 s
      part 1 - prepare CPE task and reusable buffers            0.790 s
      part 2 - CPE FASTQ formatting and input release           2.840 s
      part 3 - CPE alignment and SAM length pass               75.151 s
      part 4 - assign slices in the shared SAM buffer           0.059 s
      part 5 - CPE SAM record generation                        0.188 s
      part 6 - release temporary worker data                    0.000 s

  Reserved allocator timers (no active timing sites)
    malloc timer                                              0.000 s
    free timer                                                0.000 s
===================================================================


======================= SWBWA Timing Report =======================
  MPI rank: 000004 / 000006
  Accumulated wall-clock time; indented rows are included in
  their parent row and must not be added to it.

  Pipeline
    total - complete three-stage pipeline                    87.218 s
    stage 1 - allocate and read raw FASTQ blocks             13.791 s
    stage 2 - align reads and generate SAM records           76.752 s
    stage 3 - write SAM and release batch data               16.232 s
      SAM output writes                                        15.565 s
      batch cleanup and loop overhead (derived)                 0.667 s

  Stage 1 input details
    batches completed / stage calls                       9 / 10
    input-buffer and batch allocations                        0.000 s  (28 calls, max 0.000 s)
    aggregate requested allocation bytes            318265088
    FASTQ fseeko calls                                        1.297 s  (18 calls, max 0.312 s)
    FASTQ fread calls                                         8.796 s  (18 calls, max 1.359 s)
    align chunk ends to FASTQ record boundaries               0.000 s  (0 calls, max 0.000 s)
    scheduler, checks and bookkeeping (derived)               3.698 s
    raw FASTQ bytes read                            318246016  (303.503 MiB)
    effective fread bandwidth                         34.503 MiB/s
    slowest allocation                                 0.000 s  (19661844 bytes)
    slowest fread                                      1.359 s  (R1 offset=196608156, bytes=19660664)

  Stage 2 worker details
    total - active merge worker                              76.751 s
      part 1 - prepare CPE task and reusable buffers            1.009 s
      part 2 - CPE FASTQ formatting and input release           3.181 s
      part 3 - CPE alignment and SAM length pass               72.323 s
      part 4 - assign slices in the shared SAM buffer           0.058 s
      part 5 - CPE SAM record generation                        0.180 s
      part 6 - release temporary worker data                    0.000 s

  Reserved allocator timers (no active timing sites)
    malloc timer                                              0.000 s
    free timer                                                0.000 s
===================================================================


======================= SWBWA Timing Report =======================
  MPI rank: 000005 / 000006
  Accumulated wall-clock time; indented rows are included in
  their parent row and must not be added to it.

  Pipeline
    total - complete three-stage pipeline                    87.218 s
    stage 1 - allocate and read raw FASTQ blocks             18.114 s
    stage 2 - align reads and generate SAM records           77.270 s
    stage 3 - write SAM and release batch data               16.908 s
      SAM output writes                                        16.307 s
      batch cleanup and loop overhead (derived)                 0.601 s

  Stage 1 input details
    batches completed / stage calls                       8 / 9
    input-buffer and batch allocations                        0.000 s  (25 calls, max 0.000 s)
    aggregate requested allocation bytes            314590648
    FASTQ fseeko calls                                        0.927 s  (16 calls, max 0.321 s)
    FASTQ fread calls                                        10.860 s  (16 calls, max 1.299 s)
    align chunk ends to FASTQ record boundaries               0.000 s  (0 calls, max 0.000 s)
    scheduler, checks and bookkeeping (derived)               6.327 s
    raw FASTQ bytes read                            314573688  (300.001 MiB)
    effective fread bandwidth                         27.624 MiB/s
    slowest allocation                                 0.000 s  (19661844 bytes)
    slowest fread                                      1.299 s  (R2 offset=452198544, bytes=19660820)

  Stage 2 worker details
    total - active merge worker                              77.269 s
      part 1 - prepare CPE task and reusable buffers            0.920 s
      part 2 - CPE FASTQ formatting and input release           4.324 s
      part 3 - CPE alignment and SAM length pass               71.801 s
      part 4 - assign slices in the shared SAM buffer           0.060 s
      part 5 - CPE SAM record generation                        0.162 s
      part 6 - release temporary worker data                    0.000 s

  Reserved allocator timers (no active timing sites)
    malloc timer                                              0.000 s
    free timer                                                0.000 s
===================================================================

[main] Version: 0.0.1
[main] CMD: ./SWBWA mem -v 4 -t 1 -o correctness_results/mpi_multiple_dynamic_singleout_20260814/no1/SRR7963242_PE.sam -I 170,80,500,1 ../data/GRCh38.d1.vd1.fa ../data/SRR7963242_1.fastq_1 ../data/SRR7963242_2.fastq_1
