[M::main_mem] mean insert size: 170.000, stddev: 80.000, max: 500, min: 1
[CPE input] bytes_per_cg=19660800 cg_count=6 chunk_bytes=117964800 file_bytes=223555584
malloc bwt->bwt 3107576584, 0x580000486040
malloc bwt->sa 1553788264, 0x5800b9823b60
[M::bwa_idx_load_from_disk] read 0 ALT contigs
malloc pac 776894131, 0x580116285940
the input file is ../data/ERR1203383_1.fastq_1
the input file is ../data/ERR1203383_2.fastq_1
the output file is /dev/null
[M::process] read chunk (19660800 bytes/CG x 6 CGs, 117964800 bytes)...
[DBG stage1] slow fread: R1 offset=0 requested=117964800 read=117964800 elapsed=1.168 s
[DBG stage1] slow fread: R2 offset=0 requested=117964800 read=117964800 elapsed=1.125 s
[M::swbwa_cross_runtime_init] initialized cross-segment runtime in 0.069 sec
start swbwa_cross_run
[M::mem_process_seqs_merge2] CPE FASTQ formatting done
start swbwa_cross_run
slave pre done
now n is 1057218
start swbwa_cross_run
processed 1057218
[M::mem_process_seqs_merge2] Processed 1057218 reads in 0.170 CPU sec, 1.962 real sec
[M::process] read chunk (19660800 bytes/CG x 6 CGs, 105591588 bytes)...
[DBG stage1] slow fread: R1 offset=117963996 requested=105591588 read=105591588 elapsed=1.063 s
start swbwa_cross_run
[M::mem_process_seqs_merge2] CPE FASTQ formatting done
start swbwa_cross_run
slave pre done
now n is 942782
start swbwa_cross_run
processed 942782
[M::mem_process_seqs_merge2] Processed 942782 reads in 0.090 CPU sec, 1.831 real sec

====================== SWBWA Output Debug =====================
  MPI rank: 000000 / 000001
  mode:     non-MPI POSIX
  path:     /dev/null

  Output volume
    output buffer capacity                           67108864
    swbwa_output_write calls                         2000000
    submitted SAM bytes                            523048834
    buffered flushes                                       8
    buffered flush bytes                           523048834
    direct oversized writes                                0
    direct oversized bytes                                 0

  Buffering
    buffered flush total                         0.000060 s  (8 calls,     7.507 us/call)

  POSIX file writes
    write system calls                                      8
    write system-call bytes                         523048834
    POSIX write system calls                     0.000046 s  (8 calls,     5.750 us/call)
    POSIX write effective bandwidth            10843408.008 MiB/s

  Output close timing
    POSIX close                                  0.000016 s  (1 calls,    15.850 us/call)
================================================================


================ SWBWA CPE Profile (LWPF) ================
  sampled CG: 5 (64 CPEs)
  counters: cycle, instructions, global loads/stores,
            D-cache accesses/misses, memory-barrier waits,
            instruction-buffer-empty cycles
  values: average | minimum | maximum across sampled CPEs

LWPF kernel summary for unit SWBWA
+-----------------+-----------------+-----------------+-----------------+-----------------+-----------------+-----------------+-----------------+-----------------+
|                 |                 |                 |                 |                 |                 |                 |                 |       CYC       |
|     KERNEL      |      CYCLE      |      INST       |       GLD       |       GST       |  DCACHE ACCESS  |   DCACHE MISS   |  CYC MEMB WAIT  | INSTBUFFEREMPTY |
|                 |                 |                 |                 |                 |                 |                 |                 |                 |
+-----------------+-----------------+-----------------+-----------------+-----------------+-----------------+-----------------+-----------------+-----------------+
|WORKER ALIGNMENT |7202M|7189M|7278M|2730M|2664M|2837M|2535.|2182.|2794.|   0.|   0.|   0.| 177M| 165M| 196M|2942K|2574K|3187K|  11.|   0.| 715.|2183M|2085M|2245M|
|    MEM CHAIN    |3788M|3359M|4110M|1515M|1324M|1640M|   0.|   0.|   0.|   0.|   0.|   0.|  61M|  54M|  65M|2743K|2370K|2989K|   0.|   0.|   0.| 840M| 752M| 907M|
|  CHAIN FILTER   | 198M| 145M| 277M|  58M|  28M| 102M|   0.|   0.|   0.|   0.|   0.|   0.|  11M|4570K|  20M|3217.|2685.|4046.|   0.|   0.|   0.|  93M|  86M|  96M|
| CHAIN EXTENSION | 965M| 887M|1093M| 384M| 329M| 493M|   0.|   0.|   0.|   0.|   0.|   0.|  56M|  48M|  71M|  60K|  53K|  69K|   0.|   0.|   0.| 461M| 439M| 481M|
| ALIGNMENT...... |  95M|  84M| 111M|  31M|  24M|  41M|   0.|   0.|   0.|   0.|   0.|   0.|4660K|3513K|6202K|  88.|  43.| 254.|   0.|   0.|   0.|  47M|  44M|  49M|
|   MATE RESCUE   |1204M| 861M|1722M| 587M| 428M| 813M|   0.|   0.|   0.|   0.|   0.|   0.|  20M|  12M|  37M|  19K|  12K|  37K|   0.|   0.|   0.| 205M| 152M| 294M|
|     PAIRING     |  96M|  88M| 102M|  16M|  15M|  17M|   0.|   0.|   0.|   0.|   0.|   0.|2261K|2153K|2335K|1437.| 746.|2337.|   0.|   0.|   0.|  69M|  62M|  74M|
|   SAM FORMAT    |1986M|1693M|2427M| 736M| 581M| 948M|   0.|   0.|   0.|   0.|   0.|   0.|  44M|  36M|  59M|  57K|  48K|  75K|   0.|   0.|   0.| 717M| 687M| 752M|
|    SAM COPY     |  60M|  53M|  64M|4766K|4067K|5274K|   0.|   0.|   0.|   0.|   0.|   0.| 903K| 773K| 998K|  28K|  24K|  30K|   0.|   0.|   0.| 861K| 742K| 948K|
| MEM CHAIN...... |2142M|1866M|2345M|1040M| 894M|1137M|   0.|   0.|   0.|   0.|   0.|   0.|  38M|  33M|  42M|1800K|1544K|1976K|   0.|   0.|   0.| 363M| 318M| 398M|
| MEM CHAIN BUILD |1538M|1396M|1647M| 469M| 424M| 497M|   0.|   0.|   0.|   0.|   0.|   0.|  22M|  20M|  23M| 936K| 820K|1015K|   0.|   0.|   0.| 383M| 350M| 408M|
|CHAIN EXTENSION..| 447M| 389M| 565M| 294M| 245M| 400M|   0.|   0.|   0.|   0.|   0.|   0.|  43M|  36M|  58M|  12K|  10K|  15K|   0.|   0.|   0.| 118M| 103M| 131M|
| MATE REF FETCH  |  24M|  20M|  29M|  14M|  12M|  17M|   0.|   0.|   0.|   0.|   0.|   0.|2149K|1805K|2644K|2631.|1864.|3447.|   0.|   0.|   0.|4509K|3291K|6028K|
| MATE KSW ALIGN  | 816M| 669M|1036M| 444M| 369M| 556M|   0.|   0.|   0.|   0.|   0.|   0.|6169K|4998K|7657K| 847.| 664.|1252.|   0.|   0.|   0.|  71M|  56M|  90M|
|KSW QUERY INIT...|  54M|  45M|  66M|  25M|  21M|  31M|   0.|   0.|   0.|   0.|   0.|   0.|1374K|1154K|1690K|   4.|   0.|  17.|   0.|   0.|   0.|  12M|  10M|  15M|
| KSW DP FORWARD  | 613M| 513M| 781M| 349M| 296M| 435M|   0.|   0.|   0.|   0.|   0.|   0.|2501K|2093K|3153K| 427.| 277.| 867.|   0.|   0.|   0.|  45M|  35M|  58M|
|KSW QUERY INIT...|  31M|  23M|  39M|  15M|  11M|  19M|   0.|   0.|   0.|   0.|   0.|   0.| 768K| 561K| 972K|   0.|   0.|   3.|   0.|   0.|   0.|7252K|5357K|9328K|
| KSW DP REVERSE  | 110M|  79M| 147M|  52M|  37M|  69M|   0.|   0.|   0.|   0.|   0.|   0.| 141K| 103K| 180K|   0.|   0.|   0.|   0.|   0.|   0.|5337K|3905K|6844K|
|   MATE DEDUP    | 249M|  54M| 610M| 108M|  23M| 255M|   0.|   0.|   0.|   0.|   0.|   0.|9369K|2118K|  25M|2441.|  26.|  15K|   0.|   0.|   0.|  55M|  17M| 130M|
| DEDUP SORT END  |  87M|  21M| 207M|  43M|9461K| 101M|   0.|   0.|   0.|   0.|   0.|   0.|3649K| 817K|9784K|1445.|  23.|7918.|   0.|   0.|   0.|  16M|6106K|  33M|
|DEDUP REDUNDANCY |  13M|5282K|  23M|5365K|1873K|  10M|   0.|   0.|   0.|   0.|   0.|   0.|1051K| 328K|1977K|   8.|   1.| 120.|   0.|   0.|   0.|4019K|2194K|6510K|
|DEDUP SORT SCORE | 146M|  26M| 374M|  58M|  11M| 142M|   0.|   0.|   0.|   0.|   0.|   0.|4664K| 970K|  13M| 767.|   0.|5324.|   0.|   0.|   0.|  35M|7339K|  89M|
|MEM COLLECT......| 759M| 661M| 827M| 343M| 294M| 375M|   0.|   0.|   0.|   0.|   0.|   0.|  11M|9185K|  12M| 613K| 523K| 669K|   0.|   0.|   0.| 122M| 107M| 132M|
|MEM COLLECT......| 693M| 600M| 761M| 436M| 375M| 478M|   0.|   0.|   0.|   0.|   0.|   0.|  20M|  17M|  22M| 786K| 673K| 861K|   0.|   0.|   0.| 112M|  97M| 123M|
|MEM COLLECT LAST | 532M| 466M| 583M| 254M| 219M| 280M|   0.|   0.|   0.|   0.|   0.|   0.|6564K|5653K|7231K| 320K| 274K| 353K|   0.|   0.|   0.|  58M|  50M|  63M|
|MEM COLLECT SORT | 149M| 131M| 168M|6342K|5445K|7002K|   0.|   0.|   0.|   0.|   0.|   0.|1149K| 985K|1265K|  82K|  73K|  93K|   0.|   0.|   0.|  62M|  54M|  68M|
|CHAIN BUILD......|4874K|4181K|5952K| 468K| 402K| 516K|   0.|   0.|   0.|   0.|   0.|   0.|  70K|  60K|  77K| 291.| 120.|1480.|   0.|   0.|   0.|3848K|3335K|4270K|
| CHAIN BUILD SA  |1014M| 913M|1090M| 391M| 352M| 417M|   0.|   0.|   0.|   0.|   0.|   0.|  11M|  10M|  12M| 786K| 688K| 854K|   0.|   0.|   0.| 118M| 107M| 127M|
| CHAIN BUILD RID |  96M|  86M| 102M|  22M|  20M|  23M|   0.|   0.|   0.|   0.|   0.|   0.|1819K|1633K|1930K|  49K|  43K|  54K|   0.|   0.|   0.|  19M|  17M|  21M|
|CHAIN BUILD TREE.|  15M|  13M|  18M|5036K|4630K|5526K|   0.|   0.|   0.|   0.|   0.|   0.| 326K| 290K| 370K|4517.|3000.|7658.|   0.|   0.|   0.|3709K|3409K|3963K|
|CHAIN BUILD......|8449K|7719K|8898K|2624K|2391K|2795K|   0.|   0.|   0.|   0.|   0.|   0.| 146K| 133K| 155K| 554.| 315.| 939.|   0.|   0.|   0.|2964K|2634K|3199K|
|CHAIN BUILD......| 125M| 118M| 136M|  21M|  19M|  25M|   0.|   0.|   0.|   0.|   0.|   0.|4775K|4178K|5620K|  18K|  16K|  21K|   0.|   0.|   0.|  75M|  71M|  80M|
|CHAIN BUILD......| 162M| 143M| 181M|  18M|  16M|  19M|   0.|   0.|   0.|   0.|   0.|   0.|2794K|2496K|2985K|  69K|  60K|  79K|   0.|   0.|   0.|  75M|  66M|  82M|
=============================================================

======================= SWBWA Timing Report =======================
  Accumulated wall-clock time; indented rows are included in
  their parent row and must not be added to it.

  Pipeline
    total - complete three-stage pipeline                    10.189 s
    stage 1 - allocate and read raw FASTQ blocks              4.286 s
    stage 2 - align reads and generate SAM records            3.793 s
    stage 3 - write SAM and release batch data                2.103 s
      SAM output writes                                         1.380 s
      batch cleanup and loop overhead (derived)                 0.724 s

  Stage 1 input details
    batches completed / stage calls                       2 / 3
    input-buffer and batch allocations                        0.000 s  (7 calls, max 0.000 s)
    aggregate requested allocation bytes            447117064
    FASTQ fseeko calls                                        0.000 s  (4 calls, max 0.000 s)
    FASTQ fread calls                                         4.284 s  (4 calls, max 1.168 s)
    align chunk ends to FASTQ record boundaries               0.000 s  (2 calls, max 0.000 s)
    scheduler, checks and bookkeeping (derived)               0.001 s
    raw FASTQ bytes read                            447112776  (426.400 MiB)
    effective fread bandwidth                         99.527 MiB/s
    slowest allocation                                 0.000 s  (64 bytes)
    slowest fread                                      1.168 s  (R1 offset=0, bytes=117964800)

  Stage 2 worker details
    total - active merge worker                               3.792 s
      part 1 - prepare CPE task and reusable buffers            0.095 s
      part 2 - CPE FASTQ formatting and input release           0.036 s
      part 3 - CPE alignment and SAM length pass                3.470 s
      part 4 - assign slices in the shared SAM buffer           0.152 s
      part 5 - CPE SAM record generation                        0.037 s
      part 6 - release temporary worker data                    0.000 s

  Reserved allocator timers (no active timing sites)
    malloc timer                                              0.000 s
    free timer                                                0.000 s
===================================================================

[main] Version: 0.0.1
[main] CMD: correctness_results/cpe_ablation_repeat_20260826/bin/combined/SWBWA mem -v 4 -t 1 -1 -o /dev/null -I 170,80,500,1 ../data/GRCh38.d1.vd1.fa ../data/ERR1203383_1.fastq_1 ../data/ERR1203383_2.fastq_1
