Warn, You specify 22628 mieee flag, not between(1..3), use system default 3!
[M::main_mem] mean insert size: 170.000, stddev: 80.000, max: 500, min: 1
[CPE input] bytes_per_cg=19660800 cg_count=6 chunk_bytes=117964800 file_bytes=223555584
malloc bwt->bwt 3107576584, 0x580000486040
malloc bwt->sa 1553788264, 0x5800b9823b60
[M::bwa_idx_load_from_disk] read 0 ALT contigs
malloc pac 776894131, 0x580116285940
the input file is ../data/ERR1203383_1.fastq_1
the input file is ../data/ERR1203383_2.fastq_1
the output file is /dev/null
[M::process] read chunk (19660800 bytes/CG x 6 CGs, 117964800 bytes)...
[M::mem_process_seqs_merge2] Processed 1057218 reads in 0.150 CPU sec, 1.964 real sec
[M::process] read chunk (19660800 bytes/CG x 6 CGs, 105591588 bytes)...
[M::mem_process_seqs_merge2] Processed 942782 reads in 0.090 CPU sec, 1.840 real sec

================ SWBWA CPE Profile (LWPF) ================
  sampled CG: 5 (64 CPEs)
  counters: cycle, instructions, global loads/stores,
            D-cache accesses/misses, memory-barrier waits,
            instruction-buffer-empty cycles
  values: average | minimum | maximum across sampled CPEs

LWPF kernel summary for unit SWBWA
+-----------------+-----------------+-----------------+-----------------+-----------------+-----------------+-----------------+-----------------+-----------------+
|                 |                 |                 |                 |                 |                 |                 |                 |       CYC       |
|     KERNEL      |      CYCLE      |      INST       |       GLD       |       GST       |  DCACHE ACCESS  |   DCACHE MISS   |  CYC MEMB WAIT  | INSTBUFFEREMPTY |
|                 |                 |                 |                 |                 |                 |                 |                 |                 |
+-----------------+-----------------+-----------------+-----------------+-----------------+-----------------+-----------------+-----------------+-----------------+
|WORKER ALIGNMENT |7166M|7147M|7419M|3003M|2873M|3114M|2590.|2238.|2809.|   0.|   0.|   0.| 229M| 214M| 250M|3021K|2675K|3239K|  11.|   0.| 722.|1895M|1810M|1975M|
|    MEM CHAIN    |3718M|3243M|3994M|1461M|1278M|1568M|   0.|   0.|   0.|   0.|   0.|   0.|  64M|  57M|  68M|2815K|2465K|3018K|   0.|   0.|   0.| 627M| 542M| 675M|
|  CHAIN FILTER   | 212M| 157M| 321M|  60M|  32M| 106M|   0.|   0.|   0.|   0.|   0.|   0.|  14M|6376K|  25M|8605.|5639.| 111K|   0.|   0.|   0.| 101M|  94M| 107M|
| CHAIN EXTENSION | 956M| 879M|1103M| 382M| 320M| 456M|   0.|   0.|   0.|   0.|   0.|   0.|  56M|  47M|  67M|  62K|  57K|  72K|   0.|   0.|   0.| 450M| 431M| 500M|
| ALIGNMENT...... |  99M|  89M| 122M|  30M|  24M|  44M|   0.|   0.|   0.|   0.|   0.|   0.|4507K|3542K|6563K|  89.|  43.| 171.|   0.|   0.|   0.|  52M|  48M|  55M|
|   MATE RESCUE   |1275M|1004M|1747M| 912M| 706M|1181M|   0.|   0.|   0.|   0.|   0.|   0.|  66M|  52M|  84M|  17K|  13K|  24K|   0.|   0.|   0.| 186M| 145M| 271M|
|     PAIRING     |  69M|  63M|  74M|  17M|  15M|  17M|   0.|   0.|   0.|   0.|   0.|   0.|2283K|2170K|2378K|1431.| 837.|2768.|   0.|   0.|   0.|  42M|  36M|  45M|
|   SAM FORMAT    |2004M|1763M|2408M|1064M| 856M|1323M|   0.|   0.|   0.|   0.|   0.|   0.|  89M|  75M| 106M|  55K|  52K|  62K|   0.|   0.|   0.| 643M| 607M| 682M|
|    SAM COPY     | 138M| 123M| 145M|4873K|4179K|5310K|   0.|   0.|   0.|   0.|   0.|   0.| 923K| 794K|1005K|  28K|  24K|  30K|   0.|   0.|   0.| 115M| 103M| 119M|
| MEM CHAIN...... |2183M|1883M|2364M|1060M| 919M|1147M|   0.|   0.|   0.|   0.|   0.|   0.|  39M|  34M|  42M|1837K|1595K|1993K|   0.|   0.|   0.| 354M| 306M| 382M|
| MEM CHAIN BUILD |1458M|1293M|1561M| 394M| 353M| 426M|   0.|   0.|   0.|   0.|   0.|   0.|  24M|  22M|  26M| 971K| 864K|1051K|   0.|   0.|   0.| 211M| 183M| 225M|
|CHAIN EXTENSION..| 436M| 353M| 514M| 287M| 226M| 345M|   0.|   0.|   0.|   0.|   0.|   0.|  42M|  33M|  50M|  11K|9271.|  15K|   0.|   0.|   0.| 119M| 100M| 136M|
| MATE REF FETCH  |  24M|  19M|  31M|  14M|  10M|  18M|   0.|   0.|   0.|   0.|   0.|   0.|2113K|1593K|2714K|2577.|2078.|3278.|   0.|   0.|   0.|5443K|4140K|7056K|
| MATE KSW ALIGN  | 923M| 704M|1128M| 778M| 590M| 960M|   0.|   0.|   0.|   0.|   0.|   0.|  54M|  41M|  66M|1374.|1193.|1731.|   0.|   0.|   0.|  71M|  56M|  86M|
|KSW QUERY INIT...|  36M|  28M|  46M|  13M|  10M|  17M|   0.|   0.|   0.|   0.|   0.|   0.|1350K|1018K|1733K|   6.|   0.|  15.|   0.|   0.|   0.|  11M|8808K|  14M|
| KSW DP FORWARD  | 750M| 570M| 939M| 668M| 505M| 843M|   0.|   0.|   0.|   0.|   0.|   0.|  44M|  33M|  56M| 974.| 819.|1294.|   0.|   0.|   0.|  49M|  39M|  60M|
|KSW QUERY INIT...|  18M|  14M|  23M|7805K|6147K|9850K|   0.|   0.|   0.|   0.|   0.|   0.| 763K| 596K| 969K|   0.|   0.|   3.|   0.|   0.|   0.|3957K|3093K|5020K|
| KSW DP REVERSE  | 110M|  81M| 151M|  85M|  63M| 117M|   0.|   0.|   0.|   0.|   0.|   0.|5907K|4335K|8161K|   0.|   0.|   3.|   0.|   0.|   0.|5486K|4251K|7063K|
|   MATE DEDUP    | 234M|  69M| 590M| 101M|  29M| 250M|   0.|   0.|   0.|   0.|   0.|   0.|7197K|2689K|  16M| 135.|  23.| 903.|   0.|   0.|   0.|  57M|  22M| 135M|
| DEDUP SORT END  |  80M|  24M| 196M|  41M|  12M| 100M|   0.|   0.|   0.|   0.|   0.|   0.|2804K|1023K|6147K| 117.|  21.| 708.|   0.|   0.|   0.|  14M|6208K|  32M|
|DEDUP REDUNDANCY |  11M|5969K|  20M|4868K|2510K|8156K|   0.|   0.|   0.|   0.|   0.|   0.| 961K| 442K|1772K|   4.|   0.|  10.|   0.|   0.|   0.|2970K|1839K|4724K|
|DEDUP SORT SCORE | 139M|  35M| 370M|  55M|  14M| 141M|   0.|   0.|   0.|   0.|   0.|   0.|3428K|1222K|7590K|   9.|   0.| 188.|   0.|   0.|   0.|  38M|  13M|  96M|
|MEM COLLECT......| 760M| 658M| 828M| 350M| 305M| 379M|   0.|   0.|   0.|   0.|   0.|   0.|  11M|9609K|  12M| 626K| 546K| 679K|   0.|   0.|   0.| 102M|  89M| 111M|
|MEM COLLECT......| 704M| 607M| 762M| 443M| 383M| 480M|   0.|   0.|   0.|   0.|   0.|   0.|  20M|  18M|  22M| 800K| 691K| 870K|   0.|   0.|   0.| 111M|  95M| 119M|
|MEM COLLECT LAST | 557M| 480M| 607M| 259M| 224M| 281M|   0.|   0.|   0.|   0.|   0.|   0.|6705K|5795K|7268K| 326K| 282K| 354K|   0.|   0.|   0.|  67M|  58M|  73M|
|MEM COLLECT SORT | 148M| 126M| 173M|6480K|5586K|7026K|   0.|   0.|   0.|   0.|   0.|   0.|1173K|1011K|1267K|  85K|  73K|  93K|   0.|   0.|   0.|  60M|  52M|  65M|
|CHAIN BUILD......|4812K|3961K|5908K| 473K| 408K| 512K|   0.|   0.|   0.|   0.|   0.|   0.|  72K|  62K|  78K| 291.| 109.| 937.|   0.|   0.|   0.|3696K|3145K|4049K|
| CHAIN BUILD SA  | 984M| 867M|1065M| 303M| 268M| 329M|   0.|   0.|   0.|   0.|   0.|   0.|  12M|  10M|  12M| 797K| 704K| 867K|   0.|   0.|   0.|  38M|  33M|  41M|
| CHAIN BUILD RID | 105M|  92M| 113M|  22M|  20M|  24M|   0.|   0.|   0.|   0.|   0.|   0.|1834K|1635K|1992K|  51K|  45K|  56K|   0.|   0.|   0.|  20M|  17M|  21M|
|CHAIN BUILD TREE.|  15M|  13M|  19M|5017K|4634K|5609K|   0.|   0.|   0.|   0.|   0.|   0.| 323K| 292K| 368K|4693.|3004.|8073.|   0.|   0.|   0.|2000K|1852K|2220K|
|CHAIN BUILD......|9783K|8697K|  11M|2623K|2361K|2861K|   0.|   0.|   0.|   0.|   0.|   0.| 340K| 304K| 371K|3776.|2806.|5399.|   0.|   0.|   0.|1118K| 991K|1220K|
|CHAIN BUILD......| 175M| 163M| 189M|  33M|  30M|  37M|   0.|   0.|   0.|   0.|   0.|   0.|6342K|5623K|7081K|  58K|  54K|  65K|   0.|   0.|   0.|  74M|  64M|  80M|
|CHAIN BUILD......| 121M| 105M| 134M|  18M|  16M|  20M|   0.|   0.|   0.|   0.|   0.|   0.|2853K|2567K|3018K|  47K|  42K|  52K|   0.|   0.|   0.|  49M|  43M|  54M|
=============================================================

======================= SWBWA Timing Report =======================
  Accumulated wall-clock time; indented rows are included in
  their parent row and must not be added to it.

  Pipeline
    total - complete three-stage pipeline                     8.808 s
    stage 1 - allocate and read raw FASTQ blocks              2.904 s
    stage 2 - align reads and generate SAM records            3.805 s
    stage 3 - write SAM and release batch data                2.100 s
      SAM output writes                                         1.380 s
      batch cleanup and loop overhead (derived)                 0.720 s

  Stage 1 input details
    batches completed / stage calls                       2 / 3
    input-buffer and batch allocations                        0.000 s  (7 calls, max 0.000 s)
    aggregate requested allocation bytes            447117064
    FASTQ fseeko calls                                        0.000 s  (4 calls, max 0.000 s)
    FASTQ fread calls                                         2.903 s  (4 calls, max 0.831 s)
    align chunk ends to FASTQ record boundaries               0.000 s  (2 calls, max 0.000 s)
    scheduler, checks and bookkeeping (derived)               0.000 s
    raw FASTQ bytes read                            447112776  (426.400 MiB)
    effective fread bandwidth                        146.865 MiB/s
    slowest allocation                                 0.000 s  (64 bytes)
    slowest fread                                      0.831 s  (R2 offset=117963996, bytes=105591588)

  Stage 2 worker details
    total - active merge worker                               3.805 s
      part 1 - prepare CPE task and reusable buffers            0.095 s
      part 2 - CPE FASTQ formatting and input release           0.029 s
      part 3 - CPE alignment and SAM length pass                3.450 s
      part 4 - assign slices in the shared SAM buffer           0.151 s
      part 5 - CPE SAM record generation                        0.079 s
      part 6 - release temporary worker data                    0.000 s

  Reserved allocator timers (no active timing sites)
    malloc timer                                              0.000 s
    free timer                                                0.000 s
===================================================================

[main] Version: 0.0.1
[main] CMD: correctness_results/cpe_ablation_repeat_20260826/bin/baseline/SWBWA mem -v 3 -t 1 -1 -o /dev/null -I 170,80,500,1 ../data/GRCh38.d1.vd1.fa ../data/ERR1203383_1.fastq_1 ../data/ERR1203383_2.fastq_1
