[M::main_mem] mean insert size: 170.000, stddev: 80.000, max: 500, min: 1
[CPE input] bytes_per_cg=19660800 cg_count=6 chunk_bytes=117964800 file_bytes=945555584
malloc bwt->bwt 3107576584, 0x580000486040
malloc bwt->sa 1553788264, 0x5800b9823b60
[M::bwa_idx_load_from_disk] read 0 ALT contigs
malloc pac 776894131, 0x580116285940
the input file is ../data/SRR7963242_1.fastq_1
the input file is ../data/SRR7963242_2.fastq_1
the output file is correctness_results/cpe_ldm_opt_20260826/compact_dedup/SRR7963242_PE.sam
[M::process] read chunk (19660800 bytes/CG x 6 CGs, 117964800 bytes)...
[M::swbwa_cross_runtime_init] initialized cross-segment runtime in 0.070 sec
start swbwa_cross_run
[M::mem_process_seqs_merge2] CPE FASTQ formatting done
start swbwa_cross_run
slave pre done
now n is 629832
start swbwa_cross_run
processed 629832
[M::mem_process_seqs_merge2] Processed 629832 reads in 0.130 CPU sec, 6.982 real sec
[M::process] read chunk (19660800 bytes/CG x 6 CGs, 117964800 bytes)...
start swbwa_cross_run
[M::mem_process_seqs_merge2] CPE FASTQ formatting done
start swbwa_cross_run
slave pre done
now n is 627468
start swbwa_cross_run
processed 627468
[M::mem_process_seqs_merge2] Processed 627468 reads in 0.050 CPU sec, 5.879 real sec
[M::process] read chunk (19660800 bytes/CG x 6 CGs, 117964800 bytes)...
start swbwa_cross_run
[M::mem_process_seqs_merge2] CPE FASTQ formatting done
start swbwa_cross_run
slave pre done
now n is 627468
start swbwa_cross_run
processed 627468
[M::mem_process_seqs_merge2] Processed 627468 reads in 0.070 CPU sec, 6.052 real sec
[M::process] read chunk (19660800 bytes/CG x 6 CGs, 117964800 bytes)...
start swbwa_cross_run
[M::mem_process_seqs_merge2] CPE FASTQ formatting done
start swbwa_cross_run
slave pre done
now n is 622076
start swbwa_cross_run
processed 622076
[M::mem_process_seqs_merge2] Processed 622076 reads in 0.050 CPU sec, 5.579 real sec
[M::process] read chunk (19660800 bytes/CG x 6 CGs, 117964800 bytes)...
start swbwa_cross_run
[M::mem_process_seqs_merge2] CPE FASTQ formatting done
start swbwa_cross_run
slave pre done
now n is 620862
start swbwa_cross_run
processed 620862
[M::mem_process_seqs_merge2] Processed 620862 reads in 0.050 CPU sec, 5.745 real sec
[M::process] read chunk (19660800 bytes/CG x 6 CGs, 117964800 bytes)...
start swbwa_cross_run
[M::mem_process_seqs_merge2] CPE FASTQ formatting done
start swbwa_cross_run
slave pre done
now n is 620862
start swbwa_cross_run
processed 620862
[M::mem_process_seqs_merge2] Processed 620862 reads in 0.050 CPU sec, 5.534 real sec
[M::process] read chunk (19660800 bytes/CG x 6 CGs, 117964800 bytes)...
start swbwa_cross_run
[M::mem_process_seqs_merge2] CPE FASTQ formatting done
start swbwa_cross_run
slave pre done
now n is 620862
start swbwa_cross_run
processed 620862
[M::mem_process_seqs_merge2] Processed 620862 reads in 0.050 CPU sec, 5.728 real sec
[M::process] read chunk (19660800 bytes/CG x 6 CGs, 117964800 bytes)...
start swbwa_cross_run
[M::mem_process_seqs_merge2] CPE FASTQ formatting done
start swbwa_cross_run
slave pre done
now n is 620862
start swbwa_cross_run
processed 620862
[M::mem_process_seqs_merge2] Processed 620862 reads in 0.060 CPU sec, 5.594 real sec
[M::process] read chunk (19660800 bytes/CG x 6 CGs, 1844520 bytes)...
start swbwa_cross_run
[M::mem_process_seqs_merge2] CPE FASTQ formatting done
start swbwa_cross_run
slave pre done
now n is 9708
start swbwa_cross_run
processed 9708
[M::mem_process_seqs_merge2] Processed 9708 reads in 0.010 CPU sec, 0.327 real sec

====================== SWBWA Output Debug =====================
  MPI rank: 000000 / 000001
  mode:     non-MPI POSIX
  path:     correctness_results/cpe_ldm_opt_20260826/compact_dedup/SRR7963242_PE.sam

  Output volume
    output buffer capacity                           67108864
    swbwa_output_write calls                         5000000
    submitted SAM bytes                           2107655733
    buffered flushes                                      32
    buffered flush bytes                          2107655733
    direct oversized writes                                0
    direct oversized bytes                                 0

  Buffering
    buffered flush total                        30.997244 s  (32 calls, 968663.862 us/call)

  POSIX file writes
    write system calls                                     32
    write system-call bytes                        2107655733
    POSIX write system calls                    30.997149 s  (32 calls, 968660.912 us/call)
    POSIX write effective bandwidth                64.845 MiB/s

  Output close timing
    POSIX close                                  0.000405 s  (1 calls,   405.054 us/call)
================================================================


================ SWBWA CPE Profile (LWPF) ================
  sampled CG: 5 (64 CPEs)
  counters: cycle, instructions, global loads/stores,
            D-cache accesses/misses, memory-barrier waits,
            instruction-buffer-empty cycles
  values: average | minimum | maximum across sampled CPEs

LWPF kernel summary for unit SWBWA
+-----------------+-----------------+-----------------+-----------------+-----------------+-----------------+-----------------+-----------------+-----------------+
|                 |                 |                 |                 |                 |                 |                 |                 |       CYC       |
|     KERNEL      |      CYCLE      |      INST       |       GLD       |       GST       |  DCACHE ACCESS  |   DCACHE MISS   |  CYC MEMB WAIT  | INSTBUFFEREMPTY |
|                 |                 |                 |                 |                 |                 |                 |                 |                 |
+-----------------+-----------------+-----------------+-----------------+-----------------+-----------------+-----------------+-----------------+-----------------+
|WORKER ALIGNMENT |  98G|  97G|  99G|  65G|  64G|  66G|6494.|5840.|7210.|   0.|   0.|   0.|6928M|6746M|7254M|  25M|  23M|  26M|  50.|   0.|3213.|  11G|  11G|  11G|
|    MEM CHAIN    |  25G|  23G|  27G|  12G|  11G|  13G|   0.|   0.|   0.|   0.|   0.|   0.| 592M| 549M| 643M|  21M|  19M|  23M|   0.|   0.|   0.|3736M|3438M|4017M|
|  CHAIN FILTER   |3822M|3305M|4865M|1665M|1499M|1841M|   0.|   0.|   0.|   0.|   0.|   0.| 414M| 372M| 460M| 673K| 200K|1964K|   0.|   0.|   0.| 414M| 395M| 440M|
| CHAIN EXTENSION |  22G|  20G|  24G|  18G|  17G|  20G|   0.|   0.|   0.|   0.|   0.|   0.|2680M|2444M|2922M| 734K| 664K| 888K|   0.|   0.|   0.|2789M|2694M|2948M|
| ALIGNMENT...... |1343M|1264M|1455M| 705M| 650M| 823M|   0.|   0.|   0.|   0.|   0.|   0.| 110M| 100M| 136M|1815.|1041.|4181.|   0.|   0.|   0.| 267M| 257M| 284M|
|   MATE RESCUE   |  42G|  39G|  45G|  31G|  30G|  33G|   0.|   0.|   0.|   0.|   0.|   0.|2896M|2670M|3075M|1986K|1571K|2681K|   0.|   0.|   0.|2788M|2503M|3075M|
|     PAIRING     | 252M| 243M| 278M|  88M|  84M|  99M|   0.|   0.|   0.|   0.|   0.|   0.|  16M|  15M|  17M|  31K|  27K|  43K|   0.|   0.|   0.|  85M|  78M|  92M|
|   SAM FORMAT    |  45G|  42G|  48G|  33G|  31G|  34G|   0.|   0.|   0.|   0.|   0.|   0.|3124M|2914M|3298M|2204K|1795K|2906K|   0.|   0.|   0.|3819M|3593M|4088M|
|    SAM COPY     | 176M| 162M| 187M|  12M|  11M|  13M|   0.|   0.|   0.|   0.|   0.|   0.|2311K|2085K|2570K|  82K|  73K|  90K|   0.|   0.|   0.|2282K|2053K|2522K|
| MEM CHAIN...... |  11G|  10G|  12G|6768M|6204M|7569M|   0.|   0.|   0.|   0.|   0.|   0.| 264M| 241M| 296M|9873K|8927K|  11M|   0.|   0.|   0.|1500M|1370M|1671M|
| MEM CHAIN BUILD |  14G|  13G|  15G|4820M|4455M|5175M|   0.|   0.|   0.|   0.|   0.|   0.| 327M| 304M| 346M|  11M|  10M|  12M|   0.|   0.|   0.|2093M|1939M|2222M|
|CHAIN EXTENSION..|  17G|  16G|  19G|  17G|  15G|  18G|   0.|   0.|   0.|   0.|   0.|   0.|2439M|2205M|2674M| 130K| 107K| 177K|   0.|   0.|   0.| 975M| 908M|1022M|
| MATE REF FETCH  | 319M| 298M| 341M| 216M| 201M| 232M|   0.|   0.|   0.|   0.|   0.|   0.|  33M|  31M|  36M|  55K|  46K|  62K|   0.|   0.|   0.|  19M|  17M|  20M|
| MATE KSW ALIGN  |  32G|  29G|  34G|  27G|  25G|  29G|   0.|   0.|   0.|   0.|   0.|   0.|1940M|1800M|2060M|  66K|  51K|  89K|   0.|   0.|   0.|1136M|1065M|1200M|
|KSW QUERY INIT...| 606M| 563M| 652M| 319M| 296M| 341M|   0.|   0.|   0.|   0.|   0.|   0.|  37M|  34M|  40M| 141.| 109.| 201.|   0.|   0.|   0.| 109M| 102M| 119M|
| KSW DP FORWARD  |  24G|  22G|  25G|  21G|  20G|  23G|   0.|   0.|   0.|   0.|   0.|   0.|1452M|1346M|1542M|  60K|  45K|  82K|   0.|   0.|   0.| 818M| 767M| 867M|
|KSW QUERY INIT...| 390M| 362M| 419M| 207M| 191M| 222M|   0.|   0.|   0.|   0.|   0.|   0.|  24M|  22M|  26M|  13.|   0.|  95.|   0.|   0.|   0.|  68M|  63M|  73M|
| KSW DP REVERSE  |6813M|6311M|7345M|5399M|5006M|5823M|   0.|   0.|   0.|   0.|   0.|   0.| 385M| 357M| 416M|  13.|   0.|  66.|   0.|   0.|   0.| 132M| 122M| 141M|
|   MATE DEDUP    |8916M|7563M|  10G|3542M|2980M|4071M|   0.|   0.|   0.|   0.|   0.|   0.| 867M| 722M| 977M|1598K|1206K|2261K|   0.|   0.|   0.|1396M|1189M|1668M|
| DEDUP SORT END  |3135M|2643M|3648M|1334M|1116M|1528M|   0.|   0.|   0.|   0.|   0.|   0.| 343M| 284M| 384M| 793K| 612K|1082K|   0.|   0.|   0.| 348M| 297M| 405M|
|DEDUP REDUNDANCY | 861M| 698M|1020M| 436M| 350M| 519M|   0.|   0.|   0.|   0.|   0.|   0.|  75M|  61M|  89M|  16K|3241.|  49K|   0.|   0.|   0.| 161M| 132M| 188M|
|DEDUP SORT SCORE |4810M|4065M|5764M|1742M|1456M|2030M|   0.|   0.|   0.|   0.|   0.|   0.| 446M| 369M| 508M| 739K| 521K|1063K|   0.|   0.|   0.| 858M| 704M|1056M|
=============================================================

======================= SWBWA Timing Report =======================
  Accumulated wall-clock time; indented rows are included in
  their parent row and must not be added to it.

  Pipeline
    total - complete three-stage pipeline                    98.060 s
    stage 1 - allocate and read raw FASTQ blocks             14.090 s
    stage 2 - align reads and generate SAM records           47.424 s
    stage 3 - write SAM and release batch data               36.157 s
      SAM output writes                                        34.361 s
      batch cleanup and loop overhead (derived)                 1.796 s

  Stage 1 input details
    batches completed / stage calls                       9 / 10
    input-buffer and batch allocations                        0.000 s  (28 calls, max 0.000 s)
    aggregate requested allocation bytes           1891144912
    FASTQ fseeko calls                                        0.000 s  (18 calls, max 0.000 s)
    FASTQ fread calls                                        14.086 s  (18 calls, max 0.998 s)
    align chunk ends to FASTQ record boundaries               0.000 s  (16 calls, max 0.000 s)
    scheduler, checks and bookkeeping (derived)               0.004 s
    raw FASTQ bytes read                           1891125840  (1803.518 MiB)
    effective fread bandwidth                        128.039 MiB/s
    slowest allocation                                 0.000 s  (64 bytes)
    slowest fread                                      0.998 s  (R1 offset=0, bytes=117964800)

  Stage 2 worker details
    total - active merge worker                              47.419 s
      part 1 - prepare CPE task and reusable buffers            0.188 s
      part 2 - CPE FASTQ formatting and input release           0.130 s
      part 3 - CPE alignment and SAM length pass               46.541 s
      part 4 - assign slices in the shared SAM buffer           0.386 s
      part 5 - CPE SAM record generation                        0.170 s
      part 6 - release temporary worker data                    0.000 s

  Reserved allocator timers (no active timing sites)
    malloc timer                                              0.000 s
    free timer                                                0.000 s
===================================================================

[main] Version: 0.0.1
[main] CMD: ./SWBWA mem -v 4 -t 1 -1 -o correctness_results/cpe_ldm_opt_20260826/compact_dedup/SRR7963242_PE.sam -I 170,80,500,1 ../data/GRCh38.d1.vd1.fa ../data/SRR7963242_1.fastq_1 ../data/SRR7963242_2.fastq_1
