[M::main_mem] mean insert size: 170.000, stddev: 80.000, max: 500, min: 1
[MPI input] mode=dynamic chunks=49 bytes_per_cg=19660800 cg_count=1 chunk_bytes=19660800 file_bytes=945555584 scheduler=distributed read_index=exact
malloc bwt->bwt 3107576584, 0x500008804020
malloc bwt->bwt 3107576584, 0x500008804020
malloc bwt->bwt 3107576584, 0x500008804020
malloc bwt->bwt 3107576584, 0x500008804020
malloc bwt->bwt 3107576584, 0x500008804020
malloc bwt->bwt 3107576584, 0x500008804020
malloc bwt->sa 1553788264, 0x5000c1ba1b40
malloc bwt->sa 1553788264, 0x5000c1ba1b40
malloc bwt->sa 1553788264, 0x5000c1ba1b40
malloc bwt->sa 1553788264, 0x5000c1ba1b40
malloc bwt->sa 1553788264, 0x5000c1ba1b40
malloc bwt->sa 1553788264, 0x5000c1ba1b40
[M::bwa_idx_load_from_disk] read 0 ALT contigs
[M::bwa_idx_load_from_disk] read 0 ALT contigs
[M::bwa_idx_load_from_disk] read 0 ALT contigs
[M::bwa_idx_load_from_disk] read 0 ALT contigs
[M::bwa_idx_load_from_disk] read 0 ALT contigs
[M::bwa_idx_load_from_disk] read 0 ALT contigs
malloc pac 776894131, 0x50011e5708c0
malloc pac 776894131, 0x50011e5708c0
malloc pac 776894131, 0x50011e5708c0
malloc pac 776894131, 0x50011e5708c0
malloc pac 776894131, 0x50011e5708c0
malloc pac 776894131, 0x50011e5708c0
the input file is ../../../data/SRR7963242_1.fastq_1
the input file is ../../../data/SRR7963242_2.fastq_1
[MPI rank 000000/000006] output: correctness_results/study_final/has1/SRR7963242_PE.sam
[MPI rank 000001/000006] output: correctness_results/study_final/has1/SRR7963242_PE.sam
[MPI rank 000002/000006] output: correctness_results/study_final/has1/SRR7963242_PE.sam
[MPI rank 000003/000006] output: correctness_results/study_final/has1/SRR7963242_PE.sam
[MPI rank 000004/000006] output: correctness_results/study_final/has1/SRR7963242_PE.sam
[MPI rank 000005/000006] output: correctness_results/study_final/has1/SRR7963242_PE.sam
[M::process] read chunk (19660800 bytes/CG x 1 CGs, 19660664 bytes)...
[M::process] read chunk (19660800 bytes/CG x 1 CGs, 19661040 bytes)...
[M::process] read chunk (19660800 bytes/CG x 1 CGs, 19661160 bytes)...
[M::process] read chunk (19660800 bytes/CG x 1 CGs, 19660556 bytes)...
[M::process] read chunk (19660800 bytes/CG x 1 CGs, 19660664 bytes)...
[M::process] read chunk (19660800 bytes/CG x 1 CGs, 19661040 bytes)...
[M::mem_process_seqs_merge2] CPE FASTQ formatting done
[M::mem_process_seqs_merge2] CPE FASTQ formatting done
[M::mem_process_seqs_merge2] CPE FASTQ formatting done
[M::mem_process_seqs_merge2] CPE FASTQ formatting done
[M::mem_process_seqs_merge2] CPE FASTQ formatting done
[M::mem_process_seqs_merge2] CPE FASTQ formatting done
slave pre done
now n is 104578
slave pre done
now n is 104578
processed 104578
[M::mem_process_seqs_merge2] Processed 104578 reads in 3.800 CPU sec, 8.715 real sec
processed 104578
[M::mem_process_seqs_merge2] Processed 104578 reads in 4.390 CPU sec, 8.921 real sec
slave pre done
now n is 104580
processed 104580
[M::mem_process_seqs_merge2] Processed 104580 reads in 4.070 CPU sec, 8.721 real sec
[M::process] read chunk (19660800 bytes/CG x 1 CGs, 19660664 bytes)...
[M::process] read chunk (19660800 bytes/CG x 1 CGs, 19660664 bytes)...
slave pre done
now n is 105578
processed 105578
[M::mem_process_seqs_merge2] Processed 105578 reads in 4.090 CPU sec, 9.065 real sec
[M::process] read chunk (19660800 bytes/CG x 1 CGs, 19661040 bytes)...
slave pre done
now n is 104580
processed 104580
[M::mem_process_seqs_merge2] Processed 104580 reads in 4.290 CPU sec, 9.379 real sec
[M::process] read chunk (19660800 bytes/CG x 1 CGs, 19660664 bytes)...
[M::process] read chunk (19660800 bytes/CG x 1 CGs, 19661040 bytes)...
[M::mem_process_seqs_merge2] CPE FASTQ formatting done
[M::mem_process_seqs_merge2] CPE FASTQ formatting done
[M::mem_process_seqs_merge2] CPE FASTQ formatting done
slave pre done
now n is 105944
processed 105944
[M::mem_process_seqs_merge2] Processed 105944 reads in 4.250 CPU sec, 10.679 real sec
[M::mem_process_seqs_merge2] CPE FASTQ formatting done
[M::mem_process_seqs_merge2] CPE FASTQ formatting done
[M::process] read chunk (19660800 bytes/CG x 1 CGs, 19660664 bytes)...
[M::mem_process_seqs_merge2] CPE FASTQ formatting done
slave pre done
now n is 104578
processed 104578
[M::mem_process_seqs_merge2] Processed 104578 reads in 3.700 CPU sec, 7.457 real sec
slave pre done
now n is 104580
processed 104580
[M::mem_process_seqs_merge2] Processed 104580 reads in 3.230 CPU sec, 7.093 real sec
slave pre done
now n is 104580
slave pre done
now n is 104578
processed 104580
[M::mem_process_seqs_merge2] Processed 104580 reads in 3.550 CPU sec, 7.359 real sec
processed 104578
[M::mem_process_seqs_merge2] Processed 104578 reads in 3.600 CPU sec, 7.240 real sec
slave pre done
now n is 104578
processed 104578
[M::mem_process_seqs_merge2] Processed 104578 reads in 3.390 CPU sec, 6.784 real sec
slave pre done
now n is 104578
processed 104578
[M::mem_process_seqs_merge2] Processed 104578 reads in 3.320 CPU sec, 7.716 real sec
[M::process] read chunk (19660800 bytes/CG x 1 CGs, 19660664 bytes)...
[M::mem_process_seqs_merge2] CPE FASTQ formatting done
[M::process] read chunk (19660800 bytes/CG x 1 CGs, 19660664 bytes)...
[M::mem_process_seqs_merge2] CPE FASTQ formatting done
[M::process] read chunk (19660800 bytes/CG x 1 CGs, 19660664 bytes)...
[M::mem_process_seqs_merge2] CPE FASTQ formatting done
[M::process] read chunk (19660800 bytes/CG x 1 CGs, 19661040 bytes)...
[M::mem_process_seqs_merge2] CPE FASTQ formatting done
[M::process] read chunk (19660800 bytes/CG x 1 CGs, 19660664 bytes)...
[M::mem_process_seqs_merge2] CPE FASTQ formatting done
slave pre done
now n is 104578
processed 104578
[M::mem_process_seqs_merge2] Processed 104578 reads in 3.860 CPU sec, 6.805 real sec
[M::process] read chunk (19660800 bytes/CG x 1 CGs, 19661040 bytes)...
[M::process] read chunk (19660800 bytes/CG x 1 CGs, 19660820 bytes)...
[M::mem_process_seqs_merge2] CPE FASTQ formatting done
[M::mem_process_seqs_merge2] CPE FASTQ formatting done
slave pre done
now n is 104578
processed 104578
[M::mem_process_seqs_merge2] Processed 104578 reads in 3.570 CPU sec, 7.313 real sec
[M::process] read chunk (19660800 bytes/CG x 1 CGs, 19660820 bytes)...
[M::mem_process_seqs_merge2] CPE FASTQ formatting done
slave pre done
now n is 104578
processed 104578
[M::mem_process_seqs_merge2] Processed 104578 reads in 3.470 CPU sec, 7.538 real sec
[M::process] read chunk (19660800 bytes/CG x 1 CGs, 19660820 bytes)...
[M::mem_process_seqs_merge2] CPE FASTQ formatting done
slave pre done
now n is 104580
processed 104580
[M::mem_process_seqs_merge2] Processed 104580 reads in 3.610 CPU sec, 7.640 real sec
[M::process] read chunk (19660800 bytes/CG x 1 CGs, 19660824 bytes)...
[M::mem_process_seqs_merge2] CPE FASTQ formatting done
slave pre done
now n is 104578
processed 104578
[M::mem_process_seqs_merge2] Processed 104578 reads in 2.980 CPU sec, 7.381 real sec
[M::process] read chunk (19660800 bytes/CG x 1 CGs, 19660664 bytes)...
[M::mem_process_seqs_merge2] CPE FASTQ formatting done
slave pre done
now n is 104580
processed 104580
[M::mem_process_seqs_merge2] Processed 104580 reads in 3.380 CPU sec, 7.137 real sec
slave pre done
now n is 103478
processed 103478
[M::mem_process_seqs_merge2] Processed 103478 reads in 3.470 CPU sec, 6.891 real sec
[M::process] read chunk (19660800 bytes/CG x 1 CGs, 19660820 bytes)...
[M::mem_process_seqs_merge2] CPE FASTQ formatting done
slave pre done
now n is 103478
processed 103478
[M::mem_process_seqs_merge2] Processed 103478 reads in 3.430 CPU sec, 7.255 real sec
[M::process] read chunk (19660800 bytes/CG x 1 CGs, 19660820 bytes)...
[M::mem_process_seqs_merge2] CPE FASTQ formatting done
slave pre done
now n is 103478
processed 103478
[M::mem_process_seqs_merge2] Processed 103478 reads in 3.630 CPU sec, 7.481 real sec
[M::process] read chunk (19660800 bytes/CG x 1 CGs, 19660820 bytes)...
slave pre done
now n is 103590
[M::mem_process_seqs_merge2] CPE FASTQ formatting done
processed 103590
[M::mem_process_seqs_merge2] Processed 103590 reads in 3.680 CPU sec, 7.082 real sec
[M::process] read chunk (19660800 bytes/CG x 1 CGs, 19660820 bytes)...
slave pre done
now n is 104578
processed 104578
[M::mem_process_seqs_merge2] Processed 104578 reads in 3.180 CPU sec, 7.032 real sec
[M::mem_process_seqs_merge2] CPE FASTQ formatting done
[M::process] read chunk (19660800 bytes/CG x 1 CGs, 19660820 bytes)...
slave pre done
now n is 103478
processed 103478
[M::mem_process_seqs_merge2] Processed 103478 reads in 3.560 CPU sec, 7.103 real sec
[M::mem_process_seqs_merge2] CPE FASTQ formatting done
[M::process] read chunk (19660800 bytes/CG x 1 CGs, 19660820 bytes)...
[M::mem_process_seqs_merge2] CPE FASTQ formatting done
slave pre done
now n is 103478
processed 103478
[M::mem_process_seqs_merge2] Processed 103478 reads in 3.710 CPU sec, 7.173 real sec
[M::process] read chunk (19660800 bytes/CG x 1 CGs, 19660820 bytes)...
[M::mem_process_seqs_merge2] CPE FASTQ formatting done
[M::process] read chunk (19660800 bytes/CG x 1 CGs, 19660820 bytes)...
slave pre done
now n is 103478
processed 103478
[M::mem_process_seqs_merge2] Processed 103478 reads in 3.570 CPU sec, 7.438 real sec
[M::mem_process_seqs_merge2] CPE FASTQ formatting done
slave pre done
now n is 103478
processed 103478
[M::mem_process_seqs_merge2] Processed 103478 reads in 3.630 CPU sec, 7.302 real sec
[M::process] read chunk (19660800 bytes/CG x 1 CGs, 19660820 bytes)...
[M::mem_process_seqs_merge2] CPE FASTQ formatting done
slave pre done
now n is 103478
processed 103478
[M::mem_process_seqs_merge2] Processed 103478 reads in 3.490 CPU sec, 7.338 real sec
[M::process] read chunk (19660800 bytes/CG x 1 CGs, 19660820 bytes)...
[M::mem_process_seqs_merge2] CPE FASTQ formatting done
slave pre done
now n is 103478
processed 103478
[M::mem_process_seqs_merge2] Processed 103478 reads in 3.280 CPU sec, 7.227 real sec
[M::process] read chunk (19660800 bytes/CG x 1 CGs, 19660820 bytes)...
slave pre done
now n is 103478
processed 103478
[M::mem_process_seqs_merge2] Processed 103478 reads in 3.430 CPU sec, 6.998 real sec
[M::mem_process_seqs_merge2] CPE FASTQ formatting done
[M::process] read chunk (19660800 bytes/CG x 1 CGs, 19660820 bytes)...
[M::mem_process_seqs_merge2] CPE FASTQ formatting done
slave pre done
now n is 103478
processed 103478
[M::mem_process_seqs_merge2] Processed 103478 reads in 3.960 CPU sec, 7.593 real sec
[M::process] read chunk (19660800 bytes/CG x 1 CGs, 19660820 bytes)...
[M::process] read chunk (19660800 bytes/CG x 1 CGs, 19660440 bytes)...
[M::mem_process_seqs_merge2] CPE FASTQ formatting done
slave pre done
now n is 103478
processed 103478
[M::mem_process_seqs_merge2] Processed 103478 reads in 3.360 CPU sec, 6.907 real sec
[M::process] read chunk (19660800 bytes/CG x 1 CGs, 19660820 bytes)...
[M::mem_process_seqs_merge2] CPE FASTQ formatting done
[M::mem_process_seqs_merge2] CPE FASTQ formatting done
slave pre done
now n is 103478
processed 103478
[M::mem_process_seqs_merge2] Processed 103478 reads in 3.560 CPU sec, 6.987 real sec
[M::process] read chunk (19660800 bytes/CG x 1 CGs, 19660820 bytes)...
[M::mem_process_seqs_merge2] CPE FASTQ formatting done
slave pre done
now n is 103478
processed 103478
[M::mem_process_seqs_merge2] Processed 103478 reads in 3.720 CPU sec, 7.601 real sec
[M::process] read chunk (19660800 bytes/CG x 1 CGs, 19660820 bytes)...
[M::mem_process_seqs_merge2] CPE FASTQ formatting done
slave pre done
now n is 103478
processed 103478
[M::mem_process_seqs_merge2] Processed 103478 reads in 3.180 CPU sec, 7.035 real sec
[M::process] read chunk (19660800 bytes/CG x 1 CGs, 19660820 bytes)...
[M::mem_process_seqs_merge2] CPE FASTQ formatting done
slave pre done
now n is 103478
processed 103478
[M::mem_process_seqs_merge2] Processed 103478 reads in 3.710 CPU sec, 7.616 real sec
slave pre done
now n is 103476
processed 103476
[M::mem_process_seqs_merge2] Processed 103476 reads in 3.660 CPU sec, 7.552 real sec
[M::process] read chunk (19660800 bytes/CG x 1 CGs, 19660820 bytes)...
slave pre done
now n is 103478
processed 103478
[M::mem_process_seqs_merge2] Processed 103478 reads in 3.410 CPU sec, 7.614 real sec
[M::mem_process_seqs_merge2] CPE FASTQ formatting done
[M::process] read chunk (19660800 bytes/CG x 1 CGs, 19660820 bytes)...
slave pre done
now n is 103478
processed 103478
[M::mem_process_seqs_merge2] Processed 103478 reads in 3.540 CPU sec, 7.336 real sec
[M::mem_process_seqs_merge2] CPE FASTQ formatting done
[M::process] read chunk (19660800 bytes/CG x 1 CGs, 19660820 bytes)...
[M::mem_process_seqs_merge2] CPE FASTQ formatting done
slave pre done
now n is 103478
processed 103478
[M::mem_process_seqs_merge2] Processed 103478 reads in 3.340 CPU sec, 7.154 real sec
[M::process] read chunk (19660800 bytes/CG x 1 CGs, 19660820 bytes)...
slave pre done
now n is 103478
processed 103478
[M::mem_process_seqs_merge2] Processed 103478 reads in 3.520 CPU sec, 7.242 real sec
[M::mem_process_seqs_merge2] CPE FASTQ formatting done
[M::process] read chunk (19660800 bytes/CG x 1 CGs, 19660820 bytes)...
[M::mem_process_seqs_merge2] CPE FASTQ formatting done
slave pre done
now n is 103478
processed 103478
[M::mem_process_seqs_merge2] Processed 103478 reads in 3.560 CPU sec, 7.008 real sec
[M::process] read chunk (19660800 bytes/CG x 1 CGs, 19660820 bytes)...
[M::mem_process_seqs_merge2] CPE FASTQ formatting done
slave pre done
now n is 103478
[M::process] read chunk (19660800 bytes/CG x 1 CGs, 19660820 bytes)...
processed 103478
[M::mem_process_seqs_merge2] Processed 103478 reads in 3.760 CPU sec, 6.999 real sec
[M::mem_process_seqs_merge2] CPE FASTQ formatting done
slave pre done
now n is 103478
processed 103478
[M::mem_process_seqs_merge2] Processed 103478 reads in 3.480 CPU sec, 6.866 real sec
[M::process] read chunk (19660800 bytes/CG x 1 CGs, 1836920 bytes)...
[M::mem_process_seqs_merge2] CPE FASTQ formatting done
slave pre done
now n is 9668
processed 9668
[M::mem_process_seqs_merge2] Processed 9668 reads in 0.330 CPU sec, 0.932 real sec
[MPI rank 000003/000006] input work: chunks=9 records=420396 bytes=159123012
slave pre done
now n is 103478
processed 103478
[M::mem_process_seqs_merge2] Processed 103478 reads in 3.650 CPU sec, 7.327 real sec
[MPI rank 000002/000006] input work: chunks=8 records=415564 bytes=157286844
slave pre done
now n is 103478
processed 103478
[M::mem_process_seqs_merge2] Processed 103478 reads in 3.760 CPU sec, 7.290 real sec
slave pre done
now n is 103478
processed 103478
[M::mem_process_seqs_merge2] Processed 103478 reads in 3.020 CPU sec, 7.039 real sec
[MPI rank 000005/000006] input work: chunks=8 records=415564 bytes=157286844
slave pre done
now n is 103478
processed 103478
[M::mem_process_seqs_merge2] Processed 103478 reads in 3.480 CPU sec, 7.153 real sec
[MPI rank 000001/000006] input work: chunks=8 records=416119 bytes=157286364
[MPI rank 000000/000006] input work: chunks=8 records=416795 bytes=157286432

================ MPI Dynamic Scheduler Debug =================
  MPI rank: 000000 / 000006

  Work summary
    claimed chunks                                          8
    claimed from this rank's queue                          8
    claimed from another rank's queue                       0
    completed FASTQ records                            416795
    claimed input bytes                             157286432

  Scheduler counters
    scheduler_next calls                                    9
    RMA ticket attempts                                    14
    attempts against another rank's queue                   5
    tickets beyond the final chunk                          6
    empty aligned chunks                                    0

  Scheduler timing
    MPI_Win_create (setup)                       0.000194 s  (1 calls,   193.501 us/call)
    MPI_Barrier after setup                      0.000007 s  (1 calls,     7.450 us/call)
    scheduler_next total                         2.675493 s  (9 calls, 297277.002 us/call)
      RMA ticket path total                        2.331336 s  (14 calls, 166523.995 us/call)
        wait for process-local MPI mutex             0.000013 s  (14 calls,     0.954 us/call)
        MPI_Win_lock                                 0.000056 s  (14 calls,     4.032 us/call)
        MPI_Fetch_and_op                             0.000094 s  (14 calls,     6.718 us/call)
        MPI_Win_unlock                               2.331152 s  (14 calls, 166510.881 us/call)
        RMA call/unlock overhead (derived)           0.000020 s  (14 calls,     1.411 us/call)
      align nominal offsets to FASTQ records       0.344119 s  (8 calls, 43014.898 us/call)
      scheduler loop/bookkeeping (derived)         0.000038 s  (9 calls,     4.211 us/call)

  Scheduler teardown timing
    MPI_Barrier (wait for other ranks)           0.219109 s  (1 calls, 219108.747 us/call)
    MPI_Win_free                                 0.000894 s  (1 calls,   893.604 us/call)

  Stage 2 by chunk
    completed chunks                                        8
    accumulated stage 2                             60.420043 s
    average stage 2 per chunk                        7.552505 s
    slowest chunk                                           0
    slowest chunk stage 2                           10.678910 s

    order   chunk  queue        byte range                       bytes      records   stage2(s)
        0       0      0  [           0,     19661160)     19661160        52972   10.678910
        1       6      0  [   117965124,    137625788)     19660664        52289    6.783681
        2      12      0  [   235929860,    255590524)     19660664        52289    7.381005
        3      18      0  [   353894596,    373555260)     19660664        52289    7.032444
        4      24      0  [   471859364,    491520184)     19660820        51739    7.227358
        5      30      0  [   589824284,    609485104)     19660820        51739    7.034865
        6      36      0  [   707788824,    727449644)     19660820        51739    7.242514
        7      42      0  [   825753744,    845414564)     19660820        51739    7.039266
==============================================================

[MPI rank 000004/000006] input work: chunks=8 records=415562 bytes=157286088

================ MPI Dynamic Scheduler Debug =================
  MPI rank: 000004 / 000006

  Work summary
    claimed chunks                                          8
    claimed from this rank's queue                          8
    claimed from another rank's queue                       0
    completed FASTQ records                            415562
    claimed input bytes                             157286088

  Scheduler counters
    scheduler_next calls                                    9
    RMA ticket attempts                                    14
    attempts against another rank's queue                   5
    tickets beyond the final chunk                          6
    empty aligned chunks                                    0

  Scheduler timing
    MPI_Win_create (setup)                       0.000194 s  (1 calls,   193.601 us/call)
    MPI_Barrier after setup                      0.000007 s  (1 calls,     6.700 us/call)
    scheduler_next total                         0.513833 s  (9 calls, 57092.502 us/call)
      RMA ticket path total                        0.000530 s  (14 calls,    37.847 us/call)
        wait for process-local MPI mutex             0.000012 s  (14 calls,     0.864 us/call)
        MPI_Win_lock                                 0.000053 s  (14 calls,     3.800 us/call)
        MPI_Fetch_and_op                             0.000116 s  (14 calls,     8.300 us/call)
        MPI_Win_unlock                               0.000329 s  (14 calls,    23.529 us/call)
        RMA call/unlock overhead (derived)           0.000019 s  (14 calls,     1.353 us/call)
      align nominal offsets to FASTQ records       0.513265 s  (8 calls, 64158.177 us/call)
      scheduler loop/bookkeeping (derived)         0.000037 s  (9 calls,     4.139 us/call)

  Scheduler teardown timing
    MPI_Barrier (wait for other ranks)           0.000031 s  (1 calls,    31.250 us/call)
    MPI_Win_free                                 0.000886 s  (1 calls,   885.654 us/call)

  Stage 2 by chunk
    completed chunks                                        8
    accumulated stage 2                             59.384785 s
    average stage 2 per chunk                        7.423098 s
    slowest chunk                                           4
    slowest chunk stage 2                            8.715323 s

    order   chunk  queue        byte range                       bytes      records   stage2(s)
        0       4      4  [    78643420,     98304084)     19660664        52289    8.715323
        1      10      4  [   196608156,    216268820)     19660664        52289    7.716835
        2      16      4  [   314572892,    334233932)     19661040        52290    7.137463
        3      22      4  [   432537724,    452198544)     19660820        51739    7.103313
        4      28      4  [   550502644,    570163464)     19660820        51739    6.998461
        5      34      4  [   668467564,    688128004)     19660440        51738    7.552569
        6      40      4  [   786432104,    806092924)     19660820        51739    7.008056
        7      46      4  [   904397024,    924057844)     19660820        51739    7.152765
==============================================================


================ MPI Dynamic Scheduler Debug =================
  MPI rank: 000005 / 000006

  Work summary
    claimed chunks                                          8
    claimed from this rank's queue                          8
    claimed from another rank's queue                       0
    completed FASTQ records                            415564
    claimed input bytes                             157286844

  Scheduler counters
    scheduler_next calls                                    9
    RMA ticket attempts                                    14
    attempts against another rank's queue                   5
    tickets beyond the final chunk                          6
    empty aligned chunks                                    0

  Scheduler timing
    MPI_Win_create (setup)                       0.000189 s  (1 calls,   188.751 us/call)
    MPI_Barrier after setup                      0.000012 s  (1 calls,    11.700 us/call)
    scheduler_next total                         1.204296 s  (9 calls, 133810.679 us/call)
      RMA ticket path total                        0.017647 s  (14 calls,  1260.506 us/call)
        wait for process-local MPI mutex             0.000013 s  (14 calls,     0.907 us/call)
        MPI_Win_lock                                 0.000054 s  (14 calls,     3.832 us/call)
        MPI_Fetch_and_op                             0.000126 s  (14 calls,     8.986 us/call)
        MPI_Win_unlock                               0.017435 s  (14 calls,  1245.345 us/call)
        RMA call/unlock overhead (derived)           0.000020 s  (14 calls,     1.436 us/call)
      align nominal offsets to FASTQ records       1.186614 s  (8 calls, 148326.704 us/call)
      scheduler loop/bookkeeping (derived)         0.000035 s  (9 calls,     3.933 us/call)

  Scheduler teardown timing
    MPI_Barrier (wait for other ranks)           4.114129 s  (1 calls, 4114129.043 us/call)
    MPI_Win_free                                 0.000905 s  (1 calls,   904.604 us/call)

  Stage 2 by chunk
    completed chunks                                        8
    accumulated stage 2                             60.053424 s
    average stage 2 per chunk                        7.506678 s
    slowest chunk                                           5
    slowest chunk stage 2                            8.721208 s

    order   chunk  queue        byte range                       bytes      records   stage2(s)
        0       5      5  [    98304084,    117965124)     19661040        52290    8.721208
        1      11      5  [   216268820,    235929860)     19661040        52290    7.359533
        2      17      5  [   334233932,    353894596)     19660664        52289    7.537615
        3      23      5  [   452198544,    471859364)     19660820        51739    7.481963
        4      29      5  [   570163464,    589824284)     19660820        51739    7.302822
        5      35      5  [   688128004,    707788824)     19660820        51739    6.986623
        6      41      5  [   806092924,    825753744)     19660820        51739    7.336246
        7      47      5  [   924057844,    943718664)     19660820        51739    7.327415
==============================================================


================ MPI Dynamic Scheduler Debug =================
  MPI rank: 000001 / 000006

  Work summary
    claimed chunks                                          8
    claimed from this rank's queue                          8
    claimed from another rank's queue                       0
    completed FASTQ records                            416119
    claimed input bytes                             157286364

  Scheduler counters
    scheduler_next calls                                    9
    RMA ticket attempts                                    14
    attempts against another rank's queue                   5
    tickets beyond the final chunk                          6
    empty aligned chunks                                    0

  Scheduler timing
    MPI_Win_create (setup)                       0.000190 s  (1 calls,   189.951 us/call)
    MPI_Barrier after setup                      0.000010 s  (1 calls,    10.450 us/call)
    scheduler_next total                         2.241306 s  (9 calls, 249034.038 us/call)
      RMA ticket path total                        1.360068 s  (14 calls, 97147.717 us/call)
        wait for process-local MPI mutex             0.000012 s  (14 calls,     0.893 us/call)
        MPI_Win_lock                                 0.000053 s  (14 calls,     3.796 us/call)
        MPI_Fetch_and_op                             0.000062 s  (14 calls,     4.407 us/call)
        MPI_Win_unlock                               1.359921 s  (14 calls, 97137.202 us/call)
        RMA call/unlock overhead (derived)           0.000020 s  (14 calls,     1.418 us/call)
      align nominal offsets to FASTQ records       0.881199 s  (8 calls, 110149.907 us/call)
      scheduler loop/bookkeeping (derived)         0.000039 s  (9 calls,     4.339 us/call)

  Scheduler teardown timing
    MPI_Barrier (wait for other ranks)           2.737778 s  (1 calls, 2737778.091 us/call)
    MPI_Win_free                                 0.000057 s  (1 calls,    56.800 us/call)

  Stage 2 by chunk
    completed chunks                                        8
    accumulated stage 2                             60.413820 s
    average stage 2 per chunk                        7.551727 s
    slowest chunk                                           1
    slowest chunk stage 2                            9.065774 s

    order   chunk  queue        byte range                       bytes      records   stage2(s)
        0       1      1  [    19661160,     39321716)     19660556        52789    9.065774
        1       7      1  [   137625788,    157286452)     19660664        52289    7.239782
        2      13      1  [   255590524,    275251564)     19661040        52290    7.639987
        3      19      1  [   373555260,    393216084)     19660824        51795    7.082844
        4      25      1  [   491520184,    511181004)     19660820        51739    7.338538
        5      31      1  [   609485104,    629145924)     19660820        51739    7.601728
        6      37      1  [   727449644,    747110464)     19660820        51739    7.154276
        7      43      1  [   845414564,    865075384)     19660820        51739    7.290891
==============================================================


================ MPI Dynamic Scheduler Debug =================
  MPI rank: 000002 / 000006

  Work summary
    claimed chunks                                          8
    claimed from this rank's queue                          8
    claimed from another rank's queue                       0
    completed FASTQ records                            415564
    claimed input bytes                             157286844

  Scheduler counters
    scheduler_next calls                                    9
    RMA ticket attempts                                    14
    attempts against another rank's queue                   5
    tickets beyond the final chunk                          6
    empty aligned chunks                                    0

  Scheduler timing
    MPI_Win_create (setup)                       0.000194 s  (1 calls,   193.551 us/call)
    MPI_Barrier after setup                      0.000007 s  (1 calls,     7.250 us/call)
    scheduler_next total                         0.718215 s  (9 calls, 79801.684 us/call)
      RMA ticket path total                        0.010562 s  (14 calls,   754.403 us/call)
        wait for process-local MPI mutex             0.000012 s  (14 calls,     0.864 us/call)
        MPI_Win_lock                                 0.000055 s  (14 calls,     3.936 us/call)
        MPI_Fetch_and_op                             0.000055 s  (14 calls,     3.932 us/call)
        MPI_Win_unlock                               0.010421 s  (14 calls,   744.339 us/call)
        RMA call/unlock overhead (derived)           0.000019 s  (14 calls,     1.332 us/call)
      align nominal offsets to FASTQ records       0.707613 s  (8 calls, 88451.626 us/call)
      scheduler loop/bookkeeping (derived)         0.000041 s  (9 calls,     4.500 us/call)

  Scheduler teardown timing
    MPI_Barrier (wait for other ranks)           6.949010 s  (1 calls, 6949010.003 us/call)
    MPI_Win_free                                 0.000896 s  (1 calls,   896.104 us/call)

  Stage 2 by chunk
    completed chunks                                        8
    accumulated stage 2                             59.865138 s
    average stage 2 per chunk                        7.483142 s
    slowest chunk                                           2
    slowest chunk stage 2                            9.378918 s

    order   chunk  queue        byte range                       bytes      records   stage2(s)
        0       2      2  [    39321716,     58982756)     19661040        52290    9.378918
        1       8      2  [   157286452,    176947492)     19661040        52290    7.093421
        2      14      2  [   275251564,    294912228)     19660664        52289    7.312709
        3      20      2  [   393216084,    412876904)     19660820        51739    7.255417
        4      26      2  [   511181004,    530841824)     19660820        51739    7.437824
        5      32      2  [   629145924,    648806744)     19660820        51739    6.907288
        6      38      2  [   747110464,    766771284)     19660820        51739    7.613987
        7      44      2  [   865075384,    884736204)     19660820        51739    6.865574
==============================================================


================ MPI Dynamic Scheduler Debug =================
  MPI rank: 000003 / 000006

  Work summary
    claimed chunks                                          9
    claimed from this rank's queue                          8
    claimed from another rank's queue                       1
    completed FASTQ records                            420396
    claimed input bytes                             159123012

  Scheduler counters
    scheduler_next calls                                   10
    RMA ticket attempts                                    18
    attempts against another rank's queue                   8
    tickets beyond the final chunk                          9
    empty aligned chunks                                    0

  Scheduler timing
    MPI_Win_create (setup)                       0.000188 s  (1 calls,   187.601 us/call)
    MPI_Barrier after setup                      0.000011 s  (1 calls,    10.950 us/call)
    scheduler_next total                         1.403683 s  (10 calls, 140368.302 us/call)
      RMA ticket path total                        0.325944 s  (18 calls, 18107.995 us/call)
        wait for process-local MPI mutex             0.000016 s  (18 calls,     0.914 us/call)
        MPI_Win_lock                                 0.000061 s  (18 calls,     3.367 us/call)
        MPI_Fetch_and_op                             0.000099 s  (18 calls,     5.494 us/call)
        MPI_Win_unlock                               0.325741 s  (18 calls, 18096.742 us/call)
        RMA call/unlock overhead (derived)           0.000027 s  (18 calls,     1.478 us/call)
      align nominal offsets to FASTQ records       1.077693 s  (9 calls, 119743.712 us/call)
      scheduler loop/bookkeeping (derived)         0.000046 s  (10 calls,     4.570 us/call)

  Scheduler teardown timing
    MPI_Barrier (wait for other ranks)           7.222848 s  (1 calls, 7222847.987 us/call)
    MPI_Win_free                                 0.000898 s  (1 calls,   897.954 us/call)

  Stage 2 by chunk
    completed chunks                                        9
    accumulated stage 2                             60.388562 s
    average stage 2 per chunk                        6.709840 s
    slowest chunk                                           3
    slowest chunk stage 2                            8.921792 s

    order   chunk  queue        byte range                       bytes      records   stage2(s)
        0       3      3  [    58982756,     78643420)     19660664        52289    8.921792
        1       9      3  [   176947492,    196608156)     19660664        52289    7.456577
        2      15      3  [   294912228,    314572892)     19660664        52289    6.805467
        3      21      3  [   412876904,    432537724)     19660820        51739    6.890635
        4      27      3  [   530841824,    550502644)     19660820        51739    7.173233
        5      33      3  [   648806744,    668467564)     19660820        51739    7.592900
        6      39      3  [   766771284,    786432104)     19660820        51739    7.617026
        7      45      3  [   884736204,    904397024)     19660820        51739    6.998685
        8      48      0  [   943718664,    945555584)      1836920         4834    0.932247
==============================================================


====================== SWBWA Output Debug =====================
  MPI rank: 000000 / 000006
  mode:     MPI single_unordered
  path:     correctness_results/study_final/has1/SRR7963242_PE.sam

  Output volume
    output buffer capacity                           67108864
    swbwa_output_write calls                          833590
    submitted SAM bytes                            351491884
    buffered flushes                                       6
    buffered flush bytes                           351491884
    direct oversized writes                                0
    direct oversized bytes                                 0

  Buffering
    buffered flush total                        15.146442 s  (6 calls, 2524406.991 us/call)

  Global offset reservation
    target rank                                             0
    target relationship                                 local
    reservations                                            6
    reservation total                            0.000118 s  (6 calls,    19.708 us/call)
      wait for process-local MPI mutex             0.000011 s  (6 calls,     1.758 us/call)
      MPI_Fetch_and_op                             0.000021 s  (6 calls,     3.492 us/call)
      MPI_Win_flush(target rank 0)                 0.000077 s  (6 calls,    12.817 us/call)
      reservation call/unlock overhead (derived)   0.000010 s  (6 calls,     1.642 us/call)

  MPI file writes
    MPI_File_write_at calls                                 6
    MPI_File_write_at bytes                         351491884
    MPI file-write path total                   15.146307 s  (6 calls, 2524384.424 us/call)
      wait for process-local MPI mutex             0.000004 s  (6 calls,     0.592 us/call)
      MPI_File_write_at                           15.146277 s  (6 calls, 2524379.566 us/call)
      MPI_Get_count                                0.000015 s  (6 calls,     2.483 us/call)
      file-write call/unlock overhead (derived)    0.000011 s  (6 calls,     1.783 us/call)
    MPI_File_write_at effective bandwidth          22.131 MiB/s

  Output close timing
    MPI_File_sync                                0.014317 s  (1 calls, 14316.762 us/call)
    MPI_Win_unlock_all                           0.000019 s  (1 calls,    18.750 us/call)
    MPI_Win_free                                 0.000738 s  (1 calls,   737.753 us/call)
    MPI_File_close                               0.017959 s  (1 calls, 17958.828 us/call)
================================================================


====================== SWBWA Output Debug =====================
  MPI rank: 000001 / 000006
  mode:     MPI single_unordered
  path:     correctness_results/study_final/has1/SRR7963242_PE.sam

  Output volume
    output buffer capacity                           67108864
    swbwa_output_write calls                          832238
    submitted SAM bytes                            350907535
    buffered flushes                                       6
    buffered flush bytes                           350907535
    direct oversized writes                                0
    direct oversized bytes                                 0

  Buffering
    buffered flush total                        12.225656 s  (6 calls, 2037609.286 us/call)

  Global offset reservation
    target rank                                             0
    target relationship                                remote
    reservations                                            6
    reservation total                            0.004601 s  (6 calls,   766.753 us/call)
      wait for process-local MPI mutex             0.000011 s  (6 calls,     1.850 us/call)
      MPI_Fetch_and_op                             0.000210 s  (6 calls,    35.008 us/call)
      MPI_Win_flush(target rank 0)                 0.004372 s  (6 calls,   728.661 us/call)
      reservation call/unlock overhead (derived)   0.000007 s  (6 calls,     1.233 us/call)

  MPI file writes
    MPI_File_write_at calls                                 6
    MPI_File_write_at bytes                         350907535
    MPI file-write path total                   12.221038 s  (6 calls, 2036839.641 us/call)
      wait for process-local MPI mutex             0.000003 s  (6 calls,     0.492 us/call)
      MPI_File_write_at                           12.221008 s  (6 calls, 2036834.707 us/call)
      MPI_Get_count                                0.000015 s  (6 calls,     2.483 us/call)
      file-write call/unlock overhead (derived)    0.000012 s  (6 calls,     1.958 us/call)
    MPI_File_write_at effective bandwidth          27.383 MiB/s

  Output close timing
    MPI_File_sync                                0.013045 s  (1 calls, 13045.106 us/call)
    MPI_Win_unlock_all                           0.000015 s  (1 calls,    15.450 us/call)
    MPI_Win_free                                 0.003028 s  (1 calls,  3027.863 us/call)
    MPI_File_close                               0.000494 s  (1 calls,   493.952 us/call)
================================================================


====================== SWBWA Output Debug =====================
  MPI rank: 000002 / 000006
  mode:     MPI single_unordered
  path:     correctness_results/study_final/has1/SRR7963242_PE.sam

  Output volume
    output buffer capacity                           67108864
    swbwa_output_write calls                          831128
    submitted SAM bytes                            350449556
    buffered flushes                                       6
    buffered flush bytes                           350449556
    direct oversized writes                                0
    direct oversized bytes                                 0

  Buffering
    buffered flush total                        10.093680 s  (6 calls, 1682279.933 us/call)

  Global offset reservation
    target rank                                             0
    target relationship                                remote
    reservations                                            6
    reservation total                            0.001968 s  (6 calls,   328.077 us/call)
      wait for process-local MPI mutex             0.000011 s  (6 calls,     1.883 us/call)
      MPI_Fetch_and_op                             0.000380 s  (6 calls,    63.275 us/call)
      MPI_Win_flush(target rank 0)                 0.001570 s  (6 calls,   261.743 us/call)
      reservation call/unlock overhead (derived)   0.000007 s  (6 calls,     1.175 us/call)

  MPI file writes
    MPI_File_write_at calls                                 6
    MPI_File_write_at bytes                         350449556
    MPI file-write path total                   10.091694 s  (6 calls, 1681949.081 us/call)
      wait for process-local MPI mutex             0.000003 s  (6 calls,     0.492 us/call)
      MPI_File_write_at                           10.091664 s  (6 calls, 1681944.048 us/call)
      MPI_Get_count                                0.000017 s  (6 calls,     2.908 us/call)
      file-write call/unlock overhead (derived)    0.000010 s  (6 calls,     1.633 us/call)
    MPI_File_write_at effective bandwidth          33.118 MiB/s

  Output close timing
    MPI_File_sync                                0.014132 s  (1 calls, 14132.211 us/call)
    MPI_Win_unlock_all                           0.000016 s  (1 calls,    16.400 us/call)
    MPI_Win_free                                 0.001841 s  (1 calls,  1841.458 us/call)
    MPI_File_close                               0.000570 s  (1 calls,   570.303 us/call)
================================================================


====================== SWBWA Output Debug =====================
  MPI rank: 000003 / 000006
  mode:     MPI single_unordered
  path:     correctness_results/study_final/has1/SRR7963242_PE.sam

  Output volume
    output buffer capacity                           67108864
    swbwa_output_write calls                          840792
    submitted SAM bytes                            354316533
    buffered flushes                                       6
    buffered flush bytes                           354316533
    direct oversized writes                                0
    direct oversized bytes                                 0

  Buffering
    buffered flush total                         7.848243 s  (6 calls, 1308040.581 us/call)

  Global offset reservation
    target rank                                             0
    target relationship                                remote
    reservations                                            6
    reservation total                            0.010599 s  (6 calls,  1766.441 us/call)
      wait for process-local MPI mutex             0.000010 s  (6 calls,     1.592 us/call)
      MPI_Fetch_and_op                             0.000418 s  (6 calls,    69.642 us/call)
      MPI_Win_flush(target rank 0)                 0.010162 s  (6 calls,  1693.690 us/call)
      reservation call/unlock overhead (derived)   0.000009 s  (6 calls,     1.517 us/call)

  MPI file writes
    MPI_File_write_at calls                                 6
    MPI_File_write_at bytes                         354316533
    MPI file-write path total                    7.837628 s  (6 calls, 1306271.374 us/call)
      wait for process-local MPI mutex             0.000003 s  (6 calls,     0.500 us/call)
      MPI_File_write_at                            7.837598 s  (6 calls, 1306266.415 us/call)
      MPI_Get_count                                0.000017 s  (6 calls,     2.825 us/call)
      file-write call/unlock overhead (derived)    0.000010 s  (6 calls,     1.633 us/call)
    MPI_File_write_at effective bandwidth          43.113 MiB/s

  Output close timing
    MPI_File_sync                                0.003292 s  (1 calls,  3292.064 us/call)
    MPI_Win_unlock_all                           0.000025 s  (1 calls,    25.300 us/call)
    MPI_Win_free                                 0.000048 s  (1 calls,    47.550 us/call)
    MPI_File_close                               0.000873 s  (1 calls,   873.304 us/call)
================================================================


====================== SWBWA Output Debug =====================
  MPI rank: 000004 / 000006
  mode:     MPI single_unordered
  path:     correctness_results/study_final/has1/SRR7963242_PE.sam

  Output volume
    output buffer capacity                           67108864
    swbwa_output_write calls                          831124
    submitted SAM bytes                            350245456
    buffered flushes                                       6
    buffered flush bytes                           350245456
    direct oversized writes                                0
    direct oversized bytes                                 0

  Buffering
    buffered flush total                        17.777384 s  (6 calls, 2962897.312 us/call)

  Global offset reservation
    target rank                                             0
    target relationship                                remote
    reservations                                            6
    reservation total                            8.941319 s  (6 calls, 1490219.877 us/call)
      wait for process-local MPI mutex             0.000011 s  (6 calls,     1.833 us/call)
      MPI_Fetch_and_op                             0.000288 s  (6 calls,    48.017 us/call)
      MPI_Win_flush(target rank 0)                 8.941011 s  (6 calls, 1490168.427 us/call)
      reservation call/unlock overhead (derived)   0.000010 s  (6 calls,     1.600 us/call)

  MPI file writes
    MPI_File_write_at calls                                 6
    MPI_File_write_at bytes                         350245456
    MPI file-write path total                    8.836046 s  (6 calls, 1472674.318 us/call)
      wait for process-local MPI mutex             0.000004 s  (6 calls,     0.592 us/call)
      MPI_File_write_at                            8.836014 s  (6 calls, 1472669.043 us/call)
      MPI_Get_count                                0.000018 s  (6 calls,     2.917 us/call)
      file-write call/unlock overhead (derived)    0.000011 s  (6 calls,     1.767 us/call)
    MPI_File_write_at effective bandwidth          37.802 MiB/s

  Output close timing
    MPI_File_sync                                0.013818 s  (1 calls, 13817.509 us/call)
    MPI_Win_unlock_all                           0.000025 s  (1 calls,    25.100 us/call)
    MPI_Win_free                                 0.001328 s  (1 calls,  1327.906 us/call)
    MPI_File_close                               0.000970 s  (1 calls,   970.254 us/call)
================================================================


====================== SWBWA Output Debug =====================
  MPI rank: 000005 / 000006
  mode:     MPI single_unordered
  path:     correctness_results/study_final/has1/SRR7963242_PE.sam

  Output volume
    output buffer capacity                           67108864
    swbwa_output_write calls                          831128
    submitted SAM bytes                            350244769
    buffered flushes                                       6
    buffered flush bytes                           350244769
    direct oversized writes                                0
    direct oversized bytes                                 0

  Buffering
    buffered flush total                        11.886923 s  (6 calls, 1981153.875 us/call)

  Global offset reservation
    target rank                                             0
    target relationship                                remote
    reservations                                            6
    reservation total                            0.009226 s  (6 calls,  1537.732 us/call)
      wait for process-local MPI mutex             0.000011 s  (6 calls,     1.767 us/call)
      MPI_Fetch_and_op                             0.000285 s  (6 calls,    47.542 us/call)
      MPI_Win_flush(target rank 0)                 0.008922 s  (6 calls,  1487.073 us/call)
      reservation call/unlock overhead (derived)   0.000008 s  (6 calls,     1.350 us/call)

  MPI file writes
    MPI_File_write_at calls                                 6
    MPI_File_write_at bytes                         350244769
    MPI file-write path total                   11.877678 s  (6 calls, 1979612.960 us/call)
      wait for process-local MPI mutex             0.000003 s  (6 calls,     0.517 us/call)
      MPI_File_write_at                           11.877648 s  (6 calls, 1979608.002 us/call)
      MPI_Get_count                                0.000015 s  (6 calls,     2.542 us/call)
      file-write call/unlock overhead (derived)    0.000011 s  (6 calls,     1.900 us/call)
    MPI_File_write_at effective bandwidth          28.122 MiB/s

  Output close timing
    MPI_File_sync                                0.013654 s  (1 calls, 13653.859 us/call)
    MPI_Win_unlock_all                           0.000014 s  (1 calls,    13.950 us/call)
    MPI_Win_free                                 0.002395 s  (1 calls,  2395.210 us/call)
    MPI_File_close                               0.000957 s  (1 calls,   956.604 us/call)
================================================================


================ SWBWA CPE/MPI Progress Debug ================
  MPI rank: 000000 / 000006

    phase                      waits     probes   total(s)    avg(us)    max(s)   >=1ms   >=10ms   >=100ms    >=1s  completed
    FASTQ formatting               8         12      0.000     18.842     0.000       0        0         0       0          0
    alignment and SAM length       8     842152      8.106      9.625     0.021     241       68         0       0          2
    SAM record generation          8         23      0.001     46.096     0.000       0        0         0       0          0
    all CPE phases                24     842187      8.107      9.627     0.021     241       68         0       0          2

  Probes marked 'completed' returned with the CPE completion
  flag set. Their full call duration bounds the possible delay.
    completion-observing probe total               0.000082 s
    slowest completion-observing probe             0.000059 s
==============================================================


================ SWBWA CPE/MPI Progress Debug ================
  MPI rank: 000001 / 000006

    phase                      waits     probes   total(s)    avg(us)    max(s)   >=1ms   >=10ms   >=100ms    >=1s  completed
    FASTQ formatting               8         15      0.000     20.854     0.000       0        0         0       0          0
    alignment and SAM length       8     877808      7.564      8.617     0.025     181       15         0       0          0
    SAM record generation          8         19      0.001     56.095     0.000       0        0         0       0          0
    all CPE phases                24     877842      7.565      8.618     0.025     181       15         0       0          0

  Probes marked 'completed' returned with the CPE completion
  flag set. Their full call duration bounds the possible delay.
    completion-observing probe total               0.000000 s
    slowest completion-observing probe             0.000000 s
==============================================================


================ SWBWA CPE/MPI Progress Debug ================
  MPI rank: 000002 / 000006

    phase                      waits     probes   total(s)    avg(us)    max(s)   >=1ms   >=10ms   >=100ms    >=1s  completed
    FASTQ formatting               8         13      0.000     18.423     0.000       0        0         0       0          0
    alignment and SAM length       8     851651      8.130      9.547     0.021     213        9         0       0          1
    SAM record generation          8         23      0.001     51.450     0.000       0        0         0       0          0
    all CPE phases                24     851687      8.132      9.548     0.021     213        9         0       0          1

  Probes marked 'completed' returned with the CPE completion
  flag set. Their full call duration bounds the possible delay.
    completion-observing probe total               0.000079 s
    slowest completion-observing probe             0.000079 s
==============================================================


================ SWBWA CPE/MPI Progress Debug ================
  MPI rank: 000003 / 000006

    phase                      waits     probes   total(s)    avg(us)    max(s)   >=1ms   >=10ms   >=100ms    >=1s  completed
    FASTQ formatting               9         15      0.000     22.010     0.000       0        0         0       0          1
    alignment and SAM length       9     821196      8.228     10.020     0.016     231       11         0       0          0
    SAM record generation          9         19      0.001     54.716     0.000       0        0         0       0          0
    all CPE phases                27     821230      8.230     10.021     0.016     231       11         0       0          1

  Probes marked 'completed' returned with the CPE completion
  flag set. Their full call duration bounds the possible delay.
    completion-observing probe total               0.000067 s
    slowest completion-observing probe             0.000067 s
==============================================================


================ SWBWA CPE/MPI Progress Debug ================
  MPI rank: 000004 / 000006

    phase                      waits     probes   total(s)    avg(us)    max(s)   >=1ms   >=10ms   >=100ms    >=1s  completed
    FASTQ formatting               8         13      0.000     17.988     0.000       0        0         0       0          0
    alignment and SAM length       8     865249      7.411      8.565     0.019     173        9         0       0          0
    SAM record generation          8         21      0.001     50.510     0.000       0        0         0       0          1
    all CPE phases                24     865283      7.412      8.567     0.019     173        9         0       0          1

  Probes marked 'completed' returned with the CPE completion
  flag set. Their full call duration bounds the possible delay.
    completion-observing probe total               0.000183 s
    slowest completion-observing probe             0.000183 s
==============================================================


================ SWBWA CPE/MPI Progress Debug ================
  MPI rank: 000005 / 000006

    phase                      waits     probes   total(s)    avg(us)    max(s)   >=1ms   >=10ms   >=100ms    >=1s  completed
    FASTQ formatting               8         12      0.000     24.708     0.000       0        0         0       0          0
    alignment and SAM length       8     821420      7.871      9.582     0.019     277        9         0       0          0
    SAM record generation          8         21      0.014    644.777     0.013       1        1         0       0          0
    all CPE phases                24     821453      7.885      9.599     0.019     278       10         0       0          0

  Probes marked 'completed' returned with the CPE completion
  flag set. Their full call duration bounds the possible delay.
    completion-observing probe total               0.000000 s
    slowest completion-observing probe             0.000000 s
==============================================================


======================= SWBWA Timing Report =======================
  MPI rank: 000000 / 000006
  Accumulated wall-clock time; indented rows are included in
  their parent row and must not be added to it.

  Pipeline
    total - complete three-stage pipeline                    84.859 s
    stage 1 - allocate and read raw FASTQ blocks              7.871 s
    stage 2 - align reads and generate SAM records           60.420 s
    stage 3 - write SAM and release batch data               15.741 s
      SAM output writes                                        15.372 s
      batch cleanup and loop overhead (derived)                 0.369 s

  Stage 1 input details
    batches completed / stage calls                       8 / 9
    input-buffer and batch allocations                        0.000 s  (25 calls, max 0.000 s)
    aggregate requested allocation bytes            314589824
    FASTQ fseeko calls                                        0.312 s  (16 calls, max 0.052 s)
    FASTQ fread calls                                         4.881 s  (16 calls, max 0.654 s)
    align chunk ends to FASTQ record boundaries               0.000 s  (0 calls, max 0.000 s)
    scheduler, checks and bookkeeping (derived)               2.677 s
    raw FASTQ bytes read                            314572864  (300.000 MiB)
    effective fread bandwidth                         61.461 MiB/s
    slowest allocation                                 0.000 s  (19661844 bytes)
    slowest fread                                      0.654 s  (R2 offset=0, bytes=19661160)

  Stage 2 worker details
    total - active merge worker                              60.418 s
      part 1 - prepare CPE task and reusable buffers            0.658 s
      part 2 - CPE FASTQ formatting and input release           0.096 s
      part 3 - CPE alignment and SAM length pass               59.420 s
      part 4 - assign slices in the shared SAM buffer           0.062 s
      part 5 - CPE SAM record generation                        0.179 s
      part 6 - release temporary worker data                    0.000 s

  Reserved allocator timers (no active timing sites)
    malloc timer                                              0.000 s
    free timer                                                0.000 s
===================================================================


======================= SWBWA Timing Report =======================
  MPI rank: 000001 / 000006
  Accumulated wall-clock time; indented rows are included in
  their parent row and must not be added to it.

  Pipeline
    total - complete three-stage pipeline                    84.858 s
    stage 1 - allocate and read raw FASTQ blocks              8.448 s
    stage 2 - align reads and generate SAM records           60.414 s
    stage 3 - write SAM and release batch data               12.839 s
      SAM output writes                                        12.525 s
      batch cleanup and loop overhead (derived)                 0.314 s

  Stage 1 input details
    batches completed / stage calls                       8 / 9
    input-buffer and batch allocations                        0.000 s  (25 calls, max 0.000 s)
    aggregate requested allocation bytes            314589688
    FASTQ fseeko calls                                        0.964 s  (16 calls, max 0.173 s)
    FASTQ fread calls                                         5.238 s  (16 calls, max 0.700 s)
    align chunk ends to FASTQ record boundaries               0.000 s  (0 calls, max 0.000 s)
    scheduler, checks and bookkeeping (derived)               2.246 s
    raw FASTQ bytes read                            314572728  (300.000 MiB)
    effective fread bandwidth                         57.275 MiB/s
    slowest allocation                                 0.000 s  (19661848 bytes)
    slowest fread                                      0.700 s  (R2 offset=19661160, bytes=19660556)

  Stage 2 worker details
    total - active merge worker                              60.411 s
      part 1 - prepare CPE task and reusable buffers            0.612 s
      part 2 - CPE FASTQ formatting and input release           0.117 s
      part 3 - CPE alignment and SAM length pass               59.440 s
      part 4 - assign slices in the shared SAM buffer           0.058 s
      part 5 - CPE SAM record generation                        0.180 s
      part 6 - release temporary worker data                    0.001 s

  Reserved allocator timers (no active timing sites)
    malloc timer                                              0.000 s
    free timer                                                0.000 s
===================================================================


======================= SWBWA Timing Report =======================
  MPI rank: 000002 / 000006
  Accumulated wall-clock time; indented rows are included in
  their parent row and must not be added to it.

  Pipeline
    total - complete three-stage pipeline                    84.858 s
    stage 1 - allocate and read raw FASTQ blocks              6.760 s
    stage 2 - align reads and generate SAM records           59.865 s
    stage 3 - write SAM and release batch data               10.595 s
      SAM output writes                                        10.203 s
      batch cleanup and loop overhead (derived)                 0.392 s

  Stage 1 input details
    batches completed / stage calls                       8 / 9
    input-buffer and batch allocations                        0.000 s  (25 calls, max 0.000 s)
    aggregate requested allocation bytes            314590648
    FASTQ fseeko calls                                        0.923 s  (16 calls, max 0.173 s)
    FASTQ fread calls                                         5.116 s  (16 calls, max 0.742 s)
    align chunk ends to FASTQ record boundaries               0.000 s  (0 calls, max 0.000 s)
    scheduler, checks and bookkeeping (derived)               0.722 s
    raw FASTQ bytes read                            314573688  (300.001 MiB)
    effective fread bandwidth                         58.645 MiB/s
    slowest allocation                                 0.000 s  (19661844 bytes)
    slowest fread                                      0.742 s  (R2 offset=39321716, bytes=19661040)

  Stage 2 worker details
    total - active merge worker                              59.865 s
      part 1 - prepare CPE task and reusable buffers            0.685 s
      part 2 - CPE FASTQ formatting and input release           0.108 s
      part 3 - CPE alignment and SAM length pass               58.833 s
      part 4 - assign slices in the shared SAM buffer           0.057 s
      part 5 - CPE SAM record generation                        0.179 s
      part 6 - release temporary worker data                    0.000 s

  Reserved allocator timers (no active timing sites)
    malloc timer                                              0.000 s
    free timer                                                0.000 s
===================================================================


======================= SWBWA Timing Report =======================
  MPI rank: 000003 / 000006
  Accumulated wall-clock time; indented rows are included in
  their parent row and must not be added to it.

  Pipeline
    total - complete three-stage pipeline                    84.858 s
    stage 1 - allocate and read raw FASTQ blocks              8.291 s
    stage 2 - align reads and generate SAM records           60.389 s
    stage 3 - write SAM and release batch data                8.531 s
      SAM output writes                                         8.175 s
      batch cleanup and loop overhead (derived)                 0.355 s

  Stage 1 input details
    batches completed / stage calls                       9 / 10
    input-buffer and batch allocations                        0.000 s  (28 calls, max 0.000 s)
    aggregate requested allocation bytes            318265096
    FASTQ fseeko calls                                        1.098 s  (18 calls, max 0.185 s)
    FASTQ fread calls                                         5.783 s  (18 calls, max 0.685 s)
    align chunk ends to FASTQ record boundaries               0.000 s  (0 calls, max 0.000 s)
    scheduler, checks and bookkeeping (derived)               1.410 s
    raw FASTQ bytes read                            318246024  (303.503 MiB)
    effective fread bandwidth                         52.478 MiB/s
    slowest allocation                                 0.000 s  (19661688 bytes)
    slowest fread                                      0.685 s  (R2 offset=58982756, bytes=19660664)

  Stage 2 worker details
    total - active merge worker                              60.386 s
      part 1 - prepare CPE task and reusable buffers            0.690 s
      part 2 - CPE FASTQ formatting and input release           0.117 s
      part 3 - CPE alignment and SAM length pass               59.342 s
      part 4 - assign slices in the shared SAM buffer           0.061 s
      part 5 - CPE SAM record generation                        0.174 s
      part 6 - release temporary worker data                    0.000 s

  Reserved allocator timers (no active timing sites)
    malloc timer                                              0.000 s
    free timer                                                0.000 s
===================================================================


======================= SWBWA Timing Report =======================
  MPI rank: 000004 / 000006
  Accumulated wall-clock time; indented rows are included in
  their parent row and must not be added to it.

  Pipeline
    total - complete three-stage pipeline                    84.858 s
    stage 1 - allocate and read raw FASTQ blocks              6.572 s
    stage 2 - align reads and generate SAM records           59.385 s
    stage 3 - write SAM and release batch data               18.075 s
      SAM output writes                                        17.732 s
      batch cleanup and loop overhead (derived)                 0.343 s

  Stage 1 input details
    batches completed / stage calls                       8 / 9
    input-buffer and batch allocations                        0.000 s  (25 calls, max 0.000 s)
    aggregate requested allocation bytes            314589136
    FASTQ fseeko calls                                        0.523 s  (16 calls, max 0.213 s)
    FASTQ fread calls                                         5.531 s  (16 calls, max 0.651 s)
    align chunk ends to FASTQ record boundaries               0.000 s  (0 calls, max 0.000 s)
    scheduler, checks and bookkeeping (derived)               0.518 s
    raw FASTQ bytes read                            314572176  (299.999 MiB)
    effective fread bandwidth                         54.239 MiB/s
    slowest allocation                                 0.000 s  (19661844 bytes)
    slowest fread                                      0.651 s  (R2 offset=78643420, bytes=19660664)

  Stage 2 worker details
    total - active merge worker                              59.382 s
      part 1 - prepare CPE task and reusable buffers            0.624 s
      part 2 - CPE FASTQ formatting and input release           0.106 s
      part 3 - CPE alignment and SAM length pass               58.422 s
      part 4 - assign slices in the shared SAM buffer           0.058 s
      part 5 - CPE SAM record generation                        0.170 s
      part 6 - release temporary worker data                    0.000 s

  Reserved allocator timers (no active timing sites)
    malloc timer                                              0.000 s
    free timer                                                0.000 s
===================================================================


======================= SWBWA Timing Report =======================
  MPI rank: 000005 / 000006
  Accumulated wall-clock time; indented rows are included in
  their parent row and must not be added to it.

  Pipeline
    total - complete three-stage pipeline                    84.858 s
    stage 1 - allocate and read raw FASTQ blocks              7.739 s
    stage 2 - align reads and generate SAM records           60.053 s
    stage 3 - write SAM and release batch data               11.507 s
      SAM output writes                                        11.165 s
      batch cleanup and loop overhead (derived)                 0.342 s

  Stage 1 input details
    batches completed / stage calls                       8 / 9
    input-buffer and batch allocations                        0.000 s  (25 calls, max 0.000 s)
    aggregate requested allocation bytes            314590648
    FASTQ fseeko calls                                        0.892 s  (16 calls, max 0.182 s)
    FASTQ fread calls                                         5.639 s  (16 calls, max 0.650 s)
    align chunk ends to FASTQ record boundaries               0.000 s  (0 calls, max 0.000 s)
    scheduler, checks and bookkeeping (derived)               1.209 s
    raw FASTQ bytes read                            314573688  (300.001 MiB)
    effective fread bandwidth                         53.204 MiB/s
    slowest allocation                                 0.000 s  (19662064 bytes)
    slowest fread                                      0.650 s  (R2 offset=98304084, bytes=19661040)

  Stage 2 worker details
    total - active merge worker                              60.050 s
      part 1 - prepare CPE task and reusable buffers            0.799 s
      part 2 - CPE FASTQ formatting and input release           0.097 s
      part 3 - CPE alignment and SAM length pass               58.913 s
      part 4 - assign slices in the shared SAM buffer           0.059 s
      part 5 - CPE SAM record generation                        0.178 s
      part 6 - release temporary worker data                    0.000 s

  Reserved allocator timers (no active timing sites)
    malloc timer                                              0.000 s
    free timer                                                0.000 s
===================================================================

[main] Version: 0.0.1
[main] CMD: ./SWBWA mem -v 4 -t 1 -1 -o correctness_results/study_final/has1/SRR7963242_PE.sam -I 170,80,500,1 ../../../data/GRCh38.d1.vd1.fa ../../../data/SRR7963242_1.fastq_1 ../../../data/SRR7963242_2.fastq_1
