[M::main_mem] mean insert size: 170.000, stddev: 80.000, max: 500, min: 1
[CPE input] bytes_per_cg=19660800 cg_count=1 chunk_bytes=19660800 file_bytes=945555584
malloc bwt->bwt 3107576584, 0x500002429500
malloc bwt->sa 1553788264, 0x5000bb7c7020
[M::bwa_idx_load_from_disk] read 0 ALT contigs
malloc pac 776894131, 0x500118228940
the input file is ../data/SRR7963242_1.fastq_1
the input file is ../data/SRR7963242_2.fastq_1
the output file is ./default_single2/no1/SRR7963242_PE.sam
[M::process] read chunk (19660800 bytes/CG x 1 CGs, 19660800 bytes)...
step1 0x5000020029e0
[M::process] read chunk (19660800 bytes/CG x 1 CGs, 19660800 bytes)...
step2 get 0x5000020029e0
step1 0x5000020028f0
[M::process] read chunk (19660800 bytes/CG x 1 CGs, 19660800 bytes)...
step1 0x500002002a30
[M::process] read chunk (19660800 bytes/CG x 1 CGs, 19660800 bytes)...
[M::mem_process_seqs_merge2] CPE FASTQ formatting done
step1 0x500002004100
[M::process] read chunk (19660800 bytes/CG x 1 CGs, 19660800 bytes)...
step1 0x500002004150
slave pre done
now n is 105938
processed 105938
[M::mem_process_seqs_merge2] Processed 105938 reads in 10.260 CPU sec, 10.458 real sec
step2 put 0x5000020029e0
step2 get 0x5000020028f0
[M::process] read chunk (19660800 bytes/CG x 1 CGs, 19660800 bytes)...
step3 0x5000020029e0
[M::mem_process_seqs_merge2] CPE FASTQ formatting done
step1 0x5000020041a0
slave pre done
now n is 105574
processed 105574
[M::mem_process_seqs_merge2] Processed 105574 reads in 7.950 CPU sec, 7.971 real sec
step2 put 0x5000020028f0
step2 get 0x500002002a30
step3 0x5000020028f0
[M::process] read chunk (19660800 bytes/CG x 1 CGs, 19660800 bytes)...
[M::mem_process_seqs_merge2] CPE FASTQ formatting done
step1 0x5000020029e0
slave pre done
now n is 104574
processed 104574
[M::mem_process_seqs_merge2] Processed 104574 reads in 8.350 CPU sec, 8.388 real sec
step2 put 0x500002002a30
step2 get 0x500002004100
step3 0x500002002a30
[M::process] read chunk (19660800 bytes/CG x 1 CGs, 19660800 bytes)...
[M::mem_process_seqs_merge2] CPE FASTQ formatting done
step1 0x5000020028f0
slave pre done
now n is 104574
processed 104574
[M::mem_process_seqs_merge2] Processed 104574 reads in 7.840 CPU sec, 7.839 real sec
step2 put 0x500002004100
step2 get 0x500002004150
[M::process] read chunk (19660800 bytes/CG x 1 CGs, 19660800 bytes)...
step3 0x500002004100
[M::mem_process_seqs_merge2] CPE FASTQ formatting done
step1 0x500002002a30
slave pre done
now n is 104574
processed 104574
[M::mem_process_seqs_merge2] Processed 104574 reads in 7.950 CPU sec, 7.960 real sec
step2 put 0x500002004150
step2 get 0x5000020041a0
[M::process] read chunk (19660800 bytes/CG x 1 CGs, 19660800 bytes)...
step3 0x500002004150
[M::mem_process_seqs_merge2] CPE FASTQ formatting done
step1 0x500002004100
slave pre done
now n is 104574
processed 104574
[M::mem_process_seqs_merge2] Processed 104574 reads in 7.790 CPU sec, 7.809 real sec
step2 put 0x5000020041a0
step2 get 0x5000020029e0
step3 0x5000020041a0
[M::process] read chunk (19660800 bytes/CG x 1 CGs, 19660800 bytes)...
[M::mem_process_seqs_merge2] CPE FASTQ formatting done
step1 0x500002004150
slave pre done
now n is 104574
processed 104574
[M::mem_process_seqs_merge2] Processed 104574 reads in 6.580 CPU sec, 6.575 real sec
step2 put 0x5000020029e0
step2 get 0x5000020028f0
step3 0x5000020029e0
[M::process] read chunk (19660800 bytes/CG x 1 CGs, 19660800 bytes)...
[M::mem_process_seqs_merge2] CPE FASTQ formatting done
step1 0x5000020041a0
slave pre done
now n is 104574
processed 104574
[M::mem_process_seqs_merge2] Processed 104574 reads in 7.020 CPU sec, 7.050 real sec
step2 put 0x5000020028f0
step2 get 0x500002002a30
[M::process] read chunk (19660800 bytes/CG x 1 CGs, 19660800 bytes)...
step3 0x5000020028f0
[M::mem_process_seqs_merge2] CPE FASTQ formatting done
step1 0x5000020029e0
slave pre done
now n is 104574
processed 104574
[M::mem_process_seqs_merge2] Processed 104574 reads in 6.660 CPU sec, 6.670 real sec
step2 put 0x500002002a30
step2 get 0x500002004100
[M::process] read chunk (19660800 bytes/CG x 1 CGs, 19660800 bytes)...
step3 0x500002002a30
[M::mem_process_seqs_merge2] CPE FASTQ formatting done
step1 0x5000020028f0
slave pre done
now n is 104574
processed 104574
[M::mem_process_seqs_merge2] Processed 104574 reads in 6.820 CPU sec, 6.829 real sec
step2 put 0x500002004100
step2 get 0x500002004150
[M::process] read chunk (19660800 bytes/CG x 1 CGs, 19660800 bytes)...
step3 0x500002004100
[M::mem_process_seqs_merge2] CPE FASTQ formatting done
step1 0x500002002a30
slave pre done
now n is 104574
processed 104574
[M::mem_process_seqs_merge2] Processed 104574 reads in 7.040 CPU sec, 7.103 real sec
step2 put 0x500002004150
step2 get 0x5000020041a0
[M::process] read chunk (19660800 bytes/CG x 1 CGs, 19660800 bytes)...
step3 0x500002004150
[M::mem_process_seqs_merge2] CPE FASTQ formatting done
step1 0x500002004100
slave pre done
now n is 104574
processed 104574
[M::mem_process_seqs_merge2] Processed 104574 reads in 6.940 CPU sec, 7.002 real sec
step2 put 0x5000020041a0
step2 get 0x5000020029e0
[M::process] read chunk (19660800 bytes/CG x 1 CGs, 19660800 bytes)...
step3 0x5000020041a0
[M::mem_process_seqs_merge2] CPE FASTQ formatting done
step1 0x500002004150
slave pre done
now n is 104574
processed 104574
[M::mem_process_seqs_merge2] Processed 104574 reads in 6.810 CPU sec, 6.813 real sec
step2 put 0x5000020029e0
step2 get 0x5000020028f0
[M::process] read chunk (19660800 bytes/CG x 1 CGs, 19660800 bytes)...
step3 0x5000020029e0
[M::mem_process_seqs_merge2] CPE FASTQ formatting done
step1 0x5000020041a0
slave pre done
now n is 104574
processed 104574
[M::mem_process_seqs_merge2] Processed 104574 reads in 7.050 CPU sec, 7.088 real sec
step2 put 0x5000020028f0
step2 get 0x500002002a30
[M::process] read chunk (19660800 bytes/CG x 1 CGs, 19660800 bytes)...
step3 0x5000020028f0
[M::mem_process_seqs_merge2] CPE FASTQ formatting done
step1 0x5000020029e0
slave pre done
now n is 104574
processed 104574
[M::mem_process_seqs_merge2] Processed 104574 reads in 6.960 CPU sec, 7.007 real sec
step2 put 0x500002002a30
step2 get 0x500002004100
[M::process] read chunk (19660800 bytes/CG x 1 CGs, 19660800 bytes)...
step3 0x500002002a30
[M::mem_process_seqs_merge2] CPE FASTQ formatting done
step1 0x5000020028f0
slave pre done
now n is 104574
processed 104574
[M::mem_process_seqs_merge2] Processed 104574 reads in 6.570 CPU sec, 6.575 real sec
step2 put 0x500002004100
step2 get 0x500002004150
[M::process] read chunk (19660800 bytes/CG x 1 CGs, 19660800 bytes)...
step3 0x500002004100
[M::mem_process_seqs_merge2] CPE FASTQ formatting done
step1 0x500002002a30
slave pre done
now n is 104574
processed 104574
[M::mem_process_seqs_merge2] Processed 104574 reads in 6.890 CPU sec, 6.979 real sec
step2 put 0x500002004150
step2 get 0x5000020041a0
step3 0x500002004150
[M::process] read chunk (19660800 bytes/CG x 1 CGs, 19660800 bytes)...
[M::mem_process_seqs_merge2] CPE FASTQ formatting done
step1 0x500002004100
slave pre done
now n is 104574
processed 104574
[M::mem_process_seqs_merge2] Processed 104574 reads in 6.970 CPU sec, 7.006 real sec
step2 put 0x5000020041a0
step2 get 0x5000020029e0
[M::process] read chunk (19660800 bytes/CG x 1 CGs, 19660800 bytes)...
step3 0x5000020041a0
[M::mem_process_seqs_merge2] CPE FASTQ formatting done
step1 0x500002004150
slave pre done
now n is 104574
processed 104574
[M::mem_process_seqs_merge2] Processed 104574 reads in 6.590 CPU sec, 6.606 real sec
step2 put 0x5000020029e0
step2 get 0x5000020028f0
step3 0x5000020029e0
[M::process] read chunk (19660800 bytes/CG x 1 CGs, 19660800 bytes)...
[M::mem_process_seqs_merge2] CPE FASTQ formatting done
step1 0x5000020041a0
slave pre done
now n is 103586
processed 103586
[M::mem_process_seqs_merge2] Processed 103586 reads in 6.680 CPU sec, 6.762 real sec
step2 put 0x5000020028f0
step2 get 0x500002002a30
[M::process] read chunk (19660800 bytes/CG x 1 CGs, 19660800 bytes)...
step3 0x5000020028f0
[M::mem_process_seqs_merge2] CPE FASTQ formatting done
step1 0x5000020029e0
slave pre done
now n is 103474
processed 103474
[M::mem_process_seqs_merge2] Processed 103474 reads in 6.780 CPU sec, 6.797 real sec
step2 put 0x500002002a30
step2 get 0x500002004100
step3 0x500002002a30
[M::process] read chunk (19660800 bytes/CG x 1 CGs, 19660800 bytes)...
[M::mem_process_seqs_merge2] CPE FASTQ formatting done
step1 0x5000020028f0
slave pre done
now n is 103474
processed 103474
[M::mem_process_seqs_merge2] Processed 103474 reads in 6.430 CPU sec, 6.461 real sec
step2 put 0x500002004100
step2 get 0x500002004150
step3 0x500002004100
[M::process] read chunk (19660800 bytes/CG x 1 CGs, 19660800 bytes)...
[M::mem_process_seqs_merge2] CPE FASTQ formatting done
step1 0x500002002a30
slave pre done
now n is 103474
processed 103474
[M::mem_process_seqs_merge2] Processed 103474 reads in 6.700 CPU sec, 6.759 real sec
step2 put 0x500002004150
step2 get 0x5000020041a0
[M::process] read chunk (19660800 bytes/CG x 1 CGs, 19660800 bytes)...
step3 0x500002004150
[M::mem_process_seqs_merge2] CPE FASTQ formatting done
step1 0x500002004100
slave pre done
now n is 103474
processed 103474
[M::mem_process_seqs_merge2] Processed 103474 reads in 6.860 CPU sec, 6.898 real sec
step2 put 0x5000020041a0
step2 get 0x5000020029e0
[M::process] read chunk (19660800 bytes/CG x 1 CGs, 19660800 bytes)...
step3 0x5000020041a0
[M::mem_process_seqs_merge2] CPE FASTQ formatting done
step1 0x500002004150
slave pre done
now n is 103474
processed 103474
[M::mem_process_seqs_merge2] Processed 103474 reads in 6.490 CPU sec, 6.491 real sec
step2 put 0x5000020029e0
step2 get 0x5000020028f0
[M::process] read chunk (19660800 bytes/CG x 1 CGs, 19660800 bytes)...
step3 0x5000020029e0
[M::mem_process_seqs_merge2] CPE FASTQ formatting done
step1 0x5000020041a0
slave pre done
now n is 103474
processed 103474
[M::mem_process_seqs_merge2] Processed 103474 reads in 6.680 CPU sec, 6.726 real sec
step2 put 0x5000020028f0
step2 get 0x500002002a30
[M::process] read chunk (19660800 bytes/CG x 1 CGs, 19660800 bytes)...
step3 0x5000020028f0
[M::mem_process_seqs_merge2] CPE FASTQ formatting done
step1 0x5000020029e0
slave pre done
now n is 103474
processed 103474
[M::mem_process_seqs_merge2] Processed 103474 reads in 6.740 CPU sec, 6.763 real sec
step2 put 0x500002002a30
step2 get 0x500002004100
[M::process] read chunk (19660800 bytes/CG x 1 CGs, 19660800 bytes)...
step3 0x500002002a30
[M::mem_process_seqs_merge2] CPE FASTQ formatting done
step1 0x5000020028f0
slave pre done
now n is 103474
processed 103474
[M::mem_process_seqs_merge2] Processed 103474 reads in 6.780 CPU sec, 6.801 real sec
step2 put 0x500002004100
step2 get 0x500002004150
step3 0x500002004100
[M::process] read chunk (19660800 bytes/CG x 1 CGs, 19660800 bytes)...
[M::mem_process_seqs_merge2] CPE FASTQ formatting done
step1 0x500002002a30
slave pre done
now n is 103474
processed 103474
[M::mem_process_seqs_merge2] Processed 103474 reads in 6.570 CPU sec, 6.636 real sec
step2 put 0x500002004150
step2 get 0x5000020041a0
step3 0x500002004150
[M::process] read chunk (19660800 bytes/CG x 1 CGs, 19660800 bytes)...
[M::mem_process_seqs_merge2] CPE FASTQ formatting done
step1 0x500002004100
slave pre done
now n is 103474
processed 103474
[M::mem_process_seqs_merge2] Processed 103474 reads in 6.590 CPU sec, 6.600 real sec
step2 put 0x5000020041a0
step2 get 0x5000020029e0
[M::process] read chunk (19660800 bytes/CG x 1 CGs, 19660800 bytes)...
step3 0x5000020041a0
[M::mem_process_seqs_merge2] CPE FASTQ formatting done
step1 0x500002004150
slave pre done
now n is 103474
processed 103474
[M::mem_process_seqs_merge2] Processed 103474 reads in 6.500 CPU sec, 6.529 real sec
step2 put 0x5000020029e0
step2 get 0x5000020028f0
[M::process] read chunk (19660800 bytes/CG x 1 CGs, 19660800 bytes)...
step3 0x5000020029e0
[M::mem_process_seqs_merge2] CPE FASTQ formatting done
step1 0x5000020041a0
slave pre done
now n is 103474
processed 103474
[M::mem_process_seqs_merge2] Processed 103474 reads in 7.070 CPU sec, 7.105 real sec
step2 put 0x5000020028f0
step2 get 0x500002002a30
[M::process] read chunk (19660800 bytes/CG x 1 CGs, 19660800 bytes)...
step3 0x5000020028f0
[M::mem_process_seqs_merge2] CPE FASTQ formatting done
step1 0x5000020029e0
slave pre done
now n is 103474
processed 103474
[M::mem_process_seqs_merge2] Processed 103474 reads in 6.390 CPU sec, 6.398 real sec
step2 put 0x500002002a30
step2 get 0x500002004100
[M::process] read chunk (19660800 bytes/CG x 1 CGs, 19660800 bytes)...
step3 0x500002002a30
[M::mem_process_seqs_merge2] CPE FASTQ formatting done
step1 0x5000020028f0
slave pre done
now n is 103474
processed 103474
[M::mem_process_seqs_merge2] Processed 103474 reads in 6.890 CPU sec, 6.909 real sec
step2 put 0x500002004100
step2 get 0x500002004150
[M::process] read chunk (19660800 bytes/CG x 1 CGs, 19660800 bytes)...
step3 0x500002004100
[M::mem_process_seqs_merge2] CPE FASTQ formatting done
step1 0x500002002a30
slave pre done
now n is 103474
processed 103474
[M::mem_process_seqs_merge2] Processed 103474 reads in 6.910 CPU sec, 6.935 real sec
step2 put 0x500002004150
step2 get 0x5000020041a0
[M::process] read chunk (19660800 bytes/CG x 1 CGs, 19660800 bytes)...
step3 0x500002004150
[M::mem_process_seqs_merge2] CPE FASTQ formatting done
step1 0x500002004100
slave pre done
now n is 103474
processed 103474
[M::mem_process_seqs_merge2] Processed 103474 reads in 6.450 CPU sec, 6.469 real sec
step2 put 0x5000020041a0
step2 get 0x5000020029e0
step3 0x5000020041a0
[M::process] read chunk (19660800 bytes/CG x 1 CGs, 19660800 bytes)...
[M::mem_process_seqs_merge2] CPE FASTQ formatting done
step1 0x500002004150
slave pre done
now n is 103474
processed 103474
[M::mem_process_seqs_merge2] Processed 103474 reads in 6.760 CPU sec, 6.866 real sec
step2 put 0x5000020029e0
step2 get 0x5000020028f0
[M::process] read chunk (19660800 bytes/CG x 1 CGs, 19660800 bytes)...
step3 0x5000020029e0
[M::mem_process_seqs_merge2] CPE FASTQ formatting done
step1 0x5000020041a0
slave pre done
now n is 103474
processed 103474
[M::mem_process_seqs_merge2] Processed 103474 reads in 6.820 CPU sec, 6.861 real sec
step2 put 0x5000020028f0
step2 get 0x500002002a30
[M::process] read chunk (19660800 bytes/CG x 1 CGs, 19660800 bytes)...
step3 0x5000020028f0
[M::mem_process_seqs_merge2] CPE FASTQ formatting done
step1 0x5000020029e0
slave pre done
now n is 103474
processed 103474
[M::mem_process_seqs_merge2] Processed 103474 reads in 6.910 CPU sec, 6.913 real sec
step2 put 0x500002002a30
step2 get 0x500002004100
step3 0x500002002a30
[M::process] read chunk (19660800 bytes/CG x 1 CGs, 19660800 bytes)...
[M::mem_process_seqs_merge2] CPE FASTQ formatting done
step1 0x5000020028f0
slave pre done
now n is 103474
processed 103474
[M::mem_process_seqs_merge2] Processed 103474 reads in 7.170 CPU sec, 7.234 real sec
step2 put 0x500002004100
step2 get 0x500002004150
step3 0x500002004100
[M::process] read chunk (19660800 bytes/CG x 1 CGs, 19660800 bytes)...
[M::mem_process_seqs_merge2] CPE FASTQ formatting done
step1 0x500002002a30
slave pre done
now n is 103474
processed 103474
[M::mem_process_seqs_merge2] Processed 103474 reads in 6.770 CPU sec, 6.786 real sec
step2 put 0x500002004150
step2 get 0x5000020041a0
[M::process] read chunk (19660800 bytes/CG x 1 CGs, 19660800 bytes)...
step3 0x500002004150
[M::mem_process_seqs_merge2] CPE FASTQ formatting done
step1 0x500002004100
slave pre done
now n is 103474
processed 103474
[M::mem_process_seqs_merge2] Processed 103474 reads in 6.860 CPU sec, 6.876 real sec
step2 put 0x5000020041a0
step2 get 0x5000020029e0
[M::process] read chunk (19660800 bytes/CG x 1 CGs, 19660800 bytes)...
step3 0x5000020041a0
[M::mem_process_seqs_merge2] CPE FASTQ formatting done
step1 0x500002004150
slave pre done
now n is 103474
processed 103474
[M::mem_process_seqs_merge2] Processed 103474 reads in 6.550 CPU sec, 6.582 real sec
step2 put 0x5000020029e0
step2 get 0x5000020028f0
[M::process] read chunk (19660800 bytes/CG x 1 CGs, 19660800 bytes)...
step3 0x5000020029e0
[M::mem_process_seqs_merge2] CPE FASTQ formatting done
step1 0x5000020041a0
slave pre done
now n is 103474
processed 103474
[M::mem_process_seqs_merge2] Processed 103474 reads in 6.980 CPU sec, 7.045 real sec
step2 put 0x5000020028f0
step2 get 0x500002002a30
step3 0x5000020028f0
[M::process] read chunk (19660800 bytes/CG x 1 CGs, 1875680 bytes)...
step1 0x5000020029e0
[M::mem_process_seqs_merge2] CPE FASTQ formatting done
slave pre done
now n is 103474
processed 103474
[M::mem_process_seqs_merge2] Processed 103474 reads in 6.370 CPU sec, 6.367 real sec
step2 put 0x500002002a30
step2 get 0x500002004100
step3 0x500002002a30
[M::mem_process_seqs_merge2] CPE FASTQ formatting done
slave pre done
now n is 103474
processed 103474
[M::mem_process_seqs_merge2] Processed 103474 reads in 6.540 CPU sec, 6.585 real sec
step2 put 0x500002004100
step2 get 0x500002004150
step3 0x500002004100
[M::mem_process_seqs_merge2] CPE FASTQ formatting done
slave pre done
now n is 103474
processed 103474
[M::mem_process_seqs_merge2] Processed 103474 reads in 6.780 CPU sec, 6.831 real sec
step2 put 0x500002004150
step2 get 0x5000020041a0
step3 0x500002004150
[M::mem_process_seqs_merge2] CPE FASTQ formatting done
slave pre done
now n is 103474
processed 103474
[M::mem_process_seqs_merge2] Processed 103474 reads in 6.580 CPU sec, 6.573 real sec
step2 put 0x5000020041a0
step2 get 0x5000020029e0
step3 0x5000020041a0
[M::mem_process_seqs_merge2] CPE FASTQ formatting done
slave pre done
now n is 9872
processed 9872
[M::mem_process_seqs_merge2] Processed 9872 reads in 0.960 CPU sec, 0.973 real sec
step2 put 0x5000020029e0
step3 0x5000020029e0

====================== SWBWA Output Debug =====================
  MPI rank: 000000 / 000001
  mode:     non-MPI POSIX
  path:     ./default_single2/no1/SRR7963242_PE.sam

  Output volume
    output buffer capacity                           67108864
    swbwa_output_write calls                         5000000
    submitted SAM bytes                           2107655733
    buffered flushes                                      32
    buffered flush bytes                          2107655733
    direct oversized writes                                0
    direct oversized bytes                                 0

  Buffering
    buffered flush total                        39.573501 s  (32 calls, 1236671.919 us/call)

  POSIX file writes
    write system calls                                     32
    write system-call bytes                        2107655733
    POSIX write system calls                    39.573396 s  (32 calls, 1236668.609 us/call)
    POSIX write effective bandwidth                50.792 MiB/s

  Output close timing
    POSIX close                                  0.000394 s  (1 calls,   394.452 us/call)
================================================================


======================= SWBWA Timing Report =======================
  Accumulated wall-clock time; indented rows are included in
  their parent row and must not be added to it.

  Pipeline
    total - complete three-stage pipeline                   337.148 s
    stage 1 - allocate and read raw FASTQ blocks             21.197 s
    stage 2 - align reads and generate SAM records          336.265 s
    stage 3 - write SAM and release batch data               53.816 s
      SAM output writes                                        48.491 s
      batch cleanup and loop overhead (derived)                 5.324 s

  Stage 1 input details
    batches completed / stage calls                      49 / 50
    input-buffer and batch allocations                        0.000 s  (148 calls, max 0.000 s)
    aggregate requested allocation bytes           1891291712
    FASTQ fseeko calls                                        0.001 s  (98 calls, max 0.000 s)
    FASTQ fread calls                                        21.192 s  (98 calls, max 0.323 s)
    align chunk ends to FASTQ record boundaries               0.000 s  (96 calls, max 0.000 s)
    scheduler, checks and bookkeeping (derived)               0.003 s
    raw FASTQ bytes read                           1891188160  (1803.578 MiB)
    effective fread bandwidth                         85.105 MiB/s
    slowest allocation                                 0.000 s  (19661824 bytes)
    slowest fread                                      0.323 s  (R1 offset=314558604, bytes=19660800)

  Stage 2 worker details
    total - active merge worker                             336.261 s
      part 1 - prepare CPE task and reusable buffers            2.713 s
      part 2 - CPE FASTQ formatting and input release           0.655 s
      part 3 - CPE alignment and SAM length pass              331.939 s
      part 4 - assign slices in the shared SAM buffer           0.357 s
      part 5 - CPE SAM record generation                        0.593 s
      part 6 - release temporary worker data                    0.001 s

  Reserved allocator timers (no active timing sites)
    malloc timer                                              0.000 s
    free timer                                                0.000 s
===================================================================

[main] Version: 0.0.1
[main] CMD: ./SWBWA mem -v 4 -t 1 -o ./default_single2/no1/SRR7963242_PE.sam -I 170,80,500,1 ../data/GRCh38.d1.vd1.fa ../data/SRR7963242_1.fastq_1 ../data/SRR7963242_2.fastq_1
