[M::main_mem] mean insert size: 170.000, stddev: 80.000, max: 500, min: 1
[CPE input] bytes_per_cg=19660800 cg_count=6 chunk_bytes=117964800 file_bytes=945555584
malloc bwt->bwt 3107576584, 0x580000486040
malloc bwt->sa 1553788264, 0x5800b9823b60
[M::bwa_idx_load_from_disk] read 0 ALT contigs
malloc pac 776894131, 0x580116285940
the input file is ../data/SRR7963242_1.fastq_1
the output file is correctness_results/ksw_i16_int32_8_20260828/scalar_8/SRR7963242_SE.sam
[M::process] read chunk (19660800 bytes/CG x 6 CGs, 117964800 bytes)...
[M::swbwa_cross_runtime_init] initialized cross-segment runtime in 0.068 sec
start swbwa_cross_run
[M::mem_process_seqs_merge2] CPE FASTQ formatting done
start swbwa_cross_run
slave pre done
now n is 314916
start swbwa_cross_run
processed 314916
[M::mem_process_seqs_merge2] Processed 314916 reads in 0.090 CPU sec, 2.146 real sec
[M::process] read chunk (19660800 bytes/CG x 6 CGs, 117964800 bytes)...
[DBG stage1] slow fread: R1 offset=117963996 requested=117964800 read=117964800 elapsed=1.053 s
start swbwa_cross_run
[M::mem_process_seqs_merge2] CPE FASTQ formatting done
start swbwa_cross_run
slave pre done
now n is 313734
start swbwa_cross_run
processed 313734
[M::mem_process_seqs_merge2] Processed 313734 reads in 0.030 CPU sec, 1.646 real sec
[M::process] read chunk (19660800 bytes/CG x 6 CGs, 117964800 bytes)...
start swbwa_cross_run
[M::mem_process_seqs_merge2] CPE FASTQ formatting done
start swbwa_cross_run
slave pre done
now n is 313734
start swbwa_cross_run
processed 313734
[M::mem_process_seqs_merge2] Processed 313734 reads in 0.030 CPU sec, 1.552 real sec
[M::process] read chunk (19660800 bytes/CG x 6 CGs, 117964800 bytes)...
start swbwa_cross_run
[M::mem_process_seqs_merge2] CPE FASTQ formatting done
start swbwa_cross_run
slave pre done
now n is 311038
start swbwa_cross_run
processed 311038
[M::mem_process_seqs_merge2] Processed 311038 reads in 0.030 CPU sec, 1.540 real sec
[M::process] read chunk (19660800 bytes/CG x 6 CGs, 117964800 bytes)...
start swbwa_cross_run
[M::mem_process_seqs_merge2] CPE FASTQ formatting done
start swbwa_cross_run
slave pre done
now n is 310431
start swbwa_cross_run
processed 310431
[M::mem_process_seqs_merge2] Processed 310431 reads in 0.030 CPU sec, 1.597 real sec
[M::process] read chunk (19660800 bytes/CG x 6 CGs, 117964800 bytes)...
start swbwa_cross_run
[M::mem_process_seqs_merge2] CPE FASTQ formatting done
start swbwa_cross_run
slave pre done
now n is 310431
start swbwa_cross_run
processed 310431
[M::mem_process_seqs_merge2] Processed 310431 reads in 0.040 CPU sec, 1.580 real sec
[M::process] read chunk (19660800 bytes/CG x 6 CGs, 117964800 bytes)...
start swbwa_cross_run
[M::mem_process_seqs_merge2] CPE FASTQ formatting done
start swbwa_cross_run
slave pre done
now n is 310431
start swbwa_cross_run
processed 310431
[M::mem_process_seqs_merge2] Processed 310431 reads in 0.040 CPU sec, 1.532 real sec
[M::process] read chunk (19660800 bytes/CG x 6 CGs, 117964800 bytes)...
start swbwa_cross_run
[M::mem_process_seqs_merge2] CPE FASTQ formatting done
start swbwa_cross_run
slave pre done
now n is 310431
start swbwa_cross_run
processed 310431
[M::mem_process_seqs_merge2] Processed 310431 reads in 0.040 CPU sec, 1.533 real sec
[M::process] read chunk (19660800 bytes/CG x 6 CGs, 1844520 bytes)...
start swbwa_cross_run
[M::mem_process_seqs_merge2] CPE FASTQ formatting done
start swbwa_cross_run
slave pre done
now n is 4854
start swbwa_cross_run
processed 4854
[M::mem_process_seqs_merge2] Processed 4854 reads in 0.010 CPU sec, 0.170 real sec

====================== SWBWA Output Debug =====================
  MPI rank: 000000 / 000001
  mode:     non-MPI POSIX
  path:     correctness_results/ksw_i16_int32_8_20260828/scalar_8/SRR7963242_SE.sam

  Output volume
    output buffer capacity                           67108864
    swbwa_output_write calls                         2500000
    submitted SAM bytes                            104125543
    buffered flushes                                       2
    buffered flush bytes                           104125543
    direct oversized writes                                0
    direct oversized bytes                                 0

  Buffering
    buffered flush total                         1.411593 s  (2 calls, 705796.382 us/call)

  POSIX file writes
    write system calls                                      2
    write system-call bytes                         104125543
    POSIX write system calls                     1.411588 s  (2 calls, 705793.932 us/call)
    POSIX write effective bandwidth                70.348 MiB/s

  Output close timing
    POSIX close                                  0.000483 s  (1 calls,   482.803 us/call)
================================================================


======================= SWBWA Timing Report =======================
  Accumulated wall-clock time; indented rows are included in
  their parent row and must not be added to it.

  Pipeline
    total - complete three-stage pipeline                    24.216 s
    stage 1 - allocate and read raw FASTQ blocks              6.818 s
    stage 2 - align reads and generate SAM records           13.298 s
    stage 3 - write SAM and release batch data                3.507 s
      SAM output writes                                         2.563 s
      batch cleanup and loop overhead (derived)                 0.945 s

  Stage 1 input details
    batches completed / stage calls                       9 / 10
    input-buffer and batch allocations                        0.000 s  (19 calls, max 0.000 s)
    aggregate requested allocation bytes            945572776
    FASTQ fseeko calls                                        0.000 s  (9 calls, max 0.000 s)
    FASTQ fread calls                                         6.815 s  (9 calls, max 1.053 s)
    align chunk ends to FASTQ record boundaries               0.000 s  (8 calls, max 0.000 s)
    scheduler, checks and bookkeeping (derived)               0.003 s
    raw FASTQ bytes read                            945562920  (901.759 MiB)
    effective fread bandwidth                        132.328 MiB/s
    slowest allocation                                 0.000 s  (64 bytes)
    slowest fread                                      1.053 s  (R1 offset=117963996, bytes=117964800)

  Stage 2 worker details
    total - active merge worker                              13.297 s
      part 1 - prepare CPE task and reusable buffers            0.185 s
      part 2 - CPE FASTQ formatting and input release           0.094 s
      part 3 - CPE alignment and SAM length pass               12.637 s
      part 4 - assign slices in the shared SAM buffer           0.237 s
      part 5 - CPE SAM record generation                        0.142 s
      part 6 - release temporary worker data                    0.000 s

  Reserved allocator timers (no active timing sites)
    malloc timer                                              0.000 s
    free timer                                                0.000 s
===================================================================

[main] Version: 0.0.1
[main] CMD: ./SWBWA mem -v 4 -t 1 -1 -A 2 -o correctness_results/ksw_i16_int32_8_20260828/scalar_8/SRR7963242_SE.sam -I 170,80,500,1 ../data/GRCh38.d1.vd1.fa ../data/SRR7963242_1.fastq_1
