[M::main_mem] mean insert size: 170.000, stddev: 80.000, max: 500, min: 1
[MPI input] mode=dynamic chunks=12 bytes_per_cg=19660800 cg_count=1 chunk_bytes=19660800 file_bytes=223555584 scheduler=distributed read_index=exact
malloc bwt->bwt 3107576584, 0x500008804020
malloc bwt->sa 1553788264, 0x5000c1ba1b40
[M::bwa_idx_load_from_disk] read 0 ALT contigs
malloc pac 776894131, 0x50011e5708c0
the input file is ../data/ERR1203383_1.fastq_1
[MPI rank 000000/000006] output: correctness_results/mpi_dynamic_split/has1/ERR1203383_SE.rank000000.sam
[MPI rank 000004/000006] output: correctness_results/mpi_dynamic_split/has1/ERR1203383_SE.rank000004.sam
[MPI rank 000001/000006] output: correctness_results/mpi_dynamic_split/has1/ERR1203383_SE.rank000001.sam
[MPI rank 000005/000006] output: correctness_results/mpi_dynamic_split/has1/ERR1203383_SE.rank000005.sam
[MPI rank 000002/000006] output: correctness_results/mpi_dynamic_split/has1/ERR1203383_SE.rank000002.sam
[MPI rank 000003/000006] output: correctness_results/mpi_dynamic_split/has1/ERR1203383_SE.rank000003.sam
[M::process] read chunk (19660800 bytes/CG x 1 CGs, 19660976 bytes)...
[M::mem_process_seqs_merge2] Processed 89570 reads in 1.240 CPU sec, 1.256 real sec
[M::process] read chunk (19660800 bytes/CG x 1 CGs, 19660928 bytes)...
[M::mem_process_seqs_merge2] Processed 87772 reads in 0.860 CPU sec, 0.864 real sec
[MPI rank 000000/000006] input work: chunks=2 records=177342 bytes=39321904
[MPI rank 000003/000006] input work: chunks=2 records=175543 bytes=39321632
[MPI rank 000002/000006] input work: chunks=2 records=175543 bytes=39321632
[MPI rank 000004/000006] input work: chunks=2 records=175543 bytes=39321632
[MPI rank 000005/000006] input work: chunks=2 records=120301 bytes=26947428
[MPI rank 000001/000006] input work: chunks=2 records=175728 bytes=39321356

======================= SWBWA Timing Report =======================
  MPI rank: 000000 / 000006
  Accumulated wall-clock time; indented rows are included in
  their parent row and must not be added to it.

  Pipeline
    total - complete three-stage pipeline                     6.549 s
    stage 1 - allocate and read raw FASTQ blocks              1.700 s
    stage 2 - align reads and generate SAM records            2.121 s
    stage 3 - write SAM and release batch data                0.178 s
      SAM output writes                                         0.114 s
      batch cleanup and loop overhead (derived)                 0.064 s

  Stage 1 input details
    batches completed / stage calls                       2 / 3
    input-buffer and batch allocations                        0.000 s  (5 calls, max 0.000 s)
    aggregate requested allocation bytes             39324144
    FASTQ fseeko calls                                        0.007 s  (2 calls, max 0.007 s)
    FASTQ fread calls                                         1.256 s  (2 calls, max 0.717 s)
    align chunk ends to FASTQ record boundaries               0.000 s  (0 calls, max 0.000 s)
    scheduler, checks and bookkeeping (derived)               0.437 s
    raw FASTQ bytes read                             39321904  (37.500 MiB)
    effective fread bandwidth                         29.854 MiB/s
    slowest allocation                                 0.000 s  (19662000 bytes)
    slowest fread                                      0.717 s  (R1 offset=0, bytes=19660976)

  Stage 2 worker details
    total - active merge worker                               2.120 s
      part 1 - prepare CPE task and reusable buffers            0.534 s
      part 2 - CPE FASTQ formatting and input release           0.011 s
      part 3 - CPE alignment and SAM length pass                1.542 s
      part 4 - assign slices in the shared SAM buffer           0.012 s
      part 5 - CPE SAM record generation                        0.020 s
      part 6 - release temporary worker data                    0.000 s

  Reserved allocator timers (no active timing sites)
    malloc timer                                              0.000 s
    free timer                                                0.000 s
===================================================================


======================= SWBWA Timing Report =======================
  MPI rank: 000001 / 000006
  Accumulated wall-clock time; indented rows are included in
  their parent row and must not be added to it.

  Pipeline
    total - complete three-stage pipeline                     6.538 s
    stage 1 - allocate and read raw FASTQ blocks              3.677 s
    stage 2 - align reads and generate SAM records            2.137 s
    stage 3 - write SAM and release batch data                0.174 s
      SAM output writes                                         0.112 s
      batch cleanup and loop overhead (derived)                 0.063 s

  Stage 1 input details
    batches completed / stage calls                       2 / 3
    input-buffer and batch allocations                        0.000 s  (5 calls, max 0.000 s)
    aggregate requested allocation bytes             39323596
    FASTQ fseeko calls                                        0.011 s  (2 calls, max 0.007 s)
    FASTQ fread calls                                         1.297 s  (2 calls, max 0.660 s)
    align chunk ends to FASTQ record boundaries               0.000 s  (0 calls, max 0.000 s)
    scheduler, checks and bookkeeping (derived)               2.369 s
    raw FASTQ bytes read                             39321356  (37.500 MiB)
    effective fread bandwidth                         28.914 MiB/s
    slowest allocation                                 0.000 s  (19661728 bytes)
    slowest fread                                      0.660 s  (R1 offset=137625820, bytes=19660704)

  Stage 2 worker details
    total - active merge worker                               2.137 s
      part 1 - prepare CPE task and reusable buffers            0.548 s
      part 2 - CPE FASTQ formatting and input release           0.011 s
      part 3 - CPE alignment and SAM length pass                1.546 s
      part 4 - assign slices in the shared SAM buffer           0.012 s
      part 5 - CPE SAM record generation                        0.020 s
      part 6 - release temporary worker data                    0.000 s

  Reserved allocator timers (no active timing sites)
    malloc timer                                              0.000 s
    free timer                                                0.000 s
===================================================================


======================= SWBWA Timing Report =======================
  MPI rank: 000002 / 000006
  Accumulated wall-clock time; indented rows are included in
  their parent row and must not be added to it.

  Pipeline
    total - complete three-stage pipeline                     6.537 s
    stage 1 - allocate and read raw FASTQ blocks              1.728 s
    stage 2 - align reads and generate SAM records            2.100 s
    stage 3 - write SAM and release batch data                0.171 s
      SAM output writes                                         0.110 s
      batch cleanup and loop overhead (derived)                 0.060 s

  Stage 1 input details
    batches completed / stage calls                       2 / 3
    input-buffer and batch allocations                        0.000 s  (5 calls, max 0.000 s)
    aggregate requested allocation bytes             39323872
    FASTQ fseeko calls                                        0.009 s  (2 calls, max 0.006 s)
    FASTQ fread calls                                         1.346 s  (2 calls, max 0.699 s)
    align chunk ends to FASTQ record boundaries               0.000 s  (0 calls, max 0.000 s)
    scheduler, checks and bookkeeping (derived)               0.373 s
    raw FASTQ bytes read                             39321632  (37.500 MiB)
    effective fread bandwidth                         27.856 MiB/s
    slowest allocation                                 0.000 s  (19661728 bytes)
    slowest fread                                      0.699 s  (R1 offset=39321628, bytes=19660928)

  Stage 2 worker details
    total - active merge worker                               2.100 s
      part 1 - prepare CPE task and reusable buffers            0.533 s
      part 2 - CPE FASTQ formatting and input release           0.011 s
      part 3 - CPE alignment and SAM length pass                1.524 s
      part 4 - assign slices in the shared SAM buffer           0.012 s
      part 5 - CPE SAM record generation                        0.020 s
      part 6 - release temporary worker data                    0.000 s

  Reserved allocator timers (no active timing sites)
    malloc timer                                              0.000 s
    free timer                                                0.000 s
===================================================================


======================= SWBWA Timing Report =======================
  MPI rank: 000003 / 000006
  Accumulated wall-clock time; indented rows are included in
  their parent row and must not be added to it.

  Pipeline
    total - complete three-stage pipeline                     6.538 s
    stage 1 - allocate and read raw FASTQ blocks              1.741 s
    stage 2 - align reads and generate SAM records            2.088 s
    stage 3 - write SAM and release batch data                0.170 s
      SAM output writes                                         0.111 s
      batch cleanup and loop overhead (derived)                 0.060 s

  Stage 1 input details
    batches completed / stage calls                       2 / 3
    input-buffer and batch allocations                        0.000 s  (5 calls, max 0.000 s)
    aggregate requested allocation bytes             39323872
    FASTQ fseeko calls                                        0.007 s  (2 calls, max 0.006 s)
    FASTQ fread calls                                         1.067 s  (2 calls, max 0.567 s)
    align chunk ends to FASTQ record boundaries               0.000 s  (0 calls, max 0.000 s)
    scheduler, checks and bookkeeping (derived)               0.668 s
    raw FASTQ bytes read                             39321632  (37.500 MiB)
    effective fread bandwidth                         35.150 MiB/s
    slowest allocation                                 0.000 s  (19661728 bytes)
    slowest fread                                      0.567 s  (R1 offset=58982556, bytes=19660704)

  Stage 2 worker details
    total - active merge worker                               2.088 s
      part 1 - prepare CPE task and reusable buffers            0.553 s
      part 2 - CPE FASTQ formatting and input release           0.011 s
      part 3 - CPE alignment and SAM length pass                1.492 s
      part 4 - assign slices in the shared SAM buffer           0.012 s
      part 5 - CPE SAM record generation                        0.020 s
      part 6 - release temporary worker data                    0.000 s

  Reserved allocator timers (no active timing sites)
    malloc timer                                              0.000 s
    free timer                                                0.000 s
===================================================================

[main] Version: 0.0.1
[main] CMD: ./SWBWA mem -v 3 -t 1 -1 -o correctness_results/mpi_dynamic_split/has1/ERR1203383_SE.sam -I 170,80,500,1 ../data/GRCh38.d1.vd1.fa ../data/ERR1203383_1.fastq_1

======================= SWBWA Timing Report =======================
  MPI rank: 000004 / 000006
  Accumulated wall-clock time; indented rows are included in
  their parent row and must not be added to it.

  Pipeline
    total - complete three-stage pipeline                     6.538 s
    stage 1 - allocate and read raw FASTQ blocks              2.902 s
    stage 2 - align reads and generate SAM records            1.969 s
    stage 3 - write SAM and release batch data                0.173 s
      SAM output writes                                         0.111 s
      batch cleanup and loop overhead (derived)                 0.062 s

  Stage 1 input details
    batches completed / stage calls                       2 / 3
    input-buffer and batch allocations                        0.000 s  (5 calls, max 0.000 s)
    aggregate requested allocation bytes             39323872
    FASTQ fseeko calls                                        0.010 s  (2 calls, max 0.006 s)
    FASTQ fread calls                                         1.275 s  (2 calls, max 0.644 s)
    align chunk ends to FASTQ record boundaries               0.000 s  (0 calls, max 0.000 s)
    scheduler, checks and bookkeeping (derived)               1.617 s
    raw FASTQ bytes read                             39321632  (37.500 MiB)
    effective fread bandwidth                         29.410 MiB/s
    slowest allocation                                 0.000 s  (19661728 bytes)
    slowest fread                                      0.644 s  (R1 offset=196608156, bytes=19660704)

  Stage 2 worker details
    total - active merge worker                               1.968 s
      part 1 - prepare CPE task and reusable buffers            0.530 s
      part 2 - CPE FASTQ formatting and input release           0.011 s
      part 3 - CPE alignment and SAM length pass                1.395 s
      part 4 - assign slices in the shared SAM buffer           0.012 s
      part 5 - CPE SAM record generation                        0.019 s
      part 6 - release temporary worker data                    0.000 s

  Reserved allocator timers (no active timing sites)
    malloc timer                                              0.000 s
    free timer                                                0.000 s
===================================================================


======================= SWBWA Timing Report =======================
  MPI rank: 000005 / 000006
  Accumulated wall-clock time; indented rows are included in
  their parent row and must not be added to it.

  Pipeline
    total - complete three-stage pipeline                     6.538 s
    stage 1 - allocate and read raw FASTQ blocks              3.810 s
    stage 2 - align reads and generate SAM records            1.593 s
    stage 3 - write SAM and release batch data                0.146 s
      SAM output writes                                         0.094 s
      batch cleanup and loop overhead (derived)                 0.053 s

  Stage 1 input details
    batches completed / stage calls                       2 / 3
    input-buffer and batch allocations                        0.000 s  (5 calls, max 0.000 s)
    aggregate requested allocation bytes             26949668
    FASTQ fseeko calls                                        0.011 s  (2 calls, max 0.008 s)
    FASTQ fread calls                                         0.888 s  (2 calls, max 0.611 s)
    align chunk ends to FASTQ record boundaries               0.000 s  (0 calls, max 0.000 s)
    scheduler, checks and bookkeeping (derived)               2.910 s
    raw FASTQ bytes read                             26947428  (25.699 MiB)
    effective fread bandwidth                         28.934 MiB/s
    slowest allocation                                 0.000 s  (19661728 bytes)
    slowest fread                                      0.611 s  (R1 offset=98304188, bytes=19660704)

  Stage 2 worker details
    total - active merge worker                               1.593 s
      part 1 - prepare CPE task and reusable buffers            0.535 s
      part 2 - CPE FASTQ formatting and input release           0.008 s
      part 3 - CPE alignment and SAM length pass                1.027 s
      part 4 - assign slices in the shared SAM buffer           0.010 s
      part 5 - CPE SAM record generation                        0.013 s
      part 6 - release temporary worker data                    0.000 s

  Reserved allocator timers (no active timing sites)
    malloc timer                                              0.000 s
    free timer                                                0.000 s
===================================================================
