Loaded 1000000 SAM records
Loaded 2000000 SAM records
Loaded 3000000 SAM records
Loaded 4000000 SAM records
Loaded 5000000 SAM records
Loaded 6000000 SAM records
Loaded 7000000 SAM records
Loaded 8000000 SAM records
Loaded 9000000 SAM records
Loaded 10000000 SAM records
Loaded 11000000 SAM records
Loaded 12000000 SAM records
Loaded 13000000 SAM records
Loaded 14000000 SAM records
Loaded 15000000 SAM records
Loaded 16000000 SAM records
Loaded 17000000 SAM records
Loaded 18000000 SAM records
Loaded 19000000 SAM records
Loaded 20000000 SAM records
Finished loading 20136592 SAM records
Sorting records by ID...
Sorting finished
Written 1000000 SAM records
Written 2000000 SAM records
Written 3000000 SAM records
Written 4000000 SAM records
Written 5000000 SAM records
Written 6000000 SAM records
Written 7000000 SAM records
Written 8000000 SAM records
Written 9000000 SAM records
Written 10000000 SAM records
Written 11000000 SAM records
Written 12000000 SAM records
Written 13000000 SAM records
Written 14000000 SAM records
Written 15000000 SAM records
Written 16000000 SAM records
Written 17000000 SAM records
Written 18000000 SAM records
Written 19000000 SAM records
Written 20000000 SAM records
Sorted 20136592 SAM records
Output: /home/export/online1/mdt00/shisuan/swls-CFD/guoshi/ylf/SWBWA_dep_20260914/results/B.sorted.sam
