[M::main_mem] mean insert size: 170.000, stddev: 80.000, max: 500, min: 1
[CPE input] bytes_per_cg=19660800 cg_count=1 chunk_bytes=19660800 file_bytes=945555584
malloc bwt->bwt 3107576584, 0x500002429500
malloc bwt->sa 1553788264, 0x5000bb7c7020
[M::bwa_idx_load_from_disk] read 0 ALT contigs
malloc pac 776894131, 0x500118228940
the input file is ../data/SRR7963242_1.fastq_1
the output file is correctness_results/single_system/has1/SRR7963242_SE.sam
[M::process] read chunk (19660800 bytes/CG x 1 CGs, 19660800 bytes)...
[M::mem_process_seqs_merge2] Processed 52969 reads in 2.740 CPU sec, 2.739 real sec
[M::process] read chunk (19660800 bytes/CG x 1 CGs, 19660800 bytes)...
[M::mem_process_seqs_merge2] Processed 52787 reads in 1.850 CPU sec, 1.851 real sec
[M::process] read chunk (19660800 bytes/CG x 1 CGs, 19660800 bytes)...
[M::mem_process_seqs_merge2] Processed 52287 reads in 2.020 CPU sec, 2.014 real sec
[M::process] read chunk (19660800 bytes/CG x 1 CGs, 19660800 bytes)...
[M::mem_process_seqs_merge2] Processed 52287 reads in 1.780 CPU sec, 1.771 real sec
[M::process] read chunk (19660800 bytes/CG x 1 CGs, 19660800 bytes)...
[M::mem_process_seqs_merge2] Processed 52287 reads in 1.810 CPU sec, 1.810 real sec
[M::process] read chunk (19660800 bytes/CG x 1 CGs, 19660800 bytes)...
[M::mem_process_seqs_merge2] Processed 52287 reads in 1.680 CPU sec, 1.683 real sec
[M::process] read chunk (19660800 bytes/CG x 1 CGs, 19660800 bytes)...
[M::mem_process_seqs_merge2] Processed 52287 reads in 1.430 CPU sec, 1.423 real sec
[M::process] read chunk (19660800 bytes/CG x 1 CGs, 19660800 bytes)...
[M::mem_process_seqs_merge2] Processed 52287 reads in 1.460 CPU sec, 1.454 real sec
[M::process] read chunk (19660800 bytes/CG x 1 CGs, 19660800 bytes)...
[M::mem_process_seqs_merge2] Processed 52287 reads in 1.390 CPU sec, 1.390 real sec
[M::process] read chunk (19660800 bytes/CG x 1 CGs, 19660800 bytes)...
[M::mem_process_seqs_merge2] Processed 52287 reads in 1.450 CPU sec, 1.443 real sec
[M::process] read chunk (19660800 bytes/CG x 1 CGs, 19660800 bytes)...
[M::mem_process_seqs_merge2] Processed 52287 reads in 1.510 CPU sec, 1.518 real sec
[M::process] read chunk (19660800 bytes/CG x 1 CGs, 19660800 bytes)...
[M::mem_process_seqs_merge2] Processed 52287 reads in 1.490 CPU sec, 1.483 real sec
[M::process] read chunk (19660800 bytes/CG x 1 CGs, 19660800 bytes)...
[M::mem_process_seqs_merge2] Processed 52287 reads in 1.460 CPU sec, 1.463 real sec
[M::process] read chunk (19660800 bytes/CG x 1 CGs, 19660800 bytes)...
[M::mem_process_seqs_merge2] Processed 52287 reads in 1.440 CPU sec, 1.445 real sec
[M::process] read chunk (19660800 bytes/CG x 1 CGs, 19660800 bytes)...
[M::mem_process_seqs_merge2] Processed 52287 reads in 1.380 CPU sec, 1.377 real sec
[M::process] read chunk (19660800 bytes/CG x 1 CGs, 19660800 bytes)...
[M::mem_process_seqs_merge2] Processed 52287 reads in 1.490 CPU sec, 1.492 real sec
[M::process] read chunk (19660800 bytes/CG x 1 CGs, 19660800 bytes)...
[M::mem_process_seqs_merge2] Processed 52287 reads in 1.460 CPU sec, 1.460 real sec
[M::process] read chunk (19660800 bytes/CG x 1 CGs, 19660800 bytes)...
[M::mem_process_seqs_merge2] Processed 52287 reads in 1.390 CPU sec, 1.395 real sec
[M::process] read chunk (19660800 bytes/CG x 1 CGs, 19660800 bytes)...
[M::mem_process_seqs_merge2] Processed 52287 reads in 1.410 CPU sec, 1.406 real sec
[M::process] read chunk (19660800 bytes/CG x 1 CGs, 19660800 bytes)...
[M::mem_process_seqs_merge2] Processed 51793 reads in 1.410 CPU sec, 1.409 real sec
[M::process] read chunk (19660800 bytes/CG x 1 CGs, 19660800 bytes)...
[M::mem_process_seqs_merge2] Processed 51737 reads in 1.310 CPU sec, 1.315 real sec
[M::process] read chunk (19660800 bytes/CG x 1 CGs, 19660800 bytes)...
[M::mem_process_seqs_merge2] Processed 51737 reads in 1.350 CPU sec, 1.350 real sec
[M::process] read chunk (19660800 bytes/CG x 1 CGs, 19660800 bytes)...
[M::mem_process_seqs_merge2] Processed 51737 reads in 1.350 CPU sec, 1.349 real sec
[M::process] read chunk (19660800 bytes/CG x 1 CGs, 19660800 bytes)...
[M::mem_process_seqs_merge2] Processed 51737 reads in 1.390 CPU sec, 1.384 real sec
[M::process] read chunk (19660800 bytes/CG x 1 CGs, 19660800 bytes)...
[M::mem_process_seqs_merge2] Processed 51737 reads in 1.390 CPU sec, 1.390 real sec
[M::process] read chunk (19660800 bytes/CG x 1 CGs, 19660800 bytes)...
[M::mem_process_seqs_merge2] Processed 51737 reads in 1.420 CPU sec, 1.418 real sec
[M::process] read chunk (19660800 bytes/CG x 1 CGs, 19660800 bytes)...
[M::mem_process_seqs_merge2] Processed 51737 reads in 1.430 CPU sec, 1.429 real sec
[M::process] read chunk (19660800 bytes/CG x 1 CGs, 19660800 bytes)...
[M::mem_process_seqs_merge2] Processed 51737 reads in 1.430 CPU sec, 1.422 real sec
[M::process] read chunk (19660800 bytes/CG x 1 CGs, 19660800 bytes)...
[M::mem_process_seqs_merge2] Processed 51737 reads in 1.340 CPU sec, 1.339 real sec
[M::process] read chunk (19660800 bytes/CG x 1 CGs, 19660800 bytes)...
[M::mem_process_seqs_merge2] Processed 51737 reads in 1.420 CPU sec, 1.420 real sec
[M::process] read chunk (19660800 bytes/CG x 1 CGs, 19660800 bytes)...
[M::mem_process_seqs_merge2] Processed 51737 reads in 1.350 CPU sec, 1.353 real sec
[M::process] read chunk (19660800 bytes/CG x 1 CGs, 19660800 bytes)...
[M::mem_process_seqs_merge2] Processed 51737 reads in 1.420 CPU sec, 1.421 real sec
[M::process] read chunk (19660800 bytes/CG x 1 CGs, 19660800 bytes)...
[M::mem_process_seqs_merge2] Processed 51737 reads in 1.340 CPU sec, 1.345 real sec
[M::process] read chunk (19660800 bytes/CG x 1 CGs, 19660800 bytes)...
[M::mem_process_seqs_merge2] Processed 51737 reads in 1.380 CPU sec, 1.379 real sec
[M::process] read chunk (19660800 bytes/CG x 1 CGs, 19660800 bytes)...
[M::mem_process_seqs_merge2] Processed 51737 reads in 1.390 CPU sec, 1.398 real sec
[M::process] read chunk (19660800 bytes/CG x 1 CGs, 19660800 bytes)...
[M::mem_process_seqs_merge2] Processed 51737 reads in 1.370 CPU sec, 1.366 real sec
[M::process] read chunk (19660800 bytes/CG x 1 CGs, 19660800 bytes)...
[M::mem_process_seqs_merge2] Processed 51737 reads in 1.390 CPU sec, 1.384 real sec
[M::process] read chunk (19660800 bytes/CG x 1 CGs, 19660800 bytes)...
[M::mem_process_seqs_merge2] Processed 51737 reads in 1.390 CPU sec, 1.388 real sec
[M::process] read chunk (19660800 bytes/CG x 1 CGs, 19660800 bytes)...
[M::mem_process_seqs_merge2] Processed 51737 reads in 1.420 CPU sec, 1.425 real sec
[M::process] read chunk (19660800 bytes/CG x 1 CGs, 19660800 bytes)...
[M::mem_process_seqs_merge2] Processed 51737 reads in 1.380 CPU sec, 1.379 real sec
[M::process] read chunk (19660800 bytes/CG x 1 CGs, 19660800 bytes)...
[M::mem_process_seqs_merge2] Processed 51737 reads in 1.460 CPU sec, 1.459 real sec
[M::process] read chunk (19660800 bytes/CG x 1 CGs, 19660800 bytes)...
[M::mem_process_seqs_merge2] Processed 51737 reads in 1.390 CPU sec, 1.390 real sec
[M::process] read chunk (19660800 bytes/CG x 1 CGs, 19660800 bytes)...
[M::mem_process_seqs_merge2] Processed 51737 reads in 1.430 CPU sec, 1.427 real sec
[M::process] read chunk (19660800 bytes/CG x 1 CGs, 19660800 bytes)...
[M::mem_process_seqs_merge2] Processed 51737 reads in 1.370 CPU sec, 1.371 real sec
[M::process] read chunk (19660800 bytes/CG x 1 CGs, 19660800 bytes)...
[M::mem_process_seqs_merge2] Processed 51737 reads in 1.320 CPU sec, 1.322 real sec
[M::process] read chunk (19660800 bytes/CG x 1 CGs, 19660800 bytes)...
[M::mem_process_seqs_merge2] Processed 51737 reads in 1.360 CPU sec, 1.355 real sec
[M::process] read chunk (19660800 bytes/CG x 1 CGs, 19660800 bytes)...
[M::mem_process_seqs_merge2] Processed 51737 reads in 1.420 CPU sec, 1.422 real sec
[M::process] read chunk (19660800 bytes/CG x 1 CGs, 19660800 bytes)...
[M::mem_process_seqs_merge2] Processed 51737 reads in 1.410 CPU sec, 1.410 real sec
[M::process] read chunk (19660800 bytes/CG x 1 CGs, 1875680 bytes)...
[M::mem_process_seqs_merge2] Processed 4936 reads in 0.240 CPU sec, 0.244 real sec

======================= SWBWA Timing Report =======================
  Accumulated wall-clock time; indented rows are included in
  their parent row and must not be added to it.

  Pipeline
    total - complete three-stage pipeline                   143.323 s
    stage 1 - allocate and read raw FASTQ blocks             55.904 s
    stage 2 - align reads and generate SAM records           71.086 s
    stage 3 - write SAM and release batch data               15.799 s
      SAM output writes                                        14.895 s
      batch cleanup and loop overhead (derived)                 0.904 s

  Stage 1 input details
    batches completed / stage calls                      49 / 50
    input-buffer and batch allocations                        0.000 s  (99 calls, max 0.000 s)
    aggregate requested allocation bytes            945647456
    FASTQ fseeko calls                                        0.000 s  (49 calls, max 0.000 s)
    FASTQ fread calls                                        55.899 s  (49 calls, max 4.102 s)
    align chunk ends to FASTQ record boundaries               0.000 s  (48 calls, max 0.000 s)
    scheduler, checks and bookkeeping (derived)               0.004 s
    raw FASTQ bytes read                            945594080  (901.789 MiB)
    effective fread bandwidth                         16.132 MiB/s
    slowest allocation                                 0.000 s  (64 bytes)
    slowest fread                                      4.102 s  (R1 offset=668439064, bytes=19660800)

  Stage 2 worker details
    total - active merge worker                              71.080 s
      part 1 - prepare CPE task and reusable buffers            1.086 s
      part 2 - CPE FASTQ formatting and input release           0.249 s
      part 3 - CPE alignment and SAM length pass               69.249 s
      part 4 - assign slices in the shared SAM buffer           0.171 s
      part 5 - CPE SAM record generation                        0.325 s
      part 6 - release temporary worker data                    0.001 s

  Reserved allocator timers (no active timing sites)
    malloc timer                                              0.000 s
    free timer                                                0.000 s
===================================================================

[main] Version: 0.0.1
[main] CMD: ./SWBWA mem -v 3 -t 1 -1 -o correctness_results/single_system/has1/SRR7963242_SE.sam -I 170,80,500,1 ../data/GRCh38.d1.vd1.fa ../data/SRR7963242_1.fastq_1
