[M::main_mem] mean insert size: 170.000, stddev: 80.000, max: 500, min: 1
[CPE input] bytes_per_cg=19660800 cg_count=1 chunk_bytes=19660800 file_bytes=223555584
malloc bwt->bwt 3107576584, 0x500002429500
malloc bwt->sa 1553788264, 0x5000bb7c7020
[M::bwa_idx_load_from_disk] read 0 ALT contigs
malloc pac 776894131, 0x500118228940
the input file is ../data/ERR1203383_1.fastq_1
the input file is ../data/ERR1203383_2.fastq_1
the output file is ./exclu_single2/has1/ERR1203383_PE.sam
[M::process] read chunk (19660800 bytes/CG x 1 CGs, 19660800 bytes)...
[M::mem_process_seqs_merge2] CPE FASTQ formatting done
slave pre done
now n is 179130
processed 179130
[M::mem_process_seqs_merge2] Processed 179130 reads in 1.950 CPU sec, 1.953 real sec
[M::process] read chunk (19660800 bytes/CG x 1 CGs, 19660800 bytes)...
[M::mem_process_seqs_merge2] CPE FASTQ formatting done
slave pre done
now n is 175908
processed 175908
[M::mem_process_seqs_merge2] Processed 175908 reads in 1.630 CPU sec, 1.624 real sec
[M::process] read chunk (19660800 bytes/CG x 1 CGs, 19660800 bytes)...
[M::mem_process_seqs_merge2] CPE FASTQ formatting done
slave pre done
now n is 175534
processed 175534
[M::mem_process_seqs_merge2] Processed 175534 reads in 1.610 CPU sec, 1.613 real sec
[M::process] read chunk (19660800 bytes/CG x 1 CGs, 19660800 bytes)...
[M::mem_process_seqs_merge2] CPE FASTQ formatting done
slave pre done
now n is 175534
processed 175534
[M::mem_process_seqs_merge2] Processed 175534 reads in 1.480 CPU sec, 1.483 real sec
[M::process] read chunk (19660800 bytes/CG x 1 CGs, 19660800 bytes)...
[M::mem_process_seqs_merge2] CPE FASTQ formatting done
slave pre done
now n is 175534
processed 175534
[M::mem_process_seqs_merge2] Processed 175534 reads in 1.480 CPU sec, 1.477 real sec
[M::process] read chunk (19660800 bytes/CG x 1 CGs, 19660800 bytes)...
[M::mem_process_seqs_merge2] CPE FASTQ formatting done
slave pre done
now n is 175534
processed 175534
[M::mem_process_seqs_merge2] Processed 175534 reads in 1.670 CPU sec, 1.674 real sec
[M::process] read chunk (19660800 bytes/CG x 1 CGs, 19660800 bytes)...
[M::mem_process_seqs_merge2] CPE FASTQ formatting done
slave pre done
now n is 175534
processed 175534
[M::mem_process_seqs_merge2] Processed 175534 reads in 1.970 CPU sec, 1.970 real sec
[M::process] read chunk (19660800 bytes/CG x 1 CGs, 19660800 bytes)...
[M::mem_process_seqs_merge2] CPE FASTQ formatting done
slave pre done
now n is 175534
processed 175534
[M::mem_process_seqs_merge2] Processed 175534 reads in 1.720 CPU sec, 1.724 real sec
[M::process] read chunk (19660800 bytes/CG x 1 CGs, 19660800 bytes)...
[M::mem_process_seqs_merge2] CPE FASTQ formatting done
slave pre done
now n is 175534
processed 175534
[M::mem_process_seqs_merge2] Processed 175534 reads in 2.040 CPU sec, 2.036 real sec
[M::process] read chunk (19660800 bytes/CG x 1 CGs, 19660800 bytes)...
[M::mem_process_seqs_merge2] CPE FASTQ formatting done
slave pre done
now n is 175534
processed 175534
[M::mem_process_seqs_merge2] Processed 175534 reads in 1.940 CPU sec, 1.940 real sec
[M::process] read chunk (19660800 bytes/CG x 1 CGs, 19660800 bytes)...
[M::mem_process_seqs_merge2] CPE FASTQ formatting done
slave pre done
now n is 175534
processed 175534
[M::mem_process_seqs_merge2] Processed 175534 reads in 1.510 CPU sec, 1.508 real sec
[M::process] read chunk (19660800 bytes/CG x 1 CGs, 7297476 bytes)...
[M::mem_process_seqs_merge2] CPE FASTQ formatting done
slave pre done
now n is 65156
processed 65156
[M::mem_process_seqs_merge2] Processed 65156 reads in 0.600 CPU sec, 0.594 real sec

====================== SWBWA Output Debug =====================
  MPI rank: 000000 / 000001
  mode:     non-MPI POSIX
  path:     ./exclu_single2/has1/ERR1203383_PE.sam

  Output volume
    output buffer capacity                           67108864
    swbwa_output_write calls                         2000000
    submitted SAM bytes                            523048834
    buffered flushes                                       8
    buffered flush bytes                           523048834
    direct oversized writes                                0
    direct oversized bytes                                 0

  Buffering
    buffered flush total                         7.091422 s  (8 calls, 886427.767 us/call)

  POSIX file writes
    write system calls                                      8
    write system-call bytes                         523048834
    POSIX write system calls                     7.091401 s  (8 calls, 886425.080 us/call)
    POSIX write effective bandwidth                70.341 MiB/s

  Output close timing
    POSIX close                                  0.000315 s  (1 calls,   314.955 us/call)
================================================================


======================= SWBWA Timing Report =======================
  Accumulated wall-clock time; indented rows are included in
  their parent row and must not be added to it.

  Pipeline
    total - complete three-stage pipeline                    34.839 s
    stage 1 - allocate and read raw FASTQ blocks              6.138 s
    stage 2 - align reads and generate SAM records           19.596 s
    stage 3 - write SAM and release batch data                8.317 s
      SAM output writes                                         7.601 s
      batch cleanup and loop overhead (derived)                 0.716 s

  Stage 1 input details
    batches completed / stage calls                      12 / 13
    input-buffer and batch allocations                        0.000 s  (37 calls, max 0.000 s)
    aggregate requested allocation bytes            447157960
    FASTQ fseeko calls                                        0.000 s  (24 calls, max 0.000 s)
    FASTQ fread calls                                         6.137 s  (24 calls, max 0.609 s)
    align chunk ends to FASTQ record boundaries               0.000 s  (22 calls, max 0.000 s)
    scheduler, checks and bookkeeping (derived)               0.001 s
    raw FASTQ bytes read                            447132552  (426.419 MiB)
    effective fread bandwidth                         69.487 MiB/s
    slowest allocation                                 0.000 s  (64 bytes)
    slowest fread                                      0.609 s  (R1 offset=0, bytes=19660800)

  Stage 2 worker details
    total - active merge worker                              19.595 s
      part 1 - prepare CPE task and reusable buffers            0.651 s
      part 2 - CPE FASTQ formatting and input release           0.109 s
      part 3 - CPE alignment and SAM length pass               18.506 s
      part 4 - assign slices in the shared SAM buffer           0.142 s
      part 5 - CPE SAM record generation                        0.186 s
      part 6 - release temporary worker data                    0.000 s

  Reserved allocator timers (no active timing sites)
    malloc timer                                              0.000 s
    free timer                                                0.000 s
===================================================================

[main] Version: 0.0.1
[main] CMD: ./SWBWA mem -v 4 -t 1 -1 -o ./exclu_single2/has1/ERR1203383_PE.sam -I 170,80,500,1 ../data/GRCh38.d1.vd1.fa ../data/ERR1203383_1.fastq_1 ../data/ERR1203383_2.fastq_1
