[M::main_mem] mean insert size: 170.000, stddev: 80.000, max: 500, min: 1
[CPE input] bytes_per_cg=19660800 cg_count=1 chunk_bytes=19660800 file_bytes=945555584
malloc bwt->bwt 3107576584, 0x500002429500
malloc bwt->sa 1553788264, 0x5000bb7c7020
[M::bwa_idx_load_from_disk] read 0 ALT contigs
malloc pac 776894131, 0x500118228940
the input file is ../data/SRR7963242_1.fastq_1
the output file is ./exclu_single2/has1/SRR7963242_SE.sam
[M::process] read chunk (19660800 bytes/CG x 1 CGs, 19660800 bytes)...
[M::mem_process_seqs_merge2] CPE FASTQ formatting done
slave pre done
now n is 52969
processed 52969
[M::mem_process_seqs_merge2] Processed 52969 reads in 2.740 CPU sec, 2.740 real sec
[M::process] read chunk (19660800 bytes/CG x 1 CGs, 19660800 bytes)...
[M::mem_process_seqs_merge2] CPE FASTQ formatting done
slave pre done
now n is 52787
processed 52787
[M::mem_process_seqs_merge2] Processed 52787 reads in 1.850 CPU sec, 1.850 real sec
[M::process] read chunk (19660800 bytes/CG x 1 CGs, 19660800 bytes)...
[M::mem_process_seqs_merge2] CPE FASTQ formatting done
slave pre done
now n is 52287
processed 52287
[M::mem_process_seqs_merge2] Processed 52287 reads in 2.000 CPU sec, 2.015 real sec
[M::process] read chunk (19660800 bytes/CG x 1 CGs, 19660800 bytes)...
[M::mem_process_seqs_merge2] CPE FASTQ formatting done
slave pre done
now n is 52287
processed 52287
[M::mem_process_seqs_merge2] Processed 52287 reads in 1.770 CPU sec, 1.771 real sec
[M::process] read chunk (19660800 bytes/CG x 1 CGs, 19660800 bytes)...
[M::mem_process_seqs_merge2] CPE FASTQ formatting done
slave pre done
now n is 52287
processed 52287
[M::mem_process_seqs_merge2] Processed 52287 reads in 1.810 CPU sec, 1.809 real sec
[M::process] read chunk (19660800 bytes/CG x 1 CGs, 19660800 bytes)...
[M::mem_process_seqs_merge2] CPE FASTQ formatting done
slave pre done
now n is 52287
processed 52287
[M::mem_process_seqs_merge2] Processed 52287 reads in 1.680 CPU sec, 1.684 real sec
[M::process] read chunk (19660800 bytes/CG x 1 CGs, 19660800 bytes)...
[M::mem_process_seqs_merge2] CPE FASTQ formatting done
slave pre done
now n is 52287
processed 52287
[M::mem_process_seqs_merge2] Processed 52287 reads in 1.420 CPU sec, 1.422 real sec
[M::process] read chunk (19660800 bytes/CG x 1 CGs, 19660800 bytes)...
[M::mem_process_seqs_merge2] CPE FASTQ formatting done
slave pre done
now n is 52287
processed 52287
[M::mem_process_seqs_merge2] Processed 52287 reads in 1.460 CPU sec, 1.457 real sec
[M::process] read chunk (19660800 bytes/CG x 1 CGs, 19660800 bytes)...
[M::mem_process_seqs_merge2] CPE FASTQ formatting done
slave pre done
now n is 52287
processed 52287
[M::mem_process_seqs_merge2] Processed 52287 reads in 1.400 CPU sec, 1.393 real sec
[M::process] read chunk (19660800 bytes/CG x 1 CGs, 19660800 bytes)...
[M::mem_process_seqs_merge2] CPE FASTQ formatting done
slave pre done
now n is 52287
processed 52287
[M::mem_process_seqs_merge2] Processed 52287 reads in 1.440 CPU sec, 1.443 real sec
[M::process] read chunk (19660800 bytes/CG x 1 CGs, 19660800 bytes)...
[M::mem_process_seqs_merge2] CPE FASTQ formatting done
slave pre done
now n is 52287
processed 52287
[M::mem_process_seqs_merge2] Processed 52287 reads in 1.520 CPU sec, 1.522 real sec
[M::process] read chunk (19660800 bytes/CG x 1 CGs, 19660800 bytes)...
[M::mem_process_seqs_merge2] CPE FASTQ formatting done
slave pre done
now n is 52287
processed 52287
[M::mem_process_seqs_merge2] Processed 52287 reads in 1.480 CPU sec, 1.479 real sec
[M::process] read chunk (19660800 bytes/CG x 1 CGs, 19660800 bytes)...
[M::mem_process_seqs_merge2] CPE FASTQ formatting done
slave pre done
now n is 52287
processed 52287
[M::mem_process_seqs_merge2] Processed 52287 reads in 1.470 CPU sec, 1.465 real sec
[M::process] read chunk (19660800 bytes/CG x 1 CGs, 19660800 bytes)...
[M::mem_process_seqs_merge2] CPE FASTQ formatting done
slave pre done
now n is 52287
processed 52287
[M::mem_process_seqs_merge2] Processed 52287 reads in 1.450 CPU sec, 1.449 real sec
[M::process] read chunk (19660800 bytes/CG x 1 CGs, 19660800 bytes)...
[M::mem_process_seqs_merge2] CPE FASTQ formatting done
slave pre done
now n is 52287
processed 52287
[M::mem_process_seqs_merge2] Processed 52287 reads in 1.380 CPU sec, 1.375 real sec
[M::process] read chunk (19660800 bytes/CG x 1 CGs, 19660800 bytes)...
[M::mem_process_seqs_merge2] CPE FASTQ formatting done
slave pre done
now n is 52287
processed 52287
[M::mem_process_seqs_merge2] Processed 52287 reads in 1.490 CPU sec, 1.489 real sec
[M::process] read chunk (19660800 bytes/CG x 1 CGs, 19660800 bytes)...
[M::mem_process_seqs_merge2] CPE FASTQ formatting done
slave pre done
now n is 52287
processed 52287
[M::mem_process_seqs_merge2] Processed 52287 reads in 1.460 CPU sec, 1.465 real sec
[M::process] read chunk (19660800 bytes/CG x 1 CGs, 19660800 bytes)...
[M::mem_process_seqs_merge2] CPE FASTQ formatting done
slave pre done
now n is 52287
processed 52287
[M::mem_process_seqs_merge2] Processed 52287 reads in 1.390 CPU sec, 1.391 real sec
[M::process] read chunk (19660800 bytes/CG x 1 CGs, 19660800 bytes)...
[M::mem_process_seqs_merge2] CPE FASTQ formatting done
slave pre done
now n is 52287
processed 52287
[M::mem_process_seqs_merge2] Processed 52287 reads in 1.410 CPU sec, 1.401 real sec
[M::process] read chunk (19660800 bytes/CG x 1 CGs, 19660800 bytes)...
[M::mem_process_seqs_merge2] CPE FASTQ formatting done
slave pre done
now n is 51793
processed 51793
[M::mem_process_seqs_merge2] Processed 51793 reads in 1.410 CPU sec, 1.410 real sec
[M::process] read chunk (19660800 bytes/CG x 1 CGs, 19660800 bytes)...
[M::mem_process_seqs_merge2] CPE FASTQ formatting done
slave pre done
now n is 51737
processed 51737
[M::mem_process_seqs_merge2] Processed 51737 reads in 1.320 CPU sec, 1.314 real sec
[M::process] read chunk (19660800 bytes/CG x 1 CGs, 19660800 bytes)...
[M::mem_process_seqs_merge2] CPE FASTQ formatting done
slave pre done
now n is 51737
processed 51737
[M::mem_process_seqs_merge2] Processed 51737 reads in 1.350 CPU sec, 1.347 real sec
[M::process] read chunk (19660800 bytes/CG x 1 CGs, 19660800 bytes)...
[M::mem_process_seqs_merge2] CPE FASTQ formatting done
slave pre done
now n is 51737
processed 51737
[M::mem_process_seqs_merge2] Processed 51737 reads in 1.350 CPU sec, 1.349 real sec
[M::process] read chunk (19660800 bytes/CG x 1 CGs, 19660800 bytes)...
[M::mem_process_seqs_merge2] CPE FASTQ formatting done
slave pre done
now n is 51737
processed 51737
[M::mem_process_seqs_merge2] Processed 51737 reads in 1.380 CPU sec, 1.380 real sec
[M::process] read chunk (19660800 bytes/CG x 1 CGs, 19660800 bytes)...
[M::mem_process_seqs_merge2] CPE FASTQ formatting done
slave pre done
now n is 51737
processed 51737
[M::mem_process_seqs_merge2] Processed 51737 reads in 1.390 CPU sec, 1.386 real sec
[M::process] read chunk (19660800 bytes/CG x 1 CGs, 19660800 bytes)...
[M::mem_process_seqs_merge2] CPE FASTQ formatting done
slave pre done
now n is 51737
processed 51737
[M::mem_process_seqs_merge2] Processed 51737 reads in 1.420 CPU sec, 1.417 real sec
[M::process] read chunk (19660800 bytes/CG x 1 CGs, 19660800 bytes)...
[M::mem_process_seqs_merge2] CPE FASTQ formatting done
slave pre done
now n is 51737
processed 51737
[M::mem_process_seqs_merge2] Processed 51737 reads in 1.430 CPU sec, 1.434 real sec
[M::process] read chunk (19660800 bytes/CG x 1 CGs, 19660800 bytes)...
[M::mem_process_seqs_merge2] CPE FASTQ formatting done
slave pre done
now n is 51737
processed 51737
[M::mem_process_seqs_merge2] Processed 51737 reads in 1.430 CPU sec, 1.428 real sec
[M::process] read chunk (19660800 bytes/CG x 1 CGs, 19660800 bytes)...
[M::mem_process_seqs_merge2] CPE FASTQ formatting done
slave pre done
now n is 51737
processed 51737
[M::mem_process_seqs_merge2] Processed 51737 reads in 1.350 CPU sec, 1.341 real sec
[M::process] read chunk (19660800 bytes/CG x 1 CGs, 19660800 bytes)...
[M::mem_process_seqs_merge2] CPE FASTQ formatting done
slave pre done
now n is 51737
processed 51737
[M::mem_process_seqs_merge2] Processed 51737 reads in 1.430 CPU sec, 1.429 real sec
[M::process] read chunk (19660800 bytes/CG x 1 CGs, 19660800 bytes)...
[M::mem_process_seqs_merge2] CPE FASTQ formatting done
slave pre done
now n is 51737
processed 51737
[M::mem_process_seqs_merge2] Processed 51737 reads in 1.360 CPU sec, 1.353 real sec
[M::process] read chunk (19660800 bytes/CG x 1 CGs, 19660800 bytes)...
[M::mem_process_seqs_merge2] CPE FASTQ formatting done
slave pre done
now n is 51737
processed 51737
[M::mem_process_seqs_merge2] Processed 51737 reads in 1.420 CPU sec, 1.421 real sec
[M::process] read chunk (19660800 bytes/CG x 1 CGs, 19660800 bytes)...
[M::mem_process_seqs_merge2] CPE FASTQ formatting done
slave pre done
now n is 51737
processed 51737
[M::mem_process_seqs_merge2] Processed 51737 reads in 1.350 CPU sec, 1.343 real sec
[M::process] read chunk (19660800 bytes/CG x 1 CGs, 19660800 bytes)...
[M::mem_process_seqs_merge2] CPE FASTQ formatting done
slave pre done
now n is 51737
processed 51737
[M::mem_process_seqs_merge2] Processed 51737 reads in 1.380 CPU sec, 1.379 real sec
[M::process] read chunk (19660800 bytes/CG x 1 CGs, 19660800 bytes)...
[M::mem_process_seqs_merge2] CPE FASTQ formatting done
slave pre done
now n is 51737
processed 51737
[M::mem_process_seqs_merge2] Processed 51737 reads in 1.400 CPU sec, 1.397 real sec
[M::process] read chunk (19660800 bytes/CG x 1 CGs, 19660800 bytes)...
[M::mem_process_seqs_merge2] CPE FASTQ formatting done
slave pre done
now n is 51737
processed 51737
[M::mem_process_seqs_merge2] Processed 51737 reads in 1.370 CPU sec, 1.373 real sec
[M::process] read chunk (19660800 bytes/CG x 1 CGs, 19660800 bytes)...
[M::mem_process_seqs_merge2] CPE FASTQ formatting done
slave pre done
now n is 51737
processed 51737
[M::mem_process_seqs_merge2] Processed 51737 reads in 1.390 CPU sec, 1.387 real sec
[M::process] read chunk (19660800 bytes/CG x 1 CGs, 19660800 bytes)...
[M::mem_process_seqs_merge2] CPE FASTQ formatting done
slave pre done
now n is 51737
processed 51737
[M::mem_process_seqs_merge2] Processed 51737 reads in 1.390 CPU sec, 1.390 real sec
[M::process] read chunk (19660800 bytes/CG x 1 CGs, 19660800 bytes)...
[M::mem_process_seqs_merge2] CPE FASTQ formatting done
slave pre done
now n is 51737
processed 51737
[M::mem_process_seqs_merge2] Processed 51737 reads in 1.430 CPU sec, 1.434 real sec
[M::process] read chunk (19660800 bytes/CG x 1 CGs, 19660800 bytes)...
[M::mem_process_seqs_merge2] CPE FASTQ formatting done
slave pre done
now n is 51737
processed 51737
[M::mem_process_seqs_merge2] Processed 51737 reads in 1.390 CPU sec, 1.384 real sec
[M::process] read chunk (19660800 bytes/CG x 1 CGs, 19660800 bytes)...
[M::mem_process_seqs_merge2] CPE FASTQ formatting done
slave pre done
now n is 51737
processed 51737
[M::mem_process_seqs_merge2] Processed 51737 reads in 1.460 CPU sec, 1.468 real sec
[M::process] read chunk (19660800 bytes/CG x 1 CGs, 19660800 bytes)...
[M::mem_process_seqs_merge2] CPE FASTQ formatting done
slave pre done
now n is 51737
processed 51737
[M::mem_process_seqs_merge2] Processed 51737 reads in 1.380 CPU sec, 1.387 real sec
[M::process] read chunk (19660800 bytes/CG x 1 CGs, 19660800 bytes)...
[M::mem_process_seqs_merge2] CPE FASTQ formatting done
slave pre done
now n is 51737
processed 51737
[M::mem_process_seqs_merge2] Processed 51737 reads in 1.420 CPU sec, 1.430 real sec
[M::process] read chunk (19660800 bytes/CG x 1 CGs, 19660800 bytes)...
[M::mem_process_seqs_merge2] CPE FASTQ formatting done
slave pre done
now n is 51737
processed 51737
[M::mem_process_seqs_merge2] Processed 51737 reads in 1.370 CPU sec, 1.377 real sec
[M::process] read chunk (19660800 bytes/CG x 1 CGs, 19660800 bytes)...
[M::mem_process_seqs_merge2] CPE FASTQ formatting done
slave pre done
now n is 51737
processed 51737
[M::mem_process_seqs_merge2] Processed 51737 reads in 1.320 CPU sec, 1.322 real sec
[M::process] read chunk (19660800 bytes/CG x 1 CGs, 19660800 bytes)...
[M::mem_process_seqs_merge2] CPE FASTQ formatting done
slave pre done
now n is 51737
processed 51737
[M::mem_process_seqs_merge2] Processed 51737 reads in 1.360 CPU sec, 1.357 real sec
[M::process] read chunk (19660800 bytes/CG x 1 CGs, 19660800 bytes)...
[M::mem_process_seqs_merge2] CPE FASTQ formatting done
slave pre done
now n is 51737
processed 51737
[M::mem_process_seqs_merge2] Processed 51737 reads in 1.420 CPU sec, 1.416 real sec
[M::process] read chunk (19660800 bytes/CG x 1 CGs, 19660800 bytes)...
[M::mem_process_seqs_merge2] CPE FASTQ formatting done
slave pre done
now n is 51737
processed 51737
[M::mem_process_seqs_merge2] Processed 51737 reads in 1.420 CPU sec, 1.410 real sec
[M::process] read chunk (19660800 bytes/CG x 1 CGs, 1875680 bytes)...
[M::mem_process_seqs_merge2] CPE FASTQ formatting done
slave pre done
now n is 4936
processed 4936
[M::mem_process_seqs_merge2] Processed 4936 reads in 0.250 CPU sec, 0.244 real sec

====================== SWBWA Output Debug =====================
  MPI rank: 000000 / 000001
  mode:     non-MPI POSIX
  path:     ./exclu_single2/has1/SRR7963242_SE.sam

  Output volume
    output buffer capacity                           67108864
    swbwa_output_write calls                         2500000
    submitted SAM bytes                            979513030
    buffered flushes                                      15
    buffered flush bytes                           979513030
    direct oversized writes                                0
    direct oversized bytes                                 0

  Buffering
    buffered flush total                        13.041107 s  (15 calls, 869407.145 us/call)

  POSIX file writes
    write system calls                                     15
    write system-call bytes                         979513030
    POSIX write system calls                    13.041069 s  (15 calls, 869404.618 us/call)
    POSIX write effective bandwidth                71.630 MiB/s

  Output close timing
    POSIX close                                  0.000608 s  (1 calls,   608.209 us/call)
================================================================


======================= SWBWA Timing Report =======================
  Accumulated wall-clock time; indented rows are included in
  their parent row and must not be added to it.

  Pipeline
    total - complete three-stage pipeline                    93.837 s
    stage 1 - allocate and read raw FASTQ blocks              7.006 s
    stage 2 - align reads and generate SAM records           71.128 s
    stage 3 - write SAM and release batch data               15.139 s
      SAM output writes                                        14.232 s
      batch cleanup and loop overhead (derived)                 0.907 s

  Stage 1 input details
    batches completed / stage calls                      49 / 50
    input-buffer and batch allocations                        0.001 s  (99 calls, max 0.000 s)
    aggregate requested allocation bytes            945647456
    FASTQ fseeko calls                                        0.000 s  (49 calls, max 0.000 s)
    FASTQ fread calls                                         7.002 s  (49 calls, max 0.290 s)
    align chunk ends to FASTQ record boundaries               0.000 s  (48 calls, max 0.000 s)
    scheduler, checks and bookkeeping (derived)               0.004 s
    raw FASTQ bytes read                            945594080  (901.789 MiB)
    effective fread bandwidth                        128.796 MiB/s
    slowest allocation                                 0.000 s  (64 bytes)
    slowest fread                                      0.290 s  (R1 offset=530818644, bytes=19660800)

  Stage 2 worker details
    total - active merge worker                              71.126 s
      part 1 - prepare CPE task and reusable buffers            1.075 s
      part 2 - CPE FASTQ formatting and input release           0.253 s
      part 3 - CPE alignment and SAM length pass               69.287 s
      part 4 - assign slices in the shared SAM buffer           0.182 s
      part 5 - CPE SAM record generation                        0.325 s
      part 6 - release temporary worker data                    0.001 s

  Reserved allocator timers (no active timing sites)
    malloc timer                                              0.000 s
    free timer                                                0.000 s
===================================================================

[main] Version: 0.0.1
[main] CMD: ./SWBWA mem -v 4 -t 1 -1 -o ./exclu_single2/has1/SRR7963242_SE.sam -I 170,80,500,1 ../data/GRCh38.d1.vd1.fa ../data/SRR7963242_1.fastq_1
