[M::main_mem] mean insert size: 170.000, stddev: 80.000, max: 500, min: 1
[CPE input] bytes_per_cg=8388608 cg_count=1 chunk_bytes=8388608 file_bytes=583901384
malloc bwt->bwt 3107576584, 0x500002429500
malloc bwt->sa 1553788264, 0x5000bb7c7020
[M::bwa_idx_load_from_disk] read 0 ALT contigs
malloc pac 776894131, 0x500118228940
the input file is ../data/SRR2496709_1.fastq_1
the output file is /dev/null
[M::process] read chunk (8388608 bytes/CG x 1 CGs, 8388608 bytes)...
[M::mem_process_seqs_merge2] CPE FASTQ formatting done
slave pre done
now n is 31001
processed 31001
[M::mem_process_seqs_merge2] Processed 31001 reads in 0.860 CPU sec, 0.866 real sec
[M::process] read chunk (8388608 bytes/CG x 1 CGs, 8388608 bytes)...
[M::mem_process_seqs_merge2] CPE FASTQ formatting done
slave pre done
now n is 30837
processed 30837
[M::mem_process_seqs_merge2] Processed 30837 reads in 0.260 CPU sec, 0.260 real sec
[M::process] read chunk (8388608 bytes/CG x 1 CGs, 8388608 bytes)...
[M::mem_process_seqs_merge2] CPE FASTQ formatting done
slave pre done
now n is 30837
processed 30837
[M::mem_process_seqs_merge2] Processed 30837 reads in 0.280 CPU sec, 0.281 real sec
[M::process] read chunk (8388608 bytes/CG x 1 CGs, 8388608 bytes)...
[M::mem_process_seqs_merge2] CPE FASTQ formatting done
slave pre done
now n is 30496
processed 30496
[M::mem_process_seqs_merge2] Processed 30496 reads in 0.260 CPU sec, 0.263 real sec
[M::process] read chunk (8388608 bytes/CG x 1 CGs, 8388608 bytes)...
[M::mem_process_seqs_merge2] CPE FASTQ formatting done
slave pre done
now n is 30390
processed 30390
[M::mem_process_seqs_merge2] Processed 30390 reads in 0.320 CPU sec, 0.315 real sec
[M::process] read chunk (8388608 bytes/CG x 1 CGs, 8388608 bytes)...
[M::mem_process_seqs_merge2] CPE FASTQ formatting done
slave pre done
now n is 30390
processed 30390
[M::mem_process_seqs_merge2] Processed 30390 reads in 0.280 CPU sec, 0.281 real sec
[M::process] read chunk (8388608 bytes/CG x 1 CGs, 8388608 bytes)...
[M::mem_process_seqs_merge2] CPE FASTQ formatting done
slave pre done
now n is 30390
processed 30390
[M::mem_process_seqs_merge2] Processed 30390 reads in 0.250 CPU sec, 0.248 real sec
[M::process] read chunk (8388608 bytes/CG x 1 CGs, 8388608 bytes)...
[M::mem_process_seqs_merge2] CPE FASTQ formatting done
slave pre done
now n is 30390
processed 30390
[M::mem_process_seqs_merge2] Processed 30390 reads in 0.270 CPU sec, 0.267 real sec
[M::process] read chunk (8388608 bytes/CG x 1 CGs, 8388608 bytes)...
[M::mem_process_seqs_merge2] CPE FASTQ formatting done
slave pre done
now n is 30390
processed 30390
[M::mem_process_seqs_merge2] Processed 30390 reads in 0.340 CPU sec, 0.336 real sec
[M::process] read chunk (8388608 bytes/CG x 1 CGs, 8388608 bytes)...
[M::mem_process_seqs_merge2] CPE FASTQ formatting done
slave pre done
now n is 30390
processed 30390
[M::mem_process_seqs_merge2] Processed 30390 reads in 0.320 CPU sec, 0.319 real sec
[M::process] read chunk (8388608 bytes/CG x 1 CGs, 8388608 bytes)...
[M::mem_process_seqs_merge2] CPE FASTQ formatting done
slave pre done
now n is 30390
processed 30390
[M::mem_process_seqs_merge2] Processed 30390 reads in 0.350 CPU sec, 0.349 real sec
[M::process] read chunk (8388608 bytes/CG x 1 CGs, 8388608 bytes)...
[M::mem_process_seqs_merge2] CPE FASTQ formatting done
slave pre done
now n is 30390
processed 30390
[M::mem_process_seqs_merge2] Processed 30390 reads in 0.350 CPU sec, 0.351 real sec
[M::process] read chunk (8388608 bytes/CG x 1 CGs, 8388608 bytes)...
[M::mem_process_seqs_merge2] CPE FASTQ formatting done
slave pre done
now n is 30390
processed 30390
[M::mem_process_seqs_merge2] Processed 30390 reads in 0.350 CPU sec, 0.347 real sec
[M::process] read chunk (8388608 bytes/CG x 1 CGs, 8388608 bytes)...
[M::mem_process_seqs_merge2] CPE FASTQ formatting done
slave pre done
now n is 30390
processed 30390
[M::mem_process_seqs_merge2] Processed 30390 reads in 0.320 CPU sec, 0.327 real sec
[M::process] read chunk (8388608 bytes/CG x 1 CGs, 8388608 bytes)...
[M::mem_process_seqs_merge2] CPE FASTQ formatting done
slave pre done
now n is 30390
processed 30390
[M::mem_process_seqs_merge2] Processed 30390 reads in 0.330 CPU sec, 0.333 real sec
[M::process] read chunk (8388608 bytes/CG x 1 CGs, 8388608 bytes)...
[M::mem_process_seqs_merge2] CPE FASTQ formatting done
slave pre done
now n is 30390
processed 30390
[M::mem_process_seqs_merge2] Processed 30390 reads in 0.350 CPU sec, 0.349 real sec
[M::process] read chunk (8388608 bytes/CG x 1 CGs, 8388608 bytes)...
[M::mem_process_seqs_merge2] CPE FASTQ formatting done
slave pre done
now n is 30390
processed 30390
[M::mem_process_seqs_merge2] Processed 30390 reads in 0.330 CPU sec, 0.334 real sec
[M::process] read chunk (8388608 bytes/CG x 1 CGs, 8388608 bytes)...
[M::mem_process_seqs_merge2] CPE FASTQ formatting done
slave pre done
now n is 30390
processed 30390
[M::mem_process_seqs_merge2] Processed 30390 reads in 0.330 CPU sec, 0.333 real sec
[M::process] read chunk (8388608 bytes/CG x 1 CGs, 8388608 bytes)...
[M::mem_process_seqs_merge2] CPE FASTQ formatting done
slave pre done
now n is 30390
processed 30390
[M::mem_process_seqs_merge2] Processed 30390 reads in 0.360 CPU sec, 0.358 real sec
[M::process] read chunk (8388608 bytes/CG x 1 CGs, 8388608 bytes)...
[M::mem_process_seqs_merge2] CPE FASTQ formatting done
slave pre done
now n is 30390
processed 30390
[M::mem_process_seqs_merge2] Processed 30390 reads in 0.290 CPU sec, 0.284 real sec
[M::process] read chunk (8388608 bytes/CG x 1 CGs, 8388608 bytes)...
[M::mem_process_seqs_merge2] CPE FASTQ formatting done
slave pre done
now n is 30390
processed 30390
[M::mem_process_seqs_merge2] Processed 30390 reads in 0.230 CPU sec, 0.232 real sec
[M::process] read chunk (8388608 bytes/CG x 1 CGs, 8388608 bytes)...
[M::mem_process_seqs_merge2] CPE FASTQ formatting done
slave pre done
now n is 30390
processed 30390
[M::mem_process_seqs_merge2] Processed 30390 reads in 0.320 CPU sec, 0.326 real sec
[M::process] read chunk (8388608 bytes/CG x 1 CGs, 8388608 bytes)...
[M::mem_process_seqs_merge2] CPE FASTQ formatting done
slave pre done
now n is 30390
processed 30390
[M::mem_process_seqs_merge2] Processed 30390 reads in 0.240 CPU sec, 0.236 real sec
[M::process] read chunk (8388608 bytes/CG x 1 CGs, 8388608 bytes)...
[M::mem_process_seqs_merge2] CPE FASTQ formatting done
slave pre done
now n is 30390
processed 30390
[M::mem_process_seqs_merge2] Processed 30390 reads in 0.250 CPU sec, 0.245 real sec
[M::process] read chunk (8388608 bytes/CG x 1 CGs, 8388608 bytes)...
[M::mem_process_seqs_merge2] CPE FASTQ formatting done
slave pre done
now n is 30390
processed 30390
[M::mem_process_seqs_merge2] Processed 30390 reads in 0.300 CPU sec, 0.300 real sec
[M::process] read chunk (8388608 bytes/CG x 1 CGs, 8388608 bytes)...
[M::mem_process_seqs_merge2] CPE FASTQ formatting done
slave pre done
now n is 30390
processed 30390
[M::mem_process_seqs_merge2] Processed 30390 reads in 0.300 CPU sec, 0.295 real sec
[M::process] read chunk (8388608 bytes/CG x 1 CGs, 8388608 bytes)...
[M::mem_process_seqs_merge2] CPE FASTQ formatting done
slave pre done
now n is 30390
processed 30390
[M::mem_process_seqs_merge2] Processed 30390 reads in 0.290 CPU sec, 0.287 real sec
[M::process] read chunk (8388608 bytes/CG x 1 CGs, 8388608 bytes)...
[M::mem_process_seqs_merge2] CPE FASTQ formatting done
slave pre done
now n is 30390
processed 30390
[M::mem_process_seqs_merge2] Processed 30390 reads in 0.260 CPU sec, 0.260 real sec
[M::process] read chunk (8388608 bytes/CG x 1 CGs, 8388608 bytes)...
[M::mem_process_seqs_merge2] CPE FASTQ formatting done
slave pre done
now n is 30390
processed 30390
[M::mem_process_seqs_merge2] Processed 30390 reads in 0.350 CPU sec, 0.355 real sec
[M::process] read chunk (8388608 bytes/CG x 1 CGs, 8388608 bytes)...
[M::mem_process_seqs_merge2] CPE FASTQ formatting done
slave pre done
now n is 30390
processed 30390
[M::mem_process_seqs_merge2] Processed 30390 reads in 0.290 CPU sec, 0.294 real sec
[M::process] read chunk (8388608 bytes/CG x 1 CGs, 8388608 bytes)...
[M::mem_process_seqs_merge2] CPE FASTQ formatting done
slave pre done
now n is 30390
processed 30390
[M::mem_process_seqs_merge2] Processed 30390 reads in 0.330 CPU sec, 0.329 real sec
[M::process] read chunk (8388608 bytes/CG x 1 CGs, 8388608 bytes)...
[M::mem_process_seqs_merge2] CPE FASTQ formatting done
slave pre done
now n is 30390
processed 30390
[M::mem_process_seqs_merge2] Processed 30390 reads in 0.330 CPU sec, 0.334 real sec
[M::process] read chunk (8388608 bytes/CG x 1 CGs, 8388608 bytes)...
[M::mem_process_seqs_merge2] CPE FASTQ formatting done
slave pre done
now n is 30326
processed 30326
[M::mem_process_seqs_merge2] Processed 30326 reads in 0.370 CPU sec, 0.365 real sec
[M::process] read chunk (8388608 bytes/CG x 1 CGs, 8388608 bytes)...
[M::mem_process_seqs_merge2] CPE FASTQ formatting done
slave pre done
now n is 29956
processed 29956
[M::mem_process_seqs_merge2] Processed 29956 reads in 0.240 CPU sec, 0.241 real sec
[M::process] read chunk (8388608 bytes/CG x 1 CGs, 8388608 bytes)...
[M::mem_process_seqs_merge2] CPE FASTQ formatting done
slave pre done
now n is 29956
processed 29956
[M::mem_process_seqs_merge2] Processed 29956 reads in 0.240 CPU sec, 0.237 real sec
[M::process] read chunk (8388608 bytes/CG x 1 CGs, 8388608 bytes)...
[M::mem_process_seqs_merge2] CPE FASTQ formatting done
slave pre done
now n is 29956
processed 29956
[M::mem_process_seqs_merge2] Processed 29956 reads in 0.320 CPU sec, 0.319 real sec
[M::process] read chunk (8388608 bytes/CG x 1 CGs, 8388608 bytes)...
[M::mem_process_seqs_merge2] CPE FASTQ formatting done
slave pre done
now n is 29956
processed 29956
[M::mem_process_seqs_merge2] Processed 29956 reads in 1.080 CPU sec, 1.081 real sec
[M::process] read chunk (8388608 bytes/CG x 1 CGs, 8388608 bytes)...
[M::mem_process_seqs_merge2] CPE FASTQ formatting done
slave pre done
now n is 29956
processed 29956
[M::mem_process_seqs_merge2] Processed 29956 reads in 0.440 CPU sec, 0.445 real sec
[M::process] read chunk (8388608 bytes/CG x 1 CGs, 8388608 bytes)...
[M::mem_process_seqs_merge2] CPE FASTQ formatting done
slave pre done
now n is 29956
processed 29956
[M::mem_process_seqs_merge2] Processed 29956 reads in 0.340 CPU sec, 0.343 real sec
[M::process] read chunk (8388608 bytes/CG x 1 CGs, 8388608 bytes)...
[M::mem_process_seqs_merge2] CPE FASTQ formatting done
slave pre done
now n is 29956
processed 29956
[M::mem_process_seqs_merge2] Processed 29956 reads in 0.310 CPU sec, 0.306 real sec
[M::process] read chunk (8388608 bytes/CG x 1 CGs, 8388608 bytes)...
[M::mem_process_seqs_merge2] CPE FASTQ formatting done
slave pre done
now n is 29956
processed 29956
[M::mem_process_seqs_merge2] Processed 29956 reads in 0.310 CPU sec, 0.310 real sec
[M::process] read chunk (8388608 bytes/CG x 1 CGs, 8388608 bytes)...
[M::mem_process_seqs_merge2] CPE FASTQ formatting done
slave pre done
now n is 29956
processed 29956
[M::mem_process_seqs_merge2] Processed 29956 reads in 0.280 CPU sec, 0.280 real sec
[M::process] read chunk (8388608 bytes/CG x 1 CGs, 8388608 bytes)...
[M::mem_process_seqs_merge2] CPE FASTQ formatting done
slave pre done
now n is 29956
processed 29956
[M::mem_process_seqs_merge2] Processed 29956 reads in 0.330 CPU sec, 0.336 real sec
[M::process] read chunk (8388608 bytes/CG x 1 CGs, 8388608 bytes)...
[M::mem_process_seqs_merge2] CPE FASTQ formatting done
slave pre done
now n is 29956
processed 29956
[M::mem_process_seqs_merge2] Processed 29956 reads in 0.290 CPU sec, 0.286 real sec
[M::process] read chunk (8388608 bytes/CG x 1 CGs, 8388608 bytes)...
[M::mem_process_seqs_merge2] CPE FASTQ formatting done
slave pre done
now n is 29956
processed 29956
[M::mem_process_seqs_merge2] Processed 29956 reads in 0.370 CPU sec, 0.369 real sec
[M::process] read chunk (8388608 bytes/CG x 1 CGs, 8388608 bytes)...
[M::mem_process_seqs_merge2] CPE FASTQ formatting done
slave pre done
now n is 29956
processed 29956
[M::mem_process_seqs_merge2] Processed 29956 reads in 0.420 CPU sec, 0.423 real sec
[M::process] read chunk (8388608 bytes/CG x 1 CGs, 8388608 bytes)...
[M::mem_process_seqs_merge2] CPE FASTQ formatting done
slave pre done
now n is 29956
processed 29956
[M::mem_process_seqs_merge2] Processed 29956 reads in 0.240 CPU sec, 0.246 real sec
[M::process] read chunk (8388608 bytes/CG x 1 CGs, 8388608 bytes)...
[M::mem_process_seqs_merge2] CPE FASTQ formatting done
slave pre done
now n is 29956
processed 29956
[M::mem_process_seqs_merge2] Processed 29956 reads in 0.410 CPU sec, 0.401 real sec
[M::process] read chunk (8388608 bytes/CG x 1 CGs, 8388608 bytes)...
[M::mem_process_seqs_merge2] CPE FASTQ formatting done
slave pre done
now n is 29956
processed 29956
[M::mem_process_seqs_merge2] Processed 29956 reads in 0.270 CPU sec, 0.270 real sec
[M::process] read chunk (8388608 bytes/CG x 1 CGs, 8388608 bytes)...
[M::mem_process_seqs_merge2] CPE FASTQ formatting done
slave pre done
now n is 29956
processed 29956
[M::mem_process_seqs_merge2] Processed 29956 reads in 0.260 CPU sec, 0.268 real sec
[M::process] read chunk (8388608 bytes/CG x 1 CGs, 8388608 bytes)...
[M::mem_process_seqs_merge2] CPE FASTQ formatting done
slave pre done
now n is 29956
processed 29956
[M::mem_process_seqs_merge2] Processed 29956 reads in 0.340 CPU sec, 0.346 real sec
[M::process] read chunk (8388608 bytes/CG x 1 CGs, 8388608 bytes)...
[M::mem_process_seqs_merge2] CPE FASTQ formatting done
slave pre done
now n is 29956
processed 29956
[M::mem_process_seqs_merge2] Processed 29956 reads in 0.350 CPU sec, 0.351 real sec
[M::process] read chunk (8388608 bytes/CG x 1 CGs, 8388608 bytes)...
[M::mem_process_seqs_merge2] CPE FASTQ formatting done
slave pre done
now n is 29956
processed 29956
[M::mem_process_seqs_merge2] Processed 29956 reads in 0.290 CPU sec, 0.290 real sec
[M::process] read chunk (8388608 bytes/CG x 1 CGs, 8388608 bytes)...
[M::mem_process_seqs_merge2] CPE FASTQ formatting done
slave pre done
now n is 29956
processed 29956
[M::mem_process_seqs_merge2] Processed 29956 reads in 0.240 CPU sec, 0.239 real sec
[M::process] read chunk (8388608 bytes/CG x 1 CGs, 8388608 bytes)...
[M::mem_process_seqs_merge2] CPE FASTQ formatting done
slave pre done
now n is 29956
processed 29956
[M::mem_process_seqs_merge2] Processed 29956 reads in 0.280 CPU sec, 0.287 real sec
[M::process] read chunk (8388608 bytes/CG x 1 CGs, 8388608 bytes)...
[M::mem_process_seqs_merge2] CPE FASTQ formatting done
slave pre done
now n is 29956
processed 29956
[M::mem_process_seqs_merge2] Processed 29956 reads in 0.260 CPU sec, 0.264 real sec
[M::process] read chunk (8388608 bytes/CG x 1 CGs, 8388608 bytes)...
[M::mem_process_seqs_merge2] CPE FASTQ formatting done
slave pre done
now n is 29956
processed 29956
[M::mem_process_seqs_merge2] Processed 29956 reads in 0.240 CPU sec, 0.244 real sec
[M::process] read chunk (8388608 bytes/CG x 1 CGs, 8388608 bytes)...
[M::mem_process_seqs_merge2] CPE FASTQ formatting done
slave pre done
now n is 29956
processed 29956
[M::mem_process_seqs_merge2] Processed 29956 reads in 0.240 CPU sec, 0.244 real sec
[M::process] read chunk (8388608 bytes/CG x 1 CGs, 8388608 bytes)...
[M::mem_process_seqs_merge2] CPE FASTQ formatting done
slave pre done
now n is 29956
processed 29956
[M::mem_process_seqs_merge2] Processed 29956 reads in 0.370 CPU sec, 0.369 real sec
[M::process] read chunk (8388608 bytes/CG x 1 CGs, 8388608 bytes)...
[M::mem_process_seqs_merge2] CPE FASTQ formatting done
slave pre done
now n is 29956
processed 29956
[M::mem_process_seqs_merge2] Processed 29956 reads in 0.340 CPU sec, 0.343 real sec
[M::process] read chunk (8388608 bytes/CG x 1 CGs, 8388608 bytes)...
[M::mem_process_seqs_merge2] CPE FASTQ formatting done
slave pre done
now n is 29956
processed 29956
[M::mem_process_seqs_merge2] Processed 29956 reads in 0.280 CPU sec, 0.283 real sec
[M::process] read chunk (8388608 bytes/CG x 1 CGs, 8388608 bytes)...
[M::mem_process_seqs_merge2] CPE FASTQ formatting done
slave pre done
now n is 29956
processed 29956
[M::mem_process_seqs_merge2] Processed 29956 reads in 0.330 CPU sec, 0.335 real sec
[M::process] read chunk (8388608 bytes/CG x 1 CGs, 8388608 bytes)...
[M::mem_process_seqs_merge2] CPE FASTQ formatting done
slave pre done
now n is 29956
processed 29956
[M::mem_process_seqs_merge2] Processed 29956 reads in 0.350 CPU sec, 0.356 real sec
[M::process] read chunk (8388608 bytes/CG x 1 CGs, 8388608 bytes)...
[M::mem_process_seqs_merge2] CPE FASTQ formatting done
slave pre done
now n is 29956
processed 29956
[M::mem_process_seqs_merge2] Processed 29956 reads in 0.280 CPU sec, 0.282 real sec
[M::process] read chunk (8388608 bytes/CG x 1 CGs, 8388608 bytes)...
[M::mem_process_seqs_merge2] CPE FASTQ formatting done
slave pre done
now n is 29956
processed 29956
[M::mem_process_seqs_merge2] Processed 29956 reads in 0.530 CPU sec, 0.530 real sec
[M::process] read chunk (8388608 bytes/CG x 1 CGs, 8388608 bytes)...
[M::mem_process_seqs_merge2] CPE FASTQ formatting done
slave pre done
now n is 29956
processed 29956
[M::mem_process_seqs_merge2] Processed 29956 reads in 1.300 CPU sec, 1.296 real sec
[M::process] read chunk (8388608 bytes/CG x 1 CGs, 8388608 bytes)...
[M::mem_process_seqs_merge2] CPE FASTQ formatting done
slave pre done
now n is 29956
processed 29956
[M::mem_process_seqs_merge2] Processed 29956 reads in 0.320 CPU sec, 0.317 real sec
[M::process] read chunk (8388608 bytes/CG x 1 CGs, 8388608 bytes)...
[M::mem_process_seqs_merge2] CPE FASTQ formatting done
slave pre done
now n is 29956
processed 29956
[M::mem_process_seqs_merge2] Processed 29956 reads in 0.300 CPU sec, 0.310 real sec
[M::process] read chunk (8388608 bytes/CG x 1 CGs, 8388608 bytes)...
[M::mem_process_seqs_merge2] CPE FASTQ formatting done
slave pre done
now n is 29956
processed 29956
[M::mem_process_seqs_merge2] Processed 29956 reads in 0.350 CPU sec, 0.352 real sec
[M::process] read chunk (8388608 bytes/CG x 1 CGs, 5152560 bytes)...
[M::mem_process_seqs_merge2] CPE FASTQ formatting done
slave pre done
now n is 18402
processed 18402
[M::mem_process_seqs_merge2] Processed 18402 reads in 0.190 CPU sec, 0.199 real sec

====================== SWBWA Output Debug =====================
  MPI rank: 000000 / 000001
  mode:     non-MPI POSIX
  path:     /dev/null

  Output volume
    output buffer capacity                           67108864
    swbwa_output_write calls                         2101235
    submitted SAM bytes                            631634883
    buffered flushes                                      10
    buffered flush bytes                           631634883
    direct oversized writes                                0
    direct oversized bytes                                 0

  Buffering
    buffered flush total                         0.000077 s  (10 calls,     7.725 us/call)

  POSIX file writes
    write system calls                                     10
    write system-call bytes                         631634883
    POSIX write system calls                     0.000063 s  (10 calls,     6.280 us/call)
    POSIX write effective bandwidth            9591975.771 MiB/s

  Output close timing
    POSIX close                                  0.000016 s  (1 calls,    16.000 us/call)
================================================================


======================= SWBWA Timing Report =======================
  Accumulated wall-clock time; indented rows are included in
  their parent row and must not be added to it.

  Pipeline
    total - complete three-stage pipeline                    30.923 s
    stage 1 - allocate and read raw FASTQ blocks              4.678 s
    stage 2 - align reads and generate SAM records           24.061 s
    stage 3 - write SAM and release batch data                2.183 s
      SAM output writes                                         1.422 s
      batch cleanup and loop overhead (derived)                 0.761 s

  Stage 1 input details
    batches completed / stage calls                      70 / 71
    input-buffer and batch allocations                        0.000 s  (141 calls, max 0.000 s)
    aggregate requested allocation bytes            584042736
    FASTQ fseeko calls                                        0.474 s  (70 calls, max 0.008 s)
    FASTQ fread calls                                         4.198 s  (70 calls, max 0.081 s)
    align chunk ends to FASTQ record boundaries               0.000 s  (69 calls, max 0.000 s)
    scheduler, checks and bookkeeping (derived)               0.005 s
    raw FASTQ bytes read                            583966512  (556.914 MiB)
    effective fread bandwidth                        132.647 MiB/s
    slowest allocation                                 0.000 s  (64 bytes)
    slowest fread                                      0.081 s  (R1 offset=360669144, bytes=8388608)

  Stage 2 worker details
    total - active merge worker                              24.057 s
      part 1 - prepare CPE task and reusable buffers            1.328 s
      part 2 - CPE FASTQ formatting and input release           0.172 s
      part 3 - CPE alignment and SAM length pass               22.143 s
      part 4 - assign slices in the shared SAM buffer           0.157 s
      part 5 - CPE SAM record generation                        0.250 s
      part 6 - release temporary worker data                    0.001 s

  Reserved allocator timers (no active timing sites)
    malloc timer                                              0.000 s
    free timer                                                0.000 s
===================================================================

[main] Version: 0.0.1
[main] CMD: ./SWBWA mem -v 4 -t 1 -1 -K 8388608 -o /dev/null -I 170,80,500,1 ../data/GRCh38.d1.vd1.fa ../data/SRR2496709_1.fastq_1
