[M::main_mem] mean insert size: 170.000, stddev: 80.000, max: 500, min: 1
[CPE input] bytes_per_cg=2097152 cg_count=1 chunk_bytes=2097152 file_bytes=583901384
malloc bwt->bwt 3107576584, 0x500002429500
malloc bwt->sa 1553788264, 0x5000bb7c7020
[M::bwa_idx_load_from_disk] read 0 ALT contigs
malloc pac 776894131, 0x500118228940
the input file is ../data/SRR2496709_1.fastq_1
the output file is /dev/null
[M::process] read chunk (2097152 bytes/CG x 1 CGs, 2097152 bytes)...
[M::mem_process_seqs_merge2] CPE FASTQ formatting done
slave pre done
now n is 7838
processed 7838
[M::mem_process_seqs_merge2] Processed 7838 reads in 0.620 CPU sec, 0.622 real sec
[M::process] read chunk (2097152 bytes/CG x 1 CGs, 2097152 bytes)...
[M::mem_process_seqs_merge2] CPE FASTQ formatting done
slave pre done
now n is 7739
processed 7739
[M::mem_process_seqs_merge2] Processed 7739 reads in 0.130 CPU sec, 0.126 real sec
[M::process] read chunk (2097152 bytes/CG x 1 CGs, 2097152 bytes)...
[M::mem_process_seqs_merge2] CPE FASTQ formatting done
slave pre done
now n is 7707
processed 7707
[M::mem_process_seqs_merge2] Processed 7707 reads in 0.130 CPU sec, 0.131 real sec
[M::process] read chunk (2097152 bytes/CG x 1 CGs, 2097152 bytes)...
[M::mem_process_seqs_merge2] CPE FASTQ formatting done
slave pre done
now n is 7707
processed 7707
[M::mem_process_seqs_merge2] Processed 7707 reads in 0.070 CPU sec, 0.076 real sec
[M::process] read chunk (2097152 bytes/CG x 1 CGs, 2097152 bytes)...
[M::mem_process_seqs_merge2] CPE FASTQ formatting done
slave pre done
now n is 7707
processed 7707
[M::mem_process_seqs_merge2] Processed 7707 reads in 0.060 CPU sec, 0.062 real sec
[M::process] read chunk (2097152 bytes/CG x 1 CGs, 2097152 bytes)...
[M::mem_process_seqs_merge2] CPE FASTQ formatting done
slave pre done
now n is 7707
processed 7707
[M::mem_process_seqs_merge2] Processed 7707 reads in 0.070 CPU sec, 0.068 real sec
[M::process] read chunk (2097152 bytes/CG x 1 CGs, 2097152 bytes)...
[M::mem_process_seqs_merge2] CPE FASTQ formatting done
slave pre done
now n is 7707
processed 7707
[M::mem_process_seqs_merge2] Processed 7707 reads in 0.070 CPU sec, 0.077 real sec
[M::process] read chunk (2097152 bytes/CG x 1 CGs, 2097152 bytes)...
[M::mem_process_seqs_merge2] CPE FASTQ formatting done
slave pre done
now n is 7707
processed 7707
[M::mem_process_seqs_merge2] Processed 7707 reads in 0.090 CPU sec, 0.090 real sec
[M::process] read chunk (2097152 bytes/CG x 1 CGs, 2097152 bytes)...
[M::mem_process_seqs_merge2] CPE FASTQ formatting done
slave pre done
now n is 7707
processed 7707
[M::mem_process_seqs_merge2] Processed 7707 reads in 0.060 CPU sec, 0.070 real sec
[M::process] read chunk (2097152 bytes/CG x 1 CGs, 2097152 bytes)...
[M::mem_process_seqs_merge2] CPE FASTQ formatting done
slave pre done
now n is 7707
processed 7707
[M::mem_process_seqs_merge2] Processed 7707 reads in 0.070 CPU sec, 0.072 real sec
[M::process] read chunk (2097152 bytes/CG x 1 CGs, 2097152 bytes)...
[M::mem_process_seqs_merge2] CPE FASTQ formatting done
slave pre done
now n is 7707
processed 7707
[M::mem_process_seqs_merge2] Processed 7707 reads in 0.070 CPU sec, 0.072 real sec
[M::process] read chunk (2097152 bytes/CG x 1 CGs, 2097152 bytes)...
[M::mem_process_seqs_merge2] CPE FASTQ formatting done
slave pre done
now n is 7707
processed 7707
[M::mem_process_seqs_merge2] Processed 7707 reads in 0.110 CPU sec, 0.106 real sec
[M::process] read chunk (2097152 bytes/CG x 1 CGs, 2097152 bytes)...
[M::mem_process_seqs_merge2] CPE FASTQ formatting done
slave pre done
now n is 7702
processed 7702
[M::mem_process_seqs_merge2] Processed 7702 reads in 0.090 CPU sec, 0.087 real sec
[M::process] read chunk (2097152 bytes/CG x 1 CGs, 2097152 bytes)...
[M::mem_process_seqs_merge2] CPE FASTQ formatting done
slave pre done
now n is 7595
processed 7595
[M::mem_process_seqs_merge2] Processed 7595 reads in 0.080 CPU sec, 0.080 real sec
[M::process] read chunk (2097152 bytes/CG x 1 CGs, 2097152 bytes)...
[M::mem_process_seqs_merge2] CPE FASTQ formatting done
slave pre done
now n is 7595
processed 7595
[M::mem_process_seqs_merge2] Processed 7595 reads in 0.070 CPU sec, 0.071 real sec
[M::process] read chunk (2097152 bytes/CG x 1 CGs, 2097152 bytes)...
[M::mem_process_seqs_merge2] CPE FASTQ formatting done
slave pre done
now n is 7595
processed 7595
[M::mem_process_seqs_merge2] Processed 7595 reads in 0.070 CPU sec, 0.069 real sec
[M::process] read chunk (2097152 bytes/CG x 1 CGs, 2097152 bytes)...
[M::mem_process_seqs_merge2] CPE FASTQ formatting done
slave pre done
now n is 7595
processed 7595
[M::mem_process_seqs_merge2] Processed 7595 reads in 0.070 CPU sec, 0.072 real sec
[M::process] read chunk (2097152 bytes/CG x 1 CGs, 2097152 bytes)...
[M::mem_process_seqs_merge2] CPE FASTQ formatting done
slave pre done
now n is 7595
processed 7595
[M::mem_process_seqs_merge2] Processed 7595 reads in 0.080 CPU sec, 0.077 real sec
[M::process] read chunk (2097152 bytes/CG x 1 CGs, 2097152 bytes)...
[M::mem_process_seqs_merge2] CPE FASTQ formatting done
slave pre done
now n is 7595
processed 7595
[M::mem_process_seqs_merge2] Processed 7595 reads in 0.060 CPU sec, 0.067 real sec
[M::process] read chunk (2097152 bytes/CG x 1 CGs, 2097152 bytes)...
[M::mem_process_seqs_merge2] CPE FASTQ formatting done
slave pre done
now n is 7595
processed 7595
[M::mem_process_seqs_merge2] Processed 7595 reads in 0.140 CPU sec, 0.140 real sec
[M::process] read chunk (2097152 bytes/CG x 1 CGs, 2097152 bytes)...
[M::mem_process_seqs_merge2] CPE FASTQ formatting done
slave pre done
now n is 7595
processed 7595
[M::mem_process_seqs_merge2] Processed 7595 reads in 0.080 CPU sec, 0.080 real sec
[M::process] read chunk (2097152 bytes/CG x 1 CGs, 2097152 bytes)...
[M::mem_process_seqs_merge2] CPE FASTQ formatting done
slave pre done
now n is 7595
processed 7595
[M::mem_process_seqs_merge2] Processed 7595 reads in 0.100 CPU sec, 0.100 real sec
[M::process] read chunk (2097152 bytes/CG x 1 CGs, 2097152 bytes)...
[M::mem_process_seqs_merge2] CPE FASTQ formatting done
slave pre done
now n is 7595
processed 7595
[M::mem_process_seqs_merge2] Processed 7595 reads in 0.070 CPU sec, 0.072 real sec
[M::process] read chunk (2097152 bytes/CG x 1 CGs, 2097152 bytes)...
[M::mem_process_seqs_merge2] CPE FASTQ formatting done
slave pre done
now n is 7595
processed 7595
[M::mem_process_seqs_merge2] Processed 7595 reads in 0.110 CPU sec, 0.104 real sec
[M::process] read chunk (2097152 bytes/CG x 1 CGs, 2097152 bytes)...
[M::mem_process_seqs_merge2] CPE FASTQ formatting done
slave pre done
now n is 7595
processed 7595
[M::mem_process_seqs_merge2] Processed 7595 reads in 0.070 CPU sec, 0.070 real sec
[M::process] read chunk (2097152 bytes/CG x 1 CGs, 2097152 bytes)...
[M::mem_process_seqs_merge2] CPE FASTQ formatting done
slave pre done
now n is 7595
processed 7595
[M::mem_process_seqs_merge2] Processed 7595 reads in 0.090 CPU sec, 0.086 real sec
[M::process] read chunk (2097152 bytes/CG x 1 CGs, 2097152 bytes)...
[M::mem_process_seqs_merge2] CPE FASTQ formatting done
slave pre done
now n is 7595
processed 7595
[M::mem_process_seqs_merge2] Processed 7595 reads in 0.070 CPU sec, 0.070 real sec
[M::process] read chunk (2097152 bytes/CG x 1 CGs, 2097152 bytes)...
[M::mem_process_seqs_merge2] CPE FASTQ formatting done
slave pre done
now n is 7595
processed 7595
[M::mem_process_seqs_merge2] Processed 7595 reads in 0.070 CPU sec, 0.067 real sec
[M::process] read chunk (2097152 bytes/CG x 1 CGs, 2097152 bytes)...
[M::mem_process_seqs_merge2] CPE FASTQ formatting done
slave pre done
now n is 7595
processed 7595
[M::mem_process_seqs_merge2] Processed 7595 reads in 0.080 CPU sec, 0.072 real sec
[M::process] read chunk (2097152 bytes/CG x 1 CGs, 2097152 bytes)...
[M::mem_process_seqs_merge2] CPE FASTQ formatting done
slave pre done
now n is 7595
processed 7595
[M::mem_process_seqs_merge2] Processed 7595 reads in 0.070 CPU sec, 0.077 real sec
[M::process] read chunk (2097152 bytes/CG x 1 CGs, 2097152 bytes)...
[M::mem_process_seqs_merge2] CPE FASTQ formatting done
slave pre done
now n is 7595
processed 7595
[M::mem_process_seqs_merge2] Processed 7595 reads in 0.070 CPU sec, 0.071 real sec
[M::process] read chunk (2097152 bytes/CG x 1 CGs, 2097152 bytes)...
[M::mem_process_seqs_merge2] CPE FASTQ formatting done
slave pre done
now n is 7595
processed 7595
[M::mem_process_seqs_merge2] Processed 7595 reads in 0.090 CPU sec, 0.086 real sec
[M::process] read chunk (2097152 bytes/CG x 1 CGs, 2097152 bytes)...
[M::mem_process_seqs_merge2] CPE FASTQ formatting done
slave pre done
now n is 7595
processed 7595
[M::mem_process_seqs_merge2] Processed 7595 reads in 0.090 CPU sec, 0.089 real sec
[M::process] read chunk (2097152 bytes/CG x 1 CGs, 2097152 bytes)...
[M::mem_process_seqs_merge2] CPE FASTQ formatting done
slave pre done
now n is 7595
processed 7595
[M::mem_process_seqs_merge2] Processed 7595 reads in 0.090 CPU sec, 0.095 real sec
[M::process] read chunk (2097152 bytes/CG x 1 CGs, 2097152 bytes)...
[M::mem_process_seqs_merge2] CPE FASTQ formatting done
slave pre done
now n is 7595
processed 7595
[M::mem_process_seqs_merge2] Processed 7595 reads in 0.100 CPU sec, 0.099 real sec
[M::process] read chunk (2097152 bytes/CG x 1 CGs, 2097152 bytes)...
[M::mem_process_seqs_merge2] CPE FASTQ formatting done
slave pre done
now n is 7595
processed 7595
[M::mem_process_seqs_merge2] Processed 7595 reads in 0.090 CPU sec, 0.091 real sec
[M::process] read chunk (2097152 bytes/CG x 1 CGs, 2097152 bytes)...
[M::mem_process_seqs_merge2] CPE FASTQ formatting done
slave pre done
now n is 7595
processed 7595
[M::mem_process_seqs_merge2] Processed 7595 reads in 0.090 CPU sec, 0.091 real sec
[M::process] read chunk (2097152 bytes/CG x 1 CGs, 2097152 bytes)...
[M::mem_process_seqs_merge2] CPE FASTQ formatting done
slave pre done
now n is 7595
processed 7595
[M::mem_process_seqs_merge2] Processed 7595 reads in 0.080 CPU sec, 0.083 real sec
[M::process] read chunk (2097152 bytes/CG x 1 CGs, 2097152 bytes)...
[M::mem_process_seqs_merge2] CPE FASTQ formatting done
slave pre done
now n is 7595
processed 7595
[M::mem_process_seqs_merge2] Processed 7595 reads in 0.090 CPU sec, 0.091 real sec
[M::process] read chunk (2097152 bytes/CG x 1 CGs, 2097152 bytes)...
[M::mem_process_seqs_merge2] CPE FASTQ formatting done
slave pre done
now n is 7595
processed 7595
[M::mem_process_seqs_merge2] Processed 7595 reads in 0.090 CPU sec, 0.093 real sec
[M::process] read chunk (2097152 bytes/CG x 1 CGs, 2097152 bytes)...
[M::mem_process_seqs_merge2] CPE FASTQ formatting done
slave pre done
now n is 7595
processed 7595
[M::mem_process_seqs_merge2] Processed 7595 reads in 0.100 CPU sec, 0.097 real sec
[M::process] read chunk (2097152 bytes/CG x 1 CGs, 2097152 bytes)...
[M::mem_process_seqs_merge2] CPE FASTQ formatting done
slave pre done
now n is 7595
processed 7595
[M::mem_process_seqs_merge2] Processed 7595 reads in 0.090 CPU sec, 0.096 real sec
[M::process] read chunk (2097152 bytes/CG x 1 CGs, 2097152 bytes)...
[M::mem_process_seqs_merge2] CPE FASTQ formatting done
slave pre done
now n is 7595
processed 7595
[M::mem_process_seqs_merge2] Processed 7595 reads in 0.100 CPU sec, 0.095 real sec
[M::process] read chunk (2097152 bytes/CG x 1 CGs, 2097152 bytes)...
[M::mem_process_seqs_merge2] CPE FASTQ formatting done
slave pre done
now n is 7595
processed 7595
[M::mem_process_seqs_merge2] Processed 7595 reads in 0.100 CPU sec, 0.099 real sec
[M::process] read chunk (2097152 bytes/CG x 1 CGs, 2097152 bytes)...
[M::mem_process_seqs_merge2] CPE FASTQ formatting done
slave pre done
now n is 7595
processed 7595
[M::mem_process_seqs_merge2] Processed 7595 reads in 0.090 CPU sec, 0.096 real sec
[M::process] read chunk (2097152 bytes/CG x 1 CGs, 2097152 bytes)...
[M::mem_process_seqs_merge2] CPE FASTQ formatting done
slave pre done
now n is 7595
processed 7595
[M::mem_process_seqs_merge2] Processed 7595 reads in 0.100 CPU sec, 0.103 real sec
[M::process] read chunk (2097152 bytes/CG x 1 CGs, 2097152 bytes)...
[M::mem_process_seqs_merge2] CPE FASTQ formatting done
slave pre done
now n is 7595
processed 7595
[M::mem_process_seqs_merge2] Processed 7595 reads in 0.090 CPU sec, 0.099 real sec
[M::process] read chunk (2097152 bytes/CG x 1 CGs, 2097152 bytes)...
[M::mem_process_seqs_merge2] CPE FASTQ formatting done
slave pre done
now n is 7595
processed 7595
[M::mem_process_seqs_merge2] Processed 7595 reads in 0.100 CPU sec, 0.093 real sec
[M::process] read chunk (2097152 bytes/CG x 1 CGs, 2097152 bytes)...
[M::mem_process_seqs_merge2] CPE FASTQ formatting done
slave pre done
now n is 7595
processed 7595
[M::mem_process_seqs_merge2] Processed 7595 reads in 0.100 CPU sec, 0.094 real sec
[M::process] read chunk (2097152 bytes/CG x 1 CGs, 2097152 bytes)...
[M::mem_process_seqs_merge2] CPE FASTQ formatting done
slave pre done
now n is 7595
processed 7595
[M::mem_process_seqs_merge2] Processed 7595 reads in 0.090 CPU sec, 0.094 real sec
[M::process] read chunk (2097152 bytes/CG x 1 CGs, 2097152 bytes)...
[M::mem_process_seqs_merge2] CPE FASTQ formatting done
slave pre done
now n is 7595
processed 7595
[M::mem_process_seqs_merge2] Processed 7595 reads in 0.100 CPU sec, 0.098 real sec
[M::process] read chunk (2097152 bytes/CG x 1 CGs, 2097152 bytes)...
[M::mem_process_seqs_merge2] CPE FASTQ formatting done
slave pre done
now n is 7595
processed 7595
[M::mem_process_seqs_merge2] Processed 7595 reads in 0.100 CPU sec, 0.099 real sec
[M::process] read chunk (2097152 bytes/CG x 1 CGs, 2097152 bytes)...
[M::mem_process_seqs_merge2] CPE FASTQ formatting done
slave pre done
now n is 7595
processed 7595
[M::mem_process_seqs_merge2] Processed 7595 reads in 0.090 CPU sec, 0.095 real sec
[M::process] read chunk (2097152 bytes/CG x 1 CGs, 2097152 bytes)...
[M::mem_process_seqs_merge2] CPE FASTQ formatting done
slave pre done
now n is 7595
processed 7595
[M::mem_process_seqs_merge2] Processed 7595 reads in 0.090 CPU sec, 0.086 real sec
[M::process] read chunk (2097152 bytes/CG x 1 CGs, 2097152 bytes)...
[M::mem_process_seqs_merge2] CPE FASTQ formatting done
slave pre done
now n is 7595
processed 7595
[M::mem_process_seqs_merge2] Processed 7595 reads in 0.090 CPU sec, 0.094 real sec
[M::process] read chunk (2097152 bytes/CG x 1 CGs, 2097152 bytes)...
[M::mem_process_seqs_merge2] CPE FASTQ formatting done
slave pre done
now n is 7595
processed 7595
[M::mem_process_seqs_merge2] Processed 7595 reads in 0.100 CPU sec, 0.094 real sec
[M::process] read chunk (2097152 bytes/CG x 1 CGs, 2097152 bytes)...
[M::mem_process_seqs_merge2] CPE FASTQ formatting done
slave pre done
now n is 7595
processed 7595
[M::mem_process_seqs_merge2] Processed 7595 reads in 0.090 CPU sec, 0.093 real sec
[M::process] read chunk (2097152 bytes/CG x 1 CGs, 2097152 bytes)...
[M::mem_process_seqs_merge2] CPE FASTQ formatting done
slave pre done
now n is 7595
processed 7595
[M::mem_process_seqs_merge2] Processed 7595 reads in 0.090 CPU sec, 0.091 real sec
[M::process] read chunk (2097152 bytes/CG x 1 CGs, 2097152 bytes)...
[M::mem_process_seqs_merge2] CPE FASTQ formatting done
slave pre done
now n is 7595
processed 7595
[M::mem_process_seqs_merge2] Processed 7595 reads in 0.090 CPU sec, 0.090 real sec
[M::process] read chunk (2097152 bytes/CG x 1 CGs, 2097152 bytes)...
[M::mem_process_seqs_merge2] CPE FASTQ formatting done
slave pre done
now n is 7595
processed 7595
[M::mem_process_seqs_merge2] Processed 7595 reads in 0.100 CPU sec, 0.097 real sec
[M::process] read chunk (2097152 bytes/CG x 1 CGs, 2097152 bytes)...
[M::mem_process_seqs_merge2] CPE FASTQ formatting done
slave pre done
now n is 7595
processed 7595
[M::mem_process_seqs_merge2] Processed 7595 reads in 0.090 CPU sec, 0.091 real sec
[M::process] read chunk (2097152 bytes/CG x 1 CGs, 2097152 bytes)...
[M::mem_process_seqs_merge2] CPE FASTQ formatting done
slave pre done
now n is 7595
processed 7595
[M::mem_process_seqs_merge2] Processed 7595 reads in 0.100 CPU sec, 0.098 real sec
[M::process] read chunk (2097152 bytes/CG x 1 CGs, 2097152 bytes)...
[M::mem_process_seqs_merge2] CPE FASTQ formatting done
slave pre done
now n is 7595
processed 7595
[M::mem_process_seqs_merge2] Processed 7595 reads in 0.100 CPU sec, 0.096 real sec
[M::process] read chunk (2097152 bytes/CG x 1 CGs, 2097152 bytes)...
[M::mem_process_seqs_merge2] CPE FASTQ formatting done
slave pre done
now n is 7595
processed 7595
[M::mem_process_seqs_merge2] Processed 7595 reads in 0.100 CPU sec, 0.100 real sec
[M::process] read chunk (2097152 bytes/CG x 1 CGs, 2097152 bytes)...
[M::mem_process_seqs_merge2] CPE FASTQ formatting done
slave pre done
now n is 7595
processed 7595
[M::mem_process_seqs_merge2] Processed 7595 reads in 0.100 CPU sec, 0.097 real sec
[M::process] read chunk (2097152 bytes/CG x 1 CGs, 2097152 bytes)...
[M::mem_process_seqs_merge2] CPE FASTQ formatting done
slave pre done
now n is 7595
processed 7595
[M::mem_process_seqs_merge2] Processed 7595 reads in 0.080 CPU sec, 0.084 real sec
[M::process] read chunk (2097152 bytes/CG x 1 CGs, 2097152 bytes)...
[M::mem_process_seqs_merge2] CPE FASTQ formatting done
slave pre done
now n is 7595
processed 7595
[M::mem_process_seqs_merge2] Processed 7595 reads in 0.100 CPU sec, 0.096 real sec
[M::process] read chunk (2097152 bytes/CG x 1 CGs, 2097152 bytes)...
[M::mem_process_seqs_merge2] CPE FASTQ formatting done
slave pre done
now n is 7595
processed 7595
[M::mem_process_seqs_merge2] Processed 7595 reads in 0.090 CPU sec, 0.093 real sec
[M::process] read chunk (2097152 bytes/CG x 1 CGs, 2097152 bytes)...
[M::mem_process_seqs_merge2] CPE FASTQ formatting done
slave pre done
now n is 7595
processed 7595
[M::mem_process_seqs_merge2] Processed 7595 reads in 0.100 CPU sec, 0.098 real sec
[M::process] read chunk (2097152 bytes/CG x 1 CGs, 2097152 bytes)...
[M::mem_process_seqs_merge2] CPE FASTQ formatting done
slave pre done
now n is 7595
processed 7595
[M::mem_process_seqs_merge2] Processed 7595 reads in 0.100 CPU sec, 0.104 real sec
[M::process] read chunk (2097152 bytes/CG x 1 CGs, 2097152 bytes)...
[M::mem_process_seqs_merge2] CPE FASTQ formatting done
slave pre done
now n is 7595
processed 7595
[M::mem_process_seqs_merge2] Processed 7595 reads in 0.090 CPU sec, 0.091 real sec
[M::process] read chunk (2097152 bytes/CG x 1 CGs, 2097152 bytes)...
[M::mem_process_seqs_merge2] CPE FASTQ formatting done
slave pre done
now n is 7595
processed 7595
[M::mem_process_seqs_merge2] Processed 7595 reads in 0.080 CPU sec, 0.077 real sec
[M::process] read chunk (2097152 bytes/CG x 1 CGs, 2097152 bytes)...
[M::mem_process_seqs_merge2] CPE FASTQ formatting done
slave pre done
now n is 7595
processed 7595
[M::mem_process_seqs_merge2] Processed 7595 reads in 0.100 CPU sec, 0.101 real sec
[M::process] read chunk (2097152 bytes/CG x 1 CGs, 2097152 bytes)...
[M::mem_process_seqs_merge2] CPE FASTQ formatting done
slave pre done
now n is 7595
processed 7595
[M::mem_process_seqs_merge2] Processed 7595 reads in 0.100 CPU sec, 0.096 real sec
[M::process] read chunk (2097152 bytes/CG x 1 CGs, 2097152 bytes)...
[M::mem_process_seqs_merge2] CPE FASTQ formatting done
slave pre done
now n is 7595
processed 7595
[M::mem_process_seqs_merge2] Processed 7595 reads in 0.070 CPU sec, 0.073 real sec
[M::process] read chunk (2097152 bytes/CG x 1 CGs, 2097152 bytes)...
[M::mem_process_seqs_merge2] CPE FASTQ formatting done
slave pre done
now n is 7595
processed 7595
[M::mem_process_seqs_merge2] Processed 7595 reads in 0.130 CPU sec, 0.135 real sec
[M::process] read chunk (2097152 bytes/CG x 1 CGs, 2097152 bytes)...
[M::mem_process_seqs_merge2] CPE FASTQ formatting done
slave pre done
now n is 7595
processed 7595
[M::mem_process_seqs_merge2] Processed 7595 reads in 0.110 CPU sec, 0.104 real sec
[M::process] read chunk (2097152 bytes/CG x 1 CGs, 2097152 bytes)...
[M::mem_process_seqs_merge2] CPE FASTQ formatting done
slave pre done
now n is 7595
processed 7595
[M::mem_process_seqs_merge2] Processed 7595 reads in 0.070 CPU sec, 0.068 real sec
[M::process] read chunk (2097152 bytes/CG x 1 CGs, 2097152 bytes)...
[M::mem_process_seqs_merge2] CPE FASTQ formatting done
slave pre done
now n is 7595
processed 7595
[M::mem_process_seqs_merge2] Processed 7595 reads in 0.080 CPU sec, 0.082 real sec
[M::process] read chunk (2097152 bytes/CG x 1 CGs, 2097152 bytes)...
[M::mem_process_seqs_merge2] CPE FASTQ formatting done
slave pre done
now n is 7595
processed 7595
[M::mem_process_seqs_merge2] Processed 7595 reads in 0.090 CPU sec, 0.090 real sec
[M::process] read chunk (2097152 bytes/CG x 1 CGs, 2097152 bytes)...
[M::mem_process_seqs_merge2] CPE FASTQ formatting done
slave pre done
now n is 7595
processed 7595
[M::mem_process_seqs_merge2] Processed 7595 reads in 0.070 CPU sec, 0.067 real sec
[M::process] read chunk (2097152 bytes/CG x 1 CGs, 2097152 bytes)...
[M::mem_process_seqs_merge2] CPE FASTQ formatting done
slave pre done
now n is 7595
processed 7595
[M::mem_process_seqs_merge2] Processed 7595 reads in 0.070 CPU sec, 0.069 real sec
[M::process] read chunk (2097152 bytes/CG x 1 CGs, 2097152 bytes)...
[M::mem_process_seqs_merge2] CPE FASTQ formatting done
slave pre done
now n is 7595
processed 7595
[M::mem_process_seqs_merge2] Processed 7595 reads in 0.070 CPU sec, 0.071 real sec
[M::process] read chunk (2097152 bytes/CG x 1 CGs, 2097152 bytes)...
[M::mem_process_seqs_merge2] CPE FASTQ formatting done
slave pre done
now n is 7595
processed 7595
[M::mem_process_seqs_merge2] Processed 7595 reads in 0.060 CPU sec, 0.065 real sec
[M::process] read chunk (2097152 bytes/CG x 1 CGs, 2097152 bytes)...
[M::mem_process_seqs_merge2] CPE FASTQ formatting done
slave pre done
now n is 7595
processed 7595
[M::mem_process_seqs_merge2] Processed 7595 reads in 0.150 CPU sec, 0.150 real sec
[M::process] read chunk (2097152 bytes/CG x 1 CGs, 2097152 bytes)...
[M::mem_process_seqs_merge2] CPE FASTQ formatting done
slave pre done
now n is 7595
processed 7595
[M::mem_process_seqs_merge2] Processed 7595 reads in 0.090 CPU sec, 0.093 real sec
[M::process] read chunk (2097152 bytes/CG x 1 CGs, 2097152 bytes)...
[M::mem_process_seqs_merge2] CPE FASTQ formatting done
slave pre done
now n is 7595
processed 7595
[M::mem_process_seqs_merge2] Processed 7595 reads in 0.060 CPU sec, 0.067 real sec
[M::process] read chunk (2097152 bytes/CG x 1 CGs, 2097152 bytes)...
[M::mem_process_seqs_merge2] CPE FASTQ formatting done
slave pre done
now n is 7595
processed 7595
[M::mem_process_seqs_merge2] Processed 7595 reads in 0.070 CPU sec, 0.072 real sec
[M::process] read chunk (2097152 bytes/CG x 1 CGs, 2097152 bytes)...
[M::mem_process_seqs_merge2] CPE FASTQ formatting done
slave pre done
now n is 7595
processed 7595
[M::mem_process_seqs_merge2] Processed 7595 reads in 0.060 CPU sec, 0.065 real sec
[M::process] read chunk (2097152 bytes/CG x 1 CGs, 2097152 bytes)...
[M::mem_process_seqs_merge2] CPE FASTQ formatting done
slave pre done
now n is 7595
processed 7595
[M::mem_process_seqs_merge2] Processed 7595 reads in 0.070 CPU sec, 0.068 real sec
[M::process] read chunk (2097152 bytes/CG x 1 CGs, 2097152 bytes)...
[M::mem_process_seqs_merge2] CPE FASTQ formatting done
slave pre done
now n is 7595
processed 7595
[M::mem_process_seqs_merge2] Processed 7595 reads in 0.070 CPU sec, 0.069 real sec
[M::process] read chunk (2097152 bytes/CG x 1 CGs, 2097152 bytes)...
[M::mem_process_seqs_merge2] CPE FASTQ formatting done
slave pre done
now n is 7595
processed 7595
[M::mem_process_seqs_merge2] Processed 7595 reads in 0.070 CPU sec, 0.070 real sec
[M::process] read chunk (2097152 bytes/CG x 1 CGs, 2097152 bytes)...
[M::mem_process_seqs_merge2] CPE FASTQ formatting done
slave pre done
now n is 7595
processed 7595
[M::mem_process_seqs_merge2] Processed 7595 reads in 0.070 CPU sec, 0.078 real sec
[M::process] read chunk (2097152 bytes/CG x 1 CGs, 2097152 bytes)...
[M::mem_process_seqs_merge2] CPE FASTQ formatting done
slave pre done
now n is 7595
processed 7595
[M::mem_process_seqs_merge2] Processed 7595 reads in 0.090 CPU sec, 0.082 real sec
[M::process] read chunk (2097152 bytes/CG x 1 CGs, 2097152 bytes)...
[M::mem_process_seqs_merge2] CPE FASTQ formatting done
slave pre done
now n is 7595
processed 7595
[M::mem_process_seqs_merge2] Processed 7595 reads in 0.070 CPU sec, 0.068 real sec
[M::process] read chunk (2097152 bytes/CG x 1 CGs, 2097152 bytes)...
[M::mem_process_seqs_merge2] CPE FASTQ formatting done
slave pre done
now n is 7595
processed 7595
[M::mem_process_seqs_merge2] Processed 7595 reads in 0.070 CPU sec, 0.066 real sec
[M::process] read chunk (2097152 bytes/CG x 1 CGs, 2097152 bytes)...
[M::mem_process_seqs_merge2] CPE FASTQ formatting done
slave pre done
now n is 7595
processed 7595
[M::mem_process_seqs_merge2] Processed 7595 reads in 0.100 CPU sec, 0.101 real sec
[M::process] read chunk (2097152 bytes/CG x 1 CGs, 2097152 bytes)...
[M::mem_process_seqs_merge2] CPE FASTQ formatting done
slave pre done
now n is 7595
processed 7595
[M::mem_process_seqs_merge2] Processed 7595 reads in 0.060 CPU sec, 0.068 real sec
[M::process] read chunk (2097152 bytes/CG x 1 CGs, 2097152 bytes)...
[M::mem_process_seqs_merge2] CPE FASTQ formatting done
slave pre done
now n is 7595
processed 7595
[M::mem_process_seqs_merge2] Processed 7595 reads in 0.100 CPU sec, 0.097 real sec
[M::process] read chunk (2097152 bytes/CG x 1 CGs, 2097152 bytes)...
[M::mem_process_seqs_merge2] CPE FASTQ formatting done
slave pre done
now n is 7595
processed 7595
[M::mem_process_seqs_merge2] Processed 7595 reads in 0.110 CPU sec, 0.107 real sec
[M::process] read chunk (2097152 bytes/CG x 1 CGs, 2097152 bytes)...
[M::mem_process_seqs_merge2] CPE FASTQ formatting done
slave pre done
now n is 7595
processed 7595
[M::mem_process_seqs_merge2] Processed 7595 reads in 0.070 CPU sec, 0.069 real sec
[M::process] read chunk (2097152 bytes/CG x 1 CGs, 2097152 bytes)...
[M::mem_process_seqs_merge2] CPE FASTQ formatting done
slave pre done
now n is 7595
processed 7595
[M::mem_process_seqs_merge2] Processed 7595 reads in 0.080 CPU sec, 0.075 real sec
[M::process] read chunk (2097152 bytes/CG x 1 CGs, 2097152 bytes)...
[M::mem_process_seqs_merge2] CPE FASTQ formatting done
slave pre done
now n is 7595
processed 7595
[M::mem_process_seqs_merge2] Processed 7595 reads in 0.070 CPU sec, 0.067 real sec
[M::process] read chunk (2097152 bytes/CG x 1 CGs, 2097152 bytes)...
[M::mem_process_seqs_merge2] CPE FASTQ formatting done
slave pre done
now n is 7595
processed 7595
[M::mem_process_seqs_merge2] Processed 7595 reads in 0.120 CPU sec, 0.129 real sec
[M::process] read chunk (2097152 bytes/CG x 1 CGs, 2097152 bytes)...
[M::mem_process_seqs_merge2] CPE FASTQ formatting done
slave pre done
now n is 7595
processed 7595
[M::mem_process_seqs_merge2] Processed 7595 reads in 0.080 CPU sec, 0.083 real sec
[M::process] read chunk (2097152 bytes/CG x 1 CGs, 2097152 bytes)...
[M::mem_process_seqs_merge2] CPE FASTQ formatting done
slave pre done
now n is 7595
processed 7595
[M::mem_process_seqs_merge2] Processed 7595 reads in 0.060 CPU sec, 0.066 real sec
[M::process] read chunk (2097152 bytes/CG x 1 CGs, 2097152 bytes)...
[M::mem_process_seqs_merge2] CPE FASTQ formatting done
slave pre done
now n is 7595
processed 7595
[M::mem_process_seqs_merge2] Processed 7595 reads in 0.060 CPU sec, 0.068 real sec
[M::process] read chunk (2097152 bytes/CG x 1 CGs, 2097152 bytes)...
[M::mem_process_seqs_merge2] CPE FASTQ formatting done
slave pre done
now n is 7595
processed 7595
[M::mem_process_seqs_merge2] Processed 7595 reads in 0.120 CPU sec, 0.118 real sec
[M::process] read chunk (2097152 bytes/CG x 1 CGs, 2097152 bytes)...
[M::mem_process_seqs_merge2] CPE FASTQ formatting done
slave pre done
now n is 7595
processed 7595
[M::mem_process_seqs_merge2] Processed 7595 reads in 0.130 CPU sec, 0.130 real sec
[M::process] read chunk (2097152 bytes/CG x 1 CGs, 2097152 bytes)...
[M::mem_process_seqs_merge2] CPE FASTQ formatting done
slave pre done
now n is 7595
processed 7595
[M::mem_process_seqs_merge2] Processed 7595 reads in 0.090 CPU sec, 0.089 real sec
[M::process] read chunk (2097152 bytes/CG x 1 CGs, 2097152 bytes)...
[M::mem_process_seqs_merge2] CPE FASTQ formatting done
slave pre done
now n is 7595
processed 7595
[M::mem_process_seqs_merge2] Processed 7595 reads in 0.100 CPU sec, 0.099 real sec
[M::process] read chunk (2097152 bytes/CG x 1 CGs, 2097152 bytes)...
[M::mem_process_seqs_merge2] CPE FASTQ formatting done
slave pre done
now n is 7595
processed 7595
[M::mem_process_seqs_merge2] Processed 7595 reads in 0.070 CPU sec, 0.069 real sec
[M::process] read chunk (2097152 bytes/CG x 1 CGs, 2097152 bytes)...
[M::mem_process_seqs_merge2] CPE FASTQ formatting done
slave pre done
now n is 7595
processed 7595
[M::mem_process_seqs_merge2] Processed 7595 reads in 0.090 CPU sec, 0.093 real sec
[M::process] read chunk (2097152 bytes/CG x 1 CGs, 2097152 bytes)...
[M::mem_process_seqs_merge2] CPE FASTQ formatting done
slave pre done
now n is 7595
processed 7595
[M::mem_process_seqs_merge2] Processed 7595 reads in 0.140 CPU sec, 0.139 real sec
[M::process] read chunk (2097152 bytes/CG x 1 CGs, 2097152 bytes)...
[M::mem_process_seqs_merge2] CPE FASTQ formatting done
slave pre done
now n is 7595
processed 7595
[M::mem_process_seqs_merge2] Processed 7595 reads in 0.070 CPU sec, 0.069 real sec
[M::process] read chunk (2097152 bytes/CG x 1 CGs, 2097152 bytes)...
[M::mem_process_seqs_merge2] CPE FASTQ formatting done
slave pre done
now n is 7595
processed 7595
[M::mem_process_seqs_merge2] Processed 7595 reads in 0.110 CPU sec, 0.113 real sec
[M::process] read chunk (2097152 bytes/CG x 1 CGs, 2097152 bytes)...
[M::mem_process_seqs_merge2] CPE FASTQ formatting done
slave pre done
now n is 7595
processed 7595
[M::mem_process_seqs_merge2] Processed 7595 reads in 0.070 CPU sec, 0.069 real sec
[M::process] read chunk (2097152 bytes/CG x 1 CGs, 2097152 bytes)...
[M::mem_process_seqs_merge2] CPE FASTQ formatting done
slave pre done
now n is 7595
processed 7595
[M::mem_process_seqs_merge2] Processed 7595 reads in 0.070 CPU sec, 0.070 real sec
[M::process] read chunk (2097152 bytes/CG x 1 CGs, 2097152 bytes)...
[M::mem_process_seqs_merge2] CPE FASTQ formatting done
slave pre done
now n is 7595
processed 7595
[M::mem_process_seqs_merge2] Processed 7595 reads in 0.070 CPU sec, 0.070 real sec
[M::process] read chunk (2097152 bytes/CG x 1 CGs, 2097152 bytes)...
[M::mem_process_seqs_merge2] CPE FASTQ formatting done
slave pre done
now n is 7595
processed 7595
[M::mem_process_seqs_merge2] Processed 7595 reads in 0.120 CPU sec, 0.127 real sec
[M::process] read chunk (2097152 bytes/CG x 1 CGs, 2097152 bytes)...
[M::mem_process_seqs_merge2] CPE FASTQ formatting done
slave pre done
now n is 7595
processed 7595
[M::mem_process_seqs_merge2] Processed 7595 reads in 0.090 CPU sec, 0.090 real sec
[M::process] read chunk (2097152 bytes/CG x 1 CGs, 2097152 bytes)...
[M::mem_process_seqs_merge2] CPE FASTQ formatting done
slave pre done
now n is 7595
processed 7595
[M::mem_process_seqs_merge2] Processed 7595 reads in 0.070 CPU sec, 0.075 real sec
[M::process] read chunk (2097152 bytes/CG x 1 CGs, 2097152 bytes)...
[M::mem_process_seqs_merge2] CPE FASTQ formatting done
slave pre done
now n is 7595
processed 7595
[M::mem_process_seqs_merge2] Processed 7595 reads in 0.070 CPU sec, 0.071 real sec
[M::process] read chunk (2097152 bytes/CG x 1 CGs, 2097152 bytes)...
[M::mem_process_seqs_merge2] CPE FASTQ formatting done
slave pre done
now n is 7595
processed 7595
[M::mem_process_seqs_merge2] Processed 7595 reads in 0.140 CPU sec, 0.142 real sec
[M::process] read chunk (2097152 bytes/CG x 1 CGs, 2097152 bytes)...
[M::mem_process_seqs_merge2] CPE FASTQ formatting done
slave pre done
now n is 7595
processed 7595
[M::mem_process_seqs_merge2] Processed 7595 reads in 0.080 CPU sec, 0.081 real sec
[M::process] read chunk (2097152 bytes/CG x 1 CGs, 2097152 bytes)...
[M::mem_process_seqs_merge2] CPE FASTQ formatting done
slave pre done
now n is 7595
processed 7595
[M::mem_process_seqs_merge2] Processed 7595 reads in 0.110 CPU sec, 0.106 real sec
[M::process] read chunk (2097152 bytes/CG x 1 CGs, 2097152 bytes)...
[M::mem_process_seqs_merge2] CPE FASTQ formatting done
slave pre done
now n is 7595
processed 7595
[M::mem_process_seqs_merge2] Processed 7595 reads in 0.070 CPU sec, 0.070 real sec
[M::process] read chunk (2097152 bytes/CG x 1 CGs, 2097152 bytes)...
[M::mem_process_seqs_merge2] CPE FASTQ formatting done
slave pre done
now n is 7595
processed 7595
[M::mem_process_seqs_merge2] Processed 7595 reads in 0.120 CPU sec, 0.124 real sec
[M::process] read chunk (2097152 bytes/CG x 1 CGs, 2097152 bytes)...
[M::mem_process_seqs_merge2] CPE FASTQ formatting done
slave pre done
now n is 7595
processed 7595
[M::mem_process_seqs_merge2] Processed 7595 reads in 0.150 CPU sec, 0.152 real sec
[M::process] read chunk (2097152 bytes/CG x 1 CGs, 2097152 bytes)...
[M::mem_process_seqs_merge2] CPE FASTQ formatting done
slave pre done
now n is 7595
processed 7595
[M::mem_process_seqs_merge2] Processed 7595 reads in 0.130 CPU sec, 0.126 real sec
[M::process] read chunk (2097152 bytes/CG x 1 CGs, 2097152 bytes)...
[M::mem_process_seqs_merge2] CPE FASTQ formatting done
slave pre done
now n is 7595
processed 7595
[M::mem_process_seqs_merge2] Processed 7595 reads in 0.080 CPU sec, 0.083 real sec
[M::process] read chunk (2097152 bytes/CG x 1 CGs, 2097152 bytes)...
[M::mem_process_seqs_merge2] CPE FASTQ formatting done
slave pre done
now n is 7536
processed 7536
[M::mem_process_seqs_merge2] Processed 7536 reads in 0.080 CPU sec, 0.079 real sec
[M::process] read chunk (2097152 bytes/CG x 1 CGs, 2097152 bytes)...
[M::mem_process_seqs_merge2] CPE FASTQ formatting done
slave pre done
now n is 7487
processed 7487
[M::mem_process_seqs_merge2] Processed 7487 reads in 0.060 CPU sec, 0.067 real sec
[M::process] read chunk (2097152 bytes/CG x 1 CGs, 2097152 bytes)...
[M::mem_process_seqs_merge2] CPE FASTQ formatting done
slave pre done
now n is 7487
processed 7487
[M::mem_process_seqs_merge2] Processed 7487 reads in 0.080 CPU sec, 0.079 real sec
[M::process] read chunk (2097152 bytes/CG x 1 CGs, 2097152 bytes)...
[M::mem_process_seqs_merge2] CPE FASTQ formatting done
slave pre done
now n is 7487
processed 7487
[M::mem_process_seqs_merge2] Processed 7487 reads in 0.060 CPU sec, 0.065 real sec
[M::process] read chunk (2097152 bytes/CG x 1 CGs, 2097152 bytes)...
[M::mem_process_seqs_merge2] CPE FASTQ formatting done
slave pre done
now n is 7487
processed 7487
[M::mem_process_seqs_merge2] Processed 7487 reads in 0.070 CPU sec, 0.069 real sec
[M::process] read chunk (2097152 bytes/CG x 1 CGs, 2097152 bytes)...
[M::mem_process_seqs_merge2] CPE FASTQ formatting done
slave pre done
now n is 7487
processed 7487
[M::mem_process_seqs_merge2] Processed 7487 reads in 0.070 CPU sec, 0.069 real sec
[M::process] read chunk (2097152 bytes/CG x 1 CGs, 2097152 bytes)...
[M::mem_process_seqs_merge2] CPE FASTQ formatting done
slave pre done
now n is 7487
processed 7487
[M::mem_process_seqs_merge2] Processed 7487 reads in 0.060 CPU sec, 0.067 real sec
[M::process] read chunk (2097152 bytes/CG x 1 CGs, 2097152 bytes)...
[M::mem_process_seqs_merge2] CPE FASTQ formatting done
slave pre done
now n is 7487
processed 7487
[M::mem_process_seqs_merge2] Processed 7487 reads in 0.070 CPU sec, 0.068 real sec
[M::process] read chunk (2097152 bytes/CG x 1 CGs, 2097152 bytes)...
[M::mem_process_seqs_merge2] CPE FASTQ formatting done
slave pre done
now n is 7487
processed 7487
[M::mem_process_seqs_merge2] Processed 7487 reads in 0.060 CPU sec, 0.069 real sec
[M::process] read chunk (2097152 bytes/CG x 1 CGs, 2097152 bytes)...
[M::mem_process_seqs_merge2] CPE FASTQ formatting done
slave pre done
now n is 7487
processed 7487
[M::mem_process_seqs_merge2] Processed 7487 reads in 0.070 CPU sec, 0.068 real sec
[M::process] read chunk (2097152 bytes/CG x 1 CGs, 2097152 bytes)...
[M::mem_process_seqs_merge2] CPE FASTQ formatting done
slave pre done
now n is 7487
processed 7487
[M::mem_process_seqs_merge2] Processed 7487 reads in 0.090 CPU sec, 0.091 real sec
[M::process] read chunk (2097152 bytes/CG x 1 CGs, 2097152 bytes)...
[M::mem_process_seqs_merge2] CPE FASTQ formatting done
slave pre done
now n is 7487
processed 7487
[M::mem_process_seqs_merge2] Processed 7487 reads in 0.120 CPU sec, 0.124 real sec
[M::process] read chunk (2097152 bytes/CG x 1 CGs, 2097152 bytes)...
[M::mem_process_seqs_merge2] CPE FASTQ formatting done
slave pre done
now n is 7487
processed 7487
[M::mem_process_seqs_merge2] Processed 7487 reads in 0.100 CPU sec, 0.100 real sec
[M::process] read chunk (2097152 bytes/CG x 1 CGs, 2097152 bytes)...
[M::mem_process_seqs_merge2] CPE FASTQ formatting done
slave pre done
now n is 7487
processed 7487
[M::mem_process_seqs_merge2] Processed 7487 reads in 0.920 CPU sec, 0.918 real sec
[M::process] read chunk (2097152 bytes/CG x 1 CGs, 2097152 bytes)...
[M::mem_process_seqs_merge2] CPE FASTQ formatting done
slave pre done
now n is 7487
processed 7487
[M::mem_process_seqs_merge2] Processed 7487 reads in 0.110 CPU sec, 0.115 real sec
[M::process] read chunk (2097152 bytes/CG x 1 CGs, 2097152 bytes)...
[M::mem_process_seqs_merge2] CPE FASTQ formatting done
slave pre done
now n is 7487
processed 7487
[M::mem_process_seqs_merge2] Processed 7487 reads in 0.100 CPU sec, 0.093 real sec
[M::process] read chunk (2097152 bytes/CG x 1 CGs, 2097152 bytes)...
[M::mem_process_seqs_merge2] CPE FASTQ formatting done
slave pre done
now n is 7487
processed 7487
[M::mem_process_seqs_merge2] Processed 7487 reads in 0.100 CPU sec, 0.100 real sec
[M::process] read chunk (2097152 bytes/CG x 1 CGs, 2097152 bytes)...
[M::mem_process_seqs_merge2] CPE FASTQ formatting done
slave pre done
now n is 7487
processed 7487
[M::mem_process_seqs_merge2] Processed 7487 reads in 0.120 CPU sec, 0.120 real sec
[M::process] read chunk (2097152 bytes/CG x 1 CGs, 2097152 bytes)...
[M::mem_process_seqs_merge2] CPE FASTQ formatting done
slave pre done
now n is 7487
processed 7487
[M::mem_process_seqs_merge2] Processed 7487 reads in 0.130 CPU sec, 0.127 real sec
[M::process] read chunk (2097152 bytes/CG x 1 CGs, 2097152 bytes)...
[M::mem_process_seqs_merge2] CPE FASTQ formatting done
slave pre done
now n is 7487
processed 7487
[M::mem_process_seqs_merge2] Processed 7487 reads in 0.110 CPU sec, 0.111 real sec
[M::process] read chunk (2097152 bytes/CG x 1 CGs, 2097152 bytes)...
[M::mem_process_seqs_merge2] CPE FASTQ formatting done
slave pre done
now n is 7487
processed 7487
[M::mem_process_seqs_merge2] Processed 7487 reads in 0.130 CPU sec, 0.126 real sec
[M::process] read chunk (2097152 bytes/CG x 1 CGs, 2097152 bytes)...
[M::mem_process_seqs_merge2] CPE FASTQ formatting done
slave pre done
now n is 7487
processed 7487
[M::mem_process_seqs_merge2] Processed 7487 reads in 0.110 CPU sec, 0.106 real sec
[M::process] read chunk (2097152 bytes/CG x 1 CGs, 2097152 bytes)...
[M::mem_process_seqs_merge2] CPE FASTQ formatting done
slave pre done
now n is 7487
processed 7487
[M::mem_process_seqs_merge2] Processed 7487 reads in 0.100 CPU sec, 0.097 real sec
[M::process] read chunk (2097152 bytes/CG x 1 CGs, 2097152 bytes)...
[M::mem_process_seqs_merge2] CPE FASTQ formatting done
slave pre done
now n is 7487
processed 7487
[M::mem_process_seqs_merge2] Processed 7487 reads in 0.100 CPU sec, 0.094 real sec
[M::process] read chunk (2097152 bytes/CG x 1 CGs, 2097152 bytes)...
[M::mem_process_seqs_merge2] CPE FASTQ formatting done
slave pre done
now n is 7487
processed 7487
[M::mem_process_seqs_merge2] Processed 7487 reads in 0.090 CPU sec, 0.085 real sec
[M::process] read chunk (2097152 bytes/CG x 1 CGs, 2097152 bytes)...
[M::mem_process_seqs_merge2] CPE FASTQ formatting done
slave pre done
now n is 7487
processed 7487
[M::mem_process_seqs_merge2] Processed 7487 reads in 0.100 CPU sec, 0.096 real sec
[M::process] read chunk (2097152 bytes/CG x 1 CGs, 2097152 bytes)...
[M::mem_process_seqs_merge2] CPE FASTQ formatting done
slave pre done
now n is 7487
processed 7487
[M::mem_process_seqs_merge2] Processed 7487 reads in 0.080 CPU sec, 0.089 real sec
[M::process] read chunk (2097152 bytes/CG x 1 CGs, 2097152 bytes)...
[M::mem_process_seqs_merge2] CPE FASTQ formatting done
slave pre done
now n is 7487
processed 7487
[M::mem_process_seqs_merge2] Processed 7487 reads in 0.090 CPU sec, 0.085 real sec
[M::process] read chunk (2097152 bytes/CG x 1 CGs, 2097152 bytes)...
[M::mem_process_seqs_merge2] CPE FASTQ formatting done
slave pre done
now n is 7487
processed 7487
[M::mem_process_seqs_merge2] Processed 7487 reads in 0.070 CPU sec, 0.076 real sec
[M::process] read chunk (2097152 bytes/CG x 1 CGs, 2097152 bytes)...
[M::mem_process_seqs_merge2] CPE FASTQ formatting done
slave pre done
now n is 7487
processed 7487
[M::mem_process_seqs_merge2] Processed 7487 reads in 0.140 CPU sec, 0.136 real sec
[M::process] read chunk (2097152 bytes/CG x 1 CGs, 2097152 bytes)...
[M::mem_process_seqs_merge2] CPE FASTQ formatting done
slave pre done
now n is 7487
processed 7487
[M::mem_process_seqs_merge2] Processed 7487 reads in 0.110 CPU sec, 0.107 real sec
[M::process] read chunk (2097152 bytes/CG x 1 CGs, 2097152 bytes)...
[M::mem_process_seqs_merge2] CPE FASTQ formatting done
slave pre done
now n is 7487
processed 7487
[M::mem_process_seqs_merge2] Processed 7487 reads in 0.080 CPU sec, 0.076 real sec
[M::process] read chunk (2097152 bytes/CG x 1 CGs, 2097152 bytes)...
[M::mem_process_seqs_merge2] CPE FASTQ formatting done
slave pre done
now n is 7487
processed 7487
[M::mem_process_seqs_merge2] Processed 7487 reads in 0.080 CPU sec, 0.071 real sec
[M::process] read chunk (2097152 bytes/CG x 1 CGs, 2097152 bytes)...
[M::mem_process_seqs_merge2] CPE FASTQ formatting done
slave pre done
now n is 7487
processed 7487
[M::mem_process_seqs_merge2] Processed 7487 reads in 0.070 CPU sec, 0.072 real sec
[M::process] read chunk (2097152 bytes/CG x 1 CGs, 2097152 bytes)...
[M::mem_process_seqs_merge2] CPE FASTQ formatting done
slave pre done
now n is 7487
processed 7487
[M::mem_process_seqs_merge2] Processed 7487 reads in 0.070 CPU sec, 0.068 real sec
[M::process] read chunk (2097152 bytes/CG x 1 CGs, 2097152 bytes)...
[M::mem_process_seqs_merge2] CPE FASTQ formatting done
slave pre done
now n is 7487
processed 7487
[M::mem_process_seqs_merge2] Processed 7487 reads in 0.080 CPU sec, 0.080 real sec
[M::process] read chunk (2097152 bytes/CG x 1 CGs, 2097152 bytes)...
[M::mem_process_seqs_merge2] CPE FASTQ formatting done
slave pre done
now n is 7487
processed 7487
[M::mem_process_seqs_merge2] Processed 7487 reads in 0.100 CPU sec, 0.098 real sec
[M::process] read chunk (2097152 bytes/CG x 1 CGs, 2097152 bytes)...
[M::mem_process_seqs_merge2] CPE FASTQ formatting done
slave pre done
now n is 7487
processed 7487
[M::mem_process_seqs_merge2] Processed 7487 reads in 0.070 CPU sec, 0.065 real sec
[M::process] read chunk (2097152 bytes/CG x 1 CGs, 2097152 bytes)...
[M::mem_process_seqs_merge2] CPE FASTQ formatting done
slave pre done
now n is 7487
processed 7487
[M::mem_process_seqs_merge2] Processed 7487 reads in 0.100 CPU sec, 0.098 real sec
[M::process] read chunk (2097152 bytes/CG x 1 CGs, 2097152 bytes)...
[M::mem_process_seqs_merge2] CPE FASTQ formatting done
slave pre done
now n is 7487
processed 7487
[M::mem_process_seqs_merge2] Processed 7487 reads in 0.140 CPU sec, 0.138 real sec
[M::process] read chunk (2097152 bytes/CG x 1 CGs, 2097152 bytes)...
[M::mem_process_seqs_merge2] CPE FASTQ formatting done
slave pre done
now n is 7487
processed 7487
[M::mem_process_seqs_merge2] Processed 7487 reads in 0.130 CPU sec, 0.133 real sec
[M::process] read chunk (2097152 bytes/CG x 1 CGs, 2097152 bytes)...
[M::mem_process_seqs_merge2] CPE FASTQ formatting done
slave pre done
now n is 7487
processed 7487
[M::mem_process_seqs_merge2] Processed 7487 reads in 0.070 CPU sec, 0.068 real sec
[M::process] read chunk (2097152 bytes/CG x 1 CGs, 2097152 bytes)...
[M::mem_process_seqs_merge2] CPE FASTQ formatting done
slave pre done
now n is 7487
processed 7487
[M::mem_process_seqs_merge2] Processed 7487 reads in 0.060 CPU sec, 0.069 real sec
[M::process] read chunk (2097152 bytes/CG x 1 CGs, 2097152 bytes)...
[M::mem_process_seqs_merge2] CPE FASTQ formatting done
slave pre done
now n is 7487
processed 7487
[M::mem_process_seqs_merge2] Processed 7487 reads in 0.070 CPU sec, 0.069 real sec
[M::process] read chunk (2097152 bytes/CG x 1 CGs, 2097152 bytes)...
[M::mem_process_seqs_merge2] CPE FASTQ formatting done
slave pre done
now n is 7487
processed 7487
[M::mem_process_seqs_merge2] Processed 7487 reads in 0.130 CPU sec, 0.121 real sec
[M::process] read chunk (2097152 bytes/CG x 1 CGs, 2097152 bytes)...
[M::mem_process_seqs_merge2] CPE FASTQ formatting done
slave pre done
now n is 7487
processed 7487
[M::mem_process_seqs_merge2] Processed 7487 reads in 0.130 CPU sec, 0.134 real sec
[M::process] read chunk (2097152 bytes/CG x 1 CGs, 2097152 bytes)...
[M::mem_process_seqs_merge2] CPE FASTQ formatting done
slave pre done
now n is 7487
processed 7487
[M::mem_process_seqs_merge2] Processed 7487 reads in 0.100 CPU sec, 0.099 real sec
[M::process] read chunk (2097152 bytes/CG x 1 CGs, 2097152 bytes)...
[M::mem_process_seqs_merge2] CPE FASTQ formatting done
slave pre done
now n is 7487
processed 7487
[M::mem_process_seqs_merge2] Processed 7487 reads in 0.080 CPU sec, 0.082 real sec
[M::process] read chunk (2097152 bytes/CG x 1 CGs, 2097152 bytes)...
[M::mem_process_seqs_merge2] CPE FASTQ formatting done
slave pre done
now n is 7487
processed 7487
[M::mem_process_seqs_merge2] Processed 7487 reads in 0.120 CPU sec, 0.127 real sec
[M::process] read chunk (2097152 bytes/CG x 1 CGs, 2097152 bytes)...
[M::mem_process_seqs_merge2] CPE FASTQ formatting done
slave pre done
now n is 7487
processed 7487
[M::mem_process_seqs_merge2] Processed 7487 reads in 0.130 CPU sec, 0.137 real sec
[M::process] read chunk (2097152 bytes/CG x 1 CGs, 2097152 bytes)...
[M::mem_process_seqs_merge2] CPE FASTQ formatting done
slave pre done
now n is 7487
processed 7487
[M::mem_process_seqs_merge2] Processed 7487 reads in 0.090 CPU sec, 0.087 real sec
[M::process] read chunk (2097152 bytes/CG x 1 CGs, 2097152 bytes)...
[M::mem_process_seqs_merge2] CPE FASTQ formatting done
slave pre done
now n is 7487
processed 7487
[M::mem_process_seqs_merge2] Processed 7487 reads in 0.130 CPU sec, 0.131 real sec
[M::process] read chunk (2097152 bytes/CG x 1 CGs, 2097152 bytes)...
[M::mem_process_seqs_merge2] CPE FASTQ formatting done
slave pre done
now n is 7487
processed 7487
[M::mem_process_seqs_merge2] Processed 7487 reads in 0.160 CPU sec, 0.154 real sec
[M::process] read chunk (2097152 bytes/CG x 1 CGs, 2097152 bytes)...
[M::mem_process_seqs_merge2] CPE FASTQ formatting done
slave pre done
now n is 7487
processed 7487
[M::mem_process_seqs_merge2] Processed 7487 reads in 0.070 CPU sec, 0.077 real sec
[M::process] read chunk (2097152 bytes/CG x 1 CGs, 2097152 bytes)...
[M::mem_process_seqs_merge2] CPE FASTQ formatting done
slave pre done
now n is 7487
processed 7487
[M::mem_process_seqs_merge2] Processed 7487 reads in 0.070 CPU sec, 0.071 real sec
[M::process] read chunk (2097152 bytes/CG x 1 CGs, 2097152 bytes)...
[M::mem_process_seqs_merge2] CPE FASTQ formatting done
slave pre done
now n is 7487
processed 7487
[M::mem_process_seqs_merge2] Processed 7487 reads in 0.070 CPU sec, 0.066 real sec
[M::process] read chunk (2097152 bytes/CG x 1 CGs, 2097152 bytes)...
[M::mem_process_seqs_merge2] CPE FASTQ formatting done
slave pre done
now n is 7487
processed 7487
[M::mem_process_seqs_merge2] Processed 7487 reads in 0.070 CPU sec, 0.070 real sec
[M::process] read chunk (2097152 bytes/CG x 1 CGs, 2097152 bytes)...
[M::mem_process_seqs_merge2] CPE FASTQ formatting done
slave pre done
now n is 7487
processed 7487
[M::mem_process_seqs_merge2] Processed 7487 reads in 0.100 CPU sec, 0.102 real sec
[M::process] read chunk (2097152 bytes/CG x 1 CGs, 2097152 bytes)...
[M::mem_process_seqs_merge2] CPE FASTQ formatting done
slave pre done
now n is 7487
processed 7487
[M::mem_process_seqs_merge2] Processed 7487 reads in 0.130 CPU sec, 0.130 real sec
[M::process] read chunk (2097152 bytes/CG x 1 CGs, 2097152 bytes)...
[M::mem_process_seqs_merge2] CPE FASTQ formatting done
slave pre done
now n is 7487
processed 7487
[M::mem_process_seqs_merge2] Processed 7487 reads in 0.150 CPU sec, 0.153 real sec
[M::process] read chunk (2097152 bytes/CG x 1 CGs, 2097152 bytes)...
[M::mem_process_seqs_merge2] CPE FASTQ formatting done
slave pre done
now n is 7487
processed 7487
[M::mem_process_seqs_merge2] Processed 7487 reads in 0.160 CPU sec, 0.157 real sec
[M::process] read chunk (2097152 bytes/CG x 1 CGs, 2097152 bytes)...
[M::mem_process_seqs_merge2] CPE FASTQ formatting done
slave pre done
now n is 7487
processed 7487
[M::mem_process_seqs_merge2] Processed 7487 reads in 0.110 CPU sec, 0.106 real sec
[M::process] read chunk (2097152 bytes/CG x 1 CGs, 2097152 bytes)...
[M::mem_process_seqs_merge2] CPE FASTQ formatting done
slave pre done
now n is 7487
processed 7487
[M::mem_process_seqs_merge2] Processed 7487 reads in 0.080 CPU sec, 0.081 real sec
[M::process] read chunk (2097152 bytes/CG x 1 CGs, 2097152 bytes)...
[M::mem_process_seqs_merge2] CPE FASTQ formatting done
slave pre done
now n is 7487
processed 7487
[M::mem_process_seqs_merge2] Processed 7487 reads in 0.090 CPU sec, 0.085 real sec
[M::process] read chunk (2097152 bytes/CG x 1 CGs, 2097152 bytes)...
[M::mem_process_seqs_merge2] CPE FASTQ formatting done
slave pre done
now n is 7487
processed 7487
[M::mem_process_seqs_merge2] Processed 7487 reads in 0.070 CPU sec, 0.070 real sec
[M::process] read chunk (2097152 bytes/CG x 1 CGs, 2097152 bytes)...
[M::mem_process_seqs_merge2] CPE FASTQ formatting done
slave pre done
now n is 7487
processed 7487
[M::mem_process_seqs_merge2] Processed 7487 reads in 0.090 CPU sec, 0.091 real sec
[M::process] read chunk (2097152 bytes/CG x 1 CGs, 2097152 bytes)...
[M::mem_process_seqs_merge2] CPE FASTQ formatting done
slave pre done
now n is 7487
processed 7487
[M::mem_process_seqs_merge2] Processed 7487 reads in 0.080 CPU sec, 0.078 real sec
[M::process] read chunk (2097152 bytes/CG x 1 CGs, 2097152 bytes)...
[M::mem_process_seqs_merge2] CPE FASTQ formatting done
slave pre done
now n is 7487
processed 7487
[M::mem_process_seqs_merge2] Processed 7487 reads in 0.070 CPU sec, 0.076 real sec
[M::process] read chunk (2097152 bytes/CG x 1 CGs, 2097152 bytes)...
[M::mem_process_seqs_merge2] CPE FASTQ formatting done
slave pre done
now n is 7487
processed 7487
[M::mem_process_seqs_merge2] Processed 7487 reads in 0.070 CPU sec, 0.072 real sec
[M::process] read chunk (2097152 bytes/CG x 1 CGs, 2097152 bytes)...
[M::mem_process_seqs_merge2] CPE FASTQ formatting done
slave pre done
now n is 7487
processed 7487
[M::mem_process_seqs_merge2] Processed 7487 reads in 0.160 CPU sec, 0.157 real sec
[M::process] read chunk (2097152 bytes/CG x 1 CGs, 2097152 bytes)...
[M::mem_process_seqs_merge2] CPE FASTQ formatting done
slave pre done
now n is 7487
processed 7487
[M::mem_process_seqs_merge2] Processed 7487 reads in 0.090 CPU sec, 0.090 real sec
[M::process] read chunk (2097152 bytes/CG x 1 CGs, 2097152 bytes)...
[M::mem_process_seqs_merge2] CPE FASTQ formatting done
slave pre done
now n is 7487
processed 7487
[M::mem_process_seqs_merge2] Processed 7487 reads in 0.070 CPU sec, 0.069 real sec
[M::process] read chunk (2097152 bytes/CG x 1 CGs, 2097152 bytes)...
[M::mem_process_seqs_merge2] CPE FASTQ formatting done
slave pre done
now n is 7487
processed 7487
[M::mem_process_seqs_merge2] Processed 7487 reads in 0.090 CPU sec, 0.093 real sec
[M::process] read chunk (2097152 bytes/CG x 1 CGs, 2097152 bytes)...
[M::mem_process_seqs_merge2] CPE FASTQ formatting done
slave pre done
now n is 7487
processed 7487
[M::mem_process_seqs_merge2] Processed 7487 reads in 0.090 CPU sec, 0.088 real sec
[M::process] read chunk (2097152 bytes/CG x 1 CGs, 2097152 bytes)...
[M::mem_process_seqs_merge2] CPE FASTQ formatting done
slave pre done
now n is 7487
processed 7487
[M::mem_process_seqs_merge2] Processed 7487 reads in 0.140 CPU sec, 0.144 real sec
[M::process] read chunk (2097152 bytes/CG x 1 CGs, 2097152 bytes)...
[M::mem_process_seqs_merge2] CPE FASTQ formatting done
slave pre done
now n is 7487
processed 7487
[M::mem_process_seqs_merge2] Processed 7487 reads in 0.140 CPU sec, 0.147 real sec
[M::process] read chunk (2097152 bytes/CG x 1 CGs, 2097152 bytes)...
[M::mem_process_seqs_merge2] CPE FASTQ formatting done
slave pre done
now n is 7487
processed 7487
[M::mem_process_seqs_merge2] Processed 7487 reads in 0.070 CPU sec, 0.073 real sec
[M::process] read chunk (2097152 bytes/CG x 1 CGs, 2097152 bytes)...
[M::mem_process_seqs_merge2] CPE FASTQ formatting done
slave pre done
now n is 7487
processed 7487
[M::mem_process_seqs_merge2] Processed 7487 reads in 0.120 CPU sec, 0.118 real sec
[M::process] read chunk (2097152 bytes/CG x 1 CGs, 2097152 bytes)...
[M::mem_process_seqs_merge2] CPE FASTQ formatting done
slave pre done
now n is 7487
processed 7487
[M::mem_process_seqs_merge2] Processed 7487 reads in 0.100 CPU sec, 0.105 real sec
[M::process] read chunk (2097152 bytes/CG x 1 CGs, 2097152 bytes)...
[M::mem_process_seqs_merge2] CPE FASTQ formatting done
slave pre done
now n is 7487
processed 7487
[M::mem_process_seqs_merge2] Processed 7487 reads in 0.060 CPU sec, 0.068 real sec
[M::process] read chunk (2097152 bytes/CG x 1 CGs, 2097152 bytes)...
[M::mem_process_seqs_merge2] CPE FASTQ formatting done
slave pre done
now n is 7487
processed 7487
[M::mem_process_seqs_merge2] Processed 7487 reads in 0.070 CPU sec, 0.068 real sec
[M::process] read chunk (2097152 bytes/CG x 1 CGs, 2097152 bytes)...
[M::mem_process_seqs_merge2] CPE FASTQ formatting done
slave pre done
now n is 7487
processed 7487
[M::mem_process_seqs_merge2] Processed 7487 reads in 0.060 CPU sec, 0.068 real sec
[M::process] read chunk (2097152 bytes/CG x 1 CGs, 2097152 bytes)...
[M::mem_process_seqs_merge2] CPE FASTQ formatting done
slave pre done
now n is 7487
processed 7487
[M::mem_process_seqs_merge2] Processed 7487 reads in 0.070 CPU sec, 0.067 real sec
[M::process] read chunk (2097152 bytes/CG x 1 CGs, 2097152 bytes)...
[M::mem_process_seqs_merge2] CPE FASTQ formatting done
slave pre done
now n is 7487
processed 7487
[M::mem_process_seqs_merge2] Processed 7487 reads in 0.110 CPU sec, 0.109 real sec
[M::process] read chunk (2097152 bytes/CG x 1 CGs, 2097152 bytes)...
[M::mem_process_seqs_merge2] CPE FASTQ formatting done
slave pre done
now n is 7487
processed 7487
[M::mem_process_seqs_merge2] Processed 7487 reads in 0.070 CPU sec, 0.065 real sec
[M::process] read chunk (2097152 bytes/CG x 1 CGs, 2097152 bytes)...
[M::mem_process_seqs_merge2] CPE FASTQ formatting done
slave pre done
now n is 7487
processed 7487
[M::mem_process_seqs_merge2] Processed 7487 reads in 0.080 CPU sec, 0.078 real sec
[M::process] read chunk (2097152 bytes/CG x 1 CGs, 2097152 bytes)...
[M::mem_process_seqs_merge2] CPE FASTQ formatting done
slave pre done
now n is 7487
processed 7487
[M::mem_process_seqs_merge2] Processed 7487 reads in 0.090 CPU sec, 0.089 real sec
[M::process] read chunk (2097152 bytes/CG x 1 CGs, 2097152 bytes)...
[M::mem_process_seqs_merge2] CPE FASTQ formatting done
slave pre done
now n is 7487
processed 7487
[M::mem_process_seqs_merge2] Processed 7487 reads in 0.120 CPU sec, 0.125 real sec
[M::process] read chunk (2097152 bytes/CG x 1 CGs, 2097152 bytes)...
[M::mem_process_seqs_merge2] CPE FASTQ formatting done
slave pre done
now n is 7487
processed 7487
[M::mem_process_seqs_merge2] Processed 7487 reads in 0.080 CPU sec, 0.085 real sec
[M::process] read chunk (2097152 bytes/CG x 1 CGs, 2097152 bytes)...
[M::mem_process_seqs_merge2] CPE FASTQ formatting done
slave pre done
now n is 7487
processed 7487
[M::mem_process_seqs_merge2] Processed 7487 reads in 0.120 CPU sec, 0.122 real sec
[M::process] read chunk (2097152 bytes/CG x 1 CGs, 2097152 bytes)...
[M::mem_process_seqs_merge2] CPE FASTQ formatting done
slave pre done
now n is 7487
processed 7487
[M::mem_process_seqs_merge2] Processed 7487 reads in 0.070 CPU sec, 0.069 real sec
[M::process] read chunk (2097152 bytes/CG x 1 CGs, 2097152 bytes)...
[M::mem_process_seqs_merge2] CPE FASTQ formatting done
slave pre done
now n is 7487
processed 7487
[M::mem_process_seqs_merge2] Processed 7487 reads in 0.070 CPU sec, 0.069 real sec
[M::process] read chunk (2097152 bytes/CG x 1 CGs, 2097152 bytes)...
[M::mem_process_seqs_merge2] CPE FASTQ formatting done
slave pre done
now n is 7487
processed 7487
[M::mem_process_seqs_merge2] Processed 7487 reads in 0.070 CPU sec, 0.068 real sec
[M::process] read chunk (2097152 bytes/CG x 1 CGs, 2097152 bytes)...
[M::mem_process_seqs_merge2] CPE FASTQ formatting done
slave pre done
now n is 7487
processed 7487
[M::mem_process_seqs_merge2] Processed 7487 reads in 0.080 CPU sec, 0.085 real sec
[M::process] read chunk (2097152 bytes/CG x 1 CGs, 2097152 bytes)...
[M::mem_process_seqs_merge2] CPE FASTQ formatting done
slave pre done
now n is 7487
processed 7487
[M::mem_process_seqs_merge2] Processed 7487 reads in 0.070 CPU sec, 0.071 real sec
[M::process] read chunk (2097152 bytes/CG x 1 CGs, 2097152 bytes)...
[M::mem_process_seqs_merge2] CPE FASTQ formatting done
slave pre done
now n is 7487
processed 7487
[M::mem_process_seqs_merge2] Processed 7487 reads in 0.060 CPU sec, 0.063 real sec
[M::process] read chunk (2097152 bytes/CG x 1 CGs, 2097152 bytes)...
[M::mem_process_seqs_merge2] CPE FASTQ formatting done
slave pre done
now n is 7487
processed 7487
[M::mem_process_seqs_merge2] Processed 7487 reads in 0.060 CPU sec, 0.064 real sec
[M::process] read chunk (2097152 bytes/CG x 1 CGs, 2097152 bytes)...
[M::mem_process_seqs_merge2] CPE FASTQ formatting done
slave pre done
now n is 7487
processed 7487
[M::mem_process_seqs_merge2] Processed 7487 reads in 0.060 CPU sec, 0.060 real sec
[M::process] read chunk (2097152 bytes/CG x 1 CGs, 2097152 bytes)...
[M::mem_process_seqs_merge2] CPE FASTQ formatting done
slave pre done
now n is 7487
processed 7487
[M::mem_process_seqs_merge2] Processed 7487 reads in 0.070 CPU sec, 0.070 real sec
[M::process] read chunk (2097152 bytes/CG x 1 CGs, 2097152 bytes)...
[M::mem_process_seqs_merge2] CPE FASTQ formatting done
slave pre done
now n is 7487
processed 7487
[M::mem_process_seqs_merge2] Processed 7487 reads in 0.080 CPU sec, 0.081 real sec
[M::process] read chunk (2097152 bytes/CG x 1 CGs, 2097152 bytes)...
[M::mem_process_seqs_merge2] CPE FASTQ formatting done
slave pre done
now n is 7487
processed 7487
[M::mem_process_seqs_merge2] Processed 7487 reads in 0.080 CPU sec, 0.073 real sec
[M::process] read chunk (2097152 bytes/CG x 1 CGs, 2097152 bytes)...
[M::mem_process_seqs_merge2] CPE FASTQ formatting done
slave pre done
now n is 7487
processed 7487
[M::mem_process_seqs_merge2] Processed 7487 reads in 0.120 CPU sec, 0.121 real sec
[M::process] read chunk (2097152 bytes/CG x 1 CGs, 2097152 bytes)...
[M::mem_process_seqs_merge2] CPE FASTQ formatting done
slave pre done
now n is 7487
processed 7487
[M::mem_process_seqs_merge2] Processed 7487 reads in 0.090 CPU sec, 0.083 real sec
[M::process] read chunk (2097152 bytes/CG x 1 CGs, 2097152 bytes)...
[M::mem_process_seqs_merge2] CPE FASTQ formatting done
slave pre done
now n is 7487
processed 7487
[M::mem_process_seqs_merge2] Processed 7487 reads in 0.170 CPU sec, 0.171 real sec
[M::process] read chunk (2097152 bytes/CG x 1 CGs, 2097152 bytes)...
[M::mem_process_seqs_merge2] CPE FASTQ formatting done
slave pre done
now n is 7487
processed 7487
[M::mem_process_seqs_merge2] Processed 7487 reads in 0.130 CPU sec, 0.128 real sec
[M::process] read chunk (2097152 bytes/CG x 1 CGs, 2097152 bytes)...
[M::mem_process_seqs_merge2] CPE FASTQ formatting done
slave pre done
now n is 7487
processed 7487
[M::mem_process_seqs_merge2] Processed 7487 reads in 0.080 CPU sec, 0.077 real sec
[M::process] read chunk (2097152 bytes/CG x 1 CGs, 2097152 bytes)...
[M::mem_process_seqs_merge2] CPE FASTQ formatting done
slave pre done
now n is 7487
processed 7487
[M::mem_process_seqs_merge2] Processed 7487 reads in 0.090 CPU sec, 0.092 real sec
[M::process] read chunk (2097152 bytes/CG x 1 CGs, 2097152 bytes)...
[M::mem_process_seqs_merge2] CPE FASTQ formatting done
slave pre done
now n is 7487
processed 7487
[M::mem_process_seqs_merge2] Processed 7487 reads in 0.130 CPU sec, 0.132 real sec
[M::process] read chunk (2097152 bytes/CG x 1 CGs, 2097152 bytes)...
[M::mem_process_seqs_merge2] CPE FASTQ formatting done
slave pre done
now n is 7487
processed 7487
[M::mem_process_seqs_merge2] Processed 7487 reads in 0.120 CPU sec, 0.116 real sec
[M::process] read chunk (2097152 bytes/CG x 1 CGs, 2097152 bytes)...
[M::mem_process_seqs_merge2] CPE FASTQ formatting done
slave pre done
now n is 7487
processed 7487
[M::mem_process_seqs_merge2] Processed 7487 reads in 0.090 CPU sec, 0.092 real sec
[M::process] read chunk (2097152 bytes/CG x 1 CGs, 2097152 bytes)...
[M::mem_process_seqs_merge2] CPE FASTQ formatting done
slave pre done
now n is 7487
processed 7487
[M::mem_process_seqs_merge2] Processed 7487 reads in 0.080 CPU sec, 0.081 real sec
[M::process] read chunk (2097152 bytes/CG x 1 CGs, 2097152 bytes)...
[M::mem_process_seqs_merge2] CPE FASTQ formatting done
slave pre done
now n is 7487
processed 7487
[M::mem_process_seqs_merge2] Processed 7487 reads in 0.070 CPU sec, 0.065 real sec
[M::process] read chunk (2097152 bytes/CG x 1 CGs, 2097152 bytes)...
[M::mem_process_seqs_merge2] CPE FASTQ formatting done
slave pre done
now n is 7487
processed 7487
[M::mem_process_seqs_merge2] Processed 7487 reads in 0.080 CPU sec, 0.084 real sec
[M::process] read chunk (2097152 bytes/CG x 1 CGs, 2097152 bytes)...
[M::mem_process_seqs_merge2] CPE FASTQ formatting done
slave pre done
now n is 7487
processed 7487
[M::mem_process_seqs_merge2] Processed 7487 reads in 0.150 CPU sec, 0.154 real sec
[M::process] read chunk (2097152 bytes/CG x 1 CGs, 2097152 bytes)...
[M::mem_process_seqs_merge2] CPE FASTQ formatting done
slave pre done
now n is 7487
processed 7487
[M::mem_process_seqs_merge2] Processed 7487 reads in 0.120 CPU sec, 0.119 real sec
[M::process] read chunk (2097152 bytes/CG x 1 CGs, 2097152 bytes)...
[M::mem_process_seqs_merge2] CPE FASTQ formatting done
slave pre done
now n is 7487
processed 7487
[M::mem_process_seqs_merge2] Processed 7487 reads in 0.090 CPU sec, 0.096 real sec
[M::process] read chunk (2097152 bytes/CG x 1 CGs, 2097152 bytes)...
[M::mem_process_seqs_merge2] CPE FASTQ formatting done
slave pre done
now n is 7487
processed 7487
[M::mem_process_seqs_merge2] Processed 7487 reads in 0.080 CPU sec, 0.077 real sec
[M::process] read chunk (2097152 bytes/CG x 1 CGs, 2097152 bytes)...
[M::mem_process_seqs_merge2] CPE FASTQ formatting done
slave pre done
now n is 7487
processed 7487
[M::mem_process_seqs_merge2] Processed 7487 reads in 0.090 CPU sec, 0.082 real sec
[M::process] read chunk (2097152 bytes/CG x 1 CGs, 2097152 bytes)...
[M::mem_process_seqs_merge2] CPE FASTQ formatting done
slave pre done
now n is 7487
processed 7487
[M::mem_process_seqs_merge2] Processed 7487 reads in 0.180 CPU sec, 0.170 real sec
[M::process] read chunk (2097152 bytes/CG x 1 CGs, 2097152 bytes)...
[M::mem_process_seqs_merge2] CPE FASTQ formatting done
slave pre done
now n is 7487
processed 7487
[M::mem_process_seqs_merge2] Processed 7487 reads in 0.120 CPU sec, 0.116 real sec
[M::process] read chunk (2097152 bytes/CG x 1 CGs, 2097152 bytes)...
[M::mem_process_seqs_merge2] CPE FASTQ formatting done
slave pre done
now n is 7487
processed 7487
[M::mem_process_seqs_merge2] Processed 7487 reads in 0.070 CPU sec, 0.069 real sec
[M::process] read chunk (2097152 bytes/CG x 1 CGs, 2097152 bytes)...
[M::mem_process_seqs_merge2] CPE FASTQ formatting done
slave pre done
now n is 7487
processed 7487
[M::mem_process_seqs_merge2] Processed 7487 reads in 0.070 CPU sec, 0.072 real sec
[M::process] read chunk (2097152 bytes/CG x 1 CGs, 2097152 bytes)...
[M::mem_process_seqs_merge2] CPE FASTQ formatting done
slave pre done
now n is 7487
processed 7487
[M::mem_process_seqs_merge2] Processed 7487 reads in 0.080 CPU sec, 0.076 real sec
[M::process] read chunk (2097152 bytes/CG x 1 CGs, 2097152 bytes)...
[M::mem_process_seqs_merge2] CPE FASTQ formatting done
slave pre done
now n is 7487
processed 7487
[M::mem_process_seqs_merge2] Processed 7487 reads in 0.080 CPU sec, 0.079 real sec
[M::process] read chunk (2097152 bytes/CG x 1 CGs, 2097152 bytes)...
[M::mem_process_seqs_merge2] CPE FASTQ formatting done
slave pre done
now n is 7487
processed 7487
[M::mem_process_seqs_merge2] Processed 7487 reads in 0.070 CPU sec, 0.072 real sec
[M::process] read chunk (2097152 bytes/CG x 1 CGs, 2097152 bytes)...
[M::mem_process_seqs_merge2] CPE FASTQ formatting done
slave pre done
now n is 7487
processed 7487
[M::mem_process_seqs_merge2] Processed 7487 reads in 0.210 CPU sec, 0.210 real sec
[M::process] read chunk (2097152 bytes/CG x 1 CGs, 2097152 bytes)...
[M::mem_process_seqs_merge2] CPE FASTQ formatting done
slave pre done
now n is 7487
processed 7487
[M::mem_process_seqs_merge2] Processed 7487 reads in 0.120 CPU sec, 0.125 real sec
[M::process] read chunk (2097152 bytes/CG x 1 CGs, 2097152 bytes)...
[M::mem_process_seqs_merge2] CPE FASTQ formatting done
slave pre done
now n is 7487
processed 7487
[M::mem_process_seqs_merge2] Processed 7487 reads in 0.110 CPU sec, 0.115 real sec
[M::process] read chunk (2097152 bytes/CG x 1 CGs, 2097152 bytes)...
[M::mem_process_seqs_merge2] CPE FASTQ formatting done
slave pre done
now n is 7487
processed 7487
[M::mem_process_seqs_merge2] Processed 7487 reads in 0.150 CPU sec, 0.146 real sec
[M::process] read chunk (2097152 bytes/CG x 1 CGs, 2097152 bytes)...
[M::mem_process_seqs_merge2] CPE FASTQ formatting done
slave pre done
now n is 7487
processed 7487
[M::mem_process_seqs_merge2] Processed 7487 reads in 1.200 CPU sec, 1.216 real sec
[M::process] read chunk (2097152 bytes/CG x 1 CGs, 2097152 bytes)...
[M::mem_process_seqs_merge2] CPE FASTQ formatting done
slave pre done
now n is 7487
processed 7487
[M::mem_process_seqs_merge2] Processed 7487 reads in 0.110 CPU sec, 0.106 real sec
[M::process] read chunk (2097152 bytes/CG x 1 CGs, 2097152 bytes)...
[M::mem_process_seqs_merge2] CPE FASTQ formatting done
slave pre done
now n is 7487
processed 7487
[M::mem_process_seqs_merge2] Processed 7487 reads in 0.080 CPU sec, 0.077 real sec
[M::process] read chunk (2097152 bytes/CG x 1 CGs, 2097152 bytes)...
[M::mem_process_seqs_merge2] CPE FASTQ formatting done
slave pre done
now n is 7487
processed 7487
[M::mem_process_seqs_merge2] Processed 7487 reads in 0.070 CPU sec, 0.071 real sec
[M::process] read chunk (2097152 bytes/CG x 1 CGs, 2097152 bytes)...
[M::mem_process_seqs_merge2] CPE FASTQ formatting done
slave pre done
now n is 7487
processed 7487
[M::mem_process_seqs_merge2] Processed 7487 reads in 0.080 CPU sec, 0.086 real sec
[M::process] read chunk (2097152 bytes/CG x 1 CGs, 2097152 bytes)...
[M::mem_process_seqs_merge2] CPE FASTQ formatting done
slave pre done
now n is 7487
processed 7487
[M::mem_process_seqs_merge2] Processed 7487 reads in 0.070 CPU sec, 0.065 real sec
[M::process] read chunk (2097152 bytes/CG x 1 CGs, 2097152 bytes)...
[M::mem_process_seqs_merge2] CPE FASTQ formatting done
slave pre done
now n is 7487
processed 7487
[M::mem_process_seqs_merge2] Processed 7487 reads in 0.070 CPU sec, 0.073 real sec
[M::process] read chunk (2097152 bytes/CG x 1 CGs, 2097152 bytes)...
[M::mem_process_seqs_merge2] CPE FASTQ formatting done
slave pre done
now n is 7487
processed 7487
[M::mem_process_seqs_merge2] Processed 7487 reads in 0.160 CPU sec, 0.155 real sec
[M::process] read chunk (2097152 bytes/CG x 1 CGs, 2097152 bytes)...
[M::mem_process_seqs_merge2] CPE FASTQ formatting done
slave pre done
now n is 7487
processed 7487
[M::mem_process_seqs_merge2] Processed 7487 reads in 0.110 CPU sec, 0.114 real sec
[M::process] read chunk (2097152 bytes/CG x 1 CGs, 2097152 bytes)...
[M::mem_process_seqs_merge2] CPE FASTQ formatting done
slave pre done
now n is 7487
processed 7487
[M::mem_process_seqs_merge2] Processed 7487 reads in 0.110 CPU sec, 0.111 real sec
[M::process] read chunk (2097152 bytes/CG x 1 CGs, 2097152 bytes)...
[M::mem_process_seqs_merge2] CPE FASTQ formatting done
slave pre done
now n is 7487
processed 7487
[M::mem_process_seqs_merge2] Processed 7487 reads in 0.080 CPU sec, 0.084 real sec
[M::process] read chunk (2097152 bytes/CG x 1 CGs, 2097152 bytes)...
[M::mem_process_seqs_merge2] CPE FASTQ formatting done
slave pre done
now n is 7487
processed 7487
[M::mem_process_seqs_merge2] Processed 7487 reads in 0.090 CPU sec, 0.094 real sec
[M::process] read chunk (2097152 bytes/CG x 1 CGs, 2097152 bytes)...
[M::mem_process_seqs_merge2] CPE FASTQ formatting done
slave pre done
now n is 7487
processed 7487
[M::mem_process_seqs_merge2] Processed 7487 reads in 0.090 CPU sec, 0.099 real sec
[M::process] read chunk (2097152 bytes/CG x 1 CGs, 2097152 bytes)...
[M::mem_process_seqs_merge2] CPE FASTQ formatting done
slave pre done
now n is 7487
processed 7487
[M::mem_process_seqs_merge2] Processed 7487 reads in 0.080 CPU sec, 0.072 real sec
[M::process] read chunk (2097152 bytes/CG x 1 CGs, 2097152 bytes)...
[M::mem_process_seqs_merge2] CPE FASTQ formatting done
slave pre done
now n is 7487
processed 7487
[M::mem_process_seqs_merge2] Processed 7487 reads in 0.100 CPU sec, 0.104 real sec
[M::process] read chunk (2097152 bytes/CG x 1 CGs, 2097152 bytes)...
[M::mem_process_seqs_merge2] CPE FASTQ formatting done
slave pre done
now n is 7487
processed 7487
[M::mem_process_seqs_merge2] Processed 7487 reads in 0.150 CPU sec, 0.151 real sec
[M::process] read chunk (2097152 bytes/CG x 1 CGs, 2097152 bytes)...
[M::mem_process_seqs_merge2] CPE FASTQ formatting done
slave pre done
now n is 7487
processed 7487
[M::mem_process_seqs_merge2] Processed 7487 reads in 0.130 CPU sec, 0.130 real sec
[M::process] read chunk (2097152 bytes/CG x 1 CGs, 2097152 bytes)...
[M::mem_process_seqs_merge2] CPE FASTQ formatting done
slave pre done
now n is 7487
processed 7487
[M::mem_process_seqs_merge2] Processed 7487 reads in 0.080 CPU sec, 0.078 real sec
[M::process] read chunk (2097152 bytes/CG x 1 CGs, 1130640 bytes)...
[M::mem_process_seqs_merge2] CPE FASTQ formatting done
slave pre done
now n is 4038
processed 4038
[M::mem_process_seqs_merge2] Processed 4038 reads in 0.050 CPU sec, 0.049 real sec

====================== SWBWA Output Debug =====================
  MPI rank: 000000 / 000001
  mode:     non-MPI POSIX
  path:     /dev/null

  Output volume
    output buffer capacity                           67108864
    swbwa_output_write calls                         2101235
    submitted SAM bytes                            631634883
    buffered flushes                                      10
    buffered flush bytes                           631634883
    direct oversized writes                                0
    direct oversized bytes                                 0

  Buffering
    buffered flush total                         0.000080 s  (10 calls,     8.045 us/call)

  POSIX file writes
    write system calls                                     10
    write system-call bytes                         631634883
    POSIX write system calls                     0.000065 s  (10 calls,     6.480 us/call)
    POSIX write effective bandwidth            9295857.143 MiB/s

  Output close timing
    POSIX close                                  0.000016 s  (1 calls,    15.750 us/call)
================================================================


======================= SWBWA Timing Report =======================
  Accumulated wall-clock time; indented rows are included in
  their parent row and must not be added to it.

  Pipeline
    total - complete three-stage pipeline                    35.323 s
    stage 1 - allocate and read raw FASTQ blocks              4.759 s
    stage 2 - align reads and generate SAM records           28.353 s
    stage 3 - write SAM and release batch data                2.210 s
      SAM output writes                                         1.441 s
      batch cleanup and loop overhead (derived)                 0.768 s

  Stage 1 input details
    batches completed / stage calls                     279 / 280
    input-buffer and batch allocations                        0.001 s  (559 calls, max 0.000 s)
    aggregate requested allocation bytes            584442512
    FASTQ fseeko calls                                        0.002 s  (279 calls, max 0.000 s)
    FASTQ fread calls                                         4.734 s  (279 calls, max 0.201 s)
    align chunk ends to FASTQ record boundaries               0.001 s  (278 calls, max 0.000 s)
    scheduler, checks and bookkeeping (derived)               0.022 s
    raw FASTQ bytes read                            584138896  (557.078 MiB)
    effective fread bandwidth                        117.686 MiB/s
    slowest allocation                                 0.000 s  (64 bytes)
    slowest fread                                      0.201 s  (R1 offset=238970124, bytes=2097152)

  Stage 2 worker details
    total - active merge worker                              28.335 s
      part 1 - prepare CPE task and reusable buffers            3.739 s
      part 2 - CPE FASTQ formatting and input release           0.215 s
      part 3 - CPE alignment and SAM length pass               23.923 s
      part 4 - assign slices in the shared SAM buffer           0.181 s
      part 5 - CPE SAM record generation                        0.256 s
      part 6 - release temporary worker data                    0.004 s

  Reserved allocator timers (no active timing sites)
    malloc timer                                              0.000 s
    free timer                                                0.000 s
===================================================================

[main] Version: 0.0.1
[main] CMD: ./SWBWA mem -v 4 -t 1 -1 -K 2097152 -o /dev/null -I 170,80,500,1 ../data/GRCh38.d1.vd1.fa ../data/SRR2496709_1.fastq_1
