[M::main_mem] mean insert size: 170.000, stddev: 80.000, max: 500, min: 1
[CPE input] bytes_per_cg=4194304 cg_count=1 chunk_bytes=4194304 file_bytes=583901384
malloc bwt->bwt 3107576584, 0x500002429500
malloc bwt->sa 1553788264, 0x5000bb7c7020
[M::bwa_idx_load_from_disk] read 0 ALT contigs
malloc pac 776894131, 0x500118228940
the input file is ../data/SRR2496709_1.fastq_1
the output file is /dev/null
[M::process] read chunk (4194304 bytes/CG x 1 CGs, 4194304 bytes)...
[M::mem_process_seqs_merge2] CPE FASTQ formatting done
slave pre done
now n is 15580
processed 15580
[M::mem_process_seqs_merge2] Processed 15580 reads in 0.740 CPU sec, 0.736 real sec
[M::process] read chunk (4194304 bytes/CG x 1 CGs, 4194304 bytes)...
[M::mem_process_seqs_merge2] CPE FASTQ formatting done
slave pre done
now n is 15417
processed 15417
[M::mem_process_seqs_merge2] Processed 15417 reads in 0.150 CPU sec, 0.156 real sec
[M::process] read chunk (4194304 bytes/CG x 1 CGs, 4194304 bytes)...
[M::mem_process_seqs_merge2] CPE FASTQ formatting done
slave pre done
now n is 15417
processed 15417
[M::mem_process_seqs_merge2] Processed 15417 reads in 0.120 CPU sec, 0.117 real sec
[M::process] read chunk (4194304 bytes/CG x 1 CGs, 4194304 bytes)...
[M::mem_process_seqs_merge2] CPE FASTQ formatting done
slave pre done
now n is 15417
processed 15417
[M::mem_process_seqs_merge2] Processed 15417 reads in 0.150 CPU sec, 0.153 real sec
[M::process] read chunk (4194304 bytes/CG x 1 CGs, 4194304 bytes)...
[M::mem_process_seqs_merge2] CPE FASTQ formatting done
slave pre done
now n is 15417
processed 15417
[M::mem_process_seqs_merge2] Processed 15417 reads in 0.130 CPU sec, 0.129 real sec
[M::process] read chunk (4194304 bytes/CG x 1 CGs, 4194304 bytes)...
[M::mem_process_seqs_merge2] CPE FASTQ formatting done
slave pre done
now n is 15417
processed 15417
[M::mem_process_seqs_merge2] Processed 15417 reads in 0.170 CPU sec, 0.165 real sec
[M::process] read chunk (4194304 bytes/CG x 1 CGs, 4194304 bytes)...
[M::mem_process_seqs_merge2] CPE FASTQ formatting done
slave pre done
now n is 15300
processed 15300
[M::mem_process_seqs_merge2] Processed 15300 reads in 0.160 CPU sec, 0.158 real sec
[M::process] read chunk (4194304 bytes/CG x 1 CGs, 4194304 bytes)...
[M::mem_process_seqs_merge2] CPE FASTQ formatting done
slave pre done
now n is 15194
processed 15194
[M::mem_process_seqs_merge2] Processed 15194 reads in 0.130 CPU sec, 0.125 real sec
[M::process] read chunk (4194304 bytes/CG x 1 CGs, 4194304 bytes)...
[M::mem_process_seqs_merge2] CPE FASTQ formatting done
slave pre done
now n is 15194
processed 15194
[M::mem_process_seqs_merge2] Processed 15194 reads in 0.130 CPU sec, 0.135 real sec
[M::process] read chunk (4194304 bytes/CG x 1 CGs, 4194304 bytes)...
[M::mem_process_seqs_merge2] CPE FASTQ formatting done
slave pre done
now n is 15194
processed 15194
[M::mem_process_seqs_merge2] Processed 15194 reads in 0.190 CPU sec, 0.195 real sec
[M::process] read chunk (4194304 bytes/CG x 1 CGs, 4194304 bytes)...
[M::mem_process_seqs_merge2] CPE FASTQ formatting done
slave pre done
now n is 15194
processed 15194
[M::mem_process_seqs_merge2] Processed 15194 reads in 0.160 CPU sec, 0.158 real sec
[M::process] read chunk (4194304 bytes/CG x 1 CGs, 4194304 bytes)...
[M::mem_process_seqs_merge2] CPE FASTQ formatting done
slave pre done
now n is 15194
processed 15194
[M::mem_process_seqs_merge2] Processed 15194 reads in 0.160 CPU sec, 0.163 real sec
[M::process] read chunk (4194304 bytes/CG x 1 CGs, 4194304 bytes)...
[M::mem_process_seqs_merge2] CPE FASTQ formatting done
slave pre done
now n is 15194
processed 15194
[M::mem_process_seqs_merge2] Processed 15194 reads in 0.140 CPU sec, 0.142 real sec
[M::process] read chunk (4194304 bytes/CG x 1 CGs, 4194304 bytes)...
[M::mem_process_seqs_merge2] CPE FASTQ formatting done
slave pre done
now n is 15194
processed 15194
[M::mem_process_seqs_merge2] Processed 15194 reads in 0.130 CPU sec, 0.124 real sec
[M::process] read chunk (4194304 bytes/CG x 1 CGs, 4194304 bytes)...
[M::mem_process_seqs_merge2] CPE FASTQ formatting done
slave pre done
now n is 15194
processed 15194
[M::mem_process_seqs_merge2] Processed 15194 reads in 0.130 CPU sec, 0.137 real sec
[M::process] read chunk (4194304 bytes/CG x 1 CGs, 4194304 bytes)...
[M::mem_process_seqs_merge2] CPE FASTQ formatting done
slave pre done
now n is 15194
processed 15194
[M::mem_process_seqs_merge2] Processed 15194 reads in 0.140 CPU sec, 0.142 real sec
[M::process] read chunk (4194304 bytes/CG x 1 CGs, 4194304 bytes)...
[M::mem_process_seqs_merge2] CPE FASTQ formatting done
slave pre done
now n is 15194
processed 15194
[M::mem_process_seqs_merge2] Processed 15194 reads in 0.170 CPU sec, 0.173 real sec
[M::process] read chunk (4194304 bytes/CG x 1 CGs, 4194304 bytes)...
[M::mem_process_seqs_merge2] CPE FASTQ formatting done
slave pre done
now n is 15194
processed 15194
[M::mem_process_seqs_merge2] Processed 15194 reads in 0.180 CPU sec, 0.177 real sec
[M::process] read chunk (4194304 bytes/CG x 1 CGs, 4194304 bytes)...
[M::mem_process_seqs_merge2] CPE FASTQ formatting done
slave pre done
now n is 15194
processed 15194
[M::mem_process_seqs_merge2] Processed 15194 reads in 0.160 CPU sec, 0.160 real sec
[M::process] read chunk (4194304 bytes/CG x 1 CGs, 4194304 bytes)...
[M::mem_process_seqs_merge2] CPE FASTQ formatting done
slave pre done
now n is 15194
processed 15194
[M::mem_process_seqs_merge2] Processed 15194 reads in 0.170 CPU sec, 0.172 real sec
[M::process] read chunk (4194304 bytes/CG x 1 CGs, 4194304 bytes)...
[M::mem_process_seqs_merge2] CPE FASTQ formatting done
slave pre done
now n is 15194
processed 15194
[M::mem_process_seqs_merge2] Processed 15194 reads in 0.180 CPU sec, 0.180 real sec
[M::process] read chunk (4194304 bytes/CG x 1 CGs, 4194304 bytes)...
[M::mem_process_seqs_merge2] CPE FASTQ formatting done
slave pre done
now n is 15194
processed 15194
[M::mem_process_seqs_merge2] Processed 15194 reads in 0.180 CPU sec, 0.181 real sec
[M::process] read chunk (4194304 bytes/CG x 1 CGs, 4194304 bytes)...
[M::mem_process_seqs_merge2] CPE FASTQ formatting done
slave pre done
now n is 15194
processed 15194
[M::mem_process_seqs_merge2] Processed 15194 reads in 0.190 CPU sec, 0.185 real sec
[M::process] read chunk (4194304 bytes/CG x 1 CGs, 4194304 bytes)...
[M::mem_process_seqs_merge2] CPE FASTQ formatting done
slave pre done
now n is 15194
processed 15194
[M::mem_process_seqs_merge2] Processed 15194 reads in 0.180 CPU sec, 0.179 real sec
[M::process] read chunk (4194304 bytes/CG x 1 CGs, 4194304 bytes)...
[M::mem_process_seqs_merge2] CPE FASTQ formatting done
slave pre done
now n is 15194
processed 15194
[M::mem_process_seqs_merge2] Processed 15194 reads in 0.180 CPU sec, 0.175 real sec
[M::process] read chunk (4194304 bytes/CG x 1 CGs, 4194304 bytes)...
[M::mem_process_seqs_merge2] CPE FASTQ formatting done
slave pre done
now n is 15194
processed 15194
[M::mem_process_seqs_merge2] Processed 15194 reads in 0.180 CPU sec, 0.184 real sec
[M::process] read chunk (4194304 bytes/CG x 1 CGs, 4194304 bytes)...
[M::mem_process_seqs_merge2] CPE FASTQ formatting done
slave pre done
now n is 15194
processed 15194
[M::mem_process_seqs_merge2] Processed 15194 reads in 0.170 CPU sec, 0.164 real sec
[M::process] read chunk (4194304 bytes/CG x 1 CGs, 4194304 bytes)...
[M::mem_process_seqs_merge2] CPE FASTQ formatting done
slave pre done
now n is 15194
processed 15194
[M::mem_process_seqs_merge2] Processed 15194 reads in 0.170 CPU sec, 0.176 real sec
[M::process] read chunk (4194304 bytes/CG x 1 CGs, 4194304 bytes)...
[M::mem_process_seqs_merge2] CPE FASTQ formatting done
slave pre done
now n is 15194
processed 15194
[M::mem_process_seqs_merge2] Processed 15194 reads in 0.180 CPU sec, 0.172 real sec
[M::process] read chunk (4194304 bytes/CG x 1 CGs, 4194304 bytes)...
[M::mem_process_seqs_merge2] CPE FASTQ formatting done
slave pre done
now n is 15194
processed 15194
[M::mem_process_seqs_merge2] Processed 15194 reads in 0.170 CPU sec, 0.174 real sec
[M::process] read chunk (4194304 bytes/CG x 1 CGs, 4194304 bytes)...
[M::mem_process_seqs_merge2] CPE FASTQ formatting done
slave pre done
now n is 15194
processed 15194
[M::mem_process_seqs_merge2] Processed 15194 reads in 0.180 CPU sec, 0.176 real sec
[M::process] read chunk (4194304 bytes/CG x 1 CGs, 4194304 bytes)...
[M::mem_process_seqs_merge2] CPE FASTQ formatting done
slave pre done
now n is 15194
processed 15194
[M::mem_process_seqs_merge2] Processed 15194 reads in 0.190 CPU sec, 0.186 real sec
[M::process] read chunk (4194304 bytes/CG x 1 CGs, 4194304 bytes)...
[M::mem_process_seqs_merge2] CPE FASTQ formatting done
slave pre done
now n is 15194
processed 15194
[M::mem_process_seqs_merge2] Processed 15194 reads in 0.170 CPU sec, 0.169 real sec
[M::process] read chunk (4194304 bytes/CG x 1 CGs, 4194304 bytes)...
[M::mem_process_seqs_merge2] CPE FASTQ formatting done
slave pre done
now n is 15194
processed 15194
[M::mem_process_seqs_merge2] Processed 15194 reads in 0.170 CPU sec, 0.177 real sec
[M::process] read chunk (4194304 bytes/CG x 1 CGs, 4194304 bytes)...
[M::mem_process_seqs_merge2] CPE FASTQ formatting done
slave pre done
now n is 15194
processed 15194
[M::mem_process_seqs_merge2] Processed 15194 reads in 0.190 CPU sec, 0.190 real sec
[M::process] read chunk (4194304 bytes/CG x 1 CGs, 4194304 bytes)...
[M::mem_process_seqs_merge2] CPE FASTQ formatting done
slave pre done
now n is 15194
processed 15194
[M::mem_process_seqs_merge2] Processed 15194 reads in 0.160 CPU sec, 0.156 real sec
[M::process] read chunk (4194304 bytes/CG x 1 CGs, 4194304 bytes)...
[M::mem_process_seqs_merge2] CPE FASTQ formatting done
slave pre done
now n is 15194
processed 15194
[M::mem_process_seqs_merge2] Processed 15194 reads in 0.170 CPU sec, 0.174 real sec
[M::process] read chunk (4194304 bytes/CG x 1 CGs, 4194304 bytes)...
[M::mem_process_seqs_merge2] CPE FASTQ formatting done
slave pre done
now n is 15194
processed 15194
[M::mem_process_seqs_merge2] Processed 15194 reads in 0.190 CPU sec, 0.197 real sec
[M::process] read chunk (4194304 bytes/CG x 1 CGs, 4194304 bytes)...
[M::mem_process_seqs_merge2] CPE FASTQ formatting done
slave pre done
now n is 15194
processed 15194
[M::mem_process_seqs_merge2] Processed 15194 reads in 0.150 CPU sec, 0.150 real sec
[M::process] read chunk (4194304 bytes/CG x 1 CGs, 4194304 bytes)...
[M::mem_process_seqs_merge2] CPE FASTQ formatting done
slave pre done
now n is 15194
processed 15194
[M::mem_process_seqs_merge2] Processed 15194 reads in 0.150 CPU sec, 0.146 real sec
[M::process] read chunk (4194304 bytes/CG x 1 CGs, 4194304 bytes)...
[M::mem_process_seqs_merge2] CPE FASTQ formatting done
slave pre done
now n is 15194
processed 15194
[M::mem_process_seqs_merge2] Processed 15194 reads in 0.130 CPU sec, 0.124 real sec
[M::process] read chunk (4194304 bytes/CG x 1 CGs, 4194304 bytes)...
[M::mem_process_seqs_merge2] CPE FASTQ formatting done
slave pre done
now n is 15194
processed 15194
[M::mem_process_seqs_merge2] Processed 15194 reads in 0.120 CPU sec, 0.120 real sec
[M::process] read chunk (4194304 bytes/CG x 1 CGs, 4194304 bytes)...
[M::mem_process_seqs_merge2] CPE FASTQ formatting done
slave pre done
now n is 15194
processed 15194
[M::mem_process_seqs_merge2] Processed 15194 reads in 0.210 CPU sec, 0.212 real sec
[M::process] read chunk (4194304 bytes/CG x 1 CGs, 4194304 bytes)...
[M::mem_process_seqs_merge2] CPE FASTQ formatting done
slave pre done
now n is 15194
processed 15194
[M::mem_process_seqs_merge2] Processed 15194 reads in 0.130 CPU sec, 0.127 real sec
[M::process] read chunk (4194304 bytes/CG x 1 CGs, 4194304 bytes)...
[M::mem_process_seqs_merge2] CPE FASTQ formatting done
slave pre done
now n is 15194
processed 15194
[M::mem_process_seqs_merge2] Processed 15194 reads in 0.120 CPU sec, 0.121 real sec
[M::process] read chunk (4194304 bytes/CG x 1 CGs, 4194304 bytes)...
[M::mem_process_seqs_merge2] CPE FASTQ formatting done
slave pre done
now n is 15194
processed 15194
[M::mem_process_seqs_merge2] Processed 15194 reads in 0.130 CPU sec, 0.127 real sec
[M::process] read chunk (4194304 bytes/CG x 1 CGs, 4194304 bytes)...
[M::mem_process_seqs_merge2] CPE FASTQ formatting done
slave pre done
now n is 15194
processed 15194
[M::mem_process_seqs_merge2] Processed 15194 reads in 0.150 CPU sec, 0.149 real sec
[M::process] read chunk (4194304 bytes/CG x 1 CGs, 4194304 bytes)...
[M::mem_process_seqs_merge2] CPE FASTQ formatting done
slave pre done
now n is 15194
processed 15194
[M::mem_process_seqs_merge2] Processed 15194 reads in 0.130 CPU sec, 0.121 real sec
[M::process] read chunk (4194304 bytes/CG x 1 CGs, 4194304 bytes)...
[M::mem_process_seqs_merge2] CPE FASTQ formatting done
slave pre done
now n is 15194
processed 15194
[M::mem_process_seqs_merge2] Processed 15194 reads in 0.130 CPU sec, 0.130 real sec
[M::process] read chunk (4194304 bytes/CG x 1 CGs, 4194304 bytes)...
[M::mem_process_seqs_merge2] CPE FASTQ formatting done
slave pre done
now n is 15194
processed 15194
[M::mem_process_seqs_merge2] Processed 15194 reads in 0.190 CPU sec, 0.185 real sec
[M::process] read chunk (4194304 bytes/CG x 1 CGs, 4194304 bytes)...
[M::mem_process_seqs_merge2] CPE FASTQ formatting done
slave pre done
now n is 15194
processed 15194
[M::mem_process_seqs_merge2] Processed 15194 reads in 0.130 CPU sec, 0.131 real sec
[M::process] read chunk (4194304 bytes/CG x 1 CGs, 4194304 bytes)...
[M::mem_process_seqs_merge2] CPE FASTQ formatting done
slave pre done
now n is 15194
processed 15194
[M::mem_process_seqs_merge2] Processed 15194 reads in 0.180 CPU sec, 0.183 real sec
[M::process] read chunk (4194304 bytes/CG x 1 CGs, 4194304 bytes)...
[M::mem_process_seqs_merge2] CPE FASTQ formatting done
slave pre done
now n is 15194
processed 15194
[M::mem_process_seqs_merge2] Processed 15194 reads in 0.130 CPU sec, 0.127 real sec
[M::process] read chunk (4194304 bytes/CG x 1 CGs, 4194304 bytes)...
[M::mem_process_seqs_merge2] CPE FASTQ formatting done
slave pre done
now n is 15194
processed 15194
[M::mem_process_seqs_merge2] Processed 15194 reads in 0.170 CPU sec, 0.173 real sec
[M::process] read chunk (4194304 bytes/CG x 1 CGs, 4194304 bytes)...
[M::mem_process_seqs_merge2] CPE FASTQ formatting done
slave pre done
now n is 15194
processed 15194
[M::mem_process_seqs_merge2] Processed 15194 reads in 0.160 CPU sec, 0.161 real sec
[M::process] read chunk (4194304 bytes/CG x 1 CGs, 4194304 bytes)...
[M::mem_process_seqs_merge2] CPE FASTQ formatting done
slave pre done
now n is 15194
processed 15194
[M::mem_process_seqs_merge2] Processed 15194 reads in 0.120 CPU sec, 0.127 real sec
[M::process] read chunk (4194304 bytes/CG x 1 CGs, 4194304 bytes)...
[M::mem_process_seqs_merge2] CPE FASTQ formatting done
slave pre done
now n is 15194
processed 15194
[M::mem_process_seqs_merge2] Processed 15194 reads in 0.220 CPU sec, 0.219 real sec
[M::process] read chunk (4194304 bytes/CG x 1 CGs, 4194304 bytes)...
[M::mem_process_seqs_merge2] CPE FASTQ formatting done
slave pre done
now n is 15194
processed 15194
[M::mem_process_seqs_merge2] Processed 15194 reads in 0.170 CPU sec, 0.167 real sec
[M::process] read chunk (4194304 bytes/CG x 1 CGs, 4194304 bytes)...
[M::mem_process_seqs_merge2] CPE FASTQ formatting done
slave pre done
now n is 15194
processed 15194
[M::mem_process_seqs_merge2] Processed 15194 reads in 0.130 CPU sec, 0.126 real sec
[M::process] read chunk (4194304 bytes/CG x 1 CGs, 4194304 bytes)...
[M::mem_process_seqs_merge2] CPE FASTQ formatting done
slave pre done
now n is 15194
processed 15194
[M::mem_process_seqs_merge2] Processed 15194 reads in 0.180 CPU sec, 0.181 real sec
[M::process] read chunk (4194304 bytes/CG x 1 CGs, 4194304 bytes)...
[M::mem_process_seqs_merge2] CPE FASTQ formatting done
slave pre done
now n is 15194
processed 15194
[M::mem_process_seqs_merge2] Processed 15194 reads in 0.150 CPU sec, 0.150 real sec
[M::process] read chunk (4194304 bytes/CG x 1 CGs, 4194304 bytes)...
[M::mem_process_seqs_merge2] CPE FASTQ formatting done
slave pre done
now n is 15194
processed 15194
[M::mem_process_seqs_merge2] Processed 15194 reads in 0.200 CPU sec, 0.201 real sec
[M::process] read chunk (4194304 bytes/CG x 1 CGs, 4194304 bytes)...
[M::mem_process_seqs_merge2] CPE FASTQ formatting done
slave pre done
now n is 15194
processed 15194
[M::mem_process_seqs_merge2] Processed 15194 reads in 0.170 CPU sec, 0.171 real sec
[M::process] read chunk (4194304 bytes/CG x 1 CGs, 4194304 bytes)...
[M::mem_process_seqs_merge2] CPE FASTQ formatting done
slave pre done
now n is 15194
processed 15194
[M::mem_process_seqs_merge2] Processed 15194 reads in 0.180 CPU sec, 0.181 real sec
[M::process] read chunk (4194304 bytes/CG x 1 CGs, 4194304 bytes)...
[M::mem_process_seqs_merge2] CPE FASTQ formatting done
slave pre done
now n is 15194
processed 15194
[M::mem_process_seqs_merge2] Processed 15194 reads in 0.250 CPU sec, 0.248 real sec
[M::process] read chunk (4194304 bytes/CG x 1 CGs, 4194304 bytes)...
[M::mem_process_seqs_merge2] CPE FASTQ formatting done
slave pre done
now n is 15131
processed 15131
[M::mem_process_seqs_merge2] Processed 15131 reads in 0.150 CPU sec, 0.149 real sec
[M::process] read chunk (4194304 bytes/CG x 1 CGs, 4194304 bytes)...
[M::mem_process_seqs_merge2] CPE FASTQ formatting done
slave pre done
now n is 14977
processed 14977
[M::mem_process_seqs_merge2] Processed 14977 reads in 0.130 CPU sec, 0.132 real sec
[M::process] read chunk (4194304 bytes/CG x 1 CGs, 4194304 bytes)...
[M::mem_process_seqs_merge2] CPE FASTQ formatting done
slave pre done
now n is 14977
processed 14977
[M::mem_process_seqs_merge2] Processed 14977 reads in 0.130 CPU sec, 0.122 real sec
[M::process] read chunk (4194304 bytes/CG x 1 CGs, 4194304 bytes)...
[M::mem_process_seqs_merge2] CPE FASTQ formatting done
slave pre done
now n is 14977
processed 14977
[M::mem_process_seqs_merge2] Processed 14977 reads in 0.120 CPU sec, 0.123 real sec
[M::process] read chunk (4194304 bytes/CG x 1 CGs, 4194304 bytes)...
[M::mem_process_seqs_merge2] CPE FASTQ formatting done
slave pre done
now n is 14977
processed 14977
[M::mem_process_seqs_merge2] Processed 14977 reads in 0.120 CPU sec, 0.125 real sec
[M::process] read chunk (4194304 bytes/CG x 1 CGs, 4194304 bytes)...
[M::mem_process_seqs_merge2] CPE FASTQ formatting done
slave pre done
now n is 14977
processed 14977
[M::mem_process_seqs_merge2] Processed 14977 reads in 0.150 CPU sec, 0.147 real sec
[M::process] read chunk (4194304 bytes/CG x 1 CGs, 4194304 bytes)...
[M::mem_process_seqs_merge2] CPE FASTQ formatting done
slave pre done
now n is 14977
processed 14977
[M::mem_process_seqs_merge2] Processed 14977 reads in 0.190 CPU sec, 0.185 real sec
[M::process] read chunk (4194304 bytes/CG x 1 CGs, 4194304 bytes)...
[M::mem_process_seqs_merge2] CPE FASTQ formatting done
slave pre done
now n is 14977
processed 14977
[M::mem_process_seqs_merge2] Processed 14977 reads in 0.910 CPU sec, 0.918 real sec
[M::process] read chunk (4194304 bytes/CG x 1 CGs, 4194304 bytes)...
[M::mem_process_seqs_merge2] CPE FASTQ formatting done
slave pre done
now n is 14977
processed 14977
[M::mem_process_seqs_merge2] Processed 14977 reads in 0.190 CPU sec, 0.180 real sec
[M::process] read chunk (4194304 bytes/CG x 1 CGs, 4194304 bytes)...
[M::mem_process_seqs_merge2] CPE FASTQ formatting done
slave pre done
now n is 14977
processed 14977
[M::mem_process_seqs_merge2] Processed 14977 reads in 0.230 CPU sec, 0.234 real sec
[M::process] read chunk (4194304 bytes/CG x 1 CGs, 4194304 bytes)...
[M::mem_process_seqs_merge2] CPE FASTQ formatting done
slave pre done
now n is 14977
processed 14977
[M::mem_process_seqs_merge2] Processed 14977 reads in 0.220 CPU sec, 0.223 real sec
[M::process] read chunk (4194304 bytes/CG x 1 CGs, 4194304 bytes)...
[M::mem_process_seqs_merge2] CPE FASTQ formatting done
slave pre done
now n is 14977
processed 14977
[M::mem_process_seqs_merge2] Processed 14977 reads in 0.190 CPU sec, 0.189 real sec
[M::process] read chunk (4194304 bytes/CG x 1 CGs, 4194304 bytes)...
[M::mem_process_seqs_merge2] CPE FASTQ formatting done
slave pre done
now n is 14977
processed 14977
[M::mem_process_seqs_merge2] Processed 14977 reads in 0.170 CPU sec, 0.166 real sec
[M::process] read chunk (4194304 bytes/CG x 1 CGs, 4194304 bytes)...
[M::mem_process_seqs_merge2] CPE FASTQ formatting done
slave pre done
now n is 14977
processed 14977
[M::mem_process_seqs_merge2] Processed 14977 reads in 0.170 CPU sec, 0.172 real sec
[M::process] read chunk (4194304 bytes/CG x 1 CGs, 4194304 bytes)...
[M::mem_process_seqs_merge2] CPE FASTQ formatting done
slave pre done
now n is 14977
processed 14977
[M::mem_process_seqs_merge2] Processed 14977 reads in 0.150 CPU sec, 0.147 real sec
[M::process] read chunk (4194304 bytes/CG x 1 CGs, 4194304 bytes)...
[M::mem_process_seqs_merge2] CPE FASTQ formatting done
slave pre done
now n is 14977
processed 14977
[M::mem_process_seqs_merge2] Processed 14977 reads in 0.220 CPU sec, 0.215 real sec
[M::process] read chunk (4194304 bytes/CG x 1 CGs, 4194304 bytes)...
[M::mem_process_seqs_merge2] CPE FASTQ formatting done
slave pre done
now n is 14977
processed 14977
[M::mem_process_seqs_merge2] Processed 14977 reads in 0.130 CPU sec, 0.130 real sec
[M::process] read chunk (4194304 bytes/CG x 1 CGs, 4194304 bytes)...
[M::mem_process_seqs_merge2] CPE FASTQ formatting done
slave pre done
now n is 14977
processed 14977
[M::mem_process_seqs_merge2] Processed 14977 reads in 0.120 CPU sec, 0.127 real sec
[M::process] read chunk (4194304 bytes/CG x 1 CGs, 4194304 bytes)...
[M::mem_process_seqs_merge2] CPE FASTQ formatting done
slave pre done
now n is 14977
processed 14977
[M::mem_process_seqs_merge2] Processed 14977 reads in 0.170 CPU sec, 0.166 real sec
[M::process] read chunk (4194304 bytes/CG x 1 CGs, 4194304 bytes)...
[M::mem_process_seqs_merge2] CPE FASTQ formatting done
slave pre done
now n is 14977
processed 14977
[M::mem_process_seqs_merge2] Processed 14977 reads in 0.150 CPU sec, 0.146 real sec
[M::process] read chunk (4194304 bytes/CG x 1 CGs, 4194304 bytes)...
[M::mem_process_seqs_merge2] CPE FASTQ formatting done
slave pre done
now n is 14977
processed 14977
[M::mem_process_seqs_merge2] Processed 14977 reads in 0.220 CPU sec, 0.224 real sec
[M::process] read chunk (4194304 bytes/CG x 1 CGs, 4194304 bytes)...
[M::mem_process_seqs_merge2] CPE FASTQ formatting done
slave pre done
now n is 14977
processed 14977
[M::mem_process_seqs_merge2] Processed 14977 reads in 0.120 CPU sec, 0.123 real sec
[M::process] read chunk (4194304 bytes/CG x 1 CGs, 4194304 bytes)...
[M::mem_process_seqs_merge2] CPE FASTQ formatting done
slave pre done
now n is 14977
processed 14977
[M::mem_process_seqs_merge2] Processed 14977 reads in 0.170 CPU sec, 0.176 real sec
[M::process] read chunk (4194304 bytes/CG x 1 CGs, 4194304 bytes)...
[M::mem_process_seqs_merge2] CPE FASTQ formatting done
slave pre done
now n is 14977
processed 14977
[M::mem_process_seqs_merge2] Processed 14977 reads in 0.190 CPU sec, 0.191 real sec
[M::process] read chunk (4194304 bytes/CG x 1 CGs, 4194304 bytes)...
[M::mem_process_seqs_merge2] CPE FASTQ formatting done
slave pre done
now n is 14977
processed 14977
[M::mem_process_seqs_merge2] Processed 14977 reads in 0.200 CPU sec, 0.196 real sec
[M::process] read chunk (4194304 bytes/CG x 1 CGs, 4194304 bytes)...
[M::mem_process_seqs_merge2] CPE FASTQ formatting done
slave pre done
now n is 14977
processed 14977
[M::mem_process_seqs_merge2] Processed 14977 reads in 0.190 CPU sec, 0.191 real sec
[M::process] read chunk (4194304 bytes/CG x 1 CGs, 4194304 bytes)...
[M::mem_process_seqs_merge2] CPE FASTQ formatting done
slave pre done
now n is 14977
processed 14977
[M::mem_process_seqs_merge2] Processed 14977 reads in 0.260 CPU sec, 0.259 real sec
[M::process] read chunk (4194304 bytes/CG x 1 CGs, 4194304 bytes)...
[M::mem_process_seqs_merge2] CPE FASTQ formatting done
slave pre done
now n is 14977
processed 14977
[M::mem_process_seqs_merge2] Processed 14977 reads in 0.140 CPU sec, 0.134 real sec
[M::process] read chunk (4194304 bytes/CG x 1 CGs, 4194304 bytes)...
[M::mem_process_seqs_merge2] CPE FASTQ formatting done
slave pre done
now n is 14977
processed 14977
[M::mem_process_seqs_merge2] Processed 14977 reads in 0.130 CPU sec, 0.124 real sec
[M::process] read chunk (4194304 bytes/CG x 1 CGs, 4194304 bytes)...
[M::mem_process_seqs_merge2] CPE FASTQ formatting done
slave pre done
now n is 14977
processed 14977
[M::mem_process_seqs_merge2] Processed 14977 reads in 0.190 CPU sec, 0.189 real sec
[M::process] read chunk (4194304 bytes/CG x 1 CGs, 4194304 bytes)...
[M::mem_process_seqs_merge2] CPE FASTQ formatting done
slave pre done
now n is 14977
processed 14977
[M::mem_process_seqs_merge2] Processed 14977 reads in 0.260 CPU sec, 0.268 real sec
[M::process] read chunk (4194304 bytes/CG x 1 CGs, 4194304 bytes)...
[M::mem_process_seqs_merge2] CPE FASTQ formatting done
slave pre done
now n is 14977
processed 14977
[M::mem_process_seqs_merge2] Processed 14977 reads in 0.160 CPU sec, 0.153 real sec
[M::process] read chunk (4194304 bytes/CG x 1 CGs, 4194304 bytes)...
[M::mem_process_seqs_merge2] CPE FASTQ formatting done
slave pre done
now n is 14977
processed 14977
[M::mem_process_seqs_merge2] Processed 14977 reads in 0.130 CPU sec, 0.137 real sec
[M::process] read chunk (4194304 bytes/CG x 1 CGs, 4194304 bytes)...
[M::mem_process_seqs_merge2] CPE FASTQ formatting done
slave pre done
now n is 14977
processed 14977
[M::mem_process_seqs_merge2] Processed 14977 reads in 0.140 CPU sec, 0.144 real sec
[M::process] read chunk (4194304 bytes/CG x 1 CGs, 4194304 bytes)...
[M::mem_process_seqs_merge2] CPE FASTQ formatting done
slave pre done
now n is 14977
processed 14977
[M::mem_process_seqs_merge2] Processed 14977 reads in 0.140 CPU sec, 0.137 real sec
[M::process] read chunk (4194304 bytes/CG x 1 CGs, 4194304 bytes)...
[M::mem_process_seqs_merge2] CPE FASTQ formatting done
slave pre done
now n is 14977
processed 14977
[M::mem_process_seqs_merge2] Processed 14977 reads in 0.210 CPU sec, 0.212 real sec
[M::process] read chunk (4194304 bytes/CG x 1 CGs, 4194304 bytes)...
[M::mem_process_seqs_merge2] CPE FASTQ formatting done
slave pre done
now n is 14977
processed 14977
[M::mem_process_seqs_merge2] Processed 14977 reads in 0.150 CPU sec, 0.148 real sec
[M::process] read chunk (4194304 bytes/CG x 1 CGs, 4194304 bytes)...
[M::mem_process_seqs_merge2] CPE FASTQ formatting done
slave pre done
now n is 14977
processed 14977
[M::mem_process_seqs_merge2] Processed 14977 reads in 0.210 CPU sec, 0.211 real sec
[M::process] read chunk (4194304 bytes/CG x 1 CGs, 4194304 bytes)...
[M::mem_process_seqs_merge2] CPE FASTQ formatting done
slave pre done
now n is 14977
processed 14977
[M::mem_process_seqs_merge2] Processed 14977 reads in 0.170 CPU sec, 0.171 real sec
[M::process] read chunk (4194304 bytes/CG x 1 CGs, 4194304 bytes)...
[M::mem_process_seqs_merge2] CPE FASTQ formatting done
slave pre done
now n is 14977
processed 14977
[M::mem_process_seqs_merge2] Processed 14977 reads in 0.180 CPU sec, 0.183 real sec
[M::process] read chunk (4194304 bytes/CG x 1 CGs, 4194304 bytes)...
[M::mem_process_seqs_merge2] CPE FASTQ formatting done
slave pre done
now n is 14977
processed 14977
[M::mem_process_seqs_merge2] Processed 14977 reads in 0.130 CPU sec, 0.124 real sec
[M::process] read chunk (4194304 bytes/CG x 1 CGs, 4194304 bytes)...
[M::mem_process_seqs_merge2] CPE FASTQ formatting done
slave pre done
now n is 14977
processed 14977
[M::mem_process_seqs_merge2] Processed 14977 reads in 0.120 CPU sec, 0.124 real sec
[M::process] read chunk (4194304 bytes/CG x 1 CGs, 4194304 bytes)...
[M::mem_process_seqs_merge2] CPE FASTQ formatting done
slave pre done
now n is 14977
processed 14977
[M::mem_process_seqs_merge2] Processed 14977 reads in 0.130 CPU sec, 0.127 real sec
[M::process] read chunk (4194304 bytes/CG x 1 CGs, 4194304 bytes)...
[M::mem_process_seqs_merge2] CPE FASTQ formatting done
slave pre done
now n is 14977
processed 14977
[M::mem_process_seqs_merge2] Processed 14977 reads in 0.150 CPU sec, 0.152 real sec
[M::process] read chunk (4194304 bytes/CG x 1 CGs, 4194304 bytes)...
[M::mem_process_seqs_merge2] CPE FASTQ formatting done
slave pre done
now n is 14977
processed 14977
[M::mem_process_seqs_merge2] Processed 14977 reads in 0.160 CPU sec, 0.164 real sec
[M::process] read chunk (4194304 bytes/CG x 1 CGs, 4194304 bytes)...
[M::mem_process_seqs_merge2] CPE FASTQ formatting done
slave pre done
now n is 14977
processed 14977
[M::mem_process_seqs_merge2] Processed 14977 reads in 0.150 CPU sec, 0.149 real sec
[M::process] read chunk (4194304 bytes/CG x 1 CGs, 4194304 bytes)...
[M::mem_process_seqs_merge2] CPE FASTQ formatting done
slave pre done
now n is 14977
processed 14977
[M::mem_process_seqs_merge2] Processed 14977 reads in 0.130 CPU sec, 0.127 real sec
[M::process] read chunk (4194304 bytes/CG x 1 CGs, 4194304 bytes)...
[M::mem_process_seqs_merge2] CPE FASTQ formatting done
slave pre done
now n is 14977
processed 14977
[M::mem_process_seqs_merge2] Processed 14977 reads in 0.140 CPU sec, 0.143 real sec
[M::process] read chunk (4194304 bytes/CG x 1 CGs, 4194304 bytes)...
[M::mem_process_seqs_merge2] CPE FASTQ formatting done
slave pre done
now n is 14977
processed 14977
[M::mem_process_seqs_merge2] Processed 14977 reads in 0.120 CPU sec, 0.113 real sec
[M::process] read chunk (4194304 bytes/CG x 1 CGs, 4194304 bytes)...
[M::mem_process_seqs_merge2] CPE FASTQ formatting done
slave pre done
now n is 14977
processed 14977
[M::mem_process_seqs_merge2] Processed 14977 reads in 0.110 CPU sec, 0.117 real sec
[M::process] read chunk (4194304 bytes/CG x 1 CGs, 4194304 bytes)...
[M::mem_process_seqs_merge2] CPE FASTQ formatting done
slave pre done
now n is 14977
processed 14977
[M::mem_process_seqs_merge2] Processed 14977 reads in 0.140 CPU sec, 0.139 real sec
[M::process] read chunk (4194304 bytes/CG x 1 CGs, 4194304 bytes)...
[M::mem_process_seqs_merge2] CPE FASTQ formatting done
slave pre done
now n is 14977
processed 14977
[M::mem_process_seqs_merge2] Processed 14977 reads in 0.140 CPU sec, 0.146 real sec
[M::process] read chunk (4194304 bytes/CG x 1 CGs, 4194304 bytes)...
[M::mem_process_seqs_merge2] CPE FASTQ formatting done
slave pre done
now n is 14977
processed 14977
[M::mem_process_seqs_merge2] Processed 14977 reads in 0.250 CPU sec, 0.249 real sec
[M::process] read chunk (4194304 bytes/CG x 1 CGs, 4194304 bytes)...
[M::mem_process_seqs_merge2] CPE FASTQ formatting done
slave pre done
now n is 14977
processed 14977
[M::mem_process_seqs_merge2] Processed 14977 reads in 0.160 CPU sec, 0.153 real sec
[M::process] read chunk (4194304 bytes/CG x 1 CGs, 4194304 bytes)...
[M::mem_process_seqs_merge2] CPE FASTQ formatting done
slave pre done
now n is 14977
processed 14977
[M::mem_process_seqs_merge2] Processed 14977 reads in 0.200 CPU sec, 0.206 real sec
[M::process] read chunk (4194304 bytes/CG x 1 CGs, 4194304 bytes)...
[M::mem_process_seqs_merge2] CPE FASTQ formatting done
slave pre done
now n is 14977
processed 14977
[M::mem_process_seqs_merge2] Processed 14977 reads in 0.160 CPU sec, 0.156 real sec
[M::process] read chunk (4194304 bytes/CG x 1 CGs, 4194304 bytes)...
[M::mem_process_seqs_merge2] CPE FASTQ formatting done
slave pre done
now n is 14977
processed 14977
[M::mem_process_seqs_merge2] Processed 14977 reads in 0.130 CPU sec, 0.136 real sec
[M::process] read chunk (4194304 bytes/CG x 1 CGs, 4194304 bytes)...
[M::mem_process_seqs_merge2] CPE FASTQ formatting done
slave pre done
now n is 14977
processed 14977
[M::mem_process_seqs_merge2] Processed 14977 reads in 0.230 CPU sec, 0.228 real sec
[M::process] read chunk (4194304 bytes/CG x 1 CGs, 4194304 bytes)...
[M::mem_process_seqs_merge2] CPE FASTQ formatting done
slave pre done
now n is 14977
processed 14977
[M::mem_process_seqs_merge2] Processed 14977 reads in 0.150 CPU sec, 0.147 real sec
[M::process] read chunk (4194304 bytes/CG x 1 CGs, 4194304 bytes)...
[M::mem_process_seqs_merge2] CPE FASTQ formatting done
slave pre done
now n is 14977
processed 14977
[M::mem_process_seqs_merge2] Processed 14977 reads in 0.250 CPU sec, 0.248 real sec
[M::process] read chunk (4194304 bytes/CG x 1 CGs, 4194304 bytes)...
[M::mem_process_seqs_merge2] CPE FASTQ formatting done
slave pre done
now n is 14977
processed 14977
[M::mem_process_seqs_merge2] Processed 14977 reads in 0.160 CPU sec, 0.167 real sec
[M::process] read chunk (4194304 bytes/CG x 1 CGs, 4194304 bytes)...
[M::mem_process_seqs_merge2] CPE FASTQ formatting done
slave pre done
now n is 14977
processed 14977
[M::mem_process_seqs_merge2] Processed 14977 reads in 0.130 CPU sec, 0.137 real sec
[M::process] read chunk (4194304 bytes/CG x 1 CGs, 4194304 bytes)...
[M::mem_process_seqs_merge2] CPE FASTQ formatting done
slave pre done
now n is 14977
processed 14977
[M::mem_process_seqs_merge2] Processed 14977 reads in 0.140 CPU sec, 0.140 real sec
[M::process] read chunk (4194304 bytes/CG x 1 CGs, 4194304 bytes)...
[M::mem_process_seqs_merge2] CPE FASTQ formatting done
slave pre done
now n is 14977
processed 14977
[M::mem_process_seqs_merge2] Processed 14977 reads in 0.310 CPU sec, 0.302 real sec
[M::process] read chunk (4194304 bytes/CG x 1 CGs, 4194304 bytes)...
[M::mem_process_seqs_merge2] CPE FASTQ formatting done
slave pre done
now n is 14977
processed 14977
[M::mem_process_seqs_merge2] Processed 14977 reads in 0.240 CPU sec, 0.241 real sec
[M::process] read chunk (4194304 bytes/CG x 1 CGs, 4194304 bytes)...
[M::mem_process_seqs_merge2] CPE FASTQ formatting done
slave pre done
now n is 14977
processed 14977
[M::mem_process_seqs_merge2] Processed 14977 reads in 1.230 CPU sec, 1.230 real sec
[M::process] read chunk (4194304 bytes/CG x 1 CGs, 4194304 bytes)...
[M::mem_process_seqs_merge2] CPE FASTQ formatting done
slave pre done
now n is 14977
processed 14977
[M::mem_process_seqs_merge2] Processed 14977 reads in 0.140 CPU sec, 0.137 real sec
[M::process] read chunk (4194304 bytes/CG x 1 CGs, 4194304 bytes)...
[M::mem_process_seqs_merge2] CPE FASTQ formatting done
slave pre done
now n is 14977
processed 14977
[M::mem_process_seqs_merge2] Processed 14977 reads in 0.120 CPU sec, 0.119 real sec
[M::process] read chunk (4194304 bytes/CG x 1 CGs, 4194304 bytes)...
[M::mem_process_seqs_merge2] CPE FASTQ formatting done
slave pre done
now n is 14977
processed 14977
[M::mem_process_seqs_merge2] Processed 14977 reads in 0.210 CPU sec, 0.211 real sec
[M::process] read chunk (4194304 bytes/CG x 1 CGs, 4194304 bytes)...
[M::mem_process_seqs_merge2] CPE FASTQ formatting done
slave pre done
now n is 14977
processed 14977
[M::mem_process_seqs_merge2] Processed 14977 reads in 0.200 CPU sec, 0.197 real sec
[M::process] read chunk (4194304 bytes/CG x 1 CGs, 4194304 bytes)...
[M::mem_process_seqs_merge2] CPE FASTQ formatting done
slave pre done
now n is 14977
processed 14977
[M::mem_process_seqs_merge2] Processed 14977 reads in 0.150 CPU sec, 0.152 real sec
[M::process] read chunk (4194304 bytes/CG x 1 CGs, 4194304 bytes)...
[M::mem_process_seqs_merge2] CPE FASTQ formatting done
slave pre done
now n is 14977
processed 14977
[M::mem_process_seqs_merge2] Processed 14977 reads in 0.160 CPU sec, 0.156 real sec
[M::process] read chunk (4194304 bytes/CG x 1 CGs, 4194304 bytes)...
[M::mem_process_seqs_merge2] CPE FASTQ formatting done
slave pre done
now n is 14977
processed 14977
[M::mem_process_seqs_merge2] Processed 14977 reads in 0.210 CPU sec, 0.208 real sec
[M::process] read chunk (4194304 bytes/CG x 1 CGs, 4194304 bytes)...
[M::mem_process_seqs_merge2] CPE FASTQ formatting done
slave pre done
now n is 14977
processed 14977
[M::mem_process_seqs_merge2] Processed 14977 reads in 0.180 CPU sec, 0.173 real sec
[M::process] read chunk (4194304 bytes/CG x 1 CGs, 998480 bytes)...
[M::mem_process_seqs_merge2] CPE FASTQ formatting done
slave pre done
now n is 3566
processed 3566
[M::mem_process_seqs_merge2] Processed 3566 reads in 0.040 CPU sec, 0.044 real sec

====================== SWBWA Output Debug =====================
  MPI rank: 000000 / 000001
  mode:     non-MPI POSIX
  path:     /dev/null

  Output volume
    output buffer capacity                           67108864
    swbwa_output_write calls                         2101235
    submitted SAM bytes                            631634883
    buffered flushes                                      10
    buffered flush bytes                           631634883
    direct oversized writes                                0
    direct oversized bytes                                 0

  Buffering
    buffered flush total                         0.000079 s  (10 calls,     7.900 us/call)

  POSIX file writes
    write system calls                                     10
    write system-call bytes                         631634883
    POSIX write system calls                     0.000064 s  (10 calls,     6.375 us/call)
    POSIX write effective bandwidth            9449009.075 MiB/s

  Output close timing
    POSIX close                                  0.000015 s  (1 calls,    15.100 us/call)
================================================================


======================= SWBWA Timing Report =======================
  Accumulated wall-clock time; indented rows are included in
  their parent row and must not be added to it.

  Pipeline
    total - complete three-stage pipeline                    32.699 s
    stage 1 - allocate and read raw FASTQ blocks              5.101 s
    stage 2 - align reads and generate SAM records           25.405 s
    stage 3 - write SAM and release batch data                2.192 s
      SAM output writes                                         1.427 s
      batch cleanup and loop overhead (derived)                 0.765 s

  Stage 1 input details
    batches completed / stage calls                     140 / 141
    input-buffer and batch allocations                        0.001 s  (281 calls, max 0.000 s)
    aggregate requested allocation bytes            584159120
    FASTQ fseeko calls                                        0.937 s  (140 calls, max 0.010 s)
    FASTQ fread calls                                         4.152 s  (140 calls, max 0.146 s)
    align chunk ends to FASTQ record boundaries               0.000 s  (139 calls, max 0.000 s)
    scheduler, checks and bookkeeping (derived)               0.011 s
    raw FASTQ bytes read                            584006736  (556.952 MiB)
    effective fread bandwidth                        134.148 MiB/s
    slowest allocation                                 0.000 s  (64 bytes)
    slowest fread                                      0.146 s  (R1 offset=16773608, bytes=4194304)

  Stage 2 worker details
    total - active merge worker                              25.397 s
      part 1 - prepare CPE task and reusable buffers            2.128 s
      part 2 - CPE FASTQ formatting and input release           0.186 s
      part 3 - CPE alignment and SAM length pass               22.647 s
      part 4 - assign slices in the shared SAM buffer           0.170 s
      part 5 - CPE SAM record generation                        0.254 s
      part 6 - release temporary worker data                    0.002 s

  Reserved allocator timers (no active timing sites)
    malloc timer                                              0.000 s
    free timer                                                0.000 s
===================================================================

[main] Version: 0.0.1
[main] CMD: ./SWBWA mem -v 4 -t 1 -1 -K 4194304 -o /dev/null -I 170,80,500,1 ../data/GRCh38.d1.vd1.fa ../data/SRR2496709_1.fastq_1
