[M::main_mem] mean insert size: 170.000, stddev: 80.000, max: 500, min: 1
[MPI input] mode=dynamic chunks=49 bytes_per_cg=19660800 cg_count=1 chunk_bytes=19660800 file_bytes=945555584 scheduler=distributed read_index=exact
malloc bwt->bwt 3107576584, 0x500008804020
malloc bwt->bwt 3107576584, 0x500008804020
malloc bwt->bwt 3107576584, 0x500008804020
malloc bwt->bwt 3107576584, 0x500008804020
malloc bwt->bwt 3107576584, 0x500008804020
malloc bwt->bwt 3107576584, 0x500008804020
malloc bwt->sa 1553788264, 0x5000c1ba1b40
malloc bwt->sa 1553788264, 0x5000c1ba1b40
malloc bwt->sa 1553788264, 0x5000c1ba1b40
malloc bwt->sa 1553788264, 0x5000c1ba1b40
malloc bwt->sa 1553788264, 0x5000c1ba1b40
malloc bwt->sa 1553788264, 0x5000c1ba1b40
[M::bwa_idx_load_from_disk] read 0 ALT contigs
[M::bwa_idx_load_from_disk] read 0 ALT contigs
[M::bwa_idx_load_from_disk] read 0 ALT contigs
[M::bwa_idx_load_from_disk] read 0 ALT contigs
[M::bwa_idx_load_from_disk] read 0 ALT contigs
[M::bwa_idx_load_from_disk] read 0 ALT contigs
malloc pac 776894131, 0x50011e5708c0
malloc pac 776894131, 0x50011e5708c0
malloc pac 776894131, 0x50011e5708c0
malloc pac 776894131, 0x50011e5708c0
malloc pac 776894131, 0x50011e5708c0
malloc pac 776894131, 0x50011e5708c0
the input file is ../../../data/SRR7963242_1.fastq_1
[MPI rank 000000/000006] output: correctness_results/study_final/no1/SRR7963242_SE.sam
[MPI rank 000001/000006] output: correctness_results/study_final/no1/SRR7963242_SE.sam
[MPI rank 000002/000006] output: correctness_results/study_final/no1/SRR7963242_SE.sam
[MPI rank 000003/000006] output: correctness_results/study_final/no1/SRR7963242_SE.sam
[MPI rank 000004/000006] output: correctness_results/study_final/no1/SRR7963242_SE.sam
[MPI rank 000005/000006] output: correctness_results/study_final/no1/SRR7963242_SE.sam
[M::process] read chunk (19660800 bytes/CG x 1 CGs, 19660664 bytes)...
[M::process] read chunk (19660800 bytes/CG x 1 CGs, 19661040 bytes)...
[M::process] read chunk (19660800 bytes/CG x 1 CGs, 19661160 bytes)...
[M::process] read chunk (19660800 bytes/CG x 1 CGs, 19660556 bytes)...
[M::process] read chunk (19660800 bytes/CG x 1 CGs, 19660664 bytes)...
[M::process] read chunk (19660800 bytes/CG x 1 CGs, 19661040 bytes)...
step1 0x50000201d930
step2 get 0x50000201d930
step1 0x50000201d930
step2 get 0x50000201d930
step1 0x50000201d930
step1 0x50000201d930
step2 get 0x50000201d930
step2 get 0x50000201d930
step1 0x50000201d930
step2 get 0x50000201d930
step1 0x50000201d930
step2 get 0x50000201d930
[M::process] read chunk (19660800 bytes/CG x 1 CGs, 19660664 bytes)...
[M::process] read chunk (19660800 bytes/CG x 1 CGs, 19660664 bytes)...
[M::process] read chunk (19660800 bytes/CG x 1 CGs, 19660664 bytes)...
[M::process] read chunk (19660800 bytes/CG x 1 CGs, 19661040 bytes)...
[M::process] read chunk (19660800 bytes/CG x 1 CGs, 19660664 bytes)...
[M::mem_process_seqs_merge2] CPE FASTQ formatting done
[M::mem_process_seqs_merge2] CPE FASTQ formatting done
[M::mem_process_seqs_merge2] CPE FASTQ formatting done
[M::mem_process_seqs_merge2] CPE FASTQ formatting done
[M::mem_process_seqs_merge2] CPE FASTQ formatting done
[M::process] read chunk (19660800 bytes/CG x 1 CGs, 19661040 bytes)...
[M::mem_process_seqs_merge2] CPE FASTQ formatting done
[DBG stage1] slow fread: R1 offset=117965124 requested=19660664 read=19660664 elapsed=1.201 s
step1 0x50000201ece0
[DBG stage1] slow fread: R1 offset=176947492 requested=19660664 read=19660664 elapsed=1.301 s
step1 0x50000201ece0
[DBG stage1] slow fread: R1 offset=137625788 requested=19660664 read=19660664 elapsed=1.620 s
step1 0x50000201ece0
[DBG stage1] slow fread: R1 offset=157286452 requested=19661040 read=19661040 elapsed=1.620 s
step1 0x50000201ece0
[DBG stage1] slow fread: R1 offset=196608156 requested=19660664 read=19660664 elapsed=1.530 s
step1 0x50000201ece0
[DBG stage1] slow fread: R1 offset=216268820 requested=19661040 read=19661040 elapsed=1.199 s
step1 0x50000201ece0
slave pre done
now n is 52289
processed 52289
[M::mem_process_seqs_merge2] Processed 52289 reads in 2.320 CPU sec, 2.549 real sec
step2 put 0x50000201d930
step2 get 0x50000201ece0
step3 0x50000201d930
[M::mem_process_seqs_merge2] CPE FASTQ formatting done
slave pre done
now n is 52289
processed 52289
[M::mem_process_seqs_merge2] Processed 52289 reads in 2.390 CPU sec, 2.475 real sec
step2 put 0x50000201d930
step2 get 0x50000201ece0
step3 0x50000201d930
[M::mem_process_seqs_merge2] CPE FASTQ formatting done
slave pre done
now n is 52789
processed 52789
[M::mem_process_seqs_merge2] Processed 52789 reads in 2.280 CPU sec, 2.548 real sec
step2 put 0x50000201d930
step2 get 0x50000201ece0
step3 0x50000201d930
[M::mem_process_seqs_merge2] CPE FASTQ formatting done
slave pre done
now n is 52290
processed 52290
[M::mem_process_seqs_merge2] Processed 52290 reads in 2.610 CPU sec, 2.715 real sec
step2 put 0x50000201d930
step2 get 0x50000201ece0
step3 0x50000201d930
[M::mem_process_seqs_merge2] CPE FASTQ formatting done
[M::process] read chunk (19660800 bytes/CG x 1 CGs, 19661040 bytes)...
[M::process] read chunk (19660800 bytes/CG x 1 CGs, 19660664 bytes)...
[M::process] read chunk (19660800 bytes/CG x 1 CGs, 19660664 bytes)...
slave pre done
now n is 52290
processed 52290
[M::mem_process_seqs_merge2] Processed 52290 reads in 2.220 CPU sec, 2.835 real sec
step2 put 0x50000201d930
[M::process] read chunk (19660800 bytes/CG x 1 CGs, 19661040 bytes)...
step2 get 0x50000201ece0
step3 0x50000201d930
[M::mem_process_seqs_merge2] CPE FASTQ formatting done
slave pre done
now n is 52972
processed 52972
[M::mem_process_seqs_merge2] Processed 52972 reads in 2.650 CPU sec, 3.006 real sec
step2 put 0x50000201d930
step2 get 0x50000201ece0
step3 0x50000201d930
[M::process] read chunk (19660800 bytes/CG x 1 CGs, 19660664 bytes)...
[M::mem_process_seqs_merge2] CPE FASTQ formatting done
[M::process] read chunk (19660800 bytes/CG x 1 CGs, 19660664 bytes)...
[DBG stage1] slow fread: R1 offset=294912228 requested=19660664 read=19660664 elapsed=1.160 s
step1 0x50000201ed30
slave pre done
now n is 52289
processed 52289
[M::mem_process_seqs_merge2] Processed 52289 reads in 1.500 CPU sec, 1.606 real sec
step2 put 0x50000201ece0
step2 get 0x50000201ed30
step3 0x50000201ece0
[M::mem_process_seqs_merge2] CPE FASTQ formatting done
slave pre done
now n is 52289
processed 52289
[M::mem_process_seqs_merge2] Processed 52289 reads in 1.400 CPU sec, 1.674 real sec
step2 put 0x50000201ece0
slave pre done
now n is 52289
processed 52289
[M::mem_process_seqs_merge2] Processed 52289 reads in 1.520 CPU sec, 1.633 real sec
step2 put 0x50000201ece0
step3 0x50000201ece0
step3 0x50000201ece0
slave pre done
now n is 52290
processed 52290
[M::mem_process_seqs_merge2] Processed 52290 reads in 1.460 CPU sec, 1.550 real sec
step2 put 0x50000201ece0
step3 0x50000201ece0
[DBG stage1] slow fread: R1 offset=314572892 requested=19661040 read=19661040 elapsed=1.273 s
step1 0x50000201ed30
step2 get 0x50000201ed30
[M::mem_process_seqs_merge2] CPE FASTQ formatting done
[DBG stage1] slow fread: R1 offset=255590524 requested=19661040 read=19661040 elapsed=1.517 s
step1 0x50000201ed30
step2 get 0x50000201ed30
[M::mem_process_seqs_merge2] CPE FASTQ formatting done
[DBG stage1] slow fread: R1 offset=275251564 requested=19660664 read=19660664 elapsed=1.536 s
step1 0x50000201ed30
step2 get 0x50000201ed30
[M::mem_process_seqs_merge2] CPE FASTQ formatting done
[DBG stage1] slow fread: R1 offset=235929860 requested=19660664 read=19660664 elapsed=1.268 s
step1 0x50000201ed30
slave pre done
now n is 52290
processed 52290
[M::mem_process_seqs_merge2] Processed 52290 reads in 1.410 CPU sec, 1.641 real sec
step2 put 0x50000201ece0
step3 0x50000201ece0
[M::process] read chunk (19660800 bytes/CG x 1 CGs, 19660820 bytes)...
[M::process] read chunk (19660800 bytes/CG x 1 CGs, 19660824 bytes)...
slave pre done
now n is 52289
[M::process] read chunk (19660800 bytes/CG x 1 CGs, 19660820 bytes)...
processed 52289
[M::mem_process_seqs_merge2] Processed 52289 reads in 1.420 CPU sec, 1.658 real sec
step2 put 0x50000201ece0
step2 get 0x50000201ed30
step3 0x50000201ece0
[M::mem_process_seqs_merge2] CPE FASTQ formatting done
[M::process] read chunk (19660800 bytes/CG x 1 CGs, 19660664 bytes)...
[M::process] read chunk (19660800 bytes/CG x 1 CGs, 19660820 bytes)...
[DBG stage1] slow fread: R1 offset=334233932 requested=19660664 read=19660664 elapsed=1.618 s
step1 0x50000201ed30
step2 get 0x50000201ed30
[M::mem_process_seqs_merge2] CPE FASTQ formatting done
[M::process] read chunk (19660800 bytes/CG x 1 CGs, 19660820 bytes)...
slave pre done
now n is 52289
processed 52289
[M::mem_process_seqs_merge2] Processed 52289 reads in 1.620 CPU sec, 1.655 real sec
step2 put 0x50000201ed30
step3 0x50000201ed30
slave pre done
now n is 52290
slave pre done
now n is 52289
processed 52290
[M::mem_process_seqs_merge2] Processed 52290 reads in 1.530 CPU sec, 1.585 real sec
step2 put 0x50000201ed30
processed 52289
[M::mem_process_seqs_merge2] Processed 52289 reads in 1.480 CPU sec, 1.515 real sec
step2 put 0x50000201ed30
step3 0x50000201ed30
step3 0x50000201ed30
slave pre done
now n is 52290
processed 52290
[M::mem_process_seqs_merge2] Processed 52290 reads in 1.200 CPU sec, 1.602 real sec
step2 put 0x50000201ed30
step3 0x50000201ed30
[DBG stage1] slow fread: R1 offset=373555260 requested=19660824 read=19660824 elapsed=1.194 s
step1 0x50000201ece0
step2 get 0x50000201ece0
[M::mem_process_seqs_merge2] CPE FASTQ formatting done
[DBG stage1] slow fread: R1 offset=412876904 requested=19660820 read=19660820 elapsed=1.456 s
step1 0x50000201d930
step2 get 0x50000201d930
[M::mem_process_seqs_merge2] CPE FASTQ formatting done
[DBG stage1] slow fread: R1 offset=432537724 requested=19660820 read=19660820 elapsed=1.063 s
step1 0x50000201ece0
step2 get 0x50000201ece0
[M::mem_process_seqs_merge2] CPE FASTQ formatting done
[DBG stage1] slow fread: R1 offset=393216084 requested=19660820 read=19660820 elapsed=1.495 s
step1 0x50000201ece0
step2 get 0x50000201ece0
[M::mem_process_seqs_merge2] CPE FASTQ formatting done
slave pre done
now n is 52289
processed 52289
[M::mem_process_seqs_merge2] Processed 52289 reads in 1.610 CPU sec, 1.636 real sec
step2 put 0x50000201ed30
step3 0x50000201ed30
[DBG stage1] slow fread: R1 offset=353894596 requested=19660664 read=19660664 elapsed=1.645 s
step1 0x50000201d930
step2 get 0x50000201d930
[M::mem_process_seqs_merge2] CPE FASTQ formatting done
[M::process] read chunk (19660800 bytes/CG x 1 CGs, 19660820 bytes)...
slave pre done
now n is 52289
processed 52289
[M::mem_process_seqs_merge2] Processed 52289 reads in 1.280 CPU sec, 1.576 real sec
step2 put 0x50000201ed30
step3 0x50000201ed30
[M::process] read chunk (19660800 bytes/CG x 1 CGs, 19660820 bytes)...
[M::process] read chunk (19660800 bytes/CG x 1 CGs, 19660820 bytes)...
[M::process] read chunk (19660800 bytes/CG x 1 CGs, 19660820 bytes)...
[M::process] read chunk (19660800 bytes/CG x 1 CGs, 19660820 bytes)...
[DBG stage1] slow fread: R1 offset=452198544 requested=19660820 read=19660820 elapsed=1.416 s
step1 0x50000201ece0
step2 get 0x50000201ece0
[M::mem_process_seqs_merge2] CPE FASTQ formatting done
[M::process] read chunk (19660800 bytes/CG x 1 CGs, 19660820 bytes)...
slave pre done
now n is 51795
processed 51795
[M::mem_process_seqs_merge2] Processed 51795 reads in 1.510 CPU sec, 1.552 real sec
step2 put 0x50000201ece0
step3 0x50000201ece0
slave pre done
now n is 51739
processed 51739
[M::mem_process_seqs_merge2] Processed 51739 reads in 1.430 CPU sec, 1.493 real sec
step2 put 0x50000201d930
step3 0x50000201d930
slave pre done
now n is 51739
processed 51739
[M::mem_process_seqs_merge2] Processed 51739 reads in 1.300 CPU sec, 1.476 real sec
step2 put 0x50000201ece0
step3 0x50000201ece0
slave pre done
now n is 51739
processed 51739
[M::mem_process_seqs_merge2] Processed 51739 reads in 1.280 CPU sec, 1.455 real sec
step2 put 0x50000201ece0
step3 0x50000201ece0
slave pre done
now n is 52289
processed 52289
[M::mem_process_seqs_merge2] Processed 52289 reads in 1.460 CPU sec, 1.555 real sec
step2 put 0x50000201d930
step3 0x50000201d930
[DBG stage1] slow fread: R1 offset=491520184 requested=19660820 read=19660820 elapsed=1.307 s
step1 0x50000201ed30
step2 get 0x50000201ed30
[M::mem_process_seqs_merge2] CPE FASTQ formatting done
[DBG stage1] slow fread: R1 offset=471859364 requested=19660820 read=19660820 elapsed=1.621 s
step1 0x50000201ed30
step2 get 0x50000201ed30
[M::mem_process_seqs_merge2] CPE FASTQ formatting done
[DBG stage1] slow fread: R1 offset=530841824 requested=19660820 read=19660820 elapsed=1.537 s
step1 0x50000201ed30
step2 get 0x50000201ed30
[DBG stage1] slow fread: R1 offset=550502644 requested=19660820 read=19660820 elapsed=1.293 s
step1 0x50000201ed30
[M::mem_process_seqs_merge2] CPE FASTQ formatting done
step2 get 0x50000201ed30
[M::mem_process_seqs_merge2] CPE FASTQ formatting done
[DBG stage1] slow fread: R1 offset=511181004 requested=19660820 read=19660820 elapsed=1.524 s
step1 0x50000201ed30
step2 get 0x50000201ed30
[M::mem_process_seqs_merge2] CPE FASTQ formatting done
slave pre done
now n is 51739
processed 51739
[M::mem_process_seqs_merge2] Processed 51739 reads in 1.230 CPU sec, 1.559 real sec
step2 put 0x50000201ece0
step3 0x50000201ece0
[DBG stage1] slow fread: R1 offset=570163464 requested=19660820 read=19660820 elapsed=1.113 s
step1 0x50000201ed30
step2 get 0x50000201ed30
[M::mem_process_seqs_merge2] CPE FASTQ formatting done
slave pre done
now n is 51739
slave pre done
now n is 51739
processed 51739
[M::mem_process_seqs_merge2] Processed 51739 reads in 1.140 CPU sec, 1.555 real sec
step2 put 0x50000201ed30
processed 51739
[M::mem_process_seqs_merge2] Processed 51739 reads in 1.650 CPU sec, 1.660 real sec
step2 put 0x50000201ed30
slave pre done
now n is 51739
processed 51739
[M::mem_process_seqs_merge2] Processed 51739 reads in 1.330 CPU sec, 1.547 real sec
step2 put 0x50000201ed30
slave pre done
now n is 51739
processed 51739
[M::mem_process_seqs_merge2] Processed 51739 reads in 1.650 CPU sec, 1.650 real sec
step2 put 0x50000201ed30
slave pre done
now n is 51739
processed 51739
[M::mem_process_seqs_merge2] Processed 51739 reads in 1.700 CPU sec, 1.700 real sec
step2 put 0x50000201ed30
[M::process] read chunk (19660800 bytes/CG x 1 CGs, 19660820 bytes)...
step3 0x50000201ed30
slave pre done
now n is 51739
processed 51739
[M::mem_process_seqs_merge2] Processed 51739 reads in 1.630 CPU sec, 1.631 real sec
step2 put 0x50000201ed30
step1 0x50000201ece0
step2 get 0x50000201ece0
[M::mem_process_seqs_merge2] CPE FASTQ formatting done
[M::process] read chunk (19660800 bytes/CG x 1 CGs, 19660820 bytes)...
step1 0x50000201ed30
slave pre done
now n is 51739
processed 51739
[M::mem_process_seqs_merge2] Processed 51739 reads in 1.370 CPU sec, 1.517 real sec
step2 put 0x50000201ece0
step2 get 0x50000201ed30
step3 0x50000201ece0
[M::mem_process_seqs_merge2] CPE FASTQ formatting done
[M::process] read chunk (19660800 bytes/CG x 1 CGs, 19660820 bytes)...
step1 0x50000201d930
slave pre done
now n is 51739
processed 51739
[M::mem_process_seqs_merge2] Processed 51739 reads in 1.410 CPU sec, 1.580 real sec
step2 put 0x50000201ed30
step2 get 0x50000201d930
step3 0x50000201ed30
[M::mem_process_seqs_merge2] CPE FASTQ formatting done
[M::process] read chunk (19660800 bytes/CG x 1 CGs, 1836920 bytes)...
step1 0x50000201ece0
slave pre done
now n is 51739
processed 51739
[M::mem_process_seqs_merge2] Processed 51739 reads in 1.070 CPU sec, 1.633 real sec
step2 put 0x50000201d930
step2 get 0x50000201ece0
[M::mem_process_seqs_merge2] CPE FASTQ formatting done
slave pre done
now n is 4834
processed 4834
[M::mem_process_seqs_merge2] Processed 4834 reads in 0.210 CPU sec, 0.283 real sec
step2 put 0x50000201ece0
step3 0x50000201d930
[M::process] read chunk (19660800 bytes/CG x 1 CGs, 19660820 bytes)...
[M::process] read chunk (19660800 bytes/CG x 1 CGs, 19660820 bytes)...
[M::process] read chunk (19660800 bytes/CG x 1 CGs, 19660440 bytes)...
step3 0x50000201ece0
[M::process] read chunk (19660800 bytes/CG x 1 CGs, 19660820 bytes)...
[M::process] read chunk (19660800 bytes/CG x 1 CGs, 19660820 bytes)...
step1 0x50000201d930
step2 get 0x50000201d930
[M::mem_process_seqs_merge2] CPE FASTQ formatting done
step1 0x50000201d930
step1 0x50000201d930
step2 get 0x50000201d930
step2 get 0x50000201d930
[M::mem_process_seqs_merge2] CPE FASTQ formatting done
[M::mem_process_seqs_merge2] CPE FASTQ formatting done
step1 0x50000201ece0
step1 0x50000201d930
step2 get 0x50000201ece0
step2 get 0x50000201d930
[M::mem_process_seqs_merge2] CPE FASTQ formatting done
[M::mem_process_seqs_merge2] CPE FASTQ formatting done
slave pre done
now n is 51739
processed 51739
[M::mem_process_seqs_merge2] Processed 51739 reads in 1.260 CPU sec, 1.498 real sec
step2 put 0x50000201d930
slave pre done
now n is 51739
processed 51739
[M::mem_process_seqs_merge2] Processed 51739 reads in 1.440 CPU sec, 1.465 real sec
step2 put 0x50000201d930
slave pre done
now n is 51739
slave pre done
now n is 51739
processed 51739
[M::mem_process_seqs_merge2] Processed 51739 reads in 1.540 CPU sec, 1.547 real sec
step2 put 0x50000201d930
processed 51739
[M::mem_process_seqs_merge2] Processed 51739 reads in 1.510 CPU sec, 1.507 real sec
step2 put 0x50000201ece0
slave pre done
now n is 51738
processed 51738
[M::mem_process_seqs_merge2] Processed 51738 reads in 1.500 CPU sec, 1.524 real sec
step2 put 0x50000201d930
step3 0x50000201ed30
[M::process] read chunk (19660800 bytes/CG x 1 CGs, 19660820 bytes)...
step3 0x50000201d930
step1 0x50000201eec0
step2 get 0x50000201eec0
[M::mem_process_seqs_merge2] CPE FASTQ formatting done
[M::process] read chunk (19660800 bytes/CG x 1 CGs, 19660820 bytes)...
step1 0x50000201d930
step3 0x50000201ed30
step3 0x50000201ece0
[M::process] read chunk (19660800 bytes/CG x 1 CGs, 19660820 bytes)...
step1 0x50000276e940
step2 get 0x50000276e940
[M::mem_process_seqs_merge2] CPE FASTQ formatting done
[M::process] read chunk (19660800 bytes/CG x 1 CGs, 19660820 bytes)...
slave pre done
now n is 51739
processed 51739
[M::mem_process_seqs_merge2] Processed 51739 reads in 1.570 CPU sec, 1.592 real sec
step2 put 0x50000201eec0
step2 get 0x50000201d930
step3 0x50000201eec0
[M::mem_process_seqs_merge2] CPE FASTQ formatting done
step1 0x50000201ece0
[M::process] read chunk (19660800 bytes/CG x 1 CGs, 19660820 bytes)...
step3 0x50000201ed30
step3 0x50000201d930
step1 0x50000201eec0
step2 get 0x50000201eec0
[M::mem_process_seqs_merge2] CPE FASTQ formatting done
[M::process] read chunk (19660800 bytes/CG x 1 CGs, 19660820 bytes)...
step1 0x50000201d930
slave pre done
now n is 51739
processed 51739
[M::mem_process_seqs_merge2] Processed 51739 reads in 1.310 CPU sec, 1.529 real sec
step2 put 0x50000276e940
step2 get 0x50000201ece0
[M::mem_process_seqs_merge2] CPE FASTQ formatting done
step3 0x50000276e940
slave pre done
now n is 51739
processed 51739
[M::mem_process_seqs_merge2] Processed 51739 reads in 1.630 CPU sec, 1.628 real sec
step2 put 0x50000201d930
step3 0x50000201ed30
[M::process] read chunk (19660800 bytes/CG x 1 CGs, 19660820 bytes)...
step3 0x50000201d930
slave pre done
now n is 51739
processed 51739
[M::mem_process_seqs_merge2] Processed 51739 reads in 1.410 CPU sec, 1.545 real sec
step2 put 0x50000201eec0
step2 get 0x50000201d930
step1 0x50000201eec0
step3 0x50000201eec0
step2 get 0x50000201eec0
[M::mem_process_seqs_merge2] CPE FASTQ formatting done
[M::mem_process_seqs_merge2] CPE FASTQ formatting done
[M::process] read chunk (19660800 bytes/CG x 1 CGs, 19660820 bytes)...
slave pre done
now n is 51739
processed 51739
[M::mem_process_seqs_merge2] Processed 51739 reads in 1.520 CPU sec, 1.550 real sec
step2 put 0x50000201ece0
step1 0x50000201d930
[M::process] read chunk (19660800 bytes/CG x 1 CGs, 19660820 bytes)...
[M::process] read chunk (19660800 bytes/CG x 1 CGs, 19660820 bytes)...
step3 0x50000201ed30
step3 0x50000201d930
slave pre done
now n is 51739
processed 51739
[M::mem_process_seqs_merge2] Processed 51739 reads in 1.360 CPU sec, 1.573 real sec
step2 put 0x50000201eec0
step2 get 0x50000201d930
step3 0x50000201eec0
[M::mem_process_seqs_merge2] CPE FASTQ formatting done
slave pre done
now n is 51739
processed 51739
[M::mem_process_seqs_merge2] Processed 51739 reads in 1.640 CPU sec, 1.640 real sec
step2 put 0x50000201d930
step1 0x50000201eec0
step2 get 0x50000201eec0
step1 0x50000276e940
[M::mem_process_seqs_merge2] CPE FASTQ formatting done
step2 get 0x50000276e940
[M::mem_process_seqs_merge2] CPE FASTQ formatting done
step3 0x50000201d930
slave pre done
now n is 51739
processed 51739
[M::mem_process_seqs_merge2] Processed 51739 reads in 1.570 CPU sec, 1.577 real sec
step2 put 0x50000201d930
slave pre done
now n is 51739
processed 51739
[M::mem_process_seqs_merge2] Processed 51739 reads in 1.610 CPU sec, 1.610 real sec
step2 put 0x50000201eec0
slave pre done
now n is 51739
step3 0x50000201eec0
processed 51739
[M::mem_process_seqs_merge2] Processed 51739 reads in 1.600 CPU sec, 1.600 real sec
step2 put 0x50000276e940
step3 0x50000276e940
step3 0x50000201ece0
step3 0x50000201d930
step3 0x50000201d930
[MPI rank 000004/000006] input work: chunks=8 records=415562 bytes=157286088
[MPI rank 000003/000006] input work: chunks=8 records=415562 bytes=157286092
[MPI rank 000005/000006] input work: chunks=8 records=415564 bytes=157286844
[MPI rank 000000/000006] input work: chunks=10 records=473368 bytes=178784172
[MPI rank 000002/000006] input work: chunks=8 records=415564 bytes=157286844

================ MPI Dynamic Scheduler Debug =================
  MPI rank: 000000 / 000006

  Work summary
    claimed chunks                                         10
    claimed from this rank's queue                          9
    claimed from another rank's queue                       1
    completed FASTQ records                            473368
    claimed input bytes                             178784172

  Scheduler counters
    scheduler_next calls                                   11
    RMA ticket attempts                                    17
    attempts against another rank's queue                   6
    tickets beyond the final chunk                          7
    empty aligned chunks                                    0

  Scheduler timing
    MPI_Win_create (setup)                       0.000187 s  (1 calls,   187.050 us/call)
    MPI_Barrier after setup                      0.000012 s  (1 calls,    11.700 us/call)
    scheduler_next total                        17.757230 s  (11 calls, 1614293.611 us/call)
      RMA ticket path total                       16.795123 s  (17 calls, 987948.419 us/call)
        wait for process-local MPI mutex             2.040103 s  (17 calls, 120006.062 us/call)
        MPI_Win_lock                                 0.000080 s  (17 calls,     4.676 us/call)
        MPI_Fetch_and_op                             0.000121 s  (17 calls,     7.112 us/call)
        MPI_Win_unlock                              14.754788 s  (17 calls, 867928.689 us/call)
        RMA call/unlock overhead (derived)           0.000032 s  (17 calls,     1.879 us/call)
      align nominal offsets to FASTQ records       0.962055 s  (10 calls, 96205.525 us/call)
      scheduler loop/bookkeeping (derived)         0.000051 s  (11 calls,     4.668 us/call)

  Scheduler teardown timing
    MPI_Barrier (wait for other ranks)           0.610022 s  (1 calls, 610021.944 us/call)
    MPI_Win_free                                 0.000068 s  (1 calls,    67.851 us/call)

  Stage 2 by chunk
    completed chunks                                       10
    accumulated stage 2                             16.040799 s
    average stage 2 per chunk                        1.604080 s
    slowest chunk                                           0
    slowest chunk stage 2                            3.006722 s

    order   chunk  queue        byte range                       bytes      records   stage2(s)
        0       0      0  [           0,     19661160)     19661160        52972    3.006722
        1       6      0  [   117965124,    137625788)     19660664        52289    1.658735
        2      12      0  [   235929860,    255590524)     19660664        52289    1.636310
        3      18      0  [   353894596,    373555260)     19660664        52289    1.555487
        4      24      0  [   471859364,    491520184)     19660820        51739    1.556582
        5      30      0  [   589824284,    609485104)     19660820        51739    1.517695
        6      36      0  [   707788824,    727449644)     19660820        51739    1.580986
        7      42      0  [   825753744,    845414564)     19660820        51739    1.634919
        8      48      0  [   943718664,    945555584)      1836920         4834    0.283293
        9      43      1  [   845414564,    865075384)     19660820        51739    1.610070
==============================================================

[MPI rank 000001/000006] input work: chunks=7 records=364380 bytes=137625544

================ MPI Dynamic Scheduler Debug =================
  MPI rank: 000001 / 000006

  Work summary
    claimed chunks                                          7
    claimed from this rank's queue                          7
    claimed from another rank's queue                       0
    completed FASTQ records                            364380
    claimed input bytes                             137625544

  Scheduler counters
    scheduler_next calls                                    8
    RMA ticket attempts                                    13
    attempts against another rank's queue                   5
    tickets beyond the final chunk                          6
    empty aligned chunks                                    0

  Scheduler timing
    MPI_Win_create (setup)                       0.000192 s  (1 calls,   191.600 us/call)
    MPI_Barrier after setup                      0.000008 s  (1 calls,     7.600 us/call)
    scheduler_next total                        24.282250 s  (8 calls, 3035281.284 us/call)
      RMA ticket path total                       22.039671 s  (13 calls, 1695359.294 us/call)
        wait for process-local MPI mutex            17.929235 s  (13 calls, 1379171.897 us/call)
        MPI_Win_lock                                 0.000069 s  (13 calls,     5.327 us/call)
        MPI_Fetch_and_op                             0.000079 s  (13 calls,     6.058 us/call)
        MPI_Win_unlock                               4.110207 s  (13 calls, 316169.740 us/call)
        RMA call/unlock overhead (derived)           0.000082 s  (13 calls,     6.273 us/call)
      align nominal offsets to FASTQ records       2.242544 s  (7 calls, 320363.386 us/call)
      scheduler loop/bookkeeping (derived)         0.000036 s  (8 calls,     4.469 us/call)

  Scheduler teardown timing
    MPI_Barrier (wait for other ranks)           0.000031 s  (1 calls,    30.800 us/call)
    MPI_Win_free                                 0.000053 s  (1 calls,    53.100 us/call)

  Stage 2 by chunk
    completed chunks                                        7
    accumulated stage 2                             12.143333 s
    average stage 2 per chunk                        1.734762 s
    slowest chunk                                           1
    slowest chunk stage 2                            2.548250 s

    order   chunk  queue        byte range                       bytes      records   stage2(s)
        0       1      1  [    19661160,     39321716)     19660556        52789    2.548250
        1       7      1  [   137625788,    157286452)     19660664        52289    1.633368
        2      13      1  [   255590524,    275251564)     19661040        52290    1.602237
        3      19      1  [   373555260,    393216084)     19660824        51795    1.552394
        4      25      1  [   491520184,    511181004)     19660820        51739    1.660131
        5      31      1  [   609485104,    629145924)     19660820        51739    1.546909
        6      37      1  [   727449644,    747110464)     19660820        51739    1.600044
==============================================================


================ MPI Dynamic Scheduler Debug =================
  MPI rank: 000002 / 000006

  Work summary
    claimed chunks                                          8
    claimed from this rank's queue                          8
    claimed from another rank's queue                       0
    completed FASTQ records                            415564
    claimed input bytes                             157286844

  Scheduler counters
    scheduler_next calls                                    9
    RMA ticket attempts                                    14
    attempts against another rank's queue                   5
    tickets beyond the final chunk                          6
    empty aligned chunks                                    0

  Scheduler timing
    MPI_Win_create (setup)                       0.000187 s  (1 calls,   186.950 us/call)
    MPI_Barrier after setup                      0.000011 s  (1 calls,    11.200 us/call)
    scheduler_next total                        21.472821 s  (9 calls, 2385868.953 us/call)
      RMA ticket path total                       19.514664 s  (14 calls, 1393904.572 us/call)
        wait for process-local MPI mutex            14.820902 s  (14 calls, 1058635.892 us/call)
        MPI_Win_lock                                 0.000554 s  (14 calls,    39.593 us/call)
        MPI_Fetch_and_op                             0.000079 s  (14 calls,     5.614 us/call)
        MPI_Win_unlock                               4.693040 s  (14 calls, 335217.137 us/call)
        RMA call/unlock overhead (derived)           0.000089 s  (14 calls,     6.336 us/call)
      align nominal offsets to FASTQ records       1.958112 s  (8 calls, 244763.972 us/call)
      scheduler loop/bookkeeping (derived)         0.000045 s  (9 calls,     4.978 us/call)

  Scheduler teardown timing
    MPI_Barrier (wait for other ranks)           0.139052 s  (1 calls, 139051.727 us/call)
    MPI_Win_free                                 0.000064 s  (1 calls,    64.201 us/call)

  Stage 2 by chunk
    completed chunks                                        8
    accumulated stage 2                             13.552269 s
    average stage 2 per chunk                        1.694034 s
    slowest chunk                                           2
    slowest chunk stage 2                            2.715911 s

    order   chunk  queue        byte range                       bytes      records   stage2(s)
        0       2      2  [    39321716,     58982756)     19661040        52290    2.715911
        1       8      2  [   157286452,    176947492)     19661040        52290    1.550174
        2      14      2  [   275251564,    294912228)     19660664        52289    1.515477
        3      20      2  [   393216084,    412876904)     19660820        51739    1.455899
        4      26      2  [   511181004,    530841824)     19660820        51739    1.700022
        5      32      2  [   629145924,    648806744)     19660820        51739    1.464661
        6      38      2  [   747110464,    766771284)     19660820        51739    1.573504
        7      44      2  [   865075384,    884736204)     19660820        51739    1.576621
==============================================================


================ MPI Dynamic Scheduler Debug =================
  MPI rank: 000003 / 000006

  Work summary
    claimed chunks                                          8
    claimed from this rank's queue                          8
    claimed from another rank's queue                       0
    completed FASTQ records                            415562
    claimed input bytes                             157286092

  Scheduler counters
    scheduler_next calls                                    9
    RMA ticket attempts                                    14
    attempts against another rank's queue                   5
    tickets beyond the final chunk                          6
    empty aligned chunks                                    0

  Scheduler timing
    MPI_Win_create (setup)                       0.000187 s  (1 calls,   186.750 us/call)
    MPI_Barrier after setup                      0.000010 s  (1 calls,     9.700 us/call)
    scheduler_next total                        20.842194 s  (9 calls, 2315799.362 us/call)
      RMA ticket path total                       18.296016 s  (14 calls, 1306858.255 us/call)
        wait for process-local MPI mutex            13.816483 s  (14 calls, 986891.631 us/call)
        MPI_Win_lock                                 0.000069 s  (14 calls,     4.922 us/call)
        MPI_Fetch_and_op                             0.000217 s  (14 calls,    15.529 us/call)
        MPI_Win_unlock                               4.479137 s  (14 calls, 319938.384 us/call)
        RMA call/unlock overhead (derived)           0.000109 s  (14 calls,     7.789 us/call)
      align nominal offsets to FASTQ records       2.546137 s  (8 calls, 318267.118 us/call)
      scheduler loop/bookkeeping (derived)         0.000042 s  (9 calls,     4.639 us/call)

  Scheduler teardown timing
    MPI_Barrier (wait for other ranks)           1.905521 s  (1 calls, 1905520.992 us/call)
    MPI_Win_free                                 0.000067 s  (1 calls,    67.001 us/call)

  Stage 2 by chunk
    completed chunks                                        8
    accumulated stage 2                             13.543097 s
    average stage 2 per chunk                        1.692887 s
    slowest chunk                                           3
    slowest chunk stage 2                            2.549651 s

    order   chunk  queue        byte range                       bytes      records   stage2(s)
        0       3      3  [    58982756,     78643420)     19660664        52289    2.549651
        1       9      3  [   176947492,    196608156)     19660664        52289    1.607083
        2      15      3  [   294912228,    314572892)     19660664        52289    1.655246
        3      21      3  [   412876904,    432537724)     19660820        51739    1.492900
        4      27      3  [   530841824,    550502644)     19660820        51739    1.650071
        5      33      3  [   648806744,    668467564)     19660820        51739    1.507456
        6      39      3  [   766771284,    786432104)     19660820        51739    1.530102
        7      45      3  [   884736204,    904397024)     19660820        51739    1.550589
==============================================================


================ MPI Dynamic Scheduler Debug =================
  MPI rank: 000004 / 000006

  Work summary
    claimed chunks                                          8
    claimed from this rank's queue                          8
    claimed from another rank's queue                       0
    completed FASTQ records                            415562
    claimed input bytes                             157286088

  Scheduler counters
    scheduler_next calls                                    9
    RMA ticket attempts                                    14
    attempts against another rank's queue                   5
    tickets beyond the final chunk                          6
    empty aligned chunks                                    0

  Scheduler timing
    MPI_Win_create (setup)                       0.000186 s  (1 calls,   186.250 us/call)
    MPI_Barrier after setup                      0.000012 s  (1 calls,    11.850 us/call)
    scheduler_next total                        18.198660 s  (9 calls, 2022073.337 us/call)
      RMA ticket path total                       15.016028 s  (14 calls, 1072573.404 us/call)
        wait for process-local MPI mutex            11.320444 s  (14 calls, 808603.162 us/call)
        MPI_Win_lock                                 0.000061 s  (14 calls,     4.343 us/call)
        MPI_Fetch_and_op                             0.000078 s  (14 calls,     5.561 us/call)
        MPI_Win_unlock                               3.695356 s  (14 calls, 263954.010 us/call)
        RMA call/unlock overhead (derived)           0.000089 s  (14 calls,     6.329 us/call)
      align nominal offsets to FASTQ records       3.182591 s  (8 calls, 397823.847 us/call)
      scheduler loop/bookkeeping (derived)         0.000042 s  (9 calls,     4.622 us/call)

  Scheduler teardown timing
    MPI_Barrier (wait for other ranks)           2.336848 s  (1 calls, 2336848.423 us/call)
    MPI_Win_free                                 0.000066 s  (1 calls,    65.601 us/call)

  Stage 2 by chunk
    completed chunks                                        8
    accumulated stage 2                             13.504630 s
    average stage 2 per chunk                        1.688079 s
    slowest chunk                                           4
    slowest chunk stage 2                            2.475668 s

    order   chunk  queue        byte range                       bytes      records   stage2(s)
        0       4      4  [    78643420,     98304084)     19660664        52289    2.475668
        1      10      4  [   196608156,    216268820)     19660664        52289    1.674225
        2      16      4  [   314572892,    334233932)     19661040        52290    1.585607
        3      22      4  [   432537724,    452198544)     19660820        51739    1.476258
        4      28      4  [   550502644,    570163464)     19660820        51739    1.547467
        5      34      4  [   668467564,    688128004)     19660440        51738    1.524347
        6      40      4  [   786432104,    806092924)     19660820        51739    1.592661
        7      46      4  [   904397024,    924057844)     19660820        51739    1.628397
==============================================================


================ MPI Dynamic Scheduler Debug =================
  MPI rank: 000005 / 000006

  Work summary
    claimed chunks                                          8
    claimed from this rank's queue                          8
    claimed from another rank's queue                       0
    completed FASTQ records                            415564
    claimed input bytes                             157286844

  Scheduler counters
    scheduler_next calls                                    9
    RMA ticket attempts                                    14
    attempts against another rank's queue                   5
    tickets beyond the final chunk                          6
    empty aligned chunks                                    0

  Scheduler timing
    MPI_Win_create (setup)                       0.000189 s  (1 calls,   189.300 us/call)
    MPI_Barrier after setup                      0.000010 s  (1 calls,    10.000 us/call)
    scheduler_next total                        21.299516 s  (9 calls, 2366612.903 us/call)
      RMA ticket path total                       18.655382 s  (14 calls, 1332527.300 us/call)
        wait for process-local MPI mutex            14.086608 s  (14 calls, 1006186.269 us/call)
        MPI_Win_lock                                 0.000063 s  (14 calls,     4.500 us/call)
        MPI_Fetch_and_op                             0.000084 s  (14 calls,     6.000 us/call)
        MPI_Win_unlock                               4.568524 s  (14 calls, 326323.163 us/call)
        RMA call/unlock overhead (derived)           0.000103 s  (14 calls,     7.368 us/call)
      align nominal offsets to FASTQ records       2.644092 s  (8 calls, 330511.447 us/call)
      scheduler loop/bookkeeping (derived)         0.000042 s  (9 calls,     4.706 us/call)

  Scheduler teardown timing
    MPI_Barrier (wait for other ranks)           1.455226 s  (1 calls, 1455226.296 us/call)
    MPI_Win_free                                 0.000069 s  (1 calls,    69.101 us/call)

  Stage 2 by chunk
    completed chunks                                        8
    accumulated stage 2                             13.930004 s
    average stage 2 per chunk                        1.741251 s
    slowest chunk                                           5
    slowest chunk stage 2                            2.835927 s

    order   chunk  queue        byte range                       bytes      records   stage2(s)
        0       5      5  [    98304084,    117965124)     19661040        52290    2.835927
        1      11      5  [   216268820,    235929860)     19661040        52290    1.642569
        2      17      5  [   334233932,    353894596)     19660664        52289    1.576223
        3      23      5  [   452198544,    471859364)     19660820        51739    1.559977
        4      29      5  [   570163464,    589824284)     19660820        51739    1.631054
        5      35      5  [   688128004,    707788824)     19660820        51739    1.499122
        6      41      5  [   806092924,    825753744)     19660820        51739    1.545468
        7      47      5  [   924057844,    943718664)     19660820        51739    1.639664
==============================================================


====================== SWBWA Output Debug =====================
  MPI rank: 000000 / 000006
  mode:     MPI single_unordered
  path:     correctness_results/study_final/no1/SRR7963242_SE.sam

  Output volume
    output buffer capacity                           67108864
    swbwa_output_write calls                          473368
    submitted SAM bytes                            185506319
    buffered flushes                                       3
    buffered flush bytes                           185506319
    direct oversized writes                                0
    direct oversized bytes                                 0

  Buffering
    buffered flush total                         4.529383 s  (3 calls, 1509794.267 us/call)

  Global offset reservation
    target rank                                             0
    target relationship                                 local
    reservations                                            3
    reservation total                            0.000103 s  (3 calls,    34.183 us/call)
      wait for process-local MPI mutex             0.000006 s  (3 calls,     1.933 us/call)
      MPI_Fetch_and_op                             0.000011 s  (3 calls,     3.700 us/call)
      MPI_Win_flush(target rank 0)                 0.000080 s  (3 calls,    26.783 us/call)
      reservation call/unlock overhead (derived)   0.000005 s  (3 calls,     1.767 us/call)

  MPI file writes
    MPI_File_write_at calls                                 3
    MPI_File_write_at bytes                         185506319
    MPI file-write path total                    4.529269 s  (3 calls, 1509756.451 us/call)
      wait for process-local MPI mutex             0.000002 s  (3 calls,     0.683 us/call)
      MPI_File_write_at                            4.529237 s  (3 calls, 1509745.751 us/call)
      MPI_Get_count                                0.000007 s  (3 calls,     2.367 us/call)
      file-write call/unlock overhead (derived)    0.000023 s  (3 calls,     7.650 us/call)
    MPI_File_write_at effective bandwidth          39.060 MiB/s

  Output close timing
    MPI_File_sync                                0.025891 s  (1 calls, 25890.588 us/call)
    MPI_Win_unlock_all                           0.000020 s  (1 calls,    19.801 us/call)
    MPI_Win_free                                 0.000067 s  (1 calls,    66.850 us/call)
    MPI_File_close                               0.000569 s  (1 calls,   569.452 us/call)
================================================================


================ SWBWA CPE/MPI Progress Debug ================
  MPI rank: 000000 / 000006

    phase                      waits     probes   total(s)    avg(us)    max(s)   >=1ms   >=10ms   >=100ms    >=1s  completed
    FASTQ formatting              10          0      0.000      0.000     0.000       0        0         0       0          0
    alignment and SAM length      10          0      0.000      0.000     0.000       0        0         0       0          0
    SAM record generation         10          0      0.000      0.000     0.000       0        0         0       0          0
    all CPE phases                30          0      0.000      0.000     0.000       0        0         0       0          0

  Probes marked 'completed' returned with the CPE completion
  flag set. Their full call duration bounds the possible delay.
    completion-observing probe total               0.000000 s
    slowest completion-observing probe             0.000000 s
==============================================================


======================= SWBWA Timing Report =======================
  MPI rank: 000000 / 000006
  Accumulated wall-clock time; indented rows are included in
  their parent row and must not be added to it.

  Pipeline
    total - complete three-stage pipeline                    32.906 s
    stage 1 - allocate and read raw FASTQ blocks             25.579 s
    stage 2 - align reads and generate SAM records           16.041 s
    stage 3 - write SAM and release batch data                4.970 s
      SAM output writes                                         4.644 s
      batch cleanup and loop overhead (derived)                 0.326 s

  Stage 1 input details
    batches completed / stage calls                      10 / 11
    input-buffer and batch allocations                        0.000 s  (21 calls, max 0.000 s)
    aggregate requested allocation bytes            178795116
    FASTQ fseeko calls                                        0.177 s  (10 calls, max 0.043 s)
    FASTQ fread calls                                         7.630 s  (10 calls, max 1.645 s)
    align chunk ends to FASTQ record boundaries               0.000 s  (0 calls, max 0.000 s)
    scheduler, checks and bookkeeping (derived)              17.772 s
    raw FASTQ bytes read                            178784172  (170.502 MiB)
    effective fread bandwidth                         22.345 MiB/s
    slowest allocation                                 0.000 s  (19661844 bytes)
    slowest fread                                      1.645 s  (R1 offset=353894596, bytes=19660664)

  Stage 2 worker details
    total - active merge worker                              16.031 s
      part 1 - prepare CPE task and reusable buffers            0.838 s
      part 2 - CPE FASTQ formatting and input release           0.096 s
      part 3 - CPE alignment and SAM length pass               14.941 s
      part 4 - assign slices in the shared SAM buffer           0.057 s
      part 5 - CPE SAM record generation                        0.093 s
      part 6 - release temporary worker data                    0.000 s

  Reserved allocator timers (no active timing sites)
    malloc timer                                              0.000 s
    free timer                                                0.000 s
===================================================================


====================== SWBWA Output Debug =====================
  MPI rank: 000001 / 000006
  mode:     MPI single_unordered
  path:     correctness_results/study_final/no1/SRR7963242_SE.sam

  Output volume
    output buffer capacity                           67108864
    swbwa_output_write calls                          364380
    submitted SAM bytes                            142816212
    buffered flushes                                       3
    buffered flush bytes                           142816212
    direct oversized writes                                0
    direct oversized bytes                                 0

  Buffering
    buffered flush total                        20.073503 s  (3 calls, 6691167.824 us/call)

  Global offset reservation
    target rank                                             0
    target relationship                                remote
    reservations                                            3
    reservation total                            8.009952 s  (3 calls, 2669984.151 us/call)
      wait for process-local MPI mutex             0.261816 s  (3 calls, 87272.033 us/call)
      MPI_Fetch_and_op                             0.000140 s  (3 calls,    46.717 us/call)
      MPI_Win_flush(target rank 0)                 7.741431 s  (3 calls, 2580477.076 us/call)
      reservation call/unlock overhead (derived)   0.006565 s  (3 calls,  2188.324 us/call)

  MPI file writes
    MPI_File_write_at calls                                 3
    MPI_File_write_at bytes                         142816212
    MPI file-write path total                   12.063540 s  (3 calls, 4021179.890 us/call)
      wait for process-local MPI mutex             0.000003 s  (3 calls,     0.917 us/call)
      MPI_File_write_at                           12.048506 s  (3 calls, 4016168.606 us/call)
      MPI_Get_count                                0.000007 s  (3 calls,     2.200 us/call)
      file-write call/unlock overhead (derived)    0.015025 s  (3 calls,  5008.167 us/call)
    MPI_File_write_at effective bandwidth          11.304 MiB/s

  Output close timing
    MPI_File_sync                                0.009342 s  (1 calls,  9342.232 us/call)
    MPI_Win_unlock_all                           0.000034 s  (1 calls,    33.700 us/call)
    MPI_Win_free                                 0.018078 s  (1 calls, 18077.612 us/call)
    MPI_File_close                               0.001309 s  (1 calls,  1309.154 us/call)
================================================================


================ SWBWA CPE/MPI Progress Debug ================
  MPI rank: 000001 / 000006

    phase                      waits     probes   total(s)    avg(us)    max(s)   >=1ms   >=10ms   >=100ms    >=1s  completed
    FASTQ formatting               7          0      0.000      0.000     0.000       0        0         0       0          0
    alignment and SAM length       7          0      0.000      0.000     0.000       0        0         0       0          0
    SAM record generation          7          0      0.000      0.000     0.000       0        0         0       0          0
    all CPE phases                21          0      0.000      0.000     0.000       0        0         0       0          0

  Probes marked 'completed' returned with the CPE completion
  flag set. Their full call duration bounds the possible delay.
    completion-observing probe total               0.000000 s
    slowest completion-observing probe             0.000000 s
==============================================================


======================= SWBWA Timing Report =======================
  MPI rank: 000001 / 000006
  Accumulated wall-clock time; indented rows are included in
  their parent row and must not be added to it.

  Pipeline
    total - complete three-stage pipeline                    32.906 s
    stage 1 - allocate and read raw FASTQ blocks             31.455 s
    stage 2 - align reads and generate SAM records           12.143 s
    stage 3 - write SA
====================== SWBWA Output Debug =====================
  MPI rank: 000002 / 000006
  mode:     MPI single_unordered
  path:     correctness_results/study_final/no1/SRR7963242_SE.sam

  Output volume
    output buffer capacity                           67108864
    swbwa_output_write calls                          415564
    submitted SAM bytes                            162864083
    buffered flushes                                       3
    buffered flush bytes                           162864083
    direct oversized writes                                0
    direct oversized bytes                                 0

  Buffering
    buffered flush total                        19.607460 s  (3 calls, 6535819.957 us/call)

  Global offset reservation
    target rank                                             0
    target relationship                                remote
    reservations                                            3
    reservation total                           10.548746 s  (3 calls, 3516248.639 us/call)
      wait for process-local MPI mutex             2.137792 s  (3 calls, 712597.463 us/call)
      MPI_Fetch_and_op                             0.000109 s  (3 calls,    36.400 us/call)
      MPI_Win_flush(target rank 0)                 8.410652 s  (3 calls, 2803550.709 us/call)
      reservation call/unlock overhead (derived)   0.000192 s  (3 calls,    64.067 us/call)

  MPI file writes
    MPI_File_write_at calls                                 3
    MPI_File_write_at bytes                         162864083
    MPI file-write path total                    9.058703 s  (3 calls, 3019567.718 us/call)
      wait for process-local MPI mutex             0.000002 s  (3 calls,     0.717 us/call)
      MPI_File_write_at                            9.047544 s  (3 calls, 3015848.155 us/call)
      MPI_Get_count                                0.000007 s  (3 calls,     2.417 us/call)
      file-write call/unlock overhead (derived)    0.011149 s  (3 calls,  3716.429 us/call)
    MPI_File_write_at effective bandwidth          17.167 MiB/s

  Output close timing
    MPI_File_sync                                0.016036 s  (1 calls, 16036.205 us/call)
    MPI_Win_unlock_all                           0.000029 s  (1 calls,    28.800 us/call)
    MPI_Win_free                                 0.011249 s  (1 calls, 11248.539 us/call)
    MPI_File_close                               0.000870 s  (1 calls,   869.603 us/call)
================================================================


================ SWBWA CPE/MPI Progress Debug ================
  MPI rank: 000002 / 000006

    phase                      waits     probes   total(s)    avg(us)    max(s)   >=1ms   >=10ms   >=100ms    >=1s  completed
    FASTQ formatting               8          0      0.000      0.000     0.000       0        0         0       0          0
    alignment and SAM length       8          0      0.000      0.000     0.000       0        0         0       0          0
    SAM record generation          8          0      0.000      0.000     0.000       0        0         0       0          0
    all CPE phases                24          0      0.000      0.000     0.000       0        0         0       0          0

  Probes marked 'completed' returned with the CPE completion
  flag set. Their full call duration bounds the possible delay.
    completion-observing probe total               0.000000 s
    slowest completion-observing probe             0.000000 s
==============================================================


======================= SWBWA Timing Report =======================
  MPI rank: 000002 / 000006
  Accumulated wall-clock time; indented rows are included in
  their parent row and must not be added to it.

  Pipeline
    total - complete three-stage pipeline                    32.906 s
    stage 1 - allocate and read raw FASTQ blocks             29.352 s
    stage 2 - align reads and generate SAM records           13.552 s
    stage 3 - write S[main] Version: 0.0.1
[main] CMD: ./SWBWA mem -v 4 -t 1 -o correctness_results/study_final/no1/SRR7963242_SE.sam -I 170,80,500,1 ../../../data/GRCh38.d1.vd1.fa ../../../data/SRR7963242_1.fastq_1
M and release batch data               20.065 s
      SAM output writes                                        19.844 s
      batch cleanup and loop overhead (derived)                 0.221 s

  Stage 1 input details
    batches completed / stage calls                       7 / 8
    input-buffer and batch allocations                        0.001 s  (15 calls, max 0.000 s)
    aggregate requested allocation bytes            137633224
    FASTQ fseeko calls                                        0.099 s  (7 calls, max 0.055 s)
    FASTQ fread calls                                         7.032 s  (7 calls, max 1.620 s)
    align chunk ends to FASTQ record boundaries               0.000 s  (0 calls, max 0.000 s)
    scheduler, checks and bookkeeping (derived)              24.323 s
    raw FASTQ bytes read                            137625544  (131.250 MiB)
    effective fread bandwidth                         18.664 MiB/s
    slowest allocation                                 0.000 s  (64 bytes)
    slowest fread                                      1.620 s  (R1 offset=137625788, bytes=19660664)

  Stage 2 worker details
    total - active merge worker                              12.141 s
      part 1 - prepare CPE task and reusable buffers            0.671 s
      part 2 - CPE FASTQ formatting and input release           0.062 s
      part 3 - CPE alignment and SAM length pass               11.294 s
      part 4 - assign slices in the shared SAM buffer           0.028 s
      part 5 - CPE SAM record generation                        0.084 s
      part 6 - release temporary worker data                    0.001 s

  Reserved allocator timers (no active timing sites)
    malloc timer                                              0.000 s
    free timer                                                0.000 s
===================================================================

AM and release batch data               19.020 s
      SAM output writes                                        18.784 s
      batch cleanup and loop overhead (derived)                 0.236 s

  Stage 1 input details
    batches completed / stage calls                       8 / 9
    input-buffer and batch allocations                        0.000 s  (17 calls, max 0.000 s)
    aggregate requested allocation bytes            157295612
    FASTQ fseeko calls                                        0.134 s  (8 calls, max 0.063 s)
    FASTQ fread calls                                         7.704 s  (8 calls, max 1.620 s)
    align chunk ends to FASTQ record boundaries               0.000 s  (0 calls, max 0.000 s)
    scheduler, checks and bookkeeping (derived)              21.514 s
    raw FASTQ bytes read                            157286844  (150.000 MiB)
    effective fread bandwidth                         19.471 MiB/s
    slowest allocation                                 0.000 s  (64 bytes)
    slowest fread                                      1.620 s  (R1 offset=157286452, bytes=19661040)

  Stage 2 worker details
    total - active merge worker                              13.550 s
      part 1 - prepare CPE task and reusable buffers            0.666 s
      part 2 - CPE FASTQ formatting and input release           0.092 s
      part 3 - CPE alignment and SAM length pass               12.664 s
      part 4 - assign slices in the shared SAM buffer           0.030 s
      part 5 - CPE SAM record generation                        0.083 s
      part 6 - release temporary worker data                    0.000 s

  Reserved allocator timers (no active timing sites)
    malloc timer                                              0.000 s
    free timer                                                0.000 s
===================================================================


====================== SWBWA Output Debug =====================
  MPI rank: 000003 / 000006
  mode:     MPI single_unordered
  path:     correctness_results/study_final/no1/SRR7963242_SE.sam

  Output volume
    output buffer capacity                           67108864
    swbwa_output_write calls                          415562
    submitted SAM bytes                            162769907
    buffered flushes                                       3
    buffered flush bytes                           162769907
    direct oversized writes                                0
    direct oversized bytes                                 0

  Buffering
    buffered flush total                        17.155296 s  (3 calls, 5718431.934 us/call)

  Global offset reservation
    target rank                                             0
    target relationship                                remote
    reservations                                            3
    reservation total                            8.754663 s  (3 calls, 2918220.870 us/call)
      wait for process-local MPI mutex             1.086786 s  (3 calls, 362261.994 us/call)
      MPI_Fetch_and_op                             0.000129 s  (3 calls,    43.050 us/call)
      MPI_Win_flush(target rank 0)                 7.667545 s  (3 calls, 2555848.492 us/call)
      reservation call/unlock overhead (derived)   0.000202 s  (3 calls,    67.334 us/call)

  MPI file writes
    MPI_File_write_at calls                                 3
    MPI_File_write_at bytes                         162769907
    MPI file-write path total                    8.400621 s  (3 calls, 2800207.131 us/call)
      wait for process-local MPI mutex             0.000003 s  (3 calls,     0.917 us/call)
      MPI_File_write_at                            8.391694 s  (3 calls, 2797231.404 us/call)
      MPI_Get_count                                0.000007 s  (3 calls,     2.333 us/call)
      file-write call/unlock overhead (derived)    0.008917 s  (3 calls,  2972.477 us/call)
    MPI_File_write_at effective bandwidth          18.498 MiB/s

  Output close timing
    MPI_File_sync                                0.025585 s  (1 calls, 25585.137 us/call)
    MPI_Win_unlock_all                           0.000024 s  (1 calls,    24.100 us/call)
    MPI_Win_free                                 0.000667 s  (1 calls,   667.403 us/call)
    MPI_File_close                               0.000714 s  (1 calls,   713.852 us/call)
================================================================


================ SWBWA CPE/MPI Progress Debug ================
  MPI rank: 000003 / 000006

    phase                      waits     probes   total(s)    avg(us)    max(s)   >=1ms   >=10ms   >=100ms    >=1s  completed
    FASTQ formatting               8          0      0.000      0.000     0.000       0        0         0       0          0
    alignment and SAM length       8          0      0.000      0.000     0.000       0        0         0       0          0
    SAM record generation          8          0      0.000      0.000     0.000       0        0         0       0          0
    all CPE phases                24          0      0.000      0.000     0.000       0        0         0       0          0

  Probes marked 'completed' returned with the CPE completion
  flag set. Their full call duration bounds the possible delay.
    completion-observing probe total               0.000000 s
    slowest completion-observing probe             0.000000 s
==============================================================


======================= SWBWA Timing Report =======================
  MPI rank: 000003 / 000006
  Accumulated wall-clock time; indented rows are included in
  their parent row and must not be added to it.

  Pipeline
    total - complete three-stage pipeline                    32.906 s
    stage 1 - allocate and read raw FASTQ blocks             27.949 s
    stage 2 - align reads and generate SAM records           13.543 s
    stage 3 - write S
====================== SWBWA Output Debug =====================
  MPI rank: 000004 / 000006
  mode:     MPI single_unordered
  path:     correctness_results/study_final/no1/SRR7963242_SE.sam

  Output volume
    output buffer capacity                           67108864
    swbwa_output_write calls                          415562
    submitted SAM bytes                            162793894
    buffered flushes                                       3
    buffered flush bytes                           162793894
    direct oversized writes                                0
    direct oversized bytes                                 0

  Buffering
    buffered flush total                        18.926922 s  (3 calls, 6308974.128 us/call)

  Global offset reservation
    target rank                                             0
    target relationship                                remote
    reservations                                            3
    reservation total                           10.168635 s  (3 calls, 3389545.088 us/call)
      wait for process-local MPI mutex             2.526151 s  (3 calls, 842050.424 us/call)
      MPI_Fetch_and_op                             0.000115 s  (3 calls,    38.267 us/call)
      MPI_Win_flush(target rank 0)                 7.642173 s  (3 calls, 2547390.963 us/call)
      reservation call/unlock overhead (derived)   0.000196 s  (3 calls,    65.433 us/call)

  MPI file writes
    MPI_File_write_at calls                                 3
    MPI_File_write_at bytes                         162793894
    MPI file-write path total                    8.758278 s  (3 calls, 2919425.841 us/call)
      wait for process-local MPI mutex             0.000002 s  (3 calls,     0.767 us/call)
      MPI_File_write_at                            8.758083 s  (3 calls, 2919360.840 us/call)
      MPI_Get_count                                0.000008 s  (3 calls,     2.650 us/call)
      file-write call/unlock overhead (derived)    0.000185 s  (3 calls,    61.584 us/call)
    MPI_File_write_at effective bandwidth          17.727 MiB/s

  Output close timing
    MPI_File_sync                                0.025281 s  (1 calls, 25280.687 us/call)
    MPI_Win_unlock_all                           0.000015 s  (1 calls,    15.450 us/call)
    MPI_Win_free                                 0.001334 s  (1 calls,  1333.955 us/call)
    MPI_File_close                               0.000614 s  (1 calls,   613.502 us/call)
================================================================


================ SWBWA CPE/MPI Progress Debug ================
  MPI rank: 000004 / 000006

    phase                      waits     probes   total(s)    avg(us)    max(s)   >=1ms   >=10ms   >=100ms    >=1s  completed
    FASTQ formatting               8          0      0.000      0.000     0.000       0        0         0       0          0
    alignment and SAM length       8          0      0.000      0.000     0.000       0        0         0       0          0
    SAM record generation          8          0      0.000      0.000     0.000       0        0         0       0          0
    all CPE phases                24          0      0.000      0.000     0.000       0        0         0       0          0

  Probes marked 'completed' returned with the CPE completion
  flag set. Their full call duration bounds the possible delay.
    completion-observing probe total               0.000000 s
    slowest completion-observing probe             0.000000 s
==============================================================


======================= SWBWA Timing Report =======================
  MPI rank: 000004 / 000006
  Accumulated wall-clock time; indented rows are included in
  their parent row and must not be added to it.

  Pipeline
    total - complete three-stage pipeline                    32.906 s
    stage 1 - allocate and read raw FASTQ blocks             24.871 s
    stage 2 - align reads and generate SAM records           13.505 s
    stage 3 - write SAM and release batch data               17.194 s
      SAM output writes                                        16.850 s
      batch cleanup and loop overhead (derived)                 0.344 s

  Stage 1 input details
    batches completed / stage calls                       8 / 9
    input-buffer and batch allocations                        0.000 s  (17 calls, max 0.000 s)
    aggregate requested allocation bytes            157294860
    FASTQ fseeko calls                                        0.090 s  (8 calls, max 0.023 s)
    FASTQ fread calls                                         6.997 s  (8 calls, max 1.537 s)
    align chunk ends to FASTQ record boundaries               0.000 s  (0 calls, max 0.000 s)
    scheduler, checks and bookkeeping (derived)              20.862 s
    raw FASTQ bytes read                            157286092  (150.000 MiB)
    effective fread bandwidth                         21.439 MiB/s
    slowest allocation                                 0.000 s  (19661844 bytes)
    slowest fread                                      1.537 s  (R1 offset=530841824, bytes=19660820)

  Stage 2 worker details
    total - active merge worker                              13.540 s
      part 1 - prepare CPE task and reusable buffers            0.775 s
      part 2 - CPE FASTQ formatting and input release           0.069 s
      part 3 - CPE alignment and SAM length pass               12.589 s
      part 4 - assign slices in the shared SAM buffer           0.035 s
      part 5 - CPE SAM record generation                        0.068 s
      part 6 - release temporary worker data                    0.000 s

  Reserved allocator timers (no active timing sites)
    malloc timer                                              0.000 s
    free timer                                                0.000 s
===================================================================

AM and release batch data               16.012 s
      SAM output writes                                        15.730 s
      batch cleanup and loop overhead (derived)                 0.282 s

  Stage 1 input details
    batches completed / stage calls                       8 / 9
    input-buffer and batch allocations                        0.000 s  (17 calls, max 0.000 s)
    aggregate requested allocation bytes            157294856
    FASTQ fseeko calls                                        0.093 s  (8 calls, max 0.020 s)
    FASTQ fread calls                                         6.575 s  (8 calls, max 1.530 s)
    align chunk ends to FASTQ record boundaries               0.000 s  (0 calls, max 0.000 s)
    scheduler, checks and bookkeeping (derived)              18.203 s
    raw FASTQ bytes read                            157286088  (150.000 MiB)
    effective fread bandwidth                         22.813 MiB/s
    slowest allocation                                 0.000 s  (19661844 bytes)
    slowest fread                                      1.530 s  (R1 offset=196608156, bytes=19660664)

  Stage 2 worker details
    total - active merge worker                              13.502 s
      part 1 - prepare CPE task and reusable buffers            0.638 s
      part 2 - CPE FASTQ formatting and input release           0.074 s
      part 3 - CPE alignment and SAM length pass               12.671 s
      part 4 - assign slices in the shared SAM buffer           0.045 s
      part 5 - CPE SAM record generation                        0.068 s
      part 6 - release temporary worker data                    0.000 s

  Reserved allocator timers (no active timing sites)
    malloc timer                                              0.000 s
    free timer                                                0.000 s
===================================================================


====================== SWBWA Output Debug =====================
  MPI rank: 000005 / 000006
  mode:     MPI single_unordered
  path:     correctness_results/study_final/no1/SRR7963242_SE.sam

  Output volume
    output buffer capacity                           67108864
    swbwa_output_write calls                          415564
    submitted SAM bytes                            162762615
    buffered flushes                                       3
    buffered flush bytes                           162762615
    direct oversized writes                                0
    direct oversized bytes                                 0

  Buffering
    buffered flush total                        17.365035 s  (3 calls, 5788345.090 us/call)

  Global offset reservation
    target rank                                             0
    target relationship                                remote
    reservations                                            3
    reservation total                            8.532020 s  (3 calls, 2844006.781 us/call)
      wait for process-local MPI mutex             1.827277 s  (3 calls, 609092.491 us/call)
      MPI_Fetch_and_op                             0.000111 s  (3 calls,    36.900 us/call)
      MPI_Win_flush(target rank 0)                 6.704447 s  (3 calls, 2234815.640 us/call)
      reservation call/unlock overhead (derived)   0.000185 s  (3 calls,    61.750 us/call)

  MPI file writes
    MPI_File_write_at calls                                 3
    MPI_File_write_at bytes                         162762615
    MPI file-write path total                    8.833006 s  (3 calls, 2944335.176 us/call)
      wait for process-local MPI mutex             0.000003 s  (3 calls,     0.850 us/call)
      MPI_File_write_at                            8.832963 s  (3 calls, 2944320.992 us/call)
      MPI_Get_count                                0.000007 s  (3 calls,     2.383 us/call)
      file-write call/unlock overhead (derived)    0.000033 s  (3 calls,    10.950 us/call)
    MPI_File_write_at effective bandwidth          17.573 MiB/s

  Output close timing
    MPI_File_sync                                0.008725 s  (1 calls,  8724.780 us/call)
    MPI_Win_unlock_all                           0.000017 s  (1 calls,    17.100 us/call)
    MPI_Win_free                                 0.018728 s  (1 calls, 18727.915 us/call)
    MPI_File_close                               0.000728 s  (1 calls,   727.902 us/call)
================================================================


================ SWBWA CPE/MPI Progress Debug ================
  MPI rank: 000005 / 000006

    phase                      waits     probes   total(s)    avg(us)    max(s)   >=1ms   >=10ms   >=100ms    >=1s  completed
    FASTQ formatting               8          0      0.000      0.000     0.000       0        0         0       0          0
    alignment and SAM length       8          0      0.000      0.000     0.000       0        0         0       0          0
    SAM record generation          8          0      0.000      0.000     0.000       0        0         0       0          0
    all CPE phases                24          0      0.000      0.000     0.000       0        0         0       0          0

  Probes marked 'completed' returned with the CPE completion
  flag set. Their full call duration bounds the possible delay.
    completion-observing probe total               0.000000 s
    slowest completion-observing probe             0.000000 s
==============================================================


======================= SWBWA Timing Report =======================
  MPI rank: 000005 / 000006
  Accumulated wall-clock time; indented rows are included in
  their parent row and must not be added to it.

  Pipeline
    total - complete three-stage pipeline                    32.906 s
    stage 1 - allocate and read raw FASTQ blocks             28.210 s
    stage 2 - align reads and generate SAM records           13.930 s
    stage 3 - write SAM and release batch data               17.279 s
      SAM output writes                                        17.014 s
      batch cleanup and loop overhead (derived)                 0.265 s

  Stage 1 input details
    batches completed / stage calls                       8 / 9
    input-buffer and batch allocations                        0.000 s  (17 calls, max 0.000 s)
    aggregate requested allocation bytes            157295612
    FASTQ fseeko calls                                        0.133 s  (8 calls, max 0.035 s)
    FASTQ fread calls                                         6.763 s  (8 calls, max 1.618 s)
    align chunk ends to FASTQ record boundaries               0.000 s  (0 calls, max 0.000 s)
    scheduler, checks and bookkeeping (derived)              21.314 s
    raw FASTQ bytes read                            157286844  (150.000 MiB)
    effective fread bandwidth                         22.181 MiB/s
    slowest allocation                                 0.000 s  (19661844 bytes)
    slowest fread                                      1.618 s  (R1 offset=334233932, bytes=19660664)

  Stage 2 worker details
    total - active merge worker                              13.924 s
      part 1 - prepare CPE task and reusable buffers            1.204 s
      part 2 - CPE FASTQ formatting and input release           0.067 s
      part 3 - CPE alignment and SAM length pass               12.525 s
      part 4 - assign slices in the shared SAM buffer           0.035 s
      part 5 - CPE SAM record generation                        0.089 s
      part 6 - release temporary worker data                    0.001 s

  Reserved allocator timers (no active timing sites)
    malloc timer                                              0.000 s
    free timer                                                0.000 s
===================================================================
