[M::main_mem] mean insert size: 170.000, stddev: 80.000, max: 500, min: 1
[MPI input] mode=dynamic chunks=49 bytes_per_cg=19660800 cg_count=1 chunk_bytes=19660800 file_bytes=945555584 scheduler=distributed read_index=exact
malloc bwt->bwt 3107576584, 0x500008804020
malloc bwt->bwt 3107576584, 0x500008804020
malloc bwt->bwt 3107576584, 0x500008804020
malloc bwt->bwt 3107576584, 0x500008804020
malloc bwt->bwt 3107576584, 0x500008804020
malloc bwt->bwt 3107576584, 0x500008804020
malloc bwt->sa 1553788264, 0x5000c1ba1b40
malloc bwt->sa 1553788264, 0x5000c1ba1b40
malloc bwt->sa 1553788264, 0x5000c1ba1b40
malloc bwt->sa 1553788264, 0x5000c1ba1b40
malloc bwt->sa 1553788264, 0x5000c1ba1b40
malloc bwt->sa 1553788264, 0x5000c1ba1b40
[M::bwa_idx_load_from_disk] read 0 ALT contigs
[M::bwa_idx_load_from_disk] read 0 ALT contigs
[M::bwa_idx_load_from_disk] read 0 ALT contigs
[M::bwa_idx_load_from_disk] read 0 ALT contigs
[M::bwa_idx_load_from_disk] read 0 ALT contigs
[M::bwa_idx_load_from_disk] read 0 ALT contigs
malloc pac 776894131, 0x50011e5708c0
malloc pac 776894131, 0x50011e5708c0
malloc pac 776894131, 0x50011e5708c0
malloc pac 776894131, 0x50011e5708c0
malloc pac 776894131, 0x50011e5708c0
malloc pac 776894131, 0x50011e5708c0
the input file is ../../data/SRR7963242_1.fastq_1
[MPI rank 000000/000006] output: correctness_results/serialized_iprobe_compare/has1/SRR7963242_SE.sam
[MPI rank 000001/000006] output: correctness_results/serialized_iprobe_compare/has1/SRR7963242_SE.sam
[MPI rank 000002/000006] output: correctness_results/serialized_iprobe_compare/has1/SRR7963242_SE.sam
[MPI rank 000003/000006] output: correctness_results/serialized_iprobe_compare/has1/SRR7963242_SE.sam
[MPI rank 000004/000006] output: correctness_results/serialized_iprobe_compare/has1/SRR7963242_SE.sam
[MPI rank 000005/000006] output: correctness_results/serialized_iprobe_compare/has1/SRR7963242_SE.sam
[M::process] read chunk (19660800 bytes/CG x 1 CGs, 19660664 bytes)...
[M::process] read chunk (19660800 bytes/CG x 1 CGs, 19661040 bytes)...
[M::process] read chunk (19660800 bytes/CG x 1 CGs, 19660664 bytes)...
[M::process] read chunk (19660800 bytes/CG x 1 CGs, 19661160 bytes)...
[M::process] read chunk (19660800 bytes/CG x 1 CGs, 19660556 bytes)...
[M::process] read chunk (19660800 bytes/CG x 1 CGs, 19661040 bytes)...
[M::mem_process_seqs_merge2] CPE FASTQ formatting done
[M::mem_process_seqs_merge2] CPE FASTQ formatting done
[M::mem_process_seqs_merge2] CPE FASTQ formatting done
[M::mem_process_seqs_merge2] CPE FASTQ formatting done
[M::mem_process_seqs_merge2] CPE FASTQ formatting done
[M::mem_process_seqs_merge2] CPE FASTQ formatting done
slave pre done
now n is 52289
processed 52289
[M::mem_process_seqs_merge2] Processed 52289 reads in 0.530 CPU sec, 2.419 real sec
[M::process] read chunk (19660800 bytes/CG x 1 CGs, 19660664 bytes)...
slave pre done
now n is 52290
processed 52290
[M::mem_process_seqs_merge2] Processed 52290 reads in 0.570 CPU sec, 2.335 real sec
slave pre done
now n is 52289
processed 52289
[M::mem_process_seqs_merge2] Processed 52289 reads in 0.560 CPU sec, 2.466 real sec
slave pre done
now n is 52789
processed 52789
[M::mem_process_seqs_merge2] Processed 52789 reads in 0.580 CPU sec, 2.511 real sec
[M::process] read chunk (19660800 bytes/CG x 1 CGs, 19660664 bytes)...
slave pre done
now n is 52290
[M::mem_process_seqs_merge2] CPE FASTQ formatting done
processed 52290
[M::mem_process_seqs_merge2] Processed 52290 reads in 0.550 CPU sec, 2.678 real sec
[M::process] read chunk (19660800 bytes/CG x 1 CGs, 19661040 bytes)...
[M::process] read chunk (19660800 bytes/CG x 1 CGs, 19660664 bytes)...
[M::process] read chunk (19660800 bytes/CG x 1 CGs, 19661040 bytes)...
slave pre done
now n is 52972
processed 52972
[M::mem_process_seqs_merge2] Processed 52972 reads in 0.560 CPU sec, 2.936 real sec
[M::mem_process_seqs_merge2] CPE FASTQ formatting done
[M::process] read chunk (19660800 bytes/CG x 1 CGs, 19660664 bytes)...
[M::mem_process_seqs_merge2] CPE FASTQ formatting done
[M::mem_process_seqs_merge2] CPE FASTQ formatting done
[M::mem_process_seqs_merge2] CPE FASTQ formatting done
[M::mem_process_seqs_merge2] CPE FASTQ formatting done
slave pre done
now n is 52289
processed 52289
[M::mem_process_seqs_merge2] Processed 52289 reads in 0.080 CPU sec, 1.595 real sec
[M::process] read chunk (19660800 bytes/CG x 1 CGs, 19660664 bytes)...
slave pre done
now n is 52289
[M::mem_process_seqs_merge2] CPE FASTQ formatting done
processed 52289
[M::mem_process_seqs_merge2] Processed 52289 reads in 0.010 CPU sec, 1.658 real sec
slave pre done
now n is 52290
processed 52290
[M::mem_process_seqs_merge2] Processed 52290 reads in 0.060 CPU sec, 1.618 real sec
slave pre done
now n is 52290
[M::process] read chunk (19660800 bytes/CG x 1 CGs, 19661040 bytes)...
processed 52290
[M::mem_process_seqs_merge2] Processed 52290 reads in 0.060 CPU sec, 1.539 real sec
slave pre done
now n is 52289
processed 52289
[M::mem_process_seqs_merge2] Processed 52289 reads in 0.090 CPU sec, 1.602 real sec
slave pre done
now n is 52289
processed 52289
[M::mem_process_seqs_merge2] Processed 52289 reads in 0.020 CPU sec, 1.584 real sec
[M::process] read chunk (19660800 bytes/CG x 1 CGs, 19660664 bytes)...
[M::process] read chunk (19660800 bytes/CG x 1 CGs, 19660664 bytes)...
[M::process] read chunk (19660800 bytes/CG x 1 CGs, 19660664 bytes)...
[M::process] read chunk (19660800 bytes/CG x 1 CGs, 19661040 bytes)...
[M::mem_process_seqs_merge2] CPE FASTQ formatting done
[M::mem_process_seqs_merge2] CPE FASTQ formatting done
[M::mem_process_seqs_merge2] CPE FASTQ formatting done
[M::mem_process_seqs_merge2] CPE FASTQ formatting done
[M::mem_process_seqs_merge2] CPE FASTQ formatting done
slave pre done
now n is 52289
processed 52289
[M::mem_process_seqs_merge2] Processed 52289 reads in 0.070 CPU sec, 1.640 real sec
[M::process] read chunk (19660800 bytes/CG x 1 CGs, 19660820 bytes)...
[M::mem_process_seqs_merge2] CPE FASTQ formatting done
slave pre done
now n is 52290
processed 52290
[M::mem_process_seqs_merge2] Processed 52290 reads in 0.080 CPU sec, 1.589 real sec
[M::process] read chunk (19660800 bytes/CG x 1 CGs, 19660820 bytes)...
[M::mem_process_seqs_merge2] CPE FASTQ formatting done
slave pre done
now n is 52289
processed 52289
[M::mem_process_seqs_merge2] Processed 52289 reads in 0.040 CPU sec, 1.544 real sec
slave pre done
now n is 52289
processed 52289
[M::mem_process_seqs_merge2] Processed 52289 reads in 0.050 CPU sec, 1.518 real sec
slave pre done
now n is 52289
processed 52289
[M::mem_process_seqs_merge2] Processed 52289 reads in 0.080 CPU sec, 1.619 real sec
slave pre done
now n is 52290
processed 52290
[M::mem_process_seqs_merge2] Processed 52290 reads in 0.040 CPU sec, 1.591 real sec
[M::process] read chunk (19660800 bytes/CG x 1 CGs, 19660820 bytes)...
[M::process] read chunk (19660800 bytes/CG x 1 CGs, 19660820 bytes)...
[M::process] read chunk (19660800 bytes/CG x 1 CGs, 19660664 bytes)...
[M::process] read chunk (19660800 bytes/CG x 1 CGs, 19660824 bytes)...
[M::mem_process_seqs_merge2] CPE FASTQ formatting done
[M::mem_process_seqs_merge2] CPE FASTQ formatting done
[M::mem_process_seqs_merge2] CPE FASTQ formatting done
[M::mem_process_seqs_merge2] CPE FASTQ formatting done
slave pre done
now n is 51739
processed 51739
[M::mem_process_seqs_merge2] Processed 51739 reads in 0.040 CPU sec, 1.495 real sec
slave pre done
now n is 51739
processed 51739
[M::mem_process_seqs_merge2] Processed 51739 reads in 0.010 CPU sec, 1.487 real sec
slave pre done
now n is 51739
processed 51739
[M::mem_process_seqs_merge2] Processed 51739 reads in 0.050 CPU sec, 1.457 real sec
slave pre done
now n is 51739
slave pre done
now n is 51795
processed 51739
[M::mem_process_seqs_merge2] Processed 51739 reads in 0.060 CPU sec, 1.528 real sec
processed 51795
[M::mem_process_seqs_merge2] Processed 51795 reads in 0.080 CPU sec, 1.551 real sec
slave pre done
now n is 52289
processed 52289
[M::mem_process_seqs_merge2] Processed 52289 reads in 0.050 CPU sec, 1.550 real sec
[M::process] read chunk (19660800 bytes/CG x 1 CGs, 19660820 bytes)...
[M::mem_process_seqs_merge2] CPE FASTQ formatting done
[M::process] read chunk (19660800 bytes/CG x 1 CGs, 19660820 bytes)...
[M::mem_process_seqs_merge2] CPE FASTQ formatting done
slave pre done
now n is 51739
processed 51739
[M::mem_process_seqs_merge2] Processed 51739 reads in 0.080 CPU sec, 1.568 real sec
[M::process] read chunk (19660800 bytes/CG x 1 CGs, 19660820 bytes)...
[M::mem_process_seqs_merge2] CPE FASTQ formatting done
[M::process] read chunk (19660800 bytes/CG x 1 CGs, 19660820 bytes)...
[M::mem_process_seqs_merge2] CPE FASTQ formatting done
slave pre done
now n is 51739
processed 51739
[M::mem_process_seqs_merge2] Processed 51739 reads in 0.070 CPU sec, 1.494 real sec
[M::process] read chunk (19660800 bytes/CG x 1 CGs, 19660440 bytes)...
[M::mem_process_seqs_merge2] CPE FASTQ formatting done
[M::process] read chunk (19660800 bytes/CG x 1 CGs, 19660820 bytes)...
slave pre done
now n is 51739
processed 51739
[M::mem_process_seqs_merge2] Processed 51739 reads in 0.050 CPU sec, 1.519 real sec
[M::mem_process_seqs_merge2] CPE FASTQ formatting done
[M::process] read chunk (19660800 bytes/CG x 1 CGs, 19660820 bytes)...
[M::mem_process_seqs_merge2] CPE FASTQ formatting done
slave pre done
now n is 51739
processed 51739
[M::mem_process_seqs_merge2] Processed 51739 reads in 0.020 CPU sec, 1.569 real sec
[M::process] read chunk (19660800 bytes/CG x 1 CGs, 19660820 bytes)...
[M::mem_process_seqs_merge2] CPE FASTQ formatting done
slave pre done
now n is 51738
processed 51738
[M::mem_process_seqs_merge2] Processed 51738 reads in 0.030 CPU sec, 1.544 real sec
[M::process] read chunk (19660800 bytes/CG x 1 CGs, 19660820 bytes)...
[M::mem_process_seqs_merge2] CPE FASTQ formatting done
[M::process] read chunk (19660800 bytes/CG x 1 CGs, 19660820 bytes)...
[M::mem_process_seqs_merge2] CPE FASTQ formatting done
slave pre done
now n is 51739
processed 51739
[M::mem_process_seqs_merge2] Processed 51739 reads in 0.040 CPU sec, 1.576 real sec
[M::process] read chunk (19660800 bytes/CG x 1 CGs, 19660820 bytes)...
slave pre done
now n is 51739
processed 51739
[M::mem_process_seqs_merge2] Processed 51739 reads in 0.080 CPU sec, 1.524 real sec
[M::mem_process_seqs_merge2] CPE FASTQ formatting done
slave pre done
now n is 51739
processed 51739
[M::mem_process_seqs_merge2] Processed 51739 reads in 0.030 CPU sec, 1.491 real sec
[M::process] read chunk (19660800 bytes/CG x 1 CGs, 19660820 bytes)...
[M::mem_process_seqs_merge2] CPE FASTQ formatting done
slave pre done
now n is 51739
processed 51739
[M::mem_process_seqs_merge2] Processed 51739 reads in 0.050 CPU sec, 1.607 real sec
[M::process] read chunk (19660800 bytes/CG x 1 CGs, 19660820 bytes)...
slave pre done
now n is 51739
processed 51739
[M::mem_process_seqs_merge2] Processed 51739 reads in 0.090 CPU sec, 1.553 real sec
[M::mem_process_seqs_merge2] CPE FASTQ formatting done
[M::process] read chunk (19660800 bytes/CG x 1 CGs, 19660820 bytes)...
[M::mem_process_seqs_merge2] CPE FASTQ formatting done
slave pre done
now n is 51739
processed 51739
[M::mem_process_seqs_merge2] Processed 51739 reads in 0.040 CPU sec, 1.509 real sec
[M::process] read chunk (19660800 bytes/CG x 1 CGs, 19660820 bytes)...
[M::mem_process_seqs_merge2] CPE FASTQ formatting done
slave pre done
now n is 51739
processed 51739
[M::mem_process_seqs_merge2] Processed 51739 reads in 0.030 CPU sec, 1.586 real sec
[M::process] read chunk (19660800 bytes/CG x 1 CGs, 19660820 bytes)...
slave pre done
now n is 51739
processed 51739
[M::mem_process_seqs_merge2] Processed 51739 reads in 0.120 CPU sec, 1.561 real sec
[M::process] read chunk (19660800 bytes/CG x 1 CGs, 19660820 bytes)...
[M::mem_process_seqs_merge2] CPE FASTQ formatting done
slave pre done
now n is 51739
processed 51739
[M::mem_process_seqs_merge2] Processed 51739 reads in 0.080 CPU sec, 1.513 real sec
[M::mem_process_seqs_merge2] CPE FASTQ formatting done
[M::process] read chunk (19660800 bytes/CG x 1 CGs, 19660820 bytes)...
[M::mem_process_seqs_merge2] CPE FASTQ formatting done
slave pre done
now n is 51739
processed 51739
[M::mem_process_seqs_merge2] Processed 51739 reads in 0.030 CPU sec, 1.546 real sec
[M::process] read chunk (19660800 bytes/CG x 1 CGs, 19660820 bytes)...
[M::mem_process_seqs_merge2] CPE FASTQ formatting done
slave pre done
now n is 51739
processed 51739
[M::mem_process_seqs_merge2] Processed 51739 reads in 0.090 CPU sec, 1.506 real sec
slave pre done
now n is 51739
processed 51739
[M::mem_process_seqs_merge2] Processed 51739 reads in 0.080 CPU sec, 1.565 real sec
[M::process] read chunk (19660800 bytes/CG x 1 CGs, 19660820 bytes)...
slave pre done
now n is 51739
processed 51739
[M::mem_process_seqs_merge2] Processed 51739 reads in 0.070 CPU sec, 1.555 real sec
[M::mem_process_seqs_merge2] CPE FASTQ formatting done
[M::process] read chunk (19660800 bytes/CG x 1 CGs, 19660820 bytes)...
[M::mem_process_seqs_merge2] CPE FASTQ formatting done
slave pre done
now n is 51739
processed 51739
[M::mem_process_seqs_merge2] Processed 51739 reads in 0.070 CPU sec, 1.565 real sec
slave pre done
now n is 51739
processed 51739
[M::mem_process_seqs_merge2] Processed 51739 reads in 0.080 CPU sec, 1.529 real sec
[M::process] read chunk (19660800 bytes/CG x 1 CGs, 19660820 bytes)...
[M::mem_process_seqs_merge2] CPE FASTQ formatting done
slave pre done
now n is 51739
processed 51739
[M::mem_process_seqs_merge2] Processed 51739 reads in 0.040 CPU sec, 1.458 real sec
[M::process] read chunk (19660800 bytes/CG x 1 CGs, 19660820 bytes)...
[M::mem_process_seqs_merge2] CPE FASTQ formatting done
[M::process] read chunk (19660800 bytes/CG x 1 CGs, 1836920 bytes)...
[M::mem_process_seqs_merge2] CPE FASTQ formatting done
slave pre done
now n is 51739
processed 51739
[M::mem_process_seqs_merge2] Processed 51739 reads in 0.040 CPU sec, 1.558 real sec
slave pre done
now n is 4834
processed 4834
[M::mem_process_seqs_merge2] Processed 4834 reads in 0.030 CPU sec, 0.274 real sec
[M::process] read chunk (19660800 bytes/CG x 1 CGs, 19660820 bytes)...
[M::mem_process_seqs_merge2] CPE FASTQ formatting done
slave pre done
now n is 51739
processed 51739
[M::mem_process_seqs_merge2] Processed 51739 reads in 0.090 CPU sec, 1.591 real sec
[MPI rank 000002/000006] input work: chunks=8 records=415564 bytes=157286844
[MPI rank 000003/000006] input work: chunks=8 records=415562 bytes=157286092
[MPI rank 000005/000006] input work: chunks=8 records=415564 bytes=157286844
slave pre done
now n is 51739
processed 51739
[M::mem_process_seqs_merge2] Processed 51739 reads in 0.070 CPU sec, 1.509 real sec
[MPI rank 000004/000006] input work: chunks=9 records=420396 bytes=159123008
[MPI rank 000000/000006] input work: chunks=8 records=416795 bytes=157286432

================ MPI Dynamic Scheduler Debug =================
  MPI rank: 000000 / 000006

  Work summary
    claimed chunks                                          8
    claimed from this rank's queue                          8
    claimed from another rank's queue                       0
    completed FASTQ records                            416795
    claimed input bytes                             157286432

  Scheduler counters
    scheduler_next calls                                    9
    RMA ticket attempts                                    14
    attempts against another rank's queue                   5
    tickets beyond the final chunk                          6
    empty aligned chunks                                    0

  Scheduler timing
    MPI_Win_create (setup)                       0.000182 s  (1 calls,   181.602 us/call)
    MPI_Barrier after setup                      0.000009 s  (1 calls,     9.100 us/call)
    scheduler_next total                         1.614229 s  (9 calls, 179358.790 us/call)
      RMA ticket path total                        0.983392 s  (14 calls, 70242.298 us/call)
        wait for process-local MPI mutex             0.000069 s  (14 calls,     4.925 us/call)
        MPI_Win_lock                                 0.000055 s  (14 calls,     3.936 us/call)
        MPI_Fetch_and_op                             0.000070 s  (14 calls,     4.993 us/call)
        MPI_Win_unlock                               0.983178 s  (14 calls, 70226.966 us/call)
        RMA call/unlock overhead (derived)           0.000021 s  (14 calls,     1.479 us/call)
      align nominal offsets to FASTQ records       0.630800 s  (8 calls, 78849.948 us/call)
      scheduler loop/bookkeeping (derived)         0.000037 s  (9 calls,     4.150 us/call)

  Scheduler teardown timing
    MPI_Barrier (wait for other ranks)           0.451525 s  (1 calls, 451524.557 us/call)
    MPI_Win_free                                 0.000061 s  (1 calls,    60.900 us/call)

  Stage 2 by chunk
    completed chunks                                        8
    accumulated stage 2                             13.902851 s
    average stage 2 per chunk                        1.737856 s
    slowest chunk                                           0
    slowest chunk stage 2                            2.936125 s

    order   chunk  queue        byte range                       bytes      records   stage2(s)
        0       0      0  [           0,     19661160)     19661160        52972    2.936125
        1       6      0  [   117965124,    137625788)     19660664        52289    1.584291
        2      12      0  [   235929860,    255590524)     19660664        52289    1.619091
        3      18      0  [   353894596,    373555260)     19660664        52289    1.550360
        4      24      0  [   471859364,    491520184)     19660820        51739    1.553367
        5      30      0  [   589824284,    609485104)     19660820        51739    1.513258
        6      36      0  [   707788824,    727449644)     19660820        51739    1.554887
        7      42      0  [   825753744,    845414564)     19660820        51739    1.591472
==============================================================

[MPI rank 000001/000006] input work: chunks=8 records=416119 bytes=157286364

================ MPI Dynamic Scheduler Debug =================
  MPI rank: 000001 / 000006

  Work summary
    claimed chunks                                          8
    claimed from this rank's queue                          8
    claimed from another rank's queue                       0
    completed FASTQ records                            416119
    claimed input bytes                             157286364

  Scheduler counters
    scheduler_next calls                                    9
    RMA ticket attempts                                    14
    attempts against another rank's queue                   5
    tickets beyond the final chunk                          6
    empty aligned chunks                                    0

  Scheduler timing
    MPI_Win_create (setup)                       0.000179 s  (1 calls,   178.852 us/call)
    MPI_Barrier after setup                      0.000011 s  (1 calls,    11.200 us/call)
    scheduler_next total                         1.416818 s  (9 calls, 157424.227 us/call)
      RMA ticket path total                        0.690408 s  (14 calls, 49314.870 us/call)
        wait for process-local MPI mutex             0.000012 s  (14 calls,     0.886 us/call)
        MPI_Win_lock                                 0.000052 s  (14 calls,     3.746 us/call)
        MPI_Fetch_and_op                             0.000065 s  (14 calls,     4.671 us/call)
        MPI_Win_unlock                               0.690255 s  (14 calls, 49303.956 us/call)
        RMA call/unlock overhead (derived)           0.000023 s  (14 calls,     1.611 us/call)
      align nominal offsets to FASTQ records       0.726370 s  (8 calls, 90796.301 us/call)
      scheduler loop/bookkeeping (derived)         0.000039 s  (9 calls,     4.383 us/call)

  Scheduler teardown timing
    MPI_Barrier (wait for other ranks)           0.000030 s  (1 calls,    30.251 us/call)
    MPI_Win_free                                 0.000079 s  (1 calls,    79.400 us/call)

  Stage 2 by chunk
    completed chunks                                        8
    accumulated stage 2                             13.422158 s
    average stage 2 per chunk                        1.677770 s
    slowest chunk                                           1
    slowest chunk stage 2                            2.511450 s

    order   chunk  queue        byte range                       bytes      records   stage2(s)
        0       1      1  [    19661160,     39321716)     19660556        52789    2.511450
        1       7      1  [   137625788,    157286452)     19660664        52289    1.602099
        2      13      1  [   255590524,    275251564)     19661040        52290    1.591500
        3      19      1  [   373555260,    393216084)     19660824        51795    1.552043
        4      25      1  [   491520184,    511181004)     19660820        51739    1.561234
        5      31      1  [   609485104,    629145924)     19660820        51739    1.564905
        6      37      1  [   727449644,    747110464)     19660820        51739    1.529249
        7      43      1  [   845414564,    865075384)     19660820        51739    1.509677
==============================================================


================ MPI Dynamic Scheduler Debug =================
  MPI rank: 000002 / 000006

  Work summary
    claimed chunks                                          8
    claimed from this rank's queue                          8
    claimed from another rank's queue                       0
    completed FASTQ records                            415564
    claimed input bytes                             157286844

  Scheduler counters
    scheduler_next calls                                    9
    RMA ticket attempts                                    14
    attempts against another rank's queue                   5
    tickets beyond the final chunk                          6
    empty aligned chunks                                    0

  Scheduler timing
    MPI_Win_create (setup)                       0.000183 s  (1 calls,   183.252 us/call)
    MPI_Barrier after setup                      0.000008 s  (1 calls,     8.200 us/call)
    scheduler_next total                         3.167433 s  (9 calls, 351937.050 us/call)
      RMA ticket path total                        2.366834 s  (14 calls, 169059.584 us/call)
        wait for process-local MPI mutex             0.000012 s  (14 calls,     0.882 us/call)
        MPI_Win_lock                                 0.000057 s  (14 calls,     4.043 us/call)
        MPI_Fetch_and_op                             0.000066 s  (14 calls,     4.679 us/call)
        MPI_Win_unlock                               2.366680 s  (14 calls, 169048.591 us/call)
        RMA call/unlock overhead (derived)           0.000019 s  (14 calls,     1.389 us/call)
      align nominal offsets to FASTQ records       0.800557 s  (8 calls, 100069.610 us/call)
      scheduler loop/bookkeeping (derived)         0.000042 s  (9 calls,     4.711 us/call)

  Scheduler teardown timing
    MPI_Barrier (wait for other ranks)           2.202199 s  (1 calls, 2202199.009 us/call)
    MPI_Win_free                                 0.000063 s  (1 calls,    63.300 us/call)

  Stage 2 by chunk
    completed chunks                                        8
    accumulated stage 2                             13.297572 s
    average stage 2 per chunk                        1.662196 s
    slowest chunk                                           2
    slowest chunk stage 2                            2.677722 s

    order   chunk  queue        byte range                       bytes      records   stage2(s)
        0       2      2  [    39321716,     58982756)     19661040        52290    2.677722
        1       8      2  [   157286452,    176947492)     19661040        52290    1.538558
        2      14      2  [   275251564,    294912228)     19660664        52289    1.518709
        3      20      2  [   393216084,    412876904)     19660820        51739    1.457169
        4      26      2  [   511181004,    530841824)     19660820        51739    1.569066
        5      32      2  [   629145924,    648806744)     19660820        51739    1.491080
        6      38      2  [   747110464,    766771284)     19660820        51739    1.586560
        7      44      2  [   865075384,    884736204)     19660820        51739    1.458708
==============================================================


================ MPI Dynamic Scheduler Debug =================
  MPI rank: 000003 / 000006

  Work summary
    claimed chunks                                          8
    claimed from this rank's queue                          8
    claimed from another rank's queue                       0
    completed FASTQ records                            415562
    claimed input bytes                             157286092

  Scheduler counters
    scheduler_next calls                                    9
    RMA ticket attempts                                    14
    attempts against another rank's queue                   5
    tickets beyond the final chunk                          6
    empty aligned chunks                                    0

  Scheduler timing
    MPI_Win_create (setup)                       0.000182 s  (1 calls,   181.502 us/call)
    MPI_Barrier after setup                      0.000010 s  (1 calls,    10.150 us/call)
    scheduler_next total                         6.295726 s  (9 calls, 699525.105 us/call)
      RMA ticket path total                        5.466606 s  (14 calls, 390471.843 us/call)
        wait for process-local MPI mutex             0.000015 s  (14 calls,     1.043 us/call)
        MPI_Win_lock                                 0.000055 s  (14 calls,     3.936 us/call)
        MPI_Fetch_and_op                             0.000114 s  (14 calls,     8.171 us/call)
        MPI_Win_unlock                               5.466400 s  (14 calls, 390457.111 us/call)
        RMA call/unlock overhead (derived)           0.000022 s  (14 calls,     1.582 us/call)
      align nominal offsets to FASTQ records       0.829082 s  (8 calls, 103635.219 us/call)
      scheduler loop/bookkeeping (derived)         0.000038 s  (9 calls,     4.267 us/call)

  Scheduler teardown timing
    MPI_Barrier (wait for other ranks)           1.772320 s  (1 calls, 1772320.318 us/call)
    MPI_Win_free                                 0.000066 s  (1 calls,    66.150 us/call)

  Stage 2 by chunk
    completed chunks                                        8
    accumulated stage 2                             13.270769 s
    average stage 2 per chunk                        1.658846 s
    slowest chunk                                           3
    slowest chunk stage 2                            2.419295 s

    order   chunk  queue        byte range                       bytes      records   stage2(s)
        0       3      3  [    58982756,     78643420)     19660664        52289    2.419295
        1       9      3  [   176947492,    196608156)     19660664        52289    1.595968
        2      15      3  [   294912228,    314572892)     19660664        52289    1.640314
        3      21      3  [   412876904,    432537724)     19660820        51739    1.496071
        4      27      3  [   530841824,    550502644)     19660820        51739    1.568320
        5      33      3  [   648806744,    668467564)     19660820        51739    1.519838
        6      39      3  [   766771284,    786432104)     19660820        51739    1.524596
        7      45      3  [   884736204,    904397024)     19660820        51739    1.506367
==============================================================


================ MPI Dynamic Scheduler Debug =================
  MPI rank: 000004 / 000006

  Work summary
    claimed chunks                                          9
    claimed from this rank's queue                          8
    claimed from another rank's queue                       1
    completed FASTQ records                            420396
    claimed input bytes                             159123008

  Scheduler counters
    scheduler_next calls                                   10
    RMA ticket attempts                                    17
    attempts against another rank's queue                   7
    tickets beyond the final chunk                          8
    empty aligned chunks                                    0

  Scheduler timing
    MPI_Win_create (setup)                       0.000184 s  (1 calls,   184.402 us/call)
    MPI_Barrier after setup                      0.000007 s  (1 calls,     7.400 us/call)
    scheduler_next total                         4.273402 s  (10 calls, 427340.247 us/call)
      RMA ticket path total                        3.670304 s  (17 calls, 215900.209 us/call)
        wait for process-local MPI mutex             0.000015 s  (17 calls,     0.868 us/call)
        MPI_Win_lock                                 0.000060 s  (17 calls,     3.532 us/call)
        MPI_Fetch_and_op                             0.000156 s  (17 calls,     9.203 us/call)
        MPI_Win_unlock                               3.670042 s  (17 calls, 215884.829 us/call)
        RMA call/unlock overhead (derived)           0.000030 s  (17 calls,     1.776 us/call)
      align nominal offsets to FASTQ records       0.603050 s  (9 calls, 67005.519 us/call)
      scheduler loop/bookkeeping (derived)         0.000049 s  (10 calls,     4.925 us/call)

  Scheduler teardown timing
    MPI_Barrier (wait for other ranks)           0.902383 s  (1 calls, 902382.659 us/call)
    MPI_Win_free                                 0.000061 s  (1 calls,    61.050 us/call)

  Stage 2 by chunk
    completed chunks                                        9
    accumulated stage 2                             13.687421 s
    average stage 2 per chunk                        1.520825 s
    slowest chunk                                           4
    slowest chunk stage 2                            2.466596 s

    order   chunk  queue        byte range                       bytes      records   stage2(s)
        0       4      4  [    78643420,     98304084)     19660664        52289    2.466596
        1      10      4  [   196608156,    216268820)     19660664        52289    1.659213
        2      16      4  [   314572892,    334233932)     19661040        52290    1.588662
        3      22      4  [   432537724,    452198544)     19660820        51739    1.488042
        4      28      4  [   550502644,    570163464)     19660820        51739    1.493882
        5      34      4  [   668467564,    688128004)     19660440        51738    1.543850
        6      40      4  [   786432104,    806092924)     19660820        51739    1.607346
        7      46      4  [   904397024,    924057844)     19660820        51739    1.565032
        8      48      0  [   943718664,    945555584)      1836920         4834    0.274798
==============================================================


================ MPI Dynamic Scheduler Debug =================
  MPI rank: 000005 / 000006

  Work summary
    claimed chunks                                          8
    claimed from this rank's queue                          8
    claimed from another rank's queue                       0
    completed FASTQ records                            415564
    claimed input bytes                             157286844

  Scheduler counters
    scheduler_next calls                                    9
    RMA ticket attempts                                    14
    attempts against another rank's queue                   5
    tickets beyond the final chunk                          6
    empty aligned chunks                                    0

  Scheduler timing
    MPI_Win_create (setup)                       0.000179 s  (1 calls,   179.002 us/call)
    MPI_Barrier after setup                      0.000011 s  (1 calls,    11.050 us/call)
    scheduler_next total                         2.609799 s  (9 calls, 289977.659 us/call)
      RMA ticket path total                        1.539228 s  (14 calls, 109944.874 us/call)
        wait for process-local MPI mutex             0.000014 s  (14 calls,     1.007 us/call)
        MPI_Win_lock                                 0.000054 s  (14 calls,     3.839 us/call)
        MPI_Fetch_and_op                             0.000063 s  (14 calls,     4.529 us/call)
        MPI_Win_unlock                               1.539078 s  (14 calls, 109934.109 us/call)
        RMA call/unlock overhead (derived)           0.000019 s  (14 calls,     1.389 us/call)
      align nominal offsets to FASTQ records       1.070531 s  (8 calls, 133816.349 us/call)
      scheduler loop/bookkeeping (derived)         0.000040 s  (9 calls,     4.433 us/call)

  Scheduler teardown timing
    MPI_Barrier (wait for other ranks)           1.392054 s  (1 calls, 1392054.107 us/call)
    MPI_Win_free                                 0.000070 s  (1 calls,    69.550 us/call)

  Stage 2 by chunk
    completed chunks                                        8
    accumulated stage 2                             13.215627 s
    average stage 2 per chunk                        1.651953 s
    slowest chunk                                           5
    slowest chunk stage 2                            2.334767 s

    order   chunk  queue        byte range                       bytes      records   stage2(s)
        0       5      5  [    98304084,    117965124)     19661040        52290    2.334767
        1      11      5  [   216268820,    235929860)     19661040        52290    1.618525
        2      17      5  [   334233932,    353894596)     19660664        52289    1.543583
        3      23      5  [   452198544,    471859364)     19660820        51739    1.528244
        4      29      5  [   570163464,    589824284)     19660820        51739    1.576675
        5      35      5  [   688128004,    707788824)     19660820        51739    1.508676
        6      41      5  [   806092924,    825753744)     19660820        51739    1.546604
        7      47      5  [   924057844,    943718664)     19660820        51739    1.558553
==============================================================


====================== SWBWA Output Debug =====================
  MPI rank: 000000 / 000006
  mode:     MPI single_unordered
  path:     correctness_results/serialized_iprobe_compare/has1/SRR7963242_SE.sam

  Output volume
    output buffer capacity                           67108864
    swbwa_output_write calls                          416795
    submitted SAM bytes                            163340026
    buffered flushes                                       3
    buffered flush bytes                           163340026
    direct oversized writes                                0
    direct oversized bytes                                 0

  Buffering
    buffered flush total                         8.456913 s  (3 calls, 2818971.081 us/call)

  Global offset reservation
    target rank                                             0
    target relationship                                 local
    reservations                                            3
    reservation total                            0.000072 s  (3 calls,    23.884 us/call)
      wait for process-local MPI mutex             0.000005 s  (3 calls,     1.800 us/call)
      MPI_Fetch_and_op                             0.000011 s  (3 calls,     3.533 us/call)
      MPI_Win_flush(target rank 0)                 0.000052 s  (3 calls,    17.201 us/call)
      reservation call/unlock overhead (derived)   0.000004 s  (3 calls,     1.350 us/call)

  MPI file writes
    MPI_File_write_at calls                                 3
    MPI_File_write_at bytes                         163340026
    MPI file-write path total                    8.456833 s  (3 calls, 2818944.414 us/call)
      wait for process-local MPI mutex             0.000001 s  (3 calls,     0.467 us/call)
      MPI_File_write_at                            8.456819 s  (3 calls, 2818939.731 us/call)
      MPI_Get_count                                0.000008 s  (3 calls,     2.533 us/call)
      file-write call/unlock overhead (derived)    0.000005 s  (3 calls,     1.683 us/call)
    MPI_File_write_at effective bandwidth          18.420 MiB/s

  Output close timing
    MPI_File_sync                                0.029524 s  (1 calls, 29523.826 us/call)
    MPI_Win_unlock_all                           0.000020 s  (1 calls,    19.850 us/call)
    MPI_Win_free                                 0.004800 s  (1 calls,  4799.986 us/call)
    MPI_File_close                               0.000625 s  (1 calls,   625.455 us/call)
================================================================


================ SWBWA CPE/MPI Progress Debug ================
  MPI rank: 000000 / 000006

    phase                      waits     probes   total(s)    avg(us)    max(s)   >=1ms   >=10ms   >=100ms    >=1s  completed
    FASTQ formatting               8          9      0.000     21.300     0.000       0        0         0       0          0
    alignment and SAM length       8      13357      0.149     11.181     0.010       1        1         0       0          0
    SAM record generation          8         16      0.001     73.466     0.000       0        0         0       0          0
    all CPE phases                24      13382      0.151     11.262     0.010       1        1         0       0          0

  Probes marked 'completed' returned with the CPE completion
  flag set. Their full call duration bounds the possible delay.
    completion-observing probe total               0.000000 s
    slowest completion-observing probe             0.000000 s
==============================================================


======================= SWBWA Timing Report =======================
  MPI rank: 000000 / 000006
  Accumulated wall-clock time; indented rows are included in
  their parent row and must not be added to it.

  Pipeline
    total - complete three-stage pipeline                    27.459 s
    stage 1 - allocate and read raw FASTQ blocks              4.000 s
    stage 2 - align reads and generate SAM records           13.903 s
    stage 3 - write SAM and release batch data                8.113 s
      SAM output writes                                         7.894 s
      batch cleanup and loop overhead (derived)                 0.219 s

  Stage 1 input details
    batches completed / stage calls                       8 / 9
    input-buffer and batch allocations                        0.000 s  (17 calls, max 0.000 s)
    aggregate requested allocation bytes            157295200
    FASTQ fseeko calls                                        0.069 s  (8 calls, max 0.015 s)
    FASTQ fread calls                                         2.317 s  (8 calls, max 0.571 s)
    align chunk ends to FASTQ record boundaries               0.000 s  (0 calls, max 0.000 s)
    scheduler, checks and bookkeeping (derived)               1.615 s
    raw FASTQ bytes read                            157286432  (150.000 MiB)
    effective fread bandwidth                         64.751 MiB/s
    slowest allocation                                 0.000 s  (19661844 bytes)
    slowest fread
====================== SWBWA Output Debug =====================
  MPI rank: 000001 / 000006
  mode:     MPI single_unordered
  path:     correctness_results/serialized_iprobe_compare/has1/SRR7963242_SE.sam

  Output volume
    output buffer capacity                           67108864
    swbwa_output_write calls                          416119
    submitted SAM bytes                            163087077
    buffered flushes                                       3
    buffered flush bytes                           163087077
    direct oversized writes                                0
    direct oversized bytes                                 0

  Buffering
    buffered flush total                         9.531417 s  (3 calls, 3177138.907 us/call)

  Global offset reservation
    target rank                                             0
    target relationship                                remote
    reservations                                            3
    reservation total                            1.342187 s  (3 calls, 447395.642 us/call)
      wait for process-local MPI mutex             0.000004 s  (3 calls,     1.267 us/call)
      MPI_Fetch_and_op                             0.000134 s  (3 calls,    44.601 us/call)
      MPI_Win_flush(target rank 0)                 1.342044 s  (3 calls, 447348.124 us/call)
      reservation call/unlock overhead (derived)   0.000005 s  (3 calls,     1.650 us/call)

  MPI file writes
    MPI_File_write_at calls                                 3
    MPI_File_write_at bytes                         163087077
    MPI file-write path total                    8.189221 s  (3 calls, 2729740.481 us/call)
      wait for process-local MPI mutex             0.000002 s  (3 calls,     0.650 us/call)
      MPI_File_write_at                            8.189206 s  (3 calls, 2729735.498 us/call)
      MPI_Get_count                                0.000008 s  (3 calls,     2.783 us/call)
      file-write call/unlock overhead (derived)    0.000005 s  (3 calls,     1.550 us/call)
    MPI_File_write_at effective bandwidth          18.992 MiB/s

  Output close timing
    MPI_File_sync                                0.016067 s  (1 calls, 16066.873 us/call)
    MPI_Win_unlock_all                           0.000033 s  (1 calls,    32.550 us/call)
    MPI_Win_free                                 0.018383 s  (1 calls, 18383.141 us/call)
    MPI_File_close                               0.002291 s  (1 calls,  2291.267 us/call)
================================================================


================ SWBWA CPE/MPI Progress Debug ================
  MPI rank: 000001 / 000006

    phase                      waits     probes   total(s)    avg(us)    max(s)   >=1ms   >=10ms   >=100ms    >=1s  completed
    FASTQ formatting               8         10      0.000     19.665     0.000       0        0         0       0          0
    alignment and SAM length       8      14446      0.114      7.874     0.002       3        0         0       0          0
    SAM record generation          8         16      0.001     92.501     0.001       0        0         0       0          0
    all CPE phases                24      14472      0.115      7.975     0.002       3        0         0       0          0

  Probes marked 'completed' returned with the CPE completion
  flag set. Their full call duration bounds the possible delay.
    completion-observing probe total               0.000000 s
    slowest completion-observing probe             0.000000 s
==============================================================


======================= SWBWA Timing Report =======================
  MPI rank: 000001 / 000006
  Accumulated wall-clock time; indented rows are included in
  their parent row and must not be added to it.

  Pipeline
    total - complete three-stage pipeline                    27.459 s
    stage 1 - allocate and read raw FASTQ blocks              3.955 s
    stage 2 - align reads and generate SAM records           13.422 s
    stage
====================== SWBWA Output Debug =====================
  MPI rank: 000002 / 000006
  mode:     MPI single_unordered
  path:     correctness_results/serialized_iprobe_compare/has1/SRR7963242_SE.sam

  Output volume
    output buffer capacity                           67108864
    swbwa_output_write calls                          415564
    submitted SAM bytes                            162864083
    buffered flushes                                       3
    buffered flush bytes                           162864083
    direct oversized writes                                0
    direct oversized bytes                                 0

  Buffering
    buffered flush total                         5.860627 s  (3 calls, 1953542.389 us/call)

  Global offset reservation
    target rank                                             0
    target relationship                                remote
    reservations                                            3
    reservation total                            0.016323 s  (3 calls,  5441.058 us/call)
      wait for process-local MPI mutex             0.000005 s  (3 calls,     1.617 us/call)
      MPI_Fetch_and_op                             0.000160 s  (3 calls,    53.451 us/call)
      MPI_Win_flush(target rank 0)                 0.016154 s  (3 calls,  5384.658 us/call)
      reservation call/unlock overhead (derived)   0.000004 s  (3 calls,     1.333 us/call)

  MPI file writes
    MPI_File_write_at calls                                 3
    MPI_File_write_at bytes                         162864083
    MPI file-write path total                    5.844296 s  (3 calls, 1948098.647 us/call)
      wait for process-local MPI mutex             0.000002 s  (3 calls,     0.517 us/call)
      MPI_File_write_at                            5.844280 s  (3 calls, 1948093.414 us/call)
      MPI_Get_count                                0.000009 s  (3 calls,     3.017 us/call)
      file-write call/unlock overhead (derived)    0.000005 s  (3 calls,     1.700 us/call)
    MPI_File_write_at effective bandwidth          26.576 MiB/s

  Output close timing
    MPI_File_sync                                0.014760 s  (1 calls, 14759.513 us/call)
    MPI_Win_unlock_all                           0.000017 s  (1 calls,    17.050 us/call)
    MPI_Win_free                                 0.019749 s  (1 calls, 19749.401 us/call)
    MPI_File_close                               0.000897 s  (1 calls,   897.457 us/call)
================================================================


================ SWBWA CPE/MPI Progress Debug ================
  MPI rank: 000002 / 000006

    phase                      waits     probes   total(s)    avg(us)    max(s)   >=1ms   >=10ms   >=100ms    >=1s  completed
    FASTQ formatting               8          9      0.000     21.289     0.000       0        0         0       0          0
    alignment and SAM length       8      14130      0.062      4.400     0.000       0        0         0       0          0
    SAM record generation          8         16      0.001     61.079     0.000       0        0         0       0          0
    all CPE phases                24      14155      0.063      4.474     0.000       0        0         0       0          0

  Probes marked 'completed' returned with the CPE completion
  flag set. Their full call duration bounds the possible delay.
    completion-observing probe total               0.000000 s
    slowest completion-observing probe             0.000000 s
==============================================================


======================= SWBWA Timing Report =======================
  MPI rank: 000002 / 000006
  Accumulated wall-clock time; indented rows are included in
  their parent row and must not be added to it.

  Pipeline
    total - complete three-stage pipeline                    27.459 s
    stage 1 - allocate and read raw FASTQ blocks              5.617 s
    stage 2 - align reads and generate SAM records           13.298 s
    stage 3             0.571 s  (R1 offset=0, bytes=19661160)

  Stage 2 worker details
    total - active merge worker                              13.902 s
      part 1 - prepare CPE task and reusable buffers            0.629 s
      part 2 - CPE FASTQ formatting and input release           0.066 s
      part 3 - CPE alignment and SAM length pass               13.047 s
      part 4 - assign slices in the shared SAM buffer           0.029 s
      part 5 - CPE SAM record generation                        0.131 s
      part 6 - release temporary worker data                    0.000 s

  Reserved allocator timers (no active timing sites)
    malloc timer                                              0.000 s
    free timer                                                0.000 s
===================================================================

[main] Version: 0.0.1
[main] CMD: ./SWBWA mem -v 4 -t 1 -1 -o correctness_results/serialized_iprobe_compare/has1/SRR7963242_SE.sam -I 3 - write SAM and release batch data                9.580 s
      SAM output writes                                         9.400 s
      batch cleanup and loop overhead (derived)                 0.180 s

  Stage 1 input details
    batches completed / stage calls                       8 / 9
    input-buffer and batch allocations                        0.000 s  (17 calls, max 0.000 s)
    aggregate requested allocation bytes            157295132
    FASTQ fseeko calls                                        0.068 s  (8 calls, max 0.011 s)
    FASTQ fread calls                                         2.468 s  (8 calls, max 0.518 s)
    align chunk ends to FASTQ record boundaries               0.000 s  (0 calls, max 0.000 s)
    scheduler, checks and bookkeeping (derived)               1.418 s
    raw FASTQ bytes read                            157286364  (150.000 MiB)
    effective fread bandwidth                         60.784 MiB/s
    slowest allocation                                 0.000 s  (19661844 bytes)
    slowest fread                                      0.518 s  (R1 offset=19661160, bytes=19660556)

  Stage 2 worker details
    total - active merge worker                              13.418 s
      part 1 - prepare CPE task and reusable buffers            0.609 s
      part 2 - CPE FASTQ formatting and input release           0.076 s
      part 3 - CPE alignment and SAM length pass               12.572 s
      part 4 - assign slices in the shared SAM buffer           0.036 s
      part 5 - CPE SAM record generation                        0.121 s
      part 6 - release temporary worker data                    0.000 s

  Reserved allocator timers (no active timing sites)
    malloc timer                                              0.000 s
    free timer                                                0.000 s
===================================================================

 - write SAM and release batch data                5.820 s
      SAM output writes                                         5.677 s
      batch cleanup and loop overhead (derived)                 0.143 s

  Stage 1 input details
    batches completed / stage calls                       8 / 9
    input-buffer and batch allocations                        0.000 s  (17 calls, max 0.000 s)
    aggregate requested allocation bytes            157295612
    FASTQ fseeko calls                                        0.045 s  (8 calls, max 0.006 s)
    FASTQ fread calls                                         2.402 s  (8 calls, max 0.555 s)
    align chunk ends to FASTQ record boundaries               0.000 s  (0 calls, max 0.000 s)
    scheduler, checks and bookkeeping (derived)               3.170 s
    raw FASTQ bytes read                            157286844  (150.000 MiB)
    effective fread bandwidth                         62.453 MiB/s
    slowest allocation                                 0.000 s  (19661844 bytes)
    slowest fread                                      0.555 s  (R1 offset=39321716, bytes=19661040)

  Stage 2 worker details
    total - active merge worker                              13.296 s
      part 1 - prepare CPE task and reusable buffers            0.602 s
      part 2 - CPE FASTQ formatting and input release           0.064 s
      part 3 - CPE alignment and SAM length pass               12.471 s
      part 4 - assign slices in the shared SAM buffer           0.033 s
      part 5 - CPE SAM record generation                        0.124 s
      part 6 - release temporary worker data                    0.000 s

  Reserved allocator timers (no active timing sites)
    malloc timer                                              0.000 s
    free timer                                                0.000 s
===================================================================


====================== SWBWA Output Debug =====================
  MPI rank: 000003 / 000006
  mode:     MPI single_unordered
  path:     correctness_results/serialized_iprobe_compare/has1/SRR7963242_SE.sam

  Output volume
    output buffer capacity                           67108864
    swbwa_output_write calls                          415562
    submitted SAM bytes                            162769907
    buffered flushes                                       3
    buffered flush bytes                           162769907
    direct oversized writes                                0
    direct oversized bytes                                 0

  Buffering
    buffered flush total                         3.806738 s  (3 calls, 1268912.581 us/call)

  Global offset reservation
    target rank                                             0
    target relationship                                remote
    reservations                                            3
    reservation total                            0.003859 s  (3 calls,  1286.260 us/call)
      wait for process-local MPI mutex             0.000006 s  (3 calls,     1.917 us/call)
      MPI_Fetch_and_op                             0.000210 s  (3 calls,    70.101 us/call)
      MPI_Win_flush(target rank 0)                 0.003639 s  (3 calls,  1213.159 us/call)
      reservation call/unlock overhead (derived)   0.000003 s  (3 calls,     1.083 us/call)

  MPI file writes
    MPI_File_write_at calls                                 3
    MPI_File_write_at bytes                         162769907
    MPI file-write path total                    3.802870 s  (3 calls, 1267623.288 us/call)
      wait for process-local MPI mutex             0.000002 s  (3 calls,     0.500 us/call)
      MPI_File_write_at                            3.802856 s  (3 calls, 1267618.571 us/call)
      MPI_Get_count                                0.000008 s  (3 calls,     2.550 us/call)
      file-write call/unlock overhead (derived)    0.000005 s  (3 calls,     1.667 us/call)
    MPI_File_write_at effective bandwidth          40.819 MiB/s

  Output close timing
    MPI_File_sync                                0.034250 s  (1 calls, 34250.362 us/call)
    MPI_Win_unlock_all                           0.000019 s  (1 calls,    18.550 us/call)
    MPI_Win_free                                 0.000043 s  (1 calls,    43.050 us/call)
    MPI_File_close                               0.000980 s  (1 calls,   979.858 us/call)
================================================================


================ SWBWA CPE/MPI Progress Debug ================
  MPI rank: 000003 / 000006

    phase                      waits     probes   total(s)    avg(us)    max(s)   >=1ms   >=10ms   >=100ms    >=1s  completed
    FASTQ formatting               8         12      0.000     18.809     0.000       0        0         0       0          0
    alignment and SAM length       8      14073      0.094      6.690     0.000       0        0         0       0          0
    SAM record generation          8         16      0.001     48.694     0.000       0        0         0       0          0
    all CPE phases                24      14101      0.095      6.748     0.000       0        0         0       0          0

  Probes marked 'completed' returned with the CPE completion
  flag set. Their full call duration bounds the possible delay.
    completion-observing probe total               0.000000 s
    slowest completion-observing probe             0.000000 s
==============================================================


======================= SWBWA Timing Report =======================
  MPI rank: 000003 / 000006
  Accumulated wall-clock time; indented rows are included in
  their parent row and must not be added to it.

  Pipeline
    total - complete three-stage pipeline                    27.459 s
    stage 1 - allocate and read raw FASTQ blocks              8.122 s
    stage 2 - align reads and generate SAM records           13.271 s
    stage 3 170,80,500,1 ../../data/GRCh38.d1.vd1.fa ../../data/SRR7963242_1.fastq_1
 - write SAM and release batch data                3.814 s
      SAM output writes                                         3.667 s
      batch cleanup and loop overhead (derived)                 0.147 s

  Stage 1 input details
    batches completed / stage calls                       8 / 9
    input-buffer and batch allocations                        0.000 s  (17 calls, max 0.000 s)
    aggregate requested allocation bytes            157294860
    FASTQ fseeko calls                                        0.045 s  (8 calls, max 0.007 s)
    FASTQ fread calls                                         1.779 s  (8 calls, max 0.468 s)
    align chunk ends to FASTQ record boundaries               0.000 s  (0 calls, max 0.000 s)
    scheduler, checks and bookkeeping (derived)               6.298 s
    raw FASTQ bytes read                            157286092  (150.000 MiB)
    effective fread bandwidth                         84.337 MiB/s
    slowest allocation                                 0.000 s  (19661844 bytes)
    slowest fread                                      0.468 s  (R1 offset=58982756, bytes=19660664)

  Stage 2 worker details
    total - active merge worker                              13.266 s
      part 1 - prepare CPE task and reusable buffers            0.603 s
      part 2 - CPE FASTQ formatting and input release           0.081 s
      part 3 - CPE alignment and SAM length pass               12.422 s
      part 4 - assign slices in the shared SAM buffer           0.032 s
      part 5 - CPE SAM record generation                        0.123 s
      part 6 - release temporary worker data                    0.000 s

  Reserved allocator timers (no active timing sites)
    malloc timer                                              0.000 s
    free timer                                                0.000 s
===================================================================


====================== SWBWA Output Debug =====================
  MPI rank: 000004 / 000006
  mode:     MPI single_unordered
  path:     correctness_results/serialized_iprobe_compare/has1/SRR7963242_SE.sam

  Output volume
    output buffer capacity                           67108864
    swbwa_output_write calls                          420396
    submitted SAM bytes                            164689322
    buffered flushes                                       3
    buffered flush bytes                           164689322
    direct oversized writes                                0
    direct oversized bytes                                 0

  Buffering
    buffered flush total                         6.051618 s  (3 calls, 2017206.076 us/call)

  Global offset reservation
    target rank                                             0
    target relationship                                remote
    reservations                                            3
    reservation total                            0.004360 s  (3 calls,  1453.461 us/call)
      wait for process-local MPI mutex             0.000005 s  (3 calls,     1.583 us/call)
      MPI_Fetch_and_op                             0.000174 s  (3 calls,    58.034 us/call)
      MPI_Win_flush(target rank 0)                 0.004177 s  (3 calls,  1392.377 us/call)
      reservation call/unlock overhead (derived)   0.000004 s  (3 calls,     1.467 us/call)

  MPI file writes
    MPI_File_write_at calls                                 3
    MPI_File_write_at bytes                         164689322
    MPI file-write path total                    6.047250 s  (3 calls, 2015749.915 us/call)
      wait for process-local MPI mutex             0.000002 s  (3 calls,     0.533 us/call)
      MPI_File_write_at                            6.047234 s  (3 calls, 2015744.715 us/call)
      MPI_Get_count                                0.000009 s  (3 calls,     2.967 us/call)
      file-write call/unlock overhead (derived)    0.000005 s  (3 calls,     1.700 us/call)
    MPI_File_write_at effective bandwidth          25.972 MiB/s

  Output close timing
    MPI_File_sync                                0.024428 s  (1 calls, 24427.787 us/call)
    MPI_Win_unlock_all                           0.000017 s  (1 calls,    17.300 us/call)
    MPI_Win_free                                 0.009969 s  (1 calls,  9968.926 us/call)
    MPI_File_close                               0.000635 s  (1 calls,   635.105 us/call)
================================================================


================ SWBWA CPE/MPI Progress Debug ================
  MPI rank: 000004 / 000006

    phase                      waits     probes   total(s)    avg(us)    max(s)   >=1ms   >=10ms   >=100ms    >=1s  completed
    FASTQ formatting               9         13      0.000     17.350     0.000       0        0         0       0          0
    alignment and SAM length       9      14495      0.068      4.717     0.001       0        0         0       0          0
    SAM record generation          9         17      0.001     48.912     0.000       0        0         0       0          0
    all CPE phases                27      14525      0.069      4.780     0.001       0        0         0       0          0

  Probes marked 'completed' returned with the CPE completion
  flag set. Their full call duration bounds the possible delay.
    completion-observing probe total               0.000000 s
    slowest completion-observing probe             0.000000 s
==============================================================


======================= SWBWA Timing Report =======================
  MPI rank: 000004 / 000006
  Accumulated wall-clock time; indented rows are included in
  their parent row and must not be added to it.

  Pipeline
    total - complete three-stage pipeline                    27.459 s
    stage 1 - allocate and read raw FASTQ blocks              6.323 s
    stage 2 - align reads and generate SAM records           13.687 s
    stage 3
====================== SWBWA Output Debug =====================
  MPI rank: 000005 / 000006
  mode:     MPI single_unordered
  path:     correctness_results/serialized_iprobe_compare/has1/SRR7963242_SE.sam

  Output volume
    output buffer capacity                           67108864
    swbwa_output_write calls                          415564
    submitted SAM bytes                            162762615
    buffered flushes                                       3
    buffered flush bytes                           162762615
    direct oversized writes                                0
    direct oversized bytes                                 0

  Buffering
    buffered flush total                         7.219192 s  (3 calls, 2406397.189 us/call)

  Global offset reservation
    target rank                                             0
    target relationship                                remote
    reservations                                            3
    reservation total                            0.019536 s  (3 calls,  6511.833 us/call)
      wait for process-local MPI mutex             0.000005 s  (3 calls,     1.533 us/call)
      MPI_Fetch_and_op                             0.000060 s  (3 calls,    19.951 us/call)
      MPI_Win_flush(target rank 0)                 0.019468 s  (3 calls,  6489.216 us/call)
      reservation call/unlock overhead (derived)   0.000003 s  (3 calls,     1.133 us/call)

  MPI file writes
    MPI_File_write_at calls                                 3
    MPI_File_write_at bytes                         162762615
    MPI file-write path total                    7.199647 s  (3 calls, 2399882.456 us/call)
      wait for process-local MPI mutex             0.000001 s  (3 calls,     0.500 us/call)
      MPI_File_write_at                            7.199630 s  (3 calls, 2399876.573 us/call)
      MPI_Get_count                                0.000008 s  (3 calls,     2.617 us/call)
      file-write call/unlock overhead (derived)    0.000008 s  (3 calls,     2.767 us/call)
    MPI_File_write_at effective bandwidth          21.560 MiB/s

  Output close timing
    MPI_File_sync                                0.015462 s  (1 calls, 15462.319 us/call)
    MPI_Win_unlock_all                           0.000017 s  (1 calls,    17.000 us/call)
    MPI_Win_free                                 0.019039 s  (1 calls, 19039.095 us/call)
    MPI_File_close                               0.000853 s  (1 calls,   853.357 us/call)
================================================================


================ SWBWA CPE/MPI Progress Debug ================
  MPI rank: 000005 / 000006

    phase                      waits     probes   total(s)    avg(us)    max(s)   >=1ms   >=10ms   >=100ms    >=1s  completed
    FASTQ formatting               8         12      0.000     16.846     0.000       0        0         0       0          0
    alignment and SAM length       8      14482      0.057      3.970     0.000       0        0         0       0          0
    SAM record generation          8         15      0.001     44.444     0.000       0        0         0       0          0
    all CPE phases                24      14509      0.058      4.022     0.000       0        0         0       0          0

  Probes marked 'completed' returned with the CPE completion
  flag set. Their full call duration bounds the possible delay.
    completion-observing probe total               0.000000 s
    slowest completion-observing probe             0.000000 s
==============================================================


======================= SWBWA Timing Report =======================
  MPI rank: 000005 / 000006
  Accumulated wall-clock time; indented rows are included in
  their parent row and must not be added to it.

  Pipeline
    total - complete three-stage pipeline                    27.459 s
    stage 1 - allocate and read raw FASTQ blocks              5.121 s
    stage 2 - align reads and generate SAM records           13.216 s
    stage 3 - write SAM and release batch data                5.196 s
      SAM output writes                                         5.046 s
      batch cleanup and loop overhead (derived)                 0.150 s

  Stage 1 input details
    batches completed / stage calls                       9 / 10
    input-buffer and batch allocations                        0.000 s  (19 calls, max 0.000 s)
    aggregate requested allocation bytes            159132864
    FASTQ fseeko calls                                        0.077 s  (9 calls, max 0.011 s)
    FASTQ fread calls                                         1.971 s  (9 calls, max 0.515 s)
    align chunk ends to FASTQ record boundaries               0.000 s  (0 calls, max 0.000 s)
    scheduler, checks and bookkeeping (derived)               4.274 s
    raw FASTQ bytes read                            159123008  (151.752 MiB)
    effective fread bandwidth                         76.973 MiB/s
    slowest allocation                                 0.000 s  (19661688 bytes)
    slowest fread                                      0.515 s  (R1 offset=78643420, bytes=19660664)

  Stage 2 worker details
    total - active merge worker                              13.684 s
      part 1 - prepare CPE task and reusable buffers            0.626 s
      part 2 - CPE FASTQ formatting and input release           0.084 s
      part 3 - CPE alignment and SAM length pass               12.803 s
      part 4 - assign slices in the shared SAM buffer           0.032 s
      part 5 - CPE SAM record generation                        0.134 s
      part 6 - release temporary worker data                    0.000 s

  Reserved allocator timers (no active timing sites)
    malloc timer                                              0.000 s
    free timer                                                0.000 s
===================================================================

 - write SAM and release batch data                6.869 s
      SAM output writes                                         6.712 s
      batch cleanup and loop overhead (derived)                 0.157 s

  Stage 1 input details
    batches completed / stage calls                       8 / 9
    input-buffer and batch allocations                        0.000 s  (17 calls, max 0.000 s)
    aggregate requested allocation bytes            157295612
    FASTQ fseeko calls                                        0.059 s  (8 calls, max 0.011 s)
    FASTQ fread calls                                         2.450 s  (8 calls, max 0.502 s)
    align chunk ends to FASTQ record boundaries               0.000 s  (0 calls, max 0.000 s)
    scheduler, checks and bookkeeping (derived)               2.612 s
    raw FASTQ bytes read                            157286844  (150.000 MiB)
    effective fread bandwidth                         61.229 MiB/s
    slowest allocation                                 0.000 s  (19661844 bytes)
    slowest fread                                      0.502 s  (R1 offset=98304084, bytes=19661040)

  Stage 2 worker details
    total - active merge worker                              13.213 s
      part 1 - prepare CPE task and reusable buffers            0.604 s
      part 2 - CPE FASTQ formatting and input release           0.077 s
      part 3 - CPE alignment and SAM length pass               12.371 s
      part 4 - assign slices in the shared SAM buffer           0.032 s
      part 5 - CPE SAM record generation                        0.125 s
      part 6 - release temporary worker data                    0.000 s

  Reserved allocator timers (no active timing sites)
    malloc timer                                              0.000 s
    free timer                                                0.000 s
===================================================================
