[M::main_mem] mean insert size: 170.000, stddev: 80.000, max: 500, min: 1
[CPE input] bytes_per_cg=19660800 cg_count=6 chunk_bytes=117964800 file_bytes=3499281348
malloc bwt->bwt 3107576584, 0x580000486040
malloc bwt->sa 1553788264, 0x5800b9823b60
[M::bwa_idx_load_from_disk] read 0 ALT contigs
malloc pac 776894131, 0x580116285940
the input file is ../data/bwa_test_big_data/ERR1203383_1.fastq
the input file is ../data/bwa_test_big_data/ERR1203383_2.fastq
the output file is correctness_results/ksw_u8_modes_bigdata_20260827/float16_32/ERR1203383_PE.sam
[M::process] read chunk (19660800 bytes/CG x 6 CGs, 117964800 bytes)...
[DBG stage1] slow fread: R1 offset=0 requested=117964800 read=117964800 elapsed=1.101 s
[DBG stage1] slow fread: R2 offset=0 requested=117964800 read=117964800 elapsed=2.123 s
[M::swbwa_cross_runtime_init] initialized cross-segment runtime in 0.079 sec
start swbwa_cross_run
[M::mem_process_seqs_merge2] CPE FASTQ formatting done
start swbwa_cross_run
slave pre done
now n is 1057218
start swbwa_cross_run
processed 1057218
[M::mem_process_seqs_merge2] Processed 1057218 reads in 0.150 CPU sec, 1.938 real sec
[M::process] read chunk (19660800 bytes/CG x 6 CGs, 117964800 bytes)...
[DBG stage1] slow fread: R1 offset=117963996 requested=117964800 read=117964800 elapsed=1.450 s
[DBG stage1] slow fread: R2 offset=117963996 requested=117964800 read=117964800 elapsed=1.277 s
start swbwa_cross_run
[M::mem_process_seqs_merge2] CPE FASTQ formatting done
start swbwa_cross_run
slave pre done
now n is 1051310
start swbwa_cross_run
processed 1051310
[M::mem_process_seqs_merge2] Processed 1051310 reads in 0.090 CPU sec, 2.001 real sec
[M::process] read chunk (19660800 bytes/CG x 6 CGs, 117964800 bytes)...
[DBG stage1] slow fread: R2 offset=235927776 requested=117964800 read=117964800 elapsed=1.035 s
start swbwa_cross_run
[M::mem_process_seqs_merge2] CPE FASTQ formatting done
start swbwa_cross_run
slave pre done
now n is 1034770
start swbwa_cross_run
processed 1034770
[M::mem_process_seqs_merge2] Processed 1034770 reads in 0.080 CPU sec, 1.740 real sec
[M::process] read chunk (19660800 bytes/CG x 6 CGs, 117964800 bytes)...
[DBG stage1] slow fread: R1 offset=353891556 requested=117964800 read=117964800 elapsed=1.812 s
[DBG stage1] slow fread: R2 offset=353891556 requested=117964800 read=117964800 elapsed=1.323 s
start swbwa_cross_run
[M::mem_process_seqs_merge2] CPE FASTQ formatting done
start swbwa_cross_run
slave pre done
now n is 1034770
start swbwa_cross_run
processed 1034770
[M::mem_process_seqs_merge2] Processed 1034770 reads in 0.080 CPU sec, 1.959 real sec
[M::process] read chunk (19660800 bytes/CG x 6 CGs, 117964800 bytes)...
[DBG stage1] slow fread: R1 offset=471855336 requested=117964800 read=117964800 elapsed=1.176 s
[DBG stage1] slow fread: R2 offset=471855336 requested=117964800 read=117964800 elapsed=1.075 s
start swbwa_cross_run
[M::mem_process_seqs_merge2] CPE FASTQ formatting done
start swbwa_cross_run
slave pre done
now n is 1034770
start swbwa_cross_run
processed 1034770
[M::mem_process_seqs_merge2] Processed 1034770 reads in 0.090 CPU sec, 1.821 real sec
[M::process] read chunk (19660800 bytes/CG x 6 CGs, 117964800 bytes)...
[DBG stage1] slow fread: R1 offset=589819116 requested=117964800 read=117964800 elapsed=1.237 s
[DBG stage1] slow fread: R2 offset=589819116 requested=117964800 read=117964800 elapsed=1.187 s
start swbwa_cross_run
[M::mem_process_seqs_merge2] CPE FASTQ formatting done
start swbwa_cross_run
slave pre done
now n is 1034770
start swbwa_cross_run
processed 1034770
[M::mem_process_seqs_merge2] Processed 1034770 reads in 0.080 CPU sec, 1.828 real sec
[M::process] read chunk (19660800 bytes/CG x 6 CGs, 117964800 bytes)...
[DBG stage1] slow fread: R1 offset=707782896 requested=117964800 read=117964800 elapsed=1.093 s
[DBG stage1] slow fread: R2 offset=707782896 requested=117964800 read=117964800 elapsed=1.120 s
start swbwa_cross_run
[M::mem_process_seqs_merge2] CPE FASTQ formatting done
start swbwa_cross_run
slave pre done
now n is 1034770
start swbwa_cross_run
processed 1034770
[M::mem_process_seqs_merge2] Processed 1034770 reads in 0.080 CPU sec, 1.929 real sec
[M::process] read chunk (19660800 bytes/CG x 6 CGs, 117964800 bytes)...
[DBG stage1] slow fread: R1 offset=825746676 requested=117964800 read=117964800 elapsed=1.327 s
[DBG stage1] slow fread: R2 offset=825746676 requested=117964800 read=117964800 elapsed=1.207 s
start swbwa_cross_run
[M::mem_process_seqs_merge2] CPE FASTQ formatting done
start swbwa_cross_run
slave pre done
now n is 1034770
start swbwa_cross_run
processed 1034770
[M::mem_process_seqs_merge2] Processed 1034770 reads in 0.090 CPU sec, 2.094 real sec
[M::process] read chunk (19660800 bytes/CG x 6 CGs, 117964800 bytes)...
[DBG stage1] slow fread: R1 offset=943710456 requested=117964800 read=117964800 elapsed=1.173 s
[DBG stage1] slow fread: R2 offset=943710456 requested=117964800 read=117964800 elapsed=1.111 s
start swbwa_cross_run
[M::mem_process_seqs_merge2] CPE FASTQ formatting done
start swbwa_cross_run
slave pre done
now n is 1034770
start swbwa_cross_run
processed 1034770
[M::mem_process_seqs_merge2] Processed 1034770 reads in 0.090 CPU sec, 1.913 real sec
[M::process] read chunk (19660800 bytes/CG x 6 CGs, 117964800 bytes)...
[DBG stage1] slow fread: R1 offset=1061674236 requested=117964800 read=117964800 elapsed=2.290 s
[DBG stage1] slow fread: R2 offset=1061674236 requested=117964800 read=117964800 elapsed=1.418 s
start swbwa_cross_run
[M::mem_process_seqs_merge2] CPE FASTQ formatting done
start swbwa_cross_run
slave pre done
now n is 1034770
start swbwa_cross_run
processed 1034770
[M::mem_process_seqs_merge2] Processed 1034770 reads in 0.090 CPU sec, 1.822 real sec
[M::process] read chunk (19660800 bytes/CG x 6 CGs, 117964800 bytes)...
[DBG stage1] slow fread: R1 offset=1179638016 requested=117964800 read=117964800 elapsed=2.044 s
[DBG stage1] slow fread: R2 offset=1179638016 requested=117964800 read=117964800 elapsed=1.343 s
start swbwa_cross_run
[M::mem_process_seqs_merge2] CPE FASTQ formatting done
start swbwa_cross_run
slave pre done
now n is 1034770
start swbwa_cross_run
processed 1034770
[M::mem_process_seqs_merge2] Processed 1034770 reads in 0.080 CPU sec, 1.940 real sec
[M::process] read chunk (19660800 bytes/CG x 6 CGs, 117964800 bytes)...
[DBG stage1] slow fread: R1 offset=1297601796 requested=117964800 read=117964800 elapsed=1.206 s
[DBG stage1] slow fread: R2 offset=1297601796 requested=117964800 read=117964800 elapsed=1.217 s
start swbwa_cross_run
[M::mem_process_seqs_merge2] CPE FASTQ formatting done
start swbwa_cross_run
slave pre done
now n is 1034770
start swbwa_cross_run
processed 1034770
[M::mem_process_seqs_merge2] Processed 1034770 reads in 0.080 CPU sec, 1.995 real sec
[M::process] read chunk (19660800 bytes/CG x 6 CGs, 117964800 bytes)...
[DBG stage1] slow fread: R1 offset=1415565576 requested=117964800 read=117964800 elapsed=1.579 s
[DBG stage1] slow fread: R2 offset=1415565576 requested=117964800 read=117964800 elapsed=1.302 s
start swbwa_cross_run
[M::mem_process_seqs_merge2] CPE FASTQ formatting done
start swbwa_cross_run
slave pre done
now n is 1034770
start swbwa_cross_run
processed 1034770
[M::mem_process_seqs_merge2] Processed 1034770 reads in 0.080 CPU sec, 2.177 real sec
[M::process] read chunk (19660800 bytes/CG x 6 CGs, 117964800 bytes)...
[DBG stage1] slow fread: R1 offset=1533529356 requested=117964800 read=117964800 elapsed=1.159 s
[DBG stage1] slow fread: R2 offset=1533529356 requested=117964800 read=117964800 elapsed=1.098 s
start swbwa_cross_run
[M::mem_process_seqs_merge2] CPE FASTQ formatting done
start swbwa_cross_run
slave pre done
now n is 1034770
start swbwa_cross_run
processed 1034770
[M::mem_process_seqs_merge2] Processed 1034770 reads in 0.080 CPU sec, 1.869 real sec
[M::process] read chunk (19660800 bytes/CG x 6 CGs, 117964800 bytes)...
[DBG stage1] slow fread: R1 offset=1651493136 requested=117964800 read=117964800 elapsed=1.246 s
[DBG stage1] slow fread: R2 offset=1651493136 requested=117964800 read=117964800 elapsed=1.476 s
start swbwa_cross_run
[M::mem_process_seqs_merge2] CPE FASTQ formatting done
start swbwa_cross_run
slave pre done
now n is 1034770
start swbwa_cross_run
processed 1034770
[M::mem_process_seqs_merge2] Processed 1034770 reads in 0.090 CPU sec, 1.864 real sec
[M::process] read chunk (19660800 bytes/CG x 6 CGs, 117964800 bytes)...
[DBG stage1] slow fread: R1 offset=1769456916 requested=117964800 read=117964800 elapsed=1.239 s
[DBG stage1] slow fread: R2 offset=1769456916 requested=117964800 read=117964800 elapsed=1.215 s
start swbwa_cross_run
[M::mem_process_seqs_merge2] CPE FASTQ formatting done
start swbwa_cross_run
slave pre done
now n is 1034770
start swbwa_cross_run
processed 1034770
[M::mem_process_seqs_merge2] Processed 1034770 reads in 0.080 CPU sec, 1.789 real sec
[M::process] read chunk (19660800 bytes/CG x 6 CGs, 117964800 bytes)...
[DBG stage1] slow fread: R1 offset=1887420696 requested=117964800 read=117964800 elapsed=1.557 s
[DBG stage1] slow fread: R2 offset=1887420696 requested=117964800 read=117964800 elapsed=1.318 s
start swbwa_cross_run
[M::mem_process_seqs_merge2] CPE FASTQ formatting done
start swbwa_cross_run
slave pre done
now n is 1034770
start swbwa_cross_run
processed 1034770
[M::mem_process_seqs_merge2] Processed 1034770 reads in 0.080 CPU sec, 1.757 real sec
[M::process] read chunk (19660800 bytes/CG x 6 CGs, 117964800 bytes)...
[DBG stage1] slow fread: R1 offset=2005384476 requested=117964800 read=117964800 elapsed=1.395 s
[DBG stage1] slow fread: R2 offset=2005384476 requested=117964800 read=117964800 elapsed=1.284 s
start swbwa_cross_run
[M::mem_process_seqs_merge2] CPE FASTQ formatting done
start swbwa_cross_run
slave pre done
now n is 1034770
start swbwa_cross_run
processed 1034770
[M::mem_process_seqs_merge2] Processed 1034770 reads in 0.080 CPU sec, 1.747 real sec
[M::process] read chunk (19660800 bytes/CG x 6 CGs, 117964800 bytes)...
[DBG stage1] slow fread: R1 offset=2123348256 requested=117964800 read=117964800 elapsed=1.604 s
[DBG stage1] slow fread: R2 offset=2123348256 requested=117964800 read=117964800 elapsed=1.102 s
start swbwa_cross_run
[M::mem_process_seqs_merge2] CPE FASTQ formatting done
start swbwa_cross_run
slave pre done
now n is 1034770
start swbwa_cross_run
processed 1034770
[M::mem_process_seqs_merge2] Processed 1034770 reads in 0.090 CPU sec, 1.855 real sec
[M::process] read chunk (19660800 bytes/CG x 6 CGs, 117964800 bytes)...
[DBG stage1] slow fread: R1 offset=2241312036 requested=117964800 read=117964800 elapsed=1.154 s
[DBG stage1] slow fread: R2 offset=2241312036 requested=117964800 read=117964800 elapsed=1.308 s
start swbwa_cross_run
[M::mem_process_seqs_merge2] CPE FASTQ formatting done
start swbwa_cross_run
slave pre done
now n is 1022110
start swbwa_cross_run
processed 1022110
[M::mem_process_seqs_merge2] Processed 1022110 reads in 0.080 CPU sec, 1.918 real sec
[M::process] read chunk (19660800 bytes/CG x 6 CGs, 117964800 bytes)...
[DBG stage1] slow fread: R1 offset=2359276036 requested=117964800 read=117964800 elapsed=2.261 s
[DBG stage1] slow fread: R2 offset=2359276036 requested=117964800 read=117964800 elapsed=1.042 s
start swbwa_cross_run
[M::mem_process_seqs_merge2] CPE FASTQ formatting done
start swbwa_cross_run
slave pre done
now n is 1016930
start swbwa_cross_run
processed 1016930
[M::mem_process_seqs_merge2] Processed 1016930 reads in 0.080 CPU sec, 1.830 real sec
[M::process] read chunk (19660800 bytes/CG x 6 CGs, 117964800 bytes)...
[DBG stage1] slow fread: R1 offset=2477239916 requested=117964800 read=117964800 elapsed=1.452 s
[DBG stage1] slow fread: R2 offset=2477239916 requested=117964800 read=117964800 elapsed=1.290 s
start swbwa_cross_run
[M::mem_process_seqs_merge2] CPE FASTQ formatting done
start swbwa_cross_run
slave pre done
now n is 1016930
start swbwa_cross_run
processed 1016930
[M::mem_process_seqs_merge2] Processed 1016930 reads in 0.090 CPU sec, 1.792 real sec
[M::process] read chunk (19660800 bytes/CG x 6 CGs, 117964800 bytes)...
[DBG stage1] slow fread: R1 offset=2595203796 requested=117964800 read=117964800 elapsed=1.092 s
[DBG stage1] slow fread: R2 offset=2595203796 requested=117964800 read=117964800 elapsed=2.379 s
start swbwa_cross_run
[M::mem_process_seqs_merge2] CPE FASTQ formatting done
start swbwa_cross_run
slave pre done
now n is 1016930
start swbwa_cross_run
processed 1016930
[M::mem_process_seqs_merge2] Processed 1016930 reads in 0.090 CPU sec, 1.783 real sec
[M::process] read chunk (19660800 bytes/CG x 6 CGs, 117964800 bytes)...
[DBG stage1] slow fread: R1 offset=2713167676 requested=117964800 read=117964800 elapsed=1.099 s
[DBG stage1] slow fread: R2 offset=2713167676 requested=117964800 read=117964800 elapsed=1.998 s
start swbwa_cross_run
[M::mem_process_seqs_merge2] CPE FASTQ formatting done
start swbwa_cross_run
slave pre done
now n is 1016930
start swbwa_cross_run
processed 1016930
[M::mem_process_seqs_merge2] Processed 1016930 reads in 0.080 CPU sec, 1.788 real sec
[M::process] read chunk (19660800 bytes/CG x 6 CGs, 117964800 bytes)...
[DBG stage1] slow fread: R2 offset=2831131556 requested=117964800 read=117964800 elapsed=1.155 s
start swbwa_cross_run
[M::mem_process_seqs_merge2] CPE FASTQ formatting done
start swbwa_cross_run
slave pre done
now n is 1016930
start swbwa_cross_run
processed 1016930
[M::mem_process_seqs_merge2] Processed 1016930 reads in 0.080 CPU sec, 1.739 real sec
[M::process] read chunk (19660800 bytes/CG x 6 CGs, 117964800 bytes)...
[DBG stage1] slow fread: R1 offset=2949095436 requested=117964800 read=117964800 elapsed=1.953 s
[DBG stage1] slow fread: R2 offset=2949095436 requested=117964800 read=117964800 elapsed=2.005 s
start swbwa_cross_run
[M::mem_process_seqs_merge2] CPE FASTQ formatting done
start swbwa_cross_run
slave pre done
now n is 1016930
start swbwa_cross_run
processed 1016930
[M::mem_process_seqs_merge2] Processed 1016930 reads in 0.090 CPU sec, 1.804 real sec
[M::process] read chunk (19660800 bytes/CG x 6 CGs, 117964800 bytes)...
[DBG stage1] slow fread: R2 offset=3067059316 requested=117964800 read=117964800 elapsed=1.001 s
start swbwa_cross_run
[M::mem_process_seqs_merge2] CPE FASTQ formatting done
start swbwa_cross_run
slave pre done
now n is 1016930
start swbwa_cross_run
processed 1016930
[M::mem_process_seqs_merge2] Processed 1016930 reads in 0.080 CPU sec, 1.778 real sec
[M::process] read chunk (19660800 bytes/CG x 6 CGs, 117964800 bytes)...
[DBG stage1] slow fread: R1 offset=3185023196 requested=117964800 read=117964800 elapsed=1.458 s
[DBG stage1] slow fread: R2 offset=3185023196 requested=117964800 read=117964800 elapsed=1.255 s
start swbwa_cross_run
[M::mem_process_seqs_merge2] CPE FASTQ formatting done
start swbwa_cross_run
slave pre done
now n is 1016930
start swbwa_cross_run
processed 1016930
[M::mem_process_seqs_merge2] Processed 1016930 reads in 0.080 CPU sec, 1.768 real sec
[M::process] read chunk (19660800 bytes/CG x 6 CGs, 117964800 bytes)...
[DBG stage1] slow fread: R1 offset=3302987076 requested=117964800 read=117964800 elapsed=1.298 s
[DBG stage1] slow fread: R2 offset=3302987076 requested=117964800 read=117964800 elapsed=1.256 s
start swbwa_cross_run
[M::mem_process_seqs_merge2] CPE FASTQ formatting done
start swbwa_cross_run
slave pre done
now n is 1016930
start swbwa_cross_run
processed 1016930
[M::mem_process_seqs_merge2] Processed 1016930 reads in 0.080 CPU sec, 2.409 real sec
[M::process] read chunk (19660800 bytes/CG x 6 CGs, 78330392 bytes)...
start swbwa_cross_run
[M::mem_process_seqs_merge2] CPE FASTQ formatting done
start swbwa_cross_run
slave pre done
now n is 675262
start swbwa_cross_run
processed 675262
[M::mem_process_seqs_merge2] Processed 675262 reads in 0.060 CPU sec, 7.400 real sec

====================== SWBWA Output Debug =====================
  MPI rank: 000000 / 000001
  mode:     non-MPI POSIX
  path:     correctness_results/ksw_u8_modes_bigdata_20260827/float16_32/ERR1203383_PE.sam

  Output volume
    output buffer capacity                           67108864
    swbwa_output_write calls                        30549360
    submitted SAM bytes                           8029868861
    buffered flushes                                     120
    buffered flush bytes                          8029868861
    direct oversized writes                                0
    direct oversized bytes                                 0

  Buffering
    buffered flush total                       104.886301 s  (120 calls, 874052.507 us/call)

  POSIX file writes
    write system calls                                    120
    write system-call bytes                        8029868861
    POSIX write system calls                   104.885967 s  (120 calls, 874049.723 us/call)
    POSIX write effective bandwidth                73.011 MiB/s

  Output close timing
    POSIX close                                  0.000242 s  (1 calls,   242.452 us/call)
================================================================


======================= SWBWA Timing Report =======================
  Accumulated wall-clock time; indented rows are included in
  their parent row and must not be added to it.

  Pipeline
    total - complete three-stage pipeline                   279.890 s
    stage 1 - allocate and read raw FASTQ blocks             80.741 s
    stage 2 - align reads and generate SAM records           62.061 s
    stage 3 - write SAM and release batch data              136.477 s
      SAM output writes                                       125.516 s
      batch cleanup and loop overhead (derived)                10.961 s

  Stage 1 input details
    batches completed / stage calls                      30 / 31
    input-buffer and batch allocations                        0.000 s  (91 calls, max 0.000 s)
    aggregate requested allocation bytes           6998682608
    FASTQ fseeko calls                                        0.000 s  (60 calls, max 0.000 s)
    FASTQ fread calls                                        80.708 s  (60 calls, max 2.379 s)
    align chunk ends to FASTQ record boundaries               0.000 s  (58 calls, max 0.000 s)
    scheduler, checks and bookkeeping (derived)               0.032 s
    raw FASTQ bytes read                           6998619184  (6674.403 MiB)
    effective fread bandwidth                         82.699 MiB/s
    slowest allocation                                 0.000 s  (64 bytes)
    slowest fread                                      2.379 s  (R2 offset=2595203796, bytes=117964800)

  Stage 2 worker details
    total - active merge worker                              62.045 s
      part 1 - prepare CPE task and reusable buffers            0.478 s
      part 2 - CPE FASTQ formatting and input release           1.896 s
      part 3 - CPE alignment and SAM length pass               56.091 s
      part 4 - assign slices in the shared SAM buffer           2.319 s
      part 5 - CPE SAM record generation                        1.248 s
      part 6 - release temporary worker data                    0.000 s

  Reserved allocator timers (no active timing sites)
    malloc timer                                              0.000 s
    free timer                                                0.000 s
===================================================================

[main] Version: 0.0.1
[main] CMD: ./SWBWA mem -v 4 -t 1 -1 -o correctness_results/ksw_u8_modes_bigdata_20260827/float16_32/ERR1203383_PE.sam -I 170,80,500,1 ../data/GRCh38.d1.vd1.fa ../data/bwa_test_big_data/ERR1203383_1.fastq ../data/bwa_test_big_data/ERR1203383_2.fastq
