[M::main_mem] mean insert size: 170.000, stddev: 80.000, max: 500, min: 1
[CPE input] bytes_per_cg=19660800 cg_count=6 chunk_bytes=117964800 file_bytes=3795555588
malloc bwt->bwt 3107576584, 0x580000486040
malloc bwt->sa 1553788264, 0x5800b9823b60
[M::bwa_idx_load_from_disk] read 0 ALT contigs
malloc pac 776894131, 0x580116285940
the input file is ../data/bwa_test_big_data/small_SRR7963242_1.fastq
the input file is ../data/bwa_test_big_data/small_SRR7963242_2.fastq
the output file is correctness_results/ksw_u8_modes_bigdata_20260827/float16_32/small_SRR7963242_PE.sam
[M::process] read chunk (19660800 bytes/CG x 6 CGs, 117964800 bytes)...
[DBG stage1] slow fread: R1 offset=0 requested=117964800 read=117964800 elapsed=1.690 s
[DBG stage1] slow fread: R2 offset=0 requested=117964800 read=117964800 elapsed=1.282 s
[M::swbwa_cross_runtime_init] initialized cross-segment runtime in 0.067 sec
start swbwa_cross_run
[M::mem_process_seqs_merge2] CPE FASTQ formatting done
start swbwa_cross_run
slave pre done
now n is 629832
start swbwa_cross_run
processed 629832
[M::mem_process_seqs_merge2] Processed 629832 reads in 0.120 CPU sec, 6.387 real sec
[M::process] read chunk (19660800 bytes/CG x 6 CGs, 117964800 bytes)...
[DBG stage1] slow fread: R1 offset=117963996 requested=117964800 read=117964800 elapsed=1.151 s
[DBG stage1] slow fread: R2 offset=117963996 requested=117964800 read=117964800 elapsed=1.091 s
start swbwa_cross_run
[M::mem_process_seqs_merge2] CPE FASTQ formatting done
start swbwa_cross_run
slave pre done
now n is 627468
start swbwa_cross_run
processed 627468
[M::mem_process_seqs_merge2] Processed 627468 reads in 0.060 CPU sec, 5.342 real sec
[M::process] read chunk (19660800 bytes/CG x 6 CGs, 117964800 bytes)...
[DBG stage1] slow fread: R1 offset=235927980 requested=117964800 read=117964800 elapsed=2.256 s
[DBG stage1] slow fread: R2 offset=235927980 requested=117964800 read=117964800 elapsed=1.286 s
start swbwa_cross_run
[M::mem_process_seqs_merge2] CPE FASTQ formatting done
start swbwa_cross_run
slave pre done
now n is 627468
start swbwa_cross_run
processed 627468
[M::mem_process_seqs_merge2] Processed 627468 reads in 0.050 CPU sec, 5.500 real sec
[M::process] read chunk (19660800 bytes/CG x 6 CGs, 117964800 bytes)...
[DBG stage1] slow fread: R1 offset=353891964 requested=117964800 read=117964800 elapsed=1.052 s
[DBG stage1] slow fread: R2 offset=353891964 requested=117964800 read=117964800 elapsed=1.482 s
start swbwa_cross_run
[M::mem_process_seqs_merge2] CPE FASTQ formatting done
start swbwa_cross_run
slave pre done
now n is 622076
start swbwa_cross_run
processed 622076
[M::mem_process_seqs_merge2] Processed 622076 reads in 0.050 CPU sec, 5.047 real sec
[M::process] read chunk (19660800 bytes/CG x 6 CGs, 117964800 bytes)...
[DBG stage1] slow fread: R1 offset=471855944 requested=117964800 read=117964800 elapsed=1.188 s
start swbwa_cross_run
[M::mem_process_seqs_merge2] CPE FASTQ formatting done
start swbwa_cross_run
slave pre done
now n is 620862
start swbwa_cross_run
processed 620862
[M::mem_process_seqs_merge2] Processed 620862 reads in 0.060 CPU sec, 5.242 real sec
[M::process] read chunk (19660800 bytes/CG x 6 CGs, 117964800 bytes)...
[DBG stage1] slow fread: R1 offset=589819724 requested=117964800 read=117964800 elapsed=1.426 s
[DBG stage1] slow fread: R2 offset=589819724 requested=117964800 read=117964800 elapsed=1.030 s
start swbwa_cross_run
[M::mem_process_seqs_merge2] CPE FASTQ formatting done
start swbwa_cross_run
slave pre done
now n is 620862
start swbwa_cross_run
processed 620862
[M::mem_process_seqs_merge2] Processed 620862 reads in 0.050 CPU sec, 5.026 real sec
[M::process] read chunk (19660800 bytes/CG x 6 CGs, 117964800 bytes)...
start swbwa_cross_run
[M::mem_process_seqs_merge2] CPE FASTQ formatting done
start swbwa_cross_run
slave pre done
now n is 620862
start swbwa_cross_run
processed 620862
[M::mem_process_seqs_merge2] Processed 620862 reads in 0.050 CPU sec, 5.189 real sec
[M::process] read chunk (19660800 bytes/CG x 6 CGs, 117964800 bytes)...
[DBG stage1] slow fread: R1 offset=825747284 requested=117964800 read=117964800 elapsed=1.351 s
[DBG stage1] slow fread: R2 offset=825747284 requested=117964800 read=117964800 elapsed=1.279 s
start swbwa_cross_run
[M::mem_process_seqs_merge2] CPE FASTQ formatting done
start swbwa_cross_run
slave pre done
now n is 620862
start swbwa_cross_run
processed 620862
[M::mem_process_seqs_merge2] Processed 620862 reads in 0.050 CPU sec, 5.057 real sec
[M::process] read chunk (19660800 bytes/CG x 6 CGs, 117964800 bytes)...
[DBG stage1] slow fread: R1 offset=943711064 requested=117964800 read=117964800 elapsed=1.056 s
[DBG stage1] slow fread: R2 offset=943711064 requested=117964800 read=117964800 elapsed=1.144 s
start swbwa_cross_run
[M::mem_process_seqs_merge2] CPE FASTQ formatting done
start swbwa_cross_run
slave pre done
now n is 620862
start swbwa_cross_run
processed 620862
[M::mem_process_seqs_merge2] Processed 620862 reads in 0.050 CPU sec, 5.796 real sec
[M::process] read chunk (19660800 bytes/CG x 6 CGs, 117964800 bytes)...
[DBG stage1] slow fread: R1 offset=1061674844 requested=117964800 read=117964800 elapsed=1.235 s
[DBG stage1] slow fread: R2 offset=1061674844 requested=117964800 read=117964800 elapsed=1.368 s
start swbwa_cross_run
[M::mem_process_seqs_merge2] CPE FASTQ formatting done
start swbwa_cross_run
slave pre done
now n is 620862
start swbwa_cross_run
processed 620862
[M::mem_process_seqs_merge2] Processed 620862 reads in 0.060 CPU sec, 5.143 real sec
[M::process] read chunk (19660800 bytes/CG x 6 CGs, 117964800 bytes)...
[DBG stage1] slow fread: R1 offset=1179638624 requested=117964800 read=117964800 elapsed=1.111 s
[DBG stage1] slow fread: R2 offset=1179638624 requested=117964800 read=117964800 elapsed=2.059 s
start swbwa_cross_run
[M::mem_process_seqs_merge2] CPE FASTQ formatting done
start swbwa_cross_run
slave pre done
now n is 620862
start swbwa_cross_run
processed 620862
[M::mem_process_seqs_merge2] Processed 620862 reads in 0.050 CPU sec, 5.479 real sec
[M::process] read chunk (19660800 bytes/CG x 6 CGs, 117964800 bytes)...
[DBG stage1] slow fread: R1 offset=1297602404 requested=117964800 read=117964800 elapsed=1.106 s
[DBG stage1] slow fread: R2 offset=1297602404 requested=117964800 read=117964800 elapsed=1.067 s
start swbwa_cross_run
[M::mem_process_seqs_merge2] CPE FASTQ formatting done
start swbwa_cross_run
slave pre done
now n is 620862
start swbwa_cross_run
processed 620862
[M::mem_process_seqs_merge2] Processed 620862 reads in 0.060 CPU sec, 5.393 real sec
[M::process] read chunk (19660800 bytes/CG x 6 CGs, 117964800 bytes)...
[DBG stage1] slow fread: R1 offset=1415566184 requested=117964800 read=117964800 elapsed=1.220 s
[DBG stage1] slow fread: R2 offset=1415566184 requested=117964800 read=117964800 elapsed=1.471 s
start swbwa_cross_run
[M::mem_process_seqs_merge2] CPE FASTQ formatting done
start swbwa_cross_run
slave pre done
now n is 620862
start swbwa_cross_run
processed 620862
[M::mem_process_seqs_merge2] Processed 620862 reads in 0.060 CPU sec, 5.298 real sec
[M::process] read chunk (19660800 bytes/CG x 6 CGs, 117964800 bytes)...
[DBG stage1] slow fread: R1 offset=1533529964 requested=117964800 read=117964800 elapsed=1.201 s
[DBG stage1] slow fread: R2 offset=1533529964 requested=117964800 read=117964800 elapsed=1.101 s
start swbwa_cross_run
[M::mem_process_seqs_merge2] CPE FASTQ formatting done
start swbwa_cross_run
slave pre done
now n is 620862
start swbwa_cross_run
processed 620862
[M::mem_process_seqs_merge2] Processed 620862 reads in 0.060 CPU sec, 5.081 real sec
[M::process] read chunk (19660800 bytes/CG x 6 CGs, 117964800 bytes)...
[DBG stage1] slow fread: R1 offset=1651493744 requested=117964800 read=117964800 elapsed=1.144 s
[DBG stage1] slow fread: R2 offset=1651493744 requested=117964800 read=117964800 elapsed=1.561 s
start swbwa_cross_run
[M::mem_process_seqs_merge2] CPE FASTQ formatting done
start swbwa_cross_run
slave pre done
now n is 620862
start swbwa_cross_run
processed 620862
[M::mem_process_seqs_merge2] Processed 620862 reads in 0.050 CPU sec, 5.156 real sec
[M::process] read chunk (19660800 bytes/CG x 6 CGs, 117964800 bytes)...
[DBG stage1] slow fread: R1 offset=1769457524 requested=117964800 read=117964800 elapsed=1.234 s
[DBG stage1] slow fread: R2 offset=1769457524 requested=117964800 read=117964800 elapsed=1.118 s
start swbwa_cross_run
[M::mem_process_seqs_merge2] CPE FASTQ formatting done
start swbwa_cross_run
slave pre done
now n is 620862
start swbwa_cross_run
processed 620862
[M::mem_process_seqs_merge2] Processed 620862 reads in 0.060 CPU sec, 5.101 real sec
[M::process] read chunk (19660800 bytes/CG x 6 CGs, 117964800 bytes)...
[DBG stage1] slow fread: R2 offset=1887421304 requested=117964800 read=117964800 elapsed=1.034 s
start swbwa_cross_run
[M::mem_process_seqs_merge2] CPE FASTQ formatting done
start swbwa_cross_run
slave pre done
now n is 620862
start swbwa_cross_run
processed 620862
[M::mem_process_seqs_merge2] Processed 620862 reads in 0.060 CPU sec, 5.201 real sec
[M::process] read chunk (19660800 bytes/CG x 6 CGs, 117964800 bytes)...
[DBG stage1] slow fread: R1 offset=2005385084 requested=117964800 read=117964800 elapsed=1.568 s
[DBG stage1] slow fread: R2 offset=2005385084 requested=117964800 read=117964800 elapsed=1.387 s
start swbwa_cross_run
[M::mem_process_seqs_merge2] CPE FASTQ formatting done
start swbwa_cross_run
slave pre done
now n is 620862
start swbwa_cross_run
processed 620862
[M::mem_process_seqs_merge2] Processed 620862 reads in 0.050 CPU sec, 5.187 real sec
[M::process] read chunk (19660800 bytes/CG x 6 CGs, 117964800 bytes)...
[DBG stage1] slow fread: R1 offset=2123348864 requested=117964800 read=117964800 elapsed=1.128 s
[DBG stage1] slow fread: R2 offset=2123348864 requested=117964800 read=117964800 elapsed=1.634 s
start swbwa_cross_run
[M::mem_process_seqs_merge2] CPE FASTQ formatting done
start swbwa_cross_run
slave pre done
now n is 620862
start swbwa_cross_run
processed 620862
[M::mem_process_seqs_merge2] Processed 620862 reads in 0.050 CPU sec, 5.147 real sec
[M::process] read chunk (19660800 bytes/CG x 6 CGs, 117964800 bytes)...
[DBG stage1] slow fread: R1 offset=2241312644 requested=117964800 read=117964800 elapsed=1.287 s
[DBG stage1] slow fread: R2 offset=2241312644 requested=117964800 read=117964800 elapsed=1.067 s
start swbwa_cross_run
[M::mem_process_seqs_merge2] CPE FASTQ formatting done
start swbwa_cross_run
slave pre done
now n is 620862
start swbwa_cross_run
processed 620862
[M::mem_process_seqs_merge2] Processed 620862 reads in 0.050 CPU sec, 5.280 real sec
[M::process] read chunk (19660800 bytes/CG x 6 CGs, 117964800 bytes)...
[DBG stage1] slow fread: R1 offset=2359276424 requested=117964800 read=117964800 elapsed=1.204 s
[DBG stage1] slow fread: R2 offset=2359276424 requested=117964800 read=117964800 elapsed=1.617 s
start swbwa_cross_run
[M::mem_process_seqs_merge2] CPE FASTQ formatting done
start swbwa_cross_run
slave pre done
now n is 620862
start swbwa_cross_run
processed 620862
[M::mem_process_seqs_merge2] Processed 620862 reads in 0.060 CPU sec, 5.213 real sec
[M::process] read chunk (19660800 bytes/CG x 6 CGs, 117964800 bytes)...
[DBG stage1] slow fread: R1 offset=2477240204 requested=117964800 read=117964800 elapsed=1.193 s
[DBG stage1] slow fread: R2 offset=2477240204 requested=117964800 read=117964800 elapsed=1.055 s
start swbwa_cross_run
[M::mem_process_seqs_merge2] CPE FASTQ formatting done
start swbwa_cross_run
slave pre done
now n is 620862
start swbwa_cross_run
processed 620862
[M::mem_process_seqs_merge2] Processed 620862 reads in 0.060 CPU sec, 5.444 real sec
[M::process] read chunk (19660800 bytes/CG x 6 CGs, 117964800 bytes)...
[DBG stage1] slow fread: R1 offset=2595203984 requested=117964800 read=117964800 elapsed=1.061 s
[DBG stage1] slow fread: R2 offset=2595203984 requested=117964800 read=117964800 elapsed=1.269 s
start swbwa_cross_run
[M::mem_process_seqs_merge2] CPE FASTQ formatting done
start swbwa_cross_run
slave pre done
now n is 620862
start swbwa_cross_run
processed 620862
[M::mem_process_seqs_merge2] Processed 620862 reads in 0.050 CPU sec, 5.305 real sec
[M::process] read chunk (19660800 bytes/CG x 6 CGs, 117964800 bytes)...
[DBG stage1] slow fread: R1 offset=2713167764 requested=117964800 read=117964800 elapsed=1.722 s
[DBG stage1] slow fread: R2 offset=2713167764 requested=117964800 read=117964800 elapsed=1.111 s
start swbwa_cross_run
[M::mem_process_seqs_merge2] CPE FASTQ formatting done
start swbwa_cross_run
slave pre done
now n is 620862
start swbwa_cross_run
processed 620862
[M::mem_process_seqs_merge2] Processed 620862 reads in 0.050 CPU sec, 5.208 real sec
[M::process] read chunk (19660800 bytes/CG x 6 CGs, 117964800 bytes)...
[DBG stage1] slow fread: R1 offset=2831131544 requested=117964800 read=117964800 elapsed=1.123 s
[DBG stage1] slow fread: R2 offset=2831131544 requested=117964800 read=117964800 elapsed=1.211 s
start swbwa_cross_run
[M::mem_process_seqs_merge2] CPE FASTQ formatting done
start swbwa_cross_run
slave pre done
now n is 620862
start swbwa_cross_run
processed 620862
[M::mem_process_seqs_merge2] Processed 620862 reads in 0.060 CPU sec, 5.111 real sec
[M::process] read chunk (19660800 bytes/CG x 6 CGs, 117964800 bytes)...
[DBG stage1] slow fread: R1 offset=2949095324 requested=117964800 read=117964800 elapsed=1.696 s
[DBG stage1] slow fread: R2 offset=2949095324 requested=117964800 read=117964800 elapsed=1.358 s
start swbwa_cross_run
[M::mem_process_seqs_merge2] CPE FASTQ formatting done
start swbwa_cross_run
slave pre done
now n is 620862
start swbwa_cross_run
processed 620862
[M::mem_process_seqs_merge2] Processed 620862 reads in 0.050 CPU sec, 5.296 real sec
[M::process] read chunk (19660800 bytes/CG x 6 CGs, 117964800 bytes)...
[DBG stage1] slow fread: R1 offset=3067059104 requested=117964800 read=117964800 elapsed=1.701 s
[DBG stage1] slow fread: R2 offset=3067059104 requested=117964800 read=117964800 elapsed=1.557 s
start swbwa_cross_run
[M::mem_process_seqs_merge2] CPE FASTQ formatting done
start swbwa_cross_run
slave pre done
now n is 620862
start swbwa_cross_run
processed 620862
[M::mem_process_seqs_merge2] Processed 620862 reads in 0.050 CPU sec, 5.415 real sec
[M::process] read chunk (19660800 bytes/CG x 6 CGs, 117964800 bytes)...
[DBG stage1] slow fread: R1 offset=3185022884 requested=117964800 read=117964800 elapsed=1.191 s
[DBG stage1] slow fread: R2 offset=3185022884 requested=117964800 read=117964800 elapsed=1.180 s
start swbwa_cross_run
[M::mem_process_seqs_merge2] CPE FASTQ formatting done
start swbwa_cross_run
slave pre done
now n is 620862
start swbwa_cross_run
processed 620862
[M::mem_process_seqs_merge2] Processed 620862 reads in 0.050 CPU sec, 5.197 real sec
[M::process] read chunk (19660800 bytes/CG x 6 CGs, 117964800 bytes)...
[DBG stage1] slow fread: R1 offset=3302986664 requested=117964800 read=117964800 elapsed=1.621 s
[DBG stage1] slow fread: R2 offset=3302986664 requested=117964800 read=117964800 elapsed=1.208 s
start swbwa_cross_run
[M::mem_process_seqs_merge2] CPE FASTQ formatting done
start swbwa_cross_run
slave pre done
now n is 620862
start swbwa_cross_run
processed 620862
[M::mem_process_seqs_merge2] Processed 620862 reads in 0.050 CPU sec, 5.189 real sec
[M::process] read chunk (19660800 bytes/CG x 6 CGs, 117964800 bytes)...
[DBG stage1] slow fread: R1 offset=3420950444 requested=117964800 read=117964800 elapsed=1.155 s
[DBG stage1] slow fread: R2 offset=3420950444 requested=117964800 read=117964800 elapsed=1.225 s
start swbwa_cross_run
[M::mem_process_seqs_merge2] CPE FASTQ formatting done
start swbwa_cross_run
slave pre done
now n is 620862
start swbwa_cross_run
processed 620862
[M::mem_process_seqs_merge2] Processed 620862 reads in 0.050 CPU sec, 5.038 real sec
[M::process] read chunk (19660800 bytes/CG x 6 CGs, 117964800 bytes)...
[DBG stage1] slow fread: R1 offset=3538914224 requested=117964800 read=117964800 elapsed=1.434 s
[DBG stage1] slow fread: R2 offset=3538914224 requested=117964800 read=117964800 elapsed=1.705 s
start swbwa_cross_run
[M::mem_process_seqs_merge2] CPE FASTQ formatting done
start swbwa_cross_run
slave pre done
now n is 620862
start swbwa_cross_run
processed 620862
[M::mem_process_seqs_merge2] Processed 620862 reads in 0.050 CPU sec, 5.148 real sec
[M::process] read chunk (19660800 bytes/CG x 6 CGs, 117964800 bytes)...
[DBG stage1] slow fread: R1 offset=3656878004 requested=117964800 read=117964800 elapsed=1.140 s
[DBG stage1] slow fread: R2 offset=3656878004 requested=117964800 read=117964800 elapsed=1.182 s
start swbwa_cross_run
[M::mem_process_seqs_merge2] CPE FASTQ formatting done
start swbwa_cross_run
slave pre done
now n is 620862
start swbwa_cross_run
processed 620862
[M::mem_process_seqs_merge2] Processed 620862 reads in 0.060 CPU sec, 5.251 real sec
[M::process] read chunk (19660800 bytes/CG x 6 CGs, 20713804 bytes)...
start swbwa_cross_run
[M::mem_process_seqs_merge2] CPE FASTQ formatting done
start swbwa_cross_run
slave pre done
now n is 109020
start swbwa_cross_run
processed 109020
[M::mem_process_seqs_merge2] Processed 109020 reads in 0.020 CPU sec, 1.419 real sec

====================== SWBWA Output Debug =====================
  MPI rank: 000000 / 000001
  mode:     non-MPI POSIX
  path:     correctness_results/ksw_u8_modes_bigdata_20260827/float16_32/small_SRR7963242_PE.sam

  Output volume
    output buffer capacity                           67108864
    swbwa_output_write calls                        20000000
    submitted SAM bytes                           8434324786
    buffered flushes                                     126
    buffered flush bytes                          8434324786
    direct oversized writes                                0
    direct oversized bytes                                 0

  Buffering
    buffered flush total                       109.579739 s  (126 calls, 869680.471 us/call)

  POSIX file writes
    write system calls                                    126
    write system-call bytes                        8434324786
    POSIX write system calls                   109.579392 s  (126 calls, 869677.711 us/call)
    POSIX write effective bandwidth                73.404 MiB/s

  Output close timing
    POSIX close                                  0.000287 s  (1 calls,   287.053 us/call)
================================================================


======================= SWBWA Timing Report =======================
  Accumulated wall-clock time; indented rows are included in
  their parent row and must not be added to it.

  Pipeline
    total - complete three-stage pipeline                   385.237 s
    stage 1 - allocate and read raw FASTQ blocks             83.182 s
    stage 2 - align reads and generate SAM records          170.304 s
    stage 3 - write SAM and release batch data              131.126 s
      SAM output writes                                       123.910 s
      batch cleanup and loop overhead (derived)                 7.216 s

  Stage 1 input details
    batches completed / stage calls                      33 / 34
    input-buffer and batch allocations                        0.000 s  (100 calls, max 0.000 s)
    aggregate requested allocation bytes           7591244568
    FASTQ fseeko calls                                        0.001 s  (66 calls, max 0.000 s)
    FASTQ fread calls                                        83.141 s  (66 calls, max 2.256 s)
    align chunk ends to FASTQ record boundaries               0.000 s  (64 calls, max 0.000 s)
    scheduler, checks and bookkeeping (derived)               0.039 s
    raw FASTQ bytes read                           7591174808  (7239.508 MiB)
    effective fread bandwidth                         87.075 MiB/s
    slowest allocation                                 0.000 s  (64 bytes)
    slowest fread                                      2.256 s  (R1 offset=235927980, bytes=117964800)

  Stage 2 worker details
    total - active merge worker                             170.285 s
      part 1 - prepare CPE task and reusable buffers            0.505 s
      part 2 - CPE FASTQ formatting and input release           1.437 s
      part 3 - CPE alignment and SAM length pass              165.761 s
      part 4 - assign slices in the shared SAM buffer           1.541 s
      part 5 - CPE SAM record generation                        1.025 s
      part 6 - release temporary worker data                    0.001 s

  Reserved allocator timers (no active timing sites)
    malloc timer                                              0.000 s
    free timer                                                0.000 s
===================================================================

[main] Version: 0.0.1
[main] CMD: ./SWBWA mem -v 4 -t 1 -1 -o correctness_results/ksw_u8_modes_bigdata_20260827/float16_32/small_SRR7963242_PE.sam -I 170,80,500,1 ../data/GRCh38.d1.vd1.fa ../data/bwa_test_big_data/small_SRR7963242_1.fastq ../data/bwa_test_big_data/small_SRR7963242_2.fastq
