[M::main_mem] mean insert size: 170.000, stddev: 80.000, max: 500, min: 1
[MPI input] mode=dynamic chunks=49 bytes_per_cg=19660800 cg_count=1 chunk_bytes=19660800 file_bytes=945555584 scheduler=distributed read_index=exact
malloc bwt->bwt 3107576584, 0x500008804020
malloc bwt->bwt 3107576584, 0x500008804020
malloc bwt->bwt 3107576584, 0x500008804020
malloc bwt->bwt 3107576584, 0x500008804020
malloc bwt->bwt 3107576584, 0x500008804020
malloc bwt->bwt 3107576584, 0x500008804020
malloc bwt->sa 1553788264, 0x5000c1ba1b40
malloc bwt->sa 1553788264, 0x5000c1ba1b40
malloc bwt->sa 1553788264, 0x5000c1ba1b40
malloc bwt->sa 1553788264, 0x5000c1ba1b40
malloc bwt->sa 1553788264, 0x5000c1ba1b40
malloc bwt->sa 1553788264, 0x5000c1ba1b40
[M::bwa_idx_load_from_disk] read 0 ALT contigs
[M::bwa_idx_load_from_disk] read 0 ALT contigs
[M::bwa_idx_load_from_disk] read 0 ALT contigs
[M::bwa_idx_load_from_disk] read 0 ALT contigs
[M::bwa_idx_load_from_disk] read 0 ALT contigs
[M::bwa_idx_load_from_disk] read 0 ALT contigs
malloc pac 776894131, 0x50011e5708c0
malloc pac 776894131, 0x50011e5708c0
malloc pac 776894131, 0x50011e5708c0
malloc pac 776894131, 0x50011e5708c0
malloc pac 776894131, 0x50011e5708c0
malloc pac 776894131, 0x50011e5708c0
the input file is ../../../data/SRR7963242_1.fastq_1
[MPI rank 000000/000006] output: correctness_results/study_final/has1/SRR7963242_SE.sam
[MPI rank 000001/000006] output: correctness_results/study_final/has1/SRR7963242_SE.sam
[MPI rank 000002/000006] output: correctness_results/study_final/has1/SRR7963242_SE.sam
[MPI rank 000003/000006] output: correctness_results/study_final/has1/SRR7963242_SE.sam
[MPI rank 000004/000006] output: correctness_results/study_final/has1/SRR7963242_SE.sam
[MPI rank 000005/000006] output: correctness_results/study_final/has1/SRR7963242_SE.sam
[M::process] read chunk (19660800 bytes/CG x 1 CGs, 19660664 bytes)...
[M::process] read chunk (19660800 bytes/CG x 1 CGs, 19661040 bytes)...
[M::process] read chunk (19660800 bytes/CG x 1 CGs, 19661160 bytes)...
[M::process] read chunk (19660800 bytes/CG x 1 CGs, 19660556 bytes)...
[M::process] read chunk (19660800 bytes/CG x 1 CGs, 19660664 bytes)...
[M::process] read chunk (19660800 bytes/CG x 1 CGs, 19661040 bytes)...
[M::mem_process_seqs_merge2] CPE FASTQ formatting done
[M::mem_process_seqs_merge2] CPE FASTQ formatting done
[M::mem_process_seqs_merge2] CPE FASTQ formatting done
[M::mem_process_seqs_merge2] CPE FASTQ formatting done
[M::mem_process_seqs_merge2] CPE FASTQ formatting done
[M::mem_process_seqs_merge2] CPE FASTQ formatting done
slave pre done
now n is 52289
processed 52289
[M::mem_process_seqs_merge2] Processed 52289 reads in 0.600 CPU sec, 2.462 real sec
slave pre done
now n is 52289
slave pre done
now n is 52789
processed 52289
[M::mem_process_seqs_merge2] Processed 52289 reads in 0.530 CPU sec, 2.460 real sec
processed 52789
[M::mem_process_seqs_merge2] Processed 52789 reads in 0.560 CPU sec, 2.539 real sec
[M::process] read chunk (19660800 bytes/CG x 1 CGs, 19660664 bytes)...
slave pre done
now n is 52290
processed 52290
[M::mem_process_seqs_merge2] Processed 52290 reads in 0.570 CPU sec, 2.556 real sec
slave pre done
now n is 52290
[M::process] read chunk (19660800 bytes/CG x 1 CGs, 19660664 bytes)...
processed 52290
[M::mem_process_seqs_merge2] Processed 52290 reads in 0.570 CPU sec, 2.678 real sec
[M::process] read chunk (19660800 bytes/CG x 1 CGs, 19660664 bytes)...
[M::process] read chunk (19660800 bytes/CG x 1 CGs, 19661040 bytes)...
[M::process] read chunk (19660800 bytes/CG x 1 CGs, 19661040 bytes)...
[M::mem_process_seqs_merge2] CPE FASTQ formatting done
slave pre done
now n is 52972
processed 52972
[M::mem_process_seqs_merge2] Processed 52972 reads in 0.570 CPU sec, 2.942 real sec
[M::process] read chunk (19660800 bytes/CG x 1 CGs, 19660664 bytes)...
[M::mem_process_seqs_merge2] CPE FASTQ formatting done
[M::mem_process_seqs_merge2] CPE FASTQ formatting done
[M::mem_process_seqs_merge2] CPE FASTQ formatting done
[M::mem_process_seqs_merge2] CPE FASTQ formatting done
[M::mem_process_seqs_merge2] CPE FASTQ formatting done
slave pre done
now n is 52289
processed 52289
[M::mem_process_seqs_merge2] Processed 52289 reads in 0.060 CPU sec, 1.594 real sec
[M::process] read chunk (19660800 bytes/CG x 1 CGs, 19660664 bytes)...
slave pre done
now n is 52290
[M::mem_process_seqs_merge2] CPE FASTQ formatting done
processed 52290
[M::mem_process_seqs_merge2] Processed 52290 reads in 0.050 CPU sec, 1.539 real sec
slave pre done
now n is 52289
processed 52289
[M::mem_process_seqs_merge2] Processed 52289 reads in 0.050 CPU sec, 1.610 real sec
slave pre done
now n is 52290
slave pre done
now n is 52289
processed 52289
[M::mem_process_seqs_merge2] Processed 52289 reads in 0.040 CPU sec, 1.676 real sec
processed 52290
[M::mem_process_seqs_merge2] Processed 52290 reads in 0.070 CPU sec, 1.626 real sec
slave pre done
now n is 52289
processed 52289
[M::mem_process_seqs_merge2] Processed 52289 reads in 0.060 CPU sec, 1.582 real sec
[M::process] read chunk (19660800 bytes/CG x 1 CGs, 19660664 bytes)...
[M::process] read chunk (19660800 bytes/CG x 1 CGs, 19660664 bytes)...
[M::process] read chunk (19660800 bytes/CG x 1 CGs, 19661040 bytes)...
[M::process] read chunk (19660800 bytes/CG x 1 CGs, 19661040 bytes)...
[M::process] read chunk (19660800 bytes/CG x 1 CGs, 19660664 bytes)...
[M::mem_process_seqs_merge2] CPE FASTQ formatting done
[M::mem_process_seqs_merge2] CPE FASTQ formatting done
[M::mem_process_seqs_merge2] CPE FASTQ formatting done
[M::mem_process_seqs_merge2] CPE FASTQ formatting done
[M::mem_process_seqs_merge2] CPE FASTQ formatting done
slave pre done
now n is 52289
processed 52289
[M::mem_process_seqs_merge2] Processed 52289 reads in 0.080 CPU sec, 1.636 real sec
[M::process] read chunk (19660800 bytes/CG x 1 CGs, 19660820 bytes)...
[M::mem_process_seqs_merge2] CPE FASTQ formatting done
slave pre done
now n is 52289
slave pre done
now n is 52290
processed 52290
[M::mem_process_seqs_merge2] Processed 52290 reads in 0.030 CPU sec, 1.587 real sec
slave pre done
now n is 52289
processed 52289
[M::mem_process_seqs_merge2] Processed 52289 reads in 0.060 CPU sec, 1.524 real sec
processed 52289
[M::mem_process_seqs_merge2] Processed 52289 reads in 0.010 CPU sec, 1.636 real sec
slave pre done
now n is 52289
[M::process] read chunk (19660800 bytes/CG x 1 CGs, 19660820 bytes)...
processed 52289
[M::mem_process_seqs_merge2] Processed 52289 reads in 0.050 CPU sec, 1.535 real sec
slave pre done
now n is 52290
processed 52290
[M::mem_process_seqs_merge2] Processed 52290 reads in 0.050 CPU sec, 1.599 real sec
[M::process] read chunk (19660800 bytes/CG x 1 CGs, 19660664 bytes)...
[M::process] read chunk (19660800 bytes/CG x 1 CGs, 19660824 bytes)...
[M::process] read chunk (19660800 bytes/CG x 1 CGs, 19660820 bytes)...
[M::process] read chunk (19660800 bytes/CG x 1 CGs, 19660820 bytes)...
[M::mem_process_seqs_merge2] CPE FASTQ formatting done
[M::mem_process_seqs_merge2] CPE FASTQ formatting done
[M::mem_process_seqs_merge2] CPE FASTQ formatting done
[M::mem_process_seqs_merge2] CPE FASTQ formatting done
[M::mem_process_seqs_merge2] CPE FASTQ formatting done
slave pre done
now n is 51739
processed 51739
[M::mem_process_seqs_merge2] Processed 51739 reads in 0.080 CPU sec, 1.491 real sec
slave pre done
now n is 51739
processed 51739
[M::mem_process_seqs_merge2] Processed 51739 reads in 0.130 CPU sec, 1.463 real sec
slave pre done
now n is 51739
processed 51739
[M::mem_process_seqs_merge2] Processed 51739 reads in 0.040 CPU sec, 1.494 real sec
slave pre done
now n is 51795
processed 51795
[M::mem_process_seqs_merge2] Processed 51795 reads in 0.080 CPU sec, 1.575 real sec
slave pre done
now n is 51739
slave pre done
now n is 52289
processed 51739
[M::mem_process_seqs_merge2] Processed 51739 reads in 0.030 CPU sec, 1.523 real sec
processed 52289
[M::mem_process_seqs_merge2] Processed 52289 reads in 0.010 CPU sec, 1.570 real sec
[M::process] read chunk (19660800 bytes/CG x 1 CGs, 19660820 bytes)...
[M::mem_process_seqs_merge2] CPE FASTQ formatting done
[M::process] read chunk (19660800 bytes/CG x 1 CGs, 19660820 bytes)...
[M::mem_process_seqs_merge2] CPE FASTQ formatting done
slave pre done
now n is 51739
processed 51739
[M::mem_process_seqs_merge2] Processed 51739 reads in 0.070 CPU sec, 1.575 real sec
[M::process] read chunk (19660800 bytes/CG x 1 CGs, 19660820 bytes)...
[M::mem_process_seqs_merge2] CPE FASTQ formatting done
[M::process] read chunk (19660800 bytes/CG x 1 CGs, 19660820 bytes)...
[M::mem_process_seqs_merge2] CPE FASTQ formatting done
slave pre done
now n is 51739
processed 51739
[M::mem_process_seqs_merge2] Processed 51739 reads in 0.040 CPU sec, 1.578 real sec
[M::process] read chunk (19660800 bytes/CG x 1 CGs, 19660820 bytes)...
[M::mem_process_seqs_merge2] CPE FASTQ formatting done
slave pre done
now n is 51739
processed 51739
[M::mem_process_seqs_merge2] Processed 51739 reads in 0.070 CPU sec, 1.522 real sec
[M::process] read chunk (19660800 bytes/CG x 1 CGs, 19660820 bytes)...
[M::process] read chunk (19660800 bytes/CG x 1 CGs, 19660820 bytes)...
slave pre done
now n is 51739
[M::mem_process_seqs_merge2] CPE FASTQ formatting done
processed 51739
[M::mem_process_seqs_merge2] Processed 51739 reads in 0.070 CPU sec, 1.484 real sec
[M::process] read chunk (19660800 bytes/CG x 1 CGs, 19660440 bytes)...
[M::mem_process_seqs_merge2] CPE FASTQ formatting done
[M::mem_process_seqs_merge2] CPE FASTQ formatting done
slave pre done
now n is 51739
processed 51739
[M::mem_process_seqs_merge2] Processed 51739 reads in 0.030 CPU sec, 1.479 real sec
[M::process] read chunk (19660800 bytes/CG x 1 CGs, 19660820 bytes)...
[M::mem_process_seqs_merge2] CPE FASTQ formatting done
[M::process] read chunk (19660800 bytes/CG x 1 CGs, 19660820 bytes)...
slave pre done
now n is 51739
processed 51739
[M::mem_process_seqs_merge2] Processed 51739 reads in 0.110 CPU sec, 1.585 real sec
[M::mem_process_seqs_merge2] CPE FASTQ formatting done
slave pre done
now n is 51739
processed 51739
[M::mem_process_seqs_merge2] Processed 51739 reads in 0.070 CPU sec, 1.537 real sec
[M::process] read chunk (19660800 bytes/CG x 1 CGs, 19660820 bytes)...
slave pre done
now n is 51738
[M::mem_process_seqs_merge2] CPE FASTQ formatting done
processed 51738
[M::mem_process_seqs_merge2] Processed 51738 reads in 0.140 CPU sec, 1.540 real sec
[M::process] read chunk (19660800 bytes/CG x 1 CGs, 19660820 bytes)...
[M::mem_process_seqs_merge2] CPE FASTQ formatting done
slave pre done
now n is 51739
processed 51739
[M::mem_process_seqs_merge2] Processed 51739 reads in 0.020 CPU sec, 1.585 real sec
slave pre done
now n is 51739
processed 51739
[M::mem_process_seqs_merge2] Processed 51739 reads in 0.080 CPU sec, 1.541 real sec
[M::process] read chunk (19660800 bytes/CG x 1 CGs, 19660820 bytes)...
[M::process] read chunk (19660800 bytes/CG x 1 CGs, 19660820 bytes)...
slave pre done
now n is 51739
processed 51739
[M::mem_process_seqs_merge2] Processed 51739 reads in 0.060 CPU sec, 1.583 real sec
[M::mem_process_seqs_merge2] CPE FASTQ formatting done
[M::process] read chunk (19660800 bytes/CG x 1 CGs, 19660820 bytes)...
[M::mem_process_seqs_merge2] CPE FASTQ formatting done
[M::mem_process_seqs_merge2] CPE FASTQ formatting done
slave pre done
now n is 51739
processed 51739
[M::mem_process_seqs_merge2] Processed 51739 reads in 0.060 CPU sec, 1.603 real sec
[M::process] read chunk (19660800 bytes/CG x 1 CGs, 19660820 bytes)...
[M::mem_process_seqs_merge2] CPE FASTQ formatting done
slave pre done
now n is 51739
slave pre done
now n is 51739
processed 51739
[M::mem_process_seqs_merge2] Processed 51739 reads in 0.070 CPU sec, 1.507 real sec
processed 51739
[M::mem_process_seqs_merge2] Processed 51739 reads in 0.140 CPU sec, 1.578 real sec
[M::process] read chunk (19660800 bytes/CG x 1 CGs, 19660820 bytes)...
[M::process] read chunk (19660800 bytes/CG x 1 CGs, 19660820 bytes)...
slave pre done
now n is 51739
processed 51739
[M::mem_process_seqs_merge2] Processed 51739 reads in 0.040 CPU sec, 1.537 real sec
[M::mem_process_seqs_merge2] CPE FASTQ formatting done
[M::mem_process_seqs_merge2] CPE FASTQ formatting done
[M::process] read chunk (19660800 bytes/CG x 1 CGs, 19660820 bytes)...
slave pre done
now n is 51739
processed 51739
[M::mem_process_seqs_merge2] Processed 51739 reads in 0.090 CPU sec, 1.505 real sec
[M::mem_process_seqs_merge2] CPE FASTQ formatting done
slave pre done
now n is 51739
processed 51739
[M::mem_process_seqs_merge2] Processed 51739 reads in 0.130 CPU sec, 1.518 real sec
slave pre done
now n is 51739
processed 51739
[M::mem_process_seqs_merge2] Processed 51739 reads in 0.040 CPU sec, 1.539 real sec
[M::process] read chunk (19660800 bytes/CG x 1 CGs, 19660820 bytes)...
[M::mem_process_seqs_merge2] CPE FASTQ formatting done
[M::process] read chunk (19660800 bytes/CG x 1 CGs, 19660820 bytes)...
slave pre done
now n is 51739
processed 51739
[M::mem_process_seqs_merge2] Processed 51739 reads in 0.090 CPU sec, 1.458 real sec
[M::mem_process_seqs_merge2] CPE FASTQ formatting done
[M::process] read chunk (19660800 bytes/CG x 1 CGs, 19660820 bytes)...
[M::mem_process_seqs_merge2] CPE FASTQ formatting done
slave pre done
now n is 51739
processed 51739
[M::mem_process_seqs_merge2] Processed 51739 reads in 0.130 CPU sec, 1.531 real sec
[M::process] read chunk (19660800 bytes/CG x 1 CGs, 19660820 bytes)...
slave pre done
now n is 51739
processed 51739
[M::mem_process_seqs_merge2] Processed 51739 reads in 0.060 CPU sec, 1.564 real sec
[M::mem_process_seqs_merge2] CPE FASTQ formatting done
slave pre done
now n is 51739
processed 51739
[M::mem_process_seqs_merge2] Processed 51739 reads in 0.070 CPU sec, 1.561 real sec
[M::process] read chunk (19660800 bytes/CG x 1 CGs, 19660820 bytes)...
[M::mem_process_seqs_merge2] CPE FASTQ formatting done
[M::process] read chunk (19660800 bytes/CG x 1 CGs, 1836920 bytes)...
[M::mem_process_seqs_merge2] CPE FASTQ formatting done
slave pre done
now n is 51739
processed 51739
[M::mem_process_seqs_merge2] Processed 51739 reads in 0.080 CPU sec, 1.532 real sec
slave pre done
now n is 4834
processed 4834
[M::mem_process_seqs_merge2] Processed 4834 reads in 0.020 CPU sec, 0.283 real sec
slave pre done
now n is 51739
processed 51739
[M::mem_process_seqs_merge2] Processed 51739 reads in 0.070 CPU sec, 1.585 real sec
[MPI rank 000004/000006] input work: chunks=8 records=415562 bytes=157286088
[MPI rank 000003/000006] input work: chunks=9 records=467301 bytes=176946912
[MPI rank 000005/000006] input work: chunks=7 records=363825 bytes=137626024
[MPI rank 000000/000006] input work: chunks=8 records=416795 bytes=157286432
[MPI rank 000002/000006] input work: chunks=9 records=420398 bytes=159123764
[MPI rank 000001/000006] input work: chunks=8 records=416119 bytes=157286364

================ MPI Dynamic Scheduler Debug =================
  MPI rank: 000000 / 000006

  Work summary
    claimed chunks                                          8
    claimed from this rank's queue                          8
    claimed from another rank's queue                       0
    completed FASTQ records                            416795
    claimed input bytes                             157286432

  Scheduler counters
    scheduler_next calls                                    9
    RMA ticket attempts                                    14
    attempts against another rank's queue                   5
    tickets beyond the final chunk                          6
    empty aligned chunks                                    0

  Scheduler timing
    MPI_Win_create (setup)                       0.000201 s  (1 calls,   201.451 us/call)
    MPI_Barrier after setup                      0.000008 s  (1 calls,     8.000 us/call)
    scheduler_next total                         1.808896 s  (9 calls, 200988.469 us/call)
      RMA ticket path total                        1.259828 s  (14 calls, 89987.688 us/call)
        MPI_Win_lock                                 0.000122 s  (14 calls,     8.700 us/call)
        MPI_Fetch_and_op                             0.000072 s  (14 calls,     5.175 us/call)
        MPI_Win_unlock                               1.259613 s  (14 calls, 89972.359 us/call)
        RMA call overhead (derived)                  0.000020 s  (14 calls,     1.453 us/call)
      align nominal offsets to FASTQ records       0.549034 s  (8 calls, 68629.248 us/call)
      scheduler loop/bookkeeping (derived)         0.000035 s  (9 calls,     3.844 us/call)

  Scheduler teardown timing
    MPI_Barrier (wait for other ranks)           1.201449 s  (1 calls, 1201448.577 us/call)
    MPI_Win_free                                 0.000580 s  (1 calls,   580.002 us/call)

  Stage 2 by chunk
    completed chunks                                        8
    accumulated stage 2                             13.904160 s
    average stage 2 per chunk                        1.738020 s
    slowest chunk                                           0
    slowest chunk stage 2                            2.941890 s

    order   chunk  queue        byte range                       bytes      records   stage2(s)
        0       0      0  [           0,     19661160)     19661160        52972    2.941890
        1       6      0  [   117965124,    137625788)     19660664        52289    1.582380
        2      12      0  [   235929860,    255590524)     19660664        52289    1.636088
        3      18      0  [   353894596,    373555260)     19660664        52289    1.570941
        4      24      0  [   471859364,    491520184)     19660820        51739    1.541463
        5      30      0  [   589824284,    609485104)     19660820        51739    1.507366
        6      36      0  [   707788824,    727449644)     19660820        51739    1.538690
        7      42      0  [   825753744,    845414564)     19660820        51739    1.585342
==============================================================


================ MPI Dynamic Scheduler Debug =================
  MPI rank: 000001 / 000006

  Work summary
    claimed chunks                                          8
    claimed from this rank's queue                          8
    claimed from another rank's queue                       0
    completed FASTQ records                            416119
    claimed input bytes                             157286364

  Scheduler counters
    scheduler_next calls                                    9
    RMA ticket attempts                                    14
    attempts against another rank's queue                   5
    tickets beyond the final chunk                          6
    empty aligned chunks                                    0

  Scheduler timing
    MPI_Win_create (setup)                       0.000199 s  (1 calls,   198.901 us/call)
    MPI_Barrier after setup                      0.000011 s  (1 calls,    10.850 us/call)
    scheduler_next total                         4.626968 s  (9 calls, 514107.520 us/call)
      RMA ticket path total                        3.738269 s  (14 calls, 267019.212 us/call)
        MPI_Win_lock                                 0.000069 s  (14 calls,     4.911 us/call)
        MPI_Fetch_and_op                             0.000121 s  (14 calls,     8.632 us/call)
        MPI_Win_unlock                               3.738057 s  (14 calls, 267004.044 us/call)
        RMA call overhead (derived)                  0.000023 s  (14 calls,     1.625 us/call)
      align nominal offsets to FASTQ records       0.888661 s  (8 calls, 111082.683 us/call)
      scheduler loop/bookkeeping (derived)         0.000037 s  (9 calls,     4.139 us/call)

  Scheduler teardown timing
    MPI_Barrier (wait for other ranks)           0.000030 s  (1 calls,    30.000 us/call)
    MPI_Win_free                                 0.000513 s  (1 calls,   513.152 us/call)

  Stage 2 by chunk
    completed chunks                                        8
    accumulated stage 2                             13.561818 s
    average stage 2 per chunk                        1.695227 s
    slowest chunk                                           1
    slowest chunk stage 2                            2.538670 s

    order   chunk  queue        byte range                       bytes      records   stage2(s)
        0       1      1  [    19661160,     39321716)     19660556        52789    2.538670
        1       7      1  [   137625788,    157286452)     19660664        52289    1.610317
        2      13      1  [   255590524,    275251564)     19661040        52290    1.599257
        3      19      1  [   373555260,    393216084)     19660824        51795    1.575210
        4      25      1  [   491520184,    511181004)     19660820        51739    1.584710
        5      31      1  [   609485104,    629145924)     19660820        51739    1.583415
        6      37      1  [   727449644,    747110464)     19660820        51739    1.537739
        7      43      1  [   845414564,    865075384)     19660820        51739    1.532500
==============================================================


================ MPI Dynamic Scheduler Debug =================
  MPI rank: 000002 / 000006

  Work summary
    claimed chunks                                          9
    claimed from this rank's queue                          8
    claimed from another rank's queue                       1
    completed FASTQ records                            420398
    claimed input bytes                             159123764

  Scheduler counters
    scheduler_next calls                                   10
    RMA ticket attempts                                    19
    attempts against another rank's queue                   9
    tickets beyond the final chunk                         10
    empty aligned chunks                                    0

  Scheduler timing
    MPI_Win_create (setup)                       0.000201 s  (1 calls,   201.101 us/call)
    MPI_Barrier after setup                      0.000007 s  (1 calls,     6.800 us/call)
    scheduler_next total                         6.243479 s  (10 calls, 624347.876 us/call)
      RMA ticket path total                        5.529834 s  (19 calls, 291043.905 us/call)
        MPI_Win_lock                                 0.000092 s  (19 calls,     4.845 us/call)
        MPI_Fetch_and_op                             0.000156 s  (19 calls,     8.205 us/call)
        MPI_Win_unlock                               5.529555 s  (19 calls, 291029.226 us/call)
        RMA call overhead (derived)                  0.000031 s  (19 calls,     1.629 us/call)
      align nominal offsets to FASTQ records       0.713599 s  (9 calls, 79288.772 us/call)
      scheduler loop/bookkeeping (derived)         0.000046 s  (10 calls,     4.560 us/call)

  Scheduler teardown timing
    MPI_Barrier (wait for other ranks)           0.793406 s  (1 calls, 793405.852 us/call)
    MPI_Win_free                                 0.000053 s  (1 calls,    52.550 us/call)

  Stage 2 by chunk
    completed chunks                                        9
    accumulated stage 2                             13.587728 s
    average stage 2 per chunk                        1.509748 s
    slowest chunk                                           2
    slowest chunk stage 2                            2.678595 s

    order   chunk  queue        byte range                       bytes      records   stage2(s)
        0       2      2  [    39321716,     58982756)     19661040        52290    2.678595
        1       8      2  [   157286452,    176947492)     19661040        52290    1.538861
        2      14      2  [   275251564,    294912228)     19660664        52289    1.524184
        3      20      2  [   393216084,    412876904)     19660820        51739    1.462749
        4      26      2  [   511181004,    530841824)     19660820        51739    1.578198
        5      32      2  [   629145924,    648806744)     19660820        51739    1.479589
        6      38      2  [   747110464,    766771284)     19660820        51739    1.585092
        7      44      2  [   865075384,    884736204)     19660820        51739    1.457581
        8      48      0  [   943718664,    945555584)      1836920         4834    0.282879
==============================================================


================ MPI Dynamic Scheduler Debug =================
  MPI rank: 000003 / 000006

  Work summary
    claimed chunks                                          9
    claimed from this rank's queue                          8
    claimed from another rank's queue                       1
    completed FASTQ records                            467301
    claimed input bytes                             176946912

  Scheduler counters
    scheduler_next calls                                   10
    RMA ticket attempts                                    17
    attempts against another rank's queue                   7
    tickets beyond the final chunk                          8
    empty aligned chunks                                    0

  Scheduler timing
    MPI_Win_create (setup)                       0.000196 s  (1 calls,   196.351 us/call)
    MPI_Barrier after setup                      0.000011 s  (1 calls,    10.600 us/call)
    scheduler_next total                         5.499635 s  (10 calls, 549963.542 us/call)
      RMA ticket path total                        4.416321 s  (17 calls, 259783.595 us/call)
        MPI_Win_lock                                 0.000080 s  (17 calls,     4.709 us/call)
        MPI_Fetch_and_op                             0.000172 s  (17 calls,    10.103 us/call)
        MPI_Win_unlock                               4.416036 s  (17 calls, 259766.824 us/call)
        RMA call overhead (derived)                  0.000033 s  (17 calls,     1.959 us/call)
      align nominal offsets to FASTQ records       1.083271 s  (9 calls, 120363.412 us/call)
      scheduler loop/bookkeeping (derived)         0.000044 s  (10 calls,     4.360 us/call)

  Scheduler teardown timing
    MPI_Barrier (wait for other ranks)           2.510672 s  (1 calls, 2510672.372 us/call)
    MPI_Win_free                                 0.000519 s  (1 calls,   519.002 us/call)

  Stage 2 by chunk
    completed chunks                                        9
    accumulated stage 2                             14.886096 s
    average stage 2 per chunk                        1.654011 s
    slowest chunk                                           3
    slowest chunk stage 2                            2.462186 s

    order   chunk  queue        byte range                       bytes      records   stage2(s)
        0       3      3  [    58982756,     78643420)     19660664        52289    2.462186
        1       9      3  [   176947492,    196608156)     19660664        52289    1.594349
        2      15      3  [   294912228,    314572892)     19660664        52289    1.636214
        3      21      3  [   412876904,    432537724)     19660820        51739    1.491022
        4      27      3  [   530841824,    550502644)     19660820        51739    1.575814
        5      33      3  [   648806744,    668467564)     19660820        51739    1.522550
        6      39      3  [   766771284,    786432104)     19660820        51739    1.536766
        7      45      3  [   884736204,    904397024)     19660820        51739    1.505667
        8      47      5  [   924057844,    943718664)     19660820        51739    1.561527
==============================================================


================ MPI Dynamic Scheduler Debug =================
  MPI rank: 000004 / 000006

  Work summary
    claimed chunks                                          8
    claimed from this rank's queue                          8
    claimed from another rank's queue                       0
    completed FASTQ records                            415562
    claimed input bytes                             157286088

  Scheduler counters
    scheduler_next calls                                    9
    RMA ticket attempts                                    14
    attempts against another rank's queue                   5
    tickets beyond the final chunk                          6
    empty aligned chunks                                    0

  Scheduler timing
    MPI_Win_create (setup)                       0.000202 s  (1 calls,   201.751 us/call)
    MPI_Barrier after setup                      0.000008 s  (1 calls,     7.600 us/call)
    scheduler_next total                         2.259479 s  (9 calls, 251053.247 us/call)
      RMA ticket path total                        1.415528 s  (14 calls, 101109.161 us/call)
        MPI_Win_lock                                 0.000068 s  (14 calls,     4.836 us/call)
        MPI_Fetch_and_op                             0.000078 s  (14 calls,     5.539 us/call)
        MPI_Win_unlock                               1.415362 s  (14 calls, 101097.290 us/call)
        RMA call overhead (derived)                  0.000021 s  (14 calls,     1.496 us/call)
      align nominal offsets to FASTQ records       0.843913 s  (8 calls, 105489.102 us/call)
      scheduler loop/bookkeeping (derived)         0.000038 s  (9 calls,     4.239 us/call)

  Scheduler teardown timing
    MPI_Barrier (wait for other ranks)           3.403623 s  (1 calls, 3403623.106 us/call)
    MPI_Win_free                                 0.000522 s  (1 calls,   522.152 us/call)

  Stage 2 by chunk
    completed chunks                                        8
    accumulated stage 2                             13.411268 s
    average stage 2 per chunk                        1.676408 s
    slowest chunk                                           4
    slowest chunk stage 2                            2.459577 s

    order   chunk  queue        byte range                       bytes      records   stage2(s)
        0       4      4  [    78643420,     98304084)     19660664        52289    2.459577
        1      10      4  [   196608156,    216268820)     19660664        52289    1.676411
        2      16      4  [   314572892,    334233932)     19661040        52290    1.587463
        3      22      4  [   432537724,    452198544)     19660820        51739    1.494785
        4      28      4  [   550502644,    570163464)     19660820        51739    1.484972
        5      34      4  [   668467564,    688128004)     19660440        51738    1.539946
        6      40      4  [   786432104,    806092924)     19660820        51739    1.603887
        7      46      4  [   904397024,    924057844)     19660820        51739    1.564227
==============================================================


================ MPI Dynamic Scheduler Debug =================
  MPI rank: 000005 / 000006

  Work summary
    claimed chunks                                          7
    claimed from this rank's queue                          7
    claimed from another rank's queue                       0
    completed FASTQ records                            363825
    claimed input bytes                             137626024

  Scheduler counters
    scheduler_next calls                                    8
    RMA ticket attempts                                    13
    attempts against another rank's queue                   5
    tickets beyond the final chunk                          6
    empty aligned chunks                                    0

  Scheduler timing
    MPI_Win_create (setup)                       0.000197 s  (1 calls,   197.401 us/call)
    MPI_Barrier after setup                      0.000012 s  (1 calls,    11.900 us/call)
    scheduler_next total                         1.718568 s  (8 calls, 214821.059 us/call)
      RMA ticket path total                        0.717105 s  (13 calls, 55161.909 us/call)
        MPI_Win_lock                                 0.000061 s  (13 calls,     4.665 us/call)
        MPI_Fetch_and_op                             0.000073 s  (13 calls,     5.631 us/call)
        MPI_Win_unlock                               0.716951 s  (13 calls, 55150.052 us/call)
        RMA call overhead (derived)                  0.000020 s  (13 calls,     1.562 us/call)
      align nominal offsets to FASTQ records       1.001431 s  (7 calls, 143061.544 us/call)
      scheduler loop/bookkeeping (derived)         0.000033 s  (8 calls,     4.106 us/call)

  Scheduler teardown timing
    MPI_Barrier (wait for other ranks)           2.344809 s  (1 calls, 2344808.650 us/call)
    MPI_Win_free                                 0.000517 s  (1 calls,   516.852 us/call)

  Stage 2 by chunk
    completed chunks                                        7
    accumulated stage 2                             11.867493 s
    average stage 2 per chunk                        1.695356 s
    slowest chunk                                           5
    slowest chunk stage 2                            2.556155 s

    order   chunk  queue        byte range                       bytes      records   stage2(s)
        0       5      5  [    98304084,    117965124)     19661040        52290    2.556155
        1      11      5  [   216268820,    235929860)     19661040        52290    1.626092
        2      17      5  [   334233932,    353894596)     19660664        52289    1.534866
        3      23      5  [   452198544,    471859364)     19660820        51739    1.523465
        4      29      5  [   570163464,    589824284)     19660820        51739    1.577899
        5      35      5  [   688128004,    707788824)     19660820        51739    1.517696
        6      41      5  [   806092924,    825753744)     19660820        51739    1.531320
==============================================================


====================== SWBWA Output Debug =====================
  MPI rank: 000000 / 000006
  mode:     MPI single_unordered
  path:     correctness_results/study_final/has1/SRR7963242_SE.sam

  Output volume
    output buffer capacity                           67108864
    swbwa_output_write calls                          416795
    submitted SAM bytes                            163340026
    buffered flushes                                       3
    buffered flush bytes                           163340026
    direct oversized writes                                0
    direct oversized bytes                                 0

  Buffering
    buffered flush total                        10.374801 s  (3 calls, 3458266.893 us/call)

  Global offset reservation
    target rank                                             0
    target relationship                                 local
    reservations                                            3
    reservation total                            0.000077 s  (3 calls,    25.700 us/call)
      MPI_Fetch_and_op                             0.000017 s  (3 calls,     5.567 us/call)
      MPI_Win_flush(target rank 0)                 0.000058 s  (3 calls,    19.167 us/call)
      reservation call overhead (derived)          0.000003 s  (3 calls,     0.967 us/call)

  MPI file writes
    MPI_File_write_at calls                                 3
    MPI_File_write_at bytes                         163340026
    MPI file-write path total                   10.374713 s  (3 calls, 3458237.693 us/call)
      MPI_File_write_at                           10.374703 s  (3 calls, 3458234.443 us/call)
      MPI_Get_count                                0.000007 s  (3 calls,     2.434 us/call)
      file-write call overhead (derived)           0.000002 s  (3 calls,     0.816 us/call)
    MPI_File_write_at effective bandwidth          15.015 MiB/s

  Output close timing
    MPI_File_sync                                0.015186 s  (1 calls, 15186.066 us/call)
    MPI_Win_unlock_all                           0.000030 s  (1 calls,    30.450 us/call)
    MPI_Win_free                                 0.001953 s  (1 calls,  1953.158 us/call)
    MPI_File_close                               0.000834 s  (1 calls,   833.904 us/call)
================================================================


====================== SWBWA Output Debug =====================
  MPI rank: 000001 / 000006
  mode:     MPI single_unordered
  path:     correctness_results/study_final/has1/SRR7963242_SE.sam

  Output volume
    output buffer capacity                           67108864
    swbwa_output_write calls                          416119
    submitted SAM bytes                            163087077
    buffered flushes                                       3
    buffered flush bytes                           163087077
    direct oversized writes                                0
    direct oversized bytes                                 0

  Buffering
    buffered flush total                         8.930457 s  (3 calls, 2976818.948 us/call)

  Global offset reservation
    target rank                                             0
    target relationship                                remote
    reservations                                            3
    reservation total                            0.225281 s  (3 calls, 75093.543 us/call)
      MPI_Fetch_and_op                             0.000060 s  (3 calls,    20.017 us/call)
      MPI_Win_flush(target rank 0)                 0.225217 s  (3 calls, 75072.476 us/call)
      reservation call overhead (derived)          0.000003 s  (3 calls,     1.050 us/call)

  MPI file writes
    MPI_File_write_at calls                                 3
    MPI_File_write_at bytes                         163087077
    MPI file-write path total                    8.705167 s  (3 calls, 2901722.205 us/call)
      MPI_File_write_at                            8.705156 s  (3 calls, 2901718.639 us/call)
      MPI_Get_count                                0.000008 s  (3 calls,     2.700 us/call)
      file-write call overhead (derived)           0.000003 s  (3 calls,     0.867 us/call)
    MPI_File_write_at effective bandwidth          17.867 MiB/s

  Output close timing
    MPI_File_sync                                0.000696 s  (1 calls,   695.803 us/call)
    MPI_Win_unlock_all                           0.000016 s  (1 calls,    16.200 us/call)
    MPI_Win_free                                 0.001286 s  (1 calls,  1285.855 us/call)
    MPI_File_close                               0.000861 s  (1 calls,   861.404 us/call)
================================================================


====================== SWBWA Output Debug =====================
  MPI rank: 000002 / 000006
  mode:     MPI single_unordered
  path:     correctness_results/study_final/has1/SRR7963242_SE.sam

  Output volume
    output buffer capacity                           67108864
    swbwa_output_write calls                          420398
    submitted SAM bytes                            164759511
    buffered flushes                                       3
    buffered flush bytes                           164759511
    direct oversized writes                                0
    direct oversized bytes                                 0

  Buffering
    buffered flush total                         6.489900 s  (3 calls, 2163299.860 us/call)

  Global offset reservation
    target rank                                             0
    target relationship                                remote
    reservations                                            3
    reservation total                            1.144045 s  (3 calls, 381348.376 us/call)
      MPI_Fetch_and_op                             0.000235 s  (3 calls,    78.184 us/call)
      MPI_Win_flush(target rank 0)                 1.143807 s  (3 calls, 381268.875 us/call)
      reservation call overhead (derived)          0.000004 s  (3 calls,     1.317 us/call)

  MPI file writes
    MPI_File_write_at calls                                 3
    MPI_File_write_at bytes                         164759511
    MPI file-write path total                    5.345844 s  (3 calls, 1781948.051 us/call)
      MPI_File_write_at                            5.345833 s  (3 calls, 1781944.351 us/call)
      MPI_Get_count                                0.000009 s  (3 calls,     2.900 us/call)
      file-write call overhead (derived)           0.000002 s  (3 calls,     0.800 us/call)
    MPI_File_write_at effective bandwidth          29.392 MiB/s

  Output close timing
    MPI_File_sync                                0.015938 s  (1 calls, 15937.669 us/call)
    MPI_Win_unlock_all                           0.000164 s  (1 calls,   163.851 us/call)
    MPI_Win_free                                 0.000544 s  (1 calls,   544.102 us/call)
    MPI_File_close                               0.001027 s  (1 calls,  1027.405 us/call)
================================================================


====================== SWBWA Output Debug =====================
  MPI rank: 000003 / 000006
  mode:     MPI single_unordered
  path:     correctness_results/study_final/has1/SRR7963242_SE.sam

  Output volume
    output buffer capacity                           67108864
    swbwa_output_write calls                          467301
    submitted SAM bytes                            183055113
    buffered flushes                                       3
    buffered flush bytes                           183055113
    direct oversized writes                                0
    direct oversized bytes                                 0

  Buffering
    buffered flush total                         4.895023 s  (3 calls, 1631674.248 us/call)

  Global offset reservation
    target rank                                             0
    target relationship                                remote
    reservations                                            3
    reservation total                            0.002478 s  (3 calls,   825.987 us/call)
      MPI_Fetch_and_op                             0.000199 s  (3 calls,    66.167 us/call)
      MPI_Win_flush(target rank 0)                 0.002275 s  (3 calls,   758.270 us/call)
      reservation call overhead (derived)          0.000005 s  (3 calls,     1.550 us/call)

  MPI file writes
    MPI_File_write_at calls                                 3
    MPI_File_write_at bytes                         183055113
    MPI file-write path total                    4.892536 s  (3 calls, 1630845.244 us/call)
      MPI_File_write_at                            4.892523 s  (3 calls, 1630841.077 us/call)
      MPI_Get_count                                0.000010 s  (3 calls,     3.267 us/call)
      file-write call overhead (derived)           0.000003 s  (3 calls,     0.900 us/call)
    MPI_File_write_at effective bandwidth          35.682 MiB/s

  Output close timing
    MPI_File_sync                                0.001865 s  (1 calls,  1864.558 us/call)
    MPI_Win_unlock_all                           0.000041 s  (1 calls,    41.000 us/call)
    MPI_Win_free                                 0.000049 s  (1 calls,    48.850 us/call)
    MPI_File_close                               0.000692 s  (1 calls,   692.153 us/call)
================================================================


====================== SWBWA Output Debug =====================
  MPI rank: 000004 / 000006
  mode:     MPI single_unordered
  path:     correctness_results/study_final/has1/SRR7963242_SE.sam

  Output volume
    output buffer capacity                           67108864
    swbwa_output_write calls                          415562
    submitted SAM bytes                            162793894
    buffered flushes                                       3
    buffered flush bytes                           162793894
    direct oversized writes                                0
    direct oversized bytes                                 0

  Buffering
    buffered flush total                         8.286974 s  (3 calls, 2762324.666 us/call)

  Global offset reservation
    target rank                                             0
    target relationship                                remote
    reservations                                            3
    reservation total                            0.016445 s  (3 calls,  5481.824 us/call)
      MPI_Fetch_and_op                             0.000102 s  (3 calls,    34.133 us/call)
      MPI_Win_flush(target rank 0)                 0.016338 s  (3 calls,  5445.891 us/call)
      reservation call overhead (derived)          0.000005 s  (3 calls,     1.800 us/call)

  MPI file writes
    MPI_File_write_at calls                                 3
    MPI_File_write_at bytes                         162793894
    MPI file-write path total                    8.270520 s  (3 calls, 2756839.892 us/call)
      MPI_File_write_at                            8.270509 s  (3 calls, 2756836.192 us/call)
      MPI_Get_count                                0.000008 s  (3 calls,     2.783 us/call)
      file-write call overhead (derived)           0.000003 s  (3 calls,     0.917 us/call)
    MPI_File_write_at effective bandwidth          18.772 MiB/s

  Output close timing
    MPI_File_sync                                0.014095 s  (1 calls, 14094.861 us/call)
    MPI_Win_unlock_all                           0.000018 s  (1 calls,    18.350 us/call)
    MPI_Win_free                                 0.003273 s  (1 calls,  3273.464 us/call)
    MPI_File_close                               0.000691 s  (1 calls,   691.453 us/call)
================================================================


================ SWBWA CPE/MPI Progress Debug ================
  MPI rank: 000000 / 000006

    phase                      waits     probes   total(s)    avg(us)    max(s)   >=1ms   >=10ms   >=100ms    >=1s  completed
    FASTQ formatting               8         11      0.001    117.223     0.001       0        0         0       0          0
    alignment and SAM length       8      13981      0.107      7.687     0.001       0        0         0       0          0
    SAM record generation          8         16      0.001     63.472     0.000       0        0         0       0          0
    all CPE phases                24      14008      0.110      7.837     0.001       0        0         0       0          0

  Probes marked 'completed' returned with the CPE completion
  flag set. Their full call duration bounds the possible delay.
    completion-observing probe total               0.000000 s
    slowest completion-observing probe             0.000000 s
==============================================================


================ SWBWA CPE/MPI Progress Debug ================
  MPI rank: 000001 / 000006

    phase                      waits     probes   total(s)    avg(us)    max(s)   >=1ms   >=10ms   >=100ms    >=1s  completed

====================== SWBWA Output Debug =====================
  MPI rank: 000005 / 000006
  mode:     MPI single_unordered
  path:     correctness_results/study_final/has1/SRR7963242_SE.sam

  Output volume
    output buffer capacity                           67108864
    swbwa_output_write calls                          363825
    submitted SAM bytes                            142477409
    buffered flushes                                       3
    buffered flush bytes                           142477409
    direct oversized writes                                0
    direct oversized bytes                                 0

  Buffering
    buffered flush total                        11.683367 s  (3 calls, 3894455.723 us/call)

  Global offset reservation
    target rank                                             0
    target relationship                                remote
    reservations                                            3
    reservation total                            7.995671 s  (3 calls, 2665223.693 us/call)
      MPI_Fetch_and_op                             0.000066 s  (3 calls,    21.983 us/call)
      MPI_Win_flush(target rank 0)                 7.995601 s  (3 calls, 2665200.426 us/call)
      reservation call overhead (derived)          0.000004 s  (3 calls,     1.283 us/call)

  MPI file writes
    MPI_File_write_at calls                                 3
    MPI_File_write_at bytes                         142477409
    MPI file-write path total                    3.687686 s  (3 calls, 1229228.547 us/call)
      MPI_File_write_at                            3.687675 s  (3 calls, 1229224.897 us/call)
      MPI_Get_count                                0.000008 s  (3 calls,     2.767 us/call)
      file-write call overhead (derived)           0.000003 s  (3 calls,     0.883 us/call)
    MPI_File_write_at effective bandwidth          36.846 MiB/s

  Output close timing
    MPI_File_sync                                0.014705 s  (1 calls, 14705.364 us/call)
    MPI_Win_unlock_all                           0.000020 s  (1 calls,    19.950 us/call)
    MPI_Win_free                                 0.002611 s  (1 calls,  2611.011 us/call)
    MPI_File_close                               0.000761 s  (1 calls,   760.604 us/call)
================================================================

    FASTQ formatting               8         13      0.000     31.865     0.000       0        0         0       0          0
    alignment and SAM length       8      14443      0.086      5.989     0.000       0        0         0       0          0
    SAM record generation          8         13      0.001     61.593     0.000       0        0         0       0          0
    all CPE phases                24      14469      0.088      6.062     0.000       0        0         0       0          0

  Probes marked 'completed' returned with the CPE completion
  flag set. Their full call duration bounds the possible delay.
    completion-observing probe total               0.000000 s
    slowest completion-observing probe             0.000000 s
==============================================================


================ SWBWA CPE/MPI Progress Debug ================
  MPI rank: 000002 / 000006

    phase                      waits     probes   total(s)    avg(us)    max(s)   >=1ms   >=10ms   >=100ms    >=1s  completed
    FASTQ formatting               9         10      0.000     21.790     0.000       0        0         0       0          0
    alignment and SAM length       9      13874      0.099      7.143     0.009       1        0         0       0          0
    SAM record generation          9         17      0.001     68.547     0.000       0        0         0       0          0
    all CPE phases                27      13901      0.100      7.229     0.009       1        0         0       0          0

  Probes marked 'completed' returned with the CPE completion
  flag set. Their full call duration bounds the possible delay.
    completion-observing probe total               0.000000 s
    slowest completion-observing probe             0.000000 s
==============================================================


================ SWBWA CPE/MPI Progress Debug ================
  MPI rank: 000003 / 000006

    phase                      waits     probes   total(s)    avg(us)    max(s)   >=1ms   >=10ms   >=100ms    >=1s  completed
    FASTQ formatting               9         13      0.000     21.127     0.000       0        0         0       0          0
    alignment and SAM length       9      15940      0.120      7.520     0.000       0        0         0       0          0
    SAM record generation          9         15      0.001     73.147     0.000       0        0         0       0          0
    all CPE phases                27      15968      0.121      7.593     0.000       0        0         0       0          0

  Probes marked 'completed' returned with the CPE completion
  flag set. Their full call duration bounds the possible delay.
    completion-observing probe total               0.000000 s
    slowest completion-observing probe             0.000000 s
==============================================================


================ SWBWA CPE/MPI Progress Debug ================
  MPI rank: 000004 / 000006

    phase                      waits     probes   total(s)    avg(us)    max(s)   >=1ms   >=10ms   >=100ms    >=1s  completed
    FASTQ formatting               8         13      0.000     22.154     0.000       0        0         0       0          0
    alignment and SAM length       8      13841      0.080      5.785     0.000       0        0         0       0          0
    SAM record generation          8         15      0.001     61.664     0.000       0        0         0       0          0
    all CPE phases                24      13869      0.081      5.861     0.000       0        0         0       0          0

  Probes marked 'completed' returned with the CPE completion
  flag set. Their full call duration bounds the possible delay.
    completion-observing probe total               0.000000 s
    slowest completion-observing probe             0.000000 s
==============================================================


================ SWBWA CPE/MPI Progress Debug ================
  MPI rank: 000005 / 000006

    phase                      waits     probes   total(s)    avg(us)    max(s)   >=1ms   >=10ms   >=100ms    >=1s  completed
    FASTQ formatting               7         10      0.000     20.650     0.000       0        0         0       0          0
    alignment and SAM length       7      11830      0.119     10.065     0.002       2        0         0       0          0
    SAM record generation          7         14      0.001     69.711     0.000       0        0         0       0          0
    all CPE phases                21      11854      0.120     10.144     0.002       2        0         0       0          0

  Probes marked 'completed' returned with the CPE completion
  flag set. Their full call duration bounds the possible delay.
    completion-observing probe total               0.000000 s
    slowest completion-observing probe             0.000000 s
==============================================================


======================= SWBWA Timing Report =======================
  MPI rank: 000000 / 000006
  Accumulated wall-clock time; indented rows are included in
  their parent row and must not be added to it.

  Pipeline
    total - complete three-stage pipeline                    30.707 s
    stage 1 - allocate and read raw FASTQ blocks              4.639 s
    stage 2 - align reads and generate SAM records           13.904 s
    stage 3 - write SAM and release batch data                9.732 s
      SAM output writes                                         9.563 s
      batch cleanup and loop overhead (derived)                 0.169 s

  Stage 1 input details
    batches completed / stage calls                       8 / 9
    input-buffer and batch allocations                        0.000 s  (17 calls, max 0.000 s)
    aggregate requested allocation bytes            157295200
    FASTQ fseeko calls                                        0.057 s  (8 calls, max 0.012 s)
    FASTQ fread calls                                         2.771 s  (8 calls, max 0.549 s)
    align chunk ends to FASTQ record boundaries               0.000 s  (0 calls, max 0.000 s)
    scheduler, checks and bookkeeping (derived)               1.811 s
    raw FASTQ bytes read                            157286432  (150.000 MiB)
    effective fread bandwidth                         54.132 MiB/s
    slowest allocation                                 0.000 s  (19661844 bytes)
    slowest fread                                      0.549 s  (R1 offset=0, bytes=19661160)

  Stage 2 worker details
    total - active merge worker                              13.903 s
      part 1 - prepare CPE task and reusable buffers            0.652 s
      part 2 - CPE FASTQ formatting and input release           0.081 s
      part 3 - CPE alignment and SAM length pass               13.010 s
      part 4 - assign slices in the shared SAM buffer           0.030 s
      part 5 - CPE SAM record generation                        0.129 s
      part 6 - release temporary worker data                    0.000 s

  Reserved allocator timers (no active timing sites)
    malloc timer                                              0.000 s
    free timer                                                0.000 s
===================================================================


======================= SWBWA Timing Report =======================
  MPI rank: 000001 / 000006
  Accumulated wall-clock time; indented rows are included in
  their parent row and must not be added to it.

  Pipeline
    total - complete three-stage pipeline                    30.707 s
    stage 1 - allocate and read raw FASTQ blocks              7.619 s
    stage 2 - align reads and generate SAM records           13.562 s
    stage 3 - write SAM and release batch data                8.238 s
      SAM output writes                                         8.071 s
      batch cleanup and loop overhead (derived)                 0.166 s

  Stage 1 input details
    batches completed / stage calls                       8 / 9
    input-buffer and batch allocations                        0.000 s  (17 calls, max 0.000 s)
    aggregate requested allocation bytes            157295132
    FASTQ fseeko calls                                        0.055 s  (8 calls, max 0.012 s)
    FASTQ fread calls                                         2.924 s  (8 calls, max 0.591 s)
    align chunk ends to FASTQ record boundaries               0.000 s  (0 calls, max 0.000 s)
    scheduler, checks and bookkeeping (derived)               4.640 s
    raw FASTQ bytes read                            157286364  (150.000 MiB)
    effective fread bandwidth                         51.302 MiB/s
    slowest allocation                                 0.000 s  (19661844 bytes)
    slowest fread                                      0.591 s  (R1 offset=255590524, bytes=19661040)

  Stage 2 worker details
    total - active merge worker                              13.560 s
      part 1 - prepare CPE task and reusable buffers            0.647 s
      part 2 - CPE FASTQ formatting and input release           0.094 s
      part 3 - CPE alignment and SAM length pass               12.639 s
      part 4 - assign slices in the shared SAM buffer           0.042 s
      part 5 - CPE SAM record generation                        0.136 s
      part 6 - release temporary worker data                    0.001 s

  Reserved allocator timers (no active timing sites)
    malloc timer                                              0.000 s
    free timer                                                0.000 s
===================================================================


======================= SWBWA Timing Report =======================
  MPI rank: 000002 / 000006
  Accumulated wall-clock time; indented rows are included in
  their parent row and must not be added to it.

  Pipeline
    total - complete three-stage pipeline                    30.707 s
    stage 1 - allocate and read raw FASTQ blocks              9.235 s
    stage 2 - align reads and generate SAM records           13.588 s
    stage 3 - write SAM and release batch data                5.453 s
      SAM output writes                                         5.260 s
      batch cleanup and loop overhead (derived)                 0.193 s

  Stage 1 input details
    batches completed / stage calls                       9 / 10
    input-buffer and batch allocations                        0.000 s  (19 calls, max 0.000 s)
    aggregate requested allocation bytes            159133620
    FASTQ fseeko calls                                        0.052 s  (9 calls, max 0.009 s)
    FASTQ fread calls                                         2.937 s  (9 calls, max 0.564 s)
    align chunk ends to FASTQ record boundaries               0.000 s  (0 calls, max 0.000 s)
    scheduler, checks and bookkeeping (derived)               6.245 s
    raw FASTQ bytes read                            159123764  (151.752 MiB)
    effective fread bandwidth                         51.664 MiB/s
    slowest allocation                                 0.000 s  (19662064 bytes)
    slowest fread                                      0.564 s  (R1 offset=275251564, bytes=19660664)

  Stage 2 worker details
    total - active merge worker                              13.586 s
      part 1 - prepare CPE task and reusable buffers            0.622 s
      part 2 - CPE FASTQ formatting and input release           0.074 s
      part 3 - CPE alignment and SAM length pass               12.719 s
      part 4 - assign slices in the shared SAM buffer           0.030 s
      part 5 - CPE SAM record generation                        0.139 s
      part 6 - release temporary worker data                    0.000 s

  Reserved allocator timers (no active timing sites)
    malloc timer                                              0.000 s
    free timer                                                0.000 s
===================================================================


======================= SWBWA Timing Report =======================
  MPI rank: 000003 / 000006
  Accumulated wall-clock time; indented rows are included in
  their parent row and must not be added to it.

  Pipeline
    total - complete three-stage pipeline                    30.707 s
    stage 1 - allocate and read raw FASTQ blocks              7.733 s
    stage 2 - align reads and generate SAM records           14.886 s
    stage 3 - write SAM and release batch data                4.597 s
      SAM output writes                                         4.396 s
      batch cleanup and loop overhead (derived)                 0.201 s

  Stage 1 input details
    batches completed / stage calls                       9 / 10
    input-buffer and batch allocations                        0.000 s  (19 calls, max 0.000 s)
    aggregate requested allocation bytes            176956768
    FASTQ fseeko calls                                        0.057 s  (9 calls, max 0.011 s)
    FASTQ fread calls                                         2.174 s  (9 calls, max 0.440 s)
    align chunk ends to FASTQ record boundaries               0.000 s  (0 calls, max 0.000 s)
    scheduler, checks and bookkeeping (derived)               5.502 s
    raw FASTQ bytes read                            176946912  (168.750 MiB)
    effective fread bandwidth                         77.621 MiB/s
    slowest allocation                                 0.000 s  (19661688 bytes)
    slowest fread                                      0.440 s  (R1 offset=58982756, bytes=19660664)

  Stage 2 worker details
    total - active merge worker                              14.883 s
      part 1 - prepare CPE task and reusable buffers            0.653 s
      part 2 - CPE FASTQ formatting and input release           0.101 s
      part 3 - CPE alignment and SAM length pass               13.940 s
      part 4 - assign slices in the shared SAM buffer           0.036 s
      part 5 - CPE SAM record generation                        0.152 s
      part 6 - release temporary worker data                    0.001 s

  Reserved allocator timers (no active timing sites)
    malloc timer                                              0.000 s
    free timer                                                0.000 s
===================================================================


======================= SWBWA Timing Report =======================
  MPI rank: 000004 / 000006
  Accumulated wall-clock time; indented rows are included in
  their parent row and must not be added to it.

  Pipeline
    total - complete three-stage pipeline                    30.707 s
    stage 1 - allocate and read raw FASTQ blocks              5.027 s
    stage 2 - align reads and generate SAM records           13.411 s
    stage 3 - write SAM and release batch data                7.016 s
      SAM output writes                                         6.853 s
      batch cleanup and loop overhead (derived)                 0.163 s

  Stage 1 input details
    batches completed / stage calls                       8 / 9
    input-buffer and batch allocations                        0.000 s  (17 calls, max 0.000 s)
    aggregate requested allocation bytes            157294856
    FASTQ fseeko calls                                        0.069 s  (8 calls, max 0.012 s)
    FASTQ fread calls                                         2.695 s  (8 calls, max 0.576 s)
    align chunk ends to FASTQ record boundaries               0.000 s  (0 calls, max 0.000 s)
    scheduler, checks and bookkeeping (derived)               2.262 s
    raw FASTQ bytes read                            157286088  (150.000 MiB)
    effective fread bandwidth                         55.651 MiB/s
    slowest allocation                                 0.000 s  (19661464 bytes)
    slowest fread                                      0.576 s  (R1 offset=196608156, bytes=19660664)

  Stage 2 worker details
    total - active merge worker                              13.409 s
      part 1 - prepare CPE task and reusable buffers            0.610 s
      part 2 - CPE FASTQ formatting and input release           0.090 s
      part 3 - CPE alignment and SAM length pass               12.551 s
      part 4 - assign slices in the shared SAM buffer           0.031 s
      part 5 - CPE SAM record generation                        0.127 s
      part 6 - release temporary worker data                    0.000 s

  Reserved allocator timers (no active timing sites)
    malloc timer                                              0.000 s
    free timer                                                0.000 s
===================================================================

[main] Version: 0.0.1
[main] CMD: ./SWBWA mem -v 4 -t 1 -1 -o correctness_results/study_final/has1/SRR7963242_SE.sam -I 170,80,500,1 ../../../data/GRCh38.d1.vd1.fa ../../../data/SRR7963242_1.fastq_1

======================= SWBWA Timing Report =======================
  MPI rank: 000005 / 000006
  Accumulated wall-clock time; indented rows are included in
  their parent row and must not be added to it.

  Pipeline
    total - complete three-stage pipeline                    30.707 s
    stage 1 - allocate and read raw FASTQ blocks              4.251 s
    stage 2 - align reads and generate SAM records           11.867 s
    stage 3 - write SAM and release batch data               11.098 s
      SAM output writes                                        10.933 s
      batch cleanup and loop overhead (derived)                 0.165 s

  Stage 1 input details
    batches completed / stage calls                       7 / 8
    input-buffer and batch allocations                        0.001 s  (15 calls, max 0.001 s)
    aggregate requested allocation bytes            137633704
    FASTQ fseeko calls                                        0.044 s  (7 calls, max 0.010 s)
    FASTQ fread calls                                         2.486 s  (7 calls, max 0.483 s)
    align chunk ends to FASTQ record boundaries               0.000 s  (0 calls, max 0.000 s)
    scheduler, checks and bookkeeping (derived)               1.719 s
    raw FASTQ bytes read                            137626024  (131.250 MiB)
    effective fread bandwidth                         52.787 MiB/s
    slowest allocation                                 0.001 s  (64 bytes)
    slowest fread                                      0.483 s  (R1 offset=334233932, bytes=19660664)

  Stage 2 worker details
    total - active merge worker                              11.866 s
      part 1 - prepare CPE task and reusable buffers            0.826 s
      part 2 - CPE FASTQ formatting and input release           0.078 s
      part 3 - CPE alignment and SAM length pass               10.821 s
      part 4 - assign slices in the shared SAM buffer           0.026 s
      part 5 - CPE SAM record generation                        0.113 s
      part 6 - release temporary worker data                    0.000 s

  Reserved allocator timers (no active timing sites)
    malloc timer                                              0.000 s
    free timer                                                0.000 s
===================================================================
