[M::main_mem] mean insert size: 170.000, stddev: 80.000, max: 500, min: 1
[CPE input] bytes_per_cg=19660800 cg_count=1 chunk_bytes=19660800 file_bytes=945555584
malloc bwt->bwt 3107576584, 0x500002429500
malloc bwt->sa 1553788264, 0x5000bb7c7020
[M::bwa_idx_load_from_disk] read 0 ALT contigs
malloc pac 776894131, 0x500118228940
the input file is ../data/SRR7963242_1.fastq_1
the output file is ./exclu_single2/no1/SRR7963242_SE.sam
[M::process] read chunk (19660800 bytes/CG x 1 CGs, 19660800 bytes)...
step1 0x5000020029e0
[M::process] read chunk (19660800 bytes/CG x 1 CGs, 19660800 bytes)...
step2 get 0x5000020029e0
step1 0x5000020028f0
[M::process] read chunk (19660800 bytes/CG x 1 CGs, 19660800 bytes)...
step1 0x500002002a30
[M::process] read chunk (19660800 bytes/CG x 1 CGs, 19660800 bytes)...
step1 0x500002003e80
[M::process] read chunk (19660800 bytes/CG x 1 CGs, 19660800 bytes)...
[M::mem_process_seqs_merge2] CPE FASTQ formatting done
step1 0x500002003ed0
slave pre done
now n is 52969
processed 52969
[M::mem_process_seqs_merge2] Processed 52969 reads in 2.930 CPU sec, 3.090 real sec
step2 put 0x5000020029e0
step2 get 0x5000020028f0
step3 0x5000020029e0
[M::process] read chunk (19660800 bytes/CG x 1 CGs, 19660800 bytes)...
[M::mem_process_seqs_merge2] CPE FASTQ formatting done
step1 0x500002003f20
slave pre done
now n is 52787
processed 52787
[M::mem_process_seqs_merge2] Processed 52787 reads in 1.860 CPU sec, 1.897 real sec
step2 put 0x5000020028f0
step2 get 0x500002002a30
step3 0x5000020028f0
[M::process] read chunk (19660800 bytes/CG x 1 CGs, 19660800 bytes)...
[M::mem_process_seqs_merge2] CPE FASTQ formatting done
step1 0x5000020029e0
slave pre done
now n is 52287
processed 52287
[M::mem_process_seqs_merge2] Processed 52287 reads in 2.040 CPU sec, 2.036 real sec
step2 put 0x500002002a30
step2 get 0x500002003e80
[M::process] read chunk (19660800 bytes/CG x 1 CGs, 19660800 bytes)...
step3 0x500002002a30
[M::mem_process_seqs_merge2] CPE FASTQ formatting done
step1 0x5000020028f0
slave pre done
now n is 52287
processed 52287
[M::mem_process_seqs_merge2] Processed 52287 reads in 1.780 CPU sec, 1.785 real sec
step2 put 0x500002003e80
step2 get 0x500002003ed0
[M::process] read chunk (19660800 bytes/CG x 1 CGs, 19660800 bytes)...
step3 0x500002003e80
[M::mem_process_seqs_merge2] CPE FASTQ formatting done
step1 0x500002002a30
slave pre done
now n is 52287
processed 52287
[M::mem_process_seqs_merge2] Processed 52287 reads in 1.840 CPU sec, 1.833 real sec
step2 put 0x500002003ed0
step2 get 0x500002003f20
[M::mem_process_seqs_merge2] CPE FASTQ formatting done
step3 0x500002003ed0
[M::process] read chunk (19660800 bytes/CG x 1 CGs, 19660800 bytes)...
step1 0x500002003e80
slave pre done
now n is 52287
processed 52287
[M::mem_process_seqs_merge2] Processed 52287 reads in 1.690 CPU sec, 1.696 real sec
step2 put 0x500002003f20
step2 get 0x5000020029e0
step3 0x500002003f20
[M::process] read chunk (19660800 bytes/CG x 1 CGs, 19660800 bytes)...
[M::mem_process_seqs_merge2] CPE FASTQ formatting done
step1 0x500002003ed0
slave pre done
now n is 52287
processed 52287
[M::mem_process_seqs_merge2] Processed 52287 reads in 1.440 CPU sec, 1.437 real sec
step2 put 0x5000020029e0
step2 get 0x5000020028f0
step3 0x5000020029e0
[M::process] read chunk (19660800 bytes/CG x 1 CGs, 19660800 bytes)...
[M::mem_process_seqs_merge2] CPE FASTQ formatting done
step1 0x500002003f20
slave pre done
now n is 52287
processed 52287
[M::mem_process_seqs_merge2] Processed 52287 reads in 1.480 CPU sec, 1.480 real sec
step2 put 0x5000020028f0
step2 get 0x500002002a30
[M::process] read chunk (19660800 bytes/CG x 1 CGs, 19660800 bytes)...
step3 0x5000020028f0
[M::mem_process_seqs_merge2] CPE FASTQ formatting done
step1 0x5000020029e0
slave pre done
now n is 52287
processed 52287
[M::mem_process_seqs_merge2] Processed 52287 reads in 1.410 CPU sec, 1.411 real sec
step2 put 0x500002002a30
step2 get 0x500002003e80
step3 0x500002002a30
[M::process] read chunk (19660800 bytes/CG x 1 CGs, 19660800 bytes)...
[M::mem_process_seqs_merge2] CPE FASTQ formatting done
step1 0x5000020028f0
slave pre done
now n is 52287
processed 52287
[M::mem_process_seqs_merge2] Processed 52287 reads in 1.450 CPU sec, 1.463 real sec
step2 put 0x500002003e80
step2 get 0x500002003ed0
step3 0x500002003e80
[M::process] read chunk (19660800 bytes/CG x 1 CGs, 19660800 bytes)...
[M::mem_process_seqs_merge2] CPE FASTQ formatting done
step1 0x500002002a30
slave pre done
now n is 52287
processed 52287
[M::mem_process_seqs_merge2] Processed 52287 reads in 1.560 CPU sec, 1.555 real sec
step2 put 0x500002003ed0
step2 get 0x500002003f20
[M::process] read chunk (19660800 bytes/CG x 1 CGs, 19660800 bytes)...
[M::mem_process_seqs_merge2] CPE FASTQ formatting done
step3 0x500002003ed0
step1 0x500002003f70
slave pre done
now n is 52287
processed 52287
[M::mem_process_seqs_merge2] Processed 52287 reads in 1.500 CPU sec, 1.503 real sec
step2 put 0x500002003f20
step2 get 0x5000020029e0
[M::process] read chunk (19660800 bytes/CG x 1 CGs, 19660800 bytes)...
step3 0x500002003f20
[M::mem_process_seqs_merge2] CPE FASTQ formatting done
step1 0x500002003ed0
slave pre done
now n is 52287
processed 52287
[M::mem_process_seqs_merge2] Processed 52287 reads in 1.490 CPU sec, 1.488 real sec
step2 put 0x5000020029e0
step2 get 0x5000020028f0
[M::process] read chunk (19660800 bytes/CG x 1 CGs, 19660800 bytes)...
step3 0x5000020029e0
[M::mem_process_seqs_merge2] CPE FASTQ formatting done
step1 0x500002003f20
slave pre done
now n is 52287
processed 52287
[M::mem_process_seqs_merge2] Processed 52287 reads in 1.470 CPU sec, 1.470 real sec
step2 put 0x5000020028f0
step2 get 0x500002002a30
step3 0x5000020028f0
[M::process] read chunk (19660800 bytes/CG x 1 CGs, 19660800 bytes)...
[M::mem_process_seqs_merge2] CPE FASTQ formatting done
step1 0x5000020029e0
slave pre done
now n is 52287
processed 52287
[M::mem_process_seqs_merge2] Processed 52287 reads in 1.400 CPU sec, 1.399 real sec
step2 put 0x500002002a30
step2 get 0x500002003f70
[M::mem_process_seqs_merge2] CPE FASTQ formatting done
[M::process] read chunk (19660800 bytes/CG x 1 CGs, 19660800 bytes)...
step3 0x500002002a30
step1 0x5000020028f0
slave pre done
now n is 52287
processed 52287
[M::mem_process_seqs_merge2] Processed 52287 reads in 1.500 CPU sec, 1.508 real sec
step2 put 0x500002003f70
step2 get 0x500002003ed0
[M::mem_process_seqs_merge2] CPE FASTQ formatting done
step3 0x500002003f70
[M::process] read chunk (19660800 bytes/CG x 1 CGs, 19660800 bytes)...
step1 0x500002002a30
slave pre done
now n is 52287
processed 52287
[M::mem_process_seqs_merge2] Processed 52287 reads in 1.470 CPU sec, 1.477 real sec
step2 put 0x500002003ed0
step2 get 0x500002003f20
step3 0x500002003ed0
[M::process] read chunk (19660800 bytes/CG x 1 CGs, 19660800 bytes)...
[M::mem_process_seqs_merge2] CPE FASTQ formatting done
step1 0x500002003f70
slave pre done
now n is 52287
processed 52287
[M::mem_process_seqs_merge2] Processed 52287 reads in 1.440 CPU sec, 1.432 real sec
step2 put 0x500002003f20
step2 get 0x5000020029e0
[M::process] read chunk (19660800 bytes/CG x 1 CGs, 19660800 bytes)...
step3 0x500002003f20
[M::mem_process_seqs_merge2] CPE FASTQ formatting done
step1 0x500002003e80
slave pre done
now n is 52287
processed 52287
[M::mem_process_seqs_merge2] Processed 52287 reads in 1.430 CPU sec, 1.434 real sec
step2 put 0x5000020029e0
step2 get 0x5000020028f0
step3 0x5000020029e0
[M::process] read chunk (19660800 bytes/CG x 1 CGs, 19660800 bytes)...
[M::mem_process_seqs_merge2] CPE FASTQ formatting done
step1 0x500002003f20
slave pre done
now n is 51793
processed 51793
[M::mem_process_seqs_merge2] Processed 51793 reads in 1.430 CPU sec, 1.433 real sec
step2 put 0x5000020028f0
step2 get 0x500002002a30
step3 0x5000020028f0
[M::process] read chunk (19660800 bytes/CG x 1 CGs, 19660800 bytes)...
[M::mem_process_seqs_merge2] CPE FASTQ formatting done
step1 0x5000020029e0
slave pre done
now n is 51737
processed 51737
[M::mem_process_seqs_merge2] Processed 51737 reads in 1.340 CPU sec, 1.337 real sec
step2 put 0x500002002a30
step2 get 0x500002003f70
[M::process] read chunk (19660800 bytes/CG x 1 CGs, 19660800 bytes)...
[M::mem_process_seqs_merge2] CPE FASTQ formatting done
step3 0x500002002a30
step1 0x500002003ed0
slave pre done
now n is 51737
processed 51737
[M::mem_process_seqs_merge2] Processed 51737 reads in 1.370 CPU sec, 1.370 real sec
step2 put 0x500002003f70
step2 get 0x500002003e80
step3 0x500002003f70
[M::process] read chunk (19660800 bytes/CG x 1 CGs, 19660800 bytes)...
[M::mem_process_seqs_merge2] CPE FASTQ formatting done
step1 0x500002002a30
slave pre done
now n is 51737
processed 51737
[M::mem_process_seqs_merge2] Processed 51737 reads in 1.370 CPU sec, 1.369 real sec
step2 put 0x500002003e80
step2 get 0x500002003f20
[M::mem_process_seqs_merge2] CPE FASTQ formatting done
[M::process] read chunk (19660800 bytes/CG x 1 CGs, 19660800 bytes)...
step3 0x500002003e80
step1 0x500002003f70
slave pre done
now n is 51737
processed 51737
[M::mem_process_seqs_merge2] Processed 51737 reads in 1.390 CPU sec, 1.403 real sec
step2 put 0x500002003f20
step2 get 0x5000020029e0
[M::process] read chunk (19660800 bytes/CG x 1 CGs, 19660800 bytes)...
step3 0x500002003f20
[M::mem_process_seqs_merge2] CPE FASTQ formatting done
step1 0x500002003e80
slave pre done
now n is 51737
processed 51737
[M::mem_process_seqs_merge2] Processed 51737 reads in 1.410 CPU sec, 1.406 real sec
step2 put 0x5000020029e0
step2 get 0x500002003ed0
[M::mem_process_seqs_merge2] CPE FASTQ formatting done
[M::process] read chunk (19660800 bytes/CG x 1 CGs, 19660800 bytes)...
step3 0x5000020029e0
step1 0x500002003f20
slave pre done
now n is 51737
processed 51737
[M::mem_process_seqs_merge2] Processed 51737 reads in 1.420 CPU sec, 1.427 real sec
step2 put 0x500002003ed0
step2 get 0x500002002a30
[M::process] read chunk (19660800 bytes/CG x 1 CGs, 19660800 bytes)...
step3 0x500002003ed0
[M::mem_process_seqs_merge2] CPE FASTQ formatting done
step1 0x5000020029e0
slave pre done
now n is 51737
processed 51737
[M::mem_process_seqs_merge2] Processed 51737 reads in 1.450 CPU sec, 1.449 real sec
step2 put 0x500002002a30
step2 get 0x500002003f70
[M::process] read chunk (19660800 bytes/CG x 1 CGs, 19660800 bytes)...
step3 0x500002002a30
[M::mem_process_seqs_merge2] CPE FASTQ formatting done
step1 0x500002003ed0
slave pre done
now n is 51737
processed 51737
[M::mem_process_seqs_merge2] Processed 51737 reads in 1.470 CPU sec, 1.465 real sec
step2 put 0x500002003f70
step2 get 0x500002003e80
[M::process] read chunk (19660800 bytes/CG x 1 CGs, 19660800 bytes)...
step3 0x500002003f70
[M::mem_process_seqs_merge2] CPE FASTQ formatting done
step1 0x500002002a30
slave pre done
now n is 51737
processed 51737
[M::mem_process_seqs_merge2] Processed 51737 reads in 1.350 CPU sec, 1.362 real sec
step2 put 0x500002003e80
step2 get 0x500002003f20
[M::process] read chunk (19660800 bytes/CG x 1 CGs, 19660800 bytes)...
step3 0x500002003e80
[M::mem_process_seqs_merge2] CPE FASTQ formatting done
step1 0x500002003f70
slave pre done
now n is 51737
processed 51737
[M::mem_process_seqs_merge2] Processed 51737 reads in 1.440 CPU sec, 1.441 real sec
step2 put 0x500002003f20
step2 get 0x5000020029e0
step3 0x500002003f20
[M::process] read chunk (19660800 bytes/CG x 1 CGs, 19660800 bytes)...
[M::mem_process_seqs_merge2] CPE FASTQ formatting done
step1 0x500002003e80
slave pre done
now n is 51737
processed 51737
[M::mem_process_seqs_merge2] Processed 51737 reads in 1.380 CPU sec, 1.379 real sec
step2 put 0x5000020029e0
step2 get 0x500002003ed0
[M::process] read chunk (19660800 bytes/CG x 1 CGs, 19660800 bytes)...
[M::mem_process_seqs_merge2] CPE FASTQ formatting done
step3 0x5000020029e0
step1 0x5000020028f0
slave pre done
now n is 51737
processed 51737
[M::mem_process_seqs_merge2] Processed 51737 reads in 1.440 CPU sec, 1.441 real sec
step2 put 0x500002003ed0
step2 get 0x500002002a30
[M::process] read chunk (19660800 bytes/CG x 1 CGs, 19660800 bytes)...
step3 0x500002003ed0
[M::mem_process_seqs_merge2] CPE FASTQ formatting done
step1 0x5000020029e0
slave pre done
now n is 51737
processed 51737
[M::mem_process_seqs_merge2] Processed 51737 reads in 1.370 CPU sec, 1.365 real sec
step2 put 0x500002002a30
step2 get 0x500002003f70
[M::mem_process_seqs_merge2] CPE FASTQ formatting done
step3 0x500002002a30
[M::process] read chunk (19660800 bytes/CG x 1 CGs, 19660800 bytes)...
step1 0x500002003ed0
slave pre done
now n is 51737
processed 51737
[M::mem_process_seqs_merge2] Processed 51737 reads in 1.400 CPU sec, 1.401 real sec
step2 put 0x500002003f70
step2 get 0x500002003e80
[M::process] read chunk (19660800 bytes/CG x 1 CGs, 19660800 bytes)...
[M::mem_process_seqs_merge2] CPE FASTQ formatting done
step3 0x500002003f70
step1 0x500002003f20
slave pre done
now n is 51737
processed 51737
[M::mem_process_seqs_merge2] Processed 51737 reads in 1.410 CPU sec, 1.412 real sec
step2 put 0x500002003e80
step2 get 0x5000020028f0
[M::process] read chunk (19660800 bytes/CG x 1 CGs, 19660800 bytes)...
step3 0x500002003e80
[M::mem_process_seqs_merge2] CPE FASTQ formatting done
step1 0x500002003f70
slave pre done
now n is 51737
processed 51737
[M::mem_process_seqs_merge2] Processed 51737 reads in 1.390 CPU sec, 1.390 real sec
step2 put 0x5000020028f0
step2 get 0x5000020029e0
step3 0x5000020028f0
[M::process] read chunk (19660800 bytes/CG x 1 CGs, 19660800 bytes)...
[M::mem_process_seqs_merge2] CPE FASTQ formatting done
step1 0x500002003e80
slave pre done
now n is 51737
processed 51737
[M::mem_process_seqs_merge2] Processed 51737 reads in 1.400 CPU sec, 1.403 real sec
step2 put 0x5000020029e0
step2 get 0x500002003ed0
[M::process] read chunk (19660800 bytes/CG x 1 CGs, 19660800 bytes)...
step3 0x5000020029e0
[M::mem_process_seqs_merge2] CPE FASTQ formatting done
step1 0x5000020028f0
slave pre done
now n is 51737
processed 51737
[M::mem_process_seqs_merge2] Processed 51737 reads in 1.420 CPU sec, 1.413 real sec
step2 put 0x500002003ed0
step2 get 0x500002003f20
[M::process] read chunk (19660800 bytes/CG x 1 CGs, 19660800 bytes)...
[M::mem_process_seqs_merge2] CPE FASTQ formatting done
step3 0x500002003ed0
step1 0x500002002a30
slave pre done
now n is 51737
processed 51737
[M::mem_process_seqs_merge2] Processed 51737 reads in 1.450 CPU sec, 1.453 real sec
step2 put 0x500002003f20
step2 get 0x500002003f70
[M::process] read chunk (19660800 bytes/CG x 1 CGs, 19660800 bytes)...
step3 0x500002003f20
[M::mem_process_seqs_merge2] CPE FASTQ formatting done
step1 0x500002003ed0
slave pre done
now n is 51737
processed 51737
[M::mem_process_seqs_merge2] Processed 51737 reads in 1.400 CPU sec, 1.399 real sec
step2 put 0x500002003f70
step2 get 0x500002003e80
[M::mem_process_seqs_merge2] CPE FASTQ formatting done
[M::process] read chunk (19660800 bytes/CG x 1 CGs, 19660800 bytes)...
step3 0x500002003f70
step1 0x500002003f20
slave pre done
now n is 51737
processed 51737
[M::mem_process_seqs_merge2] Processed 51737 reads in 1.470 CPU sec, 1.477 real sec
step2 put 0x500002003e80
step2 get 0x5000020028f0
[M::process] read chunk (19660800 bytes/CG x 1 CGs, 19660800 bytes)...
[M::mem_process_seqs_merge2] CPE FASTQ formatting done
step3 0x500002003e80
step1 0x5000020029e0
slave pre done
now n is 51737
processed 51737
[M::mem_process_seqs_merge2] Processed 51737 reads in 1.410 CPU sec, 1.410 real sec
step2 put 0x5000020028f0
step2 get 0x500002002a30
step3 0x5000020028f0
[M::process] read chunk (19660800 bytes/CG x 1 CGs, 19660800 bytes)...
[M::mem_process_seqs_merge2] CPE FASTQ formatting done
step1 0x500002003e80
slave pre done
now n is 51737
processed 51737
[M::mem_process_seqs_merge2] Processed 51737 reads in 1.450 CPU sec, 1.445 real sec
step2 put 0x500002002a30
step2 get 0x500002003ed0
step3 0x500002002a30
[M::process] read chunk (19660800 bytes/CG x 1 CGs, 19660800 bytes)...
[M::mem_process_seqs_merge2] CPE FASTQ formatting done
step1 0x5000020028f0
slave pre done
now n is 51737
processed 51737
[M::mem_process_seqs_merge2] Processed 51737 reads in 1.400 CPU sec, 1.401 real sec
step2 put 0x500002003ed0
step2 get 0x500002003f20
[M::process] read chunk (19660800 bytes/CG x 1 CGs, 1875680 bytes)...
[M::mem_process_seqs_merge2] CPE FASTQ formatting done
step1 0x500002003f70
step3 0x500002003ed0
slave pre done
now n is 51737
processed 51737
[M::mem_process_seqs_merge2] Processed 51737 reads in 1.340 CPU sec, 1.336 real sec
step2 put 0x500002003f20
step2 get 0x5000020029e0
[M::mem_process_seqs_merge2] CPE FASTQ formatting done
step3 0x500002003f20
slave pre done
now n is 51737
processed 51737
[M::mem_process_seqs_merge2] Processed 51737 reads in 1.360 CPU sec, 1.362 real sec
step2 put 0x5000020029e0
step2 get 0x500002003e80
step3 0x5000020029e0
[M::mem_process_seqs_merge2] CPE FASTQ formatting done
slave pre done
now n is 51737
processed 51737
[M::mem_process_seqs_merge2] Processed 51737 reads in 1.430 CPU sec, 1.430 real sec
step2 put 0x500002003e80
step2 get 0x5000020028f0
step3 0x500002003e80
[M::mem_process_seqs_merge2] CPE FASTQ formatting done
slave pre done
now n is 51737
processed 51737
[M::mem_process_seqs_merge2] Processed 51737 reads in 1.430 CPU sec, 1.426 real sec
step2 put 0x5000020028f0
step2 get 0x500002003f70
[M::mem_process_seqs_merge2] CPE FASTQ formatting done
step3 0x5000020028f0
slave pre done
now n is 4936
processed 4936
[M::mem_process_seqs_merge2] Processed 4936 reads in 0.250 CPU sec, 0.257 real sec
step2 put 0x500002003f70
step3 0x500002003f70

====================== SWBWA Output Debug =====================
  MPI rank: 000000 / 000001
  mode:     non-MPI POSIX
  path:     ./exclu_single2/no1/SRR7963242_SE.sam

  Output volume
    output buffer capacity                           67108864
    swbwa_output_write calls                         2500000
    submitted SAM bytes                            979513030
    buffered flushes                                      15
    buffered flush bytes                           979513030
    direct oversized writes                                0
    direct oversized bytes                                 0

  Buffering
    buffered flush total                        19.017045 s  (15 calls, 1267803.004 us/call)

  POSIX file writes
    write system calls                                     15
    write system-call bytes                         979513030
    POSIX write system calls                    19.016607 s  (15 calls, 1267773.777 us/call)
    POSIX write effective bandwidth                49.122 MiB/s

  Output close timing
    POSIX close                                  0.000429 s  (1 calls,   428.807 us/call)
================================================================


======================= SWBWA Timing Report =======================
  Accumulated wall-clock time; indented rows are included in
  their parent row and must not be added to it.

  Pipeline
    total - complete three-stage pipeline                    73.347 s
    stage 1 - allocate and read raw FASTQ blocks             12.352 s
    stage 2 - align reads and generate SAM records           72.458 s
    stage 3 - write SAM and release batch data               26.260 s
      SAM output writes                                        23.449 s
      batch cleanup and loop overhead (derived)                 2.811 s

  Stage 1 input details
    batches completed / stage calls                      49 / 50
    input-buffer and batch allocations                        0.000 s  (99 calls, max 0.000 s)
    aggregate requested allocation bytes            945647456
    FASTQ fseeko calls                                        0.000 s  (49 calls, max 0.000 s)
    FASTQ fread calls                                        12.349 s  (49 calls, max 0.349 s)
    align chunk ends to FASTQ record boundaries               0.000 s  (48 calls, max 0.000 s)
    scheduler, checks and bookkeeping (derived)               0.002 s
    raw FASTQ bytes read                            945594080  (901.789 MiB)
    effective fread bandwidth                         73.028 MiB/s
    slowest allocation                                 0.000 s  (64 bytes)
    slowest fread                                      0.349 s  (R1 offset=766739364, bytes=19660800)

  Stage 2 worker details
    total - active merge worker                              72.456 s
      part 1 - prepare CPE task and reusable buffers            1.583 s
      part 2 - CPE FASTQ formatting and input release           0.480 s
      part 3 - CPE alignment and SAM length pass               69.866 s
      part 4 - assign slices in the shared SAM buffer           0.187 s
      part 5 - CPE SAM record generation                        0.336 s
      part 6 - release temporary worker data                    0.001 s

  Reserved allocator timers (no active timing sites)
    malloc timer                                              0.000 s
    free timer                                                0.000 s
===================================================================

[main] Version: 0.0.1
[main] CMD: ./SWBWA mem -v 4 -t 1 -o ./exclu_single2/no1/SRR7963242_SE.sam -I 170,80,500,1 ../data/GRCh38.d1.vd1.fa ../data/SRR7963242_1.fastq_1
