[M::main_mem] mean insert size: 170.000, stddev: 80.000, max: 500, min: 1
[CPE input] bytes_per_cg=19660800 cg_count=6 chunk_bytes=117964800 file_bytes=3499281348
malloc bwt->bwt 3107576584, 0x580000486040
malloc bwt->sa 1553788264, 0x5800b9823b60
[M::bwa_idx_load_from_disk] read 0 ALT contigs
malloc pac 776894131, 0x580116285940
the input file is ../data/bwa_test_big_data/ERR1203383_1.fastq
the input file is ../data/bwa_test_big_data/ERR1203383_2.fastq
the output file is bigdata_results/cgs_pool/no1/ERR1203383_PE.sam
[M::process] read chunk (19660800 bytes/CG x 6 CGs, 117964800 bytes)...
[DBG stage1] slow fread: R1 offset=0 requested=117964800 read=117964800 elapsed=1.126 s
[DBG stage1] slow fread: R2 offset=0 requested=117964800 read=117964800 elapsed=1.005 s
step1 0x5800000049e0
[M::process] read chunk (19660800 bytes/CG x 6 CGs, 117964800 bytes)...
step2 get 0x5800000049e0
[M::mem_process_seqs_merge2] CPE FASTQ formatting done
[DBG stage1] slow fread: R1 offset=117963996 requested=117964800 read=117964800 elapsed=2.164 s
slave pre done
now n is 1057218
processed 1057218
[M::mem_process_seqs_merge2] Processed 1057218 reads in 4.270 CPU sec, 4.274 real sec
step2 put 0x5800000049e0
step3 0x5800000049e0
[DBG stage1] slow fread: R2 offset=117963996 requested=117964800 read=117964800 elapsed=2.412 s
step1 0x5800000048f0
[M::process] read chunk (19660800 bytes/CG x 6 CGs, 117964800 bytes)...
step2 get 0x5800000048f0
[M::mem_process_seqs_merge2] CPE FASTQ formatting done
slave pre done
now n is 1051310
[DBG stage1] slow fread: R1 offset=235927776 requested=117964800 read=117964800 elapsed=3.793 s
processed 1051310
[M::mem_process_seqs_merge2] Processed 1051310 reads in 3.780 CPU sec, 3.794 real sec
step2 put 0x5800000048f0
[DBG stage1] slow fread: R2 offset=235927776 requested=117964800 read=117964800 elapsed=1.277 s
step1 0x580000004a30
[M::process] read chunk (19660800 bytes/CG x 6 CGs, 117964800 bytes)...
step2 get 0x580000004a30
[M::mem_process_seqs_merge2] CPE FASTQ formatting done
slave pre done
now n is 1034770
processed 1034770
[M::mem_process_seqs_merge2] Processed 1034770 reads in 3.410 CPU sec, 3.418 real sec
step2 put 0x580000004a30
[DBG stage1] slow fread: R1 offset=353891556 requested=117964800 read=117964800 elapsed=3.529 s
[DBG stage1] slow fread: R2 offset=353891556 requested=117964800 read=117964800 elapsed=1.248 s
step1 0x580000005ac0
[M::process] read chunk (19660800 bytes/CG x 6 CGs, 117964800 bytes)...
step2 get 0x580000005ac0
[M::mem_process_seqs_merge2] CPE FASTQ formatting done
slave pre done
now n is 1034770
step3 0x5800000048f0
processed 1034770
[M::mem_process_seqs_merge2] Processed 1034770 reads in 3.760 CPU sec, 3.772 real sec
step2 put 0x580000005ac0
[DBG stage1] slow fread: R1 offset=471855336 requested=117964800 read=117964800 elapsed=3.829 s
[DBG stage1] slow fread: R2 offset=471855336 requested=117964800 read=117964800 elapsed=1.468 s
step1 0x580000005b10
[M::process] read chunk (19660800 bytes/CG x 6 CGs, 117964800 bytes)...
step2 get 0x580000005b10
[M::mem_process_seqs_merge2] CPE FASTQ formatting done
slave pre done
now n is 1034770
processed 1034770
[M::mem_process_seqs_merge2] Processed 1034770 reads in 3.360 CPU sec, 3.394 real sec
step2 put 0x580000005b10
[DBG stage1] slow fread: R1 offset=589819116 requested=117964800 read=117964800 elapsed=3.640 s
[DBG stage1] slow fread: R2 offset=589819116 requested=117964800 read=117964800 elapsed=1.417 s
step1 0x5800000049e0
[M::process] read chunk (19660800 bytes/CG x 6 CGs, 117964800 bytes)...
step2 get 0x5800000049e0
[M::mem_process_seqs_merge2] CPE FASTQ formatting done
slave pre done
now n is 1034770
processed 1034770
[M::mem_process_seqs_merge2] Processed 1034770 reads in 3.430 CPU sec, 3.452 real sec
step2 put 0x5800000049e0
[DBG stage1] slow fread: R1 offset=707782896 requested=117964800 read=117964800 elapsed=3.780 s
[DBG stage1] slow fread: R2 offset=707782896 requested=117964800 read=117964800 elapsed=1.191 s
step1 0x580000005b60
[M::process] read chunk (19660800 bytes/CG x 6 CGs, 117964800 bytes)...
step2 get 0x580000005b60
step3 0x580000004a30
[M::mem_process_seqs_merge2] CPE FASTQ formatting done
slave pre done
now n is 1034770
[DBG stage1] slow fread: R1 offset=825746676 requested=117964800 read=117964800 elapsed=3.662 s
processed 1034770
[M::mem_process_seqs_merge2] Processed 1034770 reads in 3.600 CPU sec, 3.605 real sec
step2 put 0x580000005b60
[DBG stage1] slow fread: R2 offset=825746676 requested=117964800 read=117964800 elapsed=1.281 s
step1 0x580000005bb0
[M::process] read chunk (19660800 bytes/CG x 6 CGs, 117964800 bytes)...
step2 get 0x580000005bb0
[DBG stage1] slow fread: R1 offset=943710456 requested=117964800 read=117964800 elapsed=1.241 s
[DBG stage1] slow fread: R2 offset=943710456 requested=117964800 read=117964800 elapsed=1.241 s
step1 0x5800000048f0
[M::process] read chunk (19660800 bytes/CG x 6 CGs, 117964800 bytes)...
[DBG stage1] slow fread: R1 offset=1061674236 requested=117964800 read=117964800 elapsed=1.184 s
step3 0x580000005ac0
[M::mem_process_seqs_merge2] CPE FASTQ formatting done
[DBG stage1] slow fread: R2 offset=1061674236 requested=117964800 read=117964800 elapsed=2.379 s
step1 0x580000005e80
[M::process] read chunk (19660800 bytes/CG x 6 CGs, 117964800 bytes)...
slave pre done
now n is 1034770
processed 1034770
[M::mem_process_seqs_merge2] Processed 1034770 reads in 3.980 CPU sec, 3.986 real sec
step2 put 0x580000005bb0
step2 get 0x5800000048f0
[DBG stage1] slow fread: R1 offset=1179638016 requested=117964800 read=117964800 elapsed=2.945 s
[DBG stage1] slow fread: R2 offset=1179638016 requested=117964800 read=117964800 elapsed=1.208 s
step1 0x580000004a30
[M::process] read chunk (19660800 bytes/CG x 6 CGs, 117964800 bytes)...
[DBG stage1] slow fread: R1 offset=1297601796 requested=117964800 read=117964800 elapsed=1.585 s
[DBG stage1] slow fread: R2 offset=1297601796 requested=117964800 read=117964800 elapsed=1.298 s
step1 0x580000005ed0
[M::process] read chunk (19660800 bytes/CG x 6 CGs, 117964800 bytes)...
[DBG stage1] slow fread: R1 offset=1415565576 requested=117964800 read=117964800 elapsed=1.416 s
step3 0x580000005b10
[M::mem_process_seqs_merge2] CPE FASTQ formatting done
slave pre done
now n is 1034770
processed 1034770
[M::mem_process_seqs_merge2] Processed 1034770 reads in 3.660 CPU sec, 3.683 real sec
step2 put 0x5800000048f0
step2 get 0x580000005e80
[DBG stage1] slow fread: R2 offset=1415565576 requested=117964800 read=117964800 elapsed=3.891 s
step1 0x580000005f20
[M::process] read chunk (19660800 bytes/CG x 6 CGs, 117964800 bytes)...
[DBG stage1] slow fread: R1 offset=1533529356 requested=117964800 read=117964800 elapsed=1.336 s
[DBG stage1] slow fread: R2 offset=1533529356 requested=117964800 read=117964800 elapsed=1.370 s
step1 0x580000005ac0
step3 0x5800000049e0
[M::mem_process_seqs_merge2] CPE FASTQ formatting done
slave pre done
now n is 1034770
processed 1034770
[M::mem_process_seqs_merge2] Processed 1034770 reads in 3.520 CPU sec, 3.543 real sec
step2 put 0x580000005e80
step2 get 0x580000004a30
[M::process] read chunk (19660800 bytes/CG x 6 CGs, 117964800 bytes)...
[DBG stage1] slow fread: R1 offset=1651493136 requested=117964800 read=117964800 elapsed=1.225 s
[DBG stage1] slow fread: R2 offset=1651493136 requested=117964800 read=117964800 elapsed=1.221 s
step1 0x580000005b10
step3 0x580000005b60
[M::mem_process_seqs_merge2] CPE FASTQ formatting done
slave pre done
now n is 1034770
processed 1034770
[M::mem_process_seqs_merge2] Processed 1034770 reads in 3.760 CPU sec, 3.771 real sec
step2 put 0x580000004a30
step2 get 0x580000005ed0
[M::process] read chunk (19660800 bytes/CG x 6 CGs, 117964800 bytes)...
[DBG stage1] slow fread: R1 offset=1769456916 requested=117964800 read=117964800 elapsed=1.484 s
[DBG stage1] slow fread: R2 offset=1769456916 requested=117964800 read=117964800 elapsed=1.361 s
step1 0x5800000049e0
step3 0x580000005bb0
[M::mem_process_seqs_merge2] CPE FASTQ formatting done
slave pre done
now n is 1034770
processed 1034770
[M::mem_process_seqs_merge2] Processed 1034770 reads in 3.790 CPU sec, 3.802 real sec
step2 put 0x580000005ed0
step2 get 0x580000005f20
[M::process] read chunk (19660800 bytes/CG x 6 CGs, 117964800 bytes)...
[DBG stage1] slow fread: R1 offset=1887420696 requested=117964800 read=117964800 elapsed=1.422 s
[DBG stage1] slow fread: R2 offset=1887420696 requested=117964800 read=117964800 elapsed=1.425 s
step1 0x580000005b60
step3 0x5800000048f0
[M::mem_process_seqs_merge2] CPE FASTQ formatting done
slave pre done
now n is 1034770
processed 1034770
[M::mem_process_seqs_merge2] Processed 1034770 reads in 3.880 CPU sec, 3.898 real sec
step2 put 0x580000005f20
step2 get 0x580000005ac0
[M::process] read chunk (19660800 bytes/CG x 6 CGs, 117964800 bytes)...
[DBG stage1] slow fread: R1 offset=2005384476 requested=117964800 read=117964800 elapsed=1.377 s
[DBG stage1] slow fread: R2 offset=2005384476 requested=117964800 read=117964800 elapsed=1.358 s
step1 0x580000005bb0
step3 0x580000005e80
[M::mem_process_seqs_merge2] CPE FASTQ formatting done
slave pre done
now n is 1034770
processed 1034770
[M::mem_process_seqs_merge2] Processed 1034770 reads in 3.570 CPU sec, 3.585 real sec
step2 put 0x580000005ac0
step2 get 0x580000005b10
[M::process] read chunk (19660800 bytes/CG x 6 CGs, 117964800 bytes)...
[DBG stage1] slow fread: R1 offset=2123348256 requested=117964800 read=117964800 elapsed=1.350 s
[DBG stage1] slow fread: R2 offset=2123348256 requested=117964800 read=117964800 elapsed=1.278 s
step1 0x5800000048f0
step3 0x580000004a30
[M::mem_process_seqs_merge2] CPE FASTQ formatting done
slave pre done
now n is 1034770
processed 1034770
[M::mem_process_seqs_merge2] Processed 1034770 reads in 3.670 CPU sec, 3.685 real sec
step2 put 0x580000005b10
step2 get 0x5800000049e0
[M::process] read chunk (19660800 bytes/CG x 6 CGs, 117964800 bytes)...
[DBG stage1] slow fread: R1 offset=2241312036 requested=117964800 read=117964800 elapsed=1.514 s
[DBG stage1] slow fread: R2 offset=2241312036 requested=117964800 read=117964800 elapsed=1.252 s
step1 0x580000005e80
step3 0x580000005ed0
[M::mem_process_seqs_merge2] CPE FASTQ formatting done
slave pre done
now n is 1034770
processed 1034770
[M::mem_process_seqs_merge2] Processed 1034770 reads in 3.400 CPU sec, 3.416 real sec
step2 put 0x5800000049e0
step2 get 0x580000005b60
[M::process] read chunk (19660800 bytes/CG x 6 CGs, 117964800 bytes)...
[DBG stage1] slow fread: R1 offset=2359276036 requested=117964800 read=117964800 elapsed=1.427 s
[DBG stage1] slow fread: R2 offset=2359276036 requested=117964800 read=117964800 elapsed=1.316 s
step1 0x580000004a30
step3 0x580000005f20
[M::mem_process_seqs_merge2] CPE FASTQ formatting done
slave pre done
now n is 1034770
processed 1034770
[M::mem_process_seqs_merge2] Processed 1034770 reads in 3.380 CPU sec, 3.407 real sec
step2 put 0x580000005b60
step2 get 0x580000005bb0
[M::process] read chunk (19660800 bytes/CG x 6 CGs, 117964800 bytes)...
[DBG stage1] slow fread: R1 offset=2477239916 requested=117964800 read=117964800 elapsed=1.286 s
[DBG stage1] slow fread: R2 offset=2477239916 requested=117964800 read=117964800 elapsed=1.324 s
step1 0x580000005ed0
step3 0x580000005ac0
[M::mem_process_seqs_merge2] CPE FASTQ formatting done
slave pre done
now n is 1034770
processed 1034770
[M::mem_process_seqs_merge2] Processed 1034770 reads in 3.470 CPU sec, 3.473 real sec
step2 put 0x580000005bb0
step2 get 0x5800000048f0
[M::process] read chunk (19660800 bytes/CG x 6 CGs, 117964800 bytes)...
[DBG stage1] slow fread: R1 offset=2595203796 requested=117964800 read=117964800 elapsed=1.333 s
[DBG stage1] slow fread: R2 offset=2595203796 requested=117964800 read=117964800 elapsed=1.314 s
step1 0x580000005f20
step3 0x580000005b10
[M::mem_process_seqs_merge2] CPE FASTQ formatting done
slave pre done
now n is 1034770
processed 1034770
[M::mem_process_seqs_merge2] Processed 1034770 reads in 3.610 CPU sec, 3.613 real sec
step2 put 0x5800000048f0
step2 get 0x580000005e80
[M::process] read chunk (19660800 bytes/CG x 6 CGs, 117964800 bytes)...
[DBG stage1] slow fread: R1 offset=2713167676 requested=117964800 read=117964800 elapsed=1.440 s
[DBG stage1] slow fread: R2 offset=2713167676 requested=117964800 read=117964800 elapsed=1.335 s
step1 0x580000005ac0
step3 0x5800000049e0
[M::mem_process_seqs_merge2] CPE FASTQ formatting done
slave pre done
now n is 1022110
processed 1022110
[M::mem_process_seqs_merge2] Processed 1022110 reads in 3.690 CPU sec, 3.694 real sec
step2 put 0x580000005e80
step2 get 0x580000004a30
[M::process] read chunk (19660800 bytes/CG x 6 CGs, 117964800 bytes)...
[DBG stage1] slow fread: R1 offset=2831131556 requested=117964800 read=117964800 elapsed=1.484 s
[DBG stage1] slow fread: R2 offset=2831131556 requested=117964800 read=117964800 elapsed=1.437 s
step1 0x580000005b10
step3 0x580000005b60
[M::mem_process_seqs_merge2] CPE FASTQ formatting done
slave pre done
now n is 1016930
processed 1016930
[M::mem_process_seqs_merge2] Processed 1016930 reads in 3.540 CPU sec, 3.541 real sec
step2 put 0x580000004a30
step2 get 0x580000005ed0
[M::process] read chunk (19660800 bytes/CG x 6 CGs, 117964800 bytes)...
[DBG stage1] slow fread: R1 offset=2949095436 requested=117964800 read=117964800 elapsed=1.368 s
[DBG stage1] slow fread: R2 offset=2949095436 requested=117964800 read=117964800 elapsed=1.305 s
step1 0x5800000049e0
step3 0x580000005bb0
[M::mem_process_seqs_merge2] CPE FASTQ formatting done
slave pre done
now n is 1016930
processed 1016930
[M::mem_process_seqs_merge2] Processed 1016930 reads in 3.490 CPU sec, 3.491 real sec
step2 put 0x580000005ed0
step2 get 0x580000005f20
[M::process] read chunk (19660800 bytes/CG x 6 CGs, 117964800 bytes)...
[DBG stage1] slow fread: R1 offset=3067059316 requested=117964800 read=117964800 elapsed=1.408 s
[DBG stage1] slow fread: R2 offset=3067059316 requested=117964800 read=117964800 elapsed=1.417 s
step1 0x580000005b60
step3 0x5800000048f0
[M::mem_process_seqs_merge2] CPE FASTQ formatting done
slave pre done
now n is 1016930
processed 1016930
[M::mem_process_seqs_merge2] Processed 1016930 reads in 3.390 CPU sec, 3.404 real sec
step2 put 0x580000005f20
step2 get 0x580000005ac0
[M::process] read chunk (19660800 bytes/CG x 6 CGs, 117964800 bytes)...
[DBG stage1] slow fread: R1 offset=3185023196 requested=117964800 read=117964800 elapsed=1.478 s
[DBG stage1] slow fread: R2 offset=3185023196 requested=117964800 read=117964800 elapsed=1.482 s
step1 0x580000005bb0
step3 0x580000005e80
[M::mem_process_seqs_merge2] CPE FASTQ formatting done
slave pre done
now n is 1016930
processed 1016930
[M::mem_process_seqs_merge2] Processed 1016930 reads in 3.420 CPU sec, 3.435 real sec
step2 put 0x580000005ac0
step2 get 0x580000005b10
[M::process] read chunk (19660800 bytes/CG x 6 CGs, 117964800 bytes)...
[DBG stage1] slow fread: R1 offset=3302987076 requested=117964800 read=117964800 elapsed=1.478 s
[DBG stage1] slow fread: R2 offset=3302987076 requested=117964800 read=117964800 elapsed=1.388 s
step1 0x5800000048f0
step3 0x580000004a30
[M::mem_process_seqs_merge2] CPE FASTQ formatting done
slave pre done
now n is 1016930
processed 1016930
[M::mem_process_seqs_merge2] Processed 1016930 reads in 3.440 CPU sec, 3.455 real sec
step2 put 0x580000005b10
step2 get 0x5800000049e0
[M::process] read chunk (19660800 bytes/CG x 6 CGs, 78330392 bytes)...
step1 0x580000005e80
step3 0x580000005ed0
[M::mem_process_seqs_merge2] CPE FASTQ formatting done
slave pre done
now n is 1016930
processed 1016930
[M::mem_process_seqs_merge2] Processed 1016930 reads in 3.550 CPU sec, 3.566 real sec
step2 put 0x5800000049e0
step2 get 0x580000005b60
step3 0x580000005f20
[M::mem_process_seqs_merge2] CPE FASTQ formatting done
slave pre done
now n is 1016930
processed 1016930
[M::mem_process_seqs_merge2] Processed 1016930 reads in 3.460 CPU sec, 3.476 real sec
step2 put 0x580000005b60
step2 get 0x580000005bb0
step3 0x580000005ac0
[M::mem_process_seqs_merge2] CPE FASTQ formatting done
slave pre done
now n is 1016930
processed 1016930
[M::mem_process_seqs_merge2] Processed 1016930 reads in 3.520 CPU sec, 3.535 real sec
step2 put 0x580000005bb0
step2 get 0x5800000048f0
step3 0x580000005b10
[M::mem_process_seqs_merge2] CPE FASTQ formatting done
slave pre done
now n is 1016930
processed 1016930
[M::mem_process_seqs_merge2] Processed 1016930 reads in 4.200 CPU sec, 4.202 real sec
step2 put 0x5800000048f0
step2 get 0x580000005e80
step3 0x5800000049e0
[M::mem_process_seqs_merge2] CPE FASTQ formatting done
step3 0x580000005b60
slave pre done
now n is 675262
processed 675262
[M::mem_process_seqs_merge2] Processed 675262 reads in 9.770 CPU sec, 9.961 real sec
step2 put 0x580000005e80
step3 0x580000005bb0
step3 0x5800000048f0
step3 0x580000005e80

====================== SWBWA Output Debug =====================
  MPI rank: 000000 / 000001
  mode:     non-MPI POSIX
  path:     bigdata_results/cgs_pool/no1/ERR1203383_PE.sam

  Output volume
    output buffer capacity                           67108864
    swbwa_output_write calls                        30549360
    submitted SAM bytes                           8029871401
    buffered flushes                                     120
    buffered flush bytes                          8029871401
    direct oversized writes                                0
    direct oversized bytes                                 0

  Buffering
    buffered flush total                       184.550003 s  (120 calls, 1537916.690 us/call)

  POSIX file writes
    write system calls                                    120
    write system-call bytes                        8029871401
    POSIX write system calls                   184.549082 s  (120 calls, 1537909.014 us/call)
    POSIX write effective bandwidth                41.495 MiB/s

  Output close timing
    POSIX close                                  0.000360 s  (1 calls,   359.951 us/call)
================================================================


======================= SWBWA Timing Report =======================
  Accumulated wall-clock time; indented rows are included in
  their parent row and must not be added to it.

  Pipeline
    total - complete three-stage pipeline                   241.957 s
    stage 1 - allocate and read raw FASTQ blocks            100.925 s
    stage 2 - align reads and generate SAM records          115.341 s
    stage 3 - write SAM and release batch data              234.885 s
      SAM output writes                                       215.740 s
      batch cleanup and loop overhead (derived)                19.144 s

  Stage 1 input details
    batches completed / stage calls                      30 / 31
    input-buffer and batch allocations                        0.000 s  (91 calls, max 0.000 s)
    aggregate requested allocation bytes           6998682608
    FASTQ fseeko calls                                        0.000 s  (60 calls, max 0.000 s)
    FASTQ fread calls                                       100.879 s  (60 calls, max 3.891 s)
    align chunk ends to FASTQ record boundaries               0.001 s  (58 calls, max 0.000 s)
    scheduler, checks and bookkeeping (derived)               0.045 s
    raw FASTQ bytes read                           6998619184  (6674.403 MiB)
    effective fread bandwidth                         66.163 MiB/s
    slowest allocation                                 0.000 s  (117965824 bytes)
    slowest fread                                      3.891 s  (R2 offset=1415565576, bytes=117964800)

  Stage 2 worker details
    total - active merge worker                             115.329 s
      part 1 - prepare CPE task and reusable buffers            1.304 s
      part 2 - CPE FASTQ formatting and input release           0.442 s
      part 3 - CPE alignment and SAM length pass              108.892 s
      part 4 - assign slices in the shared SAM buffer           4.187 s
      part 5 - CPE SAM record generation                        0.491 s
      part 6 - release temporary worker data                    0.001 s

  Reserved allocator timers (no active timing sites)
    malloc timer                                              0.000 s
    free timer                                                0.000 s
===================================================================

[main] Version: 0.0.1
[main] CMD: ./SWBWA mem -v 4 -t 1 -o bigdata_results/cgs_pool/no1/ERR1203383_PE.sam -I 170,80,500,1 ../data/GRCh38.d1.vd1.fa ../data/bwa_test_big_data/ERR1203383_1.fastq ../data/bwa_test_big_data/ERR1203383_2.fastq
