[M::main_mem] mean insert size: 170.000, stddev: 80.000, max: 500, min: 1
[CPE input] bytes_per_cg=19660800 cg_count=6 chunk_bytes=117964800 file_bytes=3499281348
malloc bwt->bwt 3107576584, 0x580000486040
malloc bwt->sa 1553788264, 0x5800b9823b60
[M::bwa_idx_load_from_disk] read 0 ALT contigs
malloc pac 776894131, 0x580116285940
the input file is ../data/bwa_test_big_data/ERR1203383_1.fastq
the output file is bigdata_results/cgs_pool/no1/ERR1203383_SE.sam
[M::process] read chunk (19660800 bytes/CG x 6 CGs, 117964800 bytes)...
step1 0x5800000049e0
[M::process] read chunk (19660800 bytes/CG x 6 CGs, 117964800 bytes)...
step2 get 0x5800000049e0
[M::mem_process_seqs_merge2] CPE FASTQ formatting done
[DBG stage1] slow fread: R1 offset=117963996 requested=117964800 read=117964800 elapsed=1.972 s
step1 0x5800000048f0
[M::process] read chunk (19660800 bytes/CG x 6 CGs, 117964800 bytes)...
slave pre done
now n is 528609
processed 528609
[M::mem_process_seqs_merge2] Processed 528609 reads in 2.500 CPU sec, 2.644 real sec
step2 put 0x5800000049e0
step2 get 0x5800000048f0
step3 0x5800000049e0
[M::mem_process_seqs_merge2] CPE FASTQ formatting done
slave pre done
now n is 525655
processed 525655
[M::mem_process_seqs_merge2] Processed 525655 reads in 1.750 CPU sec, 1.752 real sec
step2 put 0x5800000048f0
[DBG stage1] slow fread: R1 offset=235927776 requested=117964800 read=117964800 elapsed=2.600 s
step1 0x580000004a30
[M::process] read chunk (19660800 bytes/CG x 6 CGs, 117964800 bytes)...
step2 get 0x580000004a30
[M::mem_process_seqs_merge2] CPE FASTQ formatting done
slave pre done
now n is 517385
processed 517385
[M::mem_process_seqs_merge2] Processed 517385 reads in 1.630 CPU sec, 1.636 real sec
step2 put 0x580000004a30
[DBG stage1] slow fread: R1 offset=353891556 requested=117964800 read=117964800 elapsed=2.341 s
step1 0x580000005d40
[M::process] read chunk (19660800 bytes/CG x 6 CGs, 117964800 bytes)...
step2 get 0x580000005d40
[M::mem_process_seqs_merge2] CPE FASTQ formatting done
step3 0x5800000048f0
slave pre done
now n is 517385
processed 517385
[M::mem_process_seqs_merge2] Processed 517385 reads in 1.760 CPU sec, 1.772 real sec
step2 put 0x580000005d40
[DBG stage1] slow fread: R1 offset=471855336 requested=117964800 read=117964800 elapsed=2.242 s
step1 0x580000005d90
[M::process] read chunk (19660800 bytes/CG x 6 CGs, 117964800 bytes)...
step2 get 0x580000005d90
[M::mem_process_seqs_merge2] CPE FASTQ formatting done
slave pre done
now n is 517385
processed 517385
[M::mem_process_seqs_merge2] Processed 517385 reads in 1.640 CPU sec, 1.644 real sec
step2 put 0x580000005d90
[DBG stage1] slow fread: R1 offset=589819116 requested=117964800 read=117964800 elapsed=2.345 s
step1 0x5800000049e0
[M::process] read chunk (19660800 bytes/CG x 6 CGs, 117964800 bytes)...
step2 get 0x5800000049e0
[M::mem_process_seqs_merge2] CPE FASTQ formatting done
slave pre done
now n is 517385
processed 517385
[M::mem_process_seqs_merge2] Processed 517385 reads in 1.630 CPU sec, 1.633 real sec
step2 put 0x5800000049e0
[DBG stage1] slow fread: R1 offset=707782896 requested=117964800 read=117964800 elapsed=2.419 s
step1 0x580000005de0
[M::process] read chunk (19660800 bytes/CG x 6 CGs, 117964800 bytes)...
step2 get 0x580000005de0
step3 0x580000004a30
[M::mem_process_seqs_merge2] CPE FASTQ formatting done
slave pre done
now n is 517385
processed 517385
[M::mem_process_seqs_merge2] Processed 517385 reads in 1.720 CPU sec, 1.723 real sec
step2 put 0x580000005de0
[DBG stage1] slow fread: R1 offset=825746676 requested=117964800 read=117964800 elapsed=2.320 s
step1 0x580000005e30
[M::process] read chunk (19660800 bytes/CG x 6 CGs, 117964800 bytes)...
step2 get 0x580000005e30
step1 0x5800000048f0
[M::process] read chunk (19660800 bytes/CG x 6 CGs, 117964800 bytes)...
[DBG stage1] slow fread: R1 offset=1061674236 requested=117964800 read=117964800 elapsed=1.376 s
step1 0x580000005980
[M::process] read chunk (19660800 bytes/CG x 6 CGs, 117964800 bytes)...
step3 0x580000005d40
[M::mem_process_seqs_merge2] CPE FASTQ formatting done
step1 0x5800000059d0
[M::process] read chunk (19660800 bytes/CG x 6 CGs, 117964800 bytes)...
slave pre done
now n is 517385
processed 517385
[M::mem_process_seqs_merge2] Processed 517385 reads in 1.790 CPU sec, 1.800 real sec
step2 put 0x580000005e30
step2 get 0x5800000048f0
[DBG stage1] slow fread: R1 offset=1297601796 requested=117964800 read=117964800 elapsed=2.311 s
step1 0x580000004a30
[M::process] read chunk (19660800 bytes/CG x 6 CGs, 117964800 bytes)...
step1 0x580000005a20
step3 0x580000005d90
[M::mem_process_seqs_merge2] CPE FASTQ formatting done
slave pre done
now n is 517385
processed 517385
[M::mem_process_seqs_merge2] Processed 517385 reads in 1.680 CPU sec, 1.688 real sec
step2 put 0x5800000048f0
step2 get 0x580000005980
[M::process] read chunk (19660800 bytes/CG x 6 CGs, 117964800 bytes)...
step1 0x580000005d40
step3 0x5800000049e0
[M::mem_process_seqs_merge2] CPE FASTQ formatting done
slave pre done
now n is 517385
processed 517385
[M::mem_process_seqs_merge2] Processed 517385 reads in 1.630 CPU sec, 1.647 real sec
step2 put 0x580000005980
step2 get 0x5800000059d0
[M::process] read chunk (19660800 bytes/CG x 6 CGs, 117964800 bytes)...
step1 0x580000005d90
step3 0x580000005de0
[M::mem_process_seqs_merge2] CPE FASTQ formatting done
slave pre done
now n is 517385
processed 517385
[M::mem_process_seqs_merge2] Processed 517385 reads in 1.680 CPU sec, 1.710 real sec
step2 put 0x5800000059d0
step2 get 0x580000004a30
[M::process] read chunk (19660800 bytes/CG x 6 CGs, 117964800 bytes)...
[DBG stage1] slow fread: R1 offset=1769456916 requested=117964800 read=117964800 elapsed=1.403 s
step1 0x5800000049e0
step3 0x580000005e30
[M::mem_process_seqs_merge2] CPE FASTQ formatting done
slave pre done
now n is 517385
processed 517385
[M::mem_process_seqs_merge2] Processed 517385 reads in 1.760 CPU sec, 1.765 real sec
step2 put 0x580000004a30
step2 get 0x580000005a20
[M::process] read chunk (19660800 bytes/CG x 6 CGs, 117964800 bytes)...
step1 0x580000005de0
step3 0x5800000048f0
[M::mem_process_seqs_merge2] CPE FASTQ formatting done
slave pre done
now n is 517385
processed 517385
[M::mem_process_seqs_merge2] Processed 517385 reads in 1.770 CPU sec, 1.782 real sec
step2 put 0x580000005a20
step2 get 0x580000005d40
[M::process] read chunk (19660800 bytes/CG x 6 CGs, 117964800 bytes)...
[DBG stage1] slow fread: R1 offset=2005384476 requested=117964800 read=117964800 elapsed=1.275 s
step1 0x580000005e30
step3 0x580000005980
[M::mem_process_seqs_merge2] CPE FASTQ formatting done
slave pre done
now n is 517385
processed 517385
[M::mem_process_seqs_merge2] Processed 517385 reads in 1.690 CPU sec, 1.702 real sec
step2 put 0x580000005d40
step2 get 0x580000005d90
[M::process] read chunk (19660800 bytes/CG x 6 CGs, 117964800 bytes)...
step1 0x5800000048f0
step3 0x5800000059d0
[M::mem_process_seqs_merge2] CPE FASTQ formatting done
slave pre done
now n is 517385
processed 517385
[M::mem_process_seqs_merge2] Processed 517385 reads in 1.630 CPU sec, 1.678 real sec
step2 put 0x580000005d90
step2 get 0x5800000049e0
[M::process] read chunk (19660800 bytes/CG x 6 CGs, 117964800 bytes)...
[DBG stage1] slow fread: R1 offset=2241312036 requested=117964800 read=117964800 elapsed=1.109 s
step1 0x580000005980
step3 0x580000004a30
[M::mem_process_seqs_merge2] CPE FASTQ formatting done
slave pre done
now n is 517385
processed 517385
[M::mem_process_seqs_merge2] Processed 517385 reads in 1.590 CPU sec, 1.603 real sec
step2 put 0x5800000049e0
step2 get 0x580000005de0
[M::process] read chunk (19660800 bytes/CG x 6 CGs, 117964800 bytes)...
[DBG stage1] slow fread: R1 offset=2359276036 requested=117964800 read=117964800 elapsed=1.280 s
step1 0x5800000059d0
step3 0x580000005a20
[M::mem_process_seqs_merge2] CPE FASTQ formatting done
slave pre done
now n is 517385
processed 517385
[M::mem_process_seqs_merge2] Processed 517385 reads in 1.550 CPU sec, 1.602 real sec
step2 put 0x580000005de0
step2 get 0x580000005e30
[M::process] read chunk (19660800 bytes/CG x 6 CGs, 117964800 bytes)...
[DBG stage1] slow fread: R1 offset=2477239916 requested=117964800 read=117964800 elapsed=1.129 s
step1 0x580000004a30
step3 0x580000005d40
[M::mem_process_seqs_merge2] CPE FASTQ formatting done
slave pre done
now n is 517385
processed 517385
[M::mem_process_seqs_merge2] Processed 517385 reads in 1.580 CPU sec, 1.591 real sec
step2 put 0x580000005e30
step2 get 0x5800000048f0
[M::process] read chunk (19660800 bytes/CG x 6 CGs, 117964800 bytes)...
[DBG stage1] slow fread: R1 offset=2595203796 requested=117964800 read=117964800 elapsed=1.203 s
step1 0x580000005a20
step3 0x580000005d90
[M::mem_process_seqs_merge2] CPE FASTQ formatting done
slave pre done
now n is 517385
processed 517385
[M::mem_process_seqs_merge2] Processed 517385 reads in 1.680 CPU sec, 1.686 real sec
step2 put 0x5800000048f0
step2 get 0x580000005980
[M::process] read chunk (19660800 bytes/CG x 6 CGs, 117964800 bytes)...
[DBG stage1] slow fread: R1 offset=2713167676 requested=117964800 read=117964800 elapsed=1.375 s
step1 0x580000005d40
step3 0x5800000049e0
[M::mem_process_seqs_merge2] CPE FASTQ formatting done
slave pre done
now n is 511055
processed 511055
[M::mem_process_seqs_merge2] Processed 511055 reads in 1.650 CPU sec, 1.658 real sec
step2 put 0x580000005980
step2 get 0x5800000059d0
[M::process] read chunk (19660800 bytes/CG x 6 CGs, 117964800 bytes)...
[DBG stage1] slow fread: R1 offset=2831131556 requested=117964800 read=117964800 elapsed=1.214 s
step1 0x580000005d90
step3 0x580000005de0
[M::mem_process_seqs_merge2] CPE FASTQ formatting done
slave pre done
now n is 508465
processed 508465
[M::mem_process_seqs_merge2] Processed 508465 reads in 1.620 CPU sec, 1.644 real sec
step2 put 0x5800000059d0
step2 get 0x580000004a30
[M::process] read chunk (19660800 bytes/CG x 6 CGs, 117964800 bytes)...
[DBG stage1] slow fread: R1 offset=2949095436 requested=117964800 read=117964800 elapsed=1.290 s
step1 0x5800000049e0
step3 0x580000005e30
[M::mem_process_seqs_merge2] CPE FASTQ formatting done
slave pre done
now n is 508465
processed 508465
[M::mem_process_seqs_merge2] Processed 508465 reads in 1.610 CPU sec, 1.613 real sec
step2 put 0x580000004a30
step2 get 0x580000005a20
[M::process] read chunk (19660800 bytes/CG x 6 CGs, 117964800 bytes)...
[DBG stage1] slow fread: R1 offset=3067059316 requested=117964800 read=117964800 elapsed=1.021 s
step1 0x580000005de0
step3 0x5800000048f0
[M::mem_process_seqs_merge2] CPE FASTQ formatting done
slave pre done
now n is 508465
processed 508465
[M::mem_process_seqs_merge2] Processed 508465 reads in 1.590 CPU sec, 1.609 real sec
step2 put 0x580000005a20
step2 get 0x580000005d40
[M::process] read chunk (19660800 bytes/CG x 6 CGs, 117964800 bytes)...
[DBG stage1] slow fread: R1 offset=3185023196 requested=117964800 read=117964800 elapsed=1.119 s
step1 0x580000005e30
step3 0x580000005980
[M::mem_process_seqs_merge2] CPE FASTQ formatting done
slave pre done
now n is 508465
processed 508465
[M::mem_process_seqs_merge2] Processed 508465 reads in 1.610 CPU sec, 1.628 real sec
step2 put 0x580000005d40
step2 get 0x580000005d90
[M::process] read chunk (19660800 bytes/CG x 6 CGs, 117964800 bytes)...
[DBG stage1] slow fread: R1 offset=3302987076 requested=117964800 read=117964800 elapsed=1.108 s
step1 0x5800000048f0
step3 0x5800000059d0
[M::mem_process_seqs_merge2] CPE FASTQ formatting done
slave pre done
now n is 508465
processed 508465
[M::mem_process_seqs_merge2] Processed 508465 reads in 1.630 CPU sec, 1.632 real sec
step2 put 0x580000005d90
step2 get 0x5800000049e0
[M::process] read chunk (19660800 bytes/CG x 6 CGs, 78330392 bytes)...
step1 0x580000005980
step3 0x580000004a30
[M::mem_process_seqs_merge2] CPE FASTQ formatting done
slave pre done
now n is 508465
processed 508465
[M::mem_process_seqs_merge2] Processed 508465 reads in 1.640 CPU sec, 1.650 real sec
step2 put 0x5800000049e0
step2 get 0x580000005de0
step3 0x580000005a20
[M::mem_process_seqs_merge2] CPE FASTQ formatting done
slave pre done
now n is 508465
processed 508465
[M::mem_process_seqs_merge2] Processed 508465 reads in 1.630 CPU sec, 1.636 real sec
step2 put 0x580000005de0
step2 get 0x580000005e30
step3 0x580000005d40
[M::mem_process_seqs_merge2] CPE FASTQ formatting done
slave pre done
now n is 508465
processed 508465
[M::mem_process_seqs_merge2] Processed 508465 reads in 1.620 CPU sec, 1.626 real sec
step2 put 0x580000005e30
step2 get 0x5800000048f0
step3 0x580000005d90
[M::mem_process_seqs_merge2] CPE FASTQ formatting done
slave pre done
now n is 508465
processed 508465
[M::mem_process_seqs_merge2] Processed 508465 reads in 1.830 CPU sec, 1.836 real sec
step2 put 0x5800000048f0
step2 get 0x580000005980
step3 0x5800000049e0
[M::mem_process_seqs_merge2] CPE FASTQ formatting done
slave pre done
now n is 337631
processed 337631
[M::mem_process_seqs_merge2] Processed 337631 reads in 3.160 CPU sec, 3.161 real sec
step2 put 0x580000005980
step3 0x580000005de0
step3 0x580000005e30
step3 0x5800000048f0
step3 0x580000005980

====================== SWBWA Output Debug =====================
  MPI rank: 000000 / 000001
  mode:     non-MPI POSIX
  path:     bigdata_results/cgs_pool/no1/ERR1203383_SE.sam

  Output volume
    output buffer capacity                           67108864
    swbwa_output_write calls                        15274680
    submitted SAM bytes                           3590277649
    buffered flushes                                      54
    buffered flush bytes                          3590277649
    direct oversized writes                                0
    direct oversized bytes                                 0

  Buffering
    buffered flush total                        83.366111 s  (54 calls, 1543816.865 us/call)

  POSIX file writes
    write system calls                                     54
    write system-call bytes                        3590277649
    POSIX write system calls                    83.365486 s  (54 calls, 1543805.301 us/call)
    POSIX write effective bandwidth                41.072 MiB/s

  Output close timing
    POSIX close                                  0.000367 s  (1 calls,   367.001 us/call)
================================================================


======================= SWBWA Timing Report =======================
  Accumulated wall-clock time; indented rows are included in
  their parent row and must not be added to it.

  Pipeline
    total - complete three-stage pipeline                   115.908 s
    stage 1 - allocate and read raw FASTQ blocks             42.827 s
    stage 2 - align reads and generate SAM records           52.753 s
    stage 3 - write SAM and release batch data              111.889 s
      SAM output writes                                       100.933 s
      batch cleanup and loop overhead (derived)                10.956 s

  Stage 1 input details
    batches completed / stage calls                      30 / 31
    input-buffer and batch allocations                        0.000 s  (61 calls, max 0.000 s)
    aggregate requested allocation bytes           3499342296
    FASTQ fseeko calls                                        0.000 s  (30 calls, max 0.000 s)
    FASTQ fread calls                                        42.820 s  (30 calls, max 2.600 s)
    align chunk ends to FASTQ record boundaries               0.000 s  (29 calls, max 0.000 s)
    scheduler, checks and bookkeeping (derived)               0.006 s
    raw FASTQ bytes read                           3499309592  (3337.202 MiB)
    effective fread bandwidth                         77.936 MiB/s
    slowest allocation                                 0.000 s  (64 bytes)
    slowest fread                                      2.600 s  (R1 offset=235927776, bytes=117964800)

  Stage 2 worker details
    total - active merge worker                              52.750 s
      part 1 - prepare CPE task and reusable buffers            1.586 s
      part 2 - CPE FASTQ formatting and input release           0.237 s
      part 3 - CPE alignment and SAM length pass               49.155 s
      part 4 - assign slices in the shared SAM buffer           1.498 s
      part 5 - CPE SAM record generation                        0.269 s
      part 6 - release temporary worker data                    0.001 s

  Reserved allocator timers (no active timing sites)
    malloc timer                                              0.000 s
    free timer                                                0.000 s
===================================================================

[main] Version: 0.0.1
[main] CMD: ./SWBWA mem -v 4 -t 1 -o bigdata_results/cgs_pool/no1/ERR1203383_SE.sam -I 170,80,500,1 ../data/GRCh38.d1.vd1.fa ../data/bwa_test_big_data/ERR1203383_1.fastq
