[M::main_mem] mean insert size: 170.000, stddev: 80.000, max: 500, min: 1
[CPE input] bytes_per_cg=19660800 cg_count=6 chunk_bytes=117964800 file_bytes=3536060312
malloc bwt->bwt 3107576584, 0x580000486040
malloc bwt->sa 1553788264, 0x5800b9823b60
[M::bwa_idx_load_from_disk] read 0 ALT contigs
malloc pac 776894131, 0x580116285940
the input file is ../data/bwa_test_big_data/SRR2496709_1.fastq
the input file is ../data/bwa_test_big_data/SRR2496709_2.fastq
the output file is bigdata_results/cgs_pool/no1/SRR2496709_PE.sam
[M::process] read chunk (19660800 bytes/CG x 6 CGs, 117964800 bytes)...
[DBG stage1] slow fread: R2 offset=0 requested=117964800 read=117964800 elapsed=1.056 s
step1 0x5800000049e0
[M::process] read chunk (19660800 bytes/CG x 6 CGs, 117964800 bytes)...
step2 get 0x5800000049e0
[M::mem_process_seqs_merge2] CPE FASTQ formatting done
[DBG stage1] slow fread: R1 offset=117963996 requested=117964800 read=117964800 elapsed=1.434 s
slave pre done
now n is 858032
processed 858032
[M::mem_process_seqs_merge2] Processed 858032 reads in 4.010 CPU sec, 4.053 real sec
step2 put 0x5800000049e0
step3 0x5800000049e0
[DBG stage1] slow fread: R2 offset=117963996 requested=117964800 read=117964800 elapsed=2.891 s
step1 0x5800000048f0
[M::process] read chunk (19660800 bytes/CG x 6 CGs, 117964800 bytes)...
step2 get 0x5800000048f0
[M::mem_process_seqs_merge2] CPE FASTQ formatting done
slave pre done
now n is 854810
processed 854810
[M::mem_process_seqs_merge2] Processed 854810 reads in 3.230 CPU sec, 3.242 real sec
step2 put 0x5800000048f0
[DBG stage1] slow fread: R1 offset=235927776 requested=117964800 read=117964800 elapsed=3.416 s
[DBG stage1] slow fread: R2 offset=235927776 requested=117964800 read=117964800 elapsed=1.301 s
step1 0x580000004a30
[M::process] read chunk (19660800 bytes/CG x 6 CGs, 117964800 bytes)...
step2 get 0x580000004a30
[M::mem_process_seqs_merge2] CPE FASTQ formatting done
[DBG stage1] slow fread: R1 offset=353891744 requested=117964800 read=117964800 elapsed=2.761 s
slave pre done
now n is 846702
processed 846702
[M::mem_process_seqs_merge2] Processed 846702 reads in 4.300 CPU sec, 4.331 real sec
step2 put 0x580000004a30
[DBG stage1] slow fread: R2 offset=353891744 requested=117964800 read=117964800 elapsed=2.445 s
step1 0x580000005ac0
[M::process] read chunk (19660800 bytes/CG x 6 CGs, 117964800 bytes)...
step2 get 0x580000005ac0
[M::mem_process_seqs_merge2] CPE FASTQ formatting done
slave pre done
now n is 842600
processed 842600
[M::mem_process_seqs_merge2] Processed 842600 reads in 3.200 CPU sec, 3.205 real sec
step2 put 0x580000005ac0
step3 0x5800000048f0
[DBG stage1] slow fread: R1 offset=471855744 requested=117964800 read=117964800 elapsed=3.596 s
[DBG stage1] slow fread: R2 offset=471855744 requested=117964800 read=117964800 elapsed=1.242 s
step1 0x580000005b10
[M::process] read chunk (19660800 bytes/CG x 6 CGs, 117964800 bytes)...
step2 get 0x580000005b10
[M::mem_process_seqs_merge2] CPE FASTQ formatting done
[DBG stage1] slow fread: R1 offset=589819744 requested=117964800 read=117964800 elapsed=3.101 s
slave pre done
now n is 842600
processed 842600
[M::mem_process_seqs_merge2] Processed 842600 reads in 4.370 CPU sec, 4.381 real sec
step2 put 0x580000005b10
[DBG stage1] slow fread: R2 offset=589819744 requested=117964800 read=117964800 elapsed=2.191 s
step1 0x580000005b60
[M::process] read chunk (19660800 bytes/CG x 6 CGs, 117964800 bytes)...
step2 get 0x580000005b60
[M::mem_process_seqs_merge2] CPE FASTQ formatting done
slave pre done
now n is 842600
processed 842600
[M::mem_process_seqs_merge2] Processed 842600 reads in 3.330 CPU sec, 3.418 real sec
step2 put 0x580000005b60
[DBG stage1] slow fread: R1 offset=707783744 requested=117964800 read=117964800 elapsed=3.531 s
[DBG stage1] slow fread: R2 offset=707783744 requested=117964800 read=117964800 elapsed=1.340 s
step1 0x5800000049e0
[M::process] read chunk (19660800 bytes/CG x 6 CGs, 117964800 bytes)...
step2 get 0x5800000049e0
step3 0x580000004a30
[M::mem_process_seqs_merge2] CPE FASTQ formatting done
slave pre done
now n is 842600
[DBG stage1] slow fread: R1 offset=825747744 requested=117964800 read=117964800 elapsed=3.327 s
processed 842600
[M::mem_process_seqs_merge2] Processed 842600 reads in 3.010 CPU sec, 3.021 real sec
step2 put 0x5800000049e0
[DBG stage1] slow fread: R2 offset=825747744 requested=117964800 read=117964800 elapsed=1.424 s
step1 0x580000005bb0
[M::process] read chunk (19660800 bytes/CG x 6 CGs, 117964800 bytes)...
step2 get 0x580000005bb0
[DBG stage1] slow fread: R1 offset=943711744 requested=117964800 read=117964800 elapsed=1.247 s
[DBG stage1] slow fread: R2 offset=943711744 requested=117964800 read=117964800 elapsed=1.569 s
step1 0x5800000048f0
[M::process] read chunk (19660800 bytes/CG x 6 CGs, 117964800 bytes)...
[DBG stage1] slow fread: R1 offset=1061675744 requested=117964800 read=117964800 elapsed=1.224 s
step3 0x580000005ac0
[M::mem_process_seqs_merge2] CPE FASTQ formatting done
[DBG stage1] slow fread: R2 offset=1061675744 requested=117964800 read=117964800 elapsed=1.876 s
step1 0x580000005e80
[M::process] read chunk (19660800 bytes/CG x 6 CGs, 117964800 bytes)...
slave pre done
now n is 842600
processed 842600
[M::mem_process_seqs_merge2] Processed 842600 reads in 3.420 CPU sec, 3.436 real sec
step2 put 0x580000005bb0
step2 get 0x5800000048f0
[DBG stage1] slow fread: R1 offset=1179639744 requested=117964800 read=117964800 elapsed=3.180 s
[DBG stage1] slow fread: R2 offset=1179639744 requested=117964800 read=117964800 elapsed=1.381 s
step1 0x580000004a30
[M::process] read chunk (19660800 bytes/CG x 6 CGs, 117964800 bytes)...
[DBG stage1] slow fread: R1 offset=1297603744 requested=117964800 read=117964800 elapsed=1.045 s
[DBG stage1] slow fread: R2 offset=1297603744 requested=117964800 read=117964800 elapsed=1.214 s
step1 0x580000005ed0
[M::process] read chunk (19660800 bytes/CG x 6 CGs, 117964800 bytes)...
step3 0x580000005b10
[M::mem_process_seqs_merge2] CPE FASTQ formatting done
[DBG stage1] slow fread: R2 offset=1415567744 requested=117964800 read=117964800 elapsed=1.456 s
step1 0x580000005f20
slave pre done
now n is 842600
processed 842600
[M::mem_process_seqs_merge2] Processed 842600 reads in 3.720 CPU sec, 3.725 real sec
step2 put 0x5800000048f0
step2 get 0x580000005e80
[M::process] read chunk (19660800 bytes/CG x 6 CGs, 117964800 bytes)...
[DBG stage1] slow fread: R2 offset=1533531744 requested=117964800 read=117964800 elapsed=1.282 s
step1 0x580000005ac0
step3 0x580000005b60
[M::mem_process_seqs_merge2] CPE FASTQ formatting done
slave pre done
now n is 842600
processed 842600
[M::mem_process_seqs_merge2] Processed 842600 reads in 3.510 CPU sec, 3.519 real sec
step2 put 0x580000005e80
step2 get 0x580000004a30
[M::process] read chunk (19660800 bytes/CG x 6 CGs, 117964800 bytes)...
[DBG stage1] slow fread: R1 offset=1651495744 requested=117964800 read=117964800 elapsed=1.179 s
[DBG stage1] slow fread: R2 offset=1651495744 requested=117964800 read=117964800 elapsed=1.282 s
step1 0x580000005b10
step3 0x5800000049e0
[M::mem_process_seqs_merge2] CPE FASTQ formatting done
slave pre done
now n is 842600
processed 842600
[M::mem_process_seqs_merge2] Processed 842600 reads in 2.880 CPU sec, 2.882 real sec
step2 put 0x580000004a30
step2 get 0x580000005ed0
[M::process] read chunk (19660800 bytes/CG x 6 CGs, 117964800 bytes)...
[DBG stage1] slow fread: R1 offset=1769459744 requested=117964800 read=117964800 elapsed=1.062 s
[DBG stage1] slow fread: R2 offset=1769459744 requested=117964800 read=117964800 elapsed=1.263 s
step1 0x580000005b60
step3 0x580000005bb0
[M::mem_process_seqs_merge2] CPE FASTQ formatting done
slave pre done
now n is 842600
processed 842600
[M::mem_process_seqs_merge2] Processed 842600 reads in 3.560 CPU sec, 3.563 real sec
step2 put 0x580000005ed0
step2 get 0x580000005f20
[M::process] read chunk (19660800 bytes/CG x 6 CGs, 117964800 bytes)...
[DBG stage1] slow fread: R1 offset=1887423744 requested=117964800 read=117964800 elapsed=1.456 s
[DBG stage1] slow fread: R2 offset=1887423744 requested=117964800 read=117964800 elapsed=1.318 s
step1 0x5800000049e0
step3 0x5800000048f0
[M::mem_process_seqs_merge2] CPE FASTQ formatting done
slave pre done
now n is 842600
processed 842600
[M::mem_process_seqs_merge2] Processed 842600 reads in 2.930 CPU sec, 2.947 real sec
step2 put 0x580000005f20
step2 get 0x580000005ac0
[M::process] read chunk (19660800 bytes/CG x 6 CGs, 117964800 bytes)...
[DBG stage1] slow fread: R1 offset=2005387744 requested=117964800 read=117964800 elapsed=1.191 s
[DBG stage1] slow fread: R2 offset=2005387744 requested=117964800 read=117964800 elapsed=1.405 s
step1 0x580000005bb0
step3 0x580000005e80
[M::mem_process_seqs_merge2] CPE FASTQ formatting done
slave pre done
now n is 842600
processed 842600
[M::mem_process_seqs_merge2] Processed 842600 reads in 4.600 CPU sec, 4.619 real sec
step2 put 0x580000005ac0
step2 get 0x580000005b10
[M::process] read chunk (19660800 bytes/CG x 6 CGs, 117964800 bytes)...
[DBG stage1] slow fread: R1 offset=2123351744 requested=117964800 read=117964800 elapsed=1.152 s
[DBG stage1] slow fread: R2 offset=2123351744 requested=117964800 read=117964800 elapsed=1.463 s
step1 0x5800000048f0
step3 0x580000004a30
[M::mem_process_seqs_merge2] CPE FASTQ formatting done
slave pre done
now n is 842600
processed 842600
[M::mem_process_seqs_merge2] Processed 842600 reads in 4.370 CPU sec, 4.394 real sec
step2 put 0x580000005b10
step2 get 0x580000005b60
[M::process] read chunk (19660800 bytes/CG x 6 CGs, 117964800 bytes)...
[DBG stage1] slow fread: R1 offset=2241315744 requested=117964800 read=117964800 elapsed=1.131 s
[DBG stage1] slow fread: R2 offset=2241315744 requested=117964800 read=117964800 elapsed=1.276 s
step1 0x580000005e80
step3 0x580000005ed0
[M::mem_process_seqs_merge2] CPE FASTQ formatting done
slave pre done
now n is 842600
processed 842600
[M::mem_process_seqs_merge2] Processed 842600 reads in 3.650 CPU sec, 3.661 real sec
step2 put 0x580000005b60
step2 get 0x5800000049e0
[M::process] read chunk (19660800 bytes/CG x 6 CGs, 117964800 bytes)...
[DBG stage1] slow fread: R1 offset=2359279744 requested=117964800 read=117964800 elapsed=1.064 s
[DBG stage1] slow fread: R2 offset=2359279744 requested=117964800 read=117964800 elapsed=1.274 s
step1 0x580000004a30
step3 0x580000005f20
[M::mem_process_seqs_merge2] CPE FASTQ formatting done
slave pre done
now n is 842600
processed 842600
[M::mem_process_seqs_merge2] Processed 842600 reads in 4.140 CPU sec, 4.156 real sec
step2 put 0x5800000049e0
step2 get 0x580000005bb0
[M::process] read chunk (19660800 bytes/CG x 6 CGs, 117964800 bytes)...
[DBG stage1] slow fread: R1 offset=2477243744 requested=117964800 read=117964800 elapsed=1.031 s
[DBG stage1] slow fread: R2 offset=2477243744 requested=117964800 read=117964800 elapsed=1.385 s
step1 0x580000005ed0
step3 0x580000005ac0
[M::mem_process_seqs_merge2] CPE FASTQ formatting done
slave pre done
now n is 842600
processed 842600
[M::mem_process_seqs_merge2] Processed 842600 reads in 3.260 CPU sec, 3.359 real sec
step2 put 0x580000005bb0
step2 get 0x5800000048f0
[M::process] read chunk (19660800 bytes/CG x 6 CGs, 117964800 bytes)...
[DBG stage1] slow fread: R1 offset=2595207744 requested=117964800 read=117964800 elapsed=1.133 s
[DBG stage1] slow fread: R2 offset=2595207744 requested=117964800 read=117964800 elapsed=1.388 s
step1 0x580000005f20
step3 0x580000005b10
[M::mem_process_seqs_merge2] CPE FASTQ formatting done
slave pre done
now n is 842600
processed 842600
[M::mem_process_seqs_merge2] Processed 842600 reads in 3.560 CPU sec, 3.671 real sec
step2 put 0x5800000048f0
step2 get 0x580000005e80
[M::process] read chunk (19660800 bytes/CG x 6 CGs, 117964800 bytes)...
[DBG stage1] slow fread: R1 offset=2713171744 requested=117964800 read=117964800 elapsed=1.150 s
[DBG stage1] slow fread: R2 offset=2713171744 requested=117964800 read=117964800 elapsed=1.462 s
step1 0x580000005ac0
step3 0x580000005b60
[M::mem_process_seqs_merge2] CPE FASTQ formatting done
slave pre done
now n is 842600
processed 842600
[M::mem_process_seqs_merge2] Processed 842600 reads in 3.200 CPU sec, 3.211 real sec
step2 put 0x580000005e80
step2 get 0x580000004a30
[M::process] read chunk (19660800 bytes/CG x 6 CGs, 117964800 bytes)...
[DBG stage1] slow fread: R1 offset=2831135676 requested=117964800 read=117964800 elapsed=1.256 s
[DBG stage1] slow fread: R2 offset=2831135676 requested=117964800 read=117964800 elapsed=1.481 s
step1 0x580000005b10
step3 0x5800000049e0
[M::mem_process_seqs_merge2] CPE FASTQ formatting done
slave pre done
now n is 842600
processed 842600
[M::mem_process_seqs_merge2] Processed 842600 reads in 2.670 CPU sec, 2.783 real sec
step2 put 0x580000004a30
step2 get 0x580000005ed0
[M::process] read chunk (19660800 bytes/CG x 6 CGs, 117964800 bytes)...
[DBG stage1] slow fread: R1 offset=2949099620 requested=117964800 read=117964800 elapsed=1.069 s
[DBG stage1] slow fread: R2 offset=2949099620 requested=117964800 read=117964800 elapsed=1.298 s
step1 0x580000005b60
step3 0x580000005bb0
[M::mem_process_seqs_merge2] CPE FASTQ formatting done
slave pre done
now n is 842600
processed 842600
[M::mem_process_seqs_merge2] Processed 842600 reads in 3.200 CPU sec, 3.202 real sec
step2 put 0x580000005ed0
step2 get 0x580000005f20
[M::process] read chunk (19660800 bytes/CG x 6 CGs, 117964800 bytes)...
[DBG stage1] slow fread: R1 offset=3067063564 requested=117964800 read=117964800 elapsed=1.298 s
[DBG stage1] slow fread: R2 offset=3067063564 requested=117964800 read=117964800 elapsed=1.263 s
step1 0x5800000049e0
step3 0x5800000048f0
[M::mem_process_seqs_merge2] CPE FASTQ formatting done
slave pre done
now n is 842600
processed 842600
[M::mem_process_seqs_merge2] Processed 842600 reads in 3.640 CPU sec, 3.651 real sec
step2 put 0x580000005f20
step2 get 0x580000005ac0
[M::process] read chunk (19660800 bytes/CG x 6 CGs, 117964800 bytes)...
[DBG stage1] slow fread: R1 offset=3185027508 requested=117964800 read=117964800 elapsed=1.003 s
[DBG stage1] slow fread: R2 offset=3185027508 requested=117964800 read=117964800 elapsed=1.291 s
step1 0x580000005bb0
step3 0x580000005e80
[M::mem_process_seqs_merge2] CPE FASTQ formatting done
slave pre done
now n is 839020
processed 839020
[M::mem_process_seqs_merge2] Processed 839020 reads in 3.560 CPU sec, 3.571 real sec
step2 put 0x580000005ac0
step2 get 0x580000005b10
[M::process] read chunk (19660800 bytes/CG x 6 CGs, 117964800 bytes)...
[DBG stage1] slow fread: R1 offset=3302991452 requested=117964800 read=117964800 elapsed=1.231 s
[DBG stage1] slow fread: R2 offset=3302991452 requested=117964800 read=117964800 elapsed=1.540 s
step1 0x5800000048f0
step3 0x580000004a30
[M::mem_process_seqs_merge2] CPE FASTQ formatting done
slave pre done
now n is 830732
processed 830732
[M::mem_process_seqs_merge2] Processed 830732 reads in 2.710 CPU sec, 2.775 real sec
step2 put 0x580000005b10
step2 get 0x580000005b60
[M::process] read chunk (19660800 bytes/CG x 6 CGs, 115104916 bytes)...
[DBG stage1] slow fread: R2 offset=3420955396 requested=115104916 read=115104916 elapsed=1.273 s
step1 0x580000005e80
step3 0x580000005ed0
[M::mem_process_seqs_merge2] CPE FASTQ formatting done
slave pre done
now n is 830732
processed 830732
[M::mem_process_seqs_merge2] Processed 830732 reads in 3.240 CPU sec, 3.251 real sec
step2 put 0x580000005b60
step2 get 0x5800000049e0
step3 0x580000005f20
[M::mem_process_seqs_merge2] CPE FASTQ formatting done
slave pre done
now n is 830732
processed 830732
[M::mem_process_seqs_merge2] Processed 830732 reads in 2.530 CPU sec, 2.535 real sec
step2 put 0x5800000049e0
step2 get 0x580000005bb0
step3 0x580000005ac0
[M::mem_process_seqs_merge2] CPE FASTQ formatting done
slave pre done
now n is 830732
processed 830732
[M::mem_process_seqs_merge2] Processed 830732 reads in 3.870 CPU sec, 3.889 real sec
step2 put 0x580000005bb0
step2 get 0x5800000048f0
step3 0x580000005b10
[M::mem_process_seqs_merge2] CPE FASTQ formatting done
slave pre done
now n is 830732
processed 830732
[M::mem_process_seqs_merge2] Processed 830732 reads in 2.840 CPU sec, 2.843 real sec
step2 put 0x5800000048f0
step2 get 0x580000005e80
step3 0x580000005b60
[M::mem_process_seqs_merge2] CPE FASTQ formatting done
slave pre done
now n is 810598
processed 810598
[M::mem_process_seqs_merge2] Processed 810598 reads in 3.280 CPU sec, 3.281 real sec
step2 put 0x580000005e80
step3 0x5800000049e0
step3 0x580000005bb0
step3 0x5800000048f0
step3 0x580000005e80

====================== SWBWA Output Debug =====================
  MPI rank: 000000 / 000001
  mode:     non-MPI POSIX
  path:     bigdata_results/cgs_pool/no1/SRR2496709_PE.sam

  Output volume
    output buffer capacity                           67108864
    swbwa_output_write calls                        25214822
    submitted SAM bytes                           8119600200
    buffered flushes                                     121
    buffered flush bytes                          8119600200
    direct oversized writes                                0
    direct oversized bytes                                 0

  Buffering
    buffered flush total                       180.869715 s  (121 calls, 1494791.031 us/call)

  POSIX file writes
    write system calls                                    121
    write system-call bytes                        8119600200
    POSIX write system calls                   180.868615 s  (121 calls, 1494781.940 us/call)
    POSIX write effective bandwidth                42.813 MiB/s

  Output close timing
    POSIX close                                  0.000371 s  (1 calls,   371.302 us/call)
================================================================


======================= SWBWA Timing Report =======================
  Accumulated wall-clock time; indented rows are included in
  their parent row and must not be added to it.

  Pipeline
    total - complete three-stage pipeline                   232.261 s
    stage 1 - allocate and read raw FASTQ blocks             93.339 s
    stage 2 - align reads and generate SAM records          104.582 s
    stage 3 - write SAM and release batch data              225.470 s
      SAM output writes                                       208.955 s
      batch cleanup and loop overhead (derived)                16.515 s

  Stage 1 input details
    batches completed / stage calls                      30 / 31
    input-buffer and batch allocations                        0.000 s  (91 calls, max 0.000 s)
    aggregate requested allocation bytes           7072231656
    FASTQ fseeko calls                                        0.001 s  (60 calls, max 0.000 s)
    FASTQ fread calls                                        93.309 s  (60 calls, max 3.596 s)
    align chunk ends to FASTQ record boundaries               0.000 s  (58 calls, max 0.000 s)
    scheduler, checks and bookkeeping (derived)               0.028 s
    raw FASTQ bytes read                           7072168232  (6744.545 MiB)
    effective fread bandwidth                         72.282 MiB/s
    slowest allocation                                 0.000 s  (117965824 bytes)
    slowest fread                                      3.596 s  (R1 offset=471855744, bytes=117964800)

  Stage 2 worker details
    total - active merge worker                             104.574 s
      part 1 - prepare CPE task and reusable buffers            1.406 s
      part 2 - CPE FASTQ formatting and input release           0.473 s
      part 3 - CPE alignment and SAM length pass               99.319 s
      part 4 - assign slices in the shared SAM buffer           2.940 s
      part 5 - CPE SAM record generation                        0.427 s
      part 6 - release temporary worker data                    0.001 s

  Reserved allocator timers (no active timing sites)
    malloc timer                                              0.000 s
    free timer                                                0.000 s
===================================================================

[main] Version: 0.0.1
[main] CMD: ./SWBWA mem -v 4 -t 1 -o bigdata_results/cgs_pool/no1/SRR2496709_PE.sam -I 170,80,500,1 ../data/GRCh38.d1.vd1.fa ../data/bwa_test_big_data/SRR2496709_1.fastq ../data/bwa_test_big_data/SRR2496709_2.fastq
