[M::main_mem] mean insert size: 170.000, stddev: 80.000, max: 500, min: 1
[CPE input] bytes_per_cg=19660800 cg_count=1 chunk_bytes=19660800 file_bytes=3499281348
malloc bwt->bwt 3107576584, 0x500002429500
malloc bwt->sa 1553788264, 0x5000bb7c7020
[M::bwa_idx_load_from_disk] read 0 ALT contigs
malloc pac 776894131, 0x500118228940
the input file is ../data/bwa_test_big_data/ERR1203383_1.fastq
the input file is ../data/bwa_test_big_data/ERR1203383_2.fastq
the output file is bigdata_results/single_system/no1/ERR1203383_PE.sam
[M::process] read chunk (19660800 bytes/CG x 1 CGs, 19660800 bytes)...
step1 0x5000020029e0
[M::process] read chunk (19660800 bytes/CG x 1 CGs, 19660800 bytes)...
step2 get 0x5000020029e0
step1 0x5000020028f0
[M::process] read chunk (19660800 bytes/CG x 1 CGs, 19660800 bytes)...
[M::mem_process_seqs_merge2] CPE FASTQ formatting done
step1 0x500002002a30
[M::process] read chunk (19660800 bytes/CG x 1 CGs, 19660800 bytes)...
step1 0x500002004100
[M::process] read chunk (19660800 bytes/CG x 1 CGs, 19660800 bytes)...
step1 0x500002004150
slave pre done
now n is 179130
processed 179130
[M::mem_process_seqs_merge2] Processed 179130 reads in 2.120 CPU sec, 2.148 real sec
step2 put 0x5000020029e0
step2 get 0x5000020028f0
step3 0x5000020029e0
[M::process] read chunk (19660800 bytes/CG x 1 CGs, 19660800 bytes)...
[M::mem_process_seqs_merge2] CPE FASTQ formatting done
step1 0x5000020041a0
slave pre done
now n is 175908
processed 175908
[M::mem_process_seqs_merge2] Processed 175908 reads in 1.680 CPU sec, 1.678 real sec
step2 put 0x5000020028f0
step2 get 0x500002002a30
step3 0x5000020028f0
[M::process] read chunk (19660800 bytes/CG x 1 CGs, 19660800 bytes)...
[M::mem_process_seqs_merge2] CPE FASTQ formatting done
step1 0x5000020029e0
slave pre done
now n is 175534
processed 175534
[M::mem_process_seqs_merge2] Processed 175534 reads in 1.670 CPU sec, 1.670 real sec
step2 put 0x500002002a30
step2 get 0x500002004100
[M::process] read chunk (19660800 bytes/CG x 1 CGs, 19660800 bytes)...
step3 0x500002002a30
[M::mem_process_seqs_merge2] CPE FASTQ formatting done
step1 0x5000020028f0
slave pre done
now n is 175534
processed 175534
[M::mem_process_seqs_merge2] Processed 175534 reads in 1.520 CPU sec, 1.521 real sec
step2 put 0x500002004100
step2 get 0x500002004150
[M::process] read chunk (19660800 bytes/CG x 1 CGs, 19660800 bytes)...
[M::mem_process_seqs_merge2] CPE FASTQ formatting done
step3 0x500002004100
step1 0x5000020041f0
slave pre done
now n is 175534
processed 175534
[M::mem_process_seqs_merge2] Processed 175534 reads in 1.510 CPU sec, 1.513 real sec
step2 put 0x500002004150
step2 get 0x5000020041a0
[M::process] read chunk (19660800 bytes/CG x 1 CGs, 19660800 bytes)...
step3 0x500002004150
[M::mem_process_seqs_merge2] CPE FASTQ formatting done
step1 0x500002004100
slave pre done
now n is 175534
processed 175534
[M::mem_process_seqs_merge2] Processed 175534 reads in 1.750 CPU sec, 1.743 real sec
step2 put 0x5000020041a0
step2 get 0x5000020029e0
[M::process] read chunk (19660800 bytes/CG x 1 CGs, 19660800 bytes)...
[M::mem_process_seqs_merge2] CPE FASTQ formatting done
step3 0x5000020041a0
step1 0x500002002a30
slave pre done
now n is 175534
processed 175534
[M::mem_process_seqs_merge2] Processed 175534 reads in 2.000 CPU sec, 2.016 real sec
step2 put 0x5000020029e0
step2 get 0x5000020028f0
[M::process] read chunk (19660800 bytes/CG x 1 CGs, 19660800 bytes)...
[M::mem_process_seqs_merge2] CPE FASTQ formatting done
step3 0x5000020029e0
step1 0x500002004150
slave pre done
now n is 175534
processed 175534
[M::mem_process_seqs_merge2] Processed 175534 reads in 1.760 CPU sec, 1.759 real sec
step2 put 0x5000020028f0
step2 get 0x5000020041f0
step3 0x5000020028f0
[M::process] read chunk (19660800 bytes/CG x 1 CGs, 19660800 bytes)...
[M::mem_process_seqs_merge2] CPE FASTQ formatting done
step1 0x5000020029e0
slave pre done
now n is 175534
processed 175534
[M::mem_process_seqs_merge2] Processed 175534 reads in 2.070 CPU sec, 2.064 real sec
step2 put 0x5000020041f0
step2 get 0x500002004100
step3 0x5000020041f0
[M::process] read chunk (19660800 bytes/CG x 1 CGs, 19660800 bytes)...
[M::mem_process_seqs_merge2] CPE FASTQ formatting done
step1 0x5000020028f0
slave pre done
now n is 175534
processed 175534
[M::mem_process_seqs_merge2] Processed 175534 reads in 1.960 CPU sec, 1.971 real sec
step2 put 0x500002004100
step2 get 0x500002002a30
[M::process] read chunk (19660800 bytes/CG x 1 CGs, 19660800 bytes)...
step3 0x500002004100
[M::mem_process_seqs_merge2] CPE FASTQ formatting done
step1 0x5000020041f0
slave pre done
now n is 175534
processed 175534
[M::mem_process_seqs_merge2] Processed 175534 reads in 1.540 CPU sec, 1.539 real sec
step2 put 0x500002002a30
step2 get 0x500002004150
step3 0x500002002a30
[M::process] read chunk (19660800 bytes/CG x 1 CGs, 19660800 bytes)...
[M::mem_process_seqs_merge2] CPE FASTQ formatting done
step1 0x500002004100
slave pre done
now n is 173598
processed 173598
[M::mem_process_seqs_merge2] Processed 173598 reads in 1.630 CPU sec, 1.642 real sec
step2 put 0x500002004150
step2 get 0x5000020029e0
[M::process] read chunk (19660800 bytes/CG x 1 CGs, 19660800 bytes)...
[M::mem_process_seqs_merge2] CPE FASTQ formatting done
step3 0x500002004150
step1 0x5000020041a0
slave pre done
now n is 172456
processed 172456
[M::mem_process_seqs_merge2] Processed 172456 reads in 1.740 CPU sec, 1.746 real sec
step2 put 0x5000020029e0
step2 get 0x5000020028f0
[M::process] read chunk (19660800 bytes/CG x 1 CGs, 19660800 bytes)...
[M::mem_process_seqs_merge2] CPE FASTQ formatting done
step3 0x5000020029e0
step1 0x500002002a30
slave pre done
now n is 172456
processed 172456
[M::mem_process_seqs_merge2] Processed 172456 reads in 1.640 CPU sec, 1.637 real sec
step2 put 0x5000020028f0
step2 get 0x5000020041f0
step3 0x5000020028f0
[M::process] read chunk (19660800 bytes/CG x 1 CGs, 19660800 bytes)...
[M::mem_process_seqs_merge2] CPE FASTQ formatting done
step1 0x5000020029e0
slave pre done
now n is 172456
processed 172456
[M::mem_process_seqs_merge2] Processed 172456 reads in 1.690 CPU sec, 1.685 real sec
step2 put 0x5000020041f0
step2 get 0x500002004100
[M::process] read chunk (19660800 bytes/CG x 1 CGs, 19660800 bytes)...
[M::mem_process_seqs_merge2] CPE FASTQ formatting done
step3 0x5000020041f0
step1 0x500002004150
slave pre done
now n is 172456
processed 172456
[M::mem_process_seqs_merge2] Processed 172456 reads in 1.600 CPU sec, 1.608 real sec
step2 put 0x500002004100
step2 get 0x5000020041a0
[M::process] read chunk (19660800 bytes/CG x 1 CGs, 19660800 bytes)...
[M::mem_process_seqs_merge2] CPE FASTQ formatting done
step1 0x5000020028f0
step3 0x500002004100
slave pre done
now n is 172456
processed 172456
[M::mem_process_seqs_merge2] Processed 172456 reads in 1.730 CPU sec, 1.729 real sec
step2 put 0x5000020041a0
step2 get 0x500002002a30
[M::process] read chunk (19660800 bytes/CG x 1 CGs, 19660800 bytes)...
step3 0x5000020041a0
[M::mem_process_seqs_merge2] CPE FASTQ formatting done
step1 0x500002004100
slave pre done
now n is 172456
processed 172456
[M::mem_process_seqs_merge2] Processed 172456 reads in 1.580 CPU sec, 1.572 real sec
step2 put 0x500002002a30
step2 get 0x5000020029e0
[M::process] read chunk (19660800 bytes/CG x 1 CGs, 19660800 bytes)...
[M::mem_process_seqs_merge2] CPE FASTQ formatting done
step3 0x500002002a30
step1 0x5000020041f0
slave pre done
now n is 172456
processed 172456
[M::mem_process_seqs_merge2] Processed 172456 reads in 1.730 CPU sec, 1.736 real sec
step2 put 0x5000020029e0
step2 get 0x500002004150
[M::process] read chunk (19660800 bytes/CG x 1 CGs, 19660800 bytes)...
[M::mem_process_seqs_merge2] CPE FASTQ formatting done
step1 0x5000020041a0
step3 0x5000020029e0
slave pre done
now n is 172456
processed 172456
[M::mem_process_seqs_merge2] Processed 172456 reads in 1.840 CPU sec, 1.843 real sec
step2 put 0x500002004150
step2 get 0x5000020028f0
[M::process] read chunk (19660800 bytes/CG x 1 CGs, 19660800 bytes)...
step3 0x500002004150
[M::mem_process_seqs_merge2] CPE FASTQ formatting done
step1 0x5000020029e0
slave pre done
now n is 172456
processed 172456
[M::mem_process_seqs_merge2] Processed 172456 reads in 1.650 CPU sec, 1.660 real sec
step2 put 0x5000020028f0
step2 get 0x500002004100
[M::process] read chunk (19660800 bytes/CG x 1 CGs, 19660800 bytes)...
[M::mem_process_seqs_merge2] CPE FASTQ formatting done
step1 0x500002002a30
step3 0x5000020028f0
slave pre done
now n is 172456
processed 172456
[M::mem_process_seqs_merge2] Processed 172456 reads in 1.990 CPU sec, 1.990 real sec
step2 put 0x500002004100
step2 get 0x5000020041f0
[M::process] read chunk (19660800 bytes/CG x 1 CGs, 19660800 bytes)...
[M::mem_process_seqs_merge2] CPE FASTQ formatting done
step3 0x500002004100
step1 0x500002004150
slave pre done
now n is 172456
processed 172456
[M::mem_process_seqs_merge2] Processed 172456 reads in 1.750 CPU sec, 1.745 real sec
step2 put 0x5000020041f0
step2 get 0x5000020041a0
step3 0x5000020041f0
[M::process] read chunk (19660800 bytes/CG x 1 CGs, 19660800 bytes)...
[M::mem_process_seqs_merge2] CPE FASTQ formatting done
step1 0x500002004100
slave pre done
now n is 172456
processed 172456
[M::mem_process_seqs_merge2] Processed 172456 reads in 2.080 CPU sec, 2.086 real sec
step2 put 0x5000020041a0
step2 get 0x5000020029e0
[M::process] read chunk (19660800 bytes/CG x 1 CGs, 19660800 bytes)...
step3 0x5000020041a0
[M::mem_process_seqs_merge2] CPE FASTQ formatting done
step1 0x5000020041f0
slave pre done
now n is 172456
processed 172456
[M::mem_process_seqs_merge2] Processed 172456 reads in 1.720 CPU sec, 1.712 real sec
step2 put 0x5000020029e0
step2 get 0x500002002a30
[M::process] read chunk (19660800 bytes/CG x 1 CGs, 19660800 bytes)...
[M::mem_process_seqs_merge2] CPE FASTQ formatting done
step3 0x5000020029e0
step1 0x5000020028f0
slave pre done
now n is 172456
processed 172456
[M::mem_process_seqs_merge2] Processed 172456 reads in 1.570 CPU sec, 1.572 real sec
step2 put 0x500002002a30
step2 get 0x500002004150
[M::process] read chunk (19660800 bytes/CG x 1 CGs, 19660800 bytes)...
step3 0x500002002a30
[M::mem_process_seqs_merge2] CPE FASTQ formatting done
step1 0x5000020029e0
slave pre done
now n is 172456
processed 172456
[M::mem_process_seqs_merge2] Processed 172456 reads in 1.870 CPU sec, 1.873 real sec
step2 put 0x500002004150
step2 get 0x500002004100
[M::process] read chunk (19660800 bytes/CG x 1 CGs, 19660800 bytes)...
[M::mem_process_seqs_merge2] CPE FASTQ formatting done
step3 0x500002004150
step1 0x5000020041a0
slave pre done
now n is 172456
processed 172456
[M::mem_process_seqs_merge2] Processed 172456 reads in 1.680 CPU sec, 1.685 real sec
step2 put 0x500002004100
step2 get 0x5000020041f0
[M::process] read chunk (19660800 bytes/CG x 1 CGs, 19660800 bytes)...
[M::mem_process_seqs_merge2] CPE FASTQ formatting done
step3 0x500002004100
step1 0x500002002a30
slave pre done
now n is 172456
processed 172456
[M::mem_process_seqs_merge2] Processed 172456 reads in 1.620 CPU sec, 1.627 real sec
step2 put 0x5000020041f0
step2 get 0x5000020028f0
[M::process] read chunk (19660800 bytes/CG x 1 CGs, 19660800 bytes)...
[M::mem_process_seqs_merge2] CPE FASTQ formatting done
step1 0x500002004150
step3 0x5000020041f0
slave pre done
now n is 172456
processed 172456
[M::mem_process_seqs_merge2] Processed 172456 reads in 1.670 CPU sec, 1.669 real sec
step2 put 0x5000020028f0
step2 get 0x5000020029e0
[M::process] read chunk (19660800 bytes/CG x 1 CGs, 19660800 bytes)...
step3 0x5000020028f0
[M::mem_process_seqs_merge2] CPE FASTQ formatting done
step1 0x5000020041f0
slave pre done
now n is 172456
processed 172456
[M::mem_process_seqs_merge2] Processed 172456 reads in 1.910 CPU sec, 1.918 real sec
step2 put 0x5000020029e0
step2 get 0x5000020041a0
[M::process] read chunk (19660800 bytes/CG x 1 CGs, 19660800 bytes)...
step3 0x5000020029e0
[M::mem_process_seqs_merge2] CPE FASTQ formatting done
step1 0x5000020028f0
slave pre done
now n is 172456
processed 172456
[M::mem_process_seqs_merge2] Processed 172456 reads in 1.490 CPU sec, 1.490 real sec
step2 put 0x5000020041a0
step2 get 0x500002002a30
[M::process] read chunk (19660800 bytes/CG x 1 CGs, 19660800 bytes)...
[M::mem_process_seqs_merge2] CPE FASTQ formatting done
step3 0x5000020041a0
step1 0x500002004100
slave pre done
now n is 172456
processed 172456
[M::mem_process_seqs_merge2] Processed 172456 reads in 1.370 CPU sec, 1.368 real sec
step2 put 0x500002002a30
step2 get 0x500002004150
step3 0x500002002a30
[M::process] read chunk (19660800 bytes/CG x 1 CGs, 19660800 bytes)...
[M::mem_process_seqs_merge2] CPE FASTQ formatting done
step1 0x5000020041a0
slave pre done
now n is 172456
processed 172456
[M::mem_process_seqs_merge2] Processed 172456 reads in 1.600 CPU sec, 1.619 real sec
step2 put 0x500002004150
step2 get 0x5000020041f0
[M::process] read chunk (19660800 bytes/CG x 1 CGs, 19660800 bytes)...
[M::mem_process_seqs_merge2] CPE FASTQ formatting done
step3 0x500002004150
step1 0x5000020029e0
slave pre done
now n is 172456
processed 172456
[M::mem_process_seqs_merge2] Processed 172456 reads in 2.290 CPU sec, 2.297 real sec
step2 put 0x5000020041f0
step2 get 0x5000020028f0
[M::process] read chunk (19660800 bytes/CG x 1 CGs, 19660800 bytes)...
step3 0x5000020041f0
[M::mem_process_seqs_merge2] CPE FASTQ formatting done
step1 0x500002004150
slave pre done
now n is 172456
processed 172456
[M::mem_process_seqs_merge2] Processed 172456 reads in 1.660 CPU sec, 1.662 real sec
step2 put 0x5000020028f0
step2 get 0x500002004100
step3 0x5000020028f0
[M::process] read chunk (19660800 bytes/CG x 1 CGs, 19660800 bytes)...
[M::mem_process_seqs_merge2] CPE FASTQ formatting done
step1 0x5000020041f0
slave pre done
now n is 172456
processed 172456
[M::mem_process_seqs_merge2] Processed 172456 reads in 1.750 CPU sec, 1.750 real sec
step2 put 0x500002004100
step2 get 0x5000020041a0
[M::process] read chunk (19660800 bytes/CG x 1 CGs, 19660800 bytes)...
[M::mem_process_seqs_merge2] CPE FASTQ formatting done
step3 0x500002004100
step1 0x500002002a30
slave pre done
now n is 172456
processed 172456
[M::mem_process_seqs_merge2] Processed 172456 reads in 1.830 CPU sec, 1.827 real sec
step2 put 0x5000020041a0
step2 get 0x5000020029e0
[M::process] read chunk (19660800 bytes/CG x 1 CGs, 19660800 bytes)...
[M::mem_process_seqs_merge2] CPE FASTQ formatting done
step3 0x5000020041a0
step1 0x5000020028f0
slave pre done
now n is 172456
processed 172456
[M::mem_process_seqs_merge2] Processed 172456 reads in 1.850 CPU sec, 1.848 real sec
step2 put 0x5000020029e0
step2 get 0x500002004150
[M::process] read chunk (19660800 bytes/CG x 1 CGs, 19660800 bytes)...
step3 0x5000020029e0
[M::mem_process_seqs_merge2] CPE FASTQ formatting done
step1 0x5000020041a0
slave pre done
now n is 172456
processed 172456
[M::mem_process_seqs_merge2] Processed 172456 reads in 1.640 CPU sec, 1.642 real sec
step2 put 0x500002004150
step2 get 0x5000020041f0
[M::process] read chunk (19660800 bytes/CG x 1 CGs, 19660800 bytes)...
[M::mem_process_seqs_merge2] CPE FASTQ formatting done
step3 0x500002004150
step1 0x500002004100
slave pre done
now n is 172456
processed 172456
[M::mem_process_seqs_merge2] Processed 172456 reads in 1.840 CPU sec, 1.848 real sec
step2 put 0x5000020041f0
step2 get 0x500002002a30
[M::process] read chunk (19660800 bytes/CG x 1 CGs, 19660800 bytes)...
[M::mem_process_seqs_merge2] CPE FASTQ formatting done
step3 0x5000020041f0
step1 0x5000020029e0
slave pre done
now n is 172456
processed 172456
[M::mem_process_seqs_merge2] Processed 172456 reads in 1.970 CPU sec, 1.973 real sec
step2 put 0x500002002a30
step2 get 0x5000020028f0
[M::process] read chunk (19660800 bytes/CG x 1 CGs, 19660800 bytes)...
step3 0x500002002a30
[M::mem_process_seqs_merge2] CPE FASTQ formatting done
step1 0x5000020041f0
slave pre done
now n is 172456
processed 172456
[M::mem_process_seqs_merge2] Processed 172456 reads in 1.970 CPU sec, 1.963 real sec
step2 put 0x5000020028f0
step2 get 0x5000020041a0
step3 0x5000020028f0
[M::process] read chunk (19660800 bytes/CG x 1 CGs, 19660800 bytes)...
[M::mem_process_seqs_merge2] CPE FASTQ formatting done
step1 0x500002002a30
slave pre done
now n is 172456
processed 172456
[M::mem_process_seqs_merge2] Processed 172456 reads in 1.980 CPU sec, 1.995 real sec
step2 put 0x5000020041a0
step2 get 0x500002004100
[M::process] read chunk (19660800 bytes/CG x 1 CGs, 19660800 bytes)...
step3 0x5000020041a0
[M::mem_process_seqs_merge2] CPE FASTQ formatting done
step1 0x5000020028f0
slave pre done
now n is 172456
processed 172456
[M::mem_process_seqs_merge2] Processed 172456 reads in 1.980 CPU sec, 1.981 real sec
step2 put 0x500002004100
step2 get 0x5000020029e0
step3 0x500002004100
[M::process] read chunk (19660800 bytes/CG x 1 CGs, 19660800 bytes)...
[M::mem_process_seqs_merge2] CPE FASTQ formatting done
step1 0x5000020041a0
slave pre done
now n is 172456
processed 172456
[M::mem_process_seqs_merge2] Processed 172456 reads in 2.010 CPU sec, 2.009 real sec
step2 put 0x5000020029e0
step2 get 0x5000020041f0
step3 0x5000020029e0
[M::process] read chunk (19660800 bytes/CG x 1 CGs, 19660800 bytes)...
[M::mem_process_seqs_merge2] CPE FASTQ formatting done
step1 0x500002004100
slave pre done
now n is 172456
processed 172456
[M::mem_process_seqs_merge2] Processed 172456 reads in 2.190 CPU sec, 2.196 real sec
step2 put 0x5000020041f0
step2 get 0x500002002a30
[M::process] read chunk (19660800 bytes/CG x 1 CGs, 19660800 bytes)...
step3 0x5000020041f0
[M::mem_process_seqs_merge2] CPE FASTQ formatting done
step1 0x5000020029e0
slave pre done
now n is 172456
processed 172456
[M::mem_process_seqs_merge2] Processed 172456 reads in 2.000 CPU sec, 2.013 real sec
step2 put 0x500002002a30
step2 get 0x5000020028f0
[M::process] read chunk (19660800 bytes/CG x 1 CGs, 19660800 bytes)...
step3 0x500002002a30
[M::mem_process_seqs_merge2] CPE FASTQ formatting done
step1 0x5000020041f0
slave pre done
now n is 172456
processed 172456
[M::mem_process_seqs_merge2] Processed 172456 reads in 2.000 CPU sec, 1.998 real sec
step2 put 0x5000020028f0
step2 get 0x5000020041a0
[M::process] read chunk (19660800 bytes/CG x 1 CGs, 19660800 bytes)...
step3 0x5000020028f0
[M::mem_process_seqs_merge2] CPE FASTQ formatting done
step1 0x500002002a30
slave pre done
now n is 172456
processed 172456
[M::mem_process_seqs_merge2] Processed 172456 reads in 1.860 CPU sec, 1.865 real sec
step2 put 0x5000020041a0
step2 get 0x500002004100
[M::process] read chunk (19660800 bytes/CG x 1 CGs, 19660800 bytes)...
step3 0x5000020041a0
[M::mem_process_seqs_merge2] CPE FASTQ formatting done
step1 0x5000020028f0
slave pre done
now n is 172456
processed 172456
[M::mem_process_seqs_merge2] Processed 172456 reads in 1.950 CPU sec, 1.947 real sec
step2 put 0x500002004100
step2 get 0x5000020029e0
[M::process] read chunk (19660800 bytes/CG x 1 CGs, 19660800 bytes)...
step3 0x500002004100
[M::mem_process_seqs_merge2] CPE FASTQ formatting done
step1 0x5000020041a0
slave pre done
now n is 172456
processed 172456
[M::mem_process_seqs_merge2] Processed 172456 reads in 1.860 CPU sec, 1.880 real sec
step2 put 0x5000020029e0
step2 get 0x5000020041f0
[M::process] read chunk (19660800 bytes/CG x 1 CGs, 19660800 bytes)...
step3 0x5000020029e0
[M::mem_process_seqs_merge2] CPE FASTQ formatting done
step1 0x500002004100
slave pre done
now n is 172456
processed 172456
[M::mem_process_seqs_merge2] Processed 172456 reads in 1.520 CPU sec, 1.525 real sec
step2 put 0x5000020041f0
step2 get 0x500002002a30
[M::process] read chunk (19660800 bytes/CG x 1 CGs, 19660800 bytes)...
[M::mem_process_seqs_merge2] CPE FASTQ formatting done
step3 0x5000020041f0
step1 0x500002004150
slave pre done
now n is 172456
processed 172456
[M::mem_process_seqs_merge2] Processed 172456 reads in 1.840 CPU sec, 1.846 real sec
step2 put 0x500002002a30
step2 get 0x5000020028f0
step3 0x500002002a30
[M::process] read chunk (19660800 bytes/CG x 1 CGs, 19660800 bytes)...
[M::mem_process_seqs_merge2] CPE FASTQ formatting done
step1 0x5000020041f0
slave pre done
now n is 172456
processed 172456
[M::mem_process_seqs_merge2] Processed 172456 reads in 1.630 CPU sec, 1.625 real sec
step2 put 0x5000020028f0
step2 get 0x5000020041a0
[M::process] read chunk (19660800 bytes/CG x 1 CGs, 19660800 bytes)...
[M::mem_process_seqs_merge2] CPE FASTQ formatting done
step3 0x5000020028f0
step1 0x5000020029e0
slave pre done
now n is 172456
processed 172456
[M::mem_process_seqs_merge2] Processed 172456 reads in 1.770 CPU sec, 1.776 real sec
step2 put 0x5000020041a0
step2 get 0x500002004100
[M::process] read chunk (19660800 bytes/CG x 1 CGs, 19660800 bytes)...
[M::mem_process_seqs_merge2] CPE FASTQ formatting done
step3 0x5000020041a0
step1 0x500002002a30
slave pre done
now n is 172456
processed 172456
[M::mem_process_seqs_merge2] Processed 172456 reads in 1.620 CPU sec, 1.623 real sec
step2 put 0x500002004100
step2 get 0x500002004150
step3 0x500002004100
[M::process] read chunk (19660800 bytes/CG x 1 CGs, 19660800 bytes)...
[M::mem_process_seqs_merge2] CPE FASTQ formatting done
step1 0x5000020041a0
slave pre done
now n is 172456
processed 172456
[M::mem_process_seqs_merge2] Processed 172456 reads in 1.480 CPU sec, 1.472 real sec
step2 put 0x500002004150
step2 get 0x5000020041f0
[M::process] read chunk (19660800 bytes/CG x 1 CGs, 19660800 bytes)...
[M::mem_process_seqs_merge2] CPE FASTQ formatting done
step3 0x500002004150
step1 0x5000020028f0
slave pre done
now n is 172456
processed 172456
[M::mem_process_seqs_merge2] Processed 172456 reads in 1.540 CPU sec, 1.540 real sec
step2 put 0x5000020041f0
step2 get 0x5000020029e0
[M::process] read chunk (19660800 bytes/CG x 1 CGs, 19660800 bytes)...
[M::mem_process_seqs_merge2] CPE FASTQ formatting done
step1 0x500002004100
step3 0x5000020041f0
slave pre done
now n is 172456
processed 172456
[M::mem_process_seqs_merge2] Processed 172456 reads in 2.150 CPU sec, 2.165 real sec
step2 put 0x5000020029e0
step2 get 0x500002002a30
[M::process] read chunk (19660800 bytes/CG x 1 CGs, 19660800 bytes)...
step3 0x5000020029e0
[M::mem_process_seqs_merge2] CPE FASTQ formatting done
step1 0x5000020041f0
slave pre done
now n is 172456
processed 172456
[M::mem_process_seqs_merge2] Processed 172456 reads in 2.040 CPU sec, 2.035 real sec
step2 put 0x500002002a30
step2 get 0x5000020041a0
[M::process] read chunk (19660800 bytes/CG x 1 CGs, 19660800 bytes)...
step3 0x500002002a30
[M::mem_process_seqs_merge2] CPE FASTQ formatting done
step1 0x5000020029e0
slave pre done
now n is 172456
processed 172456
[M::mem_process_seqs_merge2] Processed 172456 reads in 1.940 CPU sec, 1.941 real sec
step2 put 0x5000020041a0
step2 get 0x5000020028f0
[M::process] read chunk (19660800 bytes/CG x 1 CGs, 19660800 bytes)...
step3 0x5000020041a0
[M::mem_process_seqs_merge2] CPE FASTQ formatting done
step1 0x500002002a30
slave pre done
now n is 172456
processed 172456
[M::mem_process_seqs_merge2] Processed 172456 reads in 1.690 CPU sec, 1.699 real sec
step2 put 0x5000020028f0
step2 get 0x500002004100
[M::process] read chunk (19660800 bytes/CG x 1 CGs, 19660800 bytes)...
step3 0x5000020028f0
[M::mem_process_seqs_merge2] CPE FASTQ formatting done
step1 0x5000020041a0
slave pre done
now n is 172456
processed 172456
[M::mem_process_seqs_merge2] Processed 172456 reads in 1.810 CPU sec, 1.822 real sec
step2 put 0x500002004100
step2 get 0x5000020041f0
step3 0x500002004100
[M::process] read chunk (19660800 bytes/CG x 1 CGs, 19660800 bytes)...
[M::mem_process_seqs_merge2] CPE FASTQ formatting done
step1 0x5000020028f0
slave pre done
now n is 172456
processed 172456
[M::mem_process_seqs_merge2] Processed 172456 reads in 1.750 CPU sec, 1.764 real sec
step2 put 0x5000020041f0
step2 get 0x5000020029e0
[M::process] read chunk (19660800 bytes/CG x 1 CGs, 19660800 bytes)...
step3 0x5000020041f0
[M::mem_process_seqs_merge2] CPE FASTQ formatting done
step1 0x500002004150
slave pre done
now n is 172456
processed 172456
[M::mem_process_seqs_merge2] Processed 172456 reads in 1.980 CPU sec, 1.975 real sec
step2 put 0x5000020029e0
step2 get 0x500002002a30
step3 0x5000020029e0
[M::process] read chunk (19660800 bytes/CG x 1 CGs, 19660800 bytes)...
[M::mem_process_seqs_merge2] CPE FASTQ formatting done
step1 0x5000020041f0
slave pre done
now n is 172456
processed 172456
[M::mem_process_seqs_merge2] Processed 172456 reads in 2.260 CPU sec, 2.286 real sec
step2 put 0x500002002a30
step2 get 0x5000020041a0
step3 0x500002002a30
[M::process] read chunk (19660800 bytes/CG x 1 CGs, 19660800 bytes)...
[M::mem_process_seqs_merge2] CPE FASTQ formatting done
step1 0x5000020029e0
slave pre done
now n is 172456
processed 172456
[M::mem_process_seqs_merge2] Processed 172456 reads in 2.160 CPU sec, 2.157 real sec
step2 put 0x5000020041a0
step2 get 0x5000020028f0
[M::process] read chunk (19660800 bytes/CG x 1 CGs, 19660800 bytes)...
step3 0x5000020041a0
[M::mem_process_seqs_merge2] CPE FASTQ formatting done
step1 0x500002002a30
slave pre done
now n is 172456
processed 172456
[M::mem_process_seqs_merge2] Processed 172456 reads in 1.690 CPU sec, 1.692 real sec
step2 put 0x5000020028f0
step2 get 0x500002004150
[M::process] read chunk (19660800 bytes/CG x 1 CGs, 19660800 bytes)...
step3 0x5000020028f0
[M::mem_process_seqs_merge2] CPE FASTQ formatting done
step1 0x5000020041a0
slave pre done
now n is 172456
processed 172456
[M::mem_process_seqs_merge2] Processed 172456 reads in 1.750 CPU sec, 1.749 real sec
step2 put 0x500002004150
step2 get 0x5000020041f0
step3 0x500002004150
[M::process] read chunk (19660800 bytes/CG x 1 CGs, 19660800 bytes)...
[M::mem_process_seqs_merge2] CPE FASTQ formatting done
step1 0x5000020028f0
slave pre done
now n is 172456
processed 172456
[M::mem_process_seqs_merge2] Processed 172456 reads in 1.710 CPU sec, 1.710 real sec
step2 put 0x5000020041f0
step2 get 0x5000020029e0
[M::process] read chunk (19660800 bytes/CG x 1 CGs, 19660800 bytes)...
step3 0x5000020041f0
[M::mem_process_seqs_merge2] CPE FASTQ formatting done
step1 0x500002004150
slave pre done
now n is 172456
processed 172456
[M::mem_process_seqs_merge2] Processed 172456 reads in 1.750 CPU sec, 1.753 real sec
step2 put 0x5000020029e0
step2 get 0x500002002a30
[M::process] read chunk (19660800 bytes/CG x 1 CGs, 19660800 bytes)...
step3 0x5000020029e0
[M::mem_process_seqs_merge2] CPE FASTQ formatting done
step1 0x5000020041f0
slave pre done
now n is 172456
processed 172456
[M::mem_process_seqs_merge2] Processed 172456 reads in 1.630 CPU sec, 1.637 real sec
step2 put 0x500002002a30
step2 get 0x5000020041a0
[M::process] read chunk (19660800 bytes/CG x 1 CGs, 19660800 bytes)...
[M::mem_process_seqs_merge2] CPE FASTQ formatting done
step3 0x500002002a30
step1 0x500002004100
slave pre done
now n is 172456
processed 172456
[M::mem_process_seqs_merge2] Processed 172456 reads in 1.990 CPU sec, 1.994 real sec
step2 put 0x5000020041a0
step2 get 0x5000020028f0
[M::process] read chunk (19660800 bytes/CG x 1 CGs, 19660800 bytes)...
step3 0x5000020041a0
[M::mem_process_seqs_merge2] CPE FASTQ formatting done
step1 0x500002002a30
slave pre done
now n is 172456
processed 172456
[M::mem_process_seqs_merge2] Processed 172456 reads in 1.670 CPU sec, 1.684 real sec
step2 put 0x5000020028f0
step2 get 0x500002004150
step3 0x5000020028f0
[M::process] read chunk (19660800 bytes/CG x 1 CGs, 19660800 bytes)...
[M::mem_process_seqs_merge2] CPE FASTQ formatting done
step1 0x5000020041a0
slave pre done
now n is 172456
processed 172456
[M::mem_process_seqs_merge2] Processed 172456 reads in 3.270 CPU sec, 3.271 real sec
step2 put 0x500002004150
step2 get 0x5000020041f0
[M::process] read chunk (19660800 bytes/CG x 1 CGs, 19660800 bytes)...
step3 0x500002004150
[M::mem_process_seqs_merge2] CPE FASTQ formatting done
step1 0x5000020028f0
slave pre done
now n is 172456
processed 172456
[M::mem_process_seqs_merge2] Processed 172456 reads in 2.130 CPU sec, 2.134 real sec
step2 put 0x5000020041f0
step2 get 0x500002004100
step3 0x5000020041f0
[M::process] read chunk (19660800 bytes/CG x 1 CGs, 19660800 bytes)...
[M::mem_process_seqs_merge2] CPE FASTQ formatting done
step1 0x500002004150
slave pre done
now n is 172456
processed 172456
[M::mem_process_seqs_merge2] Processed 172456 reads in 1.930 CPU sec, 1.929 real sec
step2 put 0x500002004100
step2 get 0x500002002a30
step3 0x500002004100
[M::process] read chunk (19660800 bytes/CG x 1 CGs, 19660800 bytes)...
[M::mem_process_seqs_merge2] CPE FASTQ formatting done
step1 0x5000020041f0
slave pre done
now n is 172456
processed 172456
[M::mem_process_seqs_merge2] Processed 172456 reads in 1.500 CPU sec, 1.496 real sec
step2 put 0x500002002a30
step2 get 0x5000020041a0
[M::process] read chunk (19660800 bytes/CG x 1 CGs, 19660800 bytes)...
[M::mem_process_seqs_merge2] CPE FASTQ formatting done
step1 0x5000020029e0
step3 0x500002002a30
slave pre done
now n is 172456
processed 172456
[M::mem_process_seqs_merge2] Processed 172456 reads in 1.980 CPU sec, 1.981 real sec
step2 put 0x5000020041a0
step2 get 0x5000020028f0
[M::process] read chunk (19660800 bytes/CG x 1 CGs, 19660800 bytes)...
[M::mem_process_seqs_merge2] CPE FASTQ formatting done
step3 0x5000020041a0
step1 0x500002004100
slave pre done
now n is 172456
processed 172456
[M::mem_process_seqs_merge2] Processed 172456 reads in 1.880 CPU sec, 1.875 real sec
step2 put 0x5000020028f0
step2 get 0x500002004150
step3 0x5000020028f0
[M::process] read chunk (19660800 bytes/CG x 1 CGs, 19660800 bytes)...
[M::mem_process_seqs_merge2] CPE FASTQ formatting done
step1 0x5000020041a0
slave pre done
now n is 172456
processed 172456
[M::mem_process_seqs_merge2] Processed 172456 reads in 2.140 CPU sec, 2.145 real sec
step2 put 0x500002004150
step2 get 0x5000020041f0
[M::process] read chunk (19660800 bytes/CG x 1 CGs, 19660800 bytes)...
step3 0x500002004150
[M::mem_process_seqs_merge2] CPE FASTQ formatting done
step1 0x5000020028f0
slave pre done
now n is 172456
processed 172456
[M::mem_process_seqs_merge2] Processed 172456 reads in 1.770 CPU sec, 1.774 real sec
step2 put 0x5000020041f0
step2 get 0x5000020029e0
[M::process] read chunk (19660800 bytes/CG x 1 CGs, 19660800 bytes)...
step3 0x5000020041f0
[M::mem_process_seqs_merge2] CPE FASTQ formatting done
step1 0x500002004150
slave pre done
now n is 172456
processed 172456
[M::mem_process_seqs_merge2] Processed 172456 reads in 1.610 CPU sec, 1.607 real sec
step2 put 0x5000020029e0
step2 get 0x500002004100
[M::process] read chunk (19660800 bytes/CG x 1 CGs, 19660800 bytes)...
[M::mem_process_seqs_merge2] CPE FASTQ formatting done
step3 0x5000020029e0
step1 0x500002002a30
slave pre done
now n is 172456
processed 172456
[M::mem_process_seqs_merge2] Processed 172456 reads in 1.470 CPU sec, 1.468 real sec
step2 put 0x500002004100
step2 get 0x5000020041a0
step3 0x500002004100
[M::process] read chunk (19660800 bytes/CG x 1 CGs, 19660800 bytes)...
[M::mem_process_seqs_merge2] CPE FASTQ formatting done
step1 0x5000020029e0
slave pre done
now n is 172456
processed 172456
[M::mem_process_seqs_merge2] Processed 172456 reads in 1.540 CPU sec, 1.538 real sec
step2 put 0x5000020041a0
step2 get 0x5000020028f0
[M::process] read chunk (19660800 bytes/CG x 1 CGs, 19660800 bytes)...
[M::mem_process_seqs_merge2] CPE FASTQ formatting done
step3 0x5000020041a0
step1 0x5000020041f0
slave pre done
now n is 172456
processed 172456
[M::mem_process_seqs_merge2] Processed 172456 reads in 1.850 CPU sec, 1.861 real sec
step2 put 0x5000020028f0
step2 get 0x500002004150
[M::process] read chunk (19660800 bytes/CG x 1 CGs, 19660800 bytes)...
[M::mem_process_seqs_merge2] CPE FASTQ formatting done
step3 0x5000020028f0
step1 0x500002004100
slave pre done
now n is 172456
processed 172456
[M::mem_process_seqs_merge2] Processed 172456 reads in 2.000 CPU sec, 1.998 real sec
step2 put 0x500002004150
step2 get 0x500002002a30
step3 0x500002004150
[M::process] read chunk (19660800 bytes/CG x 1 CGs, 19660800 bytes)...
[M::mem_process_seqs_merge2] CPE FASTQ formatting done
step1 0x5000020028f0
slave pre done
now n is 172456
processed 172456
[M::mem_process_seqs_merge2] Processed 172456 reads in 1.980 CPU sec, 1.983 real sec
step2 put 0x500002002a30
step2 get 0x5000020029e0
[M::process] read chunk (19660800 bytes/CG x 1 CGs, 19660800 bytes)...
step3 0x500002002a30
[M::mem_process_seqs_merge2] CPE FASTQ formatting done
step1 0x500002004150
slave pre done
now n is 172456
processed 172456
[M::mem_process_seqs_merge2] Processed 172456 reads in 1.630 CPU sec, 1.631 real sec
step2 put 0x5000020029e0
step2 get 0x5000020041f0
[M::process] read chunk (19660800 bytes/CG x 1 CGs, 19660800 bytes)...
[M::mem_process_seqs_merge2] CPE FASTQ formatting done
step3 0x5000020029e0
step1 0x5000020041a0
slave pre done
now n is 172456
processed 172456
[M::mem_process_seqs_merge2] Processed 172456 reads in 1.680 CPU sec, 1.679 real sec
step2 put 0x5000020041f0
step2 get 0x500002004100
[M::process] read chunk (19660800 bytes/CG x 1 CGs, 19660800 bytes)...
step3 0x5000020041f0
[M::mem_process_seqs_merge2] CPE FASTQ formatting done
step1 0x5000020029e0
slave pre done
now n is 172456
processed 172456
[M::mem_process_seqs_merge2] Processed 172456 reads in 1.540 CPU sec, 1.544 real sec
step2 put 0x500002004100
step2 get 0x5000020028f0
[M::process] read chunk (19660800 bytes/CG x 1 CGs, 19660800 bytes)...
[M::mem_process_seqs_merge2] CPE FASTQ formatting done
step3 0x500002004100
step1 0x500002002a30
slave pre done
now n is 172456
processed 172456
[M::mem_process_seqs_merge2] Processed 172456 reads in 1.710 CPU sec, 1.707 real sec
step2 put 0x5000020028f0
step2 get 0x500002004150
[M::process] read chunk (19660800 bytes/CG x 1 CGs, 19660800 bytes)...
[M::mem_process_seqs_merge2] CPE FASTQ formatting done
step3 0x5000020028f0
step1 0x5000020041f0
slave pre done
now n is 172456
processed 172456
[M::mem_process_seqs_merge2] Processed 172456 reads in 1.410 CPU sec, 1.414 real sec
step2 put 0x500002004150
step2 get 0x5000020041a0
step3 0x500002004150
[M::process] read chunk (19660800 bytes/CG x 1 CGs, 19660800 bytes)...
[M::mem_process_seqs_merge2] CPE FASTQ formatting done
step1 0x5000020028f0
slave pre done
now n is 172456
processed 172456
[M::mem_process_seqs_merge2] Processed 172456 reads in 1.470 CPU sec, 1.479 real sec
step2 put 0x5000020041a0
step2 get 0x5000020029e0
[M::process] read chunk (19660800 bytes/CG x 1 CGs, 19660800 bytes)...
[M::mem_process_seqs_merge2] CPE FASTQ formatting done
step1 0x500002004100
step3 0x5000020041a0
slave pre done
now n is 172456
processed 172456
[M::mem_process_seqs_merge2] Processed 172456 reads in 1.820 CPU sec, 1.822 real sec
step2 put 0x5000020029e0
step2 get 0x500002002a30
[M::process] read chunk (19660800 bytes/CG x 1 CGs, 19660800 bytes)...
[M::mem_process_seqs_merge2] CPE FASTQ formatting done
step3 0x5000020029e0
step1 0x500002004150
slave pre done
now n is 172456
processed 172456
[M::mem_process_seqs_merge2] Processed 172456 reads in 1.730 CPU sec, 1.731 real sec
step2 put 0x500002002a30
step2 get 0x5000020041f0
step3 0x500002002a30
[M::process] read chunk (19660800 bytes/CG x 1 CGs, 19660800 bytes)...
[M::mem_process_seqs_merge2] CPE FASTQ formatting done
step1 0x5000020029e0
slave pre done
now n is 172456
processed 172456
[M::mem_process_seqs_merge2] Processed 172456 reads in 1.550 CPU sec, 1.568 real sec
step2 put 0x5000020041f0
step2 get 0x5000020028f0
[M::process] read chunk (19660800 bytes/CG x 1 CGs, 19660800 bytes)...
[M::mem_process_seqs_merge2] CPE FASTQ formatting done
step3 0x5000020041f0
step1 0x5000020041a0
slave pre done
now n is 172456
processed 172456
[M::mem_process_seqs_merge2] Processed 172456 reads in 1.350 CPU sec, 1.349 real sec
step2 put 0x5000020028f0
step2 get 0x500002004100
[M::process] read chunk (19660800 bytes/CG x 1 CGs, 19660800 bytes)...
[M::mem_process_seqs_merge2] CPE FASTQ formatting done
step1 0x500002002a30
step3 0x5000020028f0
slave pre done
now n is 172456
processed 172456
[M::mem_process_seqs_merge2] Processed 172456 reads in 1.510 CPU sec, 1.514 real sec
step2 put 0x500002004100
step2 get 0x500002004150
[M::process] read chunk (19660800 bytes/CG x 1 CGs, 19660800 bytes)...
[M::mem_process_seqs_merge2] CPE FASTQ formatting done
step3 0x500002004100
step1 0x5000020041f0
slave pre done
now n is 172456
processed 172456
[M::mem_process_seqs_merge2] Processed 172456 reads in 1.860 CPU sec, 1.860 real sec
step2 put 0x500002004150
step2 get 0x5000020029e0
[M::process] read chunk (19660800 bytes/CG x 1 CGs, 19660800 bytes)...
[M::mem_process_seqs_merge2] CPE FASTQ formatting done
step3 0x500002004150
step1 0x5000020028f0
slave pre done
now n is 172456
processed 172456
[M::mem_process_seqs_merge2] Processed 172456 reads in 1.800 CPU sec, 1.799 real sec
step2 put 0x5000020029e0
step2 get 0x5000020041a0
[M::process] read chunk (19660800 bytes/CG x 1 CGs, 19660800 bytes)...
[M::mem_process_seqs_merge2] CPE FASTQ formatting done
step3 0x5000020029e0
step1 0x500002004100
slave pre done
now n is 172456
processed 172456
[M::mem_process_seqs_merge2] Processed 172456 reads in 1.500 CPU sec, 1.501 real sec
step2 put 0x5000020041a0
step2 get 0x500002002a30
step3 0x5000020041a0
[M::process] read chunk (19660800 bytes/CG x 1 CGs, 19660800 bytes)...
[M::mem_process_seqs_merge2] CPE FASTQ formatting done
step1 0x5000020029e0
slave pre done
now n is 172456
processed 172456
[M::mem_process_seqs_merge2] Processed 172456 reads in 1.640 CPU sec, 1.638 real sec
step2 put 0x500002002a30
step2 get 0x5000020041f0
[M::process] read chunk (19660800 bytes/CG x 1 CGs, 19660800 bytes)...
[M::mem_process_seqs_merge2] CPE FASTQ formatting done
step3 0x500002002a30
step1 0x500002004150
slave pre done
now n is 172456
processed 172456
[M::mem_process_seqs_merge2] Processed 172456 reads in 1.590 CPU sec, 1.586 real sec
step2 put 0x5000020041f0
step2 get 0x5000020028f0
[M::process] read chunk (19660800 bytes/CG x 1 CGs, 19660800 bytes)...
[M::mem_process_seqs_merge2] CPE FASTQ formatting done
step3 0x5000020041f0
step1 0x5000020041a0
slave pre done
now n is 172456
processed 172456
[M::mem_process_seqs_merge2] Processed 172456 reads in 1.880 CPU sec, 1.893 real sec
step2 put 0x5000020028f0
step2 get 0x500002004100
[M::process] read chunk (19660800 bytes/CG x 1 CGs, 19660800 bytes)...
step3 0x5000020028f0
[M::mem_process_seqs_merge2] CPE FASTQ formatting done
step1 0x5000020041f0
slave pre done
now n is 172456
processed 172456
[M::mem_process_seqs_merge2] Processed 172456 reads in 1.540 CPU sec, 1.534 real sec
step2 put 0x500002004100
step2 get 0x5000020029e0
[M::process] read chunk (19660800 bytes/CG x 1 CGs, 19660800 bytes)...
[M::mem_process_seqs_merge2] CPE FASTQ formatting done
step3 0x500002004100
step1 0x500002002a30
slave pre done
now n is 172456
processed 172456
[M::mem_process_seqs_merge2] Processed 172456 reads in 1.480 CPU sec, 1.481 real sec
step2 put 0x5000020029e0
step2 get 0x500002004150
[M::process] read chunk (19660800 bytes/CG x 1 CGs, 19660800 bytes)...
[M::mem_process_seqs_merge2] CPE FASTQ formatting done
step1 0x5000020028f0
step3 0x5000020029e0
slave pre done
now n is 172456
processed 172456
[M::mem_process_seqs_merge2] Processed 172456 reads in 1.600 CPU sec, 1.612 real sec
step2 put 0x500002004150
step2 get 0x5000020041a0
[M::process] read chunk (19660800 bytes/CG x 1 CGs, 19660800 bytes)...
step3 0x500002004150
[M::mem_process_seqs_merge2] CPE FASTQ formatting done
step1 0x5000020029e0
slave pre done
now n is 172456
processed 172456
[M::mem_process_seqs_merge2] Processed 172456 reads in 1.960 CPU sec, 1.960 real sec
step2 put 0x5000020041a0
step2 get 0x5000020041f0
step3 0x5000020041a0
[M::process] read chunk (19660800 bytes/CG x 1 CGs, 19660800 bytes)...
[M::mem_process_seqs_merge2] CPE FASTQ formatting done
step1 0x500002004150
slave pre done
now n is 172456
processed 172456
[M::mem_process_seqs_merge2] Processed 172456 reads in 1.610 CPU sec, 1.608 real sec
step2 put 0x5000020041f0
step2 get 0x500002002a30
[M::process] read chunk (19660800 bytes/CG x 1 CGs, 19660800 bytes)...
[M::mem_process_seqs_merge2] CPE FASTQ formatting done
step3 0x5000020041f0
step1 0x500002004100
slave pre done
now n is 172456
processed 172456
[M::mem_process_seqs_merge2] Processed 172456 reads in 1.600 CPU sec, 1.599 real sec
step2 put 0x500002002a30
step2 get 0x5000020028f0
[M::process] read chunk (19660800 bytes/CG x 1 CGs, 19660800 bytes)...
step3 0x500002002a30
[M::mem_process_seqs_merge2] CPE FASTQ formatting done
step1 0x5000020041f0
slave pre done
now n is 172456
processed 172456
[M::mem_process_seqs_merge2] Processed 172456 reads in 1.580 CPU sec, 1.582 real sec
step2 put 0x5000020028f0
step2 get 0x5000020029e0
[M::process] read chunk (19660800 bytes/CG x 1 CGs, 19660800 bytes)...
[M::mem_process_seqs_merge2] CPE FASTQ formatting done
step1 0x5000020041a0
step3 0x5000020028f0
slave pre done
now n is 172456
processed 172456
[M::mem_process_seqs_merge2] Processed 172456 reads in 1.840 CPU sec, 1.842 real sec
step2 put 0x5000020029e0
step2 get 0x500002004150
[M::process] read chunk (19660800 bytes/CG x 1 CGs, 19660800 bytes)...
[M::mem_process_seqs_merge2] CPE FASTQ formatting done
step1 0x500002002a30
step3 0x5000020029e0
slave pre done
now n is 172456
processed 172456
[M::mem_process_seqs_merge2] Processed 172456 reads in 1.950 CPU sec, 1.958 real sec
step2 put 0x500002004150
step2 get 0x500002004100
step3 0x500002004150
[M::process] read chunk (19660800 bytes/CG x 1 CGs, 19660800 bytes)...
[M::mem_process_seqs_merge2] CPE FASTQ formatting done
step1 0x5000020029e0
slave pre done
now n is 171698
processed 171698
[M::mem_process_seqs_merge2] Processed 171698 reads in 2.040 CPU sec, 2.054 real sec
step2 put 0x500002004100
step2 get 0x5000020041f0
step3 0x500002004100
[M::process] read chunk (19660800 bytes/CG x 1 CGs, 19660800 bytes)...
[M::mem_process_seqs_merge2] CPE FASTQ formatting done
step1 0x500002004150
slave pre done
now n is 169482
processed 169482
[M::mem_process_seqs_merge2] Processed 169482 reads in 1.580 CPU sec, 1.580 real sec
step2 put 0x5000020041f0
step2 get 0x5000020041a0
[M::process] read chunk (19660800 bytes/CG x 1 CGs, 19660800 bytes)...
[M::mem_process_seqs_merge2] CPE FASTQ formatting done
step3 0x5000020041f0
step1 0x5000020028f0
slave pre done
now n is 169482
processed 169482
[M::mem_process_seqs_merge2] Processed 169482 reads in 1.700 CPU sec, 1.704 real sec
step2 put 0x5000020041a0
step2 get 0x500002002a30
step3 0x5000020041a0
[M::process] read chunk (19660800 bytes/CG x 1 CGs, 19660800 bytes)...
[M::mem_process_seqs_merge2] CPE FASTQ formatting done
step1 0x5000020041f0
slave pre done
now n is 169482
processed 169482
[M::mem_process_seqs_merge2] Processed 169482 reads in 1.990 CPU sec, 1.989 real sec
step2 put 0x500002002a30
step2 get 0x5000020029e0
[M::process] read chunk (19660800 bytes/CG x 1 CGs, 19660800 bytes)...
step3 0x500002002a30
[M::mem_process_seqs_merge2] CPE FASTQ formatting done
step1 0x5000020041a0
slave pre done
now n is 169482
processed 169482
[M::mem_process_seqs_merge2] Processed 169482 reads in 1.690 CPU sec, 1.695 real sec
step2 put 0x5000020029e0
step2 get 0x500002004150
[M::process] read chunk (19660800 bytes/CG x 1 CGs, 19660800 bytes)...
[M::mem_process_seqs_merge2] CPE FASTQ formatting done
step3 0x5000020029e0
step1 0x500002004100
slave pre done
now n is 169482
processed 169482
[M::mem_process_seqs_merge2] Processed 169482 reads in 1.670 CPU sec, 1.674 real sec
step2 put 0x500002004150
step2 get 0x5000020028f0
[M::process] read chunk (19660800 bytes/CG x 1 CGs, 19660800 bytes)...
step3 0x500002004150
[M::mem_process_seqs_merge2] CPE FASTQ formatting done
step1 0x5000020029e0
slave pre done
now n is 169482
processed 169482
[M::mem_process_seqs_merge2] Processed 169482 reads in 1.530 CPU sec, 1.528 real sec
step2 put 0x5000020028f0
step2 get 0x5000020041f0
[M::process] read chunk (19660800 bytes/CG x 1 CGs, 19660800 bytes)...
[M::mem_process_seqs_merge2] CPE FASTQ formatting done
step3 0x5000020028f0
step1 0x500002002a30
slave pre done
now n is 169482
processed 169482
[M::mem_process_seqs_merge2] Processed 169482 reads in 2.010 CPU sec, 2.014 real sec
step2 put 0x5000020041f0
step2 get 0x5000020041a0
[M::process] read chunk (19660800 bytes/CG x 1 CGs, 19660800 bytes)...
step3 0x5000020041f0
[M::mem_process_seqs_merge2] CPE FASTQ formatting done
step1 0x5000020028f0
slave pre done
now n is 169482
processed 169482
[M::mem_process_seqs_merge2] Processed 169482 reads in 1.690 CPU sec, 1.683 real sec
step2 put 0x5000020041a0
step2 get 0x500002004100
step3 0x5000020041a0
[M::process] read chunk (19660800 bytes/CG x 1 CGs, 19660800 bytes)...
[M::mem_process_seqs_merge2] CPE FASTQ formatting done
step1 0x5000020041f0
slave pre done
now n is 169482
processed 169482
[M::mem_process_seqs_merge2] Processed 169482 reads in 1.390 CPU sec, 1.398 real sec
step2 put 0x500002004100
step2 get 0x5000020029e0
[M::process] read chunk (19660800 bytes/CG x 1 CGs, 19660800 bytes)...
[M::mem_process_seqs_merge2] CPE FASTQ formatting done
step1 0x500002004150
step3 0x500002004100
slave pre done
now n is 169482
processed 169482
[M::mem_process_seqs_merge2] Processed 169482 reads in 1.750 CPU sec, 1.743 real sec
step2 put 0x5000020029e0
step2 get 0x500002002a30
[M::process] read chunk (19660800 bytes/CG x 1 CGs, 19660800 bytes)...
[M::mem_process_seqs_merge2] CPE FASTQ formatting done
step1 0x5000020041a0
step3 0x5000020029e0
slave pre done
now n is 169482
processed 169482
[M::mem_process_seqs_merge2] Processed 169482 reads in 1.580 CPU sec, 1.586 real sec
step2 put 0x500002002a30
step2 get 0x5000020028f0
step3 0x500002002a30
[M::process] read chunk (19660800 bytes/CG x 1 CGs, 19660800 bytes)...
[M::mem_process_seqs_merge2] CPE FASTQ formatting done
step1 0x5000020029e0
slave pre done
now n is 169482
processed 169482
[M::mem_process_seqs_merge2] Processed 169482 reads in 1.720 CPU sec, 1.718 real sec
step2 put 0x5000020028f0
step2 get 0x5000020041f0
[M::process] read chunk (19660800 bytes/CG x 1 CGs, 19660800 bytes)...
[M::mem_process_seqs_merge2] CPE FASTQ formatting done
step3 0x5000020028f0
step1 0x500002004100
slave pre done
now n is 169482
processed 169482
[M::mem_process_seqs_merge2] Processed 169482 reads in 1.750 CPU sec, 1.749 real sec
step2 put 0x5000020041f0
step2 get 0x500002004150
[M::process] read chunk (19660800 bytes/CG x 1 CGs, 19660800 bytes)...
[M::mem_process_seqs_merge2] CPE FASTQ formatting done
step3 0x5000020041f0
step1 0x500002002a30
slave pre done
now n is 169482
processed 169482
[M::mem_process_seqs_merge2] Processed 169482 reads in 1.300 CPU sec, 1.297 real sec
step2 put 0x500002004150
step2 get 0x5000020041a0
step3 0x500002004150
[M::process] read chunk (19660800 bytes/CG x 1 CGs, 19660800 bytes)...
[M::mem_process_seqs_merge2] CPE FASTQ formatting done
step1 0x5000020041f0
slave pre done
now n is 169482
processed 169482
[M::mem_process_seqs_merge2] Processed 169482 reads in 1.900 CPU sec, 1.921 real sec
step2 put 0x5000020041a0
step2 get 0x5000020029e0
step3 0x5000020041a0
[M::process] read chunk (19660800 bytes/CG x 1 CGs, 19660800 bytes)...
[M::mem_process_seqs_merge2] CPE FASTQ formatting done
step1 0x500002004150
slave pre done
now n is 169482
processed 169482
[M::mem_process_seqs_merge2] Processed 169482 reads in 1.680 CPU sec, 1.682 real sec
step2 put 0x5000020029e0
step2 get 0x500002004100
[M::process] read chunk (19660800 bytes/CG x 1 CGs, 19660800 bytes)...
[M::mem_process_seqs_merge2] CPE FASTQ formatting done
step3 0x5000020029e0
step1 0x5000020028f0
slave pre done
now n is 169482
processed 169482
[M::mem_process_seqs_merge2] Processed 169482 reads in 1.830 CPU sec, 1.828 real sec
step2 put 0x500002004100
step2 get 0x500002002a30
[M::process] read chunk (19660800 bytes/CG x 1 CGs, 19660800 bytes)...
step3 0x500002004100
[M::mem_process_seqs_merge2] CPE FASTQ formatting done
step1 0x5000020029e0
slave pre done
now n is 169482
processed 169482
[M::mem_process_seqs_merge2] Processed 169482 reads in 1.610 CPU sec, 1.610 real sec
step2 put 0x500002002a30
step2 get 0x5000020041f0
[M::process] read chunk (19660800 bytes/CG x 1 CGs, 19660800 bytes)...
[M::mem_process_seqs_merge2] CPE FASTQ formatting done
step3 0x500002002a30
step1 0x5000020041a0
slave pre done
now n is 169482
processed 169482
[M::mem_process_seqs_merge2] Processed 169482 reads in 1.510 CPU sec, 1.515 real sec
step2 put 0x5000020041f0
step2 get 0x500002004150
[M::process] read chunk (19660800 bytes/CG x 1 CGs, 19660800 bytes)...
[M::mem_process_seqs_merge2] CPE FASTQ formatting done
step1 0x500002004100
step3 0x5000020041f0
slave pre done
now n is 169482
processed 169482
[M::mem_process_seqs_merge2] Processed 169482 reads in 1.680 CPU sec, 1.677 real sec
step2 put 0x500002004150
step2 get 0x5000020028f0
step3 0x500002004150
[M::process] read chunk (19660800 bytes/CG x 1 CGs, 19660800 bytes)...
[M::mem_process_seqs_merge2] CPE FASTQ formatting done
step1 0x5000020041f0
slave pre done
now n is 169482
processed 169482
[M::mem_process_seqs_merge2] Processed 169482 reads in 1.700 CPU sec, 1.697 real sec
step2 put 0x5000020028f0
step2 get 0x5000020029e0
[M::process] read chunk (19660800 bytes/CG x 1 CGs, 19660800 bytes)...
[M::mem_process_seqs_merge2] CPE FASTQ formatting done
step3 0x5000020028f0
step1 0x500002002a30
slave pre done
now n is 169482
processed 169482
[M::mem_process_seqs_merge2] Processed 169482 reads in 1.490 CPU sec, 1.491 real sec
step2 put 0x5000020029e0
step2 get 0x5000020041a0
[M::process] read chunk (19660800 bytes/CG x 1 CGs, 19660800 bytes)...
[M::mem_process_seqs_merge2] CPE FASTQ formatting done
step3 0x5000020029e0
step1 0x500002004150
slave pre done
now n is 169482
processed 169482
[M::mem_process_seqs_merge2] Processed 169482 reads in 1.570 CPU sec, 1.578 real sec
step2 put 0x5000020041a0
step2 get 0x500002004100
[M::process] read chunk (19660800 bytes/CG x 1 CGs, 19660800 bytes)...
step3 0x5000020041a0
[M::mem_process_seqs_merge2] CPE FASTQ formatting done
step1 0x5000020029e0
slave pre done
now n is 169482
processed 169482
[M::mem_process_seqs_merge2] Processed 169482 reads in 1.820 CPU sec, 1.812 real sec
step2 put 0x500002004100
step2 get 0x5000020041f0
step3 0x500002004100
[M::process] read chunk (19660800 bytes/CG x 1 CGs, 19660800 bytes)...
[M::mem_process_seqs_merge2] CPE FASTQ formatting done
step1 0x5000020041a0
slave pre done
now n is 169482
processed 169482
[M::mem_process_seqs_merge2] Processed 169482 reads in 1.600 CPU sec, 1.602 real sec
step2 put 0x5000020041f0
step2 get 0x500002002a30
[M::process] read chunk (19660800 bytes/CG x 1 CGs, 19660800 bytes)...
[M::mem_process_seqs_merge2] CPE FASTQ formatting done
step3 0x5000020041f0
step1 0x5000020028f0
slave pre done
now n is 169482
processed 169482
[M::mem_process_seqs_merge2] Processed 169482 reads in 1.410 CPU sec, 1.411 real sec
step2 put 0x500002002a30
step2 get 0x500002004150
[M::process] read chunk (19660800 bytes/CG x 1 CGs, 19660800 bytes)...
step3 0x500002002a30
[M::mem_process_seqs_merge2] CPE FASTQ formatting done
step1 0x5000020041f0
slave pre done
now n is 169482
processed 169482
[M::mem_process_seqs_merge2] Processed 169482 reads in 1.640 CPU sec, 1.637 real sec
step2 put 0x500002004150
step2 get 0x5000020029e0
[M::process] read chunk (19660800 bytes/CG x 1 CGs, 19660800 bytes)...
[M::mem_process_seqs_merge2] CPE FASTQ formatting done
step3 0x500002004150
step1 0x500002004100
slave pre done
now n is 169482
processed 169482
[M::mem_process_seqs_merge2] Processed 169482 reads in 1.650 CPU sec, 1.657 real sec
step2 put 0x5000020029e0
step2 get 0x5000020041a0
[M::process] read chunk (19660800 bytes/CG x 1 CGs, 19660800 bytes)...
[M::mem_process_seqs_merge2] CPE FASTQ formatting done
step3 0x5000020029e0
step1 0x500002002a30
slave pre done
now n is 169482
processed 169482
[M::mem_process_seqs_merge2] Processed 169482 reads in 1.550 CPU sec, 1.549 real sec
step2 put 0x5000020041a0
step2 get 0x5000020028f0
[M::process] read chunk (19660800 bytes/CG x 1 CGs, 19660800 bytes)...
step3 0x5000020041a0
[M::mem_process_seqs_merge2] CPE FASTQ formatting done
step1 0x5000020029e0
slave pre done
now n is 169482
processed 169482
[M::mem_process_seqs_merge2] Processed 169482 reads in 1.410 CPU sec, 1.406 real sec
step2 put 0x5000020028f0
step2 get 0x5000020041f0
[M::process] read chunk (19660800 bytes/CG x 1 CGs, 19660800 bytes)...
[M::mem_process_seqs_merge2] CPE FASTQ formatting done
step1 0x500002004150
step3 0x5000020028f0
slave pre done
now n is 169482
processed 169482
[M::mem_process_seqs_merge2] Processed 169482 reads in 1.890 CPU sec, 1.890 real sec
step2 put 0x5000020041f0
step2 get 0x500002004100
[M::process] read chunk (19660800 bytes/CG x 1 CGs, 19660800 bytes)...
[M::mem_process_seqs_merge2] CPE FASTQ formatting done
step3 0x5000020041f0
step1 0x5000020041a0
slave pre done
now n is 169482
processed 169482
[M::mem_process_seqs_merge2] Processed 169482 reads in 1.790 CPU sec, 1.788 real sec
step2 put 0x500002004100
step2 get 0x500002002a30
step3 0x500002004100
[M::process] read chunk (19660800 bytes/CG x 1 CGs, 19660800 bytes)...
[M::mem_process_seqs_merge2] CPE FASTQ formatting done
step1 0x5000020041f0
slave pre done
now n is 169482
processed 169482
[M::mem_process_seqs_merge2] Processed 169482 reads in 1.940 CPU sec, 1.943 real sec
step2 put 0x500002002a30
step2 get 0x5000020029e0
step3 0x500002002a30
[M::process] read chunk (19660800 bytes/CG x 1 CGs, 19660800 bytes)...
[M::mem_process_seqs_merge2] CPE FASTQ formatting done
step1 0x5000020028f0
slave pre done
now n is 169482
processed 169482
[M::mem_process_seqs_merge2] Processed 169482 reads in 1.560 CPU sec, 1.565 real sec
step2 put 0x5000020029e0
step2 get 0x500002004150
[M::process] read chunk (19660800 bytes/CG x 1 CGs, 19660800 bytes)...
[M::mem_process_seqs_merge2] CPE FASTQ formatting done
step3 0x5000020029e0
step1 0x500002004100
slave pre done
now n is 169482
processed 169482
[M::mem_process_seqs_merge2] Processed 169482 reads in 1.510 CPU sec, 1.503 real sec
step2 put 0x500002004150
step2 get 0x5000020041a0
[M::process] read chunk (19660800 bytes/CG x 1 CGs, 19660800 bytes)...
step3 0x500002004150
[M::mem_process_seqs_merge2] CPE FASTQ formatting done
step1 0x5000020029e0
slave pre done
now n is 169482
processed 169482
[M::mem_process_seqs_merge2] Processed 169482 reads in 1.720 CPU sec, 1.720 real sec
step2 put 0x5000020041a0
step2 get 0x5000020041f0
[M::process] read chunk (19660800 bytes/CG x 1 CGs, 19660800 bytes)...
step3 0x5000020041a0
[M::mem_process_seqs_merge2] CPE FASTQ formatting done
step1 0x500002002a30
slave pre done
now n is 169482
processed 169482
[M::mem_process_seqs_merge2] Processed 169482 reads in 1.580 CPU sec, 1.590 real sec
step2 put 0x5000020041f0
step2 get 0x5000020028f0
[M::process] read chunk (19660800 bytes/CG x 1 CGs, 19660800 bytes)...
[M::mem_process_seqs_merge2] CPE FASTQ formatting done
step3 0x5000020041f0
step1 0x500002004150
slave pre done
now n is 169482
processed 169482
[M::mem_process_seqs_merge2] Processed 169482 reads in 2.020 CPU sec, 2.020 real sec
step2 put 0x5000020028f0
step2 get 0x500002004100
[M::process] read chunk (19660800 bytes/CG x 1 CGs, 19660800 bytes)...
step3 0x5000020028f0
[M::mem_process_seqs_merge2] CPE FASTQ formatting done
step1 0x5000020041f0
slave pre done
now n is 169482
processed 169482
[M::mem_process_seqs_merge2] Processed 169482 reads in 1.600 CPU sec, 1.591 real sec
step2 put 0x500002004100
step2 get 0x5000020029e0
[M::process] read chunk (19660800 bytes/CG x 1 CGs, 19660800 bytes)...
[M::mem_process_seqs_merge2] CPE FASTQ formatting done
step3 0x500002004100
step1 0x5000020041a0
slave pre done
now n is 169482
processed 169482
[M::mem_process_seqs_merge2] Processed 169482 reads in 1.580 CPU sec, 1.586 real sec
step2 put 0x5000020029e0
step2 get 0x500002002a30
[M::process] read chunk (19660800 bytes/CG x 1 CGs, 19660800 bytes)...
[M::mem_process_seqs_merge2] CPE FASTQ formatting done
step3 0x5000020029e0
step1 0x5000020028f0
slave pre done
now n is 169482
processed 169482
[M::mem_process_seqs_merge2] Processed 169482 reads in 1.540 CPU sec, 1.539 real sec
step2 put 0x500002002a30
step2 get 0x500002004150
[M::process] read chunk (19660800 bytes/CG x 1 CGs, 19660800 bytes)...
step3 0x500002002a30
[M::mem_process_seqs_merge2] CPE FASTQ formatting done
step1 0x5000020029e0
slave pre done
now n is 169482
processed 169482
[M::mem_process_seqs_merge2] Processed 169482 reads in 1.530 CPU sec, 1.525 real sec
step2 put 0x500002004150
step2 get 0x5000020041f0
[M::process] read chunk (19660800 bytes/CG x 1 CGs, 19660800 bytes)...
[M::mem_process_seqs_merge2] CPE FASTQ formatting done
step3 0x500002004150
step1 0x500002004100
slave pre done
now n is 169482
processed 169482
[M::mem_process_seqs_merge2] Processed 169482 reads in 1.660 CPU sec, 1.660 real sec
step2 put 0x5000020041f0
step2 get 0x5000020041a0
[M::process] read chunk (19660800 bytes/CG x 1 CGs, 19660800 bytes)...
[M::mem_process_seqs_merge2] CPE FASTQ formatting done
step1 0x500002002a30
step3 0x5000020041f0
slave pre done
now n is 169482
processed 169482
[M::mem_process_seqs_merge2] Processed 169482 reads in 1.520 CPU sec, 1.525 real sec
step2 put 0x5000020041a0
step2 get 0x5000020028f0
[M::process] read chunk (19660800 bytes/CG x 1 CGs, 19660800 bytes)...
step3 0x5000020041a0
[M::mem_process_seqs_merge2] CPE FASTQ formatting done
step1 0x5000020041f0
slave pre done
now n is 169482
processed 169482
[M::mem_process_seqs_merge2] Processed 169482 reads in 1.760 CPU sec, 1.759 real sec
step2 put 0x5000020028f0
step2 get 0x5000020029e0
[M::process] read chunk (19660800 bytes/CG x 1 CGs, 19660800 bytes)...
step3 0x5000020028f0
[M::mem_process_seqs_merge2] CPE FASTQ formatting done
step1 0x5000020041a0
slave pre done
now n is 169482
processed 169482
[M::mem_process_seqs_merge2] Processed 169482 reads in 1.640 CPU sec, 1.640 real sec
step2 put 0x5000020029e0
step2 get 0x500002004100
[M::process] read chunk (19660800 bytes/CG x 1 CGs, 19660800 bytes)...
[M::mem_process_seqs_merge2] CPE FASTQ formatting done
step3 0x5000020029e0
step1 0x500002004150
slave pre done
now n is 169482
processed 169482
[M::mem_process_seqs_merge2] Processed 169482 reads in 1.680 CPU sec, 1.681 real sec
step2 put 0x500002004100
step2 get 0x500002002a30
step3 0x500002004100
[M::process] read chunk (19660800 bytes/CG x 1 CGs, 19660800 bytes)...
[M::mem_process_seqs_merge2] CPE FASTQ formatting done
step1 0x5000020029e0
slave pre done
now n is 169482
processed 169482
[M::mem_process_seqs_merge2] Processed 169482 reads in 1.660 CPU sec, 1.655 real sec
step2 put 0x500002002a30
step2 get 0x5000020041f0
[M::process] read chunk (19660800 bytes/CG x 1 CGs, 19660800 bytes)...
[M::mem_process_seqs_merge2] CPE FASTQ formatting done
step3 0x500002002a30
step1 0x5000020028f0
slave pre done
now n is 169482
processed 169482
[M::mem_process_seqs_merge2] Processed 169482 reads in 1.930 CPU sec, 1.937 real sec
step2 put 0x5000020041f0
step2 get 0x5000020041a0
[M::process] read chunk (19660800 bytes/CG x 1 CGs, 19660800 bytes)...
step3 0x5000020041f0
[M::mem_process_seqs_merge2] CPE FASTQ formatting done
step1 0x500002002a30
slave pre done
now n is 169482
processed 169482
[M::mem_process_seqs_merge2] Processed 169482 reads in 1.520 CPU sec, 1.517 real sec
step2 put 0x5000020041a0
step2 get 0x500002004150
[M::process] read chunk (19660800 bytes/CG x 1 CGs, 19660800 bytes)...
step3 0x5000020041a0
[M::mem_process_seqs_merge2] CPE FASTQ formatting done
step1 0x5000020041f0
slave pre done
now n is 169482
processed 169482
[M::mem_process_seqs_merge2] Processed 169482 reads in 1.680 CPU sec, 1.678 real sec
step2 put 0x500002004150
step2 get 0x5000020029e0
[M::process] read chunk (19660800 bytes/CG x 1 CGs, 19660800 bytes)...
[M::mem_process_seqs_merge2] CPE FASTQ formatting done
step3 0x500002004150
step1 0x500002004100
slave pre done
now n is 169482
processed 169482
[M::mem_process_seqs_merge2] Processed 169482 reads in 1.590 CPU sec, 1.592 real sec
step2 put 0x5000020029e0
step2 get 0x5000020028f0
[M::process] read chunk (19660800 bytes/CG x 1 CGs, 19660800 bytes)...
[M::mem_process_seqs_merge2] CPE FASTQ formatting done
step3 0x5000020029e0
step1 0x5000020041a0
slave pre done
now n is 169482
processed 169482
[M::mem_process_seqs_merge2] Processed 169482 reads in 1.530 CPU sec, 1.529 real sec
step2 put 0x5000020028f0
step2 get 0x500002002a30
[M::process] read chunk (19660800 bytes/CG x 1 CGs, 19660800 bytes)...
step3 0x5000020028f0
[M::mem_process_seqs_merge2] CPE FASTQ formatting done
step1 0x5000020029e0
slave pre done
now n is 169482
processed 169482
[M::mem_process_seqs_merge2] Processed 169482 reads in 1.940 CPU sec, 1.945 real sec
step2 put 0x500002002a30
step2 get 0x5000020041f0
[M::process] read chunk (19660800 bytes/CG x 1 CGs, 19660800 bytes)...
step3 0x500002002a30
[M::mem_process_seqs_merge2] CPE FASTQ formatting done
step1 0x5000020028f0
slave pre done
now n is 169482
processed 169482
[M::mem_process_seqs_merge2] Processed 169482 reads in 1.950 CPU sec, 1.944 real sec
step2 put 0x5000020041f0
step2 get 0x500002004100
step3 0x5000020041f0
[M::process] read chunk (19660800 bytes/CG x 1 CGs, 19660800 bytes)...
[M::mem_process_seqs_merge2] CPE FASTQ formatting done
step1 0x500002002a30
slave pre done
now n is 169482
processed 169482
[M::mem_process_seqs_merge2] Processed 169482 reads in 1.870 CPU sec, 1.875 real sec
step2 put 0x500002004100
step2 get 0x5000020041a0
step3 0x500002004100
[M::process] read chunk (19660800 bytes/CG x 1 CGs, 19660800 bytes)...
[M::mem_process_seqs_merge2] CPE FASTQ formatting done
step1 0x5000020041f0
slave pre done
now n is 169482
processed 169482
[M::mem_process_seqs_merge2] Processed 169482 reads in 4.400 CPU sec, 4.412 real sec
step2 put 0x5000020041a0
step2 get 0x5000020029e0
[M::process] read chunk (19660800 bytes/CG x 1 CGs, 19470600 bytes)...
step3 0x5000020041a0
[M::mem_process_seqs_merge2] CPE FASTQ formatting done
step1 0x500002004100
slave pre done
now n is 169482
processed 169482
[M::mem_process_seqs_merge2] Processed 169482 reads in 2.360 CPU sec, 2.352 real sec
step2 put 0x5000020029e0
step2 get 0x5000020028f0
step3 0x5000020029e0
[M::mem_process_seqs_merge2] CPE FASTQ formatting done
slave pre done
now n is 169482
processed 169482
[M::mem_process_seqs_merge2] Processed 169482 reads in 2.080 CPU sec, 2.082 real sec
step2 put 0x5000020028f0
step2 get 0x500002002a30
step3 0x5000020028f0
[M::mem_process_seqs_merge2] CPE FASTQ formatting done
slave pre done
now n is 169482
processed 169482
[M::mem_process_seqs_merge2] Processed 169482 reads in 1.820 CPU sec, 1.818 real sec
step2 put 0x500002002a30
step2 get 0x5000020041f0
step3 0x500002002a30
[M::mem_process_seqs_merge2] CPE FASTQ formatting done
slave pre done
now n is 169482
processed 169482
[M::mem_process_seqs_merge2] Processed 169482 reads in 5.460 CPU sec, 5.467 real sec
step2 put 0x5000020041f0
step2 get 0x500002004100
step3 0x5000020041f0
[M::mem_process_seqs_merge2] CPE FASTQ formatting done
slave pre done
now n is 167850
processed 167850
[M::mem_process_seqs_merge2] Processed 167850 reads in 41.500 CPU sec, 41.511 real sec
step2 put 0x500002004100
step3 0x500002004100

====================== SWBWA Output Debug =====================
  MPI rank: 000000 / 000001
  mode:     non-MPI POSIX
  path:     bigdata_results/single_system/no1/ERR1203383_PE.sam

  Output volume
    output buffer capacity                           67108864
    swbwa_output_write calls                        30549360
    submitted SAM bytes                           8029871401
    buffered flushes                                     120
    buffered flush bytes                          8029871401
    direct oversized writes                                0
    direct oversized bytes                                 0

  Buffering
    buffered flush total                       162.600953 s  (120 calls, 1355007.938 us/call)

  POSIX file writes
    write system calls                                    120
    write system-call bytes                        8029871401
    POSIX write system calls                   162.589905 s  (120 calls, 1354915.878 us/call)
    POSIX write effective bandwidth                47.099 MiB/s

  Output close timing
    POSIX close                                  0.000361 s  (1 calls,   360.702 us/call)
================================================================


======================= SWBWA Timing Report =======================
  Accumulated wall-clock time; indented rows are included in
  their parent row and must not be added to it.

  Pipeline
    total - complete three-stage pipeline                   360.230 s
    stage 1 - allocate and read raw FASTQ blocks            118.303 s
    stage 2 - align reads and generate SAM records          358.276 s
    stage 3 - write SAM and release batch data              250.228 s
      SAM output writes                                       216.982 s
      batch cleanup and loop overhead (derived)                33.246 s

  Stage 1 input details
    batches completed / stage calls                     178 / 179
    input-buffer and batch allocations                        0.002 s  (535 calls, max 0.000 s)
    aggregate requested allocation bytes           6999240400
    FASTQ fseeko calls                                        0.003 s  (356 calls, max 0.000 s)
    FASTQ fread calls                                       118.278 s  (356 calls, max 0.486 s)
    align chunk ends to FASTQ record boundaries               0.001 s  (354 calls, max 0.000 s)
    scheduler, checks and bookkeeping (derived)               0.020 s
    raw FASTQ bytes read                           6998864400  (6674.637 MiB)
    effective fread bandwidth                         56.432 MiB/s
    slowest allocation                                 0.000 s  (19661824 bytes)
    slowest fread                                      0.486 s  (R2 offset=1513816932, bytes=19660800)

  Stage 2 worker details
    total - active merge worker                             358.264 s
      part 1 - prepare CPE task and reusable buffers            3.794 s
      part 2 - CPE FASTQ formatting and input release           2.476 s
      part 3 - CPE alignment and SAM length pass              346.406 s
      part 4 - assign slices in the shared SAM buffer           2.625 s
      part 5 - CPE SAM record generation                        2.944 s
      part 6 - release temporary worker data                    0.003 s

  Reserved allocator timers (no active timing sites)
    malloc timer                                              0.000 s
    free timer                                                0.000 s
===================================================================

[main] Version: 0.0.1
[main] CMD: ./SWBWA mem -v 4 -t 1 -o bigdata_results/single_system/no1/ERR1203383_PE.sam -I 170,80,500,1 ../data/GRCh38.d1.vd1.fa ../data/bwa_test_big_data/ERR1203383_1.fastq ../data/bwa_test_big_data/ERR1203383_2.fastq
