[M::main_mem] mean insert size: 170.000, stddev: 80.000, max: 500, min: 1
[CPE input] bytes_per_cg=19660800 cg_count=1 chunk_bytes=19660800 file_bytes=3795555588
malloc bwt->bwt 3107576584, 0x500002429500
malloc bwt->sa 1553788264, 0x5000bb7c7020
[M::bwa_idx_load_from_disk] read 0 ALT contigs
malloc pac 776894131, 0x500118228940
the input file is ../data/bwa_test_big_data/small_SRR7963242_1.fastq
the input file is ../data/bwa_test_big_data/small_SRR7963242_2.fastq
the output file is bigdata_results/single_system/no1/small_SRR7963242_PE.sam
[M::process] read chunk (19660800 bytes/CG x 1 CGs, 19660800 bytes)...
step1 0x5000020028f0
[M::process] read chunk (19660800 bytes/CG x 1 CGs, 19660800 bytes)...
step2 get 0x5000020028f0
step1 0x500002002a30
[M::process] read chunk (19660800 bytes/CG x 1 CGs, 19660800 bytes)...
[M::mem_process_seqs_merge2] CPE FASTQ formatting done
step1 0x500002003d40
[M::process] read chunk (19660800 bytes/CG x 1 CGs, 19660800 bytes)...
step1 0x500002003d90
[M::process] read chunk (19660800 bytes/CG x 1 CGs, 19660800 bytes)...
step1 0x500002003de0
slave pre done
now n is 105938
processed 105938
[M::mem_process_seqs_merge2] Processed 105938 reads in 9.990 CPU sec, 10.054 real sec
step2 put 0x5000020028f0
step2 get 0x500002002a30
step3 0x5000020028f0
[M::process] read chunk (19660800 bytes/CG x 1 CGs, 19660800 bytes)...
[M::mem_process_seqs_merge2] CPE FASTQ formatting done
step1 0x500002003e30
slave pre done
now n is 105574
processed 105574
[M::mem_process_seqs_merge2] Processed 105574 reads in 7.900 CPU sec, 7.904 real sec
step2 put 0x500002002a30
step2 get 0x500002003d40
[M::process] read chunk (19660800 bytes/CG x 1 CGs, 19660800 bytes)...
step3 0x500002002a30
[M::mem_process_seqs_merge2] CPE FASTQ formatting done
step1 0x5000020028f0
slave pre done
now n is 104574
processed 104574
[M::mem_process_seqs_merge2] Processed 104574 reads in 8.330 CPU sec, 8.335 real sec
step2 put 0x500002003d40
step2 get 0x500002003d90
[M::process] read chunk (19660800 bytes/CG x 1 CGs, 19660800 bytes)...
step3 0x500002003d40
[M::mem_process_seqs_merge2] CPE FASTQ formatting done
step1 0x500002002a30
slave pre done
now n is 104574
processed 104574
[M::mem_process_seqs_merge2] Processed 104574 reads in 7.740 CPU sec, 7.764 real sec
step2 put 0x500002003d90
step2 get 0x500002003de0
[M::process] read chunk (19660800 bytes/CG x 1 CGs, 19660800 bytes)...
step3 0x500002003d90
[M::mem_process_seqs_merge2] CPE FASTQ formatting done
step1 0x500002003d40
slave pre done
now n is 104574
processed 104574
[M::mem_process_seqs_merge2] Processed 104574 reads in 7.860 CPU sec, 7.900 real sec
step2 put 0x500002003de0
step2 get 0x500002003e30
[M::process] read chunk (19660800 bytes/CG x 1 CGs, 19660800 bytes)...
step3 0x500002003de0
[M::mem_process_seqs_merge2] CPE FASTQ formatting done
step1 0x500002003d90
slave pre done
now n is 104574
processed 104574
[M::mem_process_seqs_merge2] Processed 104574 reads in 7.700 CPU sec, 7.741 real sec
step2 put 0x500002003e30
step2 get 0x5000020028f0
[M::process] read chunk (19660800 bytes/CG x 1 CGs, 19660800 bytes)...
step3 0x500002003e30
[M::mem_process_seqs_merge2] CPE FASTQ formatting done
step1 0x500002003de0
slave pre done
now n is 104574
processed 104574
[M::mem_process_seqs_merge2] Processed 104574 reads in 6.530 CPU sec, 6.527 real sec
step2 put 0x5000020028f0
step2 get 0x500002002a30
step3 0x5000020028f0
[M::process] read chunk (19660800 bytes/CG x 1 CGs, 19660800 bytes)...
[M::mem_process_seqs_merge2] CPE FASTQ formatting done
step1 0x500002003e30
slave pre done
now n is 104574
processed 104574
[M::mem_process_seqs_merge2] Processed 104574 reads in 6.920 CPU sec, 6.969 real sec
step2 put 0x500002002a30
step2 get 0x500002003d40
[M::process] read chunk (19660800 bytes/CG x 1 CGs, 19660800 bytes)...
step3 0x500002002a30
[M::mem_process_seqs_merge2] CPE FASTQ formatting done
step1 0x5000020028f0
slave pre done
now n is 104574
processed 104574
[M::mem_process_seqs_merge2] Processed 104574 reads in 6.530 CPU sec, 6.587 real sec
step2 put 0x500002003d40
step2 get 0x500002003d90
[M::process] read chunk (19660800 bytes/CG x 1 CGs, 19660800 bytes)...
step3 0x500002003d40
[M::mem_process_seqs_merge2] CPE FASTQ formatting done
step1 0x500002002a30
slave pre done
now n is 104574
processed 104574
[M::mem_process_seqs_merge2] Processed 104574 reads in 6.790 CPU sec, 6.787 real sec
step2 put 0x500002003d90
step2 get 0x500002003de0
step3 0x500002003d90
[M::process] read chunk (19660800 bytes/CG x 1 CGs, 19660800 bytes)...
[M::mem_process_seqs_merge2] CPE FASTQ formatting done
step1 0x500002003d40
slave pre done
now n is 104574
processed 104574
[M::mem_process_seqs_merge2] Processed 104574 reads in 6.980 CPU sec, 7.055 real sec
step2 put 0x500002003de0
step2 get 0x500002003e30
[M::process] read chunk (19660800 bytes/CG x 1 CGs, 19660800 bytes)...
step3 0x500002003de0
[M::mem_process_seqs_merge2] CPE FASTQ formatting done
step1 0x500002003d90
slave pre done
now n is 104574
processed 104574
[M::mem_process_seqs_merge2] Processed 104574 reads in 6.930 CPU sec, 6.934 real sec
step2 put 0x500002003e30
step2 get 0x5000020028f0
[M::process] read chunk (19660800 bytes/CG x 1 CGs, 19660800 bytes)...
step3 0x500002003e30
[M::mem_process_seqs_merge2] CPE FASTQ formatting done
step1 0x500002003de0
slave pre done
now n is 104574
processed 104574
[M::mem_process_seqs_merge2] Processed 104574 reads in 6.790 CPU sec, 6.796 real sec
step2 put 0x5000020028f0
step2 get 0x500002002a30
[M::process] read chunk (19660800 bytes/CG x 1 CGs, 19660800 bytes)...
step3 0x5000020028f0
[M::mem_process_seqs_merge2] CPE FASTQ formatting done
step1 0x500002003e30
slave pre done
now n is 104574
processed 104574
[M::mem_process_seqs_merge2] Processed 104574 reads in 6.980 CPU sec, 7.022 real sec
step2 put 0x500002002a30
step2 get 0x500002003d40
[M::process] read chunk (19660800 bytes/CG x 1 CGs, 19660800 bytes)...
step3 0x500002002a30
[M::mem_process_seqs_merge2] CPE FASTQ formatting done
step1 0x5000020028f0
slave pre done
now n is 104574
processed 104574
[M::mem_process_seqs_merge2] Processed 104574 reads in 6.900 CPU sec, 6.932 real sec
step2 put 0x500002003d40
step2 get 0x500002003d90
[M::process] read chunk (19660800 bytes/CG x 1 CGs, 19660800 bytes)...
step3 0x500002003d40
[M::mem_process_seqs_merge2] CPE FASTQ formatting done
step1 0x500002002a30
slave pre done
now n is 104574
processed 104574
[M::mem_process_seqs_merge2] Processed 104574 reads in 6.530 CPU sec, 6.543 real sec
step2 put 0x500002003d90
step2 get 0x500002003de0
step3 0x500002003d90
[M::process] read chunk (19660800 bytes/CG x 1 CGs, 19660800 bytes)...
[M::mem_process_seqs_merge2] CPE FASTQ formatting done
step1 0x500002003d40
slave pre done
now n is 104574
processed 104574
[M::mem_process_seqs_merge2] Processed 104574 reads in 6.850 CPU sec, 6.875 real sec
step2 put 0x500002003de0
step2 get 0x500002003e30
[M::process] read chunk (19660800 bytes/CG x 1 CGs, 19660800 bytes)...
step3 0x500002003de0
[M::mem_process_seqs_merge2] CPE FASTQ formatting done
step1 0x500002003d90
slave pre done
now n is 104574
processed 104574
[M::mem_process_seqs_merge2] Processed 104574 reads in 6.910 CPU sec, 6.941 real sec
step2 put 0x500002003e30
step2 get 0x5000020028f0
step3 0x500002003e30
[M::process] read chunk (19660800 bytes/CG x 1 CGs, 19660800 bytes)...
[M::mem_process_seqs_merge2] CPE FASTQ formatting done
step1 0x500002003de0
slave pre done
now n is 104574
processed 104574
[M::mem_process_seqs_merge2] Processed 104574 reads in 6.540 CPU sec, 6.541 real sec
step2 put 0x5000020028f0
step2 get 0x500002002a30
step3 0x5000020028f0
[M::process] read chunk (19660800 bytes/CG x 1 CGs, 19660800 bytes)...
[M::mem_process_seqs_merge2] CPE FASTQ formatting done
step1 0x500002003e30
slave pre done
now n is 103586
processed 103586
[M::mem_process_seqs_merge2] Processed 103586 reads in 6.690 CPU sec, 6.717 real sec
step2 put 0x500002002a30
step2 get 0x500002003d40
[M::process] read chunk (19660800 bytes/CG x 1 CGs, 19660800 bytes)...
step3 0x500002002a30
[M::mem_process_seqs_merge2] CPE FASTQ formatting done
step1 0x5000020028f0
slave pre done
now n is 103474
processed 103474
[M::mem_process_seqs_merge2] Processed 103474 reads in 6.720 CPU sec, 6.720 real sec
step2 put 0x500002003d40
step2 get 0x500002003d90
[M::process] read chunk (19660800 bytes/CG x 1 CGs, 19660800 bytes)...
step3 0x500002003d40
[M::mem_process_seqs_merge2] CPE FASTQ formatting done
step1 0x500002002a30
slave pre done
now n is 103474
processed 103474
[M::mem_process_seqs_merge2] Processed 103474 reads in 6.420 CPU sec, 6.420 real sec
step2 put 0x500002003d90
step2 get 0x500002003de0
step3 0x500002003d90
[M::process] read chunk (19660800 bytes/CG x 1 CGs, 19660800 bytes)...
[M::mem_process_seqs_merge2] CPE FASTQ formatting done
step1 0x500002003d40
slave pre done
now n is 103474
processed 103474
[M::mem_process_seqs_merge2] Processed 103474 reads in 6.680 CPU sec, 6.702 real sec
step2 put 0x500002003de0
step2 get 0x500002003e30
[M::process] read chunk (19660800 bytes/CG x 1 CGs, 19660800 bytes)...
step3 0x500002003de0
[M::mem_process_seqs_merge2] CPE FASTQ formatting done
step1 0x500002003d90
slave pre done
now n is 103474
processed 103474
[M::mem_process_seqs_merge2] Processed 103474 reads in 6.760 CPU sec, 6.798 real sec
step2 put 0x500002003e30
step2 get 0x5000020028f0
[M::process] read chunk (19660800 bytes/CG x 1 CGs, 19660800 bytes)...
step3 0x500002003e30
[M::mem_process_seqs_merge2] CPE FASTQ formatting done
step1 0x500002003de0
slave pre done
now n is 103474
processed 103474
[M::mem_process_seqs_merge2] Processed 103474 reads in 6.430 CPU sec, 6.437 real sec
step2 put 0x5000020028f0
step2 get 0x500002002a30
[M::process] read chunk (19660800 bytes/CG x 1 CGs, 19660800 bytes)...
step3 0x5000020028f0
[M::mem_process_seqs_merge2] CPE FASTQ formatting done
step1 0x500002003e30
slave pre done
now n is 103474
processed 103474
[M::mem_process_seqs_merge2] Processed 103474 reads in 6.590 CPU sec, 6.656 real sec
step2 put 0x500002002a30
step2 get 0x500002003d40
[M::process] read chunk (19660800 bytes/CG x 1 CGs, 19660800 bytes)...
step3 0x500002002a30
[M::mem_process_seqs_merge2] CPE FASTQ formatting done
step1 0x5000020028f0
slave pre done
now n is 103474
processed 103474
[M::mem_process_seqs_merge2] Processed 103474 reads in 6.660 CPU sec, 6.709 real sec
step2 put 0x500002003d40
step2 get 0x500002003d90
[M::process] read chunk (19660800 bytes/CG x 1 CGs, 19660800 bytes)...
step3 0x500002003d40
[M::mem_process_seqs_merge2] CPE FASTQ formatting done
step1 0x500002002a30
slave pre done
now n is 103474
processed 103474
[M::mem_process_seqs_merge2] Processed 103474 reads in 6.730 CPU sec, 6.737 real sec
step2 put 0x500002003d90
step2 get 0x500002003de0
[M::process] read chunk (19660800 bytes/CG x 1 CGs, 19660800 bytes)...
step3 0x500002003d90
[M::mem_process_seqs_merge2] CPE FASTQ formatting done
step1 0x500002003d40
slave pre done
now n is 103474
processed 103474
[M::mem_process_seqs_merge2] Processed 103474 reads in 6.550 CPU sec, 6.556 real sec
step2 put 0x500002003de0
step2 get 0x500002003e30
[M::process] read chunk (19660800 bytes/CG x 1 CGs, 19660800 bytes)...
step3 0x500002003de0
[M::mem_process_seqs_merge2] CPE FASTQ formatting done
step1 0x500002003d90
slave pre done
now n is 103474
processed 103474
[M::mem_process_seqs_merge2] Processed 103474 reads in 6.530 CPU sec, 6.539 real sec
step2 put 0x500002003e30
step2 get 0x5000020028f0
[M::process] read chunk (19660800 bytes/CG x 1 CGs, 19660800 bytes)...
step3 0x500002003e30
[M::mem_process_seqs_merge2] CPE FASTQ formatting done
step1 0x500002003de0
slave pre done
now n is 103474
processed 103474
[M::mem_process_seqs_merge2] Processed 103474 reads in 6.360 CPU sec, 6.458 real sec
step2 put 0x5000020028f0
step2 get 0x500002002a30
[M::process] read chunk (19660800 bytes/CG x 1 CGs, 19660800 bytes)...
step3 0x5000020028f0
[M::mem_process_seqs_merge2] CPE FASTQ formatting done
step1 0x500002003e30
slave pre done
now n is 103474
processed 103474
[M::mem_process_seqs_merge2] Processed 103474 reads in 6.950 CPU sec, 7.020 real sec
step2 put 0x500002002a30
step2 get 0x500002003d40
step3 0x500002002a30
[M::process] read chunk (19660800 bytes/CG x 1 CGs, 19660800 bytes)...
[M::mem_process_seqs_merge2] CPE FASTQ formatting done
step1 0x5000020028f0
slave pre done
now n is 103474
processed 103474
[M::mem_process_seqs_merge2] Processed 103474 reads in 6.330 CPU sec, 6.335 real sec
step2 put 0x500002003d40
step2 get 0x500002003d90
step3 0x500002003d40
[M::process] read chunk (19660800 bytes/CG x 1 CGs, 19660800 bytes)...
[M::mem_process_seqs_merge2] CPE FASTQ formatting done
step1 0x500002002a30
slave pre done
now n is 103474
processed 103474
[M::mem_process_seqs_merge2] Processed 103474 reads in 6.770 CPU sec, 6.844 real sec
step2 put 0x500002003d90
step2 get 0x500002003de0
[M::process] read chunk (19660800 bytes/CG x 1 CGs, 19660800 bytes)...
step3 0x500002003d90
[M::mem_process_seqs_merge2] CPE FASTQ formatting done
step1 0x500002003d40
slave pre done
now n is 103474
processed 103474
[M::mem_process_seqs_merge2] Processed 103474 reads in 6.870 CPU sec, 6.879 real sec
step2 put 0x500002003de0
step2 get 0x500002003e30
[M::process] read chunk (19660800 bytes/CG x 1 CGs, 19660800 bytes)...
step3 0x500002003de0
[M::mem_process_seqs_merge2] CPE FASTQ formatting done
step1 0x500002003d90
slave pre done
now n is 103474
processed 103474
[M::mem_process_seqs_merge2] Processed 103474 reads in 6.430 CPU sec, 6.429 real sec
step2 put 0x500002003e30
step2 get 0x5000020028f0
step3 0x500002003e30
[M::process] read chunk (19660800 bytes/CG x 1 CGs, 19660800 bytes)...
[M::mem_process_seqs_merge2] CPE FASTQ formatting done
step1 0x500002003de0
slave pre done
now n is 103474
processed 103474
[M::mem_process_seqs_merge2] Processed 103474 reads in 6.740 CPU sec, 6.761 real sec
step2 put 0x5000020028f0
step2 get 0x500002002a30
[M::process] read chunk (19660800 bytes/CG x 1 CGs, 19660800 bytes)...
step3 0x5000020028f0
[M::mem_process_seqs_merge2] CPE FASTQ formatting done
step1 0x500002003e30
slave pre done
now n is 103474
processed 103474
[M::mem_process_seqs_merge2] Processed 103474 reads in 6.770 CPU sec, 6.787 real sec
step2 put 0x500002002a30
step2 get 0x500002003d40
[M::process] read chunk (19660800 bytes/CG x 1 CGs, 19660800 bytes)...
step3 0x500002002a30
[M::mem_process_seqs_merge2] CPE FASTQ formatting done
step1 0x5000020028f0
slave pre done
now n is 103474
processed 103474
[M::mem_process_seqs_merge2] Processed 103474 reads in 6.850 CPU sec, 6.856 real sec
step2 put 0x500002003d40
step2 get 0x500002003d90
step3 0x500002003d40
[M::process] read chunk (19660800 bytes/CG x 1 CGs, 19660800 bytes)...
[M::mem_process_seqs_merge2] CPE FASTQ formatting done
step1 0x500002002a30
slave pre done
now n is 103474
processed 103474
[M::mem_process_seqs_merge2] Processed 103474 reads in 7.140 CPU sec, 7.167 real sec
step2 put 0x500002003d90
step2 get 0x500002003de0
[M::process] read chunk (19660800 bytes/CG x 1 CGs, 19660800 bytes)...
step3 0x500002003d90
[M::mem_process_seqs_merge2] CPE FASTQ formatting done
step1 0x500002003d40
slave pre done
now n is 103474
processed 103474
[M::mem_process_seqs_merge2] Processed 103474 reads in 6.660 CPU sec, 6.712 real sec
step2 put 0x500002003de0
step2 get 0x500002003e30
[M::process] read chunk (19660800 bytes/CG x 1 CGs, 19660800 bytes)...
step3 0x500002003de0
[M::mem_process_seqs_merge2] CPE FASTQ formatting done
step1 0x500002003d90
slave pre done
now n is 103474
processed 103474
[M::mem_process_seqs_merge2] Processed 103474 reads in 6.810 CPU sec, 6.811 real sec
step2 put 0x500002003e30
step2 get 0x5000020028f0
step3 0x500002003e30
[M::process] read chunk (19660800 bytes/CG x 1 CGs, 19660800 bytes)...
[M::mem_process_seqs_merge2] CPE FASTQ formatting done
step1 0x500002003de0
slave pre done
now n is 103474
processed 103474
[M::mem_process_seqs_merge2] Processed 103474 reads in 6.430 CPU sec, 6.501 real sec
step2 put 0x5000020028f0
step2 get 0x500002002a30
[M::process] read chunk (19660800 bytes/CG x 1 CGs, 19660800 bytes)...
step3 0x5000020028f0
[M::mem_process_seqs_merge2] CPE FASTQ formatting done
[DBG stage1] slow fread: R1 offset=924019844 requested=19660800 read=19660800 elapsed=2.456 s
[DBG stage1] slow fread: R2 offset=924019844 requested=19660800 read=19660800 elapsed=1.845 s
step1 0x500002003e30
slave pre done
now n is 103474
processed 103474
[M::mem_process_seqs_merge2] Processed 103474 reads in 6.890 CPU sec, 6.938 real sec
step2 put 0x500002002a30
step2 get 0x500002003d40
step3 0x500002002a30
[M::process] read chunk (19660800 bytes/CG x 1 CGs, 19660800 bytes)...
[M::mem_process_seqs_merge2] CPE FASTQ formatting done
[DBG stage1] slow fread: R1 offset=943679904 requested=19660800 read=19660800 elapsed=2.184 s
[DBG stage1] slow fread: R2 offset=943679904 requested=19660800 read=19660800 elapsed=2.377 s
step1 0x5000020028f0
slave pre done
now n is 103474
processed 103474
[M::mem_process_seqs_merge2] Processed 103474 reads in 6.370 CPU sec, 6.365 real sec
step2 put 0x500002003d40
step2 get 0x500002003d90
[M::process] read chunk (19660800 bytes/CG x 1 CGs, 19660800 bytes)...
step3 0x500002003d40
[M::mem_process_seqs_merge2] CPE FASTQ formatting done
[DBG stage1] slow fread: R1 offset=963339964 requested=19660800 read=19660800 elapsed=2.235 s
[DBG stage1] slow fread: R2 offset=963339964 requested=19660800 read=19660800 elapsed=2.173 s
step1 0x500002002a30
slave pre done
now n is 103474
processed 103474
[M::mem_process_seqs_merge2] Processed 103474 reads in 6.560 CPU sec, 6.619 real sec
step2 put 0x500002003d90
step2 get 0x500002003de0
step3 0x500002003d90
[M::process] read chunk (19660800 bytes/CG x 1 CGs, 19660800 bytes)...
[M::mem_process_seqs_merge2] CPE FASTQ formatting done
[DBG stage1] slow fread: R1 offset=983000024 requested=19660800 read=19660800 elapsed=2.139 s
[DBG stage1] slow fread: R2 offset=983000024 requested=19660800 read=19660800 elapsed=2.106 s
step1 0x500002003d40
slave pre done
now n is 103474
processed 103474
[M::mem_process_seqs_merge2] Processed 103474 reads in 6.760 CPU sec, 6.842 real sec
step2 put 0x500002003de0
step2 get 0x500002003e30
step3 0x500002003de0
[M::process] read chunk (19660800 bytes/CG x 1 CGs, 19660800 bytes)...
[M::mem_process_seqs_merge2] CPE FASTQ formatting done
[DBG stage1] slow fread: R1 offset=1002660084 requested=19660800 read=19660800 elapsed=1.684 s
[DBG stage1] slow fread: R2 offset=1002660084 requested=19660800 read=19660800 elapsed=1.668 s
step1 0x500002003d90
slave pre done
now n is 103474
processed 103474
[M::mem_process_seqs_merge2] Processed 103474 reads in 6.550 CPU sec, 6.566 real sec
step2 put 0x500002003e30
step2 get 0x5000020028f0
step3 0x500002003e30
[M::process] read chunk (19660800 bytes/CG x 1 CGs, 19660800 bytes)...
[M::mem_process_seqs_merge2] CPE FASTQ formatting done
[DBG stage1] slow fread: R1 offset=1022320144 requested=19660800 read=19660800 elapsed=2.135 s
[DBG stage1] slow fread: R2 offset=1022320144 requested=19660800 read=19660800 elapsed=2.365 s
step1 0x500002003de0
slave pre done
now n is 103474
processed 103474
[M::mem_process_seqs_merge2] Processed 103474 reads in 6.830 CPU sec, 6.857 real sec
step2 put 0x5000020028f0
step2 get 0x500002002a30
step3 0x5000020028f0
[M::process] read chunk (19660800 bytes/CG x 1 CGs, 19660800 bytes)...
[M::mem_process_seqs_merge2] CPE FASTQ formatting done
[DBG stage1] slow fread: R1 offset=1041980204 requested=19660800 read=19660800 elapsed=2.263 s
[DBG stage1] slow fread: R2 offset=1041980204 requested=19660800 read=19660800 elapsed=2.261 s
step1 0x500002003e30
slave pre done
now n is 103474
processed 103474
[M::mem_process_seqs_merge2] Processed 103474 reads in 6.430 CPU sec, 6.450 real sec
step2 put 0x500002002a30
step2 get 0x500002003d40
[M::process] read chunk (19660800 bytes/CG x 1 CGs, 19660800 bytes)...
step3 0x500002002a30
[M::mem_process_seqs_merge2] CPE FASTQ formatting done
[DBG stage1] slow fread: R1 offset=1061640264 requested=19660800 read=19660800 elapsed=1.962 s
[DBG stage1] slow fread: R2 offset=1061640264 requested=19660800 read=19660800 elapsed=1.759 s
step1 0x5000020028f0
slave pre done
now n is 103474
processed 103474
[M::mem_process_seqs_merge2] Processed 103474 reads in 6.750 CPU sec, 6.840 real sec
step2 put 0x500002003d40
step2 get 0x500002003d90
[M::process] read chunk (19660800 bytes/CG x 1 CGs, 19660800 bytes)...
step3 0x500002003d40
[M::mem_process_seqs_merge2] CPE FASTQ formatting done
[DBG stage1] slow fread: R1 offset=1081300324 requested=19660800 read=19660800 elapsed=2.032 s
[DBG stage1] slow fread: R2 offset=1081300324 requested=19660800 read=19660800 elapsed=2.210 s
step1 0x500002002a30
slave pre done
now n is 103474
processed 103474
[M::mem_process_seqs_merge2] Processed 103474 reads in 6.620 CPU sec, 6.680 real sec
step2 put 0x500002003d90
step2 get 0x500002003de0
step3 0x500002003d90
[M::process] read chunk (19660800 bytes/CG x 1 CGs, 19660800 bytes)...
[M::mem_process_seqs_merge2] CPE FASTQ formatting done
[DBG stage1] slow fread: R1 offset=1100960384 requested=19660800 read=19660800 elapsed=2.089 s
[DBG stage1] slow fread: R2 offset=1100960384 requested=19660800 read=19660800 elapsed=2.011 s
step1 0x500002003d40
slave pre done
now n is 103474
processed 103474
[M::mem_process_seqs_merge2] Processed 103474 reads in 6.790 CPU sec, 6.791 real sec
step2 put 0x500002003de0
step2 get 0x500002003e30
step3 0x500002003de0
[M::process] read chunk (19660800 bytes/CG x 1 CGs, 19660800 bytes)...
[M::mem_process_seqs_merge2] CPE FASTQ formatting done
[DBG stage1] slow fread: R1 offset=1120620444 requested=19660800 read=19660800 elapsed=1.757 s
[DBG stage1] slow fread: R2 offset=1120620444 requested=19660800 read=19660800 elapsed=1.562 s
step1 0x500002003d90
slave pre done
now n is 103474
processed 103474
[M::mem_process_seqs_merge2] Processed 103474 reads in 7.420 CPU sec, 7.448 real sec
step2 put 0x500002003e30
step2 get 0x5000020028f0
step3 0x500002003e30
[M::process] read chunk (19660800 bytes/CG x 1 CGs, 19660800 bytes)...
[M::mem_process_seqs_merge2] CPE FASTQ formatting done
[DBG stage1] slow fread: R1 offset=1140280504 requested=19660800 read=19660800 elapsed=1.889 s
[DBG stage1] slow fread: R2 offset=1140280504 requested=19660800 read=19660800 elapsed=2.053 s
step1 0x500002003de0
slave pre done
now n is 103474
processed 103474
[M::mem_process_seqs_merge2] Processed 103474 reads in 7.020 CPU sec, 7.074 real sec
step2 put 0x5000020028f0
step2 get 0x500002002a30
[M::process] read chunk (19660800 bytes/CG x 1 CGs, 19660800 bytes)...
step3 0x5000020028f0
[M::mem_process_seqs_merge2] CPE FASTQ formatting done
[DBG stage1] slow fread: R1 offset=1159940564 requested=19660800 read=19660800 elapsed=1.511 s
[DBG stage1] slow fread: R2 offset=1159940564 requested=19660800 read=19660800 elapsed=1.249 s
step1 0x500002003e30
slave pre done
now n is 103474
processed 103474
[M::mem_process_seqs_merge2] Processed 103474 reads in 6.780 CPU sec, 6.808 real sec
step2 put 0x500002002a30
step2 get 0x500002003d40
step3 0x500002002a30
[M::process] read chunk (19660800 bytes/CG x 1 CGs, 19660800 bytes)...
[M::mem_process_seqs_merge2] CPE FASTQ formatting done
step1 0x5000020028f0
slave pre done
now n is 103474
processed 103474
[M::mem_process_seqs_merge2] Processed 103474 reads in 6.910 CPU sec, 6.957 real sec
step2 put 0x500002003d40
step2 get 0x500002003d90
[M::process] read chunk (19660800 bytes/CG x 1 CGs, 19660800 bytes)...
step3 0x500002003d40
[M::mem_process_seqs_merge2] CPE FASTQ formatting done
step1 0x500002002a30
slave pre done
now n is 103474
processed 103474
[M::mem_process_seqs_merge2] Processed 103474 reads in 6.660 CPU sec, 6.711 real sec
step2 put 0x500002003d90
step2 get 0x500002003de0
[M::process] read chunk (19660800 bytes/CG x 1 CGs, 19660800 bytes)...
step3 0x500002003d90
[M::mem_process_seqs_merge2] CPE FASTQ formatting done
step1 0x500002003d40
slave pre done
now n is 103474
processed 103474
[M::mem_process_seqs_merge2] Processed 103474 reads in 7.000 CPU sec, 7.010 real sec
step2 put 0x500002003de0
step2 get 0x500002003e30
step3 0x500002003de0
[M::process] read chunk (19660800 bytes/CG x 1 CGs, 19660800 bytes)...
[M::mem_process_seqs_merge2] CPE FASTQ formatting done
step1 0x500002003d90
slave pre done
now n is 103474
processed 103474
[M::mem_process_seqs_merge2] Processed 103474 reads in 6.720 CPU sec, 6.777 real sec
step2 put 0x500002003e30
step2 get 0x5000020028f0
step3 0x500002003e30
[M::process] read chunk (19660800 bytes/CG x 1 CGs, 19660800 bytes)...
[M::mem_process_seqs_merge2] CPE FASTQ formatting done
step1 0x500002003de0
slave pre done
now n is 103474
processed 103474
[M::mem_process_seqs_merge2] Processed 103474 reads in 6.990 CPU sec, 7.020 real sec
step2 put 0x5000020028f0
step2 get 0x500002002a30
[M::process] read chunk (19660800 bytes/CG x 1 CGs, 19660800 bytes)...
step3 0x5000020028f0
[M::mem_process_seqs_merge2] CPE FASTQ formatting done
step1 0x500002003e30
slave pre done
now n is 103474
processed 103474
[M::mem_process_seqs_merge2] Processed 103474 reads in 6.750 CPU sec, 6.755 real sec
step2 put 0x500002002a30
step2 get 0x500002003d40
step3 0x500002002a30
[M::process] read chunk (19660800 bytes/CG x 1 CGs, 19660800 bytes)...
[M::mem_process_seqs_merge2] CPE FASTQ formatting done
step1 0x5000020028f0
slave pre done
now n is 103474
processed 103474
[M::mem_process_seqs_merge2] Processed 103474 reads in 6.600 CPU sec, 6.610 real sec
step2 put 0x500002003d40
step2 get 0x500002003d90
step3 0x500002003d40
[M::process] read chunk (19660800 bytes/CG x 1 CGs, 19660800 bytes)...
[M::mem_process_seqs_merge2] CPE FASTQ formatting done
step1 0x500002002a30
slave pre done
now n is 103474
processed 103474
[M::mem_process_seqs_merge2] Processed 103474 reads in 6.880 CPU sec, 6.905 real sec
step2 put 0x500002003d90
step2 get 0x500002003de0
step3 0x500002003d90
[M::process] read chunk (19660800 bytes/CG x 1 CGs, 19660800 bytes)...
[M::mem_process_seqs_merge2] CPE FASTQ formatting done
step1 0x500002003d40
slave pre done
now n is 103474
processed 103474
[M::mem_process_seqs_merge2] Processed 103474 reads in 6.530 CPU sec, 6.529 real sec
step2 put 0x500002003de0
step2 get 0x500002003e30
[M::process] read chunk (19660800 bytes/CG x 1 CGs, 19660800 bytes)...
step3 0x500002003de0
[M::mem_process_seqs_merge2] CPE FASTQ formatting done
step1 0x500002003d90
slave pre done
now n is 103474
processed 103474
[M::mem_process_seqs_merge2] Processed 103474 reads in 7.640 CPU sec, 7.706 real sec
step2 put 0x500002003e30
step2 get 0x5000020028f0
[M::process] read chunk (19660800 bytes/CG x 1 CGs, 19660800 bytes)...
step3 0x500002003e30
[M::mem_process_seqs_merge2] CPE FASTQ formatting done
step1 0x500002003de0
slave pre done
now n is 103474
processed 103474
[M::mem_process_seqs_merge2] Processed 103474 reads in 6.730 CPU sec, 6.782 real sec
step2 put 0x5000020028f0
step2 get 0x500002002a30
[M::process] read chunk (19660800 bytes/CG x 1 CGs, 19660800 bytes)...
step3 0x5000020028f0
[M::mem_process_seqs_merge2] CPE FASTQ formatting done
step1 0x500002003e30
slave pre done
now n is 103474
processed 103474
[M::mem_process_seqs_merge2] Processed 103474 reads in 6.500 CPU sec, 6.512 real sec
step2 put 0x500002002a30
step2 get 0x500002003d40
step3 0x500002002a30
[M::process] read chunk (19660800 bytes/CG x 1 CGs, 19660800 bytes)...
[M::mem_process_seqs_merge2] CPE FASTQ formatting done
step1 0x5000020028f0
slave pre done
now n is 103474
processed 103474
[M::mem_process_seqs_merge2] Processed 103474 reads in 7.300 CPU sec, 7.344 real sec
step2 put 0x500002003d40
step2 get 0x500002003d90
[M::process] read chunk (19660800 bytes/CG x 1 CGs, 19660800 bytes)...
step3 0x500002003d40
[M::mem_process_seqs_merge2] CPE FASTQ formatting done
step1 0x500002002a30
slave pre done
now n is 103474
processed 103474
[M::mem_process_seqs_merge2] Processed 103474 reads in 6.630 CPU sec, 6.683 real sec
step2 put 0x500002003d90
step2 get 0x500002003de0
[M::process] read chunk (19660800 bytes/CG x 1 CGs, 19660800 bytes)...
step3 0x500002003d90
[M::mem_process_seqs_merge2] CPE FASTQ formatting done
step1 0x500002003d40
slave pre done
now n is 103474
processed 103474
[M::mem_process_seqs_merge2] Processed 103474 reads in 6.620 CPU sec, 6.622 real sec
step2 put 0x500002003de0
step2 get 0x500002003e30
step3 0x500002003de0
[M::process] read chunk (19660800 bytes/CG x 1 CGs, 19660800 bytes)...
[M::mem_process_seqs_merge2] CPE FASTQ formatting done
step1 0x500002003d90
slave pre done
now n is 103474
processed 103474
[M::mem_process_seqs_merge2] Processed 103474 reads in 6.870 CPU sec, 6.893 real sec
step2 put 0x500002003e30
step2 get 0x5000020028f0
step3 0x500002003e30
[M::process] read chunk (19660800 bytes/CG x 1 CGs, 19660800 bytes)...
[M::mem_process_seqs_merge2] CPE FASTQ formatting done
step1 0x500002003de0
slave pre done
now n is 103474
processed 103474
[M::mem_process_seqs_merge2] Processed 103474 reads in 6.450 CPU sec, 6.447 real sec
step2 put 0x5000020028f0
step2 get 0x500002002a30
step3 0x5000020028f0
[M::process] read chunk (19660800 bytes/CG x 1 CGs, 19660800 bytes)...
[M::mem_process_seqs_merge2] CPE FASTQ formatting done
step1 0x500002003e30
slave pre done
now n is 103474
processed 103474
[M::mem_process_seqs_merge2] Processed 103474 reads in 6.660 CPU sec, 6.748 real sec
step2 put 0x500002002a30
step2 get 0x500002003d40
[M::process] read chunk (19660800 bytes/CG x 1 CGs, 19660800 bytes)...
step3 0x500002002a30
[M::mem_process_seqs_merge2] CPE FASTQ formatting done
step1 0x5000020028f0
slave pre done
now n is 103474
processed 103474
[M::mem_process_seqs_merge2] Processed 103474 reads in 6.660 CPU sec, 6.672 real sec
step2 put 0x500002003d40
step2 get 0x500002003d90
step3 0x500002003d40
[M::process] read chunk (19660800 bytes/CG x 1 CGs, 19660800 bytes)...
[M::mem_process_seqs_merge2] CPE FASTQ formatting done
step1 0x500002002a30
slave pre done
now n is 103474
processed 103474
[M::mem_process_seqs_merge2] Processed 103474 reads in 6.560 CPU sec, 6.564 real sec
step2 put 0x500002003d90
step2 get 0x500002003de0
step3 0x500002003d90
[M::process] read chunk (19660800 bytes/CG x 1 CGs, 19660800 bytes)...
[M::mem_process_seqs_merge2] CPE FASTQ formatting done
step1 0x500002003d40
slave pre done
now n is 103474
processed 103474
[M::mem_process_seqs_merge2] Processed 103474 reads in 6.700 CPU sec, 6.750 real sec
step2 put 0x500002003de0
step2 get 0x500002003e30
[M::process] read chunk (19660800 bytes/CG x 1 CGs, 19660800 bytes)...
step3 0x500002003de0
[M::mem_process_seqs_merge2] CPE FASTQ formatting done
step1 0x500002003d90
slave pre done
now n is 103474
processed 103474
[M::mem_process_seqs_merge2] Processed 103474 reads in 6.920 CPU sec, 6.933 real sec
step2 put 0x500002003e30
step2 get 0x5000020028f0
[M::process] read chunk (19660800 bytes/CG x 1 CGs, 19660800 bytes)...
step3 0x500002003e30
[M::mem_process_seqs_merge2] CPE FASTQ formatting done
step1 0x500002003de0
slave pre done
now n is 103474
processed 103474
[M::mem_process_seqs_merge2] Processed 103474 reads in 6.660 CPU sec, 6.674 real sec
step2 put 0x5000020028f0
step2 get 0x500002002a30
step3 0x5000020028f0
[M::process] read chunk (19660800 bytes/CG x 1 CGs, 19660800 bytes)...
[M::mem_process_seqs_merge2] CPE FASTQ formatting done
step1 0x500002003e30
slave pre done
now n is 103474
processed 103474
[M::mem_process_seqs_merge2] Processed 103474 reads in 6.730 CPU sec, 6.767 real sec
step2 put 0x500002002a30
step2 get 0x500002003d40
step3 0x500002002a30
[M::process] read chunk (19660800 bytes/CG x 1 CGs, 19660800 bytes)...
[M::mem_process_seqs_merge2] CPE FASTQ formatting done
step1 0x5000020028f0
slave pre done
now n is 103474
processed 103474
[M::mem_process_seqs_merge2] Processed 103474 reads in 6.540 CPU sec, 6.590 real sec
step2 put 0x500002003d40
step2 get 0x500002003d90
[M::process] read chunk (19660800 bytes/CG x 1 CGs, 19660800 bytes)...
step3 0x500002003d40
[M::mem_process_seqs_merge2] CPE FASTQ formatting done
step1 0x500002002a30
slave pre done
now n is 103474
processed 103474
[M::mem_process_seqs_merge2] Processed 103474 reads in 6.500 CPU sec, 6.516 real sec
step2 put 0x500002003d90
step2 get 0x500002003de0
step3 0x500002003d90
[M::process] read chunk (19660800 bytes/CG x 1 CGs, 19660800 bytes)...
[M::mem_process_seqs_merge2] CPE FASTQ formatting done
step1 0x500002003d40
slave pre done
now n is 103474
processed 103474
[M::mem_process_seqs_merge2] Processed 103474 reads in 6.770 CPU sec, 6.818 real sec
step2 put 0x500002003de0
step2 get 0x500002003e30
[M::process] read chunk (19660800 bytes/CG x 1 CGs, 19660800 bytes)...
step3 0x500002003de0
[M::mem_process_seqs_merge2] CPE FASTQ formatting done
step1 0x500002003d90
slave pre done
now n is 103474
processed 103474
[M::mem_process_seqs_merge2] Processed 103474 reads in 6.410 CPU sec, 6.438 real sec
step2 put 0x500002003e30
step2 get 0x5000020028f0
[M::process] read chunk (19660800 bytes/CG x 1 CGs, 19660800 bytes)...
step3 0x500002003e30
[M::mem_process_seqs_merge2] CPE FASTQ formatting done
step1 0x500002003de0
slave pre done
now n is 103474
processed 103474
[M::mem_process_seqs_merge2] Processed 103474 reads in 6.590 CPU sec, 6.592 real sec
step2 put 0x5000020028f0
step2 get 0x500002002a30
[M::process] read chunk (19660800 bytes/CG x 1 CGs, 19660800 bytes)...
step3 0x5000020028f0
[M::mem_process_seqs_merge2] CPE FASTQ formatting done
step1 0x500002003e30
slave pre done
now n is 103474
processed 103474
[M::mem_process_seqs_merge2] Processed 103474 reads in 6.660 CPU sec, 6.693 real sec
step2 put 0x500002002a30
step2 get 0x500002003d40
[M::process] read chunk (19660800 bytes/CG x 1 CGs, 19660800 bytes)...
step3 0x500002002a30
[M::mem_process_seqs_merge2] CPE FASTQ formatting done
step1 0x5000020028f0
slave pre done
now n is 103474
processed 103474
[M::mem_process_seqs_merge2] Processed 103474 reads in 6.370 CPU sec, 6.439 real sec
step2 put 0x500002003d40
step2 get 0x500002003d90
[M::process] read chunk (19660800 bytes/CG x 1 CGs, 19660800 bytes)...
step3 0x500002003d40
[M::mem_process_seqs_merge2] CPE FASTQ formatting done
step1 0x500002002a30
slave pre done
now n is 103474
processed 103474
[M::mem_process_seqs_merge2] Processed 103474 reads in 6.640 CPU sec, 6.646 real sec
step2 put 0x500002003d90
step2 get 0x500002003de0
step3 0x500002003d90
[M::process] read chunk (19660800 bytes/CG x 1 CGs, 19660800 bytes)...
[M::mem_process_seqs_merge2] CPE FASTQ formatting done
step1 0x500002003d40
slave pre done
now n is 103474
processed 103474
[M::mem_process_seqs_merge2] Processed 103474 reads in 6.370 CPU sec, 6.404 real sec
step2 put 0x500002003de0
step2 get 0x500002003e30
[M::process] read chunk (19660800 bytes/CG x 1 CGs, 19660800 bytes)...
step3 0x500002003de0
[M::mem_process_seqs_merge2] CPE FASTQ formatting done
step1 0x500002003d90
slave pre done
now n is 103474
processed 103474
[M::mem_process_seqs_merge2] Processed 103474 reads in 6.810 CPU sec, 6.844 real sec
step2 put 0x500002003e30
step2 get 0x5000020028f0
[M::process] read chunk (19660800 bytes/CG x 1 CGs, 19660800 bytes)...
step3 0x500002003e30
[M::mem_process_seqs_merge2] CPE FASTQ formatting done
step1 0x500002003de0
slave pre done
now n is 103474
processed 103474
[M::mem_process_seqs_merge2] Processed 103474 reads in 6.640 CPU sec, 6.648 real sec
step2 put 0x5000020028f0
step2 get 0x500002002a30
[M::process] read chunk (19660800 bytes/CG x 1 CGs, 19660800 bytes)...
step3 0x5000020028f0
[M::mem_process_seqs_merge2] CPE FASTQ formatting done
step1 0x500002003e30
slave pre done
now n is 103474
processed 103474
[M::mem_process_seqs_merge2] Processed 103474 reads in 6.830 CPU sec, 6.869 real sec
step2 put 0x500002002a30
step2 get 0x500002003d40
step3 0x500002002a30
[M::process] read chunk (19660800 bytes/CG x 1 CGs, 19660800 bytes)...
[M::mem_process_seqs_merge2] CPE FASTQ formatting done
step1 0x5000020028f0
slave pre done
now n is 103474
processed 103474
[M::mem_process_seqs_merge2] Processed 103474 reads in 6.770 CPU sec, 6.780 real sec
step2 put 0x500002003d40
step2 get 0x500002003d90
step3 0x500002003d40
[M::process] read chunk (19660800 bytes/CG x 1 CGs, 19660800 bytes)...
[M::mem_process_seqs_merge2] CPE FASTQ formatting done
step1 0x500002002a30
slave pre done
now n is 103474
processed 103474
[M::mem_process_seqs_merge2] Processed 103474 reads in 6.820 CPU sec, 6.830 real sec
step2 put 0x500002003d90
step2 get 0x500002003de0
[M::process] read chunk (19660800 bytes/CG x 1 CGs, 19660800 bytes)...
step3 0x500002003d90
[M::mem_process_seqs_merge2] CPE FASTQ formatting done
step1 0x500002003d40
slave pre done
now n is 103474
processed 103474
[M::mem_process_seqs_merge2] Processed 103474 reads in 6.680 CPU sec, 6.700 real sec
step2 put 0x500002003de0
step2 get 0x500002003e30
[M::process] read chunk (19660800 bytes/CG x 1 CGs, 19660800 bytes)...
step3 0x500002003de0
[M::mem_process_seqs_merge2] CPE FASTQ formatting done
step1 0x500002003d90
slave pre done
now n is 103474
processed 103474
[M::mem_process_seqs_merge2] Processed 103474 reads in 6.650 CPU sec, 6.644 real sec
step2 put 0x500002003e30
step2 get 0x5000020028f0
step3 0x500002003e30
[M::process] read chunk (19660800 bytes/CG x 1 CGs, 19660800 bytes)...
[M::mem_process_seqs_merge2] CPE FASTQ formatting done
step1 0x500002003de0
slave pre done
now n is 103474
processed 103474
[M::mem_process_seqs_merge2] Processed 103474 reads in 6.970 CPU sec, 6.995 real sec
step2 put 0x5000020028f0
step2 get 0x500002002a30
[M::process] read chunk (19660800 bytes/CG x 1 CGs, 19660800 bytes)...
step3 0x5000020028f0
[M::mem_process_seqs_merge2] CPE FASTQ formatting done
step1 0x500002003e30
slave pre done
now n is 103474
processed 103474
[M::mem_process_seqs_merge2] Processed 103474 reads in 6.570 CPU sec, 6.572 real sec
step2 put 0x500002002a30
step2 get 0x500002003d40
[M::process] read chunk (19660800 bytes/CG x 1 CGs, 19660800 bytes)...
step3 0x500002002a30
[M::mem_process_seqs_merge2] CPE FASTQ formatting done
step1 0x5000020028f0
slave pre done
now n is 103474
processed 103474
[M::mem_process_seqs_merge2] Processed 103474 reads in 6.670 CPU sec, 6.662 real sec
step2 put 0x500002003d40
step2 get 0x500002003d90
step3 0x500002003d40
[M::process] read chunk (19660800 bytes/CG x 1 CGs, 19660800 bytes)...
[M::mem_process_seqs_merge2] CPE FASTQ formatting done
step1 0x500002002a30
slave pre done
now n is 103474
processed 103474
[M::mem_process_seqs_merge2] Processed 103474 reads in 6.760 CPU sec, 6.782 real sec
step2 put 0x500002003d90
step2 get 0x500002003de0
[M::process] read chunk (19660800 bytes/CG x 1 CGs, 19660800 bytes)...
step3 0x500002003d90
[M::mem_process_seqs_merge2] CPE FASTQ formatting done
step1 0x500002003d40
slave pre done
now n is 103474
processed 103474
[M::mem_process_seqs_merge2] Processed 103474 reads in 6.650 CPU sec, 6.704 real sec
step2 put 0x500002003de0
step2 get 0x500002003e30
[M::process] read chunk (19660800 bytes/CG x 1 CGs, 19660800 bytes)...
step3 0x500002003de0
[M::mem_process_seqs_merge2] CPE FASTQ formatting done
step1 0x500002003d90
slave pre done
now n is 103474
processed 103474
[M::mem_process_seqs_merge2] Processed 103474 reads in 6.500 CPU sec, 6.510 real sec
step2 put 0x500002003e30
step2 get 0x5000020028f0
step3 0x500002003e30
[M::process] read chunk (19660800 bytes/CG x 1 CGs, 19660800 bytes)...
[M::mem_process_seqs_merge2] CPE FASTQ formatting done
step1 0x500002003de0
slave pre done
now n is 103474
processed 103474
[M::mem_process_seqs_merge2] Processed 103474 reads in 6.650 CPU sec, 6.670 real sec
step2 put 0x5000020028f0
step2 get 0x500002002a30
[M::process] read chunk (19660800 bytes/CG x 1 CGs, 19660800 bytes)...
step3 0x5000020028f0
[M::mem_process_seqs_merge2] CPE FASTQ formatting done
step1 0x500002003e30
slave pre done
now n is 103474
processed 103474
[M::mem_process_seqs_merge2] Processed 103474 reads in 6.800 CPU sec, 6.843 real sec
step2 put 0x500002002a30
step2 get 0x500002003d40
[M::process] read chunk (19660800 bytes/CG x 1 CGs, 19660800 bytes)...
step3 0x500002002a30
[M::mem_process_seqs_merge2] CPE FASTQ formatting done
step1 0x5000020028f0
slave pre done
now n is 103474
processed 103474
[M::mem_process_seqs_merge2] Processed 103474 reads in 6.510 CPU sec, 6.514 real sec
step2 put 0x500002003d40
step2 get 0x500002003d90
step3 0x500002003d40
[M::process] read chunk (19660800 bytes/CG x 1 CGs, 19660800 bytes)...
[M::mem_process_seqs_merge2] CPE FASTQ formatting done
step1 0x500002002a30
slave pre done
now n is 103474
processed 103474
[M::mem_process_seqs_merge2] Processed 103474 reads in 6.930 CPU sec, 6.955 real sec
step2 put 0x500002003d90
step2 get 0x500002003de0
[M::process] read chunk (19660800 bytes/CG x 1 CGs, 19660800 bytes)...
step3 0x500002003d90
[M::mem_process_seqs_merge2] CPE FASTQ formatting done
step1 0x500002003d40
slave pre done
now n is 103474
processed 103474
[M::mem_process_seqs_merge2] Processed 103474 reads in 6.520 CPU sec, 6.560 real sec
step2 put 0x500002003de0
step2 get 0x500002003e30
[M::process] read chunk (19660800 bytes/CG x 1 CGs, 19660800 bytes)...
step3 0x500002003de0
[M::mem_process_seqs_merge2] CPE FASTQ formatting done
step1 0x500002003d90
slave pre done
now n is 103474
processed 103474
[M::mem_process_seqs_merge2] Processed 103474 reads in 6.630 CPU sec, 6.638 real sec
step2 put 0x500002003e30
step2 get 0x5000020028f0
step3 0x500002003e30
[M::process] read chunk (19660800 bytes/CG x 1 CGs, 19660800 bytes)...
[M::mem_process_seqs_merge2] CPE FASTQ formatting done
step1 0x500002003de0
slave pre done
now n is 103474
processed 103474
[M::mem_process_seqs_merge2] Processed 103474 reads in 6.600 CPU sec, 6.642 real sec
step2 put 0x5000020028f0
step2 get 0x500002002a30
step3 0x5000020028f0
[M::process] read chunk (19660800 bytes/CG x 1 CGs, 19660800 bytes)...
[M::mem_process_seqs_merge2] CPE FASTQ formatting done
step1 0x500002003e30
slave pre done
now n is 103474
processed 103474
[M::mem_process_seqs_merge2] Processed 103474 reads in 6.700 CPU sec, 6.734 real sec
step2 put 0x500002002a30
step2 get 0x500002003d40
step3 0x500002002a30
[M::process] read chunk (19660800 bytes/CG x 1 CGs, 19660800 bytes)...
[M::mem_process_seqs_merge2] CPE FASTQ formatting done
step1 0x5000020028f0
slave pre done
now n is 103474
processed 103474
[M::mem_process_seqs_merge2] Processed 103474 reads in 6.810 CPU sec, 6.826 real sec
step2 put 0x500002003d40
step2 get 0x500002003d90
[M::process] read chunk (19660800 bytes/CG x 1 CGs, 19660800 bytes)...
step3 0x500002003d40
[M::mem_process_seqs_merge2] CPE FASTQ formatting done
step1 0x500002002a30
slave pre done
now n is 103474
processed 103474
[M::mem_process_seqs_merge2] Processed 103474 reads in 6.570 CPU sec, 6.604 real sec
step2 put 0x500002003d90
step2 get 0x500002003de0
[M::process] read chunk (19660800 bytes/CG x 1 CGs, 19660800 bytes)...
step3 0x500002003d90
[M::mem_process_seqs_merge2] CPE FASTQ formatting done
step1 0x500002003d40
slave pre done
now n is 103474
processed 103474
[M::mem_process_seqs_merge2] Processed 103474 reads in 6.560 CPU sec, 6.564 real sec
step2 put 0x500002003de0
step2 get 0x500002003e30
step3 0x500002003de0
[M::process] read chunk (19660800 bytes/CG x 1 CGs, 19660800 bytes)...
[M::mem_process_seqs_merge2] CPE FASTQ formatting done
step1 0x500002003d90
slave pre done
now n is 103474
processed 103474
[M::mem_process_seqs_merge2] Processed 103474 reads in 6.720 CPU sec, 6.760 real sec
step2 put 0x500002003e30
step2 get 0x5000020028f0
[M::process] read chunk (19660800 bytes/CG x 1 CGs, 19660800 bytes)...
step3 0x500002003e30
[M::mem_process_seqs_merge2] CPE FASTQ formatting done
step1 0x500002003de0
slave pre done
now n is 103474
processed 103474
[M::mem_process_seqs_merge2] Processed 103474 reads in 6.900 CPU sec, 6.972 real sec
step2 put 0x5000020028f0
step2 get 0x500002002a30
step3 0x5000020028f0
[M::process] read chunk (19660800 bytes/CG x 1 CGs, 19660800 bytes)...
[M::mem_process_seqs_merge2] CPE FASTQ formatting done
step1 0x500002003e30
slave pre done
now n is 103474
processed 103474
[M::mem_process_seqs_merge2] Processed 103474 reads in 6.560 CPU sec, 6.577 real sec
step2 put 0x500002002a30
step2 get 0x500002003d40
[M::process] read chunk (19660800 bytes/CG x 1 CGs, 19660800 bytes)...
step3 0x500002002a30
[M::mem_process_seqs_merge2] CPE FASTQ formatting done
step1 0x5000020028f0
slave pre done
now n is 103474
processed 103474
[M::mem_process_seqs_merge2] Processed 103474 reads in 6.540 CPU sec, 6.592 real sec
step2 put 0x500002003d40
step2 get 0x500002003d90
step3 0x500002003d40
[M::process] read chunk (19660800 bytes/CG x 1 CGs, 19660800 bytes)...
[M::mem_process_seqs_merge2] CPE FASTQ formatting done
step1 0x500002002a30
slave pre done
now n is 103474
processed 103474
[M::mem_process_seqs_merge2] Processed 103474 reads in 6.590 CPU sec, 6.610 real sec
step2 put 0x500002003d90
step2 get 0x500002003de0
[M::process] read chunk (19660800 bytes/CG x 1 CGs, 19660800 bytes)...
step3 0x500002003d90
[M::mem_process_seqs_merge2] CPE FASTQ formatting done
step1 0x500002003d40
slave pre done
now n is 103474
processed 103474
[M::mem_process_seqs_merge2] Processed 103474 reads in 6.940 CPU sec, 6.947 real sec
step2 put 0x500002003de0
step2 get 0x500002003e30
step3 0x500002003de0
[M::process] read chunk (19660800 bytes/CG x 1 CGs, 19660800 bytes)...
[M::mem_process_seqs_merge2] CPE FASTQ formatting done
step1 0x500002003d90
slave pre done
now n is 103474
processed 103474
[M::mem_process_seqs_merge2] Processed 103474 reads in 7.060 CPU sec, 7.074 real sec
step2 put 0x500002003e30
step2 get 0x5000020028f0
[M::process] read chunk (19660800 bytes/CG x 1 CGs, 19660800 bytes)...
step3 0x500002003e30
[M::mem_process_seqs_merge2] CPE FASTQ formatting done
step1 0x500002003de0
slave pre done
now n is 103474
processed 103474
[M::mem_process_seqs_merge2] Processed 103474 reads in 6.930 CPU sec, 6.972 real sec
step2 put 0x5000020028f0
step2 get 0x500002002a30
[M::process] read chunk (19660800 bytes/CG x 1 CGs, 19660800 bytes)...
step3 0x5000020028f0
[M::mem_process_seqs_merge2] CPE FASTQ formatting done
step1 0x500002003e30
slave pre done
now n is 103474
processed 103474
[M::mem_process_seqs_merge2] Processed 103474 reads in 6.560 CPU sec, 6.574 real sec
step2 put 0x500002002a30
step2 get 0x500002003d40
[M::process] read chunk (19660800 bytes/CG x 1 CGs, 19660800 bytes)...
step3 0x500002002a30
[M::mem_process_seqs_merge2] CPE FASTQ formatting done
step1 0x5000020028f0
slave pre done
now n is 103474
processed 103474
[M::mem_process_seqs_merge2] Processed 103474 reads in 6.790 CPU sec, 6.816 real sec
step2 put 0x500002003d40
step2 get 0x500002003d90
step3 0x500002003d40
[M::process] read chunk (19660800 bytes/CG x 1 CGs, 19660800 bytes)...
[M::mem_process_seqs_merge2] CPE FASTQ formatting done
step1 0x500002002a30
slave pre done
now n is 103474
processed 103474
[M::mem_process_seqs_merge2] Processed 103474 reads in 6.780 CPU sec, 6.822 real sec
step2 put 0x500002003d90
step2 get 0x500002003de0
[M::process] read chunk (19660800 bytes/CG x 1 CGs, 19660800 bytes)...
step3 0x500002003d90
[M::mem_process_seqs_merge2] CPE FASTQ formatting done
step1 0x500002003d40
slave pre done
now n is 103474
processed 103474
[M::mem_process_seqs_merge2] Processed 103474 reads in 6.600 CPU sec, 6.625 real sec
step2 put 0x500002003de0
step2 get 0x500002003e30
step3 0x500002003de0
[M::process] read chunk (19660800 bytes/CG x 1 CGs, 19660800 bytes)...
[M::mem_process_seqs_merge2] CPE FASTQ formatting done
step1 0x500002003d90
slave pre done
now n is 103474
processed 103474
[M::mem_process_seqs_merge2] Processed 103474 reads in 6.600 CPU sec, 6.675 real sec
step2 put 0x500002003e30
step2 get 0x5000020028f0
[M::process] read chunk (19660800 bytes/CG x 1 CGs, 19660800 bytes)...
step3 0x500002003e30
[M::mem_process_seqs_merge2] CPE FASTQ formatting done
step1 0x500002003de0
slave pre done
now n is 103474
processed 103474
[M::mem_process_seqs_merge2] Processed 103474 reads in 6.790 CPU sec, 6.839 real sec
step2 put 0x5000020028f0
step2 get 0x500002002a30
[M::process] read chunk (19660800 bytes/CG x 1 CGs, 19660800 bytes)...
step3 0x5000020028f0
[M::mem_process_seqs_merge2] CPE FASTQ formatting done
step1 0x500002003e30
slave pre done
now n is 103474
processed 103474
[M::mem_process_seqs_merge2] Processed 103474 reads in 6.640 CPU sec, 6.633 real sec
step2 put 0x500002002a30
step2 get 0x500002003d40
[M::process] read chunk (19660800 bytes/CG x 1 CGs, 19660800 bytes)...
step3 0x500002002a30
[M::mem_process_seqs_merge2] CPE FASTQ formatting done
step1 0x5000020028f0
slave pre done
now n is 103474
processed 103474
[M::mem_process_seqs_merge2] Processed 103474 reads in 6.930 CPU sec, 6.944 real sec
step2 put 0x500002003d40
step2 get 0x500002003d90
[M::process] read chunk (19660800 bytes/CG x 1 CGs, 19660800 bytes)...
step3 0x500002003d40
[M::mem_process_seqs_merge2] CPE FASTQ formatting done
step1 0x500002002a30
slave pre done
now n is 103474
processed 103474
[M::mem_process_seqs_merge2] Processed 103474 reads in 6.890 CPU sec, 6.896 real sec
step2 put 0x500002003d90
step2 get 0x500002003de0
[M::process] read chunk (19660800 bytes/CG x 1 CGs, 19660800 bytes)...
step3 0x500002003d90
[M::mem_process_seqs_merge2] CPE FASTQ formatting done
step1 0x500002003d40
slave pre done
now n is 103474
processed 103474
[M::mem_process_seqs_merge2] Processed 103474 reads in 6.530 CPU sec, 6.544 real sec
step2 put 0x500002003de0
step2 get 0x500002003e30
[M::process] read chunk (19660800 bytes/CG x 1 CGs, 19660800 bytes)...
step3 0x500002003de0
[M::mem_process_seqs_merge2] CPE FASTQ formatting done
step1 0x500002003d90
slave pre done
now n is 103474
processed 103474
[M::mem_process_seqs_merge2] Processed 103474 reads in 7.510 CPU sec, 7.551 real sec
step2 put 0x500002003e30
step2 get 0x5000020028f0
[M::process] read chunk (19660800 bytes/CG x 1 CGs, 19660800 bytes)...
step3 0x500002003e30
[M::mem_process_seqs_merge2] CPE FASTQ formatting done
step1 0x500002003de0
slave pre done
now n is 103474
processed 103474
[M::mem_process_seqs_merge2] Processed 103474 reads in 6.670 CPU sec, 6.671 real sec
step2 put 0x5000020028f0
step2 get 0x500002002a30
step3 0x5000020028f0
[M::process] read chunk (19660800 bytes/CG x 1 CGs, 19660800 bytes)...
[M::mem_process_seqs_merge2] CPE FASTQ formatting done
step1 0x500002003e30
slave pre done
now n is 103474
processed 103474
[M::mem_process_seqs_merge2] Processed 103474 reads in 6.370 CPU sec, 6.396 real sec
step2 put 0x500002002a30
step2 get 0x500002003d40
[M::process] read chunk (19660800 bytes/CG x 1 CGs, 19660800 bytes)...
step3 0x500002002a30
[M::mem_process_seqs_merge2] CPE FASTQ formatting done
step1 0x5000020028f0
slave pre done
now n is 103474
processed 103474
[M::mem_process_seqs_merge2] Processed 103474 reads in 6.600 CPU sec, 6.630 real sec
step2 put 0x500002003d40
step2 get 0x500002003d90
[M::process] read chunk (19660800 bytes/CG x 1 CGs, 19660800 bytes)...
step3 0x500002003d40
[M::mem_process_seqs_merge2] CPE FASTQ formatting done
step1 0x500002002a30
slave pre done
now n is 103474
processed 103474
[M::mem_process_seqs_merge2] Processed 103474 reads in 7.390 CPU sec, 7.395 real sec
step2 put 0x500002003d90
step2 get 0x500002003de0
step3 0x500002003d90
[M::process] read chunk (19660800 bytes/CG x 1 CGs, 19660800 bytes)...
[M::mem_process_seqs_merge2] CPE FASTQ formatting done
step1 0x500002003d40
slave pre done
now n is 103474
processed 103474
[M::mem_process_seqs_merge2] Processed 103474 reads in 6.600 CPU sec, 6.675 real sec
step2 put 0x500002003de0
step2 get 0x500002003e30
[M::process] read chunk (19660800 bytes/CG x 1 CGs, 19660800 bytes)...
step3 0x500002003de0
[M::mem_process_seqs_merge2] CPE FASTQ formatting done
step1 0x500002003d90
slave pre done
now n is 103474
processed 103474
[M::mem_process_seqs_merge2] Processed 103474 reads in 6.730 CPU sec, 6.779 real sec
step2 put 0x500002003e30
step2 get 0x5000020028f0
[M::process] read chunk (19660800 bytes/CG x 1 CGs, 19660800 bytes)...
step3 0x500002003e30
[M::mem_process_seqs_merge2] CPE FASTQ formatting done
step1 0x500002003de0
slave pre done
now n is 103474
processed 103474
[M::mem_process_seqs_merge2] Processed 103474 reads in 6.970 CPU sec, 6.987 real sec
step2 put 0x5000020028f0
step2 get 0x500002002a30
[M::process] read chunk (19660800 bytes/CG x 1 CGs, 19660800 bytes)...
step3 0x5000020028f0
[M::mem_process_seqs_merge2] CPE FASTQ formatting done
step1 0x500002003e30
slave pre done
now n is 103474
processed 103474
[M::mem_process_seqs_merge2] Processed 103474 reads in 6.680 CPU sec, 6.724 real sec
step2 put 0x500002002a30
step2 get 0x500002003d40
[M::process] read chunk (19660800 bytes/CG x 1 CGs, 19660800 bytes)...
step3 0x500002002a30
[M::mem_process_seqs_merge2] CPE FASTQ formatting done
step1 0x5000020028f0
slave pre done
now n is 103474
processed 103474
[M::mem_process_seqs_merge2] Processed 103474 reads in 6.610 CPU sec, 6.638 real sec
step2 put 0x500002003d40
step2 get 0x500002003d90
step3 0x500002003d40
[M::process] read chunk (19660800 bytes/CG x 1 CGs, 19660800 bytes)...
[M::mem_process_seqs_merge2] CPE FASTQ formatting done
step1 0x500002002a30
slave pre done
now n is 103474
processed 103474
[M::mem_process_seqs_merge2] Processed 103474 reads in 6.700 CPU sec, 6.702 real sec
step2 put 0x500002003d90
step2 get 0x500002003de0
step3 0x500002003d90
[M::process] read chunk (19660800 bytes/CG x 1 CGs, 19660800 bytes)...
[M::mem_process_seqs_merge2] CPE FASTQ formatting done
step1 0x500002003d40
slave pre done
now n is 103474
processed 103474
[M::mem_process_seqs_merge2] Processed 103474 reads in 6.580 CPU sec, 6.623 real sec
step2 put 0x500002003de0
step2 get 0x500002003e30
[M::process] read chunk (19660800 bytes/CG x 1 CGs, 19660800 bytes)...
step3 0x500002003de0
[M::mem_process_seqs_merge2] CPE FASTQ formatting done
step1 0x500002003d90
slave pre done
now n is 103474
processed 103474
[M::mem_process_seqs_merge2] Processed 103474 reads in 6.760 CPU sec, 6.792 real sec
step2 put 0x500002003e30
step2 get 0x5000020028f0
[M::process] read chunk (19660800 bytes/CG x 1 CGs, 19660800 bytes)...
step3 0x500002003e30
[M::mem_process_seqs_merge2] CPE FASTQ formatting done
step1 0x500002003de0
slave pre done
now n is 103474
processed 103474
[M::mem_process_seqs_merge2] Processed 103474 reads in 6.430 CPU sec, 6.423 real sec
step2 put 0x5000020028f0
step2 get 0x500002002a30
step3 0x5000020028f0
[M::process] read chunk (19660800 bytes/CG x 1 CGs, 19660800 bytes)...
[M::mem_process_seqs_merge2] CPE FASTQ formatting done
step1 0x500002003e30
slave pre done
now n is 103474
processed 103474
[M::mem_process_seqs_merge2] Processed 103474 reads in 6.640 CPU sec, 6.678 real sec
step2 put 0x500002002a30
step2 get 0x500002003d40
[M::process] read chunk (19660800 bytes/CG x 1 CGs, 19660800 bytes)...
step3 0x500002002a30
[M::mem_process_seqs_merge2] CPE FASTQ formatting done
step1 0x5000020028f0
slave pre done
now n is 103474
processed 103474
[M::mem_process_seqs_merge2] Processed 103474 reads in 6.890 CPU sec, 6.923 real sec
step2 put 0x500002003d40
step2 get 0x500002003d90
[M::process] read chunk (19660800 bytes/CG x 1 CGs, 19660800 bytes)...
step3 0x500002003d40
[M::mem_process_seqs_merge2] CPE FASTQ formatting done
step1 0x500002002a30
slave pre done
now n is 103474
processed 103474
[M::mem_process_seqs_merge2] Processed 103474 reads in 6.510 CPU sec, 6.517 real sec
step2 put 0x500002003d90
step2 get 0x500002003de0
step3 0x500002003d90
[M::process] read chunk (19660800 bytes/CG x 1 CGs, 19660800 bytes)...
[M::mem_process_seqs_merge2] CPE FASTQ formatting done
step1 0x500002003d40
slave pre done
now n is 103474
processed 103474
[M::mem_process_seqs_merge2] Processed 103474 reads in 6.680 CPU sec, 6.726 real sec
step2 put 0x500002003de0
step2 get 0x500002003e30
[M::process] read chunk (19660800 bytes/CG x 1 CGs, 19660800 bytes)...
step3 0x500002003de0
[M::mem_process_seqs_merge2] CPE FASTQ formatting done
step1 0x500002003d90
slave pre done
now n is 103474
processed 103474
[M::mem_process_seqs_merge2] Processed 103474 reads in 6.770 CPU sec, 6.804 real sec
step2 put 0x500002003e30
step2 get 0x5000020028f0
step3 0x500002003e30
[M::process] read chunk (19660800 bytes/CG x 1 CGs, 19660800 bytes)...
[M::mem_process_seqs_merge2] CPE FASTQ formatting done
step1 0x500002003de0
slave pre done
now n is 103474
processed 103474
[M::mem_process_seqs_merge2] Processed 103474 reads in 6.490 CPU sec, 6.521 real sec
step2 put 0x5000020028f0
step2 get 0x500002002a30
step3 0x5000020028f0
[M::process] read chunk (19660800 bytes/CG x 1 CGs, 19660800 bytes)...
[M::mem_process_seqs_merge2] CPE FASTQ formatting done
step1 0x500002003e30
slave pre done
now n is 103474
processed 103474
[M::mem_process_seqs_merge2] Processed 103474 reads in 6.750 CPU sec, 6.814 real sec
step2 put 0x500002002a30
step2 get 0x500002003d40
[M::process] read chunk (19660800 bytes/CG x 1 CGs, 19660800 bytes)...
step3 0x500002002a30
[M::mem_process_seqs_merge2] CPE FASTQ formatting done
step1 0x5000020028f0
slave pre done
now n is 103474
processed 103474
[M::mem_process_seqs_merge2] Processed 103474 reads in 6.830 CPU sec, 6.829 real sec
step2 put 0x500002003d40
step2 get 0x500002003d90
step3 0x500002003d40
[M::process] read chunk (19660800 bytes/CG x 1 CGs, 19660800 bytes)...
[M::mem_process_seqs_merge2] CPE FASTQ formatting done
step1 0x500002002a30
slave pre done
now n is 103474
processed 103474
[M::mem_process_seqs_merge2] Processed 103474 reads in 6.710 CPU sec, 6.764 real sec
step2 put 0x500002003d90
step2 get 0x500002003de0
[M::process] read chunk (19660800 bytes/CG x 1 CGs, 19660800 bytes)...
step3 0x500002003d90
[M::mem_process_seqs_merge2] CPE FASTQ formatting done
step1 0x500002003d40
slave pre done
now n is 103474
processed 103474
[M::mem_process_seqs_merge2] Processed 103474 reads in 6.970 CPU sec, 6.969 real sec
step2 put 0x500002003de0
step2 get 0x500002003e30
[M::process] read chunk (19660800 bytes/CG x 1 CGs, 19660800 bytes)...
step3 0x500002003de0
[M::mem_process_seqs_merge2] CPE FASTQ formatting done
step1 0x500002003d90
slave pre done
now n is 103474
processed 103474
[M::mem_process_seqs_merge2] Processed 103474 reads in 6.600 CPU sec, 6.612 real sec
step2 put 0x500002003e30
step2 get 0x5000020028f0
step3 0x500002003e30
[M::process] read chunk (19660800 bytes/CG x 1 CGs, 19660800 bytes)...
[M::mem_process_seqs_merge2] CPE FASTQ formatting done
step1 0x500002003de0
slave pre done
now n is 103474
processed 103474
[M::mem_process_seqs_merge2] Processed 103474 reads in 6.560 CPU sec, 6.648 real sec
step2 put 0x5000020028f0
step2 get 0x500002002a30
step3 0x5000020028f0
[M::process] read chunk (19660800 bytes/CG x 1 CGs, 19660800 bytes)...
[M::mem_process_seqs_merge2] CPE FASTQ formatting done
step1 0x500002003e30
slave pre done
now n is 103474
processed 103474
[M::mem_process_seqs_merge2] Processed 103474 reads in 6.710 CPU sec, 6.742 real sec
step2 put 0x500002002a30
step2 get 0x500002003d40
[M::process] read chunk (19660800 bytes/CG x 1 CGs, 19660800 bytes)...
step3 0x500002002a30
[M::mem_process_seqs_merge2] CPE FASTQ formatting done
step1 0x5000020028f0
slave pre done
now n is 103474
processed 103474
[M::mem_process_seqs_merge2] Processed 103474 reads in 6.800 CPU sec, 6.804 real sec
step2 put 0x500002003d40
step2 get 0x500002003d90
[M::process] read chunk (19660800 bytes/CG x 1 CGs, 19660800 bytes)...
step3 0x500002003d40
[M::mem_process_seqs_merge2] CPE FASTQ formatting done
step1 0x500002002a30
slave pre done
now n is 103474
processed 103474
[M::mem_process_seqs_merge2] Processed 103474 reads in 6.680 CPU sec, 6.715 real sec
step2 put 0x500002003d90
step2 get 0x500002003de0
[M::process] read chunk (19660800 bytes/CG x 1 CGs, 19660800 bytes)...
step3 0x500002003d90
[M::mem_process_seqs_merge2] CPE FASTQ formatting done
step1 0x500002003d40
slave pre done
now n is 103474
processed 103474
[M::mem_process_seqs_merge2] Processed 103474 reads in 6.630 CPU sec, 6.704 real sec
step2 put 0x500002003de0
step2 get 0x500002003e30
step3 0x500002003de0
[M::process] read chunk (19660800 bytes/CG x 1 CGs, 19660800 bytes)...
[M::mem_process_seqs_merge2] CPE FASTQ formatting done
step1 0x500002003d90
slave pre done
now n is 103474
processed 103474
[M::mem_process_seqs_merge2] Processed 103474 reads in 7.140 CPU sec, 7.136 real sec
step2 put 0x500002003e30
step2 get 0x5000020028f0
[M::process] read chunk (19660800 bytes/CG x 1 CGs, 19660800 bytes)...
step3 0x500002003e30
[M::mem_process_seqs_merge2] CPE FASTQ formatting done
step1 0x500002003de0
slave pre done
now n is 103474
processed 103474
[M::mem_process_seqs_merge2] Processed 103474 reads in 6.500 CPU sec, 6.598 real sec
step2 put 0x5000020028f0
step2 get 0x500002002a30
[M::process] read chunk (19660800 bytes/CG x 1 CGs, 19660800 bytes)...
step3 0x5000020028f0
[M::mem_process_seqs_merge2] CPE FASTQ formatting done
step1 0x500002003e30
slave pre done
now n is 103474
processed 103474
[M::mem_process_seqs_merge2] Processed 103474 reads in 6.770 CPU sec, 6.839 real sec
step2 put 0x500002002a30
step2 get 0x500002003d40
[M::process] read chunk (19660800 bytes/CG x 1 CGs, 19660800 bytes)...
step3 0x500002002a30
[M::mem_process_seqs_merge2] CPE FASTQ formatting done
step1 0x5000020028f0
slave pre done
now n is 103474
processed 103474
[M::mem_process_seqs_merge2] Processed 103474 reads in 6.790 CPU sec, 6.798 real sec
step2 put 0x500002003d40
step2 get 0x500002003d90
step3 0x500002003d40
[M::process] read chunk (19660800 bytes/CG x 1 CGs, 19660800 bytes)...
[M::mem_process_seqs_merge2] CPE FASTQ formatting done
step1 0x500002002a30
slave pre done
now n is 103474
processed 103474
[M::mem_process_seqs_merge2] Processed 103474 reads in 6.760 CPU sec, 6.810 real sec
step2 put 0x500002003d90
step2 get 0x500002003de0
[M::process] read chunk (19660800 bytes/CG x 1 CGs, 19660800 bytes)...
step3 0x500002003d90
[M::mem_process_seqs_merge2] CPE FASTQ formatting done
step1 0x500002003d40
slave pre done
now n is 103474
processed 103474
[M::mem_process_seqs_merge2] Processed 103474 reads in 6.880 CPU sec, 6.903 real sec
step2 put 0x500002003de0
step2 get 0x500002003e30
[M::process] read chunk (19660800 bytes/CG x 1 CGs, 19660800 bytes)...
step3 0x500002003de0
[M::mem_process_seqs_merge2] CPE FASTQ formatting done
step1 0x500002003d90
slave pre done
now n is 103474
processed 103474
[M::mem_process_seqs_merge2] Processed 103474 reads in 6.440 CPU sec, 6.440 real sec
step2 put 0x500002003e30
step2 get 0x5000020028f0
step3 0x500002003e30
[M::process] read chunk (19660800 bytes/CG x 1 CGs, 19660800 bytes)...
[M::mem_process_seqs_merge2] CPE FASTQ formatting done
step1 0x500002003de0
slave pre done
now n is 103474
processed 103474
[M::mem_process_seqs_merge2] Processed 103474 reads in 6.600 CPU sec, 6.622 real sec
step2 put 0x5000020028f0
step2 get 0x500002002a30
[M::process] read chunk (19660800 bytes/CG x 1 CGs, 19660800 bytes)...
step3 0x5000020028f0
[M::mem_process_seqs_merge2] CPE FASTQ formatting done
step1 0x500002003e30
slave pre done
now n is 103474
processed 103474
[M::mem_process_seqs_merge2] Processed 103474 reads in 6.700 CPU sec, 6.742 real sec
step2 put 0x500002002a30
step2 get 0x500002003d40
[M::process] read chunk (19660800 bytes/CG x 1 CGs, 19660800 bytes)...
step3 0x500002002a30
[M::mem_process_seqs_merge2] CPE FASTQ formatting done
step1 0x5000020028f0
slave pre done
now n is 103474
processed 103474
[M::mem_process_seqs_merge2] Processed 103474 reads in 6.550 CPU sec, 6.557 real sec
step2 put 0x500002003d40
step2 get 0x500002003d90
[M::process] read chunk (19660800 bytes/CG x 1 CGs, 19660800 bytes)...
step3 0x500002003d40
[M::mem_process_seqs_merge2] CPE FASTQ formatting done
step1 0x500002002a30
slave pre done
now n is 103474
processed 103474
[M::mem_process_seqs_merge2] Processed 103474 reads in 6.670 CPU sec, 6.742 real sec
step2 put 0x500002003d90
step2 get 0x500002003de0
[M::process] read chunk (19660800 bytes/CG x 1 CGs, 19660800 bytes)...
step3 0x500002003d90
[M::mem_process_seqs_merge2] CPE FASTQ formatting done
step1 0x500002003d40
slave pre done
now n is 103474
processed 103474
[M::mem_process_seqs_merge2] Processed 103474 reads in 6.510 CPU sec, 6.527 real sec
step2 put 0x500002003de0
step2 get 0x500002003e30
step3 0x500002003de0
[M::process] read chunk (19660800 bytes/CG x 1 CGs, 19660800 bytes)...
[M::mem_process_seqs_merge2] CPE FASTQ formatting done
step1 0x500002003d90
slave pre done
now n is 103474
processed 103474
[M::mem_process_seqs_merge2] Processed 103474 reads in 6.620 CPU sec, 6.693 real sec
step2 put 0x500002003e30
step2 get 0x5000020028f0
[M::process] read chunk (19660800 bytes/CG x 1 CGs, 19660800 bytes)...
step3 0x500002003e30
[M::mem_process_seqs_merge2] CPE FASTQ formatting done
step1 0x500002003de0
slave pre done
now n is 103474
processed 103474
[M::mem_process_seqs_merge2] Processed 103474 reads in 6.950 CPU sec, 6.966 real sec
step2 put 0x5000020028f0
step2 get 0x500002002a30
[M::process] read chunk (19660800 bytes/CG x 1 CGs, 19660800 bytes)...
step3 0x5000020028f0
[M::mem_process_seqs_merge2] CPE FASTQ formatting done
step1 0x500002003e30
slave pre done
now n is 103474
processed 103474
[M::mem_process_seqs_merge2] Processed 103474 reads in 6.770 CPU sec, 6.779 real sec
step2 put 0x500002002a30
step2 get 0x500002003d40
step3 0x500002002a30
[M::process] read chunk (19660800 bytes/CG x 1 CGs, 19660800 bytes)...
[M::mem_process_seqs_merge2] CPE FASTQ formatting done
step1 0x5000020028f0
slave pre done
now n is 103474
processed 103474
[M::mem_process_seqs_merge2] Processed 103474 reads in 6.480 CPU sec, 6.547 real sec
step2 put 0x500002003d40
step2 get 0x500002003d90
[M::process] read chunk (19660800 bytes/CG x 1 CGs, 19660800 bytes)...
step3 0x500002003d40
[M::mem_process_seqs_merge2] CPE FASTQ formatting done
step1 0x500002002a30
slave pre done
now n is 103474
processed 103474
[M::mem_process_seqs_merge2] Processed 103474 reads in 6.600 CPU sec, 6.641 real sec
step2 put 0x500002003d90
step2 get 0x500002003de0
[M::process] read chunk (19660800 bytes/CG x 1 CGs, 19660800 bytes)...
step3 0x500002003d90
[M::mem_process_seqs_merge2] CPE FASTQ formatting done
step1 0x500002003d40
slave pre done
now n is 103474
processed 103474
[M::mem_process_seqs_merge2] Processed 103474 reads in 6.360 CPU sec, 6.374 real sec
step2 put 0x500002003de0
step2 get 0x500002003e30
step3 0x500002003de0
[M::process] read chunk (19660800 bytes/CG x 1 CGs, 19660800 bytes)...
[M::mem_process_seqs_merge2] CPE FASTQ formatting done
step1 0x500002003d90
slave pre done
now n is 103474
processed 103474
[M::mem_process_seqs_merge2] Processed 103474 reads in 6.500 CPU sec, 6.545 real sec
step2 put 0x500002003e30
step2 get 0x5000020028f0
[M::process] read chunk (19660800 bytes/CG x 1 CGs, 19660800 bytes)...
step3 0x500002003e30
[M::mem_process_seqs_merge2] CPE FASTQ formatting done
step1 0x500002003de0
slave pre done
now n is 103474
processed 103474
[M::mem_process_seqs_merge2] Processed 103474 reads in 6.450 CPU sec, 6.484 real sec
step2 put 0x5000020028f0
step2 get 0x500002002a30
[M::process] read chunk (19660800 bytes/CG x 1 CGs, 19660800 bytes)...
step3 0x5000020028f0
[M::mem_process_seqs_merge2] CPE FASTQ formatting done
step1 0x500002003e30
slave pre done
now n is 103474
processed 103474
[M::mem_process_seqs_merge2] Processed 103474 reads in 6.750 CPU sec, 6.759 real sec
step2 put 0x500002002a30
step2 get 0x500002003d40
[M::process] read chunk (19660800 bytes/CG x 1 CGs, 19660800 bytes)...
step3 0x500002002a30
[M::mem_process_seqs_merge2] CPE FASTQ formatting done
step1 0x5000020028f0
slave pre done
now n is 103474
processed 103474
[M::mem_process_seqs_merge2] Processed 103474 reads in 6.880 CPU sec, 6.896 real sec
step2 put 0x500002003d40
step2 get 0x500002003d90
[M::process] read chunk (19660800 bytes/CG x 1 CGs, 19660800 bytes)...
step3 0x500002003d40
[M::mem_process_seqs_merge2] CPE FASTQ formatting done
step1 0x500002002a30
slave pre done
now n is 103474
processed 103474
[M::mem_process_seqs_merge2] Processed 103474 reads in 6.710 CPU sec, 6.755 real sec
step2 put 0x500002003d90
step2 get 0x500002003de0
[M::process] read chunk (19660800 bytes/CG x 1 CGs, 19660800 bytes)...
step3 0x500002003d90
[M::mem_process_seqs_merge2] CPE FASTQ formatting done
step1 0x500002003d40
slave pre done
now n is 103474
processed 103474
[M::mem_process_seqs_merge2] Processed 103474 reads in 6.890 CPU sec, 6.893 real sec
step2 put 0x500002003de0
step2 get 0x500002003e30
[M::process] read chunk (19660800 bytes/CG x 1 CGs, 19660800 bytes)...
step3 0x500002003de0
[M::mem_process_seqs_merge2] CPE FASTQ formatting done
step1 0x500002003d90
slave pre done
now n is 103474
processed 103474
[M::mem_process_seqs_merge2] Processed 103474 reads in 6.530 CPU sec, 6.549 real sec
step2 put 0x500002003e30
step2 get 0x5000020028f0
[M::process] read chunk (19660800 bytes/CG x 1 CGs, 19660800 bytes)...
step3 0x500002003e30
[M::mem_process_seqs_merge2] CPE FASTQ formatting done
step1 0x500002003de0
slave pre done
now n is 103474
processed 103474
[M::mem_process_seqs_merge2] Processed 103474 reads in 6.580 CPU sec, 6.592 real sec
step2 put 0x5000020028f0
step2 get 0x500002002a30
step3 0x5000020028f0
[M::process] read chunk (19660800 bytes/CG x 1 CGs, 19660800 bytes)...
[M::mem_process_seqs_merge2] CPE FASTQ formatting done
step1 0x500002003e30
slave pre done
now n is 103474
processed 103474
[M::mem_process_seqs_merge2] Processed 103474 reads in 6.850 CPU sec, 6.849 real sec
step2 put 0x500002002a30
step2 get 0x500002003d40
step3 0x500002002a30
[M::process] read chunk (19660800 bytes/CG x 1 CGs, 19660800 bytes)...
[M::mem_process_seqs_merge2] CPE FASTQ formatting done
step1 0x5000020028f0
slave pre done
now n is 103474
processed 103474
[M::mem_process_seqs_merge2] Processed 103474 reads in 6.550 CPU sec, 6.596 real sec
step2 put 0x500002003d40
step2 get 0x500002003d90
[M::process] read chunk (19660800 bytes/CG x 1 CGs, 1166984 bytes)...
step1 0x500002002a30
step3 0x500002003d40
[M::mem_process_seqs_merge2] CPE FASTQ formatting done
slave pre done
now n is 103474
processed 103474
[M::mem_process_seqs_merge2] Processed 103474 reads in 6.610 CPU sec, 6.627 real sec
step2 put 0x500002003d90
step2 get 0x500002003de0
step3 0x500002003d90
[M::mem_process_seqs_merge2] CPE FASTQ formatting done
slave pre done
now n is 103474
processed 103474
[M::mem_process_seqs_merge2] Processed 103474 reads in 6.890 CPU sec, 6.887 real sec
step2 put 0x500002003de0
step2 get 0x500002003e30
step3 0x500002003de0
[M::mem_process_seqs_merge2] CPE FASTQ formatting done
slave pre done
now n is 103474
processed 103474
[M::mem_process_seqs_merge2] Processed 103474 reads in 6.730 CPU sec, 6.753 real sec
step2 put 0x500002003e30
step2 get 0x5000020028f0
step3 0x500002003e30
[M::mem_process_seqs_merge2] CPE FASTQ formatting done
slave pre done
now n is 103474
processed 103474
[M::mem_process_seqs_merge2] Processed 103474 reads in 6.920 CPU sec, 6.915 real sec
step2 put 0x5000020028f0
step2 get 0x500002002a30
step3 0x5000020028f0
[M::mem_process_seqs_merge2] CPE FASTQ formatting done
slave pre done
now n is 6142
processed 6142
[M::mem_process_seqs_merge2] Processed 6142 reads in 1.220 CPU sec, 1.222 real sec
step2 put 0x500002002a30
step3 0x500002002a30

====================== SWBWA Output Debug =====================
  MPI rank: 000000 / 000001
  mode:     non-MPI POSIX
  path:     bigdata_results/single_system/no1/small_SRR7963242_PE.sam

  Output volume
    output buffer capacity                           67108864
    swbwa_output_write calls                        20000000
    submitted SAM bytes                           8434324786
    buffered flushes                                     126
    buffered flush bytes                          8434324786
    direct oversized writes                                0
    direct oversized bytes                                 0

  Buffering
    buffered flush total                       162.321296 s  (126 calls, 1288264.254 us/call)

  POSIX file writes
    write system calls                                    126
    write system-call bytes                        8434324786
    POSIX write system calls                   162.320879 s  (126 calls, 1288260.948 us/call)
    POSIX write effective bandwidth                49.554 MiB/s

  Output close timing
    POSIX close                                  0.000318 s  (1 calls,   317.552 us/call)
================================================================


======================= SWBWA Timing Report =======================
  Accumulated wall-clock time; indented rows are included in
  their parent row and must not be added to it.

  Pipeline
    total - complete three-stage pipeline                  1312.415 s
    stage 1 - allocate and read raw FASTQ blocks            139.816 s
    stage 2 - align reads and generate SAM records         1311.306 s
    stage 3 - write SAM and release batch data              216.941 s
      SAM output writes                                       197.400 s
      batch cleanup and loop overhead (derived)                19.541 s

  Stage 1 input details
    batches completed / stage calls                     194 / 195
    input-buffer and batch allocations                        0.002 s  (583 calls, max 0.000 s)
    aggregate requested allocation bytes           7591812560
    FASTQ fseeko calls                                        0.003 s  (388 calls, max 0.000 s)
    FASTQ fread calls                                       139.799 s  (388 calls, max 2.456 s)
    align chunk ends to FASTQ record boundaries               0.001 s  (386 calls, max 0.000 s)
    scheduler, checks and bookkeeping (derived)               0.011 s
    raw FASTQ bytes read                           7591402768  (7239.726 MiB)
    effective fread bandwidth                         51.787 MiB/s
    slowest allocation                                 0.000 s  (64 bytes)
    slowest fread                                      2.456 s  (R1 offset=924019844, bytes=19660800)

  Stage 2 worker details
    total - active merge worker                            1311.296 s
      part 1 - prepare CPE task and reusable buffers            6.030 s
      part 2 - CPE FASTQ formatting and input release           2.648 s
      part 3 - CPE alignment and SAM length pass             1298.787 s
      part 4 - assign slices in the shared SAM buffer           1.427 s
      part 5 - CPE SAM record generation                        2.389 s
      part 6 - release temporary worker data                    0.003 s

  Reserved allocator timers (no active timing sites)
    malloc timer                                              0.000 s
    free timer                                                0.000 s
===================================================================

[main] Version: 0.0.1
[main] CMD: ./SWBWA mem -v 4 -t 1 -o bigdata_results/single_system/no1/small_SRR7963242_PE.sam -I 170,80,500,1 ../data/GRCh38.d1.vd1.fa ../data/bwa_test_big_data/small_SRR7963242_1.fastq ../data/bwa_test_big_data/small_SRR7963242_2.fastq
