[M::main_mem] mean insert size: 170.000, stddev: 80.000, max: 500, min: 1
[CPE input] bytes_per_cg=19660800 cg_count=1 chunk_bytes=19660800 file_bytes=3536060312
malloc bwt->bwt 3107576584, 0x500002429500
malloc bwt->sa 1553788264, 0x5000bb7c7020
[M::bwa_idx_load_from_disk] read 0 ALT contigs
malloc pac 776894131, 0x500118228940
the input file is ../data/bwa_test_big_data/SRR2496709_1.fastq
the output file is bigdata_results/single_system/no1/SRR2496709_SE.sam
[M::process] read chunk (19660800 bytes/CG x 1 CGs, 19660800 bytes)...
step1 0x5000020029e0
[M::process] read chunk (19660800 bytes/CG x 1 CGs, 19660800 bytes)...
step2 get 0x5000020029e0
step1 0x5000020028f0
[M::process] read chunk (19660800 bytes/CG x 1 CGs, 19660800 bytes)...
step1 0x500002002a30
[M::process] read chunk (19660800 bytes/CG x 1 CGs, 19660800 bytes)...
step1 0x500002003e80
[M::process] read chunk (19660800 bytes/CG x 1 CGs, 19660800 bytes)...
step1 0x500002003ed0
[M::mem_process_seqs_merge2] CPE FASTQ formatting done
slave pre done
now n is 72442
processed 72442
[M::mem_process_seqs_merge2] Processed 72442 reads in 1.380 CPU sec, 1.381 real sec
step2 put 0x5000020029e0
step2 get 0x5000020028f0
step3 0x5000020029e0
[M::process] read chunk (19660800 bytes/CG x 1 CGs, 19660800 bytes)...
[M::mem_process_seqs_merge2] CPE FASTQ formatting done
step1 0x500002003f20
slave pre done
now n is 71631
processed 71631
[M::mem_process_seqs_merge2] Processed 71631 reads in 0.600 CPU sec, 0.604 real sec
step2 put 0x5000020028f0
step2 get 0x500002002a30
step3 0x5000020028f0
[M::process] read chunk (19660800 bytes/CG x 1 CGs, 19660800 bytes)...
[M::mem_process_seqs_merge2] CPE FASTQ formatting done
step1 0x5000020029e0
slave pre done
now n is 71232
processed 71232
[M::mem_process_seqs_merge2] Processed 71232 reads in 0.640 CPU sec, 0.637 real sec
step2 put 0x500002002a30
step2 get 0x500002003e80
[M::process] read chunk (19660800 bytes/CG x 1 CGs, 19660800 bytes)...
step3 0x500002002a30
[M::mem_process_seqs_merge2] CPE FASTQ formatting done
step1 0x5000020028f0
slave pre done
now n is 71232
processed 71232
[M::mem_process_seqs_merge2] Processed 71232 reads in 0.710 CPU sec, 0.715 real sec
step2 put 0x500002003e80
step2 get 0x500002003ed0
step3 0x500002003e80
[M::process] read chunk (19660800 bytes/CG x 1 CGs, 19660800 bytes)...
[M::mem_process_seqs_merge2] CPE FASTQ formatting done
step1 0x500002002a30
slave pre done
now n is 71232
processed 71232
[M::mem_process_seqs_merge2] Processed 71232 reads in 0.810 CPU sec, 0.808 real sec
step2 put 0x500002003ed0
step2 get 0x500002003f20
[M::process] read chunk (19660800 bytes/CG x 1 CGs, 19660800 bytes)...
[M::mem_process_seqs_merge2] CPE FASTQ formatting done
step1 0x500002003f70
step3 0x500002003ed0
slave pre done
now n is 71232
processed 71232
[M::mem_process_seqs_merge2] Processed 71232 reads in 0.810 CPU sec, 0.805 real sec
step2 put 0x500002003f20
step2 get 0x5000020029e0
[M::process] read chunk (19660800 bytes/CG x 1 CGs, 19660800 bytes)...
step3 0x500002003f20
[M::mem_process_seqs_merge2] CPE FASTQ formatting done
step1 0x500002003e80
slave pre done
now n is 71232
processed 71232
[M::mem_process_seqs_merge2] Processed 71232 reads in 0.810 CPU sec, 0.812 real sec
step2 put 0x5000020029e0
step2 get 0x5000020028f0
[M::process] read chunk (19660800 bytes/CG x 1 CGs, 19660800 bytes)...
[M::mem_process_seqs_merge2] CPE FASTQ formatting done
step1 0x500002003ed0
slave pre done
now n is 71232
processed 71232
[M::mem_process_seqs_merge2] Processed 71232 reads in 0.750 CPU sec, 0.760 real sec
step2 put 0x5000020028f0
step2 get 0x500002002a30
[M::process] read chunk (19660800 bytes/CG x 1 CGs, 19660800 bytes)...
[M::mem_process_seqs_merge2] CPE FASTQ formatting done
step1 0x500002003fc0
step3 0x5000020029e0
step3 0x5000020028f0
slave pre done
now n is 71232
processed 71232
[M::mem_process_seqs_merge2] Processed 71232 reads in 0.630 CPU sec, 0.630 real sec
step2 put 0x500002002a30
step2 get 0x500002003f70
[M::process] read chunk (19660800 bytes/CG x 1 CGs, 19660800 bytes)...
[M::mem_process_seqs_merge2] CPE FASTQ formatting done
step3 0x500002002a30
step1 0x5000020029e0
slave pre done
now n is 71232
processed 71232
[M::mem_process_seqs_merge2] Processed 71232 reads in 0.660 CPU sec, 0.660 real sec
step2 put 0x500002003f70
step2 get 0x500002003e80
[M::process] read chunk (19660800 bytes/CG x 1 CGs, 19660800 bytes)...
[M::mem_process_seqs_merge2] CPE FASTQ formatting done
step1 0x5000020028f0
slave pre done
now n is 71232
processed 71232
[M::mem_process_seqs_merge2] Processed 71232 reads in 0.600 CPU sec, 0.604 real sec
step2 put 0x500002003e80
step2 get 0x500002003ed0
[M::process] read chunk (19660800 bytes/CG x 1 CGs, 19660800 bytes)...
[M::mem_process_seqs_merge2] CPE FASTQ formatting done
step1 0x500002003f20
slave pre done
now n is 71232
processed 71232
[M::mem_process_seqs_merge2] Processed 71232 reads in 0.640 CPU sec, 0.648 real sec
step2 put 0x500002003ed0
step2 get 0x500002003fc0
[M::process] read chunk (19660800 bytes/CG x 1 CGs, 19660800 bytes)...
[M::mem_process_seqs_merge2] CPE FASTQ formatting done
step1 0x500002004010
step3 0x500002003f70
step3 0x500002003e80
slave pre done
now n is 71232
processed 71232
[M::mem_process_seqs_merge2] Processed 71232 reads in 0.710 CPU sec, 0.705 real sec
step2 put 0x500002003fc0
step2 get 0x5000020029e0
[M::process] read chunk (19660800 bytes/CG x 1 CGs, 19660800 bytes)...
[M::mem_process_seqs_merge2] CPE FASTQ formatting done
step3 0x500002003ed0
step3 0x500002003fc0
step1 0x500002003f70
slave pre done
now n is 71232
processed 71232
[M::mem_process_seqs_merge2] Processed 71232 reads in 0.800 CPU sec, 0.808 real sec
step2 put 0x5000020029e0
step2 get 0x5000020028f0
[M::process] read chunk (19660800 bytes/CG x 1 CGs, 19660800 bytes)...
[M::mem_process_seqs_merge2] CPE FASTQ formatting done
step1 0x500002003ed0
slave pre done
now n is 70230
processed 70230
[M::mem_process_seqs_merge2] Processed 70230 reads in 0.570 CPU sec, 0.563 real sec
step2 put 0x5000020028f0
step2 get 0x500002003f20
[M::process] read chunk (19660800 bytes/CG x 1 CGs, 19660800 bytes)...
[M::mem_process_seqs_merge2] CPE FASTQ formatting done
step1 0x500002003e80
step3 0x5000020029e0
step3 0x5000020028f0
slave pre done
now n is 70214
processed 70214
[M::mem_process_seqs_merge2] Processed 70214 reads in 1.660 CPU sec, 1.661 real sec
step2 put 0x500002003f20
step2 get 0x500002004010
step3 0x500002003f20
[M::process] read chunk (19660800 bytes/CG x 1 CGs, 19660800 bytes)...
[M::mem_process_seqs_merge2] CPE FASTQ formatting done
step1 0x5000020028f0
slave pre done
now n is 70214
processed 70214
[M::mem_process_seqs_merge2] Processed 70214 reads in 0.860 CPU sec, 0.866 real sec
step2 put 0x500002004010
step2 get 0x500002003f70
[M::process] read chunk (19660800 bytes/CG x 1 CGs, 19660800 bytes)...
[M::mem_process_seqs_merge2] CPE FASTQ formatting done
step1 0x5000020029e0
slave pre done
now n is 70214
processed 70214
[M::mem_process_seqs_merge2] Processed 70214 reads in 0.680 CPU sec, 0.673 real sec
step2 put 0x500002003f70
step2 get 0x500002003ed0
[M::mem_process_seqs_merge2] CPE FASTQ formatting done
[M::process] read chunk (19660800 bytes/CG x 1 CGs, 19660800 bytes)...
step1 0x500002003fc0
step3 0x500002004010
step3 0x500002003f70
slave pre done
now n is 70214
processed 70214
[M::mem_process_seqs_merge2] Processed 70214 reads in 0.720 CPU sec, 0.731 real sec
step2 put 0x500002003ed0
step2 get 0x500002003e80
[M::process] read chunk (19660800 bytes/CG x 1 CGs, 19660800 bytes)...
step3 0x500002003ed0
[M::mem_process_seqs_merge2] CPE FASTQ formatting done
step1 0x500002003f70
slave pre done
now n is 70214
processed 70214
[M::mem_process_seqs_merge2] Processed 70214 reads in 0.760 CPU sec, 0.760 real sec
step2 put 0x500002003e80
step2 get 0x5000020028f0
[M::process] read chunk (19660800 bytes/CG x 1 CGs, 19660800 bytes)...
[M::mem_process_seqs_merge2] CPE FASTQ formatting done
step1 0x500002004010
slave pre done
now n is 70214
processed 70214
[M::mem_process_seqs_merge2] Processed 70214 reads in 0.750 CPU sec, 0.758 real sec
step2 put 0x5000020028f0
step2 get 0x5000020029e0
[M::process] read chunk (19660800 bytes/CG x 1 CGs, 19660800 bytes)...
[M::mem_process_seqs_merge2] CPE FASTQ formatting done
step1 0x500002003f20
step3 0x500002003e80
step3 0x5000020028f0
slave pre done
now n is 70214
processed 70214
[M::mem_process_seqs_merge2] Processed 70214 reads in 0.770 CPU sec, 0.763 real sec
step2 put 0x5000020029e0
step2 get 0x500002003fc0
[M::process] read chunk (19660800 bytes/CG x 1 CGs, 19660800 bytes)...
step3 0x5000020029e0
[M::mem_process_seqs_merge2] CPE FASTQ formatting done
step1 0x5000020028f0
slave pre done
now n is 70214
processed 70214
[M::mem_process_seqs_merge2] Processed 70214 reads in 0.660 CPU sec, 0.667 real sec
step2 put 0x500002003fc0
step2 get 0x500002003f70
[M::process] read chunk (19660800 bytes/CG x 1 CGs, 19660800 bytes)...
[M::mem_process_seqs_merge2] CPE FASTQ formatting done
step1 0x500002003e80
slave pre done
now n is 70214
processed 70214
[M::mem_process_seqs_merge2] Processed 70214 reads in 0.660 CPU sec, 0.654 real sec
step2 put 0x500002003f70
step2 get 0x500002004010
[M::process] read chunk (19660800 bytes/CG x 1 CGs, 19660800 bytes)...
[M::mem_process_seqs_merge2] CPE FASTQ formatting done
step1 0x500002003ed0
step3 0x500002003fc0
slave pre done
now n is 70214
processed 70214
[M::mem_process_seqs_merge2] Processed 70214 reads in 0.660 CPU sec, 0.657 real sec
step2 put 0x500002004010
step2 get 0x500002003f20
[M::process] read chunk (19660800 bytes/CG x 1 CGs, 19660800 bytes)...
[M::mem_process_seqs_merge2] CPE FASTQ formatting done
step3 0x500002003f70
step1 0x5000020029e0
step3 0x500002004010
slave pre done
now n is 70214
processed 70214
[M::mem_process_seqs_merge2] Processed 70214 reads in 0.790 CPU sec, 0.794 real sec
step2 put 0x500002003f20
step2 get 0x5000020028f0
[M::process] read chunk (19660800 bytes/CG x 1 CGs, 19660800 bytes)...
step3 0x500002003f20
[M::mem_process_seqs_merge2] CPE FASTQ formatting done
step1 0x500002004010
slave pre done
now n is 70214
processed 70214
[M::mem_process_seqs_merge2] Processed 70214 reads in 0.790 CPU sec, 0.788 real sec
step2 put 0x5000020028f0
step2 get 0x500002003e80
[M::process] read chunk (19660800 bytes/CG x 1 CGs, 19660800 bytes)...
[M::mem_process_seqs_merge2] CPE FASTQ formatting done
step1 0x500002003f70
step3 0x5000020028f0
slave pre done
now n is 70214
processed 70214
[M::mem_process_seqs_merge2] Processed 70214 reads in 2.000 CPU sec, 2.007 real sec
step2 put 0x500002003e80
step2 get 0x500002003ed0
[M::process] read chunk (19660800 bytes/CG x 1 CGs, 19660800 bytes)...
step3 0x500002003e80
[M::mem_process_seqs_merge2] CPE FASTQ formatting done
step1 0x5000020028f0
slave pre done
now n is 70214
processed 70214
[M::mem_process_seqs_merge2] Processed 70214 reads in 0.710 CPU sec, 0.701 real sec
step2 put 0x500002003ed0
step2 get 0x5000020029e0
step3 0x500002003ed0
[M::process] read chunk (19660800 bytes/CG x 1 CGs, 19660800 bytes)...
[M::mem_process_seqs_merge2] CPE FASTQ formatting done
step1 0x500002003e80
slave pre done
now n is 70214
processed 70214
[M::mem_process_seqs_merge2] Processed 70214 reads in 0.780 CPU sec, 0.787 real sec
step2 put 0x5000020029e0
step2 get 0x500002004010
[M::process] read chunk (19660800 bytes/CG x 1 CGs, 19660800 bytes)...
[M::mem_process_seqs_merge2] CPE FASTQ formatting done
step1 0x500002003f20
slave pre done
now n is 70214
processed 70214
[M::mem_process_seqs_merge2] Processed 70214 reads in 0.660 CPU sec, 0.654 real sec
step2 put 0x500002004010
step2 get 0x500002003f70
[M::process] read chunk (19660800 bytes/CG x 1 CGs, 19660800 bytes)...
[M::mem_process_seqs_merge2] CPE FASTQ formatting done
step1 0x500002003fc0
step3 0x5000020029e0
step3 0x500002004010
slave pre done
now n is 70214
processed 70214
[M::mem_process_seqs_merge2] Processed 70214 reads in 0.820 CPU sec, 0.819 real sec
step2 put 0x500002003f70
step2 get 0x5000020028f0
[M::process] read chunk (19660800 bytes/CG x 1 CGs, 19660800 bytes)...
step3 0x500002003f70
[M::mem_process_seqs_merge2] CPE FASTQ formatting done
step1 0x500002004010
slave pre done
now n is 70214
processed 70214
[M::mem_process_seqs_merge2] Processed 70214 reads in 0.790 CPU sec, 0.797 real sec
step2 put 0x5000020028f0
step2 get 0x500002003e80
[M::process] read chunk (19660800 bytes/CG x 1 CGs, 19660800 bytes)...
[M::mem_process_seqs_merge2] CPE FASTQ formatting done
step1 0x5000020029e0
slave pre done
now n is 70214
processed 70214
[M::mem_process_seqs_merge2] Processed 70214 reads in 0.650 CPU sec, 0.643 real sec
step2 put 0x500002003e80
step2 get 0x500002003f20
[M::process] read chunk (19660800 bytes/CG x 1 CGs, 19660800 bytes)...
[M::mem_process_seqs_merge2] CPE FASTQ formatting done
step1 0x500002003ed0
step3 0x5000020028f0
step3 0x500002003e80
slave pre done
now n is 70214
processed 70214
[M::mem_process_seqs_merge2] Processed 70214 reads in 0.720 CPU sec, 0.725 real sec
step2 put 0x500002003f20
step2 get 0x500002003fc0
step3 0x500002003f20
[M::process] read chunk (19660800 bytes/CG x 1 CGs, 19660800 bytes)...
[M::mem_process_seqs_merge2] CPE FASTQ formatting done
step1 0x500002003e80
slave pre done
now n is 70214
processed 70214
[M::mem_process_seqs_merge2] Processed 70214 reads in 0.780 CPU sec, 0.781 real sec
step2 put 0x500002003fc0
step2 get 0x500002004010
[M::process] read chunk (19660800 bytes/CG x 1 CGs, 19660800 bytes)...
[M::mem_process_seqs_merge2] CPE FASTQ formatting done
step1 0x5000020028f0
slave pre done
now n is 70214
processed 70214
[M::mem_process_seqs_merge2] Processed 70214 reads in 0.640 CPU sec, 0.633 real sec
step2 put 0x500002004010
step2 get 0x5000020029e0
[M::process] read chunk (19660800 bytes/CG x 1 CGs, 19660800 bytes)...
[M::mem_process_seqs_merge2] CPE FASTQ formatting done
step1 0x500002003f70
step3 0x500002003fc0
step3 0x500002004010
slave pre done
now n is 70214
processed 70214
[M::mem_process_seqs_merge2] Processed 70214 reads in 0.890 CPU sec, 0.893 real sec
step2 put 0x5000020029e0
step2 get 0x500002003ed0
[M::process] read chunk (19660800 bytes/CG x 1 CGs, 19660800 bytes)...
step3 0x5000020029e0
[M::mem_process_seqs_merge2] CPE FASTQ formatting done
step1 0x500002004010
slave pre done
now n is 70214
processed 70214
[M::mem_process_seqs_merge2] Processed 70214 reads in 0.720 CPU sec, 0.726 real sec
step2 put 0x500002003ed0
step2 get 0x500002003e80
[M::process] read chunk (19660800 bytes/CG x 1 CGs, 19660800 bytes)...
step3 0x500002003ed0
[M::mem_process_seqs_merge2] CPE FASTQ formatting done
step1 0x5000020029e0
slave pre done
now n is 70214
processed 70214
[M::mem_process_seqs_merge2] Processed 70214 reads in 0.550 CPU sec, 0.543 real sec
step2 put 0x500002003e80
step2 get 0x5000020028f0
[M::process] read chunk (19660800 bytes/CG x 1 CGs, 19660800 bytes)...
[M::mem_process_seqs_merge2] CPE FASTQ formatting done
step1 0x500002003fc0
slave pre done
now n is 70214
processed 70214
[M::mem_process_seqs_merge2] Processed 70214 reads in 0.650 CPU sec, 0.649 real sec
step2 put 0x5000020028f0
step2 get 0x500002003f70
[M::process] read chunk (19660800 bytes/CG x 1 CGs, 19660800 bytes)...
[M::mem_process_seqs_merge2] CPE FASTQ formatting done
step1 0x500002003f20
step3 0x500002003e80
slave pre done
now n is 70214
processed 70214
[M::mem_process_seqs_merge2] Processed 70214 reads in 0.730 CPU sec, 0.729 real sec
step2 put 0x500002003f70
step2 get 0x500002004010
[M::process] read chunk (19660800 bytes/CG x 1 CGs, 19660800 bytes)...
[M::mem_process_seqs_merge2] CPE FASTQ formatting done
step3 0x5000020028f0
step1 0x500002003ed0
step3 0x500002003f70
slave pre done
now n is 70214
processed 70214
[M::mem_process_seqs_merge2] Processed 70214 reads in 0.810 CPU sec, 0.816 real sec
step2 put 0x500002004010
step2 get 0x5000020029e0
[M::process] read chunk (19660800 bytes/CG x 1 CGs, 19660800 bytes)...
[M::mem_process_seqs_merge2] CPE FASTQ formatting done
step1 0x5000020028f0
slave pre done
now n is 70214
processed 70214
[M::mem_process_seqs_merge2] Processed 70214 reads in 0.700 CPU sec, 0.697 real sec
step2 put 0x5000020029e0
step2 get 0x500002003fc0
[M::process] read chunk (19660800 bytes/CG x 1 CGs, 19660800 bytes)...
[M::mem_process_seqs_merge2] CPE FASTQ formatting done
step1 0x500002003e80
step3 0x500002004010
slave pre done
now n is 70214
processed 70214
[M::mem_process_seqs_merge2] Processed 70214 reads in 0.660 CPU sec, 0.656 real sec
step2 put 0x500002003fc0
step2 get 0x500002003f20
[M::process] read chunk (19660800 bytes/CG x 1 CGs, 19660800 bytes)...
[M::mem_process_seqs_merge2] CPE FASTQ formatting done
step3 0x5000020029e0
step1 0x500002003f70
step3 0x500002003fc0
slave pre done
now n is 70214
processed 70214
[M::mem_process_seqs_merge2] Processed 70214 reads in 0.860 CPU sec, 0.878 real sec
step2 put 0x500002003f20
step2 get 0x500002003ed0
[M::process] read chunk (19660800 bytes/CG x 1 CGs, 19660800 bytes)...
[M::mem_process_seqs_merge2] CPE FASTQ formatting done
step1 0x5000020029e0
slave pre done
now n is 70214
processed 70214
[M::mem_process_seqs_merge2] Processed 70214 reads in 0.590 CPU sec, 0.596 real sec
step2 put 0x500002003ed0
step2 get 0x5000020028f0
[M::process] read chunk (19660800 bytes/CG x 1 CGs, 19660800 bytes)...
[M::mem_process_seqs_merge2] CPE FASTQ formatting done
step1 0x500002004010
step3 0x500002003f20
slave pre done
now n is 70214
processed 70214
[M::mem_process_seqs_merge2] Processed 70214 reads in 0.770 CPU sec, 0.765 real sec
step2 put 0x5000020028f0
step2 get 0x500002003e80
[M::process] read chunk (19660800 bytes/CG x 1 CGs, 19660800 bytes)...
[M::mem_process_seqs_merge2] CPE FASTQ formatting done
step3 0x500002003ed0
step3 0x5000020028f0
step1 0x500002003fc0
slave pre done
now n is 70214
processed 70214
[M::mem_process_seqs_merge2] Processed 70214 reads in 0.910 CPU sec, 0.915 real sec
step2 put 0x500002003e80
step2 get 0x500002003f70
[M::process] read chunk (19660800 bytes/CG x 1 CGs, 19660800 bytes)...
[M::mem_process_seqs_merge2] CPE FASTQ formatting done
step1 0x500002003ed0
slave pre done
now n is 70214
processed 70214
[M::mem_process_seqs_merge2] Processed 70214 reads in 0.970 CPU sec, 0.962 real sec
step2 put 0x500002003f70
step2 get 0x5000020029e0
[M::process] read chunk (19660800 bytes/CG x 1 CGs, 19660800 bytes)...
[M::mem_process_seqs_merge2] CPE FASTQ formatting done
step3 0x500002003e80
step1 0x500002003f20
step3 0x500002003f70
slave pre done
now n is 70214
processed 70214
[M::mem_process_seqs_merge2] Processed 70214 reads in 0.690 CPU sec, 0.688 real sec
step2 put 0x5000020029e0
step2 get 0x500002004010
[M::process] read chunk (19660800 bytes/CG x 1 CGs, 19660800 bytes)...
step3 0x5000020029e0
[M::mem_process_seqs_merge2] CPE FASTQ formatting done
step1 0x500002003f70
slave pre done
now n is 70214
processed 70214
[M::mem_process_seqs_merge2] Processed 70214 reads in 0.870 CPU sec, 0.873 real sec
step2 put 0x500002004010
step2 get 0x500002003fc0
step3 0x500002004010
[M::process] read chunk (19660800 bytes/CG x 1 CGs, 19660800 bytes)...
[M::mem_process_seqs_merge2] CPE FASTQ formatting done
step1 0x5000020029e0
slave pre done
now n is 70214
processed 70214
[M::mem_process_seqs_merge2] Processed 70214 reads in 0.860 CPU sec, 0.861 real sec
step2 put 0x500002003fc0
step2 get 0x500002003ed0
[M::process] read chunk (19660800 bytes/CG x 1 CGs, 19660800 bytes)...
[M::mem_process_seqs_merge2] CPE FASTQ formatting done
step1 0x500002003e80
slave pre done
now n is 70214
processed 70214
[M::mem_process_seqs_merge2] Processed 70214 reads in 0.710 CPU sec, 0.707 real sec
step2 put 0x500002003ed0
step2 get 0x500002003f20
[M::process] read chunk (19660800 bytes/CG x 1 CGs, 19660800 bytes)...
[M::mem_process_seqs_merge2] CPE FASTQ formatting done
step3 0x500002003fc0
step1 0x5000020028f0
step3 0x500002003ed0
slave pre done
now n is 70214
processed 70214
[M::mem_process_seqs_merge2] Processed 70214 reads in 0.690 CPU sec, 0.691 real sec
step2 put 0x500002003f20
step2 get 0x500002003f70
[M::process] read chunk (19660800 bytes/CG x 1 CGs, 19660800 bytes)...
step3 0x500002003f20
[M::mem_process_seqs_merge2] CPE FASTQ formatting done
step1 0x500002003ed0
slave pre done
now n is 70214
processed 70214
[M::mem_process_seqs_merge2] Processed 70214 reads in 0.820 CPU sec, 0.822 real sec
step2 put 0x500002003f70
step2 get 0x5000020029e0
[M::process] read chunk (19660800 bytes/CG x 1 CGs, 19660800 bytes)...
[M::mem_process_seqs_merge2] CPE FASTQ formatting done
step1 0x500002003fc0
slave pre done
now n is 70214
processed 70214
[M::mem_process_seqs_merge2] Processed 70214 reads in 0.720 CPU sec, 0.725 real sec
step2 put 0x5000020029e0
step2 get 0x500002003e80
[M::process] read chunk (19660800 bytes/CG x 1 CGs, 19660800 bytes)...
[M::mem_process_seqs_merge2] CPE FASTQ formatting done
step3 0x500002003f70
step1 0x500002004010
step3 0x5000020029e0
slave pre done
now n is 70214
processed 70214
[M::mem_process_seqs_merge2] Processed 70214 reads in 0.770 CPU sec, 0.765 real sec
step2 put 0x500002003e80
step2 get 0x5000020028f0
[M::process] read chunk (19660800 bytes/CG x 1 CGs, 19660800 bytes)...
step3 0x500002003e80
[M::mem_process_seqs_merge2] CPE FASTQ formatting done
step1 0x5000020029e0
slave pre done
now n is 70214
processed 70214
[M::mem_process_seqs_merge2] Processed 70214 reads in 0.750 CPU sec, 0.750 real sec
step2 put 0x5000020028f0
step2 get 0x500002003ed0
[M::process] read chunk (19660800 bytes/CG x 1 CGs, 19660800 bytes)...
[M::mem_process_seqs_merge2] CPE FASTQ formatting done
step1 0x500002003f70
slave pre done
now n is 70214
processed 70214
[M::mem_process_seqs_merge2] Processed 70214 reads in 0.820 CPU sec, 0.822 real sec
step2 put 0x500002003ed0
step2 get 0x500002003fc0
[M::process] read chunk (19660800 bytes/CG x 1 CGs, 19660800 bytes)...
[M::mem_process_seqs_merge2] CPE FASTQ formatting done
step3 0x5000020028f0
step3 0x500002003ed0
step1 0x500002003f20
slave pre done
now n is 70214
processed 70214
[M::mem_process_seqs_merge2] Processed 70214 reads in 0.590 CPU sec, 0.591 real sec
step2 put 0x500002003fc0
step2 get 0x500002004010
step3 0x500002003fc0
[M::process] read chunk (19660800 bytes/CG x 1 CGs, 19660800 bytes)...
[M::mem_process_seqs_merge2] CPE FASTQ formatting done
step1 0x500002003ed0
slave pre done
now n is 70214
processed 70214
[M::mem_process_seqs_merge2] Processed 70214 reads in 0.790 CPU sec, 0.791 real sec
step2 put 0x500002004010
step2 get 0x5000020029e0
step3 0x500002004010
[M::process] read chunk (19660800 bytes/CG x 1 CGs, 19660800 bytes)...
[M::mem_process_seqs_merge2] CPE FASTQ formatting done
step1 0x500002003fc0
slave pre done
now n is 70214
processed 70214
[M::mem_process_seqs_merge2] Processed 70214 reads in 0.610 CPU sec, 0.612 real sec
step2 put 0x5000020029e0
step2 get 0x500002003f70
[M::process] read chunk (19660800 bytes/CG x 1 CGs, 19660800 bytes)...
[M::mem_process_seqs_merge2] CPE FASTQ formatting done
step1 0x5000020028f0
slave pre done
now n is 70214
processed 70214
[M::mem_process_seqs_merge2] Processed 70214 reads in 0.610 CPU sec, 0.607 real sec
step2 put 0x500002003f70
step2 get 0x500002003f20
[M::process] read chunk (19660800 bytes/CG x 1 CGs, 19660800 bytes)...
[M::mem_process_seqs_merge2] CPE FASTQ formatting done
step1 0x500002003e80
step3 0x5000020029e0
slave pre done
now n is 70214
processed 70214
[M::mem_process_seqs_merge2] Processed 70214 reads in 0.770 CPU sec, 0.764 real sec
step2 put 0x500002003f20
step2 get 0x500002003ed0
[M::process] read chunk (19660800 bytes/CG x 1 CGs, 19660800 bytes)...
step3 0x500002003f70
[M::mem_process_seqs_merge2] CPE FASTQ formatting done
step3 0x500002003f20
step1 0x500002004010
slave pre done
now n is 70214
processed 70214
[M::mem_process_seqs_merge2] Processed 70214 reads in 0.580 CPU sec, 0.585 real sec
step2 put 0x500002003ed0
step2 get 0x500002003fc0
[M::process] read chunk (19660800 bytes/CG x 1 CGs, 19660800 bytes)...
[M::mem_process_seqs_merge2] CPE FASTQ formatting done
step1 0x500002003f70
slave pre done
now n is 70214
processed 70214
[M::mem_process_seqs_merge2] Processed 70214 reads in 0.650 CPU sec, 0.646 real sec
step2 put 0x500002003fc0
step2 get 0x5000020028f0
[M::process] read chunk (19660800 bytes/CG x 1 CGs, 19660800 bytes)...
[M::mem_process_seqs_merge2] CPE FASTQ formatting done
step1 0x5000020029e0
step3 0x500002003ed0
slave pre done
now n is 70214
processed 70214
[M::mem_process_seqs_merge2] Processed 70214 reads in 0.830 CPU sec, 0.829 real sec
step2 put 0x5000020028f0
step2 get 0x500002003e80
[M::process] read chunk (19660800 bytes/CG x 1 CGs, 19660800 bytes)...
[M::mem_process_seqs_merge2] CPE FASTQ formatting done
step3 0x500002003fc0
step1 0x500002003f20
step3 0x5000020028f0
slave pre done
now n is 70214
processed 70214
[M::mem_process_seqs_merge2] Processed 70214 reads in 0.660 CPU sec, 0.667 real sec
step2 put 0x500002003e80
step2 get 0x500002004010
[M::process] read chunk (19660800 bytes/CG x 1 CGs, 19660800 bytes)...
[M::mem_process_seqs_merge2] CPE FASTQ formatting done
step1 0x500002003fc0
slave pre done
now n is 70214
processed 70214
[M::mem_process_seqs_merge2] Processed 70214 reads in 0.690 CPU sec, 0.683 real sec
step2 put 0x500002004010
step2 get 0x500002003f70
[M::process] read chunk (19660800 bytes/CG x 1 CGs, 19660800 bytes)...
[M::mem_process_seqs_merge2] CPE FASTQ formatting done
step1 0x500002003ed0
step3 0x500002003e80
step3 0x500002004010
slave pre done
now n is 70214
processed 70214
[M::mem_process_seqs_merge2] Processed 70214 reads in 1.010 CPU sec, 1.020 real sec
step2 put 0x500002003f70
step2 get 0x5000020029e0
[M::process] read chunk (19660800 bytes/CG x 1 CGs, 19660800 bytes)...
[M::mem_process_seqs_merge2] CPE FASTQ formatting done
step3 0x500002003f70
step1 0x500002003e80
slave pre done
now n is 70214
processed 70214
[M::mem_process_seqs_merge2] Processed 70214 reads in 0.630 CPU sec, 0.634 real sec
step2 put 0x5000020029e0
step2 get 0x500002003f20
step3 0x5000020029e0
[M::process] read chunk (19660800 bytes/CG x 1 CGs, 19660800 bytes)...
[M::mem_process_seqs_merge2] CPE FASTQ formatting done
step1 0x500002003f70
slave pre done
now n is 70214
processed 70214
[M::mem_process_seqs_merge2] Processed 70214 reads in 0.640 CPU sec, 0.646 real sec
step2 put 0x500002003f20
step2 get 0x500002003fc0
[M::process] read chunk (19660800 bytes/CG x 1 CGs, 19660800 bytes)...
[M::mem_process_seqs_merge2] CPE FASTQ formatting done
step1 0x500002004010
slave pre done
now n is 70214
processed 70214
[M::mem_process_seqs_merge2] Processed 70214 reads in 0.630 CPU sec, 0.628 real sec
step2 put 0x500002003fc0
step2 get 0x500002003ed0
[M::process] read chunk (19660800 bytes/CG x 1 CGs, 19660800 bytes)...
[M::mem_process_seqs_merge2] CPE FASTQ formatting done
step1 0x5000020028f0
slave pre done
now n is 70214
processed 70214
[M::mem_process_seqs_merge2] Processed 70214 reads in 0.640 CPU sec, 0.632 real sec
step2 put 0x500002003ed0
step2 get 0x500002003e80
[M::process] read chunk (19660800 bytes/CG x 1 CGs, 19660800 bytes)...
[M::mem_process_seqs_merge2] CPE FASTQ formatting done
step3 0x500002003f20
step1 0x500002002a30
step3 0x500002003fc0
step3 0x500002003ed0
slave pre done
now n is 70214
processed 70214
[M::mem_process_seqs_merge2] Processed 70214 reads in 0.760 CPU sec, 0.769 real sec
step2 put 0x500002003e80
step2 get 0x500002003f70
[M::process] read chunk (19660800 bytes/CG x 1 CGs, 19660800 bytes)...
[M::mem_process_seqs_merge2] CPE FASTQ formatting done
step1 0x500002003fc0
slave pre done
now n is 70214
processed 70214
[M::mem_process_seqs_merge2] Processed 70214 reads in 0.630 CPU sec, 0.626 real sec
step2 put 0x500002003f70
step2 get 0x500002004010
[M::process] read chunk (19660800 bytes/CG x 1 CGs, 19660800 bytes)...
[M::mem_process_seqs_merge2] CPE FASTQ formatting done
step1 0x500002003f20
slave pre done
now n is 70214
processed 70214
[M::mem_process_seqs_merge2] Processed 70214 reads in 0.670 CPU sec, 0.671 real sec
step2 put 0x500002004010
step2 get 0x5000020028f0
[M::process] read chunk (19660800 bytes/CG x 1 CGs, 19660800 bytes)...
[M::mem_process_seqs_merge2] CPE FASTQ formatting done
step1 0x5000020029e0
step3 0x500002003e80
step3 0x500002003f70
slave pre done
now n is 70214
processed 70214
[M::mem_process_seqs_merge2] Processed 70214 reads in 0.800 CPU sec, 0.795 real sec
step2 put 0x5000020028f0
step2 get 0x500002002a30
[M::process] read chunk (19660800 bytes/CG x 1 CGs, 19660800 bytes)...
[M::mem_process_seqs_merge2] CPE FASTQ formatting done
step3 0x500002004010
step1 0x500002003e80
slave pre done
now n is 70214
processed 70214
[M::mem_process_seqs_merge2] Processed 70214 reads in 0.870 CPU sec, 0.875 real sec
step2 put 0x500002002a30
step2 get 0x500002003fc0
[M::process] read chunk (19660800 bytes/CG x 1 CGs, 19660800 bytes)...
[M::mem_process_seqs_merge2] CPE FASTQ formatting done
step1 0x500002003f70
slave pre done
now n is 70214
processed 70214
[M::mem_process_seqs_merge2] Processed 70214 reads in 0.620 CPU sec, 0.621 real sec
step2 put 0x500002003fc0
step2 get 0x500002003f20
[M::process] read chunk (19660800 bytes/CG x 1 CGs, 19660800 bytes)...
[M::mem_process_seqs_merge2] CPE FASTQ formatting done
step3 0x5000020028f0
step1 0x500002003ed0
step3 0x500002002a30
step3 0x500002003fc0
slave pre done
now n is 70214
processed 70214
[M::mem_process_seqs_merge2] Processed 70214 reads in 1.860 CPU sec, 1.856 real sec
step2 put 0x500002003f20
step2 get 0x5000020029e0
[M::process] read chunk (19660800 bytes/CG x 1 CGs, 19660800 bytes)...
step3 0x500002003f20
[M::mem_process_seqs_merge2] CPE FASTQ formatting done
step1 0x500002003fc0
slave pre done
now n is 70214
processed 70214
[M::mem_process_seqs_merge2] Processed 70214 reads in 0.800 CPU sec, 0.798 real sec
step2 put 0x5000020029e0
step2 get 0x500002003e80
[M::process] read chunk (19660800 bytes/CG x 1 CGs, 19660800 bytes)...
[M::mem_process_seqs_merge2] CPE FASTQ formatting done
step1 0x500002002a30
slave pre done
now n is 70214
processed 70214
[M::mem_process_seqs_merge2] Processed 70214 reads in 0.700 CPU sec, 0.701 real sec
step2 put 0x500002003e80
step2 get 0x500002003f70
[M::process] read chunk (19660800 bytes/CG x 1 CGs, 19660800 bytes)...
[M::mem_process_seqs_merge2] CPE FASTQ formatting done
step1 0x5000020028f0
step3 0x5000020029e0
step3 0x500002003e80
slave pre done
now n is 70214
processed 70214
[M::mem_process_seqs_merge2] Processed 70214 reads in 0.780 CPU sec, 0.788 real sec
step2 put 0x500002003f70
step2 get 0x500002003ed0
step3 0x500002003f70
[M::process] read chunk (19660800 bytes/CG x 1 CGs, 19660800 bytes)...
[M::mem_process_seqs_merge2] CPE FASTQ formatting done
step1 0x500002003e80
slave pre done
now n is 70214
processed 70214
[M::mem_process_seqs_merge2] Processed 70214 reads in 0.780 CPU sec, 0.777 real sec
step2 put 0x500002003ed0
step2 get 0x500002003fc0
[M::process] read chunk (19660800 bytes/CG x 1 CGs, 19660800 bytes)...
[M::mem_process_seqs_merge2] CPE FASTQ formatting done
step1 0x5000020029e0
slave pre done
now n is 70214
processed 70214
[M::mem_process_seqs_merge2] Processed 70214 reads in 0.620 CPU sec, 0.621 real sec
step2 put 0x500002003fc0
step2 get 0x500002002a30
[M::process] read chunk (19660800 bytes/CG x 1 CGs, 19660800 bytes)...
[M::mem_process_seqs_merge2] CPE FASTQ formatting done
step3 0x500002003ed0
step1 0x500002003f20
step3 0x500002003fc0
slave pre done
now n is 70214
processed 70214
[M::mem_process_seqs_merge2] Processed 70214 reads in 0.700 CPU sec, 0.696 real sec
step2 put 0x500002002a30
step2 get 0x5000020028f0
step3 0x500002002a30
[M::process] read chunk (19660800 bytes/CG x 1 CGs, 19660800 bytes)...
[M::mem_process_seqs_merge2] CPE FASTQ formatting done
step1 0x500002003fc0
slave pre done
now n is 70214
processed 70214
[M::mem_process_seqs_merge2] Processed 70214 reads in 0.820 CPU sec, 0.826 real sec
step2 put 0x5000020028f0
step2 get 0x500002003e80
[M::process] read chunk (19660800 bytes/CG x 1 CGs, 19660800 bytes)...
[M::mem_process_seqs_merge2] CPE FASTQ formatting done
step1 0x500002003ed0
step3 0x5000020028f0
slave pre done
now n is 70214
processed 70214
[M::mem_process_seqs_merge2] Processed 70214 reads in 1.400 CPU sec, 1.400 real sec
step2 put 0x500002003e80
step2 get 0x5000020029e0
[M::process] read chunk (19660800 bytes/CG x 1 CGs, 19660800 bytes)...
step3 0x500002003e80
[M::mem_process_seqs_merge2] CPE FASTQ formatting done
step1 0x5000020028f0
slave pre done
now n is 70214
processed 70214
[M::mem_process_seqs_merge2] Processed 70214 reads in 0.870 CPU sec, 0.871 real sec
step2 put 0x5000020029e0
step2 get 0x500002003f20
[M::process] read chunk (19660800 bytes/CG x 1 CGs, 19660800 bytes)...
step3 0x5000020029e0
[M::mem_process_seqs_merge2] CPE FASTQ formatting done
step1 0x500002003e80
slave pre done
now n is 70214
processed 70214
[M::mem_process_seqs_merge2] Processed 70214 reads in 0.680 CPU sec, 0.678 real sec
step2 put 0x500002003f20
step2 get 0x500002003fc0
[M::process] read chunk (19660800 bytes/CG x 1 CGs, 19660800 bytes)...
[M::mem_process_seqs_merge2] CPE FASTQ formatting done
step1 0x500002002a30
slave pre done
now n is 70214
processed 70214
[M::mem_process_seqs_merge2] Processed 70214 reads in 0.600 CPU sec, 0.595 real sec
step2 put 0x500002003fc0
step2 get 0x500002003ed0
[M::mem_process_seqs_merge2] CPE FASTQ formatting done
[M::process] read chunk (19660800 bytes/CG x 1 CGs, 19660800 bytes)...
step1 0x500002003f70
step3 0x500002003f20
step3 0x500002003fc0
slave pre done
now n is 70214
processed 70214
[M::mem_process_seqs_merge2] Processed 70214 reads in 1.230 CPU sec, 1.232 real sec
step2 put 0x500002003ed0
step2 get 0x5000020028f0
step3 0x500002003ed0
[M::process] read chunk (19660800 bytes/CG x 1 CGs, 19660800 bytes)...
[M::mem_process_seqs_merge2] CPE FASTQ formatting done
step1 0x500002003fc0
slave pre done
now n is 70214
processed 70214
[M::mem_process_seqs_merge2] Processed 70214 reads in 0.700 CPU sec, 0.701 real sec
step2 put 0x5000020028f0
step2 get 0x500002003e80
[M::process] read chunk (19660800 bytes/CG x 1 CGs, 19660800 bytes)...
step3 0x5000020028f0
[M::mem_process_seqs_merge2] CPE FASTQ formatting done
step1 0x500002003ed0
slave pre done
now n is 70214
processed 70214
[M::mem_process_seqs_merge2] Processed 70214 reads in 0.650 CPU sec, 0.654 real sec
step2 put 0x500002003e80
step2 get 0x500002002a30
[M::process] read chunk (19660800 bytes/CG x 1 CGs, 19660800 bytes)...
[M::mem_process_seqs_merge2] CPE FASTQ formatting done
step1 0x500002003f20
slave pre done
now n is 70214
processed 70214
[M::mem_process_seqs_merge2] Processed 70214 reads in 0.780 CPU sec, 0.773 real sec
step2 put 0x500002002a30
step2 get 0x500002003f70
[M::process] read chunk (19660800 bytes/CG x 1 CGs, 19660800 bytes)...
[M::mem_process_seqs_merge2] CPE FASTQ formatting done
step3 0x500002003e80
step1 0x5000020029e0
step3 0x500002002a30
slave pre done
now n is 70214
processed 70214
[M::mem_process_seqs_merge2] Processed 70214 reads in 0.630 CPU sec, 0.628 real sec
step2 put 0x500002003f70
step2 get 0x500002003fc0
[M::process] read chunk (19660800 bytes/CG x 1 CGs, 19660800 bytes)...
step3 0x500002003f70
[M::mem_process_seqs_merge2] CPE FASTQ formatting done
step1 0x500002003e80
slave pre done
now n is 70214
processed 70214
[M::mem_process_seqs_merge2] Processed 70214 reads in 0.580 CPU sec, 0.581 real sec
step2 put 0x500002003fc0
step2 get 0x500002003ed0
[M::process] read chunk (19660800 bytes/CG x 1 CGs, 19660800 bytes)...
[M::mem_process_seqs_merge2] CPE FASTQ formatting done
step1 0x500002002a30
slave pre done
now n is 70214
processed 70214
[M::mem_process_seqs_merge2] Processed 70214 reads in 0.570 CPU sec, 0.575 real sec
step2 put 0x500002003ed0
step2 get 0x500002003f20
[M::process] read chunk (19660800 bytes/CG x 1 CGs, 19660800 bytes)...
[M::mem_process_seqs_merge2] CPE FASTQ formatting done
step1 0x5000020028f0
step3 0x500002003fc0
step3 0x500002003ed0
slave pre done
now n is 70214
processed 70214
[M::mem_process_seqs_merge2] Processed 70214 reads in 2.070 CPU sec, 2.067 real sec
step2 put 0x500002003f20
step2 get 0x5000020029e0
[M::process] read chunk (19660800 bytes/CG x 1 CGs, 19660800 bytes)...
step3 0x500002003f20
[M::mem_process_seqs_merge2] CPE FASTQ formatting done
step1 0x500002003ed0
slave pre done
now n is 70214
processed 70214
[M::mem_process_seqs_merge2] Processed 70214 reads in 0.560 CPU sec, 0.567 real sec
step2 put 0x5000020029e0
step2 get 0x500002003e80
[M::process] read chunk (19660800 bytes/CG x 1 CGs, 19660800 bytes)...
[M::mem_process_seqs_merge2] CPE FASTQ formatting done
step1 0x500002003fc0
slave pre done
now n is 70214
processed 70214
[M::mem_process_seqs_merge2] Processed 70214 reads in 0.750 CPU sec, 0.753 real sec
step2 put 0x500002003e80
step2 get 0x500002002a30
[M::process] read chunk (19660800 bytes/CG x 1 CGs, 19660800 bytes)...
[M::mem_process_seqs_merge2] CPE FASTQ formatting done
step1 0x500002003f70
step3 0x5000020029e0
step3 0x500002003e80
slave pre done
now n is 70214
processed 70214
[M::mem_process_seqs_merge2] Processed 70214 reads in 0.720 CPU sec, 0.727 real sec
step2 put 0x500002002a30
step2 get 0x5000020028f0
[M::process] read chunk (19660800 bytes/CG x 1 CGs, 19660800 bytes)...
[M::mem_process_seqs_merge2] CPE FASTQ formatting done
step3 0x500002002a30
step1 0x5000020029e0
slave pre done
now n is 70214
processed 70214
[M::mem_process_seqs_merge2] Processed 70214 reads in 0.930 CPU sec, 0.929 real sec
step2 put 0x5000020028f0
step2 get 0x500002003ed0
[M::process] read chunk (19660800 bytes/CG x 1 CGs, 19660800 bytes)...
step3 0x5000020028f0
[M::mem_process_seqs_merge2] CPE FASTQ formatting done
step1 0x500002002a30
slave pre done
now n is 70214
processed 70214
[M::mem_process_seqs_merge2] Processed 70214 reads in 0.620 CPU sec, 0.619 real sec
step2 put 0x500002003ed0
step2 get 0x500002003fc0
[M::process] read chunk (19660800 bytes/CG x 1 CGs, 19660800 bytes)...
[M::mem_process_seqs_merge2] CPE FASTQ formatting done
step1 0x500002003e80
slave pre done
now n is 70214
processed 70214
[M::mem_process_seqs_merge2] Processed 70214 reads in 0.770 CPU sec, 0.768 real sec
step2 put 0x500002003fc0
step2 get 0x500002003f70
[M::process] read chunk (19660800 bytes/CG x 1 CGs, 19660800 bytes)...
[M::mem_process_seqs_merge2] CPE FASTQ formatting done
step1 0x500002003f20
step3 0x500002003ed0
step3 0x500002003fc0
slave pre done
now n is 70214
processed 70214
[M::mem_process_seqs_merge2] Processed 70214 reads in 0.740 CPU sec, 0.735 real sec
step2 put 0x500002003f70
step2 get 0x5000020029e0
[M::process] read chunk (19660800 bytes/CG x 1 CGs, 19660800 bytes)...
step3 0x500002003f70
[M::mem_process_seqs_merge2] CPE FASTQ formatting done
step1 0x500002003ed0
slave pre done
now n is 70214
processed 70214
[M::mem_process_seqs_merge2] Processed 70214 reads in 1.240 CPU sec, 1.258 real sec
step2 put 0x5000020029e0
step2 get 0x500002002a30
[M::process] read chunk (19660800 bytes/CG x 1 CGs, 19660800 bytes)...
[M::mem_process_seqs_merge2] CPE FASTQ formatting done
step3 0x5000020029e0
step1 0x500002003fc0
slave pre done
now n is 70214
processed 70214
[M::mem_process_seqs_merge2] Processed 70214 reads in 0.650 CPU sec, 0.648 real sec
step2 put 0x500002002a30
step2 get 0x500002003e80
[M::process] read chunk (19660800 bytes/CG x 1 CGs, 19660800 bytes)...
step3 0x500002002a30
[M::mem_process_seqs_merge2] CPE FASTQ formatting done
step1 0x5000020029e0
slave pre done
now n is 70214
processed 70214
[M::mem_process_seqs_merge2] Processed 70214 reads in 0.720 CPU sec, 0.719 real sec
step2 put 0x500002003e80
step2 get 0x500002003f20
step3 0x500002003e80
[M::process] read chunk (19660800 bytes/CG x 1 CGs, 19660800 bytes)...
[M::mem_process_seqs_merge2] CPE FASTQ formatting done
step1 0x500002002a30
slave pre done
now n is 70214
processed 70214
[M::mem_process_seqs_merge2] Processed 70214 reads in 0.670 CPU sec, 0.666 real sec
step2 put 0x500002003f20
step2 get 0x500002003ed0
[M::mem_process_seqs_merge2] CPE FASTQ formatting done
[M::process] read chunk (19660800 bytes/CG x 1 CGs, 19660800 bytes)...
step1 0x500002003f70
slave pre done
now n is 70214
processed 70214
[M::mem_process_seqs_merge2] Processed 70214 reads in 0.670 CPU sec, 0.671 real sec
step2 put 0x500002003ed0
step2 get 0x500002003fc0
[M::process] read chunk (19660800 bytes/CG x 1 CGs, 19660800 bytes)...
[M::mem_process_seqs_merge2] CPE FASTQ formatting done
step1 0x5000020028f0
step3 0x500002003f20
step3 0x500002003ed0
slave pre done
now n is 70214
processed 70214
[M::mem_process_seqs_merge2] Processed 70214 reads in 0.720 CPU sec, 0.718 real sec
step2 put 0x500002003fc0
step2 get 0x5000020029e0
[M::process] read chunk (19660800 bytes/CG x 1 CGs, 19660800 bytes)...
step3 0x500002003fc0
[M::mem_process_seqs_merge2] CPE FASTQ formatting done
step1 0x500002003f20
slave pre done
now n is 70214
processed 70214
[M::mem_process_seqs_merge2] Processed 70214 reads in 0.590 CPU sec, 0.597 real sec
step2 put 0x5000020029e0
step2 get 0x500002002a30
[M::process] read chunk (19660800 bytes/CG x 1 CGs, 19660800 bytes)...
step3 0x5000020029e0
[M::mem_process_seqs_merge2] CPE FASTQ formatting done
step1 0x500002003fc0
slave pre done
now n is 70214
processed 70214
[M::mem_process_seqs_merge2] Processed 70214 reads in 0.710 CPU sec, 0.703 real sec
step2 put 0x500002002a30
step2 get 0x500002003f70
[M::process] read chunk (19660800 bytes/CG x 1 CGs, 19660800 bytes)...
[M::mem_process_seqs_merge2] CPE FASTQ formatting done
step1 0x500002003ed0
slave pre done
now n is 70214
processed 70214
[M::mem_process_seqs_merge2] Processed 70214 reads in 0.700 CPU sec, 0.707 real sec
step2 put 0x500002003f70
step2 get 0x5000020028f0
[M::process] read chunk (19660800 bytes/CG x 1 CGs, 19660800 bytes)...
[M::mem_process_seqs_merge2] CPE FASTQ formatting done
step1 0x500002003e80
step3 0x500002002a30
step3 0x500002003f70
slave pre done
now n is 70214
processed 70214
[M::mem_process_seqs_merge2] Processed 70214 reads in 0.730 CPU sec, 0.723 real sec
step2 put 0x5000020028f0
step2 get 0x500002003f20
step3 0x5000020028f0
[M::process] read chunk (19660800 bytes/CG x 1 CGs, 19660800 bytes)...
[M::mem_process_seqs_merge2] CPE FASTQ formatting done
step1 0x500002002a30
slave pre done
now n is 70214
processed 70214
[M::mem_process_seqs_merge2] Processed 70214 reads in 0.650 CPU sec, 0.651 real sec
step2 put 0x500002003f20
step2 get 0x500002003fc0
[M::process] read chunk (19660800 bytes/CG x 1 CGs, 19660800 bytes)...
[M::mem_process_seqs_merge2] CPE FASTQ formatting done
step1 0x500002003f70
slave pre done
now n is 70214
processed 70214
[M::mem_process_seqs_merge2] Processed 70214 reads in 0.730 CPU sec, 0.735 real sec
step2 put 0x500002003fc0
step2 get 0x500002003ed0
[M::process] read chunk (19660800 bytes/CG x 1 CGs, 19660800 bytes)...
[M::mem_process_seqs_merge2] CPE FASTQ formatting done
step1 0x5000020029e0
step3 0x500002003f20
step3 0x500002003fc0
slave pre done
now n is 70214
processed 70214
[M::mem_process_seqs_merge2] Processed 70214 reads in 0.790 CPU sec, 0.790 real sec
step2 put 0x500002003ed0
step2 get 0x500002003e80
[M::process] read chunk (19660800 bytes/CG x 1 CGs, 19660800 bytes)...
step3 0x500002003ed0
[M::mem_process_seqs_merge2] CPE FASTQ formatting done
step1 0x500002003fc0
slave pre done
now n is 70214
processed 70214
[M::mem_process_seqs_merge2] Processed 70214 reads in 0.610 CPU sec, 0.609 real sec
step2 put 0x500002003e80
step2 get 0x500002002a30
[M::process] read chunk (19660800 bytes/CG x 1 CGs, 19660800 bytes)...
[M::mem_process_seqs_merge2] CPE FASTQ formatting done
step1 0x500002003f20
slave pre done
now n is 70214
processed 70214
[M::mem_process_seqs_merge2] Processed 70214 reads in 0.600 CPU sec, 0.597 real sec
step2 put 0x500002002a30
step2 get 0x500002003f70
[M::process] read chunk (19660800 bytes/CG x 1 CGs, 19660800 bytes)...
[M::mem_process_seqs_merge2] CPE FASTQ formatting done
step1 0x5000020028f0
step3 0x500002003e80
slave pre done
now n is 70214
processed 70214
[M::mem_process_seqs_merge2] Processed 70214 reads in 0.650 CPU sec, 0.649 real sec
step2 put 0x500002003f70
step2 get 0x5000020029e0
[M::process] read chunk (19660800 bytes/CG x 1 CGs, 19660800 bytes)...
[M::mem_process_seqs_merge2] CPE FASTQ formatting done
step3 0x500002002a30
step1 0x500002003ed0
step3 0x500002003f70
slave pre done
now n is 70214
processed 70214
[M::mem_process_seqs_merge2] Processed 70214 reads in 0.650 CPU sec, 0.653 real sec
step2 put 0x5000020029e0
step2 get 0x500002003fc0
[M::process] read chunk (19660800 bytes/CG x 1 CGs, 19660800 bytes)...
[M::mem_process_seqs_merge2] CPE FASTQ formatting done
step1 0x500002002a30
slave pre done
now n is 70214
processed 70214
[M::mem_process_seqs_merge2] Processed 70214 reads in 0.570 CPU sec, 0.574 real sec
step2 put 0x500002003fc0
step2 get 0x500002003f20
[M::process] read chunk (19660800 bytes/CG x 1 CGs, 19660800 bytes)...
[M::mem_process_seqs_merge2] CPE FASTQ formatting done
step1 0x500002003e80
slave pre done
now n is 70214
processed 70214
[M::mem_process_seqs_merge2] Processed 70214 reads in 0.900 CPU sec, 0.912 real sec
step2 put 0x500002003f20
step2 get 0x5000020028f0
step3 0x5000020029e0
[M::process] read chunk (19660800 bytes/CG x 1 CGs, 19660800 bytes)...
[M::mem_process_seqs_merge2] CPE FASTQ formatting done
step1 0x500002004010
step3 0x500002003fc0
step3 0x500002003f20
slave pre done
now n is 70214
processed 70214
[M::mem_process_seqs_merge2] Processed 70214 reads in 0.640 CPU sec, 0.641 real sec
step2 put 0x5000020028f0
step2 get 0x500002003ed0
step3 0x5000020028f0
[M::process] read chunk (19660800 bytes/CG x 1 CGs, 19660800 bytes)...
[M::mem_process_seqs_merge2] CPE FASTQ formatting done
step1 0x500002003fc0
slave pre done
now n is 70214
processed 70214
[M::mem_process_seqs_merge2] Processed 70214 reads in 0.730 CPU sec, 0.736 real sec
step2 put 0x500002003ed0
step2 get 0x500002002a30
[M::process] read chunk (19660800 bytes/CG x 1 CGs, 19660800 bytes)...
[M::mem_process_seqs_merge2] CPE FASTQ formatting done
step1 0x500002003f20
slave pre done
now n is 70214
processed 70214
[M::mem_process_seqs_merge2] Processed 70214 reads in 0.630 CPU sec, 0.625 real sec
step2 put 0x500002002a30
step2 get 0x500002003e80
[M::process] read chunk (19660800 bytes/CG x 1 CGs, 19660800 bytes)...
[M::mem_process_seqs_merge2] CPE FASTQ formatting done
step1 0x5000020029e0
step3 0x500002003ed0
step3 0x500002002a30
slave pre done
now n is 70214
processed 70214
[M::mem_process_seqs_merge2] Processed 70214 reads in 0.660 CPU sec, 0.658 real sec
step2 put 0x500002003e80
step2 get 0x500002004010
[M::process] read chunk (19660800 bytes/CG x 1 CGs, 19660800 bytes)...
[M::mem_process_seqs_merge2] CPE FASTQ formatting done
step3 0x500002003e80
step1 0x500002003ed0
slave pre done
now n is 70214
processed 70214
[M::mem_process_seqs_merge2] Processed 70214 reads in 0.650 CPU sec, 0.656 real sec
step2 put 0x500002004010
step2 get 0x500002003fc0
[M::process] read chunk (19660800 bytes/CG x 1 CGs, 19660800 bytes)...
[M::mem_process_seqs_merge2] CPE FASTQ formatting done
step1 0x500002002a30
slave pre done
now n is 70214
processed 70214
[M::mem_process_seqs_merge2] Processed 70214 reads in 0.570 CPU sec, 0.570 real sec
step2 put 0x500002003fc0
step2 get 0x500002003f20
[M::process] read chunk (19660800 bytes/CG x 1 CGs, 19660800 bytes)...
[M::mem_process_seqs_merge2] CPE FASTQ formatting done
step1 0x5000020028f0
slave pre done
now n is 70214
processed 70214
[M::mem_process_seqs_merge2] Processed 70214 reads in 0.630 CPU sec, 0.631 real sec
step2 put 0x500002003f20
step2 get 0x5000020029e0
[M::process] read chunk (19660800 bytes/CG x 1 CGs, 19660800 bytes)...
[M::mem_process_seqs_merge2] CPE FASTQ formatting done
step3 0x500002004010
step1 0x500002003f70
step3 0x500002003fc0
step3 0x500002003f20
slave pre done
now n is 70214
processed 70214
[M::mem_process_seqs_merge2] Processed 70214 reads in 0.920 CPU sec, 0.913 real sec
step2 put 0x5000020029e0
step2 get 0x500002003ed0
[M::process] read chunk (19660800 bytes/CG x 1 CGs, 19660800 bytes)...
[M::mem_process_seqs_merge2] CPE FASTQ formatting done
step1 0x500002003fc0
slave pre done
now n is 70214
processed 70214
[M::mem_process_seqs_merge2] Processed 70214 reads in 0.720 CPU sec, 0.721 real sec
step2 put 0x500002003ed0
step2 get 0x500002002a30
[M::process] read chunk (19660800 bytes/CG x 1 CGs, 19660800 bytes)...
[M::mem_process_seqs_merge2] CPE FASTQ formatting done
step1 0x500002004010
step3 0x5000020029e0
step3 0x500002003ed0
slave pre done
now n is 70214
processed 70214
[M::mem_process_seqs_merge2] Processed 70214 reads in 0.890 CPU sec, 0.887 real sec
step2 put 0x500002002a30
step2 get 0x5000020028f0
[M::process] read chunk (19660800 bytes/CG x 1 CGs, 19660800 bytes)...
[M::mem_process_seqs_merge2] CPE FASTQ formatting done
step3 0x500002002a30
step1 0x5000020029e0
slave pre done
now n is 70214
processed 70214
[M::mem_process_seqs_merge2] Processed 70214 reads in 0.960 CPU sec, 0.978 real sec
step2 put 0x5000020028f0
step2 get 0x500002003f70
step3 0x5000020028f0
[M::process] read chunk (19660800 bytes/CG x 1 CGs, 19660800 bytes)...
[M::mem_process_seqs_merge2] CPE FASTQ formatting done
step1 0x500002002a30
slave pre done
now n is 70214
processed 70214
[M::mem_process_seqs_merge2] Processed 70214 reads in 0.850 CPU sec, 0.848 real sec
step2 put 0x500002003f70
step2 get 0x500002003fc0
[M::process] read chunk (19660800 bytes/CG x 1 CGs, 19660800 bytes)...
[M::mem_process_seqs_merge2] CPE FASTQ formatting done
step1 0x500002003ed0
step3 0x500002003f70
slave pre done
now n is 70214
processed 70214
[M::mem_process_seqs_merge2] Processed 70214 reads in 0.900 CPU sec, 0.894 real sec
step2 put 0x500002003fc0
step2 get 0x500002004010
[M::process] read chunk (19660800 bytes/CG x 1 CGs, 19660800 bytes)...
[M::mem_process_seqs_merge2] CPE FASTQ formatting done
step3 0x500002003fc0
step1 0x5000020028f0
slave pre done
now n is 70214
processed 70214
[M::mem_process_seqs_merge2] Processed 70214 reads in 0.870 CPU sec, 0.879 real sec
step2 put 0x500002004010
step2 get 0x5000020029e0
[M::process] read chunk (19660800 bytes/CG x 1 CGs, 19660800 bytes)...
step3 0x500002004010
[M::mem_process_seqs_merge2] CPE FASTQ formatting done
step1 0x500002003fc0
slave pre done
now n is 70214
processed 70214
[M::mem_process_seqs_merge2] Processed 70214 reads in 0.600 CPU sec, 0.595 real sec
step2 put 0x5000020029e0
step2 get 0x500002002a30
[M::process] read chunk (19660800 bytes/CG x 1 CGs, 19660800 bytes)...
[M::mem_process_seqs_merge2] CPE FASTQ formatting done
step1 0x500002003f70
slave pre done
now n is 69419
processed 69419
[M::mem_process_seqs_merge2] Processed 69419 reads in 0.550 CPU sec, 0.550 real sec
step2 put 0x500002002a30
step2 get 0x500002003ed0
[M::process] read chunk (19660800 bytes/CG x 1 CGs, 19660800 bytes)...
[M::mem_process_seqs_merge2] CPE FASTQ formatting done
step1 0x500002003f20
step3 0x5000020029e0
slave pre done
now n is 69225
processed 69225
[M::mem_process_seqs_merge2] Processed 69225 reads in 0.750 CPU sec, 0.746 real sec
step2 put 0x500002003ed0
step2 get 0x5000020028f0
[M::process] read chunk (19660800 bytes/CG x 1 CGs, 19660800 bytes)...
[M::mem_process_seqs_merge2] CPE FASTQ formatting done
step3 0x500002002a30
step1 0x500002004010
step3 0x500002003ed0
slave pre done
now n is 69225
processed 69225
[M::mem_process_seqs_merge2] Processed 69225 reads in 0.770 CPU sec, 0.771 real sec
step2 put 0x5000020028f0
step2 get 0x500002003fc0
[M::process] read chunk (19660800 bytes/CG x 1 CGs, 19660800 bytes)...
[M::mem_process_seqs_merge2] CPE FASTQ formatting done
step1 0x500002002a30
slave pre done
now n is 69225
processed 69225
[M::mem_process_seqs_merge2] Processed 69225 reads in 0.600 CPU sec, 0.618 real sec
step2 put 0x500002003fc0
step2 get 0x500002003f70
[M::process] read chunk (19660800 bytes/CG x 1 CGs, 19660800 bytes)...
[M::mem_process_seqs_merge2] CPE FASTQ formatting done
step1 0x5000020029e0
slave pre done
now n is 69225
processed 69225
[M::mem_process_seqs_merge2] Processed 69225 reads in 0.650 CPU sec, 0.641 real sec
step2 put 0x500002003f70
step2 get 0x500002003f20
[M::process] read chunk (19660800 bytes/CG x 1 CGs, 19660800 bytes)...
[M::mem_process_seqs_merge2] CPE FASTQ formatting done
step3 0x5000020028f0
step3 0x500002003fc0
step1 0x500002003e80
slave pre done
now n is 69225
step3 0x500002003f70
processed 69225
[M::mem_process_seqs_merge2] Processed 69225 reads in 0.560 CPU sec, 0.570 real sec
step2 put 0x500002003f20
step2 get 0x500002004010
[M::process] read chunk (19660800 bytes/CG x 1 CGs, 19660800 bytes)...
[M::mem_process_seqs_merge2] CPE FASTQ formatting done
step1 0x500002003fc0
slave pre done
now n is 69225
processed 69225
[M::mem_process_seqs_merge2] Processed 69225 reads in 0.610 CPU sec, 0.602 real sec
step2 put 0x500002004010
step2 get 0x500002002a30
[M::process] read chunk (19660800 bytes/CG x 1 CGs, 19660800 bytes)...
[M::mem_process_seqs_merge2] CPE FASTQ formatting done
step1 0x5000020028f0
slave pre done
now n is 69225
processed 69225
[M::mem_process_seqs_merge2] Processed 69225 reads in 0.620 CPU sec, 0.625 real sec
step2 put 0x500002002a30
step2 get 0x5000020029e0
[M::process] read chunk (19660800 bytes/CG x 1 CGs, 19660800 bytes)...
[M::mem_process_seqs_merge2] CPE FASTQ formatting done
step1 0x500002003ed0
step3 0x500002003f20
step3 0x500002004010
slave pre done
now n is 69225
processed 69225
[M::mem_process_seqs_merge2] Processed 69225 reads in 0.630 CPU sec, 0.634 real sec
step2 put 0x5000020029e0
step2 get 0x500002003e80
[M::process] read chunk (19660800 bytes/CG x 1 CGs, 19660800 bytes)...
[M::mem_process_seqs_merge2] CPE FASTQ formatting done
step3 0x500002002a30
step1 0x500002003f20
step3 0x5000020029e0
slave pre done
now n is 69225
processed 69225
[M::mem_process_seqs_merge2] Processed 69225 reads in 0.870 CPU sec, 0.877 real sec
step2 put 0x500002003e80
step2 get 0x500002003fc0
[M::process] read chunk (19660800 bytes/CG x 1 CGs, 19660800 bytes)...
[M::mem_process_seqs_merge2] CPE FASTQ formatting done
step1 0x500002002a30
step3 0x500002003e80
slave pre done
now n is 69225
processed 69225
[M::mem_process_seqs_merge2] Processed 69225 reads in 1.050 CPU sec, 1.043 real sec
step2 put 0x500002003fc0
step2 get 0x5000020028f0
[M::process] read chunk (19660800 bytes/CG x 1 CGs, 19660800 bytes)...
[M::mem_process_seqs_merge2] CPE FASTQ formatting done
step3 0x500002003fc0
step1 0x5000020029e0
slave pre done
now n is 69225
processed 69225
[M::mem_process_seqs_merge2] Processed 69225 reads in 0.650 CPU sec, 0.653 real sec
step2 put 0x5000020028f0
step2 get 0x500002003ed0
step3 0x5000020028f0
[M::process] read chunk (19660800 bytes/CG x 1 CGs, 19660800 bytes)...
[M::mem_process_seqs_merge2] CPE FASTQ formatting done
step1 0x500002003fc0
slave pre done
now n is 69225
processed 69225
[M::mem_process_seqs_merge2] Processed 69225 reads in 0.680 CPU sec, 0.679 real sec
step2 put 0x500002003ed0
step2 get 0x500002003f20
[M::process] read chunk (19660800 bytes/CG x 1 CGs, 19660800 bytes)...
[M::mem_process_seqs_merge2] CPE FASTQ formatting done
step1 0x500002003e80
slave pre done
now n is 69225
processed 69225
[M::mem_process_seqs_merge2] Processed 69225 reads in 0.560 CPU sec, 0.558 real sec
step2 put 0x500002003f20
step2 get 0x500002002a30
[M::process] read chunk (19660800 bytes/CG x 1 CGs, 19660800 bytes)...
[M::mem_process_seqs_merge2] CPE FASTQ formatting done
step1 0x500002004010
step3 0x500002003ed0
slave pre done
now n is 69225
processed 69225
[M::mem_process_seqs_merge2] Processed 69225 reads in 0.550 CPU sec, 0.550 real sec
step2 put 0x500002002a30
step2 get 0x5000020029e0
[M::process] read chunk (19660800 bytes/CG x 1 CGs, 19660800 bytes)...
[M::mem_process_seqs_merge2] CPE FASTQ formatting done
step3 0x500002003f20
step3 0x500002002a30
step1 0x5000020028f0
slave pre done
now n is 69225
processed 69225
[M::mem_process_seqs_merge2] Processed 69225 reads in 0.560 CPU sec, 0.561 real sec
step2 put 0x5000020029e0
step2 get 0x500002003fc0
[M::process] read chunk (19660800 bytes/CG x 1 CGs, 19660800 bytes)...
[M::mem_process_seqs_merge2] CPE FASTQ formatting done
step1 0x500002003f20
slave pre done
now n is 69225
processed 69225
[M::mem_process_seqs_merge2] Processed 69225 reads in 0.640 CPU sec, 0.646 real sec
step2 put 0x500002003fc0
step2 get 0x500002003e80
[M::process] read chunk (19660800 bytes/CG x 1 CGs, 19660800 bytes)...
[M::mem_process_seqs_merge2] CPE FASTQ formatting done
step1 0x500002003ed0
slave pre done
now n is 69225
step3 0x5000020029e0
processed 69225
[M::mem_process_seqs_merge2] Processed 69225 reads in 0.650 CPU sec, 0.652 real sec
step2 put 0x500002003e80
step2 get 0x500002004010
[M::process] read chunk (19660800 bytes/CG x 1 CGs, 19660800 bytes)...
[M::mem_process_seqs_merge2] CPE FASTQ formatting done
step3 0x500002003fc0
step1 0x500002002a30
step3 0x500002003e80
slave pre done
now n is 69225
processed 69225
[M::mem_process_seqs_merge2] Processed 69225 reads in 0.600 CPU sec, 0.591 real sec
step2 put 0x500002004010
step2 get 0x5000020028f0
[M::process] read chunk (19660800 bytes/CG x 1 CGs, 19660800 bytes)...
[M::mem_process_seqs_merge2] CPE FASTQ formatting done
step3 0x500002004010
step1 0x500002003fc0
slave pre done
now n is 69225
processed 69225
[M::mem_process_seqs_merge2] Processed 69225 reads in 0.580 CPU sec, 0.586 real sec
step2 put 0x5000020028f0
step2 get 0x500002003f20
[M::process] read chunk (19660800 bytes/CG x 1 CGs, 19660800 bytes)...
[M::mem_process_seqs_merge2] CPE FASTQ formatting done
step1 0x500002003e80
slave pre done
now n is 69225
processed 69225
[M::mem_process_seqs_merge2] Processed 69225 reads in 0.640 CPU sec, 0.639 real sec
step2 put 0x500002003f20
step2 get 0x500002003ed0
[M::process] read chunk (19660800 bytes/CG x 1 CGs, 19660800 bytes)...
[M::mem_process_seqs_merge2] CPE FASTQ formatting done
step3 0x5000020028f0
step1 0x5000020029e0
step3 0x500002003f20
slave pre done
now n is 69225
processed 69225
[M::mem_process_seqs_merge2] Processed 69225 reads in 0.770 CPU sec, 0.768 real sec
step2 put 0x500002003ed0
step2 get 0x500002002a30
[M::process] read chunk (19660800 bytes/CG x 1 CGs, 19660800 bytes)...
step3 0x500002003ed0
[M::mem_process_seqs_merge2] CPE FASTQ formatting done
step1 0x500002003f20
slave pre done
now n is 69225
processed 69225
[M::mem_process_seqs_merge2] Processed 69225 reads in 0.650 CPU sec, 0.650 real sec
step2 put 0x500002002a30
step2 get 0x500002003fc0
[M::process] read chunk (19660800 bytes/CG x 1 CGs, 19660800 bytes)...
[M::mem_process_seqs_merge2] CPE FASTQ formatting done
step1 0x5000020028f0
step3 0x500002002a30
slave pre done
now n is 69225
processed 69225
[M::mem_process_seqs_merge2] Processed 69225 reads in 1.590 CPU sec, 1.601 real sec
step2 put 0x500002003fc0
step2 get 0x500002003e80
[M::process] read chunk (19660800 bytes/CG x 1 CGs, 19660800 bytes)...
step3 0x500002003fc0
[M::mem_process_seqs_merge2] CPE FASTQ formatting done
step1 0x500002002a30
slave pre done
now n is 69225
processed 69225
[M::mem_process_seqs_merge2] Processed 69225 reads in 0.750 CPU sec, 0.753 real sec
step2 put 0x500002003e80
step2 get 0x5000020029e0
step3 0x500002003e80
[M::process] read chunk (19660800 bytes/CG x 1 CGs, 19660800 bytes)...
[M::mem_process_seqs_merge2] CPE FASTQ formatting done
step1 0x500002003fc0
slave pre done
now n is 69225
processed 69225
[M::mem_process_seqs_merge2] Processed 69225 reads in 0.690 CPU sec, 0.686 real sec
step2 put 0x5000020029e0
step2 get 0x500002003f20
[M::process] read chunk (19660800 bytes/CG x 1 CGs, 19660800 bytes)...
[M::mem_process_seqs_merge2] CPE FASTQ formatting done
step1 0x500002003ed0
slave pre done
now n is 69225
processed 69225
[M::mem_process_seqs_merge2] Processed 69225 reads in 0.600 CPU sec, 0.600 real sec
step2 put 0x500002003f20
step2 get 0x5000020028f0
[M::process] read chunk (19660800 bytes/CG x 1 CGs, 19660800 bytes)...
[M::mem_process_seqs_merge2] CPE FASTQ formatting done
step1 0x500002004010
step3 0x5000020029e0
slave pre done
now n is 69225
processed 69225
[M::mem_process_seqs_merge2] Processed 69225 reads in 0.610 CPU sec, 0.607 real sec
step2 put 0x5000020028f0
step2 get 0x500002002a30
[M::process] read chunk (19660800 bytes/CG x 1 CGs, 19660800 bytes)...
[M::mem_process_seqs_merge2] CPE FASTQ formatting done
step3 0x500002003f20
step1 0x500002003e80
step3 0x5000020028f0
slave pre done
now n is 69225
processed 69225
[M::mem_process_seqs_merge2] Processed 69225 reads in 0.640 CPU sec, 0.647 real sec
step2 put 0x500002002a30
step2 get 0x500002003fc0
step3 0x500002002a30
[M::process] read chunk (19660800 bytes/CG x 1 CGs, 19660800 bytes)...
[M::mem_process_seqs_merge2] CPE FASTQ formatting done
step1 0x5000020028f0
slave pre done
now n is 69225
processed 69225
[M::mem_process_seqs_merge2] Processed 69225 reads in 0.600 CPU sec, 0.595 real sec
step2 put 0x500002003fc0
step2 get 0x500002003ed0
[M::process] read chunk (19660800 bytes/CG x 1 CGs, 19660800 bytes)...
[M::mem_process_seqs_merge2] CPE FASTQ formatting done
step1 0x500002003f20
slave pre done
now n is 69225
processed 69225
[M::mem_process_seqs_merge2] Processed 69225 reads in 0.560 CPU sec, 0.568 real sec
step2 put 0x500002003ed0
step2 get 0x500002004010
[M::process] read chunk (19660800 bytes/CG x 1 CGs, 19660800 bytes)...
[M::mem_process_seqs_merge2] CPE FASTQ formatting done
step1 0x5000020029e0
slave pre done
now n is 69225
processed 69225
[M::mem_process_seqs_merge2] Processed 69225 reads in 0.660 CPU sec, 0.660 real sec
step2 put 0x500002004010
step2 get 0x500002003e80
[M::process] read chunk (19660800 bytes/CG x 1 CGs, 19660800 bytes)...
[M::mem_process_seqs_merge2] CPE FASTQ formatting done
step3 0x500002003fc0
step1 0x500002003f70
step3 0x500002003ed0
step3 0x500002004010
slave pre done
now n is 69225
processed 69225
[M::mem_process_seqs_merge2] Processed 69225 reads in 0.580 CPU sec, 0.580 real sec
step2 put 0x500002003e80
step2 get 0x5000020028f0
[M::process] read chunk (19660800 bytes/CG x 1 CGs, 16934068 bytes)...
[M::mem_process_seqs_merge2] CPE FASTQ formatting done
step1 0x500002003ed0
slave pre done
now n is 69225
processed 69225
[M::mem_process_seqs_merge2] Processed 69225 reads in 0.670 CPU sec, 0.670 real sec
step2 put 0x5000020028f0
step2 get 0x500002003f20
[M::mem_process_seqs_merge2] CPE FASTQ formatting done
slave pre done
now n is 69225
processed 69225
[M::mem_process_seqs_merge2] Processed 69225 reads in 0.650 CPU sec, 0.650 real sec
step2 put 0x500002003f20
step2 get 0x5000020029e0
[M::mem_process_seqs_merge2] CPE FASTQ formatting done
step3 0x500002003e80
step3 0x5000020028f0
slave pre done
now n is 69225
processed 69225
[M::mem_process_seqs_merge2] Processed 69225 reads in 0.660 CPU sec, 0.660 real sec
step2 put 0x5000020029e0
step2 get 0x500002003f70
[M::mem_process_seqs_merge2] CPE FASTQ formatting done
step3 0x500002003f20
slave pre done
now n is 69225
processed 69225
[M::mem_process_seqs_merge2] Processed 69225 reads in 0.670 CPU sec, 0.680 real sec
step2 put 0x500002003f70
step2 get 0x500002003ed0
[M::mem_process_seqs_merge2] CPE FASTQ formatting done
slave pre done
now n is 59627
processed 59627
[M::mem_process_seqs_merge2] Processed 59627 reads in 0.690 CPU sec, 0.687 real sec
step2 put 0x500002003ed0
step3 0x5000020029e0
step3 0x500002003f70
step3 0x500002003ed0

====================== SWBWA Output Debug =====================
  MPI rank: 000000 / 000001
  mode:     non-MPI POSIX
  path:     bigdata_results/single_system/no1/SRR2496709_SE.sam

  Output volume
    output buffer capacity                           67108864
    swbwa_output_write calls                        12607411
    submitted SAM bytes                           3685790019
    buffered flushes                                      55
    buffered flush bytes                          3685790019
    direct oversized writes                                0
    direct oversized bytes                                 0

  Buffering
    buffered flush total                        82.219188 s  (55 calls, 1494894.324 us/call)

  POSIX file writes
    write system calls                                     55
    write system-call bytes                        3685790019
    POSIX write system calls                    82.218927 s  (55 calls, 1494889.573 us/call)
    POSIX write effective bandwidth                42.752 MiB/s

  Output close timing
    POSIX close                                  0.000292 s  (1 calls,   292.052 us/call)
================================================================


======================= SWBWA Timing Report =======================
  Accumulated wall-clock time; indented rows are included in
  their parent row and must not be added to it.

  Pipeline
    total - complete three-stage pipeline                   136.551 s
    stage 1 - allocate and read raw FASTQ blocks             51.846 s
    stage 2 - align reads and generate SAM records          135.274 s
    stage 3 - write SAM and release batch data              118.887 s
      SAM output writes                                       104.074 s
      batch cleanup and loop overhead (derived)                14.813 s

  Stage 1 input details
    batches completed / stage calls                     180 / 181
    input-buffer and batch allocations                        0.002 s  (361 calls, max 0.000 s)
    aggregate requested allocation bytes           3536413172
    FASTQ fseeko calls                                        0.001 s  (180 calls, max 0.000 s)
    FASTQ fread calls                                        51.834 s  (180 calls, max 0.443 s)
    align chunk ends to FASTQ record boundaries               0.000 s  (179 calls, max 0.000 s)
    scheduler, checks and bookkeeping (derived)               0.009 s
    raw FASTQ bytes read                           3536217268  (3372.400 MiB)
    effective fread bandwidth                         65.062 MiB/s
    slowest allocation                                 0.000 s  (64 bytes)
    slowest fread                                      0.443 s  (R1 offset=2870349544, bytes=19660800)

  Stage 2 worker details
    total - active merge worker                             135.260 s
      part 1 - prepare CPE task and reusable buffers            4.136 s
      part 2 - CPE FASTQ formatting and input release           1.301 s
      part 3 - CPE alignment and SAM length pass              127.002 s
      part 4 - assign slices in the shared SAM buffer           1.100 s
      part 5 - CPE SAM record generation                        1.692 s
      part 6 - release temporary worker data                    0.003 s

  Reserved allocator timers (no active timing sites)
    malloc timer                                              0.000 s
    free timer                                                0.000 s
===================================================================

[main] Version: 0.0.1
[main] CMD: ./SWBWA mem -v 4 -t 1 -o bigdata_results/single_system/no1/SRR2496709_SE.sam -I 170,80,500,1 ../data/GRCh38.d1.vd1.fa ../data/bwa_test_big_data/SRR2496709_1.fastq
