[M::main_mem] mean insert size: 170.000, stddev: 80.000, max: 500, min: 1
[CPE input] bytes_per_cg=19660800 cg_count=1 chunk_bytes=19660800 file_bytes=3499281348
malloc bwt->bwt 3107576584, 0x500002429500
malloc bwt->sa 1553788264, 0x5000bb7c7020
[M::bwa_idx_load_from_disk] read 0 ALT contigs
malloc pac 776894131, 0x500118228940
the input file is ../data/bwa_test_big_data/ERR1203383_1.fastq
the output file is bigdata_results/single_system/has1/ERR1203383_SE.sam
[M::process] read chunk (19660800 bytes/CG x 1 CGs, 19660800 bytes)...
[M::mem_process_seqs_merge2] CPE FASTQ formatting done
slave pre done
now n is 89565
processed 89565
[M::mem_process_seqs_merge2] Processed 89565 reads in 0.580 CPU sec, 0.581 real sec
[M::process] read chunk (19660800 bytes/CG x 1 CGs, 19660800 bytes)...
[M::mem_process_seqs_merge2] CPE FASTQ formatting done
slave pre done
now n is 87954
processed 87954
[M::mem_process_seqs_merge2] Processed 87954 reads in 0.630 CPU sec, 0.628 real sec
[M::process] read chunk (19660800 bytes/CG x 1 CGs, 19660800 bytes)...
[M::mem_process_seqs_merge2] CPE FASTQ formatting done
slave pre done
now n is 87767
processed 87767
[M::mem_process_seqs_merge2] Processed 87767 reads in 0.610 CPU sec, 0.604 real sec
[M::process] read chunk (19660800 bytes/CG x 1 CGs, 19660800 bytes)...
[M::mem_process_seqs_merge2] CPE FASTQ formatting done
slave pre done
now n is 87767
processed 87767
[M::mem_process_seqs_merge2] Processed 87767 reads in 0.600 CPU sec, 0.599 real sec
[M::process] read chunk (19660800 bytes/CG x 1 CGs, 19660800 bytes)...
[M::mem_process_seqs_merge2] CPE FASTQ formatting done
slave pre done
now n is 87767
processed 87767
[M::mem_process_seqs_merge2] Processed 87767 reads in 0.580 CPU sec, 0.572 real sec
[M::process] read chunk (19660800 bytes/CG x 1 CGs, 19660800 bytes)...
[M::mem_process_seqs_merge2] CPE FASTQ formatting done
slave pre done
now n is 87767
processed 87767
[M::mem_process_seqs_merge2] Processed 87767 reads in 0.630 CPU sec, 0.633 real sec
[M::process] read chunk (19660800 bytes/CG x 1 CGs, 19660800 bytes)...
[M::mem_process_seqs_merge2] CPE FASTQ formatting done
slave pre done
now n is 87767
processed 87767
[M::mem_process_seqs_merge2] Processed 87767 reads in 0.680 CPU sec, 0.677 real sec
[M::process] read chunk (19660800 bytes/CG x 1 CGs, 19660800 bytes)...
[M::mem_process_seqs_merge2] CPE FASTQ formatting done
slave pre done
now n is 87767
processed 87767
[M::mem_process_seqs_merge2] Processed 87767 reads in 0.640 CPU sec, 0.641 real sec
[M::process] read chunk (19660800 bytes/CG x 1 CGs, 19660800 bytes)...
[M::mem_process_seqs_merge2] CPE FASTQ formatting done
slave pre done
now n is 87767
processed 87767
[M::mem_process_seqs_merge2] Processed 87767 reads in 0.650 CPU sec, 0.654 real sec
[M::process] read chunk (19660800 bytes/CG x 1 CGs, 19660800 bytes)...
[M::mem_process_seqs_merge2] CPE FASTQ formatting done
slave pre done
now n is 87767
processed 87767
[M::mem_process_seqs_merge2] Processed 87767 reads in 0.630 CPU sec, 0.629 real sec
[M::process] read chunk (19660800 bytes/CG x 1 CGs, 19660800 bytes)...
[M::mem_process_seqs_merge2] CPE FASTQ formatting done
slave pre done
now n is 87767
processed 87767
[M::mem_process_seqs_merge2] Processed 87767 reads in 0.580 CPU sec, 0.572 real sec
[M::process] read chunk (19660800 bytes/CG x 1 CGs, 19660800 bytes)...
[M::mem_process_seqs_merge2] CPE FASTQ formatting done
slave pre done
now n is 86799
processed 86799
[M::mem_process_seqs_merge2] Processed 86799 reads in 0.600 CPU sec, 0.598 real sec
[M::process] read chunk (19660800 bytes/CG x 1 CGs, 19660800 bytes)...
[M::mem_process_seqs_merge2] CPE FASTQ formatting done
slave pre done
now n is 86228
processed 86228
[M::mem_process_seqs_merge2] Processed 86228 reads in 0.620 CPU sec, 0.621 real sec
[M::process] read chunk (19660800 bytes/CG x 1 CGs, 19660800 bytes)...
[M::mem_process_seqs_merge2] CPE FASTQ formatting done
slave pre done
now n is 86228
processed 86228
[M::mem_process_seqs_merge2] Processed 86228 reads in 0.610 CPU sec, 0.613 real sec
[M::process] read chunk (19660800 bytes/CG x 1 CGs, 19660800 bytes)...
[M::mem_process_seqs_merge2] CPE FASTQ formatting done
slave pre done
now n is 86228
processed 86228
[M::mem_process_seqs_merge2] Processed 86228 reads in 0.630 CPU sec, 0.631 real sec
[M::process] read chunk (19660800 bytes/CG x 1 CGs, 19660800 bytes)...
[M::mem_process_seqs_merge2] CPE FASTQ formatting done
slave pre done
now n is 86228
processed 86228
[M::mem_process_seqs_merge2] Processed 86228 reads in 0.600 CPU sec, 0.600 real sec
[M::process] read chunk (19660800 bytes/CG x 1 CGs, 19660800 bytes)...
[M::mem_process_seqs_merge2] CPE FASTQ formatting done
slave pre done
now n is 86228
processed 86228
[M::mem_process_seqs_merge2] Processed 86228 reads in 0.640 CPU sec, 0.639 real sec
[M::process] read chunk (19660800 bytes/CG x 1 CGs, 19660800 bytes)...
[M::mem_process_seqs_merge2] CPE FASTQ formatting done
slave pre done
now n is 86228
processed 86228
[M::mem_process_seqs_merge2] Processed 86228 reads in 0.590 CPU sec, 0.591 real sec
[M::process] read chunk (19660800 bytes/CG x 1 CGs, 19660800 bytes)...
[M::mem_process_seqs_merge2] CPE FASTQ formatting done
slave pre done
now n is 86228
processed 86228
[M::mem_process_seqs_merge2] Processed 86228 reads in 0.620 CPU sec, 0.620 real sec
[M::process] read chunk (19660800 bytes/CG x 1 CGs, 19660800 bytes)...
[M::mem_process_seqs_merge2] CPE FASTQ formatting done
slave pre done
now n is 86228
processed 86228
[M::mem_process_seqs_merge2] Processed 86228 reads in 0.650 CPU sec, 0.650 real sec
[M::process] read chunk (19660800 bytes/CG x 1 CGs, 19660800 bytes)...
[M::mem_process_seqs_merge2] CPE FASTQ formatting done
slave pre done
now n is 86228
processed 86228
[M::mem_process_seqs_merge2] Processed 86228 reads in 0.600 CPU sec, 0.599 real sec
[M::process] read chunk (19660800 bytes/CG x 1 CGs, 19660800 bytes)...
[M::mem_process_seqs_merge2] CPE FASTQ formatting done
slave pre done
now n is 86228
processed 86228
[M::mem_process_seqs_merge2] Processed 86228 reads in 0.660 CPU sec, 0.658 real sec
[M::process] read chunk (19660800 bytes/CG x 1 CGs, 19660800 bytes)...
[M::mem_process_seqs_merge2] CPE FASTQ formatting done
slave pre done
now n is 86228
processed 86228
[M::mem_process_seqs_merge2] Processed 86228 reads in 0.630 CPU sec, 0.634 real sec
[M::process] read chunk (19660800 bytes/CG x 1 CGs, 19660800 bytes)...
[M::mem_process_seqs_merge2] CPE FASTQ formatting done
slave pre done
now n is 86228
processed 86228
[M::mem_process_seqs_merge2] Processed 86228 reads in 0.690 CPU sec, 0.689 real sec
[M::process] read chunk (19660800 bytes/CG x 1 CGs, 19660800 bytes)...
[M::mem_process_seqs_merge2] CPE FASTQ formatting done
slave pre done
now n is 86228
processed 86228
[M::mem_process_seqs_merge2] Processed 86228 reads in 0.610 CPU sec, 0.615 real sec
[M::process] read chunk (19660800 bytes/CG x 1 CGs, 19660800 bytes)...
[M::mem_process_seqs_merge2] CPE FASTQ formatting done
slave pre done
now n is 86228
processed 86228
[M::mem_process_seqs_merge2] Processed 86228 reads in 0.570 CPU sec, 0.573 real sec
[M::process] read chunk (19660800 bytes/CG x 1 CGs, 19660800 bytes)...
[M::mem_process_seqs_merge2] CPE FASTQ formatting done
slave pre done
now n is 86228
processed 86228
[M::mem_process_seqs_merge2] Processed 86228 reads in 0.620 CPU sec, 0.628 real sec
[M::process] read chunk (19660800 bytes/CG x 1 CGs, 19660800 bytes)...
[M::mem_process_seqs_merge2] CPE FASTQ formatting done
slave pre done
now n is 86228
processed 86228
[M::mem_process_seqs_merge2] Processed 86228 reads in 0.600 CPU sec, 0.592 real sec
[M::process] read chunk (19660800 bytes/CG x 1 CGs, 19660800 bytes)...
[M::mem_process_seqs_merge2] CPE FASTQ formatting done
slave pre done
now n is 86228
processed 86228
[M::mem_process_seqs_merge2] Processed 86228 reads in 0.620 CPU sec, 0.611 real sec
[M::process] read chunk (19660800 bytes/CG x 1 CGs, 19660800 bytes)...
[M::mem_process_seqs_merge2] CPE FASTQ formatting done
slave pre done
now n is 86228
processed 86228
[M::mem_process_seqs_merge2] Processed 86228 reads in 0.600 CPU sec, 0.600 real sec
[M::process] read chunk (19660800 bytes/CG x 1 CGs, 19660800 bytes)...
[M::mem_process_seqs_merge2] CPE FASTQ formatting done
slave pre done
now n is 86228
processed 86228
[M::mem_process_seqs_merge2] Processed 86228 reads in 0.640 CPU sec, 0.636 real sec
[M::process] read chunk (19660800 bytes/CG x 1 CGs, 19660800 bytes)...
[M::mem_process_seqs_merge2] CPE FASTQ formatting done
slave pre done
now n is 86228
processed 86228
[M::mem_process_seqs_merge2] Processed 86228 reads in 0.570 CPU sec, 0.569 real sec
[M::process] read chunk (19660800 bytes/CG x 1 CGs, 19660800 bytes)...
[M::mem_process_seqs_merge2] CPE FASTQ formatting done
slave pre done
now n is 86228
processed 86228
[M::mem_process_seqs_merge2] Processed 86228 reads in 0.550 CPU sec, 0.545 real sec
[M::process] read chunk (19660800 bytes/CG x 1 CGs, 19660800 bytes)...
[M::mem_process_seqs_merge2] CPE FASTQ formatting done
slave pre done
now n is 86228
processed 86228
[M::mem_process_seqs_merge2] Processed 86228 reads in 0.620 CPU sec, 0.613 real sec
[M::process] read chunk (19660800 bytes/CG x 1 CGs, 19660800 bytes)...
[M::mem_process_seqs_merge2] CPE FASTQ formatting done
slave pre done
now n is 86228
processed 86228
[M::mem_process_seqs_merge2] Processed 86228 reads in 0.700 CPU sec, 0.706 real sec
[M::process] read chunk (19660800 bytes/CG x 1 CGs, 19660800 bytes)...
[M::mem_process_seqs_merge2] CPE FASTQ formatting done
slave pre done
now n is 86228
processed 86228
[M::mem_process_seqs_merge2] Processed 86228 reads in 0.610 CPU sec, 0.611 real sec
[M::process] read chunk (19660800 bytes/CG x 1 CGs, 19660800 bytes)...
[M::mem_process_seqs_merge2] CPE FASTQ formatting done
slave pre done
now n is 86228
processed 86228
[M::mem_process_seqs_merge2] Processed 86228 reads in 0.590 CPU sec, 0.589 real sec
[M::process] read chunk (19660800 bytes/CG x 1 CGs, 19660800 bytes)...
[M::mem_process_seqs_merge2] CPE FASTQ formatting done
slave pre done
now n is 86228
processed 86228
[M::mem_process_seqs_merge2] Processed 86228 reads in 0.630 CPU sec, 0.629 real sec
[M::process] read chunk (19660800 bytes/CG x 1 CGs, 19660800 bytes)...
[M::mem_process_seqs_merge2] CPE FASTQ formatting done
slave pre done
now n is 86228
processed 86228
[M::mem_process_seqs_merge2] Processed 86228 reads in 0.630 CPU sec, 0.639 real sec
[M::process] read chunk (19660800 bytes/CG x 1 CGs, 19660800 bytes)...
[M::mem_process_seqs_merge2] CPE FASTQ formatting done
slave pre done
now n is 86228
processed 86228
[M::mem_process_seqs_merge2] Processed 86228 reads in 0.620 CPU sec, 0.622 real sec
[M::process] read chunk (19660800 bytes/CG x 1 CGs, 19660800 bytes)...
[M::mem_process_seqs_merge2] CPE FASTQ formatting done
slave pre done
now n is 86228
processed 86228
[M::mem_process_seqs_merge2] Processed 86228 reads in 0.670 CPU sec, 0.670 real sec
[M::process] read chunk (19660800 bytes/CG x 1 CGs, 19660800 bytes)...
[M::mem_process_seqs_merge2] CPE FASTQ formatting done
slave pre done
now n is 86228
processed 86228
[M::mem_process_seqs_merge2] Processed 86228 reads in 0.670 CPU sec, 0.671 real sec
[M::process] read chunk (19660800 bytes/CG x 1 CGs, 19660800 bytes)...
[M::mem_process_seqs_merge2] CPE FASTQ formatting done
slave pre done
now n is 86228
processed 86228
[M::mem_process_seqs_merge2] Processed 86228 reads in 0.670 CPU sec, 0.664 real sec
[M::process] read chunk (19660800 bytes/CG x 1 CGs, 19660800 bytes)...
[M::mem_process_seqs_merge2] CPE FASTQ formatting done
slave pre done
now n is 86228
processed 86228
[M::mem_process_seqs_merge2] Processed 86228 reads in 0.670 CPU sec, 0.666 real sec
[M::process] read chunk (19660800 bytes/CG x 1 CGs, 19660800 bytes)...
[M::mem_process_seqs_merge2] CPE FASTQ formatting done
slave pre done
now n is 86228
processed 86228
[M::mem_process_seqs_merge2] Processed 86228 reads in 0.650 CPU sec, 0.651 real sec
[M::process] read chunk (19660800 bytes/CG x 1 CGs, 19660800 bytes)...
[M::mem_process_seqs_merge2] CPE FASTQ formatting done
slave pre done
now n is 86228
processed 86228
[M::mem_process_seqs_merge2] Processed 86228 reads in 0.670 CPU sec, 0.675 real sec
[M::process] read chunk (19660800 bytes/CG x 1 CGs, 19660800 bytes)...
[M::mem_process_seqs_merge2] CPE FASTQ formatting done
slave pre done
now n is 86228
processed 86228
[M::mem_process_seqs_merge2] Processed 86228 reads in 0.710 CPU sec, 0.707 real sec
[M::process] read chunk (19660800 bytes/CG x 1 CGs, 19660800 bytes)...
[M::mem_process_seqs_merge2] CPE FASTQ formatting done
slave pre done
now n is 86228
processed 86228
[M::mem_process_seqs_merge2] Processed 86228 reads in 0.680 CPU sec, 0.676 real sec
[M::process] read chunk (19660800 bytes/CG x 1 CGs, 19660800 bytes)...
[M::mem_process_seqs_merge2] CPE FASTQ formatting done
slave pre done
now n is 86228
processed 86228
[M::mem_process_seqs_merge2] Processed 86228 reads in 0.650 CPU sec, 0.653 real sec
[M::process] read chunk (19660800 bytes/CG x 1 CGs, 19660800 bytes)...
[M::mem_process_seqs_merge2] CPE FASTQ formatting done
slave pre done
now n is 86228
processed 86228
[M::mem_process_seqs_merge2] Processed 86228 reads in 0.660 CPU sec, 0.665 real sec
[M::process] read chunk (19660800 bytes/CG x 1 CGs, 19660800 bytes)...
[M::mem_process_seqs_merge2] CPE FASTQ formatting done
slave pre done
now n is 86228
processed 86228
[M::mem_process_seqs_merge2] Processed 86228 reads in 0.650 CPU sec, 0.650 real sec
[M::process] read chunk (19660800 bytes/CG x 1 CGs, 19660800 bytes)...
[M::mem_process_seqs_merge2] CPE FASTQ formatting done
slave pre done
now n is 86228
processed 86228
[M::mem_process_seqs_merge2] Processed 86228 reads in 0.660 CPU sec, 0.664 real sec
[M::process] read chunk (19660800 bytes/CG x 1 CGs, 19660800 bytes)...
[M::mem_process_seqs_merge2] CPE FASTQ formatting done
slave pre done
now n is 86228
processed 86228
[M::mem_process_seqs_merge2] Processed 86228 reads in 0.570 CPU sec, 0.569 real sec
[M::process] read chunk (19660800 bytes/CG x 1 CGs, 19660800 bytes)...
[M::mem_process_seqs_merge2] CPE FASTQ formatting done
slave pre done
now n is 86228
processed 86228
[M::mem_process_seqs_merge2] Processed 86228 reads in 0.620 CPU sec, 0.619 real sec
[M::process] read chunk (19660800 bytes/CG x 1 CGs, 19660800 bytes)...
[M::mem_process_seqs_merge2] CPE FASTQ formatting done
slave pre done
now n is 86228
processed 86228
[M::mem_process_seqs_merge2] Processed 86228 reads in 0.600 CPU sec, 0.601 real sec
[M::process] read chunk (19660800 bytes/CG x 1 CGs, 19660800 bytes)...
[M::mem_process_seqs_merge2] CPE FASTQ formatting done
slave pre done
now n is 86228
processed 86228
[M::mem_process_seqs_merge2] Processed 86228 reads in 0.660 CPU sec, 0.661 real sec
[M::process] read chunk (19660800 bytes/CG x 1 CGs, 19660800 bytes)...
[M::mem_process_seqs_merge2] CPE FASTQ formatting done
slave pre done
now n is 86228
processed 86228
[M::mem_process_seqs_merge2] Processed 86228 reads in 0.630 CPU sec, 0.627 real sec
[M::process] read chunk (19660800 bytes/CG x 1 CGs, 19660800 bytes)...
[M::mem_process_seqs_merge2] CPE FASTQ formatting done
slave pre done
now n is 86228
processed 86228
[M::mem_process_seqs_merge2] Processed 86228 reads in 0.550 CPU sec, 0.549 real sec
[M::process] read chunk (19660800 bytes/CG x 1 CGs, 19660800 bytes)...
[M::mem_process_seqs_merge2] CPE FASTQ formatting done
slave pre done
now n is 86228
processed 86228
[M::mem_process_seqs_merge2] Processed 86228 reads in 0.560 CPU sec, 0.565 real sec
[M::process] read chunk (19660800 bytes/CG x 1 CGs, 19660800 bytes)...
[M::mem_process_seqs_merge2] CPE FASTQ formatting done
slave pre done
now n is 86228
processed 86228
[M::mem_process_seqs_merge2] Processed 86228 reads in 0.680 CPU sec, 0.683 real sec
[M::process] read chunk (19660800 bytes/CG x 1 CGs, 19660800 bytes)...
[M::mem_process_seqs_merge2] CPE FASTQ formatting done
slave pre done
now n is 86228
processed 86228
[M::mem_process_seqs_merge2] Processed 86228 reads in 0.660 CPU sec, 0.658 real sec
[M::process] read chunk (19660800 bytes/CG x 1 CGs, 19660800 bytes)...
[M::mem_process_seqs_merge2] CPE FASTQ formatting done
slave pre done
now n is 86228
processed 86228
[M::mem_process_seqs_merge2] Processed 86228 reads in 0.630 CPU sec, 0.633 real sec
[M::process] read chunk (19660800 bytes/CG x 1 CGs, 19660800 bytes)...
[M::mem_process_seqs_merge2] CPE FASTQ formatting done
slave pre done
now n is 86228
processed 86228
[M::mem_process_seqs_merge2] Processed 86228 reads in 0.610 CPU sec, 0.607 real sec
[M::process] read chunk (19660800 bytes/CG x 1 CGs, 19660800 bytes)...
[M::mem_process_seqs_merge2] CPE FASTQ formatting done
slave pre done
now n is 86228
processed 86228
[M::mem_process_seqs_merge2] Processed 86228 reads in 0.620 CPU sec, 0.611 real sec
[M::process] read chunk (19660800 bytes/CG x 1 CGs, 19660800 bytes)...
[M::mem_process_seqs_merge2] CPE FASTQ formatting done
slave pre done
now n is 86228
processed 86228
[M::mem_process_seqs_merge2] Processed 86228 reads in 0.640 CPU sec, 0.642 real sec
[M::process] read chunk (19660800 bytes/CG x 1 CGs, 19660800 bytes)...
[M::mem_process_seqs_merge2] CPE FASTQ formatting done
slave pre done
now n is 86228
processed 86228
[M::mem_process_seqs_merge2] Processed 86228 reads in 0.660 CPU sec, 0.658 real sec
[M::process] read chunk (19660800 bytes/CG x 1 CGs, 19660800 bytes)...
[M::mem_process_seqs_merge2] CPE FASTQ formatting done
slave pre done
now n is 86228
processed 86228
[M::mem_process_seqs_merge2] Processed 86228 reads in 0.720 CPU sec, 0.723 real sec
[M::process] read chunk (19660800 bytes/CG x 1 CGs, 19660800 bytes)...
[M::mem_process_seqs_merge2] CPE FASTQ formatting done
slave pre done
now n is 86228
processed 86228
[M::mem_process_seqs_merge2] Processed 86228 reads in 0.790 CPU sec, 0.791 real sec
[M::process] read chunk (19660800 bytes/CG x 1 CGs, 19660800 bytes)...
[M::mem_process_seqs_merge2] CPE FASTQ formatting done
slave pre done
now n is 86228
processed 86228
[M::mem_process_seqs_merge2] Processed 86228 reads in 0.600 CPU sec, 0.602 real sec
[M::process] read chunk (19660800 bytes/CG x 1 CGs, 19660800 bytes)...
[M::mem_process_seqs_merge2] CPE FASTQ formatting done
slave pre done
now n is 86228
processed 86228
[M::mem_process_seqs_merge2] Processed 86228 reads in 0.630 CPU sec, 0.629 real sec
[M::process] read chunk (19660800 bytes/CG x 1 CGs, 19660800 bytes)...
[M::mem_process_seqs_merge2] CPE FASTQ formatting done
slave pre done
now n is 86228
processed 86228
[M::mem_process_seqs_merge2] Processed 86228 reads in 0.610 CPU sec, 0.611 real sec
[M::process] read chunk (19660800 bytes/CG x 1 CGs, 19660800 bytes)...
[M::mem_process_seqs_merge2] CPE FASTQ formatting done
slave pre done
now n is 86228
processed 86228
[M::mem_process_seqs_merge2] Processed 86228 reads in 0.630 CPU sec, 0.626 real sec
[M::process] read chunk (19660800 bytes/CG x 1 CGs, 19660800 bytes)...
[M::mem_process_seqs_merge2] CPE FASTQ formatting done
slave pre done
now n is 86228
processed 86228
[M::mem_process_seqs_merge2] Processed 86228 reads in 0.610 CPU sec, 0.611 real sec
[M::process] read chunk (19660800 bytes/CG x 1 CGs, 19660800 bytes)...
[M::mem_process_seqs_merge2] CPE FASTQ formatting done
slave pre done
now n is 86228
processed 86228
[M::mem_process_seqs_merge2] Processed 86228 reads in 0.650 CPU sec, 0.648 real sec
[M::process] read chunk (19660800 bytes/CG x 1 CGs, 19660800 bytes)...
[M::mem_process_seqs_merge2] CPE FASTQ formatting done
slave pre done
now n is 86228
processed 86228
[M::mem_process_seqs_merge2] Processed 86228 reads in 0.630 CPU sec, 0.632 real sec
[M::process] read chunk (19660800 bytes/CG x 1 CGs, 19660800 bytes)...
[M::mem_process_seqs_merge2] CPE FASTQ formatting done
slave pre done
now n is 86228
processed 86228
[M::mem_process_seqs_merge2] Processed 86228 reads in 0.900 CPU sec, 0.902 real sec
[M::process] read chunk (19660800 bytes/CG x 1 CGs, 19660800 bytes)...
[M::mem_process_seqs_merge2] CPE FASTQ formatting done
slave pre done
now n is 86228
processed 86228
[M::mem_process_seqs_merge2] Processed 86228 reads in 0.690 CPU sec, 0.698 real sec
[M::process] read chunk (19660800 bytes/CG x 1 CGs, 19660800 bytes)...
[M::mem_process_seqs_merge2] CPE FASTQ formatting done
slave pre done
now n is 86228
processed 86228
[M::mem_process_seqs_merge2] Processed 86228 reads in 0.650 CPU sec, 0.657 real sec
[M::process] read chunk (19660800 bytes/CG x 1 CGs, 19660800 bytes)...
[M::mem_process_seqs_merge2] CPE FASTQ formatting done
slave pre done
now n is 86228
processed 86228
[M::mem_process_seqs_merge2] Processed 86228 reads in 0.580 CPU sec, 0.579 real sec
[M::process] read chunk (19660800 bytes/CG x 1 CGs, 19660800 bytes)...
[M::mem_process_seqs_merge2] CPE FASTQ formatting done
slave pre done
now n is 86228
processed 86228
[M::mem_process_seqs_merge2] Processed 86228 reads in 0.660 CPU sec, 0.654 real sec
[M::process] read chunk (19660800 bytes/CG x 1 CGs, 19660800 bytes)...
[M::mem_process_seqs_merge2] CPE FASTQ formatting done
slave pre done
now n is 86228
processed 86228
[M::mem_process_seqs_merge2] Processed 86228 reads in 0.640 CPU sec, 0.646 real sec
[M::process] read chunk (19660800 bytes/CG x 1 CGs, 19660800 bytes)...
[M::mem_process_seqs_merge2] CPE FASTQ formatting done
slave pre done
now n is 86228
processed 86228
[M::mem_process_seqs_merge2] Processed 86228 reads in 0.700 CPU sec, 0.698 real sec
[M::process] read chunk (19660800 bytes/CG x 1 CGs, 19660800 bytes)...
[M::mem_process_seqs_merge2] CPE FASTQ formatting done
slave pre done
now n is 86228
processed 86228
[M::mem_process_seqs_merge2] Processed 86228 reads in 0.620 CPU sec, 0.618 real sec
[M::process] read chunk (19660800 bytes/CG x 1 CGs, 19660800 bytes)...
[M::mem_process_seqs_merge2] CPE FASTQ formatting done
slave pre done
now n is 86228
processed 86228
[M::mem_process_seqs_merge2] Processed 86228 reads in 0.600 CPU sec, 0.597 real sec
[M::process] read chunk (19660800 bytes/CG x 1 CGs, 19660800 bytes)...
[M::mem_process_seqs_merge2] CPE FASTQ formatting done
slave pre done
now n is 86228
processed 86228
[M::mem_process_seqs_merge2] Processed 86228 reads in 0.580 CPU sec, 0.587 real sec
[M::process] read chunk (19660800 bytes/CG x 1 CGs, 19660800 bytes)...
[M::mem_process_seqs_merge2] CPE FASTQ formatting done
slave pre done
now n is 86228
processed 86228
[M::mem_process_seqs_merge2] Processed 86228 reads in 0.550 CPU sec, 0.550 real sec
[M::process] read chunk (19660800 bytes/CG x 1 CGs, 19660800 bytes)...
[M::mem_process_seqs_merge2] CPE FASTQ formatting done
slave pre done
now n is 86228
processed 86228
[M::mem_process_seqs_merge2] Processed 86228 reads in 0.640 CPU sec, 0.647 real sec
[M::process] read chunk (19660800 bytes/CG x 1 CGs, 19660800 bytes)...
[M::mem_process_seqs_merge2] CPE FASTQ formatting done
slave pre done
now n is 86228
processed 86228
[M::mem_process_seqs_merge2] Processed 86228 reads in 0.690 CPU sec, 0.687 real sec
[M::process] read chunk (19660800 bytes/CG x 1 CGs, 19660800 bytes)...
[M::mem_process_seqs_merge2] CPE FASTQ formatting done
slave pre done
now n is 86228
processed 86228
[M::mem_process_seqs_merge2] Processed 86228 reads in 0.670 CPU sec, 0.666 real sec
[M::process] read chunk (19660800 bytes/CG x 1 CGs, 19660800 bytes)...
[M::mem_process_seqs_merge2] CPE FASTQ formatting done
slave pre done
now n is 86228
processed 86228
[M::mem_process_seqs_merge2] Processed 86228 reads in 0.590 CPU sec, 0.595 real sec
[M::process] read chunk (19660800 bytes/CG x 1 CGs, 19660800 bytes)...
[M::mem_process_seqs_merge2] CPE FASTQ formatting done
slave pre done
now n is 86228
processed 86228
[M::mem_process_seqs_merge2] Processed 86228 reads in 0.620 CPU sec, 0.612 real sec
[M::process] read chunk (19660800 bytes/CG x 1 CGs, 19660800 bytes)...
[M::mem_process_seqs_merge2] CPE FASTQ formatting done
slave pre done
now n is 86228
processed 86228
[M::mem_process_seqs_merge2] Processed 86228 reads in 0.590 CPU sec, 0.587 real sec
[M::process] read chunk (19660800 bytes/CG x 1 CGs, 19660800 bytes)...
[M::mem_process_seqs_merge2] CPE FASTQ formatting done
slave pre done
now n is 86228
processed 86228
[M::mem_process_seqs_merge2] Processed 86228 reads in 0.650 CPU sec, 0.654 real sec
[M::process] read chunk (19660800 bytes/CG x 1 CGs, 19660800 bytes)...
[M::mem_process_seqs_merge2] CPE FASTQ formatting done
slave pre done
now n is 86228
processed 86228
[M::mem_process_seqs_merge2] Processed 86228 reads in 0.560 CPU sec, 0.561 real sec
[M::process] read chunk (19660800 bytes/CG x 1 CGs, 19660800 bytes)...
[M::mem_process_seqs_merge2] CPE FASTQ formatting done
slave pre done
now n is 86228
processed 86228
[M::mem_process_seqs_merge2] Processed 86228 reads in 0.580 CPU sec, 0.581 real sec
[M::process] read chunk (19660800 bytes/CG x 1 CGs, 19660800 bytes)...
[M::mem_process_seqs_merge2] CPE FASTQ formatting done
slave pre done
now n is 86228
processed 86228
[M::mem_process_seqs_merge2] Processed 86228 reads in 0.630 CPU sec, 0.638 real sec
[M::process] read chunk (19660800 bytes/CG x 1 CGs, 19660800 bytes)...
[M::mem_process_seqs_merge2] CPE FASTQ formatting done
slave pre done
now n is 86228
processed 86228
[M::mem_process_seqs_merge2] Processed 86228 reads in 0.610 CPU sec, 0.607 real sec
[M::process] read chunk (19660800 bytes/CG x 1 CGs, 19660800 bytes)...
[M::mem_process_seqs_merge2] CPE FASTQ formatting done
slave pre done
now n is 86228
processed 86228
[M::mem_process_seqs_merge2] Processed 86228 reads in 0.580 CPU sec, 0.585 real sec
[M::process] read chunk (19660800 bytes/CG x 1 CGs, 19660800 bytes)...
[M::mem_process_seqs_merge2] CPE FASTQ formatting done
slave pre done
now n is 86228
processed 86228
[M::mem_process_seqs_merge2] Processed 86228 reads in 0.530 CPU sec, 0.529 real sec
[M::process] read chunk (19660800 bytes/CG x 1 CGs, 19660800 bytes)...
[M::mem_process_seqs_merge2] CPE FASTQ formatting done
slave pre done
now n is 86228
processed 86228
[M::mem_process_seqs_merge2] Processed 86228 reads in 0.580 CPU sec, 0.582 real sec
[M::process] read chunk (19660800 bytes/CG x 1 CGs, 19660800 bytes)...
[M::mem_process_seqs_merge2] CPE FASTQ formatting done
slave pre done
now n is 86228
processed 86228
[M::mem_process_seqs_merge2] Processed 86228 reads in 0.640 CPU sec, 0.641 real sec
[M::process] read chunk (19660800 bytes/CG x 1 CGs, 19660800 bytes)...
[M::mem_process_seqs_merge2] CPE FASTQ formatting done
slave pre done
now n is 86228
processed 86228
[M::mem_process_seqs_merge2] Processed 86228 reads in 0.610 CPU sec, 0.607 real sec
[M::process] read chunk (19660800 bytes/CG x 1 CGs, 19660800 bytes)...
[M::mem_process_seqs_merge2] CPE FASTQ formatting done
slave pre done
now n is 86228
processed 86228
[M::mem_process_seqs_merge2] Processed 86228 reads in 0.560 CPU sec, 0.563 real sec
[M::process] read chunk (19660800 bytes/CG x 1 CGs, 19660800 bytes)...
[M::mem_process_seqs_merge2] CPE FASTQ formatting done
slave pre done
now n is 86228
processed 86228
[M::mem_process_seqs_merge2] Processed 86228 reads in 0.600 CPU sec, 0.598 real sec
[M::process] read chunk (19660800 bytes/CG x 1 CGs, 19660800 bytes)...
[M::mem_process_seqs_merge2] CPE FASTQ formatting done
slave pre done
now n is 86228
processed 86228
[M::mem_process_seqs_merge2] Processed 86228 reads in 0.590 CPU sec, 0.590 real sec
[M::process] read chunk (19660800 bytes/CG x 1 CGs, 19660800 bytes)...
[M::mem_process_seqs_merge2] CPE FASTQ formatting done
slave pre done
now n is 86228
processed 86228
[M::mem_process_seqs_merge2] Processed 86228 reads in 0.660 CPU sec, 0.654 real sec
[M::process] read chunk (19660800 bytes/CG x 1 CGs, 19660800 bytes)...
[M::mem_process_seqs_merge2] CPE FASTQ formatting done
slave pre done
now n is 86228
processed 86228
[M::mem_process_seqs_merge2] Processed 86228 reads in 0.610 CPU sec, 0.609 real sec
[M::process] read chunk (19660800 bytes/CG x 1 CGs, 19660800 bytes)...
[M::mem_process_seqs_merge2] CPE FASTQ formatting done
slave pre done
now n is 86228
processed 86228
[M::mem_process_seqs_merge2] Processed 86228 reads in 0.560 CPU sec, 0.561 real sec
[M::process] read chunk (19660800 bytes/CG x 1 CGs, 19660800 bytes)...
[M::mem_process_seqs_merge2] CPE FASTQ formatting done
slave pre done
now n is 86228
processed 86228
[M::mem_process_seqs_merge2] Processed 86228 reads in 0.590 CPU sec, 0.594 real sec
[M::process] read chunk (19660800 bytes/CG x 1 CGs, 19660800 bytes)...
[M::mem_process_seqs_merge2] CPE FASTQ formatting done
slave pre done
now n is 86228
processed 86228
[M::mem_process_seqs_merge2] Processed 86228 reads in 0.650 CPU sec, 0.652 real sec
[M::process] read chunk (19660800 bytes/CG x 1 CGs, 19660800 bytes)...
[M::mem_process_seqs_merge2] CPE FASTQ formatting done
slave pre done
now n is 86228
processed 86228
[M::mem_process_seqs_merge2] Processed 86228 reads in 0.610 CPU sec, 0.608 real sec
[M::process] read chunk (19660800 bytes/CG x 1 CGs, 19660800 bytes)...
[M::mem_process_seqs_merge2] CPE FASTQ formatting done
slave pre done
now n is 86228
processed 86228
[M::mem_process_seqs_merge2] Processed 86228 reads in 0.610 CPU sec, 0.614 real sec
[M::process] read chunk (19660800 bytes/CG x 1 CGs, 19660800 bytes)...
[M::mem_process_seqs_merge2] CPE FASTQ formatting done
slave pre done
now n is 86228
processed 86228
[M::mem_process_seqs_merge2] Processed 86228 reads in 0.620 CPU sec, 0.621 real sec
[M::process] read chunk (19660800 bytes/CG x 1 CGs, 19660800 bytes)...
[M::mem_process_seqs_merge2] CPE FASTQ formatting done
slave pre done
now n is 86228
processed 86228
[M::mem_process_seqs_merge2] Processed 86228 reads in 0.640 CPU sec, 0.642 real sec
[M::process] read chunk (19660800 bytes/CG x 1 CGs, 19660800 bytes)...
[M::mem_process_seqs_merge2] CPE FASTQ formatting done
slave pre done
now n is 86228
processed 86228
[M::mem_process_seqs_merge2] Processed 86228 reads in 0.640 CPU sec, 0.641 real sec
[M::process] read chunk (19660800 bytes/CG x 1 CGs, 19660800 bytes)...
[M::mem_process_seqs_merge2] CPE FASTQ formatting done
slave pre done
now n is 85849
processed 85849
[M::mem_process_seqs_merge2] Processed 85849 reads in 0.680 CPU sec, 0.677 real sec
[M::process] read chunk (19660800 bytes/CG x 1 CGs, 19660800 bytes)...
[M::mem_process_seqs_merge2] CPE FASTQ formatting done
slave pre done
now n is 84741
processed 84741
[M::mem_process_seqs_merge2] Processed 84741 reads in 0.590 CPU sec, 0.590 real sec
[M::process] read chunk (19660800 bytes/CG x 1 CGs, 19660800 bytes)...
[M::mem_process_seqs_merge2] CPE FASTQ formatting done
slave pre done
now n is 84741
processed 84741
[M::mem_process_seqs_merge2] Processed 84741 reads in 0.600 CPU sec, 0.600 real sec
[M::process] read chunk (19660800 bytes/CG x 1 CGs, 19660800 bytes)...
[M::mem_process_seqs_merge2] CPE FASTQ formatting done
slave pre done
now n is 84741
processed 84741
[M::mem_process_seqs_merge2] Processed 84741 reads in 0.660 CPU sec, 0.665 real sec
[M::process] read chunk (19660800 bytes/CG x 1 CGs, 19660800 bytes)...
[M::mem_process_seqs_merge2] CPE FASTQ formatting done
slave pre done
now n is 84741
processed 84741
[M::mem_process_seqs_merge2] Processed 84741 reads in 0.600 CPU sec, 0.596 real sec
[M::process] read chunk (19660800 bytes/CG x 1 CGs, 19660800 bytes)...
[M::mem_process_seqs_merge2] CPE FASTQ formatting done
slave pre done
now n is 84741
processed 84741
[M::mem_process_seqs_merge2] Processed 84741 reads in 0.620 CPU sec, 0.615 real sec
[M::process] read chunk (19660800 bytes/CG x 1 CGs, 19660800 bytes)...
[M::mem_process_seqs_merge2] CPE FASTQ formatting done
slave pre done
now n is 84741
processed 84741
[M::mem_process_seqs_merge2] Processed 84741 reads in 0.570 CPU sec, 0.577 real sec
[M::process] read chunk (19660800 bytes/CG x 1 CGs, 19660800 bytes)...
[M::mem_process_seqs_merge2] CPE FASTQ formatting done
slave pre done
now n is 84741
processed 84741
[M::mem_process_seqs_merge2] Processed 84741 reads in 0.670 CPU sec, 0.671 real sec
[M::process] read chunk (19660800 bytes/CG x 1 CGs, 19660800 bytes)...
[M::mem_process_seqs_merge2] CPE FASTQ formatting done
slave pre done
now n is 84741
processed 84741
[M::mem_process_seqs_merge2] Processed 84741 reads in 0.620 CPU sec, 0.612 real sec
[M::process] read chunk (19660800 bytes/CG x 1 CGs, 19660800 bytes)...
[M::mem_process_seqs_merge2] CPE FASTQ formatting done
slave pre done
now n is 84741
processed 84741
[M::mem_process_seqs_merge2] Processed 84741 reads in 0.550 CPU sec, 0.551 real sec
[M::process] read chunk (19660800 bytes/CG x 1 CGs, 19660800 bytes)...
[M::mem_process_seqs_merge2] CPE FASTQ formatting done
slave pre done
now n is 84741
processed 84741
[M::mem_process_seqs_merge2] Processed 84741 reads in 0.620 CPU sec, 0.613 real sec
[M::process] read chunk (19660800 bytes/CG x 1 CGs, 19660800 bytes)...
[M::mem_process_seqs_merge2] CPE FASTQ formatting done
slave pre done
now n is 84741
processed 84741
[M::mem_process_seqs_merge2] Processed 84741 reads in 0.580 CPU sec, 0.589 real sec
[M::process] read chunk (19660800 bytes/CG x 1 CGs, 19660800 bytes)...
[M::mem_process_seqs_merge2] CPE FASTQ formatting done
slave pre done
now n is 84741
processed 84741
[M::mem_process_seqs_merge2] Processed 84741 reads in 0.610 CPU sec, 0.604 real sec
[M::process] read chunk (19660800 bytes/CG x 1 CGs, 19660800 bytes)...
[M::mem_process_seqs_merge2] CPE FASTQ formatting done
slave pre done
now n is 84741
processed 84741
[M::mem_process_seqs_merge2] Processed 84741 reads in 0.600 CPU sec, 0.597 real sec
[M::process] read chunk (19660800 bytes/CG x 1 CGs, 19660800 bytes)...
[M::mem_process_seqs_merge2] CPE FASTQ formatting done
slave pre done
now n is 84741
processed 84741
[M::mem_process_seqs_merge2] Processed 84741 reads in 0.510 CPU sec, 0.514 real sec
[M::process] read chunk (19660800 bytes/CG x 1 CGs, 19660800 bytes)...
[M::mem_process_seqs_merge2] CPE FASTQ formatting done
slave pre done
now n is 84741
processed 84741
[M::mem_process_seqs_merge2] Processed 84741 reads in 0.670 CPU sec, 0.665 real sec
[M::process] read chunk (19660800 bytes/CG x 1 CGs, 19660800 bytes)...
[M::mem_process_seqs_merge2] CPE FASTQ formatting done
slave pre done
now n is 84741
processed 84741
[M::mem_process_seqs_merge2] Processed 84741 reads in 0.620 CPU sec, 0.617 real sec
[M::process] read chunk (19660800 bytes/CG x 1 CGs, 19660800 bytes)...
[M::mem_process_seqs_merge2] CPE FASTQ formatting done
slave pre done
now n is 84741
processed 84741
[M::mem_process_seqs_merge2] Processed 84741 reads in 0.640 CPU sec, 0.648 real sec
[M::process] read chunk (19660800 bytes/CG x 1 CGs, 19660800 bytes)...
[M::mem_process_seqs_merge2] CPE FASTQ formatting done
slave pre done
now n is 84741
processed 84741
[M::mem_process_seqs_merge2] Processed 84741 reads in 0.590 CPU sec, 0.590 real sec
[M::process] read chunk (19660800 bytes/CG x 1 CGs, 19660800 bytes)...
[M::mem_process_seqs_merge2] CPE FASTQ formatting done
slave pre done
now n is 84741
processed 84741
[M::mem_process_seqs_merge2] Processed 84741 reads in 0.590 CPU sec, 0.595 real sec
[M::process] read chunk (19660800 bytes/CG x 1 CGs, 19660800 bytes)...
[M::mem_process_seqs_merge2] CPE FASTQ formatting done
slave pre done
now n is 84741
processed 84741
[M::mem_process_seqs_merge2] Processed 84741 reads in 0.630 CPU sec, 0.631 real sec
[M::process] read chunk (19660800 bytes/CG x 1 CGs, 19660800 bytes)...
[M::mem_process_seqs_merge2] CPE FASTQ formatting done
slave pre done
now n is 84741
processed 84741
[M::mem_process_seqs_merge2] Processed 84741 reads in 0.610 CPU sec, 0.607 real sec
[M::process] read chunk (19660800 bytes/CG x 1 CGs, 19660800 bytes)...
[M::mem_process_seqs_merge2] CPE FASTQ formatting done
slave pre done
now n is 84741
processed 84741
[M::mem_process_seqs_merge2] Processed 84741 reads in 0.550 CPU sec, 0.548 real sec
[M::process] read chunk (19660800 bytes/CG x 1 CGs, 19660800 bytes)...
[M::mem_process_seqs_merge2] CPE FASTQ formatting done
slave pre done
now n is 84741
processed 84741
[M::mem_process_seqs_merge2] Processed 84741 reads in 0.600 CPU sec, 0.596 real sec
[M::process] read chunk (19660800 bytes/CG x 1 CGs, 19660800 bytes)...
[M::mem_process_seqs_merge2] CPE FASTQ formatting done
slave pre done
now n is 84741
processed 84741
[M::mem_process_seqs_merge2] Processed 84741 reads in 0.620 CPU sec, 0.617 real sec
[M::process] read chunk (19660800 bytes/CG x 1 CGs, 19660800 bytes)...
[M::mem_process_seqs_merge2] CPE FASTQ formatting done
slave pre done
now n is 84741
processed 84741
[M::mem_process_seqs_merge2] Processed 84741 reads in 0.590 CPU sec, 0.588 real sec
[M::process] read chunk (19660800 bytes/CG x 1 CGs, 19660800 bytes)...
[M::mem_process_seqs_merge2] CPE FASTQ formatting done
slave pre done
now n is 84741
processed 84741
[M::mem_process_seqs_merge2] Processed 84741 reads in 0.560 CPU sec, 0.558 real sec
[M::process] read chunk (19660800 bytes/CG x 1 CGs, 19660800 bytes)...
[M::mem_process_seqs_merge2] CPE FASTQ formatting done
slave pre done
now n is 84741
processed 84741
[M::mem_process_seqs_merge2] Processed 84741 reads in 0.600 CPU sec, 0.602 real sec
[M::process] read chunk (19660800 bytes/CG x 1 CGs, 19660800 bytes)...
[M::mem_process_seqs_merge2] CPE FASTQ formatting done
slave pre done
now n is 84741
processed 84741
[M::mem_process_seqs_merge2] Processed 84741 reads in 0.610 CPU sec, 0.604 real sec
[M::process] read chunk (19660800 bytes/CG x 1 CGs, 19660800 bytes)...
[M::mem_process_seqs_merge2] CPE FASTQ formatting done
slave pre done
now n is 84741
processed 84741
[M::mem_process_seqs_merge2] Processed 84741 reads in 0.580 CPU sec, 0.580 real sec
[M::process] read chunk (19660800 bytes/CG x 1 CGs, 19660800 bytes)...
[M::mem_process_seqs_merge2] CPE FASTQ formatting done
slave pre done
now n is 84741
processed 84741
[M::mem_process_seqs_merge2] Processed 84741 reads in 0.550 CPU sec, 0.555 real sec
[M::process] read chunk (19660800 bytes/CG x 1 CGs, 19660800 bytes)...
[M::mem_process_seqs_merge2] CPE FASTQ formatting done
slave pre done
now n is 84741
processed 84741
[M::mem_process_seqs_merge2] Processed 84741 reads in 0.640 CPU sec, 0.647 real sec
[M::process] read chunk (19660800 bytes/CG x 1 CGs, 19660800 bytes)...
[M::mem_process_seqs_merge2] CPE FASTQ formatting done
slave pre done
now n is 84741
processed 84741
[M::mem_process_seqs_merge2] Processed 84741 reads in 0.620 CPU sec, 0.621 real sec
[M::process] read chunk (19660800 bytes/CG x 1 CGs, 19660800 bytes)...
[M::mem_process_seqs_merge2] CPE FASTQ formatting done
slave pre done
now n is 84741
processed 84741
[M::mem_process_seqs_merge2] Processed 84741 reads in 0.650 CPU sec, 0.647 real sec
[M::process] read chunk (19660800 bytes/CG x 1 CGs, 19660800 bytes)...
[M::mem_process_seqs_merge2] CPE FASTQ formatting done
slave pre done
now n is 84741
processed 84741
[M::mem_process_seqs_merge2] Processed 84741 reads in 0.600 CPU sec, 0.597 real sec
[M::process] read chunk (19660800 bytes/CG x 1 CGs, 19660800 bytes)...
[M::mem_process_seqs_merge2] CPE FASTQ formatting done
slave pre done
now n is 84741
processed 84741
[M::mem_process_seqs_merge2] Processed 84741 reads in 0.580 CPU sec, 0.580 real sec
[M::process] read chunk (19660800 bytes/CG x 1 CGs, 19660800 bytes)...
[M::mem_process_seqs_merge2] CPE FASTQ formatting done
slave pre done
now n is 84741
processed 84741
[M::mem_process_seqs_merge2] Processed 84741 reads in 0.610 CPU sec, 0.601 real sec
[M::process] read chunk (19660800 bytes/CG x 1 CGs, 19660800 bytes)...
[M::mem_process_seqs_merge2] CPE FASTQ formatting done
slave pre done
now n is 84741
processed 84741
[M::mem_process_seqs_merge2] Processed 84741 reads in 0.580 CPU sec, 0.587 real sec
[M::process] read chunk (19660800 bytes/CG x 1 CGs, 19660800 bytes)...
[M::mem_process_seqs_merge2] CPE FASTQ formatting done
slave pre done
now n is 84741
processed 84741
[M::mem_process_seqs_merge2] Processed 84741 reads in 0.710 CPU sec, 0.712 real sec
[M::process] read chunk (19660800 bytes/CG x 1 CGs, 19660800 bytes)...
[M::mem_process_seqs_merge2] CPE FASTQ formatting done
slave pre done
now n is 84741
processed 84741
[M::mem_process_seqs_merge2] Processed 84741 reads in 0.610 CPU sec, 0.615 real sec
[M::process] read chunk (19660800 bytes/CG x 1 CGs, 19660800 bytes)...
[M::mem_process_seqs_merge2] CPE FASTQ formatting done
slave pre done
now n is 84741
processed 84741
[M::mem_process_seqs_merge2] Processed 84741 reads in 0.610 CPU sec, 0.604 real sec
[M::process] read chunk (19660800 bytes/CG x 1 CGs, 19660800 bytes)...
[M::mem_process_seqs_merge2] CPE FASTQ formatting done
slave pre done
now n is 84741
processed 84741
[M::mem_process_seqs_merge2] Processed 84741 reads in 0.580 CPU sec, 0.575 real sec
[M::process] read chunk (19660800 bytes/CG x 1 CGs, 19660800 bytes)...
[M::mem_process_seqs_merge2] CPE FASTQ formatting done
slave pre done
now n is 84741
processed 84741
[M::mem_process_seqs_merge2] Processed 84741 reads in 0.580 CPU sec, 0.577 real sec
[M::process] read chunk (19660800 bytes/CG x 1 CGs, 19660800 bytes)...
[M::mem_process_seqs_merge2] CPE FASTQ formatting done
slave pre done
now n is 84741
processed 84741
[M::mem_process_seqs_merge2] Processed 84741 reads in 0.630 CPU sec, 0.627 real sec
[M::process] read chunk (19660800 bytes/CG x 1 CGs, 19660800 bytes)...
[M::mem_process_seqs_merge2] CPE FASTQ formatting done
slave pre done
now n is 84741
processed 84741
[M::mem_process_seqs_merge2] Processed 84741 reads in 0.580 CPU sec, 0.583 real sec
[M::process] read chunk (19660800 bytes/CG x 1 CGs, 19660800 bytes)...
[M::mem_process_seqs_merge2] CPE FASTQ formatting done
slave pre done
now n is 84741
processed 84741
[M::mem_process_seqs_merge2] Processed 84741 reads in 0.650 CPU sec, 0.654 real sec
[M::process] read chunk (19660800 bytes/CG x 1 CGs, 19660800 bytes)...
[M::mem_process_seqs_merge2] CPE FASTQ formatting done
slave pre done
now n is 84741
processed 84741
[M::mem_process_seqs_merge2] Processed 84741 reads in 0.610 CPU sec, 0.604 real sec
[M::process] read chunk (19660800 bytes/CG x 1 CGs, 19660800 bytes)...
[M::mem_process_seqs_merge2] CPE FASTQ formatting done
slave pre done
now n is 84741
processed 84741
[M::mem_process_seqs_merge2] Processed 84741 reads in 0.620 CPU sec, 0.623 real sec
[M::process] read chunk (19660800 bytes/CG x 1 CGs, 19660800 bytes)...
[M::mem_process_seqs_merge2] CPE FASTQ formatting done
slave pre done
now n is 84741
processed 84741
[M::mem_process_seqs_merge2] Processed 84741 reads in 0.610 CPU sec, 0.612 real sec
[M::process] read chunk (19660800 bytes/CG x 1 CGs, 19660800 bytes)...
[M::mem_process_seqs_merge2] CPE FASTQ formatting done
slave pre done
now n is 84741
processed 84741
[M::mem_process_seqs_merge2] Processed 84741 reads in 0.650 CPU sec, 0.651 real sec
[M::process] read chunk (19660800 bytes/CG x 1 CGs, 19660800 bytes)...
[M::mem_process_seqs_merge2] CPE FASTQ formatting done
slave pre done
now n is 84741
processed 84741
[M::mem_process_seqs_merge2] Processed 84741 reads in 0.580 CPU sec, 0.578 real sec
[M::process] read chunk (19660800 bytes/CG x 1 CGs, 19660800 bytes)...
[M::mem_process_seqs_merge2] CPE FASTQ formatting done
slave pre done
now n is 84741
processed 84741
[M::mem_process_seqs_merge2] Processed 84741 reads in 0.600 CPU sec, 0.601 real sec
[M::process] read chunk (19660800 bytes/CG x 1 CGs, 19660800 bytes)...
[M::mem_process_seqs_merge2] CPE FASTQ formatting done
slave pre done
now n is 84741
processed 84741
[M::mem_process_seqs_merge2] Processed 84741 reads in 0.580 CPU sec, 0.582 real sec
[M::process] read chunk (19660800 bytes/CG x 1 CGs, 19660800 bytes)...
[M::mem_process_seqs_merge2] CPE FASTQ formatting done
slave pre done
now n is 84741
processed 84741
[M::mem_process_seqs_merge2] Processed 84741 reads in 0.590 CPU sec, 0.583 real sec
[M::process] read chunk (19660800 bytes/CG x 1 CGs, 19660800 bytes)...
[M::mem_process_seqs_merge2] CPE FASTQ formatting done
slave pre done
now n is 84741
processed 84741
[M::mem_process_seqs_merge2] Processed 84741 reads in 0.660 CPU sec, 0.660 real sec
[M::process] read chunk (19660800 bytes/CG x 1 CGs, 19660800 bytes)...
[M::mem_process_seqs_merge2] CPE FASTQ formatting done
slave pre done
now n is 84741
processed 84741
[M::mem_process_seqs_merge2] Processed 84741 reads in 0.630 CPU sec, 0.638 real sec
[M::process] read chunk (19660800 bytes/CG x 1 CGs, 19660800 bytes)...
[M::mem_process_seqs_merge2] CPE FASTQ formatting done
slave pre done
now n is 84741
processed 84741
[M::mem_process_seqs_merge2] Processed 84741 reads in 0.640 CPU sec, 0.638 real sec
[M::process] read chunk (19660800 bytes/CG x 1 CGs, 19660800 bytes)...
[M::mem_process_seqs_merge2] CPE FASTQ formatting done
slave pre done
now n is 84741
processed 84741
[M::mem_process_seqs_merge2] Processed 84741 reads in 1.000 CPU sec, 1.000 real sec
[M::process] read chunk (19660800 bytes/CG x 1 CGs, 19660800 bytes)...
[M::mem_process_seqs_merge2] CPE FASTQ formatting done
slave pre done
now n is 84741
processed 84741
[M::mem_process_seqs_merge2] Processed 84741 reads in 0.690 CPU sec, 0.690 real sec
[M::process] read chunk (19660800 bytes/CG x 1 CGs, 19660800 bytes)...
[M::mem_process_seqs_merge2] CPE FASTQ formatting done
slave pre done
now n is 84741
processed 84741
[M::mem_process_seqs_merge2] Processed 84741 reads in 0.650 CPU sec, 0.654 real sec
[M::process] read chunk (19660800 bytes/CG x 1 CGs, 19660800 bytes)...
[M::mem_process_seqs_merge2] CPE FASTQ formatting done
slave pre done
now n is 84741
processed 84741
[M::mem_process_seqs_merge2] Processed 84741 reads in 0.620 CPU sec, 0.626 real sec
[M::process] read chunk (19660800 bytes/CG x 1 CGs, 19660800 bytes)...
[M::mem_process_seqs_merge2] CPE FASTQ formatting done
slave pre done
now n is 84741
processed 84741
[M::mem_process_seqs_merge2] Processed 84741 reads in 1.170 CPU sec, 1.167 real sec
[M::process] read chunk (19660800 bytes/CG x 1 CGs, 19470600 bytes)...
[M::mem_process_seqs_merge2] CPE FASTQ formatting done
slave pre done
now n is 83925
processed 83925
[M::mem_process_seqs_merge2] Processed 83925 reads in 6.090 CPU sec, 6.091 real sec

====================== SWBWA Output Debug =====================
  MPI rank: 000000 / 000001
  mode:     non-MPI POSIX
  path:     bigdata_results/single_system/has1/ERR1203383_SE.sam

  Output volume
    output buffer capacity                           67108864
    swbwa_output_write calls                        15274680
    submitted SAM bytes                           3590277649
    buffered flushes                                      54
    buffered flush bytes                          3590277649
    direct oversized writes                                0
    direct oversized bytes                                 0

  Buffering
    buffered flush total                        50.345890 s  (54 calls, 932331.298 us/call)

  POSIX file writes
    write system calls                                     54
    write system-call bytes                        3590277649
    POSIX write system calls                    50.345769 s  (54 calls, 932329.049 us/call)
    POSIX write effective bandwidth                68.009 MiB/s

  Output close timing
    POSIX close                                  0.000322 s  (1 calls,   322.252 us/call)
================================================================


======================= SWBWA Timing Report =======================
  Accumulated wall-clock time; indented rows are included in
  their parent row and must not be added to it.

  Pipeline
    total - complete three-stage pipeline                   214.564 s
    stage 1 - allocate and read raw FASTQ blocks             31.773 s
    stage 2 - align reads and generate SAM records          117.099 s
    stage 3 - write SAM and release batch data               65.274 s
      SAM output writes                                        59.766 s
      batch cleanup and loop overhead (derived)                 5.508 s

  Stage 1 input details
    batches completed / stage calls                     178 / 179
    input-buffer and batch allocations                        0.001 s  (357 calls, max 0.000 s)
    aggregate requested allocation bytes           3499625928
    FASTQ fseeko calls                                        0.001 s  (178 calls, max 0.000 s)
    FASTQ fread calls                                        31.757 s  (178 calls, max 0.271 s)
    align chunk ends to FASTQ record boundaries               0.000 s  (177 calls, max 0.000 s)
    scheduler, checks and bookkeeping (derived)               0.013 s
    raw FASTQ bytes read                           3499432200  (3337.319 MiB)
    effective fread bandwidth                        105.090 MiB/s
    slowest allocation                                 0.000 s  (64 bytes)
    slowest fread                                      0.271 s  (R1 offset=1258237140, bytes=19660800)

  Stage 2 worker details
    total - active merge worker                             117.089 s
      part 1 - prepare CPE task and reusable buffers            2.061 s
      part 2 - CPE FASTQ formatting and input release           1.014 s
      part 3 - CPE alignment and SAM length pass              111.368 s
      part 4 - assign slices in the shared SAM buffer           1.093 s
      part 5 - CPE SAM record generation                        1.538 s
      part 6 - release temporary worker data                    0.003 s

  Reserved allocator timers (no active timing sites)
    malloc timer                                              0.000 s
    free timer                                                0.000 s
===================================================================

[main] Version: 0.0.1
[main] CMD: ./SWBWA mem -v 4 -t 1 -1 -o bigdata_results/single_system/has1/ERR1203383_SE.sam -I 170,80,500,1 ../data/GRCh38.d1.vd1.fa ../data/bwa_test_big_data/ERR1203383_1.fastq
