[M::main_mem] mean insert size: 170.000, stddev: 80.000, max: 500, min: 1
[MPI input] mode=dynamic chunks=49 bytes_per_cg=19660800 cg_count=1 chunk_bytes=19660800 file_bytes=945555584 scheduler=distributed read_index=exact
malloc bwt->bwt 3107576584, 0x500008804020
malloc bwt->sa 1553788264, 0x5000c1ba1b40
[M::bwa_idx_load_from_disk] read 0 ALT contigs
malloc pac 776894131, 0x50011e5708c0
the input file is ../data/SRR7963242_1.fastq_1
[MPI rank 000000/000006] output: correctness_results/mpi_dynamic_single/no1/SRR7963242_SE.sam
[MPI rank 000001/000006] output: correctness_results/mpi_dynamic_single/no1/SRR7963242_SE.sam
[MPI rank 000002/000006] output: correctness_results/mpi_dynamic_single/no1/SRR7963242_SE.sam
[MPI rank 000003/000006] output: correctness_results/mpi_dynamic_single/no1/SRR7963242_SE.sam
[MPI rank 000004/000006] output: correctness_results/mpi_dynamic_single/no1/SRR7963242_SE.sam
[MPI rank 000005/000006] output: correctness_results/mpi_dynamic_single/no1/SRR7963242_SE.sam
[M::process] read chunk (19660800 bytes/CG x 1 CGs, 19661160 bytes)...
step1 0x5000020204e0
step2 get 0x5000020204e0
step1 0x5000020204e0
step1 0x5000020204e0
step2 get 0x5000020204e0
step2 get 0x5000020204e0
step1 0x5000020204e0
step2 get 0x5000020204e0
step1 0x5000020204e0
step2 get 0x5000020204e0
[M::process] read chunk (19660800 bytes/CG x 1 CGs, 19660664 bytes)...
step1 0x5000020204e0
step2 get 0x5000020204e0
step1 0x500002020530
step1 0x500002020530
step2 put 0x5000020204e0
step2 get 0x500002020530
step3 0x5000020204e0
step2 put 0x5000020204e0
step1 0x500002020530
step3 0x5000020204e0
step1 0x500002020530
step2 put 0x5000020204e0
step2 get 0x500002020530
step3 0x5000020204e0
step1 0x500002020530
step2 get 0x500002020530
step2 put 0x5000020204e0
step2 get 0x500002020530
step3 0x5000020204e0
step2 put 0x5000020204e0
step3 0x5000020204e0
step1 0x500002020530
step2 get 0x500002020530
[M::mem_process_seqs_merge2] Processed 52972 reads in 2.560 CPU sec, 3.053 real sec
step2 put 0x5000020204e0
step2 get 0x500002020530
step3 0x5000020204e0
[M::process] read chunk (19660800 bytes/CG x 1 CGs, 19660664 bytes)...
step2 put 0x500002020530
step3 0x500002020530
step2 put 0x500002020530
step3 0x500002020530
step2 put 0x500002020530
step2 put 0x500002020530
step3 0x500002020530
step3 0x500002020530
step1 0x5000020206c0
step1 0x50000276e000
step2 get 0x50000276e000
step2 put 0x500002020530
step3 0x500002020530
step1 0x5000020204e0
step2 get 0x5000020204e0
step1 0x50000276e000
step2 get 0x50000276e000
[M::mem_process_seqs_merge2] Processed 52289 reads in 1.520 CPU sec, 1.610 real sec
step2 put 0x500002020530
step2 get 0x5000020206c0
step1 0x5000020206c0
step3 0x500002020530
step2 get 0x5000020206c0
[M::process] read chunk (19660800 bytes/CG x 1 CGs, 19660664 bytes)...
step1 0x5000020204e0
step2 get 0x5000020204e0
step2 put 0x50000276e000
step2 put 0x5000020204e0
step3 0x50000276e000
step2 put 0x50000276e000
step3 0x5000020204e0
step2 put 0x5000020206c0
step3 0x50000276e000
step3 0x5000020206c0
[M::mem_process_seqs_merge2] Processed 52289 reads in 1.600 CPU sec, 1.639 real sec
step2 put 0x5000020206c0
step3 0x5000020206c0
step1 0x500002020530
step2 get 0x500002020530
step1 0x500002020530
step1 0x500002020530
step2 get 0x500002020530
step2 get 0x500002020530
step1 0x5000020204e0
step2 get 0x5000020204e0
[M::process] read chunk (19660800 bytes/CG x 1 CGs, 19660820 bytes)...
step1 0x500002020530
step2 get 0x500002020530
step2 put 0x5000020204e0
step3 0x5000020204e0
step1 0x500002020530
step2 get 0x500002020530
step2 put 0x500002020530
step3 0x500002020530
step2 put 0x500002020530
step2 put 0x500002020530
step3 0x500002020530
step3 0x500002020530
step2 put 0x500002020530
[M::mem_process_seqs_merge2] Processed 52289 reads in 1.470 CPU sec, 1.568 real sec
step2 put 0x5000020204e0
step3 0x500002020530
step3 0x5000020204e0
step1 0x50000276e000
step2 get 0x50000276e000
step1 0x5000020206c0
step2 get 0x5000020206c0
step1 0x5000020204e0
step2 get 0x5000020204e0
step1 0x5000020206c0
step1 0x50000276e000
step2 get 0x5000020206c0
step2 get 0x50000276e000
step2 put 0x500002020530
step3 0x500002020530
step1 0x5000020204e0
step2 get 0x5000020204e0
step2 put 0x50000276e000
[M::mem_process_seqs_merge2] Processed 51739 reads in 0.900 CPU sec, 1.612 real sec
step2 put 0x5000020206c0
step2 put 0x5000020204e0
[M::process] read chunk (19660800 bytes/CG x 1 CGs, 19660820 bytes)...
step2 put 0x5000020206c0
step2 put 0x50000276e000
step3 0x5000020206c0
step1 0x500002020530
step2 get 0x500002020530
step2 put 0x5000020204e0
[M::process] read chunk (19660800 bytes/CG x 1 CGs, 19660820 bytes)...
step1 0x5000020206c0
[M::mem_process_seqs_merge2] Processed 51739 reads in 1.270 CPU sec, 1.523 real sec
step2 put 0x500002020530
step2 get 0x5000020206c0
step3 0x500002020530
[M::process] read chunk (19660800 bytes/CG x 1 CGs, 19660820 bytes)...
step1 0x5000020204e0
[M::mem_process_seqs_merge2] Processed 51739 reads in 1.410 CPU sec, 1.575 real sec
step2 put 0x5000020206c0
step2 get 0x5000020204e0
step3 0x5000020206c0
[M::process] read chunk (19660800 bytes/CG x 1 CGs, 1836920 bytes)...
step1 0x500002020530
[M::mem_process_seqs_merge2] Processed 51739 reads in 1.110 CPU sec, 1.616 real sec
step2 put 0x5000020204e0
step2 get 0x500002020530
step3 0x5000020204e0
[M::mem_process_seqs_merge2] Processed 4834 reads in 0.220 CPU sec, 0.277 real sec
step2 put 0x500002020530
step3 0x500002020530
step1 0x5000020206c0
step2 get 0x5000020206c0
step1 0x5000020204e0
step2 get 0x5000020204e0
step1 0x5000020206c0
step1 0x5000020204e0
step2 get 0x5000020206c0
step2 get 0x5000020204e0
step1 0x5000020204e0
step2 get 0x5000020204e0
step2 put 0x5000020206c0
step2 put 0x5000020204e0
step2 put 0x5000020204e0
step2 put 0x5000020206c0
step2 put 0x5000020204e0
step3 0x5000020204e0
step3 0x5000020206c0
step1 0x500002020710
step2 get 0x500002020710
step1 0x5000020206c0
step3 0x50000276e000
step3 0x5000020204e0
step1 0x50000276e050
step2 get 0x50000276e050
step1 0x5000020204e0
step2 put 0x500002020710
step2 get 0x5000020206c0
step3 0x500002020710
step3 0x5000020204e0
step3 0x5000020206c0
step1 0x500002020710
step2 get 0x500002020710
step2 put 0x50000276e050
step2 get 0x5000020204e0
step3 0x50000276e050
step1 0x5000020206c0
step2 put 0x5000020206c0
step3 0x5000020206c0
step3 0x5000020204e0
step1 0x500002020710
step2 get 0x500002020710
step2 put 0x500002020710
step2 get 0x5000020206c0
step3 0x500002020710
step1 0x5000020204e0
step2 put 0x5000020204e0
step3 0x50000276e000
step3 0x5000020204e0
step2 put 0x500002020710
step2 get 0x5000020204e0
step3 0x500002020710
step1 0x50000276e050
step2 get 0x50000276e050
step2 put 0x5000020206c0
step1 0x5000020204e0
step3 0x5000020206c0
step2 put 0x5000020204e0
step2 put 0x50000276e050
step2 get 0x5000020204e0
step3 0x50000276e050
step3 0x5000020204e0
step3 0x5000020206c0
step2 put 0x5000020204e0
step3 0x5000020204e0
step3 0x5000020204e0
[MPI rank 000004/000006] input work: chunks=8 records=415562 bytes=157286088
[MPI rank 000003/000006] input work: chunks=8 records=415562 bytes=157286092
[MPI rank 000000/000006] input work: chunks=9 records=421629 bytes=159123352
[MPI rank 000005/000006] input work: chunks=8 records=415564 bytes=157286844
[MPI rank 000001/000006] input work: chunks=8 records=416119 bytes=157286364
[MPI rank 000002/000006] input work: chunks=8 records=415564 bytes=157286844

======================= SWBWA Timing Report =======================
  MPI rank: 000000 / 000006
  Accumulated wall-clock time; indented rows are included in
  their parent row and must not be added to it.

  Pipeline
    total - complete three-stage pipeline                    32.552 s
    stage 1 - allocate and read raw FASTQ blocks             25.372 s
    stage 2 - align reads and generate SAM records           14.482 s
    stage 3 - write SAM and release batch data                4.812 s
      SAM output writes                                         4.352 s
      batch cleanup and loop overhead (derived)                 0.460 s

  Stage 1 input details
    batches completed / stage calls                       9 / 10
    input-buffer and batch allocations                        0.000 s  (19 calls, max 0.000 s)
    aggregate requested allocation bytes            159133208
    FASTQ fseeko calls                                        0.161 s  (9 calls, max 0.034 s)
    FASTQ fread calls                                         8.041 s  (9 calls, max 1.769 s)
    align chunk ends to FASTQ record boundaries               0.000 s  (0 calls, max 0.000 s)
    scheduler, checks and bookkeeping (derived)              17.170 s
    raw FASTQ bytes read                            159123352  (151.752 MiB)
    effective fread bandwidth                         18.873 MiB/s
    slowest allocation                                 0.000 s  (19661844 bytes)
    slowest fread                                      1.769 s  (R1 offset=471859364, bytes=19660820)

  Stage 2 worker details
    total - active merge worker                              14.475 s
      part 1 - prepare CPE task and reusable buffers            0.790 s
      part 2 - CPE FASTQ formatting and input release           0.106 s
      part 3 - CPE alignment and SAM length pass               13.475 s
      part 4 - assign slices in the shared SAM buffer           0.036 s
      part 5 - CPE SAM record generation                        0.067 s
      part 6 - release temporary worker data                    0.000 s

  Reserved allocator timers (no active timing sites)
    malloc timer                                              0.000 s
    free timer                                                0.000 s
===================================================================


======================= SWBWA Timing Report =======================
  MPI rank: 000001 / 000006
  Accumulated wall-clock time; indented rows are included in
  their parent row and must not be added to it.

  Pipeline
    total - complete three-stage pipeline                    32.552 s
    stage 1 - allocate and read raw FASTQ blocks             29.776 s
    stage 2 - align reads and generate SAM records           13.628 s
    stage 3 - write SAM and release batch data               19.725 s
      SAM output writes                                        19.456 s
      batch cleanup and loop overhead (derived)                 0.270 s

  Stage 1 input details
    batches completed / stage calls                       8 / 9
    input-buffer and batch allocations                        0.000 s  (17 calls, max 0.000 s)
    aggregate requested allocation bytes            157295132
    FASTQ fseeko calls                                        0.123 s  (8 calls, max 0.030 s)
    FASTQ fread calls                                         8.080 s  (8 calls, max 2.181 s)
    align chunk ends to FASTQ record boundaries               0.000 s  (0 calls, max 0.000 s)
    scheduler, checks and bookkeeping (derived)              21.572 s
    raw FASTQ bytes read                            157286364  (150.000 MiB)
    effective fread bandwidth                         18.563 MiB/s
    slowest allocation                                 0.000 s  (19662064 bytes)
    slowest fread                                      2.181 s  (R1 offset=137625788, bytes=19660664)

  Stage 2 worker details
    total - active merge worker                              13.626 s
      part 1 - prepare CPE task and reusable buffers            0.682 s
      part 2 - CPE FASTQ formatting and input release           0.070 s
      part 3 - CPE alignment and SAM length pass               12.780 s
      part 4 - assign slices in the shared SAM buffer           0.029 s
      part 5 - CPE SAM record generation                        0.066 s
      part 6 - release temporary worker data                    0.000 s

  Reserved allocator timers (no active timing sites)
    malloc timer                                              0.000 s
    free timer                                                0.000 s
===================================================================


======================= SWBWA Timing Report =======================
  MPI rank: 000002 / 000006
  Accumulated wall-clock time; indented rows are included in
  their parent row and must not be added to it.

  Pipeline
    total - complete three-stage pipeline                    32.554 s
    stage 1 - allocate and read raw FASTQ blocks             30.321 s
    stage 2 - align reads and generate SAM records           13.635 s
    stage 3 - write SAM and release batch data               18.500 s
      SAM output writes                                        18.255 s
      batch cleanup and loop overhead (derived)                 0.246 s

  Stage 1 input details
    batches completed / stage calls                       8 / 9
    input-buffer and batch allocations                        0.000 s  (17 calls, max 0.000 s)
    aggregate requested allocation bytes            157295612
    FASTQ fseeko calls                                        0.169 s  (8 calls, max 0.064 s)
    FASTQ fread calls                                         8.354 s  (8 calls, max 2.182 s)
    align chunk ends to FASTQ record boundaries               0.000 s  (0 calls, max 0.000 s)
    scheduler, checks and bookkeeping (derived)              21.798 s
    raw FASTQ bytes read                            157286844  (150.000 MiB)
    effective fread bandwidth                         17.955 MiB/s
    slowest allocation                                 0.000 s  (19661844 bytes)
    slowest fread                                      2.182 s  (R1 offset=157286452, bytes=19661040)

  Stage 2 worker details
    total - active merge worker                              13.635 s
      part 1 - prepare CPE task and reusable buffers            0.719 s
      part 2 - CPE FASTQ formatting and input release           0.063 s
      part 3 - CPE alignment and SAM length pass               12.749 s
      part 4 - assign slices in the shared SAM buffer           0.029 s
      part 5 - CPE SAM record generation                        0.075 s
      part 6 - release temporary worker data                    0.000 s

  Reserved allocator timers (no active timing sites)
    malloc timer                                              0.000 s
    free timer                                                0.000 s
===================================================================


======================= SWBWA Timing Report =======================
  MPI rank: 000003 / 000006
  Accumulated wall-clock time; indented rows are included in
  their parent row and must not be added to it.

  Pipeline
    total - complete three-stage pipeline                    32.552 s
    stage 1 - allocate and read raw FASTQ blocks             27.234 s
    stage 2 - align reads and generate SAM records           13.495 s
    stage 3 - write SAM and release batch data               16.650 s
      SAM output writes                                        16.414 s
      batch cleanup and loop overhead (derived)                 0.236 s

  Stage 1 input details
    batches completed / stage calls                       8 / 9
    input-buffer and batch allocations                        0.000 s  (17 calls, max 0.000 s)
    aggregate requested allocation bytes            157294860
    FASTQ fseeko calls                                        0.133 s  (8 calls, max 0.055 s)
    FASTQ fread calls                                         7.420 s  (8 calls, max 1.715 s)
    align chunk ends to FASTQ record boundaries               0.000 s  (0 calls, max 0.000 s)
    scheduler, checks and bookkeeping (derived)              19.681 s
    raw FASTQ bytes read                            157286092  (150.000 MiB)
    effective fread bandwidth                         20.215 MiB/s
    slowest allocation                                 0.000 s  (19661688 bytes)
    slowest fread                                      1.715 s  (R1 offset=176947492, bytes=19660664)

  Stage 2 worker details
    total - active merge worker                              13.495 s
      part 1 - prepare CPE task and reusable buffers            0.677 s
      part 2 - CPE FASTQ formatting and input release           0.042 s
      part 3 - CPE alignment and SAM length pass               12.666 s
      part 4 - assign slices in the shared SAM buffer           0.042 s
      part 5 - CPE SAM record generation                        0.069 s
      part 6 - release temporary worker data                    0.000 s

  Reserved allocator timers (no active timing sites)
    malloc timer                                              0.000 s
    free timer                                                0.000 s
===================================================================


======================= SWBWA Timing Report =======================
  MPI rank: 000004 / 000006
  Accumulated wall-clock time; indented rows are included in
  their parent row and must not be added to it.

  Pipeline
    total - complete three-stage pipeline                    32.552 s
    stage 1 - allocate and read raw FASTQ blocks             25.576 s
    stage 2 - align reads and generate SAM records           13.629 s
    stage 3 - write SAM and release batch data               15.415 s
      SAM output writes                                        15.201 s
      batch cleanup and loop overhead (derived)                 0.214 s

  Stage 1 input details
    batches completed / stage calls                       8 / 9
    input-buffer and batch allocations                        0.000 s  (17 calls, max 0.000 s)
    aggregate requested allocation bytes            157294856
    FASTQ fseeko calls                                        0.107 s  (8 calls, max 0.020 s)
    FASTQ fread calls                                         6.616 s  (8 calls, max 1.784 s)
    align chunk ends to FASTQ record boundaries               0.000 s  (0 calls, max 0.000 s)
    scheduler, checks and bookkeeping (derived)              18.853 s
    raw FASTQ bytes read                            157286088  (150.000 MiB)
    effective fread bandwidth                         22.673 MiB/s
    slowest allocation                                 0.000 s  (19661844 bytes)
    slowest fread                                      1.784 s  (R1 offset=196608156, bytes=19660664)

  Stage 2 worker details
    total - active merge worker                              13.628 s
      part 1 - prepare CPE task and reusable buffers            0.658 s
      part 2 - CPE FASTQ formatting and input release           0.042 s
      part 3 - CPE alignment and SAM length pass               12.821 s
      part 4 - assign slices in the shared SAM buffer           0.030 s
      part 5 - CPE SAM record generation                        0.078 s
      part 6 - release temporary worker data                    0.000 s

  Reserved allocator timers (no active timing sites)
    malloc timer                                              0.000 s
    free timer                                                0.000 s
===================================================================


======================= SWBWA Timing Report =======================
  MPI rank: 000005 / 000006
  Accumulated wall-clock time; indented rows are included in
  their parent row and must not be added to it.

  Pipeline
    total - complete three-stage pipeline                    32.552 s
    stage 1 - allocate and read raw FASTQ blocks             29.544 s
    stage 2 - align reads and generate SAM records           13.809 s
    stage 3 - write SAM and release batch data               16.795 s
      SAM output writes                                        16.607 s
      batch cleanup and loop overhead (derived)                 0.188 s

  Stage 1 input details
    batches completed / stage calls                       8 / 9
    input-buffer and batch allocations                        0.014 s  (17 calls, max 0.014 s)
    aggregate requested allocation bytes            157295612
    FASTQ fseeko calls                                        0.116 s  (8 calls, max 0.032 s)
    FASTQ fread calls                                         6.108 s  (8 calls, max 1.532 s)
    align chunk ends to FASTQ record boundaries               0.000 s  (0 calls, max 0.000 s)
    scheduler, checks and bookkeeping (derived)              23.307 s
    raw FASTQ bytes read                            157286844  (150.000 MiB)
    effective fread bandwidth                         24.559 MiB/s
    slowest allocation                                 0.014 s  (19661844 bytes)
    slowest fread                                      1.532 s  (R1 offset=216268820, bytes=19661040)

  Stage 2 worker details
    total - active merge worker                              13.808 s
      part 1 - prepare CPE task and reusable buffers            0.864 s
      part 2 - CPE FASTQ formatting and input release           0.072 s
      part 3 - CPE alignment and SAM length pass               12.762 s
      part 4 - assign slices in the shared SAM buffer           0.034 s
      part 5 - CPE SAM record generation                        0.077 s
      part 6 - release temporary worker data                    0.000 s

  Reserved allocator timers (no active timing sites)
    malloc timer                                              0.000 s
    free timer                                                0.000 s
===================================================================

[main] Version: 0.0.1
[main] CMD: ./SWBWA mem -v 3 -t 1 -o correctness_results/mpi_dynamic_single/no1/SRR7963242_SE.sam -I 170,80,500,1 ../data/GRCh38.d1.vd1.fa ../data/SRR7963242_1.fastq_1
