[M::main_mem] mean insert size: 170.000, stddev: 80.000, max: 500, min: 1
[CPE input] bytes_per_cg=19660800 cg_count=6 chunk_bytes=117964800 file_bytes=3795555588
malloc bwt->bwt 3107576584, 0x580000486040
malloc bwt->sa 1553788264, 0x5800b9823b60
[M::bwa_idx_load_from_disk] read 0 ALT contigs
malloc pac 776894131, 0x580116285940
the input file is ../data/bwa_test_big_data/small_SRR7963242_1.fastq
the output file is bigdata_results/cgs_system/no1/small_SRR7963242_SE.sam
[M::process] read chunk (19660800 bytes/CG x 6 CGs, 117964800 bytes)...
step1 0x5800000049e0
[M::process] read chunk (19660800 bytes/CG x 6 CGs, 117964800 bytes)...
step2 get 0x5800000049e0
[M::mem_process_seqs_merge2] CPE FASTQ formatting done
[DBG stage1] slow fread: R1 offset=117963996 requested=117964800 read=117964800 elapsed=1.628 s
step1 0x5800000048f0
[M::process] read chunk (19660800 bytes/CG x 6 CGs, 117964800 bytes)...
[DBG stage1] slow fread: R1 offset=235927980 requested=117964800 read=117964800 elapsed=2.248 s
step1 0x580000004a30
[M::process] read chunk (19660800 bytes/CG x 6 CGs, 117964800 bytes)...
slave pre done
now n is 314916
processed 314916
[M::mem_process_seqs_merge2] Processed 314916 reads in 3.570 CPU sec, 4.169 real sec
step2 put 0x5800000049e0
step2 get 0x5800000048f0
step3 0x5800000049e0
[M::mem_process_seqs_merge2] CPE FASTQ formatting done
[DBG stage1] slow fread: R1 offset=353891964 requested=117964800 read=117964800 elapsed=2.640 s
step1 0x580000005d40
[M::process] read chunk (19660800 bytes/CG x 6 CGs, 117964800 bytes)...
slave pre done
now n is 313734
processed 313734
[M::mem_process_seqs_merge2] Processed 313734 reads in 2.830 CPU sec, 3.106 real sec
step2 put 0x5800000048f0
step2 get 0x580000004a30
[M::mem_process_seqs_merge2] CPE FASTQ formatting done
step3 0x5800000048f0
[DBG stage1] slow fread: R1 offset=471855944 requested=117964800 read=117964800 elapsed=2.101 s
step1 0x580000005d90
[M::process] read chunk (19660800 bytes/CG x 6 CGs, 117964800 bytes)...
slave pre done
now n is 313734
processed 313734
[M::mem_process_seqs_merge2] Processed 313734 reads in 2.660 CPU sec, 2.966 real sec
step2 put 0x580000004a30
step2 get 0x580000005d40
[M::mem_process_seqs_merge2] CPE FASTQ formatting done
[DBG stage1] slow fread: R1 offset=589819724 requested=117964800 read=117964800 elapsed=2.589 s
step1 0x580000005de0
[M::process] read chunk (19660800 bytes/CG x 6 CGs, 117964800 bytes)...
slave pre done
now n is 311038
processed 311038
[M::mem_process_seqs_merge2] Processed 311038 reads in 2.640 CPU sec, 2.902 real sec
step2 put 0x580000005d40
step2 get 0x580000005d90
[M::mem_process_seqs_merge2] CPE FASTQ formatting done
[DBG stage1] slow fread: R1 offset=707783504 requested=117964800 read=117964800 elapsed=2.551 s
step1 0x5800000049e0
[M::process] read chunk (19660800 bytes/CG x 6 CGs, 117964800 bytes)...
step3 0x580000004a30
slave pre done
now n is 310431
processed 310431
[M::mem_process_seqs_merge2] Processed 310431 reads in 2.670 CPU sec, 2.920 real sec
step2 put 0x580000005d90
step2 get 0x580000005de0
[M::mem_process_seqs_merge2] CPE FASTQ formatting done
[DBG stage1] slow fread: R1 offset=825747284 requested=117964800 read=117964800 elapsed=2.404 s
step1 0x580000005e30
[M::process] read chunk (19660800 bytes/CG x 6 CGs, 117964800 bytes)...
[DBG stage1] slow fread: R1 offset=943711064 requested=117964800 read=117964800 elapsed=2.673 s
step1 0x5800000048f0
[M::process] read chunk (19660800 bytes/CG x 6 CGs, 117964800 bytes)...
slave pre done
now n is 310431
processed 310431
[M::mem_process_seqs_merge2] Processed 310431 reads in 2.660 CPU sec, 2.969 real sec
step2 put 0x580000005de0
step2 get 0x5800000049e0
[M::mem_process_seqs_merge2] CPE FASTQ formatting done
step3 0x580000005d40
[DBG stage1] slow fread: R1 offset=1061674844 requested=117964800 read=117964800 elapsed=2.865 s
step1 0x580000005980
[M::process] read chunk (19660800 bytes/CG x 6 CGs, 117964800 bytes)...
slave pre done
now n is 310431
processed 310431
[M::mem_process_seqs_merge2] Processed 310431 reads in 2.660 CPU sec, 2.947 real sec
step2 put 0x5800000049e0
step2 get 0x580000005e30
[M::mem_process_seqs_merge2] CPE FASTQ formatting done
[DBG stage1] slow fread: R1 offset=1179638624 requested=117964800 read=117964800 elapsed=2.864 s
step1 0x5800000059d0
[M::process] read chunk (19660800 bytes/CG x 6 CGs, 117964800 bytes)...
slave pre done
now n is 310431
processed 310431
[M::mem_process_seqs_merge2] Processed 310431 reads in 2.550 CPU sec, 2.886 real sec
step2 put 0x580000005e30
step2 get 0x5800000048f0
[DBG stage1] slow fread: R1 offset=1297602404 requested=117964800 read=117964800 elapsed=1.243 s
step1 0x580000004a30
[M::process] read chunk (19660800 bytes/CG x 6 CGs, 117964800 bytes)...
step3 0x580000005d90
[M::mem_process_seqs_merge2] CPE FASTQ formatting done
[DBG stage1] slow fread: R1 offset=1415566184 requested=117964800 read=117964800 elapsed=1.732 s
step1 0x580000005a20
slave pre done
now n is 310431
processed 310431
[M::mem_process_seqs_merge2] Processed 310431 reads in 2.810 CPU sec, 2.951 real sec
step2 put 0x5800000048f0
step2 get 0x580000005980
[M::process] read chunk (19660800 bytes/CG x 6 CGs, 117964800 bytes)...
[DBG stage1] slow fread: R1 offset=1533529964 requested=117964800 read=117964800 elapsed=1.151 s
step1 0x580000005d40
step3 0x580000005de0
[M::mem_process_seqs_merge2] CPE FASTQ formatting done
step3 0x5800000049e0
slave pre done
now n is 310431
processed 310431
[M::mem_process_seqs_merge2] Processed 310431 reads in 2.900 CPU sec, 2.966 real sec
step2 put 0x580000005980
step2 get 0x5800000059d0
[M::process] read chunk (19660800 bytes/CG x 6 CGs, 117964800 bytes)...
[M::mem_process_seqs_merge2] CPE FASTQ formatting done
[DBG stage1] slow fread: R1 offset=1651493744 requested=117964800 read=117964800 elapsed=2.594 s
step1 0x580000005de0
slave pre done
now n is 310431
processed 310431
[M::mem_process_seqs_merge2] Processed 310431 reads in 2.970 CPU sec, 3.279 real sec
step2 put 0x5800000059d0
step2 get 0x580000004a30
[M::process] read chunk (19660800 bytes/CG x 6 CGs, 117964800 bytes)...
[DBG stage1] slow fread: R1 offset=1769457524 requested=117964800 read=117964800 elapsed=1.058 s
step1 0x580000005d90
step3 0x580000005e30
[M::mem_process_seqs_merge2] CPE FASTQ formatting done
slave pre done
now n is 310431
processed 310431
[M::mem_process_seqs_merge2] Processed 310431 reads in 3.070 CPU sec, 3.203 real sec
step2 put 0x580000004a30
step2 get 0x580000005a20
[M::process] read chunk (19660800 bytes/CG x 6 CGs, 117964800 bytes)...
step3 0x5800000048f0
[M::mem_process_seqs_merge2] CPE FASTQ formatting done
[DBG stage1] slow fread: R1 offset=1887421304 requested=117964800 read=117964800 elapsed=1.332 s
step1 0x5800000049e0
slave pre done
now n is 310431
processed 310431
[M::mem_process_seqs_merge2] Processed 310431 reads in 2.850 CPU sec, 3.002 real sec
step2 put 0x580000005a20
step2 get 0x580000005d40
[M::process] read chunk (19660800 bytes/CG x 6 CGs, 117964800 bytes)...
[DBG stage1] slow fread: R1 offset=2005385084 requested=117964800 read=117964800 elapsed=1.085 s
step1 0x580000005e30
step3 0x580000005980
[M::mem_process_seqs_merge2] CPE FASTQ formatting done
slave pre done
now n is 310431
processed 310431
[M::mem_process_seqs_merge2] Processed 310431 reads in 2.970 CPU sec, 3.060 real sec
step2 put 0x580000005d40
step2 get 0x580000005de0
[M::process] read chunk (19660800 bytes/CG x 6 CGs, 117964800 bytes)...
[DBG stage1] slow fread: R1 offset=2123348864 requested=117964800 read=117964800 elapsed=1.018 s
step1 0x5800000048f0
step3 0x5800000059d0
[M::mem_process_seqs_merge2] CPE FASTQ formatting done
slave pre done
now n is 310431
processed 310431
[M::mem_process_seqs_merge2] Processed 310431 reads in 2.790 CPU sec, 2.922 real sec
step2 put 0x580000005de0
step2 get 0x580000005d90
[M::process] read chunk (19660800 bytes/CG x 6 CGs, 117964800 bytes)...
[DBG stage1] slow fread: R1 offset=2241312644 requested=117964800 read=117964800 elapsed=1.210 s
step1 0x580000005980
step3 0x580000004a30
[M::mem_process_seqs_merge2] CPE FASTQ formatting done
step3 0x580000005a20
slave pre done
now n is 310431
processed 310431
[M::mem_process_seqs_merge2] Processed 310431 reads in 3.000 CPU sec, 3.119 real sec
step2 put 0x580000005d90
step2 get 0x5800000049e0
[M::process] read chunk (19660800 bytes/CG x 6 CGs, 117964800 bytes)...
[M::mem_process_seqs_merge2] CPE FASTQ formatting done
[DBG stage1] slow fread: R1 offset=2359276424 requested=117964800 read=117964800 elapsed=2.603 s
step1 0x580000004a30
slave pre done
now n is 310431
processed 310431
[M::mem_process_seqs_merge2] Processed 310431 reads in 2.820 CPU sec, 3.112 real sec
step2 put 0x5800000049e0
step2 get 0x580000005e30
[M::process] read chunk (19660800 bytes/CG x 6 CGs, 117964800 bytes)...
step1 0x5800000059d0
step3 0x580000005d40
[M::mem_process_seqs_merge2] CPE FASTQ formatting done
slave pre done
now n is 310431
processed 310431
[M::mem_process_seqs_merge2] Processed 310431 reads in 2.770 CPU sec, 2.934 real sec
step2 put 0x580000005e30
step2 get 0x5800000048f0
[M::process] read chunk (19660800 bytes/CG x 6 CGs, 117964800 bytes)...
[DBG stage1] slow fread: R1 offset=2595203984 requested=117964800 read=117964800 elapsed=1.007 s
step1 0x580000005a20
step3 0x580000005de0
[M::mem_process_seqs_merge2] CPE FASTQ formatting done
slave pre done
now n is 310431
processed 310431
[M::mem_process_seqs_merge2] Processed 310431 reads in 3.060 CPU sec, 3.193 real sec
step2 put 0x5800000048f0
step2 get 0x580000005980
[M::process] read chunk (19660800 bytes/CG x 6 CGs, 117964800 bytes)...
step3 0x580000005d90
[M::mem_process_seqs_merge2] CPE FASTQ formatting done
[DBG stage1] slow fread: R1 offset=2713167764 requested=117964800 read=117964800 elapsed=1.848 s
step1 0x580000005d40
slave pre done
now n is 310431
processed 310431
[M::mem_process_seqs_merge2] Processed 310431 reads in 2.990 CPU sec, 3.111 real sec
step2 put 0x580000005980
step2 get 0x580000004a30
[M::process] read chunk (19660800 bytes/CG x 6 CGs, 117964800 bytes)...
[DBG stage1] slow fread: R1 offset=2831131544 requested=117964800 read=117964800 elapsed=1.236 s
step1 0x580000005de0
step3 0x5800000049e0
[M::mem_process_seqs_merge2] CPE FASTQ formatting done
slave pre done
now n is 310431
step3 0x580000005e30
processed 310431
[M::mem_process_seqs_merge2] Processed 310431 reads in 2.900 CPU sec, 2.982 real sec
step2 put 0x580000004a30
step2 get 0x5800000059d0
[M::process] read chunk (19660800 bytes/CG x 6 CGs, 117964800 bytes)...
[M::mem_process_seqs_merge2] CPE FASTQ formatting done
[DBG stage1] slow fread: R1 offset=2949095324 requested=117964800 read=117964800 elapsed=2.932 s
step1 0x5800000049e0
slave pre done
now n is 310431
processed 310431
[M::mem_process_seqs_merge2] Processed 310431 reads in 2.950 CPU sec, 3.310 real sec
step2 put 0x5800000059d0
step2 get 0x580000005a20
[M::process] read chunk (19660800 bytes/CG x 6 CGs, 117964800 bytes)...
[DBG stage1] slow fread: R1 offset=3067059104 requested=117964800 read=117964800 elapsed=1.172 s
step1 0x580000005d90
step3 0x5800000048f0
[M::mem_process_seqs_merge2] CPE FASTQ formatting done
slave pre done
now n is 310431
processed 310431
[M::mem_process_seqs_merge2] Processed 310431 reads in 3.050 CPU sec, 3.102 real sec
step2 put 0x580000005a20
step2 get 0x580000005d40
[M::process] read chunk (19660800 bytes/CG x 6 CGs, 117964800 bytes)...
[DBG stage1] slow fread: R1 offset=3185022884 requested=117964800 read=117964800 elapsed=1.143 s
step1 0x580000005e30
step3 0x580000005980
[M::mem_process_seqs_merge2] CPE FASTQ formatting done
slave pre done
now n is 310431
processed 310431
[M::mem_process_seqs_merge2] Processed 310431 reads in 2.930 CPU sec, 2.977 real sec
step2 put 0x580000005d40
step2 get 0x580000005de0
[M::process] read chunk (19660800 bytes/CG x 6 CGs, 117964800 bytes)...
[DBG stage1] slow fread: R1 offset=3302986664 requested=117964800 read=117964800 elapsed=1.162 s
step1 0x5800000048f0
step3 0x580000004a30
[M::mem_process_seqs_merge2] CPE FASTQ formatting done
slave pre done
now n is 310431
processed 310431
[M::mem_process_seqs_merge2] Processed 310431 reads in 2.960 CPU sec, 2.988 real sec
step2 put 0x580000005de0
step2 get 0x5800000049e0
[M::process] read chunk (19660800 bytes/CG x 6 CGs, 117964800 bytes)...
[DBG stage1] slow fread: R1 offset=3420950444 requested=117964800 read=117964800 elapsed=1.159 s
step1 0x580000005980
step3 0x5800000059d0
[M::mem_process_seqs_merge2] CPE FASTQ formatting done
step3 0x580000005a20
slave pre done
now n is 310431
processed 310431
[M::mem_process_seqs_merge2] Processed 310431 reads in 2.890 CPU sec, 3.012 real sec
step2 put 0x5800000049e0
step2 get 0x580000005d90
[M::process] read chunk (19660800 bytes/CG x 6 CGs, 117964800 bytes)...
[M::mem_process_seqs_merge2] CPE FASTQ formatting done
[DBG stage1] slow fread: R1 offset=3538914224 requested=117964800 read=117964800 elapsed=2.838 s
step1 0x5800000059d0
slave pre done
now n is 310431
processed 310431
[M::mem_process_seqs_merge2] Processed 310431 reads in 2.900 CPU sec, 3.194 real sec
step2 put 0x580000005d90
step2 get 0x580000005e30
[M::process] read chunk (19660800 bytes/CG x 6 CGs, 117964800 bytes)...
[DBG stage1] slow fread: R1 offset=3656878004 requested=117964800 read=117964800 elapsed=1.203 s
step1 0x580000004a30
step3 0x580000005d40
[M::mem_process_seqs_merge2] CPE FASTQ formatting done
slave pre done
now n is 310431
processed 310431
[M::mem_process_seqs_merge2] Processed 310431 reads in 2.790 CPU sec, 2.990 real sec
step2 put 0x580000005e30
step2 get 0x5800000048f0
[M::process] read chunk (19660800 bytes/CG x 6 CGs, 20713804 bytes)...
step1 0x580000005a20
step3 0x580000005de0
[M::mem_process_seqs_merge2] CPE FASTQ formatting done
slave pre done
now n is 310431
processed 310431
[M::mem_process_seqs_merge2] Processed 310431 reads in 2.950 CPU sec, 3.042 real sec
step2 put 0x5800000048f0
step2 get 0x580000005980
step3 0x5800000049e0
[M::mem_process_seqs_merge2] CPE FASTQ formatting done
slave pre done
now n is 310431
processed 310431
[M::mem_process_seqs_merge2] Processed 310431 reads in 2.810 CPU sec, 2.931 real sec
step2 put 0x580000005980
step2 get 0x5800000059d0
step3 0x580000005d90
[M::mem_process_seqs_merge2] CPE FASTQ formatting done
slave pre done
now n is 310431
processed 310431
[M::mem_process_seqs_merge2] Processed 310431 reads in 2.940 CPU sec, 3.079 real sec
step2 put 0x5800000059d0
step2 get 0x580000004a30
step3 0x580000005e30
[M::mem_process_seqs_merge2] CPE FASTQ formatting done
step3 0x5800000048f0
slave pre done
now n is 310431
processed 310431
[M::mem_process_seqs_merge2] Processed 310431 reads in 2.850 CPU sec, 2.998 real sec
step2 put 0x580000004a30
step2 get 0x580000005a20
[M::mem_process_seqs_merge2] CPE FASTQ formatting done
slave pre done
now n is 54510
processed 54510
[M::mem_process_seqs_merge2] Processed 54510 reads in 0.950 CPU sec, 0.954 real sec
step2 put 0x580000005a20
step3 0x580000005980
step3 0x5800000059d0
step3 0x580000004a30
step3 0x580000005a20

====================== SWBWA Output Debug =====================
  MPI rank: 000000 / 000001
  mode:     non-MPI POSIX
  path:     bigdata_results/cgs_system/no1/small_SRR7963242_SE.sam

  Output volume
    output buffer capacity                           67108864
    swbwa_output_write calls                        10000000
    submitted SAM bytes                           3920595145
    buffered flushes                                      59
    buffered flush bytes                          3920595145
    direct oversized writes                                0
    direct oversized bytes                                 0

  Buffering
    buffered flush total                       101.375783 s  (59 calls, 1718233.604 us/call)

  POSIX file writes
    write system calls                                     59
    write system-call bytes                        3920595145
    POSIX write system calls                   101.375330 s  (59 calls, 1718225.932 us/call)
    POSIX write effective bandwidth                36.882 MiB/s

  Output close timing
    POSIX close                                  0.000375 s  (1 calls,   375.301 us/call)
================================================================


======================= SWBWA Timing Report =======================
  Accumulated wall-clock time; indented rows are included in
  their parent row and must not be added to it.

  Pipeline
    total - complete three-stage pipeline                   131.811 s
    stage 1 - allocate and read raw FASTQ blocks             57.356 s
    stage 2 - align reads and generate SAM records           99.288 s
    stage 3 - write SAM and release batch data              126.341 s
      SAM output writes                                       116.873 s
      batch cleanup and loop overhead (derived)                 9.469 s

  Stage 1 input details
    batches completed / stage calls                      33 / 34
    input-buffer and batch allocations                        0.001 s  (67 calls, max 0.000 s)
    aggregate requested allocation bytes           3795623372
    FASTQ fseeko calls                                        0.000 s  (33 calls, max 0.000 s)
    FASTQ fread calls                                        57.338 s  (33 calls, max 2.932 s)
    align chunk ends to FASTQ record boundaries               0.000 s  (32 calls, max 0.000 s)
    scheduler, checks and bookkeeping (derived)               0.018 s
    raw FASTQ bytes read                           3795587404  (3619.754 MiB)
    effective fread bandwidth                         63.130 MiB/s
    slowest allocation                                 0.000 s  (64 bytes)
    slowest fread                                      2.932 s  (R1 offset=2949095324, bytes=117964800)

  Stage 2 worker details
    total - active merge worker                              99.276 s
      part 1 - prepare CPE task and reusable buffers            1.445 s
      part 2 - CPE FASTQ formatting and input release           0.233 s
      part 3 - CPE alignment and SAM length pass               95.981 s
      part 4 - assign slices in the shared SAM buffer           1.060 s
      part 5 - CPE SAM record generation                        0.547 s
      part 6 - release temporary worker data                    0.001 s

  Reserved allocator timers (no active timing sites)
    malloc timer                                              0.000 s
    free timer                                                0.000 s
===================================================================

[main] Version: 0.0.1
[main] CMD: ./SWBWA mem -v 4 -t 1 -o bigdata_results/cgs_system/no1/small_SRR7963242_SE.sam -I 170,80,500,1 ../data/GRCh38.d1.vd1.fa ../data/bwa_test_big_data/small_SRR7963242_1.fastq
