[M::main_mem] mean insert size: 170.000, stddev: 80.000, max: 500, min: 1
[CPE input] bytes_per_cg=19660800 cg_count=6 chunk_bytes=117964800 file_bytes=945555584
malloc bwt->bwt 3107576584, 0x580000486040
malloc bwt->sa 1553788264, 0x5800b9823b60
[M::bwa_idx_load_from_disk] read 0 ALT contigs
malloc pac 776894131, 0x580116285940
the input file is ../data/SRR7963242_1.fastq_1
the input file is ../data/SRR7963242_2.fastq_1
the output file is /dev/null
[M::process] read chunk (19660800 bytes/CG x 6 CGs, 117964800 bytes)...
[DBG stage1] slow fread: R1 offset=0 requested=117964800 read=117964800 elapsed=1.092 s
[DBG stage1] slow fread: R2 offset=0 requested=117964800 read=117964800 elapsed=1.248 s
[M::swbwa_cross_runtime_init] initialized cross-segment runtime in 0.069 sec
start swbwa_cross_run
[M::mem_process_seqs_merge2] CPE FASTQ formatting done
start swbwa_cross_run
slave pre done
now n is 629832
start swbwa_cross_run
processed 629832
[M::mem_process_seqs_merge2] Processed 629832 reads in 0.120 CPU sec, 6.921 real sec
[M::process] read chunk (19660800 bytes/CG x 6 CGs, 117964800 bytes)...
[DBG stage1] slow fread: R1 offset=117963996 requested=117964800 read=117964800 elapsed=1.135 s
[DBG stage1] slow fread: R2 offset=117963996 requested=117964800 read=117964800 elapsed=1.405 s
start swbwa_cross_run
[M::mem_process_seqs_merge2] CPE FASTQ formatting done
start swbwa_cross_run
slave pre done
now n is 627468
start swbwa_cross_run
processed 627468
[M::mem_process_seqs_merge2] Processed 627468 reads in 0.050 CPU sec, 5.804 real sec
[M::process] read chunk (19660800 bytes/CG x 6 CGs, 117964800 bytes)...
[DBG stage1] slow fread: R1 offset=235927980 requested=117964800 read=117964800 elapsed=1.202 s
[DBG stage1] slow fread: R2 offset=235927980 requested=117964800 read=117964800 elapsed=1.187 s
start swbwa_cross_run
[M::mem_process_seqs_merge2] CPE FASTQ formatting done
start swbwa_cross_run
slave pre done
now n is 627468
start swbwa_cross_run
processed 627468
[M::mem_process_seqs_merge2] Processed 627468 reads in 0.050 CPU sec, 5.989 real sec
[M::process] read chunk (19660800 bytes/CG x 6 CGs, 117964800 bytes)...
[DBG stage1] slow fread: R1 offset=353891964 requested=117964800 read=117964800 elapsed=1.118 s
[DBG stage1] slow fread: R2 offset=353891964 requested=117964800 read=117964800 elapsed=1.362 s
start swbwa_cross_run
[M::mem_process_seqs_merge2] CPE FASTQ formatting done
start swbwa_cross_run
slave pre done
now n is 622076
start swbwa_cross_run
processed 622076
[M::mem_process_seqs_merge2] Processed 622076 reads in 0.050 CPU sec, 5.520 real sec
[M::process] read chunk (19660800 bytes/CG x 6 CGs, 117964800 bytes)...
[DBG stage1] slow fread: R1 offset=471855944 requested=117964800 read=117964800 elapsed=1.085 s
[DBG stage1] slow fread: R2 offset=471855944 requested=117964800 read=117964800 elapsed=1.365 s
start swbwa_cross_run
[M::mem_process_seqs_merge2] CPE FASTQ formatting done
start swbwa_cross_run
slave pre done
now n is 620862
start swbwa_cross_run
processed 620862
[M::mem_process_seqs_merge2] Processed 620862 reads in 0.060 CPU sec, 5.699 real sec
[M::process] read chunk (19660800 bytes/CG x 6 CGs, 117964800 bytes)...
[DBG stage1] slow fread: R1 offset=589819724 requested=117964800 read=117964800 elapsed=1.264 s
[DBG stage1] slow fread: R2 offset=589819724 requested=117964800 read=117964800 elapsed=1.297 s
start swbwa_cross_run
[M::mem_process_seqs_merge2] CPE FASTQ formatting done
start swbwa_cross_run
slave pre done
now n is 620862
start swbwa_cross_run
processed 620862
[M::mem_process_seqs_merge2] Processed 620862 reads in 0.060 CPU sec, 5.501 real sec
[M::process] read chunk (19660800 bytes/CG x 6 CGs, 117964800 bytes)...
[DBG stage1] slow fread: R1 offset=707783504 requested=117964800 read=117964800 elapsed=1.182 s
[DBG stage1] slow fread: R2 offset=707783504 requested=117964800 read=117964800 elapsed=1.202 s
start swbwa_cross_run
[M::mem_process_seqs_merge2] CPE FASTQ formatting done
start swbwa_cross_run
slave pre done
now n is 620862
start swbwa_cross_run
processed 620862
[M::mem_process_seqs_merge2] Processed 620862 reads in 0.050 CPU sec, 5.685 real sec
[M::process] read chunk (19660800 bytes/CG x 6 CGs, 117964800 bytes)...
[DBG stage1] slow fread: R1 offset=825747284 requested=117964800 read=117964800 elapsed=1.176 s
[DBG stage1] slow fread: R2 offset=825747284 requested=117964800 read=117964800 elapsed=1.287 s
start swbwa_cross_run
[M::mem_process_seqs_merge2] CPE FASTQ formatting done
start swbwa_cross_run
slave pre done
now n is 620862
start swbwa_cross_run
processed 620862
[M::mem_process_seqs_merge2] Processed 620862 reads in 0.050 CPU sec, 5.556 real sec
[M::process] read chunk (19660800 bytes/CG x 6 CGs, 1844520 bytes)...
start swbwa_cross_run
[M::mem_process_seqs_merge2] CPE FASTQ formatting done
start swbwa_cross_run
slave pre done
now n is 9708
start swbwa_cross_run
processed 9708
[M::mem_process_seqs_merge2] Processed 9708 reads in 0.010 CPU sec, 0.335 real sec

====================== SWBWA Output Debug =====================
  MPI rank: 000000 / 000001
  mode:     non-MPI POSIX
  path:     /dev/null

  Output volume
    output buffer capacity                           67108864
    swbwa_output_write calls                         5000000
    submitted SAM bytes                           2107655733
    buffered flushes                                      32
    buffered flush bytes                          2107655733
    direct oversized writes                                0
    direct oversized bytes                                 0

  Buffering
    buffered flush total                         0.000231 s  (32 calls,     7.228 us/call)

  POSIX file writes
    write system calls                                     32
    write system-call bytes                        2107655733
    POSIX write system calls                     0.000178 s  (32 calls,     5.561 us/call)
    POSIX write effective bandwidth            11295336.457 MiB/s

  Output close timing
    POSIX close                                  0.000015 s  (1 calls,    15.450 us/call)
================================================================


================ SWBWA CPE Profile (LWPF) ================
  sampled CG: 5 (64 CPEs)
  counters: cycle, instructions, global loads/stores,
            D-cache accesses/misses, memory-barrier waits,
            instruction-buffer-empty cycles
  values: average | minimum | maximum across sampled CPEs

LWPF kernel summary for unit SWBWA
+-----------------+-----------------+-----------------+-----------------+-----------------+-----------------+-----------------+-----------------+-----------------+
|                 |                 |                 |                 |                 |                 |                 |                 |       CYC       |
|     KERNEL      |      CYCLE      |      INST       |       GLD       |       GST       |  DCACHE ACCESS  |   DCACHE MISS   |  CYC MEMB WAIT  | INSTBUFFEREMPTY |
|                 |                 |                 |                 |                 |                 |                 |                 |                 |
+-----------------+-----------------+-----------------+-----------------+-----------------+-----------------+-----------------+-----------------+-----------------+
|WORKER ALIGNMENT |  97G|  96G|  98G|  66G|  65G|  67G|6466.|5704.|7167.|   0.|   0.|   0.|6361M|6031M|6585M|  22M|  20M|  24M|  48.|   0.|3084.|  13G|  12G|  13G|
|    MEM CHAIN    |  24G|  22G|  27G|  13G|  12G|  14G|   0.|   0.|   0.|   0.|   0.|   0.| 568M| 523M| 620M|  20M|  18M|  22M|   0.|   0.|   0.|3869M|3525M|4245M|
|  CHAIN FILTER   |3394M|2768M|4085M|1609M|1334M|1969M|   0.|   0.|   0.|   0.|   0.|   0.| 330M| 267M| 407M| 219K|  55K| 941K|   0.|   0.|   0.| 401M| 370M| 448M|
| CHAIN EXTENSION |  23G|  21G|  25G|  18G|  16G|  20G|   0.|   0.|   0.|   0.|   0.|   0.|2673M|2357M|2899M| 664K| 595K| 825K|   0.|   0.|   0.|4167M|3993M|4379M|
| ALIGNMENT...... |1378M|1294M|1537M| 707M| 644M| 846M|   0.|   0.|   0.|   0.|   0.|   0.| 111M| 100M| 138M|1735.| 890.|3660.|   0.|   0.|   0.| 290M| 280M| 303M|
|   MATE RESCUE   |  41G|  37G|  44G|  31G|  28G|  33G|   0.|   0.|   0.|   0.|   0.|   0.|2443M|2178M|2563M| 763K| 432K|1151K|   0.|   0.|   0.|2952M|2575M|3224M|
|     PAIRING     | 288M| 272M| 320M|  88M|  84M| 100M|   0.|   0.|   0.|   0.|   0.|   0.|  16M|  15M|  18M|  31K|  25K|  42K|   0.|   0.|   0.| 123M| 111M| 133M|
|   SAM FORMAT    |  44G|  40G|  47G|  33G|  30G|  34G|   0.|   0.|   0.|   0.|   0.|   0.|2673M|2420M|2787M| 971K| 633K|1362K|   0.|   0.|   0.|4049M|3774M|4261M|
|    SAM COPY     | 428M| 396M| 452M|  12M|  11M|  13M|   0.|   0.|   0.|   0.|   0.|   0.|2291K|2029K|2552K|  81K|  72K|  90K|   0.|   0.|   0.| 368M| 342M| 386M|
| MEM CHAIN...... |  11G|9877M|  12G|6736M|5951M|7499M|   0.|   0.|   0.|   0.|   0.|   0.| 263M| 232M| 293M|9855K|8626K|  11M|   0.|   0.|   0.|1546M|1370M|1730M|
| MEM CHAIN BUILD |  13G|  12G|  14G|5979M|5554M|6615M|   0.|   0.|   0.|   0.|   0.|   0.| 304M| 283M| 325M|  10M|9381K|  11M|   0.|   0.|   0.|2135M|1961M|2306M|
|CHAIN EXTENSION..|  18G|  16G|  20G|  17G|  15G|  18G|   0.|   0.|   0.|   0.|   0.|   0.|2449M|2144M|2673M| 126K| 105K| 170K|   0.|   0.|   0.|1587M|1478M|1706M|
| MATE REF FETCH  | 353M| 327M| 377M| 216M| 201M| 232M|   0.|   0.|   0.|   0.|   0.|   0.|  33M|  31M|  36M|  45K|  39K|  50K|   0.|   0.|   0.|  60M|  54M|  66M|
| MATE KSW ALIGN  |  32G|  29G|  33G|  27G|  25G|  29G|   0.|   0.|   0.|   0.|   0.|   0.|1929M|1764M|2030M|  39K|  27K|  47K|   0.|   0.|   0.|1098M|1001M|1175M|
|KSW QUERY INIT...| 719M| 670M| 773M| 341M| 317M| 366M|   0.|   0.|   0.|   0.|   0.|   0.|  37M|  35M|  40M| 137.| 104.| 221.|   0.|   0.|   0.|  93M|  88M| 102M|
| KSW DP FORWARD  |  24G|  22G|  25G|  21G|  20G|  22G|   0.|   0.|   0.|   0.|   0.|   0.|1447M|1336M|1537M|  34K|  23K|  42K|   0.|   0.|   0.| 799M| 729M| 858M|
|KSW QUERY INIT...| 472M| 417M| 502M| 221M| 195M| 235M|   0.|   0.|   0.|   0.|   0.|   0.|  24M|  21M|  25M|  14.|   0.| 174.|   0.|   0.|   0.|  67M|  60M|  72M|
| KSW DP REVERSE  |6727M|5921M|7325M|5331M|4698M|5801M|   0.|   0.|   0.|   0.|   0.|   0.| 381M| 335M| 414M|   8.|   0.|  59.|   0.|   0.|   0.| 130M| 115M| 139M|
|   MATE DEDUP    |7851M|6322M|9297M|3555M|2848M|4212M|   0.|   0.|   0.|   0.|   0.|   0.| 425M| 331M| 515M| 449K| 173K| 820K|   0.|   0.|   0.|1423M|1155M|1693M|
| DEDUP SORT END  |2650M|2141M|3114M|1343M|1076M|1577M|   0.|   0.|   0.|   0.|   0.|   0.| 154M| 118M| 186M| 227K|  99K| 385K|   0.|   0.|   0.| 345M| 282M| 404M|
|DEDUP REDUNDANCY | 887M| 726M|1086M| 442M| 361M| 548M|   0.|   0.|   0.|   0.|   0.|   0.|  76M|  62M|  94M|  13K| 594.|  56K|   0.|   0.|   0.| 181M| 150M| 217M|
|DEDUP SORT SCORE |4251M|3401M|5097M|1753M|1396M|2083M|   0.|   0.|   0.|   0.|   0.|   0.| 195M| 149M| 235M| 188K|  56K| 381K|   0.|   0.|   0.| 881M| 704M|1066M|
|MEM COLLECT......|4025M|3518M|4407M|2415M|2101M|2632M|   0.|   0.|   0.|   0.|   0.|   0.|  85M|  74M|  93M|4043K|3515K|4421K|   0.|   0.|   0.| 531M| 463M| 581M|
|MEM COLLECT......|4377M|3917M|4977M|3006M|2690M|3407M|   0.|   0.|   0.|   0.|   0.|   0.| 137M| 123M| 155M|3490K|3053K|3800K|   0.|   0.|   0.| 708M| 635M| 808M|
|MEM COLLECT LAST |2447M|2162M|2723M|1290M|1139M|1431M|   0.|   0.|   0.|   0.|   0.|   0.|  34M|  30M|  37M|2058K|1815K|2279K|   0.|   0.|   0.| 195M| 173M| 217M|
|MEM COLLECT SORT | 288M| 253M| 325M|  22M|  20M|  26M|   0.|   0.|   0.|   0.|   0.|   0.|6389K|5662K|7973K| 264K| 237K| 294K|   0.|   0.|   0.|  96M|  84M| 108M|
|CHAIN BUILD......|  11M|9197K|  12M|2036K|1790K|2333K|   0.|   0.|   0.|   0.|   0.|   0.| 389K| 342K| 451K| 872.| 292.|2910.|   0.|   0.|   0.|6966K|6151K|7836K|
| CHAIN BUILD SA  |9349M|8517M|  10G|4930M|4571M|5555M|   0.|   0.|   0.|   0.|   0.|   0.| 143M| 132M| 164M|9081K|8136K|9828K|   0.|   0.|   0.| 950M| 876M|1047M|
| CHAIN BUILD RID | 785M| 721M| 848M| 264M| 245M| 284M|   0.|   0.|   0.|   0.|   0.|   0.|  23M|  21M|  24M| 349K| 310K| 375K|   0.|   0.|   0.| 123M| 113M| 133M|
|CHAIN BUILD TREE.| 330M| 312M| 354M| 105M|  99M| 112M|   0.|   0.|   0.|   0.|   0.|   0.|7772K|7352K|8341K| 171K| 155K| 192K|   0.|   0.|   0.|  43M|  40M|  46M|
|CHAIN BUILD......| 103M|  98M| 109M|  36M|  34M|  39M|   0.|   0.|   0.|   0.|   0.|   0.|2174K|2053K|2329K|  30K|  23K|  36K|   0.|   0.|   0.|  16M|  15M|  18M|
|CHAIN BUILD......|1571M|1468M|1636M| 455M| 431M| 475M|   0.|   0.|   0.|   0.|   0.|   0.| 106M| 100M| 111M| 367K| 342K| 389K|   0.|   0.|   0.| 627M| 581M| 656M|
|CHAIN BUILD......| 520M| 465M| 568M|  89M|  81M|  95M|   0.|   0.|   0.|   0.|   0.|   0.|  18M|  16M|  19M| 346K| 314K| 376K|   0.|   0.|   0.| 178M| 156M| 197M|
=============================================================

======================= SWBWA Timing Report =======================
  Accumulated wall-clock time; indented rows are included in
  their parent row and must not be added to it.

  Pipeline
    total - complete three-stage pipeline                    72.202 s
    stage 1 - allocate and read raw FASTQ blocks             19.656 s
    stage 2 - align reads and generate SAM records           47.012 s
    stage 3 - write SAM and release batch data                5.527 s
      SAM output writes                                         3.734 s
      batch cleanup and loop overhead (derived)                 1.793 s

  Stage 1 input details
    batches completed / stage calls                       9 / 10
    input-buffer and batch allocations                        0.000 s  (28 calls, max 0.000 s)
    aggregate requested allocation bytes           1891144912
    FASTQ fseeko calls                                        0.000 s  (18 calls, max 0.000 s)
    FASTQ fread calls                                        19.645 s  (18 calls, max 1.405 s)
    align chunk ends to FASTQ record boundaries               0.000 s  (16 calls, max 0.000 s)
    scheduler, checks and bookkeeping (derived)               0.010 s
    raw FASTQ bytes read                           1891125840  (1803.518 MiB)
    effective fread bandwidth                         91.803 MiB/s
    slowest allocation                                 0.000 s  (64 bytes)
    slowest fread                                      1.405 s  (R2 offset=117963996, bytes=117964800)

  Stage 2 worker details
    total - active merge worker                              47.008 s
      part 1 - prepare CPE task and reusable buffers            0.188 s
      part 2 - CPE FASTQ formatting and input release           0.129 s
      part 3 - CPE alignment and SAM length pass               46.040 s
      part 4 - assign slices in the shared SAM buffer           0.389 s
      part 5 - CPE SAM record generation                        0.258 s
      part 6 - release temporary worker data                    0.000 s

  Reserved allocator timers (no active timing sites)
    malloc timer                                              0.000 s
    free timer                                                0.000 s
===================================================================

[main] Version: 0.0.1
[main] CMD: correctness_results/cpe_ablation_repeat_20260826/bin/bwt_chain_only/SWBWA mem -v 4 -t 1 -1 -o /dev/null -I 170,80,500,1 ../data/GRCh38.d1.vd1.fa ../data/SRR7963242_1.fastq_1 ../data/SRR7963242_2.fastq_1
