[M::main_mem] mean insert size: 170.000, stddev: 80.000, max: 500, min: 1
[CPE input] bytes_per_cg=19660800 cg_count=6 chunk_bytes=117964800 file_bytes=945555584
malloc bwt->bwt 3107576584, 0x580000486040
malloc bwt->sa 1553788264, 0x5800b9823b60
[M::bwa_idx_load_from_disk] read 0 ALT contigs
malloc pac 776894131, 0x580116285940
the input file is ../data/SRR7963242_1.fastq_1
the input file is ../data/SRR7963242_2.fastq_1
the output file is /dev/null
[M::process] read chunk (19660800 bytes/CG x 6 CGs, 117964800 bytes)...
[DBG stage1] slow fread: R1 offset=0 requested=117964800 read=117964800 elapsed=1.407 s
[DBG stage1] slow fread: R2 offset=0 requested=117964800 read=117964800 elapsed=1.388 s
[M::swbwa_cross_runtime_init] initialized cross-segment runtime in 0.070 sec
start swbwa_cross_run
[M::mem_process_seqs_merge2] CPE FASTQ formatting done
start swbwa_cross_run
slave pre done
now n is 629832
start swbwa_cross_run
processed 629832
[M::mem_process_seqs_merge2] Processed 629832 reads in 0.120 CPU sec, 6.922 real sec
[M::process] read chunk (19660800 bytes/CG x 6 CGs, 117964800 bytes)...
[DBG stage1] slow fread: R2 offset=117963996 requested=117964800 read=117964800 elapsed=1.068 s
start swbwa_cross_run
[M::mem_process_seqs_merge2] CPE FASTQ formatting done
start swbwa_cross_run
slave pre done
now n is 627468
start swbwa_cross_run
processed 627468
[M::mem_process_seqs_merge2] Processed 627468 reads in 0.050 CPU sec, 5.809 real sec
[M::process] read chunk (19660800 bytes/CG x 6 CGs, 117964800 bytes)...
[DBG stage1] slow fread: R2 offset=235927980 requested=117964800 read=117964800 elapsed=1.195 s
start swbwa_cross_run
[M::mem_process_seqs_merge2] CPE FASTQ formatting done
start swbwa_cross_run
slave pre done
now n is 627468
start swbwa_cross_run
processed 627468
[M::mem_process_seqs_merge2] Processed 627468 reads in 0.050 CPU sec, 5.988 real sec
[M::process] read chunk (19660800 bytes/CG x 6 CGs, 117964800 bytes)...
[DBG stage1] slow fread: R1 offset=353891964 requested=117964800 read=117964800 elapsed=1.418 s
[DBG stage1] slow fread: R2 offset=353891964 requested=117964800 read=117964800 elapsed=1.330 s
start swbwa_cross_run
[M::mem_process_seqs_merge2] CPE FASTQ formatting done
start swbwa_cross_run
slave pre done
now n is 622076
start swbwa_cross_run
processed 622076
[M::mem_process_seqs_merge2] Processed 622076 reads in 0.050 CPU sec, 5.517 real sec
[M::process] read chunk (19660800 bytes/CG x 6 CGs, 117964800 bytes)...
[DBG stage1] slow fread: R1 offset=471855944 requested=117964800 read=117964800 elapsed=5.778 s
[DBG stage1] slow fread: R2 offset=471855944 requested=117964800 read=117964800 elapsed=1.378 s
start swbwa_cross_run
[M::mem_process_seqs_merge2] CPE FASTQ formatting done
start swbwa_cross_run
slave pre done
now n is 620862
start swbwa_cross_run
processed 620862
[M::mem_process_seqs_merge2] Processed 620862 reads in 0.060 CPU sec, 5.703 real sec
[M::process] read chunk (19660800 bytes/CG x 6 CGs, 117964800 bytes)...
[DBG stage1] slow fread: R1 offset=589819724 requested=117964800 read=117964800 elapsed=1.426 s
[DBG stage1] slow fread: R2 offset=589819724 requested=117964800 read=117964800 elapsed=1.397 s
start swbwa_cross_run
[M::mem_process_seqs_merge2] CPE FASTQ formatting done
start swbwa_cross_run
slave pre done
now n is 620862
start swbwa_cross_run
processed 620862
[M::mem_process_seqs_merge2] Processed 620862 reads in 0.050 CPU sec, 5.497 real sec
[M::process] read chunk (19660800 bytes/CG x 6 CGs, 117964800 bytes)...
[DBG stage1] slow fread: R1 offset=707783504 requested=117964800 read=117964800 elapsed=1.320 s
start swbwa_cross_run
[M::mem_process_seqs_merge2] CPE FASTQ formatting done
start swbwa_cross_run
slave pre done
now n is 620862
start swbwa_cross_run
processed 620862
[M::mem_process_seqs_merge2] Processed 620862 reads in 0.050 CPU sec, 5.684 real sec
[M::process] read chunk (19660800 bytes/CG x 6 CGs, 117964800 bytes)...
[DBG stage1] slow fread: R1 offset=825747284 requested=117964800 read=117964800 elapsed=1.351 s
[DBG stage1] slow fread: R2 offset=825747284 requested=117964800 read=117964800 elapsed=1.398 s
start swbwa_cross_run
[M::mem_process_seqs_merge2] CPE FASTQ formatting done
start swbwa_cross_run
slave pre done
now n is 620862
start swbwa_cross_run
processed 620862
[M::mem_process_seqs_merge2] Processed 620862 reads in 0.050 CPU sec, 5.555 real sec
[M::process] read chunk (19660800 bytes/CG x 6 CGs, 1844520 bytes)...
start swbwa_cross_run
[M::mem_process_seqs_merge2] CPE FASTQ formatting done
start swbwa_cross_run
slave pre done
now n is 9708
start swbwa_cross_run
processed 9708
[M::mem_process_seqs_merge2] Processed 9708 reads in 0.010 CPU sec, 0.330 real sec

====================== SWBWA Output Debug =====================
  MPI rank: 000000 / 000001
  mode:     non-MPI POSIX
  path:     /dev/null

  Output volume
    output buffer capacity                           67108864
    swbwa_output_write calls                         5000000
    submitted SAM bytes                           2107655733
    buffered flushes                                      32
    buffered flush bytes                          2107655733
    direct oversized writes                                0
    direct oversized bytes                                 0

  Buffering
    buffered flush total                         0.000240 s  (32 calls,     7.506 us/call)

  POSIX file writes
    write system calls                                     32
    write system-call bytes                        2107655733
    POSIX write system calls                     0.000187 s  (32 calls,     5.834 us/call)
    POSIX write effective bandwidth            10766058.606 MiB/s

  Output close timing
    POSIX close                                  0.000016 s  (1 calls,    15.500 us/call)
================================================================


================ SWBWA CPE Profile (LWPF) ================
  sampled CG: 5 (64 CPEs)
  counters: cycle, instructions, global loads/stores,
            D-cache accesses/misses, memory-barrier waits,
            instruction-buffer-empty cycles
  values: average | minimum | maximum across sampled CPEs

LWPF kernel summary for unit SWBWA
+-----------------+-----------------+-----------------+-----------------+-----------------+-----------------+-----------------+-----------------+-----------------+
|                 |                 |                 |                 |                 |                 |                 |                 |       CYC       |
|     KERNEL      |      CYCLE      |      INST       |       GLD       |       GST       |  DCACHE ACCESS  |   DCACHE MISS   |  CYC MEMB WAIT  | INSTBUFFEREMPTY |
|                 |                 |                 |                 |                 |                 |                 |                 |                 |
+-----------------+-----------------+-----------------+-----------------+-----------------+-----------------+-----------------+-----------------+-----------------+
|WORKER ALIGNMENT |  97G|  96G|  98G|  66G|  65G|  68G|6509.|5834.|7011.|   0.|   0.|   0.|6359M|6124M|6642M|  22M|  21M|  25M|  49.|   0.|3125.|  13G|  12G|  13G|
|    MEM CHAIN    |  25G|  22G|  26G|  13G|  12G|  14G|   0.|   0.|   0.|   0.|   0.|   0.| 574M| 526M| 622M|  20M|  19M|  22M|   0.|   0.|   0.|3905M|3564M|4153M|
|  CHAIN FILTER   |3395M|2953M|3893M|1609M|1391M|1812M|   0.|   0.|   0.|   0.|   0.|   0.| 331M| 285M| 371M| 223K|  55K|1109K|   0.|   0.|   0.| 402M| 373M| 433M|
| CHAIN EXTENSION |  23G|  21G|  25G|  18G|  16G|  20G|   0.|   0.|   0.|   0.|   0.|   0.|2675M|2349M|2930M| 664K| 605K| 980K|   0.|   0.|   0.|4163M|3940M|4434M|
| ALIGNMENT...... |1377M|1276M|1596M| 708M| 646M| 900M|   0.|   0.|   0.|   0.|   0.|   0.| 111M| 100M| 149M|1771.|1076.|8373.|   0.|   0.|   0.| 290M| 282M| 302M|
|   MATE RESCUE   |  41G|  39G|  43G|  31G|  30G|  33G|   0.|   0.|   0.|   0.|   0.|   0.|2431M|2320M|2542M| 794K| 449K|1181K|   0.|   0.|   0.|2932M|2624M|3143M|
|     PAIRING     | 288M| 273M| 315M|  88M|  84M|  99M|   0.|   0.|   0.|   0.|   0.|   0.|  16M|  15M|  17M|  31K|  25K|  42K|   0.|   0.|   0.| 123M| 114M| 132M|
|   SAM FORMAT    |  44G|  42G|  46G|  32G|  31G|  34G|   0.|   0.|   0.|   0.|   0.|   0.|2661M|2556M|2778M|1003K| 655K|1421K|   0.|   0.|   0.|4034M|3779M|4238M|
|    SAM COPY     | 429M| 397M| 451M|  12M|  11M|  13M|   0.|   0.|   0.|   0.|   0.|   0.|2304K|2065K|2497K|  82K|  73K|  88K|   0.|   0.|   0.| 368M| 342M| 386M|
| MEM CHAIN...... |  11G|  10G|  12G|6811M|6153M|7323M|   0.|   0.|   0.|   0.|   0.|   0.| 266M| 239M| 289M|9915K|8992K|  11M|   0.|   0.|   0.|1564M|1405M|1680M|
| MEM CHAIN BUILD |  13G|  12G|  14G|6055M|5555M|6769M|   0.|   0.|   0.|   0.|   0.|   0.| 306M| 285M| 331M|  10M|9665K|  11M|   0.|   0.|   0.|2153M|1988M|2287M|
|CHAIN EXTENSION..|  18G|  16G|  20G|  17G|  15G|  19G|   0.|   0.|   0.|   0.|   0.|   0.|2452M|2136M|2704M| 125K| 108K| 161K|   0.|   0.|   0.|1586M|1475M|1685M|
| MATE REF FETCH  | 351M| 329M| 366M| 215M| 201M| 226M|   0.|   0.|   0.|   0.|   0.|   0.|  33M|  31M|  35M|  45K|  40K|  51K|   0.|   0.|   0.|  60M|  56M|  63M|
| MATE KSW ALIGN  |  32G|  30G|  34G|  27G|  25G|  29G|   0.|   0.|   0.|   0.|   0.|   0.|1920M|1814M|2048M|  38K|  30K|  50K|   0.|   0.|   0.|1093M|1026M|1151M|
|KSW QUERY INIT...| 714M| 668M| 749M| 339M| 317M| 357M|   0.|   0.|   0.|   0.|   0.|   0.|  37M|  35M|  39M| 137.| 109.| 238.|   0.|   0.|   0.|  93M|  86M|  97M|
| KSW DP FORWARD  |  24G|  22G|  25G|  21G|  20G|  22G|   0.|   0.|   0.|   0.|   0.|   0.|1439M|1352M|1526M|  33K|  25K|  44K|   0.|   0.|   0.| 795M| 745M| 837M|
|KSW QUERY INIT...| 470M| 440M| 504M| 220M| 205M| 237M|   0.|   0.|   0.|   0.|   0.|   0.|  24M|  22M|  26M|   9.|   0.| 116.|   0.|   0.|   0.|  67M|  63M|  70M|
| KSW DP REVERSE  |6719M|6193M|7324M|5325M|4909M|5804M|   0.|   0.|   0.|   0.|   0.|   0.| 380M| 350M| 415M|   7.|   0.|  73.|   0.|   0.|   0.| 129M| 120M| 139M|
|   MATE DEDUP    |7800M|6315M|8973M|3529M|2875M|4098M|   0.|   0.|   0.|   0.|   0.|   0.| 422M| 347M| 508M| 481K| 166K| 870K|   0.|   0.|   0.|1409M|1120M|1627M|
| DEDUP SORT END  |2637M|2169M|3019M|1334M|1096M|1547M|   0.|   0.|   0.|   0.|   0.|   0.| 153M| 123M| 188M| 238K|  96K| 403K|   0.|   0.|   0.| 342M| 281M| 392M|
|DEDUP REDUNDANCY | 883M| 721M|1023M| 439M| 355M| 513M|   0.|   0.|   0.|   0.|   0.|   0.|  76M|  62M|  88M|  15K| 872.|  71K|   0.|   0.|   0.| 180M| 151M| 206M|
|DEDUP SORT SCORE |4218M|3351M|4893M|1738M|1400M|2020M|   0.|   0.|   0.|   0.|   0.|   0.| 193M| 156M| 238M| 207K|  55K| 416K|   0.|   0.|   0.| 870M| 670M|1019M|
|MEM COLLECT......|4049M|3676M|4358M|2430M|2204M|2610M|   0.|   0.|   0.|   0.|   0.|   0.|  86M|  77M|  92M|4067K|3680K|4368K|   0.|   0.|   0.| 535M| 484M| 575M|
|MEM COLLECT......|4452M|3932M|5132M|3058M|2705M|3527M|   0.|   0.|   0.|   0.|   0.|   0.| 139M| 123M| 161M|3511K|3165K|3807K|   0.|   0.|   0.| 721M| 637M| 836M|
|MEM COLLECT LAST |2463M|2221M|2662M|1299M|1164M|1399M|   0.|   0.|   0.|   0.|   0.|   0.|  34M|  30M|  36M|2072K|1869K|2234K|   0.|   0.|   0.| 197M| 177M| 212M|
|MEM COLLECT SORT | 291M| 258M| 317M|  23M|  20M|  26M|   0.|   0.|   0.|   0.|   0.|   0.|6571K|5528K|8403K| 265K| 234K| 289K|   0.|   0.|   0.|  97M|  87M| 105M|
|CHAIN BUILD......|  11M|9450K|  13M|2064K|1834K|2255K|   0.|   0.|   0.|   0.|   0.|   0.| 396K| 349K| 443K| 899.| 291.|3032.|   0.|   0.|   0.|7015K|6332K|7681K|
| CHAIN BUILD SA  |9439M|8618M|  10G|5001M|4558M|5689M|   0.|   0.|   0.|   0.|   0.|   0.| 145M| 132M| 168M|9102K|8398K|9709K|   0.|   0.|   0.| 962M| 877M|1071M|
| CHAIN BUILD RID | 791M| 729M| 846M| 266M| 246M| 284M|   0.|   0.|   0.|   0.|   0.|   0.|  23M|  21M|  24M| 350K| 319K| 374K|   0.|   0.|   0.| 124M| 114M| 132M|
|CHAIN BUILD TREE.| 331M| 313M| 361M| 105M| 100M| 113M|   0.|   0.|   0.|   0.|   0.|   0.|7807K|7413K|8338K| 171K| 151K| 194K|   0.|   0.|   0.|  43M|  40M|  46M|
|CHAIN BUILD......| 104M|  98M| 113M|  37M|  34M|  39M|   0.|   0.|   0.|   0.|   0.|   0.|2192K|2071K|2379K|  30K|  24K|  36K|   0.|   0.|   0.|  17M|  15M|  18M|
|CHAIN BUILD......|1574M|1501M|1662M| 456M| 436M| 479M|   0.|   0.|   0.|   0.|   0.|   0.| 106M| 102M| 111M| 368K| 351K| 384K|   0.|   0.|   0.| 629M| 595M| 670M|
|CHAIN BUILD......| 523M| 480M| 558M|  89M|  83M|  94M|   0.|   0.|   0.|   0.|   0.|   0.|  18M|  17M|  19M| 347K| 318K| 370K|   0.|   0.|   0.| 179M| 161M| 192M|
=============================================================

======================= SWBWA Timing Report =======================
  Accumulated wall-clock time; indented rows are included in
  their parent row and must not be added to it.

  Pipeline
    total - complete three-stage pipeline                    77.098 s
    stage 1 - allocate and read raw FASTQ blocks             24.548 s
    stage 2 - align reads and generate SAM records           47.011 s
    stage 3 - write SAM and release batch data                5.532 s
      SAM output writes                                         3.741 s
      batch cleanup and loop overhead (derived)                 1.792 s

  Stage 1 input details
    batches completed / stage calls                       9 / 10
    input-buffer and batch allocations                        0.000 s  (28 calls, max 0.000 s)
    aggregate requested allocation bytes           1891144912
    FASTQ fseeko calls                                        0.000 s  (18 calls, max 0.000 s)
    FASTQ fread calls                                        24.538 s  (18 calls, max 5.778 s)
    align chunk ends to FASTQ record boundaries               0.000 s  (16 calls, max 0.000 s)
    scheduler, checks and bookkeeping (derived)               0.010 s
    raw FASTQ bytes read                           1891125840  (1803.518 MiB)
    effective fread bandwidth                         73.499 MiB/s
    slowest allocation                                 0.000 s  (64 bytes)
    slowest fread                                      5.778 s  (R1 offset=471855944, bytes=117964800)

  Stage 2 worker details
    total - active merge worker                              47.006 s
      part 1 - prepare CPE task and reusable buffers            0.188 s
      part 2 - CPE FASTQ formatting and input release           0.127 s
      part 3 - CPE alignment and SAM length pass               46.041 s
      part 4 - assign slices in the shared SAM buffer           0.384 s
      part 5 - CPE SAM record generation                        0.262 s
      part 6 - release temporary worker data                    0.000 s

  Reserved allocator timers (no active timing sites)
    malloc timer                                              0.000 s
    free timer                                                0.000 s
===================================================================

[main] Version: 0.0.1
[main] CMD: correctness_results/cpe_ablation_repeat_20260826/bin/bwt_chain_only/SWBWA mem -v 4 -t 1 -1 -o /dev/null -I 170,80,500,1 ../data/GRCh38.d1.vd1.fa ../data/SRR7963242_1.fastq_1 ../data/SRR7963242_2.fastq_1
