[M::main_mem] mean insert size: 170.000, stddev: 80.000, max: 500, min: 1
[CPE input] bytes_per_cg=19660800 cg_count=6 chunk_bytes=117964800 file_bytes=3499281348
malloc bwt->bwt 3107576584, 0x580000486040
malloc bwt->sa 1553788264, 0x5800b9823b60
[M::bwa_idx_load_from_disk] read 0 ALT contigs
malloc pac 776894131, 0x580116285940
the input file is ../data/bwa_test_big_data/ERR1203383_1.fastq
the input file is ../data/bwa_test_big_data/ERR1203383_2.fastq
the output file is correctness_results/cpe_ldm_opt_20260826/bigdata_profile_off/ERR1203383_PE.sam
[M::process] read chunk (19660800 bytes/CG x 6 CGs, 117964800 bytes)...
[DBG stage1] slow fread: R1 offset=0 requested=117964800 read=117964800 elapsed=1.608 s
[DBG stage1] slow fread: R2 offset=0 requested=117964800 read=117964800 elapsed=1.463 s
[M::swbwa_cross_runtime_init] initialized cross-segment runtime in 0.072 sec
start swbwa_cross_run
[M::mem_process_seqs_merge2] CPE FASTQ formatting done
start swbwa_cross_run
slave pre done
now n is 1057218
start swbwa_cross_run
processed 1057218
[M::mem_process_seqs_merge2] Processed 1057218 reads in 0.160 CPU sec, 2.191 real sec
[M::process] read chunk (19660800 bytes/CG x 6 CGs, 117964800 bytes)...
[DBG stage1] slow fread: R1 offset=117963996 requested=117964800 read=117964800 elapsed=1.641 s
[DBG stage1] slow fread: R2 offset=117963996 requested=117964800 read=117964800 elapsed=1.430 s
start swbwa_cross_run
[M::mem_process_seqs_merge2] CPE FASTQ formatting done
start swbwa_cross_run
slave pre done
now n is 1051310
start swbwa_cross_run
processed 1051310
[M::mem_process_seqs_merge2] Processed 1051310 reads in 0.100 CPU sec, 2.263 real sec
[M::process] read chunk (19660800 bytes/CG x 6 CGs, 117964800 bytes)...
[DBG stage1] slow fread: R1 offset=235927776 requested=117964800 read=117964800 elapsed=1.324 s
[DBG stage1] slow fread: R2 offset=235927776 requested=117964800 read=117964800 elapsed=1.443 s
start swbwa_cross_run
[M::mem_process_seqs_merge2] CPE FASTQ formatting done
start swbwa_cross_run
slave pre done
now n is 1034770
start swbwa_cross_run
processed 1034770
[M::mem_process_seqs_merge2] Processed 1034770 reads in 0.090 CPU sec, 1.988 real sec
[M::process] read chunk (19660800 bytes/CG x 6 CGs, 117964800 bytes)...
[DBG stage1] slow fread: R1 offset=353891556 requested=117964800 read=117964800 elapsed=1.356 s
[DBG stage1] slow fread: R2 offset=353891556 requested=117964800 read=117964800 elapsed=1.350 s
start swbwa_cross_run
[M::mem_process_seqs_merge2] CPE FASTQ formatting done
start swbwa_cross_run
slave pre done
now n is 1034770
start swbwa_cross_run
processed 1034770
[M::mem_process_seqs_merge2] Processed 1034770 reads in 0.080 CPU sec, 2.239 real sec
[M::process] read chunk (19660800 bytes/CG x 6 CGs, 117964800 bytes)...
[DBG stage1] slow fread: R1 offset=471855336 requested=117964800 read=117964800 elapsed=1.444 s
[DBG stage1] slow fread: R2 offset=471855336 requested=117964800 read=117964800 elapsed=1.384 s
start swbwa_cross_run
[M::mem_process_seqs_merge2] CPE FASTQ formatting done
start swbwa_cross_run
slave pre done
now n is 1034770
start swbwa_cross_run
processed 1034770
[M::mem_process_seqs_merge2] Processed 1034770 reads in 0.090 CPU sec, 2.073 real sec
[M::process] read chunk (19660800 bytes/CG x 6 CGs, 117964800 bytes)...
[DBG stage1] slow fread: R1 offset=589819116 requested=117964800 read=117964800 elapsed=1.329 s
[DBG stage1] slow fread: R2 offset=589819116 requested=117964800 read=117964800 elapsed=1.355 s
start swbwa_cross_run
[M::mem_process_seqs_merge2] CPE FASTQ formatting done
start swbwa_cross_run
slave pre done
now n is 1034770
start swbwa_cross_run
processed 1034770
[M::mem_process_seqs_merge2] Processed 1034770 reads in 0.090 CPU sec, 2.085 real sec
[M::process] read chunk (19660800 bytes/CG x 6 CGs, 117964800 bytes)...
[DBG stage1] slow fread: R1 offset=707782896 requested=117964800 read=117964800 elapsed=1.256 s
[DBG stage1] slow fread: R2 offset=707782896 requested=117964800 read=117964800 elapsed=1.274 s
start swbwa_cross_run
[M::mem_process_seqs_merge2] CPE FASTQ formatting done
start swbwa_cross_run
slave pre done
now n is 1034770
start swbwa_cross_run
processed 1034770
[M::mem_process_seqs_merge2] Processed 1034770 reads in 0.080 CPU sec, 2.219 real sec
[M::process] read chunk (19660800 bytes/CG x 6 CGs, 117964800 bytes)...
[DBG stage1] slow fread: R1 offset=825746676 requested=117964800 read=117964800 elapsed=1.319 s
[DBG stage1] slow fread: R2 offset=825746676 requested=117964800 read=117964800 elapsed=1.383 s
start swbwa_cross_run
[M::mem_process_seqs_merge2] CPE FASTQ formatting done
start swbwa_cross_run
slave pre done
now n is 1034770
start swbwa_cross_run
processed 1034770
[M::mem_process_seqs_merge2] Processed 1034770 reads in 0.080 CPU sec, 2.340 real sec
[M::process] read chunk (19660800 bytes/CG x 6 CGs, 117964800 bytes)...
[DBG stage1] slow fread: R1 offset=943710456 requested=117964800 read=117964800 elapsed=1.308 s
[DBG stage1] slow fread: R2 offset=943710456 requested=117964800 read=117964800 elapsed=1.326 s
start swbwa_cross_run
[M::mem_process_seqs_merge2] CPE FASTQ formatting done
start swbwa_cross_run
slave pre done
now n is 1034770
start swbwa_cross_run
processed 1034770
[M::mem_process_seqs_merge2] Processed 1034770 reads in 0.080 CPU sec, 2.185 real sec
[M::process] read chunk (19660800 bytes/CG x 6 CGs, 117964800 bytes)...
[DBG stage1] slow fread: R1 offset=1061674236 requested=117964800 read=117964800 elapsed=1.450 s
[DBG stage1] slow fread: R2 offset=1061674236 requested=117964800 read=117964800 elapsed=1.477 s
start swbwa_cross_run
[M::mem_process_seqs_merge2] CPE FASTQ formatting done
start swbwa_cross_run
slave pre done
now n is 1034770
start swbwa_cross_run
processed 1034770
[M::mem_process_seqs_merge2] Processed 1034770 reads in 0.080 CPU sec, 2.107 real sec
[M::process] read chunk (19660800 bytes/CG x 6 CGs, 117964800 bytes)...
[DBG stage1] slow fread: R1 offset=1179638016 requested=117964800 read=117964800 elapsed=1.212 s
[DBG stage1] slow fread: R2 offset=1179638016 requested=117964800 read=117964800 elapsed=1.213 s
start swbwa_cross_run
[M::mem_process_seqs_merge2] CPE FASTQ formatting done
start swbwa_cross_run
slave pre done
now n is 1034770
start swbwa_cross_run
processed 1034770
[M::mem_process_seqs_merge2] Processed 1034770 reads in 0.080 CPU sec, 2.211 real sec
[M::process] read chunk (19660800 bytes/CG x 6 CGs, 117964800 bytes)...
[DBG stage1] slow fread: R1 offset=1297601796 requested=117964800 read=117964800 elapsed=1.477 s
[DBG stage1] slow fread: R2 offset=1297601796 requested=117964800 read=117964800 elapsed=1.354 s
start swbwa_cross_run
[M::mem_process_seqs_merge2] CPE FASTQ formatting done
start swbwa_cross_run
slave pre done
now n is 1034770
start swbwa_cross_run
processed 1034770
[M::mem_process_seqs_merge2] Processed 1034770 reads in 0.080 CPU sec, 2.287 real sec
[M::process] read chunk (19660800 bytes/CG x 6 CGs, 117964800 bytes)...
[DBG stage1] slow fread: R1 offset=1415565576 requested=117964800 read=117964800 elapsed=1.324 s
[DBG stage1] slow fread: R2 offset=1415565576 requested=117964800 read=117964800 elapsed=1.394 s
start swbwa_cross_run
[M::mem_process_seqs_merge2] CPE FASTQ formatting done
start swbwa_cross_run
slave pre done
now n is 1034770
start swbwa_cross_run
processed 1034770
[M::mem_process_seqs_merge2] Processed 1034770 reads in 0.100 CPU sec, 2.461 real sec
[M::process] read chunk (19660800 bytes/CG x 6 CGs, 117964800 bytes)...
[DBG stage1] slow fread: R1 offset=1533529356 requested=117964800 read=117964800 elapsed=1.362 s
[DBG stage1] slow fread: R2 offset=1533529356 requested=117964800 read=117964800 elapsed=1.418 s
start swbwa_cross_run
[M::mem_process_seqs_merge2] CPE FASTQ formatting done
start swbwa_cross_run
slave pre done
now n is 1034770
start swbwa_cross_run
processed 1034770
[M::mem_process_seqs_merge2] Processed 1034770 reads in 0.080 CPU sec, 2.139 real sec
[M::process] read chunk (19660800 bytes/CG x 6 CGs, 117964800 bytes)...
[DBG stage1] slow fread: R1 offset=1651493136 requested=117964800 read=117964800 elapsed=1.345 s
[DBG stage1] slow fread: R2 offset=1651493136 requested=117964800 read=117964800 elapsed=1.504 s
start swbwa_cross_run
[M::mem_process_seqs_merge2] CPE FASTQ formatting done
start swbwa_cross_run
slave pre done
now n is 1034770
start swbwa_cross_run
processed 1034770
[M::mem_process_seqs_merge2] Processed 1034770 reads in 0.080 CPU sec, 2.136 real sec
[M::process] read chunk (19660800 bytes/CG x 6 CGs, 117964800 bytes)...
[DBG stage1] slow fread: R1 offset=1769456916 requested=117964800 read=117964800 elapsed=1.348 s
[DBG stage1] slow fread: R2 offset=1769456916 requested=117964800 read=117964800 elapsed=1.230 s
start swbwa_cross_run
[M::mem_process_seqs_merge2] CPE FASTQ formatting done
start swbwa_cross_run
slave pre done
now n is 1034770
start swbwa_cross_run
processed 1034770
[M::mem_process_seqs_merge2] Processed 1034770 reads in 0.090 CPU sec, 2.037 real sec
[M::process] read chunk (19660800 bytes/CG x 6 CGs, 117964800 bytes)...
[DBG stage1] slow fread: R1 offset=1887420696 requested=117964800 read=117964800 elapsed=1.284 s
[DBG stage1] slow fread: R2 offset=1887420696 requested=117964800 read=117964800 elapsed=1.202 s
start swbwa_cross_run
[M::mem_process_seqs_merge2] CPE FASTQ formatting done
start swbwa_cross_run
slave pre done
now n is 1034770
start swbwa_cross_run
processed 1034770
[M::mem_process_seqs_merge2] Processed 1034770 reads in 0.090 CPU sec, 1.994 real sec
[M::process] read chunk (19660800 bytes/CG x 6 CGs, 117964800 bytes)...
[DBG stage1] slow fread: R1 offset=2005384476 requested=117964800 read=117964800 elapsed=1.439 s
[DBG stage1] slow fread: R2 offset=2005384476 requested=117964800 read=117964800 elapsed=1.355 s
start swbwa_cross_run
[M::mem_process_seqs_merge2] CPE FASTQ formatting done
start swbwa_cross_run
slave pre done
now n is 1034770
start swbwa_cross_run
processed 1034770
[M::mem_process_seqs_merge2] Processed 1034770 reads in 0.090 CPU sec, 1.996 real sec
[M::process] read chunk (19660800 bytes/CG x 6 CGs, 117964800 bytes)...
[DBG stage1] slow fread: R1 offset=2123348256 requested=117964800 read=117964800 elapsed=1.514 s
[DBG stage1] slow fread: R2 offset=2123348256 requested=117964800 read=117964800 elapsed=1.302 s
start swbwa_cross_run
[M::mem_process_seqs_merge2] CPE FASTQ formatting done
start swbwa_cross_run
slave pre done
now n is 1034770
start swbwa_cross_run
processed 1034770
[M::mem_process_seqs_merge2] Processed 1034770 reads in 0.080 CPU sec, 2.128 real sec
[M::process] read chunk (19660800 bytes/CG x 6 CGs, 117964800 bytes)...
[DBG stage1] slow fread: R1 offset=2241312036 requested=117964800 read=117964800 elapsed=1.510 s
[DBG stage1] slow fread: R2 offset=2241312036 requested=117964800 read=117964800 elapsed=1.344 s
start swbwa_cross_run
[M::mem_process_seqs_merge2] CPE FASTQ formatting done
start swbwa_cross_run
slave pre done
now n is 1022110
start swbwa_cross_run
processed 1022110
[M::mem_process_seqs_merge2] Processed 1022110 reads in 0.080 CPU sec, 2.170 real sec
[M::process] read chunk (19660800 bytes/CG x 6 CGs, 117964800 bytes)...
[DBG stage1] slow fread: R1 offset=2359276036 requested=117964800 read=117964800 elapsed=1.450 s
[DBG stage1] slow fread: R2 offset=2359276036 requested=117964800 read=117964800 elapsed=1.281 s
start swbwa_cross_run
[M::mem_process_seqs_merge2] CPE FASTQ formatting done
start swbwa_cross_run
slave pre done
now n is 1016930
start swbwa_cross_run
processed 1016930
[M::mem_process_seqs_merge2] Processed 1016930 reads in 0.080 CPU sec, 2.088 real sec
[M::process] read chunk (19660800 bytes/CG x 6 CGs, 117964800 bytes)...
[DBG stage1] slow fread: R1 offset=2477239916 requested=117964800 read=117964800 elapsed=1.209 s
[DBG stage1] slow fread: R2 offset=2477239916 requested=117964800 read=117964800 elapsed=1.306 s
start swbwa_cross_run
[M::mem_process_seqs_merge2] CPE FASTQ formatting done
start swbwa_cross_run
slave pre done
now n is 1016930
start swbwa_cross_run
processed 1016930
[M::mem_process_seqs_merge2] Processed 1016930 reads in 0.090 CPU sec, 2.053 real sec
[M::process] read chunk (19660800 bytes/CG x 6 CGs, 117964800 bytes)...
[DBG stage1] slow fread: R1 offset=2595203796 requested=117964800 read=117964800 elapsed=1.462 s
[DBG stage1] slow fread: R2 offset=2595203796 requested=117964800 read=117964800 elapsed=1.397 s
start swbwa_cross_run
[M::mem_process_seqs_merge2] CPE FASTQ formatting done
start swbwa_cross_run
slave pre done
now n is 1016930
start swbwa_cross_run
processed 1016930
[M::mem_process_seqs_merge2] Processed 1016930 reads in 0.080 CPU sec, 2.037 real sec
[M::process] read chunk (19660800 bytes/CG x 6 CGs, 117964800 bytes)...
[DBG stage1] slow fread: R1 offset=2713167676 requested=117964800 read=117964800 elapsed=1.272 s
[DBG stage1] slow fread: R2 offset=2713167676 requested=117964800 read=117964800 elapsed=1.378 s
start swbwa_cross_run
[M::mem_process_seqs_merge2] CPE FASTQ formatting done
start swbwa_cross_run
slave pre done
now n is 1016930
start swbwa_cross_run
processed 1016930
[M::mem_process_seqs_merge2] Processed 1016930 reads in 0.080 CPU sec, 2.047 real sec
[M::process] read chunk (19660800 bytes/CG x 6 CGs, 117964800 bytes)...
[DBG stage1] slow fread: R1 offset=2831131556 requested=117964800 read=117964800 elapsed=1.468 s
[DBG stage1] slow fread: R2 offset=2831131556 requested=117964800 read=117964800 elapsed=1.471 s
start swbwa_cross_run
[M::mem_process_seqs_merge2] CPE FASTQ formatting done
start swbwa_cross_run
slave pre done
now n is 1016930
start swbwa_cross_run
processed 1016930
[M::mem_process_seqs_merge2] Processed 1016930 reads in 0.080 CPU sec, 1.996 real sec
[M::process] read chunk (19660800 bytes/CG x 6 CGs, 117964800 bytes)...
[DBG stage1] slow fread: R1 offset=2949095436 requested=117964800 read=117964800 elapsed=1.603 s
[DBG stage1] slow fread: R2 offset=2949095436 requested=117964800 read=117964800 elapsed=1.491 s
start swbwa_cross_run
[M::mem_process_seqs_merge2] CPE FASTQ formatting done
start swbwa_cross_run
slave pre done
now n is 1016930
start swbwa_cross_run
processed 1016930
[M::mem_process_seqs_merge2] Processed 1016930 reads in 0.080 CPU sec, 2.076 real sec
[M::process] read chunk (19660800 bytes/CG x 6 CGs, 117964800 bytes)...
[DBG stage1] slow fread: R1 offset=3067059316 requested=117964800 read=117964800 elapsed=1.304 s
[DBG stage1] slow fread: R2 offset=3067059316 requested=117964800 read=117964800 elapsed=1.214 s
start swbwa_cross_run
[M::mem_process_seqs_merge2] CPE FASTQ formatting done
start swbwa_cross_run
slave pre done
now n is 1016930
start swbwa_cross_run
processed 1016930
[M::mem_process_seqs_merge2] Processed 1016930 reads in 0.090 CPU sec, 2.051 real sec
[M::process] read chunk (19660800 bytes/CG x 6 CGs, 117964800 bytes)...
[DBG stage1] slow fread: R1 offset=3185023196 requested=117964800 read=117964800 elapsed=1.461 s
[DBG stage1] slow fread: R2 offset=3185023196 requested=117964800 read=117964800 elapsed=1.403 s
start swbwa_cross_run
[M::mem_process_seqs_merge2] CPE FASTQ formatting done
start swbwa_cross_run
slave pre done
now n is 1016930
start swbwa_cross_run
processed 1016930
[M::mem_process_seqs_merge2] Processed 1016930 reads in 0.080 CPU sec, 2.017 real sec
[M::process] read chunk (19660800 bytes/CG x 6 CGs, 117964800 bytes)...
[DBG stage1] slow fread: R1 offset=3302987076 requested=117964800 read=117964800 elapsed=1.311 s
[DBG stage1] slow fread: R2 offset=3302987076 requested=117964800 read=117964800 elapsed=1.300 s
start swbwa_cross_run
[M::mem_process_seqs_merge2] CPE FASTQ formatting done
start swbwa_cross_run
slave pre done
now n is 1016930
start swbwa_cross_run
processed 1016930
[M::mem_process_seqs_merge2] Processed 1016930 reads in 0.090 CPU sec, 2.664 real sec
[M::process] read chunk (19660800 bytes/CG x 6 CGs, 78330392 bytes)...
[DBG stage1] slow fread: R1 offset=3420950956 requested=78330392 read=78330392 elapsed=1.025 s
[DBG stage1] slow fread: R2 offset=3420950956 requested=78330392 read=78330392 elapsed=1.049 s
start swbwa_cross_run
[M::mem_process_seqs_merge2] CPE FASTQ formatting done
start swbwa_cross_run
slave pre done
now n is 675262
start swbwa_cross_run
processed 675262
[M::mem_process_seqs_merge2] Processed 675262 reads in 0.060 CPU sec, 7.621 real sec

====================== SWBWA Output Debug =====================
  MPI rank: 000000 / 000001
  mode:     non-MPI POSIX
  path:     correctness_results/cpe_ldm_opt_20260826/bigdata_profile_off/ERR1203383_PE.sam

  Output volume
    output buffer capacity                           67108864
    swbwa_output_write calls                        30549360
    submitted SAM bytes                           8029871401
    buffered flushes                                     120
    buffered flush bytes                          8029871401
    direct oversized writes                                0
    direct oversized bytes                                 0

  Buffering
    buffered flush total                       111.239385 s  (120 calls, 926994.873 us/call)

  POSIX file writes
    write system calls                                    120
    write system-call bytes                        8029871401
    POSIX write system calls                   111.239084 s  (120 calls, 926992.369 us/call)
    POSIX write effective bandwidth                68.842 MiB/s

  Output close timing
    POSIX close                                  0.000341 s  (1 calls,   340.904 us/call)
================================================================


======================= SWBWA Timing Report =======================
  Accumulated wall-clock time; indented rows are included in
  their parent row and must not be added to it.

  Pipeline
    total - complete three-stage pipeline                   295.269 s
    stage 1 - allocate and read raw FASTQ blocks             81.944 s
    stage 2 - align reads and generate SAM records           69.912 s
    stage 3 - write SAM and release batch data              142.805 s
      SAM output writes                                       131.905 s
      batch cleanup and loop overhead (derived)                10.900 s

  Stage 1 input details
    batches completed / stage calls                      30 / 31
    input-buffer and batch allocations                        0.000 s  (91 calls, max 0.000 s)
    aggregate requested allocation bytes           6998682608
    FASTQ fseeko calls                                        0.001 s  (60 calls, max 0.001 s)
    FASTQ fread calls                                        81.904 s  (60 calls, max 1.641 s)
    align chunk ends to FASTQ record boundaries               0.000 s  (58 calls, max 0.000 s)
    scheduler, checks and bookkeeping (derived)               0.039 s
    raw FASTQ bytes read                           6998619184  (6674.403 MiB)
    effective fread bandwidth                         81.490 MiB/s
    slowest allocation                                 0.000 s  (64 bytes)
    slowest fread                                      1.641 s  (R1 offset=117963996, bytes=117964800)

  Stage 2 worker details
    total - active merge worker                              69.896 s
      part 1 - prepare CPE task and reusable buffers            0.473 s
      part 2 - CPE FASTQ formatting and input release           1.910 s
      part 3 - CPE alignment and SAM length pass               63.951 s
      part 4 - assign slices in the shared SAM buffer           2.322 s
      part 5 - CPE SAM record generation                        1.224 s
      part 6 - release temporary worker data                    0.000 s

  Reserved allocator timers (no active timing sites)
    malloc timer                                              0.000 s
    free timer                                                0.000 s
===================================================================

[main] Version: 0.0.1
[main] CMD: ./SWBWA mem -v 4 -t 1 -1 -o correctness_results/cpe_ldm_opt_20260826/bigdata_profile_off/ERR1203383_PE.sam -I 170,80,500,1 ../data/GRCh38.d1.vd1.fa ../data/bwa_test_big_data/ERR1203383_1.fastq ../data/bwa_test_big_data/ERR1203383_2.fastq
