[M::main_mem] mean insert size: 170.000, stddev: 80.000, max: 500, min: 1
[CPE input] bytes_per_cg=19660800 cg_count=6 chunk_bytes=117964800 file_bytes=3795555588
malloc bwt->bwt 3107576584, 0x580000486040
malloc bwt->sa 1553788264, 0x5800b9823b60
[M::bwa_idx_load_from_disk] read 0 ALT contigs
malloc pac 776894131, 0x580116285940
the input file is ../data/bwa_test_big_data/small_SRR7963242_1.fastq
the output file is correctness_results/cpe_ldm_opt_20260826/bigdata_profile_off/small_SRR7963242_SE.sam
[M::process] read chunk (19660800 bytes/CG x 6 CGs, 117964800 bytes)...
[M::swbwa_cross_runtime_init] initialized cross-segment runtime in 0.069 sec
start swbwa_cross_run
[M::mem_process_seqs_merge2] CPE FASTQ formatting done
start swbwa_cross_run
slave pre done
now n is 314916
start swbwa_cross_run
processed 314916
[M::mem_process_seqs_merge2] Processed 314916 reads in 0.100 CPU sec, 2.289 real sec
[M::process] read chunk (19660800 bytes/CG x 6 CGs, 117964800 bytes)...
[DBG stage1] slow fread: R1 offset=117963996 requested=117964800 read=117964800 elapsed=1.011 s
start swbwa_cross_run
[M::mem_process_seqs_merge2] CPE FASTQ formatting done
start swbwa_cross_run
slave pre done
now n is 313734
start swbwa_cross_run
processed 313734
[M::mem_process_seqs_merge2] Processed 313734 reads in 0.040 CPU sec, 1.823 real sec
[M::process] read chunk (19660800 bytes/CG x 6 CGs, 117964800 bytes)...
start swbwa_cross_run
[M::mem_process_seqs_merge2] CPE FASTQ formatting done
start swbwa_cross_run
slave pre done
now n is 313734
start swbwa_cross_run
processed 313734
[M::mem_process_seqs_merge2] Processed 313734 reads in 0.030 CPU sec, 1.719 real sec
[M::process] read chunk (19660800 bytes/CG x 6 CGs, 117964800 bytes)...
[DBG stage1] slow fread: R1 offset=353891964 requested=117964800 read=117964800 elapsed=1.092 s
start swbwa_cross_run
[M::mem_process_seqs_merge2] CPE FASTQ formatting done
start swbwa_cross_run
slave pre done
now n is 311038
start swbwa_cross_run
processed 311038
[M::mem_process_seqs_merge2] Processed 311038 reads in 0.030 CPU sec, 1.709 real sec
[M::process] read chunk (19660800 bytes/CG x 6 CGs, 117964800 bytes)...
start swbwa_cross_run
[M::mem_process_seqs_merge2] CPE FASTQ formatting done
start swbwa_cross_run
slave pre done
now n is 310431
start swbwa_cross_run
processed 310431
[M::mem_process_seqs_merge2] Processed 310431 reads in 0.030 CPU sec, 1.767 real sec
[M::process] read chunk (19660800 bytes/CG x 6 CGs, 117964800 bytes)...
start swbwa_cross_run
[M::mem_process_seqs_merge2] CPE FASTQ formatting done
start swbwa_cross_run
slave pre done
now n is 310431
start swbwa_cross_run
processed 310431
[M::mem_process_seqs_merge2] Processed 310431 reads in 0.040 CPU sec, 1.754 real sec
[M::process] read chunk (19660800 bytes/CG x 6 CGs, 117964800 bytes)...
start swbwa_cross_run
[M::mem_process_seqs_merge2] CPE FASTQ formatting done
start swbwa_cross_run
slave pre done
now n is 310431
start swbwa_cross_run
processed 310431
[M::mem_process_seqs_merge2] Processed 310431 reads in 0.030 CPU sec, 1.680 real sec
[M::process] read chunk (19660800 bytes/CG x 6 CGs, 117964800 bytes)...
start swbwa_cross_run
[M::mem_process_seqs_merge2] CPE FASTQ formatting done
start swbwa_cross_run
slave pre done
now n is 310431
start swbwa_cross_run
processed 310431
[M::mem_process_seqs_merge2] Processed 310431 reads in 0.030 CPU sec, 1.685 real sec
[M::process] read chunk (19660800 bytes/CG x 6 CGs, 117964800 bytes)...
start swbwa_cross_run
[M::mem_process_seqs_merge2] CPE FASTQ formatting done
start swbwa_cross_run
slave pre done
now n is 310431
start swbwa_cross_run
processed 310431
[M::mem_process_seqs_merge2] Processed 310431 reads in 0.040 CPU sec, 1.762 real sec
[M::process] read chunk (19660800 bytes/CG x 6 CGs, 117964800 bytes)...
[DBG stage1] slow fread: R1 offset=1061674844 requested=117964800 read=117964800 elapsed=1.059 s
start swbwa_cross_run
[M::mem_process_seqs_merge2] CPE FASTQ formatting done
start swbwa_cross_run
slave pre done
now n is 310431
start swbwa_cross_run
processed 310431
[M::mem_process_seqs_merge2] Processed 310431 reads in 0.030 CPU sec, 1.765 real sec
[M::process] read chunk (19660800 bytes/CG x 6 CGs, 117964800 bytes)...
start swbwa_cross_run
[M::mem_process_seqs_merge2] CPE FASTQ formatting done
start swbwa_cross_run
slave pre done
now n is 310431
start swbwa_cross_run
processed 310431
[M::mem_process_seqs_merge2] Processed 310431 reads in 0.030 CPU sec, 1.865 real sec
[M::process] read chunk (19660800 bytes/CG x 6 CGs, 117964800 bytes)...
start swbwa_cross_run
[M::mem_process_seqs_merge2] CPE FASTQ formatting done
start swbwa_cross_run
slave pre done
now n is 310431
start swbwa_cross_run
processed 310431
[M::mem_process_seqs_merge2] Processed 310431 reads in 0.030 CPU sec, 2.068 real sec
[M::process] read chunk (19660800 bytes/CG x 6 CGs, 117964800 bytes)...
start swbwa_cross_run
[M::mem_process_seqs_merge2] CPE FASTQ formatting done
start swbwa_cross_run
slave pre done
now n is 310431
start swbwa_cross_run
processed 310431
[M::mem_process_seqs_merge2] Processed 310431 reads in 0.040 CPU sec, 1.842 real sec
[M::process] read chunk (19660800 bytes/CG x 6 CGs, 117964800 bytes)...
start swbwa_cross_run
[M::mem_process_seqs_merge2] CPE FASTQ formatting done
start swbwa_cross_run
slave pre done
now n is 310431
start swbwa_cross_run
processed 310431
[M::mem_process_seqs_merge2] Processed 310431 reads in 0.040 CPU sec, 1.721 real sec
[M::process] read chunk (19660800 bytes/CG x 6 CGs, 117964800 bytes)...
start swbwa_cross_run
[M::mem_process_seqs_merge2] CPE FASTQ formatting done
start swbwa_cross_run
slave pre done
now n is 310431
start swbwa_cross_run
processed 310431
[M::mem_process_seqs_merge2] Processed 310431 reads in 0.030 CPU sec, 1.736 real sec
[M::process] read chunk (19660800 bytes/CG x 6 CGs, 117964800 bytes)...
start swbwa_cross_run
[M::mem_process_seqs_merge2] CPE FASTQ formatting done
start swbwa_cross_run
slave pre done
now n is 310431
start swbwa_cross_run
processed 310431
[M::mem_process_seqs_merge2] Processed 310431 reads in 0.040 CPU sec, 1.773 real sec
[M::process] read chunk (19660800 bytes/CG x 6 CGs, 117964800 bytes)...
start swbwa_cross_run
[M::mem_process_seqs_merge2] CPE FASTQ formatting done
start swbwa_cross_run
slave pre done
now n is 310431
start swbwa_cross_run
processed 310431
[M::mem_process_seqs_merge2] Processed 310431 reads in 0.040 CPU sec, 1.822 real sec
[M::process] read chunk (19660800 bytes/CG x 6 CGs, 117964800 bytes)...
start swbwa_cross_run
[M::mem_process_seqs_merge2] CPE FASTQ formatting done
start swbwa_cross_run
slave pre done
now n is 310431
start swbwa_cross_run
processed 310431
[M::mem_process_seqs_merge2] Processed 310431 reads in 0.040 CPU sec, 1.744 real sec
[M::process] read chunk (19660800 bytes/CG x 6 CGs, 117964800 bytes)...
start swbwa_cross_run
[M::mem_process_seqs_merge2] CPE FASTQ formatting done
start swbwa_cross_run
slave pre done
now n is 310431
start swbwa_cross_run
processed 310431
[M::mem_process_seqs_merge2] Processed 310431 reads in 0.030 CPU sec, 1.959 real sec
[M::process] read chunk (19660800 bytes/CG x 6 CGs, 117964800 bytes)...
start swbwa_cross_run
[M::mem_process_seqs_merge2] CPE FASTQ formatting done
start swbwa_cross_run
slave pre done
now n is 310431
start swbwa_cross_run
processed 310431
[M::mem_process_seqs_merge2] Processed 310431 reads in 0.040 CPU sec, 1.771 real sec
[M::process] read chunk (19660800 bytes/CG x 6 CGs, 117964800 bytes)...
start swbwa_cross_run
[M::mem_process_seqs_merge2] CPE FASTQ formatting done
start swbwa_cross_run
slave pre done
now n is 310431
start swbwa_cross_run
processed 310431
[M::mem_process_seqs_merge2] Processed 310431 reads in 0.030 CPU sec, 1.709 real sec
[M::process] read chunk (19660800 bytes/CG x 6 CGs, 117964800 bytes)...
start swbwa_cross_run
[M::mem_process_seqs_merge2] CPE FASTQ formatting done
start swbwa_cross_run
slave pre done
now n is 310431
start swbwa_cross_run
processed 310431
[M::mem_process_seqs_merge2] Processed 310431 reads in 0.030 CPU sec, 1.985 real sec
[M::process] read chunk (19660800 bytes/CG x 6 CGs, 117964800 bytes)...
start swbwa_cross_run
[M::mem_process_seqs_merge2] CPE FASTQ formatting done
start swbwa_cross_run
slave pre done
now n is 310431
start swbwa_cross_run
processed 310431
[M::mem_process_seqs_merge2] Processed 310431 reads in 0.040 CPU sec, 1.743 real sec
[M::process] read chunk (19660800 bytes/CG x 6 CGs, 117964800 bytes)...
start swbwa_cross_run
[M::mem_process_seqs_merge2] CPE FASTQ formatting done
start swbwa_cross_run
slave pre done
now n is 310431
start swbwa_cross_run
processed 310431
[M::mem_process_seqs_merge2] Processed 310431 reads in 0.040 CPU sec, 1.714 real sec
[M::process] read chunk (19660800 bytes/CG x 6 CGs, 117964800 bytes)...
start swbwa_cross_run
[M::mem_process_seqs_merge2] CPE FASTQ formatting done
start swbwa_cross_run
slave pre done
now n is 310431
start swbwa_cross_run
processed 310431
[M::mem_process_seqs_merge2] Processed 310431 reads in 0.030 CPU sec, 1.709 real sec
[M::process] read chunk (19660800 bytes/CG x 6 CGs, 117964800 bytes)...
start swbwa_cross_run
[M::mem_process_seqs_merge2] CPE FASTQ formatting done
start swbwa_cross_run
slave pre done
now n is 310431
start swbwa_cross_run
processed 310431
[M::mem_process_seqs_merge2] Processed 310431 reads in 0.040 CPU sec, 1.793 real sec
[M::process] read chunk (19660800 bytes/CG x 6 CGs, 117964800 bytes)...
start swbwa_cross_run
[M::mem_process_seqs_merge2] CPE FASTQ formatting done
start swbwa_cross_run
slave pre done
now n is 310431
start swbwa_cross_run
processed 310431
[M::mem_process_seqs_merge2] Processed 310431 reads in 0.040 CPU sec, 1.761 real sec
[M::process] read chunk (19660800 bytes/CG x 6 CGs, 117964800 bytes)...
start swbwa_cross_run
[M::mem_process_seqs_merge2] CPE FASTQ formatting done
start swbwa_cross_run
slave pre done
now n is 310431
start swbwa_cross_run
processed 310431
[M::mem_process_seqs_merge2] Processed 310431 reads in 0.040 CPU sec, 1.772 real sec
[M::process] read chunk (19660800 bytes/CG x 6 CGs, 117964800 bytes)...
start swbwa_cross_run
[M::mem_process_seqs_merge2] CPE FASTQ formatting done
start swbwa_cross_run
slave pre done
now n is 310431
start swbwa_cross_run
processed 310431
[M::mem_process_seqs_merge2] Processed 310431 reads in 0.030 CPU sec, 1.737 real sec
[M::process] read chunk (19660800 bytes/CG x 6 CGs, 117964800 bytes)...
start swbwa_cross_run
[M::mem_process_seqs_merge2] CPE FASTQ formatting done
start swbwa_cross_run
slave pre done
now n is 310431
start swbwa_cross_run
processed 310431
[M::mem_process_seqs_merge2] Processed 310431 reads in 0.040 CPU sec, 1.711 real sec
[M::process] read chunk (19660800 bytes/CG x 6 CGs, 117964800 bytes)...
start swbwa_cross_run
[M::mem_process_seqs_merge2] CPE FASTQ formatting done
start swbwa_cross_run
slave pre done
now n is 310431
start swbwa_cross_run
processed 310431
[M::mem_process_seqs_merge2] Processed 310431 reads in 0.040 CPU sec, 1.771 real sec
[M::process] read chunk (19660800 bytes/CG x 6 CGs, 117964800 bytes)...
start swbwa_cross_run
[M::mem_process_seqs_merge2] CPE FASTQ formatting done
start swbwa_cross_run
slave pre done
now n is 310431
start swbwa_cross_run
processed 310431
[M::mem_process_seqs_merge2] Processed 310431 reads in 0.030 CPU sec, 1.747 real sec
[M::process] read chunk (19660800 bytes/CG x 6 CGs, 20713804 bytes)...
start swbwa_cross_run
[M::mem_process_seqs_merge2] CPE FASTQ formatting done
start swbwa_cross_run
slave pre done
now n is 54510
start swbwa_cross_run
processed 54510
[M::mem_process_seqs_merge2] Processed 54510 reads in 0.020 CPU sec, 0.717 real sec

====================== SWBWA Output Debug =====================
  MPI rank: 000000 / 000001
  mode:     non-MPI POSIX
  path:     correctness_results/cpe_ldm_opt_20260826/bigdata_profile_off/small_SRR7963242_SE.sam

  Output volume
    output buffer capacity                           67108864
    swbwa_output_write calls                        10000000
    submitted SAM bytes                           3920595145
    buffered flushes                                      59
    buffered flush bytes                          3920595145
    direct oversized writes                                0
    direct oversized bytes                                 0

  Buffering
    buffered flush total                        53.377844 s  (59 calls, 904709.228 us/call)

  POSIX file writes
    write system calls                                     59
    write system-call bytes                        3920595145
    POSIX write system calls                    53.377669 s  (59 calls, 904706.260 us/call)
    POSIX write effective bandwidth                70.047 MiB/s

  Output close timing
    POSIX close                                  0.000326 s  (1 calls,   326.454 us/call)
================================================================


======================= SWBWA Timing Report =======================
  Accumulated wall-clock time; indented rows are included in
  their parent row and must not be added to it.

  Pipeline
    total - complete three-stage pipeline                   149.618 s
    stage 1 - allocate and read raw FASTQ blocks             27.158 s
    stage 2 - align reads and generate SAM records           58.140 s
    stage 3 - write SAM and release batch data               63.950 s
      SAM output writes                                        60.358 s
      batch cleanup and loop overhead (derived)                 3.592 s

  Stage 1 input details
    batches completed / stage calls                      33 / 34
    input-buffer and batch allocations                        0.000 s  (67 calls, max 0.000 s)
    aggregate requested allocation bytes           3795623372
    FASTQ fseeko calls                                        0.001 s  (33 calls, max 0.000 s)
    FASTQ fread calls                                        27.139 s  (33 calls, max 1.092 s)
    align chunk ends to FASTQ record boundaries               0.000 s  (32 calls, max 0.000 s)
    scheduler, checks and bookkeeping (derived)               0.018 s
    raw FASTQ bytes read                           3795587404  (3619.754 MiB)
    effective fread bandwidth                        133.376 MiB/s
    slowest allocation                                 0.000 s  (64 bytes)
    slowest fread                                      1.092 s  (R1 offset=353891964, bytes=117964800)

  Stage 2 worker details
    total - active merge worker                              58.122 s
      part 1 - prepare CPE task and reusable buffers            0.503 s
      part 2 - CPE FASTQ formatting and input release           0.868 s
      part 3 - CPE alignment and SAM length pass               55.449 s
      part 4 - assign slices in the shared SAM buffer           0.784 s
      part 5 - CPE SAM record generation                        0.502 s
      part 6 - release temporary worker data                    0.001 s

  Reserved allocator timers (no active timing sites)
    malloc timer                                              0.000 s
    free timer                                                0.000 s
===================================================================

[main] Version: 0.0.1
[main] CMD: ./SWBWA mem -v 4 -t 1 -1 -o correctness_results/cpe_ldm_opt_20260826/bigdata_profile_off/small_SRR7963242_SE.sam -I 170,80,500,1 ../data/GRCh38.d1.vd1.fa ../data/bwa_test_big_data/small_SRR7963242_1.fastq
