[M::main_mem] mean insert size: 170.000, stddev: 80.000, max: 500, min: 1
[MPI input] mode=dynamic chunks=49 bytes_per_cg=19660800 cg_count=1 chunk_bytes=19660800 file_bytes=945555584 scheduler=distributed read_index=exact
malloc bwt->bwt 3107576584, 0x500008804020
malloc bwt->bwt 3107576584, 0x500008804020
malloc bwt->bwt 3107576584, 0x500008804020
malloc bwt->bwt 3107576584, 0x500008804020
malloc bwt->bwt 3107576584, 0x500008804020
malloc bwt->bwt 3107576584, 0x500008804020
malloc bwt->sa 1553788264, 0x5000c1ba1b40
malloc bwt->sa 1553788264, 0x5000c1ba1b40
malloc bwt->sa 1553788264, 0x5000c1ba1b40
malloc bwt->sa 1553788264, 0x5000c1ba1b40
malloc bwt->sa 1553788264, 0x5000c1ba1b40
malloc bwt->sa 1553788264, 0x5000c1ba1b40
[M::bwa_idx_load_from_disk] read 0 ALT contigs
[M::bwa_idx_load_from_disk] read 0 ALT contigs
[M::bwa_idx_load_from_disk] read 0 ALT contigs
[M::bwa_idx_load_from_disk] read 0 ALT contigs
[M::bwa_idx_load_from_disk] read 0 ALT contigs
[M::bwa_idx_load_from_disk] read 0 ALT contigs
malloc pac 776894131, 0x50011e5708c0
malloc pac 776894131, 0x50011e5708c0
malloc pac 776894131, 0x50011e5708c0
malloc pac 776894131, 0x50011e5708c0
malloc pac 776894131, 0x50011e5708c0
malloc pac 776894131, 0x50011e5708c0
the input file is ../../data/SRR7963242_1.fastq_1
the input file is ../../data/SRR7963242_2.fastq_1
[MPI rank 000000/000006] output: correctness_results/serialized_iprobe_compare/no1/SRR7963242_PE.sam
[MPI rank 000001/000006] output: correctness_results/serialized_iprobe_compare/no1/SRR7963242_PE.sam
[MPI rank 000002/000006] output: correctness_results/serialized_iprobe_compare/no1/SRR7963242_PE.sam
[MPI rank 000003/000006] output: correctness_results/serialized_iprobe_compare/no1/SRR7963242_PE.sam
[MPI rank 000004/000006] output: correctness_results/serialized_iprobe_compare/no1/SRR7963242_PE.sam
[MPI rank 000005/000006] output: correctness_results/serialized_iprobe_compare/no1/SRR7963242_PE.sam
[M::process] read chunk (19660800 bytes/CG x 1 CGs, 19660664 bytes)...
[M::process] read chunk (19660800 bytes/CG x 1 CGs, 19661040 bytes)...
[M::process] read chunk (19660800 bytes/CG x 1 CGs, 19661160 bytes)...
[M::process] read chunk (19660800 bytes/CG x 1 CGs, 19660556 bytes)...
[M::process] read chunk (19660800 bytes/CG x 1 CGs, 19660664 bytes)...
[M::process] read chunk (19660800 bytes/CG x 1 CGs, 19661040 bytes)...
step1 0x50000201ece0
step2 get 0x50000201ece0
step1 0x50000201eec0
step2 get 0x50000201eec0
step1 0x50000201ece0
step2 get 0x50000201ece0
step1 0x50000201ece0
step2 get 0x50000201ece0
step1 0x50000201ece0
step2 get 0x50000201ece0
[M::process] read chunk (19660800 bytes/CG x 1 CGs, 19660664 bytes)...
[M::process] read chunk (19660800 bytes/CG x 1 CGs, 19660664 bytes)...
[M::process] read chunk (19660800 bytes/CG x 1 CGs, 19660664 bytes)...
[M::process] read chunk (19660800 bytes/CG x 1 CGs, 19661040 bytes)...
step1 0x50000201ece0
[M::mem_process_seqs_merge2] CPE FASTQ formatting done
[M::process] read chunk (19660800 bytes/CG x 1 CGs, 19660664 bytes)...
step2 get 0x50000201ece0
[M::mem_process_seqs_merge2] CPE FASTQ formatting done
[M::mem_process_seqs_merge2] CPE FASTQ formatting done
[M::mem_process_seqs_merge2] CPE FASTQ formatting done
[M::mem_process_seqs_merge2] CPE FASTQ formatting done
[M::process] read chunk (19660800 bytes/CG x 1 CGs, 19661040 bytes)...
[M::mem_process_seqs_merge2] CPE FASTQ formatting done
[DBG stage1] slow fread: R1 offset=117965124 requested=19660664 read=19660664 elapsed=1.010 s
[DBG stage1] slow fread: R1 offset=137625788 requested=19660664 read=19660664 elapsed=1.313 s
[DBG stage1] slow fread: R1 offset=157286452 requested=19661040 read=19661040 elapsed=1.315 s
[DBG stage1] slow fread: R1 offset=196608156 requested=19660664 read=19660664 elapsed=1.346 s
[DBG stage1] slow fread: R1 offset=216268820 requested=19661040 read=19661040 elapsed=1.214 s
step1 0x50000201ef10
step1 0x50000201ed30
step1 0x50000201ed30
[DBG stage1] slow fread: R2 offset=137625788 requested=19660664 read=19660664 elapsed=1.010 s
step1 0x50000201ed30
step1 0x50000201ed30
step1 0x50000201ed30
slave pre done
now n is 104578
processed 104578
[M::mem_process_seqs_merge2] Processed 104578 reads in 4.600 CPU sec, 9.041 real sec
step2 put 0x50000201ece0
step2 get 0x50000201ed30
step3 0x50000201ece0
[M::mem_process_seqs_merge2] CPE FASTQ formatting done
slave pre done
now n is 104578
processed 104578
[M::mem_process_seqs_merge2] Processed 104578 reads in 4.190 CPU sec, 8.926 real sec
step2 put 0x50000201ece0
step2 get 0x50000201ed30
slave pre done
now n is 105578
[M::process] read chunk (19660800 bytes/CG x 1 CGs, 19660664 bytes)...
step3 0x50000201ece0
processed 105578
[M::mem_process_seqs_merge2] Processed 105578 reads in 4.030 CPU sec, 8.991 real sec
step2 put 0x50000201ece0
step2 get 0x50000201ed30
step3 0x50000201ece0
[M::mem_process_seqs_merge2] CPE FASTQ formatting done
[M::mem_process_seqs_merge2] CPE FASTQ formatting done
slave pre done
now n is 104580
[M::process] read chunk (19660800 bytes/CG x 1 CGs, 19661040 bytes)...
processed 104580
[M::mem_process_seqs_merge2] Processed 104580 reads in 4.190 CPU sec, 8.780 real sec
step2 put 0x50000201ece0
step2 get 0x50000201ed30
step3 0x50000201ece0
[M::mem_process_seqs_merge2] CPE FASTQ formatting done
[M::process] read chunk (19660800 bytes/CG x 1 CGs, 19661040 bytes)...
slave pre done
now n is 104580
processed 104580
[M::mem_process_seqs_merge2] Processed 104580 reads in 4.440 CPU sec, 9.490 real sec
step2 put 0x50000201ece0
step2 get 0x50000201ed30
[M::process] read chunk (19660800 bytes/CG x 1 CGs, 19660664 bytes)...
step3 0x50000201ece0
[M::process] read chunk (19660800 bytes/CG x 1 CGs, 19660664 bytes)...
[M::mem_process_seqs_merge2] CPE FASTQ formatting done
[DBG stage1] slow fread: R1 offset=255590524 requested=19661040 read=19661040 elapsed=1.043 s
[DBG stage1] slow fread: R1 offset=334233932 requested=19660664 read=19660664 elapsed=1.026 s
[DBG stage1] slow fread: R1 offset=275251564 requested=19660664 read=19660664 elapsed=1.013 s
step1 0x50000201ed80
step1 0x50000276ebc0
slave pre done
now n is 105944
processed 105944
[M::mem_process_seqs_merge2] Processed 105944 reads in 4.270 CPU sec, 11.071 real sec
step2 put 0x50000201eec0
step2 get 0x50000201ef10
step3 0x50000201eec0
[M::mem_process_seqs_merge2] CPE FASTQ formatting done
[M::process] read chunk (19660800 bytes/CG x 1 CGs, 19660664 bytes)...
step1 0x50000201eec0
step1 0x50000276dbc0
step1 0x50000276e3c0
step1 0x50000201ece0
slave pre done
now n is 104578
processed 104578
[M::mem_process_seqs_merge2] Processed 104578 reads in 4.210 CPU sec, 7.690 real sec
step2 put 0x50000201ed30
step2 get 0x50000201ed80
step3 0x50000201ed30
[M::mem_process_seqs_merge2] CPE FASTQ formatting done
[M::process] read chunk (19660800 bytes/CG x 1 CGs, 19660820 bytes)...
slave pre done
now n is 104578
processed 104578
[M::mem_process_seqs_merge2] Processed 104578 reads in 3.670 CPU sec, 7.639 real sec
step2 put 0x50000201ed30
step2 get 0x50000201eec0
step3 0x50000201ed30
slave pre done
now n is 104580
[M::mem_process_seqs_merge2] CPE FASTQ formatting done
processed 104580
[M::mem_process_seqs_merge2] Processed 104580 reads in 3.610 CPU sec, 7.210 real sec
step2 put 0x50000201ed30
step2 get 0x50000276dbc0
step3 0x50000201ed30
slave pre done
now n is 104578
[M::mem_process_seqs_merge2] CPE FASTQ formatting done
processed 104578
[M::mem_process_seqs_merge2] Processed 104578 reads in 3.870 CPU sec, 7.768 real sec
step2 put 0x50000201ed30
step2 get 0x50000276ebc0
step3 0x50000201ed30
[M::mem_process_seqs_merge2] CPE FASTQ formatting done
slave pre done
now n is 104580
processed 104580
[M::mem_process_seqs_merge2] Processed 104580 reads in 4.070 CPU sec, 7.641 real sec
step2 put 0x50000201ed30
step2 get 0x50000276e3c0
step3 0x50000201ed30
[M::mem_process_seqs_merge2] CPE FASTQ formatting done
[M::process] read chunk (19660800 bytes/CG x 1 CGs, 19660824 bytes)...
[M::process] read chunk (19660800 bytes/CG x 1 CGs, 19660820 bytes)...
[M::process] read chunk (19660800 bytes/CG x 1 CGs, 19660820 bytes)...
[M::process] read chunk (19660800 bytes/CG x 1 CGs, 19660820 bytes)...
[DBG stage1] slow fread: R1 offset=393216084 requested=19660820 read=19660820 elapsed=1.078 s
slave pre done
now n is 104578
processed 104578
[M::mem_process_seqs_merge2] Processed 104578 reads in 3.430 CPU sec, 7.300 real sec
step2 put 0x50000201ef10
step2 get 0x50000201ece0
step3 0x50000201ef10
[M::process] read chunk (19660800 bytes/CG x 1 CGs, 19660664 bytes)...
[M::mem_process_seqs_merge2] CPE FASTQ formatting done
[DBG stage1] slow fread: R1 offset=452198544 requested=19660820 read=19660820 elapsed=1.069 s
[DBG stage1] slow fread: R2 offset=412876904 requested=19660820 read=19660820 elapsed=1.115 s
step1 0x50000201ece0
step1 0x50000201ece0
step1 0x50000201ece0
[DBG stage1] slow fread: R2 offset=393216084 requested=19660820 read=19660820 elapsed=1.010 s
step1 0x50000201ece0
step1 0x50000201ece0
step1 0x50000201eec0
slave pre done
now n is 104578
processed 104578
[M::mem_process_seqs_merge2] Processed 104578 reads in 4.190 CPU sec, 8.071 real sec
step2 put 0x50000201ed80
step2 get 0x50000201ece0
step3 0x50000201ed80
[M::mem_process_seqs_merge2] CPE FASTQ formatting done
[M::process] read chunk (19660800 bytes/CG x 1 CGs, 19660820 bytes)...
slave pre done
now n is 104578
processed 104578
[M::mem_process_seqs_merge2] Processed 104578 reads in 3.890 CPU sec, 8.131 real sec
step2 put 0x50000276dbc0
step2 get 0x50000201ece0
step3 0x50000276dbc0
[M::mem_process_seqs_merge2] CPE FASTQ formatting done
[M::process] read chunk (19660800 bytes/CG x 1 CGs, 19660820 bytes)...
slave pre done
now n is 104580
slave pre done
now n is 104580
processed 104580
[M::mem_process_seqs_merge2] Processed 104580 reads in 3.800 CPU sec, 8.349 real sec
step2 put 0x50000201eec0
step2 get 0x50000201ece0
step3 0x50000201eec0
processed 104580
[M::mem_process_seqs_merge2] Processed 104580 reads in 3.470 CPU sec, 8.270 real sec
step2 put 0x50000276ebc0
step2 get 0x50000201ece0
[M::mem_process_seqs_merge2] CPE FASTQ formatting done
[M::mem_process_seqs_merge2] CPE FASTQ formatting done
step3 0x50000276ebc0
[M::process] read chunk (19660800 bytes/CG x 1 CGs, 19660820 bytes)...
[M::process] read chunk (19660800 bytes/CG x 1 CGs, 19660820 bytes)...
step1 0x50000201ed30
step1 0x50000201ed30
step1 0x50000201ed30
step1 0x50000276ec10
slave pre done
now n is 104578
processed 104578
[M::mem_process_seqs_merge2] Processed 104578 reads in 3.720 CPU sec, 10.339 real sec
step2 put 0x50000276e3c0
step2 get 0x50000201ece0
step3 0x50000276e3c0
[M::mem_process_seqs_merge2] CPE FASTQ formatting done
[M::process] read chunk (19660800 bytes/CG x 1 CGs, 19660820 bytes)...
step1 0x50000276e410
slave pre done
now n is 104578
processed 104578
[M::mem_process_seqs_merge2] Processed 104578 reads in 3.300 CPU sec, 10.401 real sec
step2 put 0x50000201ece0
step2 get 0x50000201eec0
[M::process] read chunk (19660800 bytes/CG x 1 CGs, 19660820 bytes)...
[M::mem_process_seqs_merge2] CPE FASTQ formatting done
step3 0x50000201ece0
step1 0x50000201ed30
slave pre done
now n is 103478
processed 103478
[M::mem_process_seqs_merge2] Processed 103478 reads in 3.950 CPU sec, 7.268 real sec
step2 put 0x50000201ece0
step2 get 0x50000201ed30
step3 0x50000201ece0
slave pre done
now n is 103590
slave pre done
now n is 103478
processed 103590
[M::mem_process_seqs_merge2] Processed 103590 reads in 3.820 CPU sec, 7.149 real sec
step2 put 0x50000201ece0
step2 get 0x50000201ed30
step3 0x50000201ece0
processed 103478
[M::mem_process_seqs_merge2] Processed 103478 reads in 3.780 CPU sec, 7.348 real sec
step2 put 0x50000201ece0
step2 get 0x50000201ed30
[M::mem_process_seqs_merge2] CPE FASTQ formatting done
step3 0x50000201ece0
slave pre done
now n is 103478
processed 103478
[M::mem_process_seqs_merge2] Processed 103478 reads in 3.630 CPU sec, 7.201 real sec
step2 put 0x50000201ece0
step2 get 0x50000276ec10
step3 0x50000201ece0
[M::process] read chunk (19660800 bytes/CG x 1 CGs, 19660820 bytes)...
step1 0x50000201eec0
[M::mem_process_seqs_merge2] CPE FASTQ formatting done
[M::process] read chunk (19660800 bytes/CG x 1 CGs, 19660820 bytes)...
step1 0x50000201ed80
slave pre done
now n is 103478
processed 103478
[M::mem_process_seqs_merge2] Processed 103478 reads in 3.920 CPU sec, 7.211 real sec
step2 put 0x50000201ece0
step2 get 0x50000276e410
step3 0x50000201ece0
[M::mem_process_seqs_merge2] CPE FASTQ formatting done
slave pre done
now n is 104578
[M::process] read chunk (19660800 bytes/CG x 1 CGs, 19660820 bytes)...
processed 104578
[M::mem_process_seqs_merge2] Processed 104578 reads in 3.350 CPU sec, 7.270 real sec
step2 put 0x50000201eec0
step2 get 0x50000201ed30
step3 0x50000201eec0
[M::mem_process_seqs_merge2] CPE FASTQ formatting done
step1 0x50000276dbc0
[M::mem_process_seqs_merge2] CPE FASTQ formatting done
[M::process] read chunk (19660800 bytes/CG x 1 CGs, 19660440 bytes)...
step1 0x50000276ebc0
[M::mem_process_seqs_merge2] CPE FASTQ formatting done
[M::process] read chunk (19660800 bytes/CG x 1 CGs, 19660820 bytes)...
slave pre done
now n is 103478
processed 103478
[M::mem_process_seqs_merge2] Processed 103478 reads in 3.890 CPU sec, 7.248 real sec
step2 put 0x50000201ed30
step2 get 0x50000201eec0
step3 0x50000201ed30
[M::mem_process_seqs_merge2] CPE FASTQ formatting done
[M::process] read chunk (19660800 bytes/CG x 1 CGs, 19660820 bytes)...
step1 0x50000276e3c0
step1 0x50000201ece0
slave pre done
now n is 103478
processed 103478
[M::mem_process_seqs_merge2] Processed 103478 reads in 4.460 CPU sec, 9.671 real sec
step2 put 0x50000201ed30
step2 get 0x50000201ed80
step3 0x50000201ed30
[M::mem_process_seqs_merge2] CPE FASTQ formatting done
[M::process] read chunk (19660800 bytes/CG x 1 CGs, 19660820 bytes)...
[M::process] read chunk (19660800 bytes/CG x 1 CGs, 19660820 bytes)...
step1 0x50000201ece0
step1 0x50000201ece0
slave pre done
now n is 103478
processed 103478
[M::mem_process_seqs_merge2] Processed 103478 reads in 3.890 CPU sec, 11.721 real sec
step2 put 0x50000201ed30
step2 get 0x50000276dbc0
step3 0x50000201ed30
[M::process] read chunk (19660800 bytes/CG x 1 CGs, 19660820 bytes)...
[M::mem_process_seqs_merge2] CPE FASTQ formatting done
slave pre done
now n is 103478
processed 103478
[M::mem_process_seqs_merge2] Processed 103478 reads in 3.420 CPU sec, 8.361 real sec
step2 put 0x50000201ed30
step2 get 0x50000201ece0
step3 0x50000201ed30
[M::process] read chunk (19660800 bytes/CG x 1 CGs, 19660820 bytes)...
[M::mem_process_seqs_merge2] CPE FASTQ formatting done
step1 0x50000201ece0
step1 0x50000201eec0
slave pre done
now n is 103478
processed 103478
[M::mem_process_seqs_merge2] Processed 103478 reads in 3.640 CPU sec, 13.209 real sec
step2 put 0x50000276ec10
step2 get 0x50000276ebc0
step3 0x50000276ec10
[M::mem_process_seqs_merge2] CPE FASTQ formatting done
[M::process] read chunk (19660800 bytes/CG x 1 CGs, 19660820 bytes)...
step1 0x50000201ece0
slave pre done
now n is 103478
processed 103478
[M::mem_process_seqs_merge2] Processed 103478 reads in 3.940 CPU sec, 13.189 real sec
step2 put 0x50000276e410
step2 get 0x50000276e3c0
step3 0x50000276e410
[M::mem_process_seqs_merge2] CPE FASTQ formatting done
[M::process] read chunk (19660800 bytes/CG x 1 CGs, 19660820 bytes)...
step1 0x50000201ece0
slave pre done
now n is 103478
processed 103478
[M::mem_process_seqs_merge2] Processed 103478 reads in 5.030 CPU sec, 9.501 real sec
step2 put 0x50000201eec0
step2 get 0x50000201ece0
step3 0x50000201eec0
[M::mem_process_seqs_merge2] CPE FASTQ formatting done
[M::process] read chunk (19660800 bytes/CG x 1 CGs, 19660820 bytes)...
step1 0x50000201ed30
slave pre done
now n is 103478
processed 103478
[M::mem_process_seqs_merge2] Processed 103478 reads in 4.330 CPU sec, 9.009 real sec
step2 put 0x50000201ed80
step2 get 0x50000201ece0
step3 0x50000201ed80
[M::mem_process_seqs_merge2] CPE FASTQ formatting done
[M::process] read chunk (19660800 bytes/CG x 1 CGs, 19660820 bytes)...
step1 0x50000201ed30
slave pre done
now n is 103478
processed 103478
[M::mem_process_seqs_merge2] Processed 103478 reads in 4.030 CPU sec, 8.619 real sec
step2 put 0x50000276dbc0
step2 get 0x50000201ece0
step3 0x50000276dbc0
[M::process] read chunk (19660800 bytes/CG x 1 CGs, 19660820 bytes)...
[M::mem_process_seqs_merge2] CPE FASTQ formatting done
step1 0x50000201ed30
slave pre done
now n is 103478
processed 103478
[M::mem_process_seqs_merge2] Processed 103478 reads in 3.430 CPU sec, 8.902 real sec
step2 put 0x50000201ece0
step2 get 0x50000201eec0
step3 0x50000201ece0
[M::process] read chunk (19660800 bytes/CG x 1 CGs, 19660820 bytes)...
[M::mem_process_seqs_merge2] CPE FASTQ formatting done
step1 0x50000201ed30
slave pre done
now n is 103476
processed 103476
[M::mem_process_seqs_merge2] Processed 103476 reads in 7.450 CPU sec, 10.139 real sec
step2 put 0x50000276ebc0
step2 get 0x50000201ece0
step3 0x50000276ebc0
[M::mem_process_seqs_merge2] CPE FASTQ formatting done
[M::process] read chunk (19660800 bytes/CG x 1 CGs, 19660820 bytes)...
step1 0x50000276ec10
slave pre done
now n is 103478
processed 103478
[M::mem_process_seqs_merge2] Processed 103478 reads in 5.620 CPU sec, 8.909 real sec
step2 put 0x50000276e3c0
step2 get 0x50000201ece0
step3 0x50000276e3c0
[M::mem_process_seqs_merge2] CPE FASTQ formatting done
[M::process] read chunk (19660800 bytes/CG x 1 CGs, 19660820 bytes)...
step1 0x50000276e410
slave pre done
now n is 103478
processed 103478
[M::mem_process_seqs_merge2] Processed 103478 reads in 3.780 CPU sec, 8.279 real sec
step2 put 0x50000201ece0
step2 get 0x50000201ed30
step3 0x50000201ece0
[M::process] read chunk (19660800 bytes/CG x 1 CGs, 1836920 bytes)...
step1 0x50000201eec0
[M::mem_process_seqs_merge2] CPE FASTQ formatting done
slave pre done
now n is 103478
processed 103478
[M::mem_process_seqs_merge2] Processed 103478 reads in 4.240 CPU sec, 8.270 real sec
step2 put 0x50000201ece0
step2 get 0x50000201ed30
step3 0x50000201ece0
[M::mem_process_seqs_merge2] CPE FASTQ formatting done
slave pre done
now n is 103478
processed 103478
[M::mem_process_seqs_merge2] Processed 103478 reads in 3.780 CPU sec, 7.600 real sec
step2 put 0x50000201ece0
step2 get 0x50000201ed30
step3 0x50000201ece0
[M::mem_process_seqs_merge2] CPE FASTQ formatting done
slave pre done
now n is 103478
processed 103478
[M::mem_process_seqs_merge2] Processed 103478 reads in 3.370 CPU sec, 7.567 real sec
step2 put 0x50000201eec0
step2 get 0x50000201ed30
step3 0x50000201eec0
slave pre done
now n is 103478
processed 103478
[M::mem_process_seqs_merge2] Processed 103478 reads in 3.970 CPU sec, 7.179 real sec
step2 put 0x50000201ece0
step2 get 0x50000276ec10
step3 0x50000201ece0
[M::mem_process_seqs_merge2] CPE FASTQ formatting done
[M::mem_process_seqs_merge2] CPE FASTQ formatting done
slave pre done
now n is 103478
processed 103478
[M::mem_process_seqs_merge2] Processed 103478 reads in 3.980 CPU sec, 7.319 real sec
step2 put 0x50000201ece0
step2 get 0x50000276e410
step3 0x50000201ece0
[M::mem_process_seqs_merge2] CPE FASTQ formatting done
slave pre done
now n is 103478
processed 103478
[M::mem_process_seqs_merge2] Processed 103478 reads in 3.920 CPU sec, 8.739 real sec
step2 put 0x50000201ed30
step2 get 0x50000201eec0
step3 0x50000201ed30
[M::mem_process_seqs_merge2] CPE FASTQ formatting done
slave pre done
now n is 103478
processed 103478
[M::mem_process_seqs_merge2] Processed 103478 reads in 4.220 CPU sec, 7.369 real sec
step2 put 0x50000201ed30
step3 0x50000201ed30
slave pre done
now n is 9668
processed 9668
[M::mem_process_seqs_merge2] Processed 9668 reads in 0.620 CPU sec, 1.438 real sec
step2 put 0x50000201eec0
step3 0x50000201eec0
slave pre done
now n is 103478
processed 103478
[M::mem_process_seqs_merge2] Processed 103478 reads in 4.410 CPU sec, 7.780 real sec
step2 put 0x50000201ed30
step3 0x50000201ed30
[MPI rank 000001/000006] input work: chunks=9 records=420953 bytes=159123284
[MPI rank 000003/000006] input work: chunks=8 records=415562 bytes=157286092
slave pre done
now n is 103478
[MPI rank 000002/000006] input work: chunks=8 records=415564 bytes=157286844
processed 103478
[M::mem_process_seqs_merge2] Processed 103478 reads in 3.900 CPU sec, 7.479 real sec
step2 put 0x50000276ec10
step3 0x50000276ec10
slave pre done
now n is 103478
processed 103478
[M::mem_process_seqs_merge2] Processed 103478 reads in 5.790 CPU sec, 9.770 real sec
step2 put 0x50000201ed30
step3 0x50000201ed30
slave pre done
now n is 103478
processed 103478
[M::mem_process_seqs_merge2] Processed 103478 reads in 4.570 CPU sec, 7.739 real sec
step2 put 0x50000276e410
step3 0x50000276e410
[MPI rank 000000/000006] input work: chunks=8 records=416795 bytes=157286432
[MPI rank 000004/000006] input work: chunks=8 records=415562 bytes=157286088

================ MPI Dynamic Scheduler Debug =================
  MPI rank: 000000 / 000006

  Work summary
    claimed chunks                                          8
    claimed from this rank's queue                          8
    claimed from another rank's queue                       0
    completed FASTQ records                            416795
    claimed input bytes                             157286432

  Scheduler counters
    scheduler_next calls                                    9
    RMA ticket attempts                                    14
    attempts against another rank's queue                   5
    tickets beyond the final chunk                          6
    empty aligned chunks                                    0

  Scheduler timing
    MPI_Win_create (setup)                       0.000179 s  (1 calls,   179.453 us/call)
[MPI rank 000005/000006] input work: chunks=8 records=415564 bytes=157286844
    MPI_Barrier after setup                      0.000010 s  (1 calls,     9.650 us/call)
    scheduler_next total                        10.959158 s  (9 calls, 1217684.257 us/call)
      RMA ticket path total                       10.280933 s  (14 calls, 734352.360 us/call)
        wait for process-local MPI mutex             6.553854 s  (14 calls, 468132.430 us/call)
        MPI_Win_lock                                 0.000064 s  (14 calls,     4.593 us/call)
        MPI_Fetch_and_op                             0.000199 s  (14 calls,    14.211 us/call)
        MPI_Win_unlock                               3.726560 s  (14 calls, 266182.829 us/call)
        RMA call/unlock overhead (derived)           0.000256 s  (14 calls,    18.297 us/call)
      align nominal offsets to FASTQ records       0.678185 s  (8 calls, 84773.084 us/call)
      scheduler loop/bookkeeping (derived)         0.000041 s  (9 calls,     4.511 us/call)

  Scheduler teardown timing
    MPI_Barrier (wait for other ranks)           1.621275 s  (1 calls, 1621274.696 us/call)
    MPI_Win_free                                 0.000086 s  (1 calls,    85.851 us/call)

  Stage 2 by chunk
    completed chunks                                        8
    accumulated stage 2                             70.642847 s
    average stage 2 per chunk                        8.830356 s
    slowest chunk                                           0
    slowest chunk stage 2                           11.070577 s

    order   chunk  queue        byte range                       bytes      records   stage2(s)
        0       0      0  [           0,     19661160)     19661160        52972   11.070577
        1       6      0  [   117965124,    137625788)     19660664        52289    7.300341
        2      12      0  [   235929860,    255590524)     19660664        52289   10.400566
        3      18      0  [   353894596,    373555260)     19660664        52289    7.270395
        4      24      0  [   471859364,    491520184)     19660820        51739    8.360585
        5      30      0  [   589824284,    609485104)     19660820        51739    8.903014
        6      36      0  [   707788824,    727449644)     19660820        51739    7.566882
        7      42      0  [   825753744,    845414564)     19660820        51739    9.770487
==============================================================


================ MPI Dynamic Scheduler Debug =================
  MPI rank: 000001 / 000006

  Work summary
    claimed chunks                                          9
    claimed from this rank's queue                          8
    claimed from another rank's queue                       1
    completed FASTQ records                            420953
    claimed input bytes                             159123284

  Scheduler counters
    scheduler_next calls                                   10
    RMA ticket attempts                                    20
    attempts against another rank's queue                  10
    tickets beyond the final chunk                         11
    empty aligned chunks                                    0

  Scheduler timing
    MPI_Win_create (setup)                       0.000179 s  (1 calls,   178.603 us/call)
    MPI_Barrier after setup                      0.000010 s  (1 calls,    10.400 us/call)
    scheduler_next total                         2.156445 s  (10 calls, 215644.490 us/call)
      RMA ticket path total                        0.003908 s  (20 calls,   195.395 us/call)
        wait for process-local MPI mutex             0.000018 s  (20 calls,     0.878 us/call)
        MPI_Win_lock                                 0.000067 s  (20 calls,     3.353 us/call)
        MPI_Fetch_and_op                             0.000180 s  (20 calls,     8.983 us/call)
        MPI_Win_unlock                               0.003620 s  (20 calls,   181.010 us/call)
        RMA call/unlock overhead (derived)           0.000023 s  (20 calls,     1.173 us/call)
      align nominal offsets to FASTQ records       2.152493 s  (9 calls, 239165.855 us/call)
      scheduler loop/bookkeeping (derived)         0.000044 s  (10 calls,     4.430 us/call)

  Scheduler teardown timing
    MPI_Barrier (wait for other ranks)           5.297247 s  (1 calls, 5297247.112 us/call)
    MPI_Win_free                                 0.000072 s  (1 calls,    72.151 us/call)

  Stage 2 by chunk
    completed chunks                                        9
    accumulated stage 2                             67.335517 s
    average stage 2 per chunk                        7.481724 s
    slowest chunk                                          31
    slowest chunk stage 2                            9.501368 s

    order   chunk  queue        byte range                       bytes      records   stage2(s)
        0       1      1  [    19661160,     39321716)     19660556        52789    8.991290
        1       7      1  [   137625788,    157286452)     19660664        52289    7.639513
        2      13      1  [   255590524,    275251564)     19661040        52290    8.349393
        3      19      1  [   373555260,    393216084)     19660824        51795    7.149421
        4      25      1  [   491520184,    511181004)     19660820        51739    7.247982
        5      31      1  [   609485104,    629145924)     19660820        51739    9.501368
        6      37      1  [   727449644,    747110464)     19660820        51739    8.279184
        7      43      1  [   845414564,    865075384)     19660820        51739    8.739440
        8      48      0  [   943718664,    945555584)      1836920         4834    1.437926
==============================================================


================ MPI Dynamic Scheduler Debug =================
  MPI rank: 000002 / 000006

  Work summary
    claimed chunks                                          8
    claimed from this rank's queue                          8
    claimed from another rank's queue                       0
    completed FASTQ records                            415564
    claimed input bytes                             157286844

  Scheduler counters
    scheduler_next calls                                    9
    RMA ticket attempts                                    14
    attempts against another rank's queue                   5
    tickets beyond the final chunk                          6
    empty aligned chunks                                    0

  Scheduler timing
    MPI_Win_create (setup)                       0.000182 s  (1 calls,   181.903 us/call)
    MPI_Barrier after setup                      0.000008 s  (1 calls,     7.650 us/call)
    scheduler_next total                         7.546373 s  (9 calls, 838485.907 us/call)
      RMA ticket path total                        6.563030 s  (14 calls, 468787.847 us/call)
        wait for process-local MPI mutex             5.167045 s  (14 calls, 369074.666 us/call)
        MPI_Win_lock                                 0.000068 s  (14 calls,     4.822 us/call)
        MPI_Fetch_and_op                             0.000093 s  (14 calls,     6.643 us/call)
        MPI_Win_unlock                               1.395478 s  (14 calls, 99677.002 us/call)
        RMA call/unlock overhead (derived)           0.000346 s  (14 calls,    24.715 us/call)
      align nominal offsets to FASTQ records       0.983297 s  (8 calls, 122912.182 us/call)
      scheduler loop/bookkeeping (derived)         0.000046 s  (9 calls,     5.095 us/call)

  Scheduler teardown timing
    MPI_Barrier (wait for other ranks)           3.797808 s  (1 calls, 3797807.958 us/call)
    MPI_Win_free                                 0.000074 s  (1 calls,    74.451 us/call)

  Stage 2 by chunk
    completed chunks                                        8
    accumulated stage 2                             67.902251 s
    average stage 2 per chunk                        8.487781 s
    slowest chunk                                          26
    slowest chunk stage 2                           11.721567 s

    order   chunk  queue        byte range                       bytes      records   stage2(s)
        0       2      2  [    39321716,     58982756)     19661040        52290    9.490420
        1       8      2  [   157286452,    176947492)     19661040        52290    7.210318
        2      14      2  [   275251564,    294912228)     19660664        52289    8.131335
        3      20      2  [   393216084,    412876904)     19660820        51739    7.348481
        4      26      2  [   511181004,    530841824)     19660820        51739   11.721567
        5      32      2  [   629145924,    648806744)     19660820        51739    8.619343
        6      38      2  [   747110464,    766771284)     19660820        51739    7.600314
        7      44      2  [   865075384,    884736204)     19660820        51739    7.780473
==============================================================


================ MPI Dynamic Scheduler Debug =================
  MPI rank: 000003 / 000006

  Work summary
    claimed chunks                                          8
    claimed from this rank's queue                          8
    claimed from another rank's queue                       0
    completed FASTQ records                            415562
    claimed input bytes                             157286092

  Scheduler counters
    scheduler_next calls                                    9
    RMA ticket attempts                                    14
    attempts against another rank's queue                   5
    tickets beyond the final chunk                          6
    empty aligned chunks                                    0

  Scheduler timing
    MPI_Win_create (setup)                       0.000174 s  (1 calls,   174.003 us/call)
    MPI_Barrier after setup                      0.000012 s  (1 calls,    12.150 us/call)
    scheduler_next total                         3.493408 s  (9 calls, 388156.451 us/call)
      RMA ticket path total                        1.546132 s  (14 calls, 110438.013 us/call)
        wait for process-local MPI mutex             1.544648 s  (14 calls, 110332.001 us/call)
        MPI_Win_lock                                 0.000059 s  (14 calls,     4.211 us/call)
        MPI_Fetch_and_op                             0.000059 s  (14 calls,     4.229 us/call)
        MPI_Win_unlock                               0.001332 s  (14 calls,    95.108 us/call)
        RMA call/unlock overhead (derived)           0.000034 s  (14 calls,     2.464 us/call)
      align nominal offsets to FASTQ records       1.947239 s  (8 calls, 243404.841 us/call)
      scheduler loop/bookkeeping (derived)         0.000037 s  (9 calls,     4.128 us/call)

  Scheduler teardown timing
    MPI_Barrier (wait for other ranks)           4.005091 s  (1 calls, 4005090.907 us/call)
    MPI_Win_free                                 0.000076 s  (1 calls,    76.351 us/call)

  Stage 2 by chunk
    completed chunks                                        8
    accumulated stage 2                             66.391440 s
    average stage 2 per chunk                        8.298930 s
    slowest chunk                                          27
    slowest chunk stage 2                            9.671843 s

    order   chunk  queue        byte range                       bytes      records   stage2(s)
        0       3      3  [    58982756,     78643420)     19660664        52289    9.040553
        1       9      3  [   176947492,    196608156)     19660664        52289    7.690366
        2      15      3  [   294912228,    314572892)     19660664        52289    8.071191
        3      21      3  [   412876904,    432537724)     19660820        51739    7.268158
        4      27      3  [   530841824,    550502644)     19660820        51739    9.671843
        5      33      3  [   648806744,    668467564)     19660820        51739    9.008907
        6      39      3  [   766771284,    786432104)     19660820        51739    8.271013
        7      45      3  [   884736204,    904397024)     19660820        51739    7.369409
==============================================================


================ MPI Dynamic Scheduler Debug =================
  MPI rank: 000004 / 000006

  Work summary
    claimed chunks                                          8
    claimed from this rank's queue                          8
    claimed from another rank's queue                       0
    completed FASTQ records                            415562
    claimed input bytes                             157286088

  Scheduler counters
    scheduler_next calls                                    9
    RMA ticket attempts                                    14
    attempts against another rank's queue                   5
    tickets beyond the final chunk                          6
    empty aligned chunks                                    0

  Scheduler timing
    MPI_Win_create (setup)                       0.000180 s  (1 calls,   179.903 us/call)
    MPI_Barrier after setup                      0.000009 s  (1 calls,     9.500 us/call)
    scheduler_next total                         8.378704 s  (9 calls, 930967.128 us/call)
      RMA ticket path total                        6.786626 s  (14 calls, 484759.032 us/call)
        wait for process-local MPI mutex             6.544111 s  (14 calls, 467436.488 us/call)
        MPI_Win_lock                                 0.000062 s  (14 calls,     4.414 us/call)
        MPI_Fetch_and_op                             0.000170 s  (14 calls,    12.157 us/call)
        MPI_Win_unlock                               0.241960 s  (14 calls, 17282.836 us/call)
        RMA call/unlock overhead (derived)           0.000324 s  (14 calls,    23.136 us/call)
      align nominal offsets to FASTQ records       1.592038 s  (8 calls, 199004.744 us/call)
      scheduler loop/bookkeeping (derived)         0.000040 s  (9 calls,     4.417 us/call)

  Scheduler teardown timing
    MPI_Barrier (wait for other ranks)           1.291060 s  (1 calls, 1291059.939 us/call)
    MPI_Win_free                                 0.000064 s  (1 calls,    63.751 us/call)

  Stage 2 by chunk
    completed chunks                                        8
    accumulated stage 2                             70.174401 s
    average stage 2 per chunk                        8.771800 s
    slowest chunk                                          28
    slowest chunk stage 2                           13.210055 s

    order   chunk  queue        byte range                       bytes      records   stage2(s)
        0       4      4  [    78643420,     98304084)     19660664        52289    8.926424
        1      10      4  [   196608156,    216268820)     19660664        52289    7.768517
        2      16      4  [   314572892,    334233932)     19661040        52290    8.270436
        3      22      4  [   432537724,    452198544)     19660820        51739    7.201320
        4      28      4  [   550502644,    570163464)     19660820        51739   13.210055
        5      34      4  [   668467564,    688128004)     19660440        51738   10.139232
        6      40      4  [   786432104,    806092924)     19660820        51739    7.179127
        7      46      4  [   904397024,    924057844)     19660820        51739    7.479290
==============================================================


================ MPI Dynamic Scheduler Debug =================
  MPI rank: 000005 / 000006

  Work summary
    claimed chunks                                          8
    claimed from this rank's queue                          8
    claimed from another rank's queue                       0
    completed FASTQ records                            415564
    claimed input bytes                             157286844

  Scheduler counters
    scheduler_next calls                                    9
    RMA ticket attempts                                    14
    attempts against another rank's queue                   5
    tickets beyond the final chunk                          6
    empty aligned chunks                                    0

  Scheduler timing
    MPI_Win_create (setup)                       0.000178 s  (1 calls,   178.053 us/call)
    MPI_Barrier after setup                      0.000012 s  (1 calls,    12.250 us/call)
    scheduler_next total                         7.284458 s  (9 calls, 809384.212 us/call)
      RMA ticket path total                        5.140437 s  (14 calls, 367174.085 us/call)
        wait for process-local MPI mutex             4.630393 s  (14 calls, 330742.374 us/call)
        MPI_Win_lock                                 0.000059 s  (14 calls,     4.239 us/call)
        MPI_Fetch_and_op                             0.000059 s  (14 calls,     4.239 us/call)
        MPI_Win_unlock                               0.509009 s  (14 calls, 36357.803 us/call)
        RMA call/unlock overhead (derived)           0.000916 s  (14 calls,    65.430 us/call)
      align nominal offsets to FASTQ records       2.143982 s  (8 calls, 267997.715 us/call)
      scheduler loop/bookkeeping (derived)         0.000039 s  (9 calls,     4.333 us/call)

  Scheduler teardown timing
    MPI_Barrier (wait for other ranks)           0.000031 s  (1 calls,    30.750 us/call)
    MPI_Win_free                                 0.000055 s  (1 calls,    55.201 us/call)

  Stage 2 by chunk
    completed chunks                                        8
    accumulated stage 2                             71.129655 s
    average stage 2 per chunk                        8.891207 s
    slowest chunk                                          29
    slowest chunk stage 2                           13.189951 s

    order   chunk  queue        byte range                       bytes      records   stage2(s)
        0       5      5  [    98304084,    117965124)     19661040        52290    8.780443
        1      11      5  [   216268820,    235929860)     19661040        52290    7.641353
        2      17      5  [   334233932,    353894596)     19660664        52289   10.338602
        3      23      5  [   452198544,    471859364)     19660820        51739    7.211400
        4      29      5  [   570163464,    589824284)     19660820        51739   13.189951
        5      35      5  [   688128004,    707788824)     19660820        51739    8.909402
        6      41      5  [   806092924,    825753744)     19660820        51739    7.319196
        7      47      5  [   924057844,    943718664)     19660820        51739    7.739308
==============================================================


====================== SWBWA Output Debug =====================
  MPI rank: 000000 / 000006
  mode:     MPI single_unordered
  path:     correctness_results/serialized_iprobe_compare/no1/SRR7963242_PE.sam

  Output volume
    output buffer capacity                           67108864
    swbwa_output_write calls                          833590
    submitted SAM bytes                            351491884
    buffered flushes                                       6
    buffered flush bytes                           351491884
    direct oversized writes                                0
    direct oversized bytes                                 0

  Buffering
    buffered flush total                        25.384642 s  (6 calls, 4230773.668 us/call)

  Global offset reservation
    target rank                                             0
    target relationship                                 local
    reservations                                            6
    reservation total                            1.111671 s  (6 calls, 185278.475 us/call)
      wait for process-local MPI mutex             1.111551 s  (6 calls, 185258.558 us/call)
      MPI_Fetch_and_op                             0.000021 s  (6 calls,     3.533 us/call)
      MPI_Win_flush(target rank 0)                 0.000087 s  (6 calls,    14.508 us/call)
      reservation call/unlock overhead (derived)   0.000011 s  (6 calls,     1.875 us/call)

  MPI file writes
    MPI_File_write_at calls                                 6
    MPI_File_write_at bytes                         351491884
    MPI file-write path total                   24.272950 s  (6 calls, 4045491.718 us/call)
      wait for process-local MPI mutex             0.000004 s  (6 calls,     0.592 us/call)
      MPI_File_write_at                           24.230839 s  (6 calls, 4038473.223 us/call)
      MPI_Get_count                                0.000016 s  (6 calls,     2.658 us/call)
      file-write call/unlock overhead (derived)    0.042091 s  (6 calls,  7015.245 us/call)
    MPI_File_write_at effective bandwidth          13.834 MiB/s

  Output close timing
    MPI_File_sync                                0.014927 s  (1 calls, 14927.419 us/call)
    MPI_Win_unlock_all                           0.000014 s  (1 calls,    14.251 us/call)
    MPI_Win_free                                 0.002688 s  (1 calls,  2688.239 us/call)
    MPI_File_close                               0.000723 s  (1 calls,   723.311 us/call)
================================================================


====================== SWBWA Output Debug =====================
  MPI rank: 000001 / 000006
  mode:     MPI single_unordered
  path:     correctness_results/serialized_iprobe_compare/no1/SRR7963242_PE.sam

  Output volume
    output buffer capacity                           67108864
    swbwa_output_write calls                          841906
    submitted SAM bytes                            354982116
    buffered flushes                                       6
    buffered flush bytes                           354982116
    direct oversized writes                                0
    direct oversized bytes                                 0

  Buffering
    buffered flush total                        17.632499 s  (6 calls, 2938749.795 us/call)

  Global offset reservation
    target rank                                             0
    target relationship                                remote
    reservations                                            6
    reservation total                            1.988749 s  (6 calls, 331458.249 us/call)
      wait for process-local MPI mutex             0.000011 s  (6 calls,     1.758 us/call)
      MPI_Fetch_and_op                             0.000325 s  (6 calls,    54.109 us/call)
      MPI_Win_flush(target rank 0)                 1.988049 s  (6 calls, 331341.522 us/call)
      reservation call/unlock overhead (derived)   0.000365 s  (6 calls,    60.859 us/call)

  MPI file writes
    MPI_File_write_at calls                                 6
    MPI_File_write_at bytes                         354982116
    MPI file-write path total                   15.643727 s  (6 calls, 2607287.887 us/call)
      wait for process-local MPI mutex             0.000003 s  (6 calls,     0.575 us/call)
      MPI_File_write_at                           15.641590 s  (6 calls, 2606931.707 us/call)
      MPI_Get_count                                0.000017 s  (6 calls,     2.808 us/call)
      file-write call/unlock overhead (derived)    0.002117 s  (6 calls,   352.797 us/call)
    MPI_File_write_at effective bandwidth          21.643 MiB/s

  Output close timing
    MPI_File_sync                                0.015508 s  (1 calls, 15507.778 us/call)
    MPI_Win_unlock_all                           0.000015 s  (1 calls,    15.350 us/call)
    MPI_Win_free                                 0.002060 s  (1 calls,  2059.780 us/call)
    MPI_File_close                               0.000745 s  (1 calls,   744.861 us/call)
================================================================


====================== SWBWA Output Debug =====================
  MPI rank: 000002 / 000006
  mode:     MPI single_unordered
  path:     correctness_results/serialized_iprobe_compare/no1/SRR7963242_PE.sam

  Output volume
    output buffer capacity                           67108864
    swbwa_output_write calls                          831128
    submitted SAM bytes                            350449556
    buffered flushes                                       6
    buffered flush bytes                           350449556
    direct oversized writes                                0
    direct oversized bytes                                 0

  Buffering
    buffered flush total                        16.655414 s  (6 calls, 2775902.309 us/call)

  Global offset reservation
    target rank                                             0
    target relationship                                remote
    reservations                                            6
    reservation total                            0.325566 s  (6 calls, 54261.081 us/call)
      wait for process-local MPI mutex             0.308140 s  (6 calls, 51356.655 us/call)
      MPI_Fetch_and_op                             0.000407 s  (6 calls,    67.801 us/call)
      MPI_Win_flush(target rank 0)                 0.016971 s  (6 calls,  2828.433 us/call)
      reservation call/unlock overhead (derived)   0.000049 s  (6 calls,     8.192 us/call)

  MPI file writes
    MPI_File_write_at calls                                 6
    MPI_File_write_at bytes                         350449556
    MPI file-write path total                   16.329825 s  (6 calls, 2721637.494 us/call)
      wait for process-local MPI mutex             0.000003 s  (6 calls,     0.575 us/call)
      MPI_File_write_at                           16.329768 s  (6 calls, 2721628.069 us/call)
      MPI_Get_count                                0.000016 s  (6 calls,     2.600 us/call)
      file-write call/unlock overhead (derived)    0.000038 s  (6 calls,     6.250 us/call)
    MPI_File_write_at effective bandwidth          20.467 MiB/s

  Output close timing
    MPI_File_sync                                0.016529 s  (1 calls, 16529.443 us/call)
    MPI_Win_unlock_all                           0.000017 s  (1 calls,    17.150 us/call)
    MPI_Win_free                                 0.000658 s  (1 calls,   658.310 us/call)
    MPI_File_close                               0.000795 s  (1 calls,   795.362 us/call)
================================================================


====================== SWBWA Output Debug =====================
  MPI rank: 000003 / 000006
  mode:     MPI single_unordered
  path:     correctness_results/serialized_iprobe_compare/no1/SRR7963242_PE.sam

  Output volume
    output buffer capacity                           67108864
    swbwa_output_write calls                          831124
    submitted SAM bytes                            350241952
    buffered flushes                                       6
    buffered flush bytes                           350241952
    direct oversized writes                                0
    direct oversized bytes                                 0

  Buffering
    buffered flush total                        15.287019 s  (6 calls, 2547836.424 us/call)

  Global offset reservation
    target rank                                             0
    target relationship                                remote
    reservations                                            6
    reservation total                            0.002491 s  (6 calls,   415.190 us/call)
      wait for process-local MPI mutex             0.000010 s  (6 calls,     1.692 us/call)
      MPI_Fetch_and_op                             0.000493 s  (6 calls,    82.134 us/call)
      MPI_Win_flush(target rank 0)                 0.001961 s  (6 calls,   326.797 us/call)
      reservation call/unlock overhead (derived)   0.000027 s  (6 calls,     4.567 us/call)

  MPI file writes
    MPI_File_write_at calls                                 6
    MPI_File_write_at bytes                         350241952
    MPI file-write path total                   15.284509 s  (6 calls, 2547418.201 us/call)
      wait for process-local MPI mutex             0.000004 s  (6 calls,     0.608 us/call)
      MPI_File_write_at                           15.284452 s  (6 calls, 2547408.626 us/call)
      MPI_Get_count                                0.000018 s  (6 calls,     2.950 us/call)
      file-write call/unlock overhead (derived)    0.000036 s  (6 calls,     6.017 us/call)
    MPI_File_write_at effective bandwidth          21.853 MiB/s

  Output close timing
    MPI_File_sync                                0.014300 s  (1 calls, 14299.711 us/call)
    MPI_Win_unlock_all                           0.000022 s  (1 calls,    21.850 us/call)
    MPI_Win_free                                 0.003355 s  (1 calls,  3355.399 us/call)
    MPI_File_close                               0.000774 s  (1 calls,   774.062 us/call)
================================================================


====================== SWBWA Output Debug =====================
  MPI rank: 000004 / 000006
  mode:     MPI single_unordered
  path:     correctness_results/serialized_iprobe_compare/no1/SRR7963242_PE.sam

  Output volume
    output buffer capacity                           67108864
    swbwa_output_write calls                          831124
    submitted SAM bytes                            350245456
    buffered flushes                                       6
    buffered flush bytes                           350245456
    direct oversized writes                                0
    direct oversized bytes                                 0

  Buffering
    buffered flush total                        23.977066 s  (6 calls, 3996177.669 us/call)

  Global offset reservation
    target rank                                             0
    target relationship                                remote
    reservations                                            6
    reservation total                            5.974225 s  (6 calls, 995704.134 us/call)
      wait for process-local MPI mutex             0.199845 s  (6 calls, 33307.548 us/call)
      MPI_Fetch_and_op                             0.000190 s  (6 calls,    31.667 us/call)
      MPI_Win_flush(target rank 0)                 5.773918 s  (6 calls, 962319.643 us/call)
      reservation call/unlock overhead (derived)   0.000272 s  (6 calls,    45.276 us/call)

  MPI file writes
    MPI_File_write_at calls                                 6
    MPI_File_write_at bytes                         350245456
    MPI file-write path total                   18.002817 s  (6 calls, 3000469.568 us/call)
      wait for process-local MPI mutex             0.000004 s  (6 calls,     0.633 us/call)
      MPI_File_write_at                           17.995411 s  (6 calls, 2999235.175 us/call)
      MPI_Get_count                                0.000017 s  (6 calls,     2.800 us/call)
      file-write call/unlock overhead (derived)    0.007386 s  (6 calls,  1230.960 us/call)
    MPI_File_write_at effective bandwidth          18.561 MiB/s

  Output close timing
    MPI_File_sync                                0.015935 s  (1 calls, 15934.884 us/call)
    MPI_Win_unlock_all                           0.000015 s  (1 calls,    14.901 us/call)
    MPI_Win_free                                 0.001466 s  (1 calls,  1466.321 us/call)
    MPI_File_close                               0.000685 s  (1 calls,   685.410 us/call)
================================================================


====================== SWBWA Output Debug =====================
  MPI rank: 000005 / 000006
  mode:     MPI single_unordered
  path:     correctness_results/serialized_iprobe_compare/no1/SRR7963242_PE.sam

  Output volume
    output buffer capacity                           67108864
    swbwa_output_write calls                          831128
    submitted SAM bytes                            350244769
    buffered flushes                                       6
    buffered flush bytes                           350244769
    direct oversized writes                                0
    direct oversized bytes                                 0

  Buffering
    buffered flush total                        25.469245 s  (6 calls, 4244874.209 us/call)

  Global offset reservation
    target rank                                             0
    target relationship                                remote
    reservations                                            6
    reservation total                            3.949505 s  (6 calls, 658250.839 us/call)
      wait for process-local MPI mutex             0.490209 s
================ SWBWA CPE/MPI Progress Debug ================
  MPI rank: 000000 / 000006

    phase                      waits     probes   total(s)    avg(us)    max(s)   >=1ms   >=10ms   >=100ms    >=1s  completed
    FASTQ formatting               8         13      2.171 167015.841     2.171       1        1         1       1          2
    alignment and SAM length       8     509605     29.858     58.591    10.178     344       37         4       4          4
    SAM record generation          8         21      0.004    175.355     0.002       1        0         0       0          0
    all CPE phases                24     509639     32.033     62.855    10.178     346       38         5       5          6

  Probes marked 'completed' returned with the CPE completion
  flag set. Their full call duration bounds the possible delay.
    completion-observing probe total              12.349411 s
    slowest completion-observing probe            10.178354 s
==============================================================


======================= SWBWA Timing Report =======================
  MPI rank: 000000 / 000006
  Accumulated wall-clock time; indented rows are included in
  their parent row and must not be added to it.

  Pipeline
    total - complete three-stage pipeline                    75.656 s
    stage 1 - allocate and read raw FASTQ blocks             20.234 s
    stage 2 - align reads and generate SAM records           70.643 s
    stage 3 - write SAM and release batch data               27.488 s
      SAM output writes                                        26.618 s
      batch cleanup and loop overhead (derived)                 0.871 s

  Stage 1 input details
    batches completed / stage calls                       8 / 9
    input-buffer and batch allocations                        0.000 s  (25 calls, max 0.000 s)
    aggregate requested allocation bytes            314589824
    FASTQ fseeko calls                                        0.610 s  (16 calls, max 0.146 s)
    FASTQ fread calls                                         8.648 s  (16 calls, max 1.010 s)
    align chunk ends to FASTQ record boundaries               0.000 s  (0 calls, max 0.000 s)
    scheduler, checks and bookkeeping (derived)              10.975 s
    raw FASTQ bytes read                            314572864  (300.000 MiB)
    effective fread bandwidth                         34.691 MiB/s
    slowest allocation                                 0.000 s  (19661844 bytes)
    slowest fread                                      1.010 s  (R1 offset=117965124, bytes=19660664)

  Stage 2 worker details
    total - active merge worker                              70.641 s
      part 1 - prepare CPE task and reusable buffers            0.849 s
      part 2 - CPE FASTQ formatting and input release           2.288 s
      part 3 - CPE alignment and SAM length pass               67.276 s
      part 4 - assign slices in the shared SAM buffer           0.060 s
      part 5 - CPE SAM record generation                        0.167 s
      part 6 - release temporary worker data                    0.000 s

  Reserved allocator timers (no active timing sites)
    malloc timer                                              0.000 s
    free timer                                                0.000 s
===================================================================


================ SWBWA CPE/MPI Progress Debug ================
  MPI rank: 000001 / 000006

    phase                      waits     probes   total(s)    avg(us)    max(s)   >=1ms   >=10ms   >=100ms    >=1s  completed
    FASTQ formatting               9         14      1.322  94409.749     1.321       1        1         1       1          1
    alignment and SAM length       9     621987     21.976     35.332     6.697     351       39         5       5          1
    SAM record generation          9         23      0.001     44.827     0.000       0        0         0       0          0
    all CPE phases                27     622024     23.299     37.456     6.697     352       40         6       6          2

  Probes marked 'completed' returned with the CPE completion
  flag set. Their full call duration bounds the possible delay.
    completion-observing probe total               2.625342 s
    slowest completion-observing probe             1.321439 s
==============================================================


======================= SWBWA Timing Report =======================
  MPI rank: 000001 / 000006
  Accumulated wall-clock time; indented rows are included in
  their parent row and must not be added to it.

  Pipeline
    total - complete three-stage pipeline                    75.657 s
    stage 1 - allocate and read raw FASTQ blocks             13.962 s
    stage 2 - align reads and generate SAM records           67.336 s
    stage 3 - write SAM and release batch data               18.035 s
      SAM output writes                                        17.421 s
      batch cleanup and loop overhead (derived)                 0.613 s

  Stage 1 input details
    batches completed / stage calls                       9 / 10
    input-buffer and batch allocations                        0.000 s  (28 calls, max 0.000 s)
    aggregate requested allocation bytes            318265640
    FASTQ fseeko calls                                        1.413 s  (18 calls, max 0.299 s)
    FASTQ fread calls                                        10.388 s  (18 calls, max 1.313 s)
    align chunk ends to FASTQ record boundaries               0.000 s  (0 calls, max 0.000 s)
    scheduler, checks and bookkeeping (derived)               2.161 s
    raw FASTQ bytes read                            318246568  (303.504 MiB)
    effective fread bandwidth                         29.216 MiB/s
    slowest allocation                                 0.000 s  (19661844 bytes)
    slowest fread                                      1.313 s  (R1 offset=137625788, bytes=19660664)

  Stage 2 worker details
    total - active merge worker                              67.331 s
      part 1 - prepare CPE task and reusable buffers            0.720 s
      part 2 - CPE FASTQ formatting and input release           1.436 s
      part 3 - CPE alignment and SAM length pass               64.932 s
      part 4 - assign slices in the shared SAM buffer           0.065 s
      part 5 - CPE SAM record generation                        0.174 s
      part 6 - release temporary worker data                    0.000 s

  Reserved allocator timers (no active timing sites)
    malloc timer                                              0.000 s
    free timer                                                0.000 s
===================================================================


================ SWBWA CPE/MPI Progress Debug ================
  MPI rank: 000002 / 000006

    phase                      waits     probes   total(s)    avg(us)    max(s)   >=1ms   >=10ms   >=100ms    >=1s  completed
    FASTQ formatting               8         10      4.003 400331.316     3.692       2        2         2       1          2
    alignment and SAM length       8     633970     18.602     29.342     5.020     366       27         3       3          2
    SAM record generation          8         21      0.002     73.480     0.001       0        0         0       0          0
    all CPE phases                24     634001     22.607     35.658     5.020     368       29         5       4          4

  Probes marked 'completed' returned with the CPE completion
  flag set. Their full call duration bounds the possible delay.
    completion-observing probe total               4.003233 s
    slowest completion-observing probe             3.691683 s
==============================================================


======================= SWBWA Timing Report =======================
  MPI rank: 000002 / 000006
  Accumulated wall-clock time; indented rows are included in
  their parent row and must not be added to it.

  Pipeline
    total - complete three-stage pipeline                    75.657 s
    stage 1 - allocate and read raw FASTQ blocks             18.867 s
    stage 2 - align reads and generate SAM records           67.902 s
    stage 3 - write SAM and release batch data               17.890 s
      SAM output writes                                        17.252 s
      batch cleanup and loop overhead (derived)                 0.638 s

  Stage 1 input details
    batches completed / stage calls                       8 / 9
    input-buffer and batch allocations                        0.000 s  (25 calls, max 0.000 s)
    aggregate requested allocation bytes            314590648
    FASTQ fseeko calls                                        1.061 s  (16 calls, max 0.294 s)
    FASTQ fread calls                                        10.183 s  (16 calls, max 1.315 s)
    align chunk ends to FASTQ record boundaries               0.000 s  (0 calls, max 0.000 s)
    scheduler, checks and bookkeeping (derived)               7.622 s
    raw FASTQ bytes read                            314573688  (300.001 MiB)
    effective fread bandwidth                         29.460 MiB/s
    slowest allocation                                 0.000 s  (19661688 bytes)
    slowest fread                                      1.315 s  (R1 offset=157286452, bytes=19661040)

  Stage 2 worker details
    total - active merge worker                              67.901 s
      part 1 - prepare CPE task and reusable buffers            0.747 s
      part 2 - CPE FASTQ formatting and input release           4.101 s
      part 3 - CPE alignment and SAM length pass               62.823 s
      part 4 - assign slices in the shared SAM buffer           0.060 s
      part 5 - CPE SAM record generation                        0.168 s
      part 6 - release temporary worker data                    0.000 s

  Reserved allocator timers (no active timing sites)
    malloc timer                                              0.000 s
    free timer                                                0.000 s
===================================================================

[main] Version: 0.0.1
[main] CMD: ./SWBWA mem -v 4 -t 1 -o correctness_results/serialized_iprobe_compare/no1/SRR7963242_PE.sam -I 170,80,500,1 ../../data/GRCh38.d1.vd1.fa ../../data/SRR7963242_1.fastq_1 ../../data/SRR7963242_2.fastq_1

================ SWBWA CPE/MPI Progress Debug ================
  MPI rank: 000003 / 000006

    phase                      waits     probes   total(s)    avg(us)    max(s)   >=1ms   >=10ms   >=100ms    >=1s  completed
    FASTQ formatting               8          9      1.543 171470.632     1.543       1        1         1       1          1
    alignment and SAM length       8     597702     18.078     30.246     4.694     483       50         3       3          1
    SAM record generation          8         21      0.001     60.339     0.000       0        0         0       0          0
    all CPE phases                24     597732     19.623     32.829     4.694     484       51         4       4          2

  Probes marked 'completed' returned with the CPE completion
  flag set. Their full call duration bounds the possible delay.
    completion-observing probe total               1.543138 s
    slowest completion-observing probe             1.543070 s
==============================================================


======================= SWBWA Timing Report =======================
  MPI rank: 000003 / 000006
  Accumulated wall-clock time; indented rows are included in
  their parent row and must not be added to it.

  Pipeline
    total - complete three-stage pipeline                    75.657 s
    stage 1 - allocate and read raw FASTQ blocks             14.815 s
    stage 2 - align reads and generate SAM records           66.391 s
    stage 3 - write SAM and release batch data               15.539 s
      SAM output writes                                        14.903 s
      batch cleanup and loop overhead (derived)                 0.637 s

  Stage 1 input details
    batches completed / stage calls                       8 / 9
    input-buffer and batch allocations                        0.000 s  (25 calls, max 0.000 s)
    aggregate requested allocation bytes            314589144
    FASTQ fseeko calls                                        1.294 s  (16 calls, max 0.264 s)
    FASTQ fread calls                                        10.026 s  (16 calls, max 1.115 s)
    align chunk ends to FASTQ record boundaries               0.000 s  (0 calls, max 0.000 s)
    scheduler, checks and bookkeeping (derived)               3.495 s
    raw FASTQ bytes read                            314572184  (299.999 MiB)
    effective fread bandwidth                         29.922 MiB/s
    slowest allocation                                 0.000 s  (19661688 bytes)
    slowest fread                                      1.115 s  (R2 offset=412876904, bytes=19660820)

  Stage 2 worker details
    total - active merge worker                              66.389 s
      part 1 - prepare CPE task and reusable buffers            0.805 s
      part 2 - CPE FASTQ formatting and input release           1.653 s
      part 3 - CPE alignment and SAM length pass               63.687 s
      part 4 - assign slices in the shared SAM buffer           0.067 s
      part 5 - CPE SAM record generation                        0.174 s
      part 6 - release temporary worker data                    0.000 s

  Reserved allocator timers (no active timing sites)
    malloc timer                                              0.000 s
    free timer                                                0.000 s
===================================================================


================ SWBWA CPE/MPI Progress Debug ================
  MPI rank: 000004 / 000006

    phase                      waits     probes   total(s)    avg(us)    max(s)   >=1ms   >=10ms   >=100ms    >=1s  completed
    FASTQ formatting               8         10      5.219 521889.029     5.219       1        1         1       1          1
    alignment and SAM length       8     600613     22.808     37.974     8.132     305       27         4       4          2
    SAM record generation          8         21      0.001     57.275     0.000       0        0         0       0          0
    all CPE phases                24     600644     28.028     46.663     8.132     306       28         5       5          3

  Probes marked 'completed' returned with the CPE completion
  flag set. Their full call duration bounds the possible delay.
    completion-observing probe total              13.350948 s
    slowest completion-observing probe             8.132193 s
==============================================================


======================= SWBWA Timing Report =======================
  MPI rank: 000004 / 000006
  Accumulated wall-clock time; indented rows are included in
  their parent row and must not be added to it.

  Pipeline
    total - complete three-stage pipeline                    75.657 s
    stage 1 - allocate and read raw FASTQ blocks             19.247 s
    stage 2 - align reads and generate SAM records           70.174 s
    stage 3 - write SAM and release batch data               23.930 s
      SAM output writes                                        23.429 s
      batch cleanup and loop overhead (derived)                 0.501 s

  Stage 1 input details
    batches completed / stage calls                       8 / 9
    input-buffer and batch allocations                        0.000 s  (25 calls, max 0.000 s)
    aggregate requested allocation bytes            314589136
    FASTQ fseeko calls                                        1.257 s  (16 calls, max 0.303 s)
    FASTQ fread calls                                         9.585 s  (16 calls, max 1.346 s)
    align chunk ends to FASTQ record boundaries               0.000 s  (0 calls, max 0.000 s)
    scheduler, checks and bookkeeping (derived)               8.404 s
    raw FASTQ bytes read                            314572176  (299.999 MiB)
    effective fread bandwidth                         31.299 MiB/s
    slowest allocation                                 0.000 s  (19662064 bytes)
    slowest fread                                      1.346 s  (R1 offset=196608156, bytes=19660664)

  Stage 2 worker details
    total - active merge worker                              70.171 s
      part 1 - prepare CPE task and reusable buffers            0.765 s
      part 2 - CPE FASTQ formatting and input release           5.337 s
      part 3 - CPE alignment and SAM length pass               63.815 s
      part 4 - assign slices in the shared SAM buffer           0.060 s
      part 5 - CPE SAM record generation                        0.190 s
      part 6 - release temporary worker data                    0.000 s

  Reserved allocator timers (no active timing sites)
    malloc timer                                              0.000 s
    free timer                                                0.000 s
===================================================================

  (6 calls, 81701.518 us/call)
      MPI_Fetch_and_op                             0.000275 s  (6 calls,    45.776 us/call)
      MPI_Win_flush(target rank 0)                 3.458933 s  (6 calls, 576488.878 us/call)
      reservation call/unlock overhead (derived)   0.000088 s  (6 calls,    14.667 us/call)

  MPI file writes
    MPI_File_write_at calls                                 6
    MPI_File_write_at bytes                         350244769
    MPI file-write path total                   21.519721 s  (6 calls, 3586620.121 us/call)
      wait for process-local MPI mutex             0.000004 s  (6 calls,     0.634 us/call)
      MPI_File_write_at                           21.519663 s  (6 calls, 3586610.462 us/call)
      MPI_Get_count                                0.000016 s  (6 calls,     2.692 us/call)
      file-write call/unlock overhead (derived)    0.000038 s  (6 calls,     6.333 us/call)
    MPI_File_write_at effective bandwidth          15.522 MiB/s

  Output close timing
    MPI_File_sync                                0.015632 s  (1 calls, 15632.480 us/call)
    MPI_Win_unlock_all                           0.000029 s  (1 calls,    28.801 us/call)
    MPI_Win_free                                 0.000056 s  (1 calls,    56.100 us/call)
    MPI_File_close                               0.001543 s  (1 calls,  1542.973 us/call)
================================================================


================ SWBWA CPE/MPI Progress Debug ================
  MPI rank: 000005 / 000006

    phase                      waits     probes   total(s)    avg(us)    max(s)   >=1ms   >=10ms   >=100ms    >=1s  completed
    FASTQ formatting               8         10      5.126 512610.283     4.631       2        2         2       1          2
    alignment and SAM length       8     607528     24.508     40.340    10.225     302       30         4       4          2
    SAM record generation          8         19      0.001     46.219     0.000       0        0         0       0          0
    all CPE phases                24     607557     29.634     48.776    10.225     304       32         6       5          4

  Probes marked 'completed' returned with the CPE completion
  flag set. Their full call duration bounds the possible delay.
    completion-observing probe total              15.350858 s
    slowest completion-observing probe            10.224859 s
==============================================================


======================= SWBWA Timing Report =======================
  MPI rank: 000005 / 000006
  Accumulated wall-clock time; indented rows are included in
  their parent row and must not be added to it.

  Pipeline
    total - complete three-stage pipeline                    75.657 s
    stage 1 - allocate and read raw FASTQ blocks             18.182 s
    stage 2 - align reads and generate SAM records           71.130 s
    stage 3 - write SAM and release batch data               26.753 s
      SAM output writes                                        26.228 s
      batch cleanup and loop overhead (derived)                 0.525 s

  Stage 1 input details
    batches completed / stage calls                       8 / 9
    input-buffer and batch allocations                        0.000 s  (25 calls, max 0.000 s)
    aggregate requested allocation bytes            314590648
    FASTQ fseeko calls                                        1.009 s  (16 calls, max 0.336 s)
    FASTQ fread calls                                         9.885 s  (16 calls, max 1.214 s)
    align chunk ends to FASTQ record boundaries               0.000 s  (0 calls, max 0.000 s)
    scheduler, checks and bookkeeping (derived)               7.287 s
    raw FASTQ bytes read                            314573688  (300.001 MiB)
    effective fread bandwidth                         30.348 MiB/s
    slowest allocation                                 0.000 s  (19661688 bytes)
    slowest fread                                      1.214 s  (R1 offset=216268820, bytes=19661040)

  Stage 2 worker details
    total - active merge worker                              71.126 s
      part 1 - prepare CPE task and reusable buffers            0.823 s
      part 2 - CPE FASTQ formatting and input release           5.221 s
      part 3 - CPE alignment and SAM length pass               64.843 s
      part 4 - assign slices in the shared SAM buffer           0.060 s
      part 5 - CPE SAM record generation                        0.175 s
      part 6 - release temporary worker data                    0.001 s

  Reserved allocator timers (no active timing sites)
    malloc timer                                              0.000 s
    free timer                                                0.000 s
===================================================================
