[M::main_mem] mean insert size: 170.000, stddev: 80.000, max: 500, min: 1
[CPE input] bytes_per_cg=19660800 cg_count=1 chunk_bytes=19660800 file_bytes=583901384
[MPI rank 000000/000006] input range: records=[0, 354208) bytes=[0, 97316988)
[MPI rank 000001/000006] input range: records=[354208, 706806) bytes=[97316988, 194634036)
[MPI rank 000002/000006] input range: records=[706806, 1058554) bytes=[194634036, 291950704)
[MPI rank 000003/000006] input range: records=[1058554, 1406115) bytes=[291950704, 389267784)
[MPI rank 000004/000006] input range: records=[1406115, 1753675) bytes=[389267784, 486584584)
[MPI rank 000005/000006] input range: records=[1753675, 2101235) bytes=[486584584, 583901384)
malloc bwt->bwt 3107576584, 0x500008804020
malloc bwt->sa 1553788264, 0x5000c1ba1b40
[M::bwa_idx_load_from_disk] read 0 ALT contigs
malloc pac 776894131, 0x50011e5708c0
the input file is ../data/SRR2496709_1.fastq_1
the input file is ../data/SRR2496709_2.fastq_1
[MPI rank 000000/000006] output: correctness_results/mpi_static_split/has1/SRR2496709_PE.rank000000.sam
[M::process] read chunk (19660800 bytes/CG x 1 CGs, 19660800 bytes)...
[MPI rank 000005/000006] output: correctness_results/mpi_static_split/has1/SRR2496709_PE.rank000005.sam
[MPI rank 000001/000006] output: correctness_results/mpi_static_split/has1/SRR2496709_PE.rank000001.sam
[MPI rank 000002/000006] output: correctness_results/mpi_static_split/has1/SRR2496709_PE.rank000002.sam
[MPI rank 000003/000006] output: correctness_results/mpi_static_split/has1/SRR2496709_PE.rank000003.sam
[MPI rank 000004/000006] output: correctness_results/mpi_static_split/has1/SRR2496709_PE.rank000004.sam
[M::mem_process_seqs_merge2] Processed 144884 reads in 2.420 CPU sec, 2.436 real sec
[M::process] read chunk (19660800 bytes/CG x 1 CGs, 19660800 bytes)...
[M::mem_process_seqs_merge2] Processed 143262 reads in 1.550 CPU sec, 1.577 real sec
[M::process] read chunk (19660800 bytes/CG x 1 CGs, 19660800 bytes)...
[M::mem_process_seqs_merge2] Processed 142464 reads in 1.550 CPU sec, 1.628 real sec
[M::process] read chunk (19660800 bytes/CG x 1 CGs, 19660800 bytes)...
[M::mem_process_seqs_merge2] Processed 142464 reads in 1.710 CPU sec, 1.823 real sec
[M::process] read chunk (19660800 bytes/CG x 1 CGs, 18677196 bytes)...
[M::mem_process_seqs_merge2] Processed 135342 reads in 1.820 CPU sec, 2.013 real sec

======================= SWBWA Timing Report =======================
  MPI rank: 000000 / 000006
  Accumulated wall-clock time; indented rows are included in
  their parent row and must not be added to it.

  Pipeline
    total - complete three-stage pipeline                    22.221 s
    stage 1 - allocate and read raw FASTQ blocks              4.599 s
    stage 2 - align reads and generate SAM records            9.480 s
    stage 3 - write SAM and release batch data                5.905 s
      SAM output writes                                         5.637 s
      batch cleanup and loop overhead (derived)                 0.269 s

  Stage 1 input details
    batches completed / stage calls                       5 / 6
    input-buffer and batch allocations                        0.000 s  (16 calls, max 0.000 s)
    aggregate requested allocation bytes            194651416
    FASTQ fseeko calls                                        0.000 s  (10 calls, max 0.000 s)
    FASTQ fread calls                                         4.597 s  (10 calls, max 0.754 s)
    align chunk ends to FASTQ record boundaries               0.000 s  (8 calls, max 0.000 s)
    scheduler, checks and bookkeeping (derived)               0.002 s
    raw FASTQ bytes read                            194640792  (185.624 MiB)
    effective fread bandwidth                         40.380 MiB/s
    slowest allocation                                 0.000 s  (19661824 bytes)
    slowest fread                                      0.754 s  (R2 offset=0, bytes=19660800)

  Stage 2 worker details
    total - active merge worker                               9.477 s
      part 1 - prepare CPE task and reusable buffers            0.596 s
      part 2 - CPE FASTQ formatting and input release           0.048 s
      part 3 - CPE alignment and SAM length pass                8.704 s
      part 4 - assign slices in the shared SAM buffer           0.049 s
      part 5 - CPE SAM record generation                        0.079 s
      part 6 - release temporary worker data                    0.000 s

  Reserved allocator timers (no active timing sites)
    malloc timer                                              0.000 s
    free timer                                                0.000 s
===================================================================


======================= SWBWA Timing Report =======================
  MPI rank: 000001 / 000006
  Accumulated wall-clock time; indented rows are included in
  their parent row and must not be added to it.

  Pipeline
    total - complete three-stage pipeline                    25.926 s
    stage 1 - allocate and read raw FASTQ blocks              5.880 s
    stage 2 - align reads and generate SAM records           10.048 s
    stage 3 - write SAM and release batch data                9.080 s
      SAM output writes                                         8.754 s
      batch cleanup and loop overhead (derived)                 0.326 s

  Stage 1 input details
    batches completed / stage calls                       5 / 6
    input-buffer and batch allocations                        0.000 s  (16 calls, max 0.000 s)
    aggregate requested allocation bytes            194650864
    FASTQ fseeko calls                                        0.271 s  (10 calls, max 0.154 s)
    FASTQ fread calls                                         5.609 s  (10 calls, max 0.714 s)
    align chunk ends to FASTQ record boundaries               0.000 s  (8 calls, max 0.000 s)
    scheduler, checks and bookkeeping (derived)               0.000 s
    raw FASTQ bytes read                            194640240  (185.623 MiB)
    effective fread bandwidth                         33.095 MiB/s
    slowest allocation                                 0.000 s  (64 bytes)
    slowest fread                                      0.714 s  (R1 offset=136637052, bytes=19660800)

  Stage 2 worker details
    total - active merge worker                              10.048 s
      part 1 - prepare CPE task and reusable buffers            0.664 s
      part 2 - CPE FASTQ formatting and input release           0.055 s
      part 3 - CPE alignment and SAM length pass                9.195 s
      part 4 - assign slices in the shared SAM buffer           0.055 s
      part 5 - CPE SAM record generation                        0.079 s
      part 6 - release temporary worker data                    0.000 s

  Reserved allocator timers (no active timing sites)
    malloc timer                                              0.000 s
    free timer                                                0.000 s
===================================================================


======================= SWBWA Timing Report =======================
  MPI rank: 000002 / 000006
  Accumulated wall-clock time; indented rows are included in
  their parent row and must not be added to it.

  Pipeline
    total - complete three-stage pipeline                    24.029 s
    stage 1 - allocate and read raw FASTQ blocks              5.037 s
    stage 2 - align reads and generate SAM records            9.480 s
    stage 3 - write SAM and release batch data                8.805 s
      SAM output writes                                         8.562 s
      batch cleanup and loop overhead (derived)                 0.243 s

  Stage 1 input details
    batches completed / stage calls                       5 / 6
    input-buffer and batch allocations                        0.000 s  (16 calls, max 0.000 s)
    aggregate requested allocation bytes            194650104
    FASTQ fseeko calls                                        0.204 s  (10 calls, max 0.113 s)
    FASTQ fread calls                                         4.833 s  (10 calls, max 0.763 s)
    align chunk ends to FASTQ record boundaries               0.000 s  (8 calls, max 0.000 s)
    scheduler, checks and bookkeeping (derived)               0.000 s
    raw FASTQ bytes read                            194639480  (185.623 MiB)
    effective fread bandwidth                         38.406 MiB/s
    slowest allocation                                 0.000 s  (19661824 bytes)
    slowest fread                                      0.763 s  (R1 offset=253614132, bytes=19660800)

  Stage 2 worker details
    total - active merge worker                               9.479 s
      part 1 - prepare CPE task and reusable buffers            0.570 s
      part 2 - CPE FASTQ formatting and input release           0.045 s
      part 3 - CPE alignment and SAM length pass                8.740 s
      part 4 - assign slices in the shared SAM buffer           0.048 s
      part 5 - CPE SAM record generation                        0.077 s
      part 6 - release temporary worker data                    0.000 s

  Reserved allocator timers (no active timing sites)
    malloc timer                                              0.000 s
    free timer                                                0.000 s
===================================================================


======================= SWBWA Timing Report =======================
  MPI rank: 000003 / 000006
  Accumulated wall-clock time; indented rows are included in
  their parent row and must not be added to it.

  Pipeline
    total - complete three-stage pipeline                    30.752 s
    stage 1 - allocate and read raw FASTQ blocks              4.319 s
    stage 2 - align reads and generate SAM records           17.125 s
    stage 3 - write SAM and release batch data                8.769 s
      SAM output writes                                         8.520 s
      batch cleanup and loop overhead (derived)                 0.249 s

  Stage 1 input details
    batches completed / stage calls                       5 / 6
    input-buffer and batch allocations                        0.000 s  (16 calls, max 0.000 s)
    aggregate requested allocation bytes            194651824
    FASTQ fseeko calls                                        0.144 s  (10 calls, max 0.081 s)
    FASTQ fread calls                                         4.175 s  (10 calls, max 0.759 s)
    align chunk ends to FASTQ record boundaries               0.000 s  (8 calls, max 0.000 s)
    scheduler, checks and bookkeeping (derived)               0.000 s
    raw FASTQ bytes read                            194641200  (185.624 MiB)
    effective fread bandwidth                         44.462 MiB/s
    slowest allocation                                 0.000 s  (64 bytes)
    slowest fread                                      0.759 s  (R1 offset=291950704, bytes=19660800)

  Stage 2 worker details
    total - active merge worker                              17.125 s
      part 1 - prepare CPE task and reusable buffers            0.571 s
      part 2 - CPE FASTQ formatting and input release           0.045 s
      part 3 - CPE alignment and SAM length pass               16.384 s
      part 4 - assign slices in the shared SAM buffer           0.048 s
      part 5 - CPE SAM record generation                        0.078 s
      part 6 - release temporary worker data                    0.000 s

  Reserved allocator timers (no active timing sites)
    malloc timer                                              0.000 s
    free timer                                                0.000 s
===================================================================


======================= SWBWA Timing Report =======================
  MPI rank: 000004 / 000006
  Accumulated wall-clock time; indented rows are included in
  their parent row and must not be added to it.

  Pipeline
    total - complete three-stage pipeline                    24.345 s
    stage 1 - allocate and read raw FASTQ blocks              5.154 s
    stage 2 - align reads and generate SAM records            9.446 s
    stage 3 - write SAM and release batch data                9.295 s
      SAM output writes                                         9.046 s
      batch cleanup and loop overhead (derived)                 0.249 s

  Stage 1 input details
    batches completed / stage calls                       5 / 6
    input-buffer and batch allocations                        0.000 s  (16 calls, max 0.000 s)
    aggregate requested allocation bytes            194651264
    FASTQ fseeko calls                                        0.069 s  (10 calls, max 0.036 s)
    FASTQ fread calls                                         5.085 s  (10 calls, max 0.761 s)
    align chunk ends to FASTQ record boundaries               0.000 s  (8 calls, max 0.000 s)
    scheduler, checks and bookkeeping (derived)               0.000 s
    raw FASTQ bytes read                            194640640  (185.624 MiB)
    effective fread bandwidth                         36.506 MiB/s
    slowest allocation                                 0.000 s  (64 bytes)
    slowest fread                                      0.761 s  (R1 offset=389267784, bytes=19660800)

  Stage 2 worker details
    total - active merge worker                               9.446 s
      part 1 - prepare CPE task and reusable buffers            0.566 s
      part 2 - CPE FASTQ formatting and input release           0.044 s
      part 3 - CPE alignment and SAM length pass                8.713 s
      part 4 - assign slices in the shared SAM buffer           0.047 s
      part 5 - CPE SAM record generation                        0.076 s
      part 6 - release temporary worker data                    0.000 s

  Reserved allocator timers (no active timing sites)
    malloc timer                                              0.000 s
    free timer                                                0.000 s
===================================================================


======================= SWBWA Timing Report =======================
  MPI rank: 000005 / 000006
  Accumulated wall-clock time; indented rows are included in
  their parent row and must not be added to it.

  Pipeline
    total - complete three-stage pipeline                    28.645 s
    stage 1 - allocate and read raw FASTQ blocks              5.251 s
    stage 2 - align reads and generate SAM records           16.834 s
    stage 3 - write SAM and release batch data                6.282 s
      SAM output writes                                         6.028 s
      batch cleanup and loop overhead (derived)                 0.254 s

  Stage 1 input details
    batches completed / stage calls                       5 / 6
    input-buffer and batch allocations                        0.000 s  (16 calls, max 0.000 s)
    aggregate requested allocation bytes            194651264
    FASTQ fseeko calls                                        0.295 s  (10 calls, max 0.160 s)
    FASTQ fread calls                                         4.956 s  (10 calls, max 0.776 s)
    align chunk ends to FASTQ record boundaries               0.000 s  (8 calls, max 0.000 s)
    scheduler, checks and bookkeeping (derived)               0.000 s
    raw FASTQ bytes read                            194640640  (185.624 MiB)
    effective fread bandwidth                         37.453 MiB/s
    slowest allocation                                 0.000 s  (19661824 bytes)
    slowest fread                                      0.776 s  (R1 offset=525904424, bytes=19660800)

  Stage 2 worker details
    total - active merge worker                              16.834 s
      part 1 - prepare CPE task and reusable buffers            0.576 s
      part 2 - CPE FASTQ formatting and input release           0.045 s
      part 3 - CPE alignment and SAM length pass               16.089 s
      part 4 - assign slices in the shared SAM buffer           0.048 s
      part 5 - CPE SAM record generation                        0.077 s
      part 6 - release temporary worker data                    0.000 s

  Reserved allocator timers (no active timing sites)
    malloc timer                                              0.000 s
    free timer                                                0.000 s
===================================================================

[main] Version: 0.0.1
[main] CMD: ./SWBWA mem -v 3 -t 1 -1 -o correctness_results/mpi_static_split/has1/SRR2496709_PE.sam -I 170,80,500,1 ../data/GRCh38.d1.vd1.fa ../data/SRR2496709_1.fastq_1 ../data/SRR2496709_2.fastq_1
