[M::main_mem] mean insert size: 170.000, stddev: 80.000, max: 500, min: 1
[CPE input] bytes_per_cg=19660800 cg_count=1 chunk_bytes=19660800 file_bytes=223555584
[MPI rank 000000/000006] input range: records=[0, 168321) bytes=[0, 37259484)
[MPI rank 000001/000006] input range: records=[168321, 334657) bytes=[37259484, 74518748)
[MPI rank 000002/000006] input range: records=[334657, 500993) bytes=[74518748, 111778012)
[MPI rank 000003/000006] input range: records=[500993, 667329) bytes=[111778012, 149037276)
[MPI rank 000004/000006] input range: records=[667329, 833665) bytes=[149037276, 186296540)
[MPI rank 000005/000006] input range: records=[833665, 1000000) bytes=[186296540, 223555584)
malloc bwt->bwt 3107576584, 0x500008804020
malloc bwt->sa 1553788264, 0x5000c1ba1b40
[M::bwa_idx_load_from_disk] read 0 ALT contigs
malloc pac 776894131, 0x50011e5708c0
the input file is ../data/ERR1203383_1.fastq_1
[MPI rank 000000/000006] output: correctness_results/mpi_static_single/no1/ERR1203383_SE.sam
[MPI rank 000001/000006] output: correctness_results/mpi_static_single/no1/ERR1203383_SE.sam
[MPI rank 000002/000006] output: correctness_results/mpi_static_single/no1/ERR1203383_SE.sam
[MPI rank 000003/000006] output: correctness_results/mpi_static_single/no1/ERR1203383_SE.sam
[MPI rank 000004/000006] output: correctness_results/mpi_static_single/no1/ERR1203383_SE.sam
[MPI rank 000005/000006] output: correctness_results/mpi_static_single/no1/ERR1203383_SE.sam
[M::process] read chunk (19660800 bytes/CG x 1 CGs, 19660800 bytes)...
step1 0x500002020260
[M::process] read chunk (19660800 bytes/CG x 1 CGs, 17599608 bytes)...
step2 get 0x500002020260
step1 0x500002020260
step2 get 0x500002020260
step1 0x500002020260
step2 get 0x500002020260
step1 0x500002020260
step1 0x500002020260
step2 get 0x500002020260
step2 get 0x500002020260
step1 0x500002020260
step2 get 0x500002020260
[M::mem_process_seqs_merge2] Processed 89565 reads in 1.290 CPU sec, 1.319 real sec
step2 put 0x500002020260
step3 0x500002020260
step2 put 0x500002020260
step3 0x500002020260
step2 put 0x500002020260
step3 0x500002020260
step1 0x5000020202b0
step2 get 0x5000020202b0
step1 0x5000020202b0
step2 get 0x5000020202b0
step2 put 0x500002020260
step3 0x500002020260
step1 0x5000020202b0
step2 get 0x5000020202b0
step2 put 0x500002020260
step3 0x500002020260
step1 0x5000020202b0
step2 get 0x5000020202b0
step2 put 0x500002020260
step3 0x500002020260
step1 0x5000020202b0
step1 0x5000020202b0
step2 get 0x5000020202b0
step2 get 0x5000020202b0
[M::mem_process_seqs_merge2] Processed 78756 reads in 0.700 CPU sec, 0.719 real sec
step2 put 0x5000020202b0
step3 0x5000020202b0
step2 put 0x5000020202b0
step3 0x5000020202b0
step2 put 0x5000020202b0
step3 0x5000020202b0
step2 put 0x5000020202b0
step2 put 0x5000020202b0
step3 0x5000020202b0
step3 0x5000020202b0
step2 put 0x5000020202b0
step3 0x5000020202b0

======================= SWBWA Timing Report =======================
  MPI rank: 000000 / 000006
  Accumulated wall-clock time; indented rows are included in
  their parent row and must not be added to it.

  Pipeline
    total - complete three-stage pipeline                     6.887 s
    stage 1 - allocate and read raw FASTQ blocks              2.711 s
    stage 2 - align reads and generate SAM records            2.039 s
    stage 3 - write SAM and release batch data                0.228 s
      SAM output writes                                         0.131 s
      batch cleanup and loop overhead (derived)                 0.097 s

  Stage 1 input details
    batches completed / stage calls                       2 / 3
    input-buffer and batch allocations                        0.000 s  (5 calls, max 0.000 s)
    aggregate requested allocation bytes             37262648
    FASTQ fseeko calls                                        0.000 s  (2 calls, max 0.000 s)
    FASTQ fread calls                                         2.711 s  (2 calls, max 1.508 s)
    align chunk ends to FASTQ record boundaries               0.000 s  (1 calls, max 0.000 s)
    scheduler, checks and bookkeeping (derived)               0.001 s
    raw FASTQ bytes read                             37260408  (35.534 MiB)
    effective fread bandwidth                         13.110 MiB/s
    slowest allocation                                 0.000 s  (64 bytes)
    slowest fread                                      1.508 s  (R1 offset=19659876, bytes=17599608)

  Stage 2 worker details
    total - active merge worker                               2.038 s
      part 1 - prepare CPE task and reusable buffers            0.590 s
      part 2 - CPE FASTQ formatting and input release           0.011 s
      part 3 - CPE alignment and SAM length pass                1.407 s
      part 4 - assign slices in the shared SAM buffer           0.012 s
      part 5 - CPE SAM record generation                        0.019 s
      part 6 - release temporary worker data                    0.000 s

  Reserved allocator timers (no active timing sites)
    malloc timer                                              0.000 s
    free timer                                                0.000 s
===================================================================


======================= SWBWA Timing Report =======================
  MPI rank: 000001 / 000006
  Accumulated wall-clock time; indented rows are included in
  their parent row and must not be added to it.

  Pipeline
    total - complete three-stage pipeline                     6.887 s
    stage 1 - allocate and read raw FASTQ blocks              2.813 s
    stage 2 - align reads and generate SAM records            1.997 s
    stage 3 - write SAM and release batch data                0.198 s
      SAM output writes                                         0.125 s
      batch cleanup and loop overhead (derived)                 0.073 s

  Stage 1 input details
    batches completed / stage calls                       2 / 3
    input-buffer and batch allocations                        0.000 s  (5 calls, max 0.000 s)
    aggregate requested allocation bytes             37262496
    FASTQ fseeko calls                                        0.022 s  (2 calls, max 0.022 s)
    FASTQ fread calls                                         2.791 s  (2 calls, max 1.524 s)
    align chunk ends to FASTQ record boundaries               0.000 s  (1 calls, max 0.000 s)
    scheduler, checks and bookkeeping (derived)               0.000 s
    raw FASTQ bytes read                             37260256  (35.534 MiB)
    effective fread bandwidth                         12.732 MiB/s
    slowest allocation                                 0.000 s  (17600480 bytes)
    slowest fread                                      1.524 s  (R1 offset=56919292, bytes=17599456)

  Stage 2 worker details
    total - active merge worker                               1.997 s
      part 1 - prepare CPE task and reusable buffers            0.568 s
      part 2 - CPE FASTQ formatting and input release           0.011 s
      part 3 - CPE alignment and SAM length pass                1.388 s
      part 4 - assign slices in the shared SAM buffer           0.012 s
      part 5 - CPE SAM record generation                        0.018 s
      part 6 - release temporary worker data                    0.000 s

  Reserved allocator timers (no active timing sites)
    malloc timer                                              0.000 s
    free timer                                                0.000 s
===================================================================


======================= SWBWA Timing Report =======================
  MPI rank: 000002 / 000006
  Accumulated wall-clock time; indented rows are included in
  their parent row and must not be added to it.

  Pipeline
    total - complete three-stage pipeline                     6.888 s
    stage 1 - allocate and read raw FASTQ blocks              2.762 s
    stage 2 - align reads and generate SAM records            1.966 s
    stage 3 - write SAM and release batch data                0.165 s
      SAM output writes                                         0.105 s
      batch cleanup and loop overhead (derived)                 0.060 s

  Stage 1 input details
    batches completed / stage calls                       2 / 3
    input-buffer and batch allocations                        0.000 s  (5 calls, max 0.000 s)
    aggregate requested allocation bytes             37262496
    FASTQ fseeko calls                                        0.034 s  (2 calls, max 0.034 s)
    FASTQ fread calls                                         2.728 s  (2 calls, max 1.470 s)
    align chunk ends to FASTQ record boundaries               0.000 s  (1 calls, max 0.000 s)
    scheduler, checks and bookkeeping (derived)               0.000 s
    raw FASTQ bytes read                             37260256  (35.534 MiB)
    effective fread bandwidth                         13.027 MiB/s
    slowest allocation                                 0.000 s  (17600480 bytes)
    slowest fread                                      1.470 s  (R1 offset=94178556, bytes=17599456)

  Stage 2 worker details
    total - active merge worker                               1.966 s
      part 1 - prepare CPE task and reusable buffers            0.560 s
      part 2 - CPE FASTQ formatting and input release           0.011 s
      part 3 - CPE alignment and SAM length pass                1.365 s
      part 4 - assign slices in the shared SAM buffer           0.011 s
      part 5 - CPE SAM record generation                        0.018 s
      part 6 - release temporary worker data                    0.000 s

  Reserved allocator timers (no active timing sites)
    malloc timer                                              0.000 s
    free timer                                                0.000 s
===================================================================


======================= SWBWA Timing Report =======================
  MPI rank: 000003 / 000006
  Accumulated wall-clock time; indented rows are included in
  their parent row and must not be added to it.

  Pipeline
    total - complete three-stage pipeline                     6.888 s
    stage 1 - allocate and read raw FASTQ blocks              2.875 s
    stage 2 - align reads and generate SAM records            2.199 s
    stage 3 - write SAM and release batch data                0.275 s
      SAM output writes                                         0.209 s
      batch cleanup and loop overhead (derived)                 0.066 s

  Stage 1 input details
    batches completed / stage calls                       2 / 3
    input-buffer and batch allocations                        0.000 s  (5 calls, max 0.000 s)
    aggregate requested allocation bytes             37262496
    FASTQ fseeko calls                                        0.059 s  (2 calls, max 0.059 s)
    FASTQ fread calls                                         2.816 s  (2 calls, max 1.514 s)
    align chunk ends to FASTQ record boundaries               0.000 s  (1 calls, max 0.000 s)
    scheduler, checks and bookkeeping (derived)               0.000 s
    raw FASTQ bytes read                             37260256  (35.534 MiB)
    effective fread bandwidth                         12.618 MiB/s
    slowest allocation                                 0.000 s  (17600480 bytes)
    slowest fread                                      1.514 s  (R1 offset=131437820, bytes=17599456)

  Stage 2 worker details
    total - active merge worker                               2.199 s
      part 1 - prepare CPE task and reusable buffers            0.644 s
      part 2 - CPE FASTQ formatting and input release           0.011 s
      part 3 - CPE alignment and SAM length pass                1.514 s
      part 4 - assign slices in the shared SAM buffer           0.012 s
      part 5 - CPE SAM record generation                        0.019 s
      part 6 - release temporary worker data                    0.000 s

  Reserved allocator timers (no active timing sites)
    malloc timer                                              0.000 s
    free timer                                                0.000 s
===================================================================


======================= SWBWA Timing Report =======================
  MPI rank: 000004 / 000006
  Accumulated wall-clock time; indented rows are included in
  their parent row and must not be added to it.

  Pipeline
    total - complete three-stage pipeline                     6.887 s
    stage 1 - allocate and read raw FASTQ blocks              2.970 s
    stage 2 - align reads and generate SAM records            2.352 s
    stage 3 - write SAM and release batch data                0.283 s
      SAM output writes                                         0.193 s
      batch cleanup and loop overhead (derived)                 0.090 s

  Stage 1 input details
    batches completed / stage calls                       2 / 3
    input-buffer and batch allocations                        0.000 s  (5 calls, max 0.000 s)
    aggregate requested allocation bytes             37262496
    FASTQ fseeko calls                                        0.065 s  (2 calls, max 0.065 s)
    FASTQ fread calls                                         2.905 s  (2 calls, max 1.603 s)
    align chunk ends to FASTQ record boundaries               0.000 s  (1 calls, max 0.000 s)
    scheduler, checks and bookkeeping (derived)               0.000 s
    raw FASTQ bytes read                             37260256  (35.534 MiB)
    effective fread bandwidth                         12.234 MiB/s
    slowest allocation                                 0.000 s  (64 bytes)
    slowest fread                                      1.603 s  (R1 offset=168697084, bytes=17599456)

  Stage 2 worker details
    total - active merge worker                               2.352 s
      part 1 - prepare CPE task and reusable buffers            0.803 s
      part 2 - CPE FASTQ formatting and input release           0.011 s
      part 3 - CPE alignment and SAM length pass                1.508 s
      part 4 - assign slices in the shared SAM buffer           0.012 s
      part 5 - CPE SAM record generation                        0.019 s
      part 6 - release temporary worker data                    0.000 s

  Reserved allocator timers (no active timing sites)
    malloc timer                                              0.000 s
    free timer                                                0.000 s
===================================================================


======================= SWBWA Timing Report =======================
  MPI rank: 000005 / 000006
  Accumulated wall-clock time; indented rows are included in
  their parent row and must not be added to it.

  Pipeline
    total - complete three-stage pipeline                     6.888 s
    stage 1 - allocate and read raw FASTQ blocks              2.973 s
    stage 2 - align reads and generate SAM records            2.022 s
    stage 3 - write SAM and release batch data                0.192 s
      SAM output writes                                         0.123 s
      batch cleanup and loop overhead (derived)                 0.069 s

  Stage 1 input details
    batches completed / stage calls                       2 / 3
    input-buffer and batch allocations                        0.000 s  (5 calls, max 0.000 s)
    aggregate requested allocation bytes             37262276
    FASTQ fseeko calls                                        0.092 s  (2 calls, max 0.092 s)
    FASTQ fread calls                                         2.881 s  (2 calls, max 1.564 s)
    align chunk ends to FASTQ record boundaries               0.000 s  (1 calls, max 0.000 s)
    scheduler, checks and bookkeeping (derived)               0.000 s
    raw FASTQ bytes read                             37260036  (35.534 MiB)
    effective fread bandwidth                         12.333 MiB/s
    slowest allocation                                 0.000 s  (64 bytes)
    slowest fread                                      1.564 s  (R1 offset=205956348, bytes=17599236)

  Stage 2 worker details
    total - active merge worker                               2.022 s
      part 1 - prepare CPE task and reusable buffers            0.640 s
      part 2 - CPE FASTQ formatting and input release           0.011 s
      part 3 - CPE alignment and SAM length pass                1.338 s
      part 4 - assign slices in the shared SAM buffer           0.014 s
      part 5 - CPE SAM record generation                        0.019 s
      part 6 - release temporary worker data                    0.000 s

  Reserved allocator timers (no active timing sites)
    malloc timer                                              0.000 s
    free timer                                                0.000 s
===================================================================

[main] Version: 0.0.1
[main] CMD: ./SWBWA mem -v 3 -t 1 -o correctness_results/mpi_static_single/no1/ERR1203383_SE.sam -I 170,80,500,1 ../data/GRCh38.d1.vd1.fa ../data/ERR1203383_1.fastq_1
