[M::main_mem] mean insert size: 170.000, stddev: 80.000, max: 500, min: 1
[CPE input] bytes_per_cg=19660800 cg_count=1 chunk_bytes=19660800 file_bytes=945555584
malloc bwt->bwt 3107576584, 0x500002429500
malloc bwt->sa 1553788264, 0x5000bb7c7020
[M::bwa_idx_load_from_disk] read 0 ALT contigs
malloc pac 776894131, 0x500118228940
the input file is ../data/SRR7963242_1.fastq_1
the input file is ../data/SRR7963242_2.fastq_1
the output file is ./default_single/has1/SRR7963242_PE.sam
[M::process] read chunk (19660800 bytes/CG x 1 CGs, 19660800 bytes)...
[M::mem_process_seqs_merge2] CPE FASTQ formatting done
slave pre done
now n is 105938
processed 105938
[M::mem_process_seqs_merge2] Processed 105938 reads in 9.860 CPU sec, 9.863 real sec
[M::process] read chunk (19660800 bytes/CG x 1 CGs, 19660800 bytes)...
[M::mem_process_seqs_merge2] CPE FASTQ formatting done
slave pre done
now n is 105574
processed 105574
[M::mem_process_seqs_merge2] Processed 105574 reads in 7.790 CPU sec, 7.792 real sec
[M::process] read chunk (19660800 bytes/CG x 1 CGs, 19660800 bytes)...
[M::mem_process_seqs_merge2] CPE FASTQ formatting done
slave pre done
now n is 104574
processed 104574
[M::mem_process_seqs_merge2] Processed 104574 reads in 8.190 CPU sec, 8.183 real sec
[M::process] read chunk (19660800 bytes/CG x 1 CGs, 19660800 bytes)...
[M::mem_process_seqs_merge2] CPE FASTQ formatting done
slave pre done
now n is 104574
processed 104574
[M::mem_process_seqs_merge2] Processed 104574 reads in 7.660 CPU sec, 7.659 real sec
[M::process] read chunk (19660800 bytes/CG x 1 CGs, 19660800 bytes)...
[M::mem_process_seqs_merge2] CPE FASTQ formatting done
slave pre done
now n is 104574
processed 104574
[M::mem_process_seqs_merge2] Processed 104574 reads in 7.720 CPU sec, 7.725 real sec
[M::process] read chunk (19660800 bytes/CG x 1 CGs, 19660800 bytes)...
[M::mem_process_seqs_merge2] CPE FASTQ formatting done
slave pre done
now n is 104574
processed 104574
[M::mem_process_seqs_merge2] Processed 104574 reads in 7.540 CPU sec, 7.543 real sec
[M::process] read chunk (19660800 bytes/CG x 1 CGs, 19660800 bytes)...
[M::mem_process_seqs_merge2] CPE FASTQ formatting done
slave pre done
now n is 104574
processed 104574
[M::mem_process_seqs_merge2] Processed 104574 reads in 6.370 CPU sec, 6.389 real sec
[M::process] read chunk (19660800 bytes/CG x 1 CGs, 19660800 bytes)...
[M::mem_process_seqs_merge2] CPE FASTQ formatting done
slave pre done
now n is 104574
processed 104574
[M::mem_process_seqs_merge2] Processed 104574 reads in 6.800 CPU sec, 6.803 real sec
[M::process] read chunk (19660800 bytes/CG x 1 CGs, 19660800 bytes)...
[M::mem_process_seqs_merge2] CPE FASTQ formatting done
slave pre done
now n is 104574
processed 104574
[M::mem_process_seqs_merge2] Processed 104574 reads in 6.400 CPU sec, 6.405 real sec
[M::process] read chunk (19660800 bytes/CG x 1 CGs, 19660800 bytes)...
[M::mem_process_seqs_merge2] CPE FASTQ formatting done
slave pre done
now n is 104574
processed 104574
[M::mem_process_seqs_merge2] Processed 104574 reads in 6.630 CPU sec, 6.642 real sec
[M::process] read chunk (19660800 bytes/CG x 1 CGs, 19660800 bytes)...
[M::mem_process_seqs_merge2] CPE FASTQ formatting done
slave pre done
now n is 104574
processed 104574
[M::mem_process_seqs_merge2] Processed 104574 reads in 6.860 CPU sec, 6.854 real sec
[M::process] read chunk (19660800 bytes/CG x 1 CGs, 19660800 bytes)...
[M::mem_process_seqs_merge2] CPE FASTQ formatting done
slave pre done
now n is 104574
processed 104574
[M::mem_process_seqs_merge2] Processed 104574 reads in 6.740 CPU sec, 6.750 real sec
[M::process] read chunk (19660800 bytes/CG x 1 CGs, 19660800 bytes)...
[M::mem_process_seqs_merge2] CPE FASTQ formatting done
slave pre done
now n is 104574
processed 104574
[M::mem_process_seqs_merge2] Processed 104574 reads in 6.650 CPU sec, 6.650 real sec
[M::process] read chunk (19660800 bytes/CG x 1 CGs, 19660800 bytes)...
[M::mem_process_seqs_merge2] CPE FASTQ formatting done
slave pre done
now n is 104574
processed 104574
[M::mem_process_seqs_merge2] Processed 104574 reads in 6.770 CPU sec, 6.769 real sec
[M::process] read chunk (19660800 bytes/CG x 1 CGs, 19660800 bytes)...
[M::mem_process_seqs_merge2] CPE FASTQ formatting done
slave pre done
now n is 104574
processed 104574
[M::mem_process_seqs_merge2] Processed 104574 reads in 6.690 CPU sec, 6.686 real sec
[M::process] read chunk (19660800 bytes/CG x 1 CGs, 19660800 bytes)...
[M::mem_process_seqs_merge2] CPE FASTQ formatting done
slave pre done
now n is 104574
processed 104574
[M::mem_process_seqs_merge2] Processed 104574 reads in 6.400 CPU sec, 6.404 real sec
[M::process] read chunk (19660800 bytes/CG x 1 CGs, 19660800 bytes)...
[M::mem_process_seqs_merge2] CPE FASTQ formatting done
slave pre done
now n is 104574
processed 104574
[M::mem_process_seqs_merge2] Processed 104574 reads in 6.660 CPU sec, 6.660 real sec
[M::process] read chunk (19660800 bytes/CG x 1 CGs, 19660800 bytes)...
[M::mem_process_seqs_merge2] CPE FASTQ formatting done
slave pre done
now n is 104574
processed 104574
[M::mem_process_seqs_merge2] Processed 104574 reads in 6.730 CPU sec, 6.730 real sec
[M::process] read chunk (19660800 bytes/CG x 1 CGs, 19660800 bytes)...
[M::mem_process_seqs_merge2] CPE FASTQ formatting done
slave pre done
now n is 104574
processed 104574
[M::mem_process_seqs_merge2] Processed 104574 reads in 6.410 CPU sec, 6.423 real sec
[M::process] read chunk (19660800 bytes/CG x 1 CGs, 19660800 bytes)...
[M::mem_process_seqs_merge2] CPE FASTQ formatting done
slave pre done
now n is 103586
processed 103586
[M::mem_process_seqs_merge2] Processed 103586 reads in 6.470 CPU sec, 6.464 real sec
[M::process] read chunk (19660800 bytes/CG x 1 CGs, 19660800 bytes)...
[M::mem_process_seqs_merge2] CPE FASTQ formatting done
slave pre done
now n is 103474
processed 103474
[M::mem_process_seqs_merge2] Processed 103474 reads in 6.530 CPU sec, 6.527 real sec
[M::process] read chunk (19660800 bytes/CG x 1 CGs, 19660800 bytes)...
[M::mem_process_seqs_merge2] CPE FASTQ formatting done
slave pre done
now n is 103474
processed 103474
[M::mem_process_seqs_merge2] Processed 103474 reads in 6.290 CPU sec, 6.290 real sec
[M::process] read chunk (19660800 bytes/CG x 1 CGs, 19660800 bytes)...
[M::mem_process_seqs_merge2] CPE FASTQ formatting done
slave pre done
now n is 103474
processed 103474
[M::mem_process_seqs_merge2] Processed 103474 reads in 6.480 CPU sec, 6.488 real sec
[M::process] read chunk (19660800 bytes/CG x 1 CGs, 19660800 bytes)...
[M::mem_process_seqs_merge2] CPE FASTQ formatting done
slave pre done
now n is 103474
processed 103474
[M::mem_process_seqs_merge2] Processed 103474 reads in 6.570 CPU sec, 6.571 real sec
[M::process] read chunk (19660800 bytes/CG x 1 CGs, 19660800 bytes)...
[M::mem_process_seqs_merge2] CPE FASTQ formatting done
slave pre done
now n is 103474
processed 103474
[M::mem_process_seqs_merge2] Processed 103474 reads in 6.300 CPU sec, 6.307 real sec
[M::process] read chunk (19660800 bytes/CG x 1 CGs, 19660800 bytes)...
[M::mem_process_seqs_merge2] CPE FASTQ formatting done
slave pre done
now n is 103474
processed 103474
[M::mem_process_seqs_merge2] Processed 103474 reads in 6.410 CPU sec, 6.407 real sec
[M::process] read chunk (19660800 bytes/CG x 1 CGs, 19660800 bytes)...
[M::mem_process_seqs_merge2] CPE FASTQ formatting done
slave pre done
now n is 103474
processed 103474
[M::mem_process_seqs_merge2] Processed 103474 reads in 6.500 CPU sec, 6.500 real sec
[M::process] read chunk (19660800 bytes/CG x 1 CGs, 19660800 bytes)...
[M::mem_process_seqs_merge2] CPE FASTQ formatting done
slave pre done
now n is 103474
processed 103474
[M::mem_process_seqs_merge2] Processed 103474 reads in 6.610 CPU sec, 6.613 real sec
[M::process] read chunk (19660800 bytes/CG x 1 CGs, 19660800 bytes)...
[M::mem_process_seqs_merge2] CPE FASTQ formatting done
slave pre done
now n is 103474
processed 103474
[M::mem_process_seqs_merge2] Processed 103474 reads in 6.360 CPU sec, 6.367 real sec
[M::process] read chunk (19660800 bytes/CG x 1 CGs, 19660800 bytes)...
[M::mem_process_seqs_merge2] CPE FASTQ formatting done
slave pre done
now n is 103474
processed 103474
[M::mem_process_seqs_merge2] Processed 103474 reads in 6.410 CPU sec, 6.406 real sec
[M::process] read chunk (19660800 bytes/CG x 1 CGs, 19660800 bytes)...
[M::mem_process_seqs_merge2] CPE FASTQ formatting done
slave pre done
now n is 103474
processed 103474
[M::mem_process_seqs_merge2] Processed 103474 reads in 6.270 CPU sec, 6.267 real sec
[M::process] read chunk (19660800 bytes/CG x 1 CGs, 19660800 bytes)...
[M::mem_process_seqs_merge2] CPE FASTQ formatting done
slave pre done
now n is 103474
processed 103474
[M::mem_process_seqs_merge2] Processed 103474 reads in 6.830 CPU sec, 6.832 real sec
[M::process] read chunk (19660800 bytes/CG x 1 CGs, 19660800 bytes)...
[M::mem_process_seqs_merge2] CPE FASTQ formatting done
slave pre done
now n is 103474
processed 103474
[M::mem_process_seqs_merge2] Processed 103474 reads in 6.210 CPU sec, 6.222 real sec
[M::process] read chunk (19660800 bytes/CG x 1 CGs, 19660800 bytes)...
[M::mem_process_seqs_merge2] CPE FASTQ formatting done
slave pre done
now n is 103474
processed 103474
[M::mem_process_seqs_merge2] Processed 103474 reads in 6.600 CPU sec, 6.605 real sec
[M::process] read chunk (19660800 bytes/CG x 1 CGs, 19660800 bytes)...
[M::mem_process_seqs_merge2] CPE FASTQ formatting done
slave pre done
now n is 103474
processed 103474
[M::mem_process_seqs_merge2] Processed 103474 reads in 6.690 CPU sec, 6.692 real sec
[M::process] read chunk (19660800 bytes/CG x 1 CGs, 19660800 bytes)...
[M::mem_process_seqs_merge2] CPE FASTQ formatting done
slave pre done
now n is 103474
processed 103474
[M::mem_process_seqs_merge2] Processed 103474 reads in 6.280 CPU sec, 6.279 real sec
[M::process] read chunk (19660800 bytes/CG x 1 CGs, 19660800 bytes)...
[M::mem_process_seqs_merge2] CPE FASTQ formatting done
slave pre done
now n is 103474
processed 103474
[M::mem_process_seqs_merge2] Processed 103474 reads in 6.580 CPU sec, 6.576 real sec
[M::process] read chunk (19660800 bytes/CG x 1 CGs, 19660800 bytes)...
[M::mem_process_seqs_merge2] CPE FASTQ formatting done
slave pre done
now n is 103474
processed 103474
[M::mem_process_seqs_merge2] Processed 103474 reads in 6.550 CPU sec, 6.547 real sec
[M::process] read chunk (19660800 bytes/CG x 1 CGs, 19660800 bytes)...
[M::mem_process_seqs_merge2] CPE FASTQ formatting done
slave pre done
now n is 103474
processed 103474
[M::mem_process_seqs_merge2] Processed 103474 reads in 6.730 CPU sec, 6.738 real sec
[M::process] read chunk (19660800 bytes/CG x 1 CGs, 19660800 bytes)...
[M::mem_process_seqs_merge2] CPE FASTQ formatting done
slave pre done
now n is 103474
processed 103474
[M::mem_process_seqs_merge2] Processed 103474 reads in 6.900 CPU sec, 6.902 real sec
[M::process] read chunk (19660800 bytes/CG x 1 CGs, 19660800 bytes)...
[M::mem_process_seqs_merge2] CPE FASTQ formatting done
slave pre done
now n is 103474
processed 103474
[M::mem_process_seqs_merge2] Processed 103474 reads in 6.500 CPU sec, 6.499 real sec
[M::process] read chunk (19660800 bytes/CG x 1 CGs, 19660800 bytes)...
[M::mem_process_seqs_merge2] CPE FASTQ formatting done
slave pre done
now n is 103474
processed 103474
[M::mem_process_seqs_merge2] Processed 103474 reads in 6.660 CPU sec, 6.667 real sec
[M::process] read chunk (19660800 bytes/CG x 1 CGs, 19660800 bytes)...
[M::mem_process_seqs_merge2] CPE FASTQ formatting done
slave pre done
now n is 103474
processed 103474
[M::mem_process_seqs_merge2] Processed 103474 reads in 6.280 CPU sec, 6.281 real sec
[M::process] read chunk (19660800 bytes/CG x 1 CGs, 19660800 bytes)...
[M::mem_process_seqs_merge2] CPE FASTQ formatting done
slave pre done
now n is 103474
processed 103474
[M::mem_process_seqs_merge2] Processed 103474 reads in 6.780 CPU sec, 6.788 real sec
[M::process] read chunk (19660800 bytes/CG x 1 CGs, 19660800 bytes)...
[M::mem_process_seqs_merge2] CPE FASTQ formatting done
slave pre done
now n is 103474
processed 103474
[M::mem_process_seqs_merge2] Processed 103474 reads in 6.260 CPU sec, 6.262 real sec
[M::process] read chunk (19660800 bytes/CG x 1 CGs, 19660800 bytes)...
[M::mem_process_seqs_merge2] CPE FASTQ formatting done
slave pre done
now n is 103474
processed 103474
[M::mem_process_seqs_merge2] Processed 103474 reads in 6.370 CPU sec, 6.376 real sec
[M::process] read chunk (19660800 bytes/CG x 1 CGs, 19660800 bytes)...
[M::mem_process_seqs_merge2] CPE FASTQ formatting done
slave pre done
now n is 103474
processed 103474
[M::mem_process_seqs_merge2] Processed 103474 reads in 6.660 CPU sec, 6.655 real sec
[M::process] read chunk (19660800 bytes/CG x 1 CGs, 19660800 bytes)...
[M::mem_process_seqs_merge2] CPE FASTQ formatting done
slave pre done
now n is 103474
processed 103474
[M::mem_process_seqs_merge2] Processed 103474 reads in 6.470 CPU sec, 6.472 real sec
[M::process] read chunk (19660800 bytes/CG x 1 CGs, 1875680 bytes)...
[M::mem_process_seqs_merge2] CPE FASTQ formatting done
slave pre done
now n is 9872
processed 9872
[M::mem_process_seqs_merge2] Processed 9872 reads in 0.880 CPU sec, 0.884 real sec

====================== SWBWA Output Debug =====================
  MPI rank: 000000 / 000001
  mode:     non-MPI POSIX
  path:     ./default_single/has1/SRR7963242_PE.sam

  Output volume
    output buffer capacity                           67108864
    swbwa_output_write calls                         5000000
    submitted SAM bytes                           2107655733
    buffered flushes                                      32
    buffered flush bytes                          2107655733
    direct oversized writes                                0
    direct oversized bytes                                 0

  Buffering
    buffered flush total                        29.609676 s  (32 calls, 925302.365 us/call)

  POSIX file writes
    write system calls                                     32
    write system-call bytes                        2107655733
    POSIX write system calls                    29.609590 s  (32 calls, 925299.694 us/call)
    POSIX write effective bandwidth                67.884 MiB/s

  Output close timing
    POSIX close                                  0.000352 s  (1 calls,   352.303 us/call)
================================================================


======================= SWBWA Timing Report =======================
  Accumulated wall-clock time; indented rows are included in
  their parent row and must not be added to it.

  Pipeline
    total - complete three-stage pipeline                   377.227 s
    stage 1 - allocate and read raw FASTQ blocks             17.802 s
    stage 2 - align reads and generate SAM records          324.415 s
    stage 3 - write SAM and release batch data               34.636 s
      SAM output writes                                        32.836 s
      batch cleanup and loop overhead (derived)                 1.800 s

  Stage 1 input details
    batches completed / stage calls                      49 / 50
    input-buffer and batch allocations                        0.000 s  (148 calls, max 0.000 s)
    aggregate requested allocation bytes           1891291712
    FASTQ fseeko calls                                        0.001 s  (98 calls, max 0.000 s)
    FASTQ fread calls                                        17.797 s  (98 calls, max 0.331 s)
    align chunk ends to FASTQ record boundaries               0.000 s  (96 calls, max 0.000 s)
    scheduler, checks and bookkeeping (derived)               0.004 s
    raw FASTQ bytes read                           1891188160  (1803.578 MiB)
    effective fread bandwidth                        101.343 MiB/s
    slowest allocation                                 0.000 s  (64 bytes)
    slowest fread                                      0.331 s  (R1 offset=452178404, bytes=19660800)

  Stage 2 worker details
    total - active merge worker                             324.412 s
      part 1 - prepare CPE task and reusable buffers            1.075 s
      part 2 - CPE FASTQ formatting and input release           0.411 s
      part 3 - CPE alignment and SAM length pass              321.973 s
      part 4 - assign slices in the shared SAM buffer           0.357 s
      part 5 - CPE SAM record generation                        0.592 s
      part 6 - release temporary worker data                    0.001 s

  Reserved allocator timers (no active timing sites)
    malloc timer                                              0.000 s
    free timer                                                0.000 s
===================================================================

[main] Version: 0.0.1
[main] CMD: ./SWBWA mem -v 4 -t 1 -1 -o ./default_single/has1/SRR7963242_PE.sam -I 170,80,500,1 ../data/GRCh38.d1.vd1.fa ../data/SRR7963242_1.fastq_1 ../data/SRR7963242_2.fastq_1
