[M::main_mem] mean insert size: 170.000, stddev: 80.000, max: 500, min: 1
[MPI input] mode=dynamic chunks=49 bytes_per_cg=19660800 cg_count=1 chunk_bytes=19660800 file_bytes=945555584 scheduler=distributed read_index=exact
malloc bwt->bwt 3107576584, 0x500008804020
malloc bwt->bwt 3107576584, 0x500008804020
malloc bwt->bwt 3107576584, 0x500008804020
malloc bwt->bwt 3107576584, 0x500008804020
malloc bwt->bwt 3107576584, 0x500008804020
malloc bwt->bwt 3107576584, 0x500008804020
malloc bwt->sa 1553788264, 0x5000c1ba1b40
malloc bwt->sa 1553788264, 0x5000c1ba1b40
malloc bwt->sa 1553788264, 0x5000c1ba1b40
malloc bwt->sa 1553788264, 0x5000c1ba1b40
malloc bwt->sa 1553788264, 0x5000c1ba1b40
malloc bwt->sa 1553788264, 0x5000c1ba1b40
[M::bwa_idx_load_from_disk] read 0 ALT contigs
[M::bwa_idx_load_from_disk] read 0 ALT contigs
[M::bwa_idx_load_from_disk] read 0 ALT contigs
[M::bwa_idx_load_from_disk] read 0 ALT contigs
[M::bwa_idx_load_from_disk] read 0 ALT contigs
[M::bwa_idx_load_from_disk] read 0 ALT contigs
malloc pac 776894131, 0x50011e5708c0
malloc pac 776894131, 0x50011e5708c0
malloc pac 776894131, 0x50011e5708c0
malloc pac 776894131, 0x50011e5708c0
malloc pac 776894131, 0x50011e5708c0
malloc pac 776894131, 0x50011e5708c0
the input file is ../../../data/SRR7963242_1.fastq_1
[MPI rank 000000/000006] output: correctness_results/study_final/no1/SRR7963242_SE.sam
[MPI rank 000001/000006] output: correctness_results/study_final/no1/SRR7963242_SE.sam
[MPI rank 000002/000006] output: correctness_results/study_final/no1/SRR7963242_SE.sam
[MPI rank 000003/000006] output: correctness_results/study_final/no1/SRR7963242_SE.sam
[MPI rank 000004/000006] output: correctness_results/study_final/no1/SRR7963242_SE.sam
[MPI rank 000005/000006] output: correctness_results/study_final/no1/SRR7963242_SE.sam
[M::process] read chunk (19660800 bytes/CG x 1 CGs, 19660664 bytes)...
[M::process] read chunk (19660800 bytes/CG x 1 CGs, 19661040 bytes)...
[M::process] read chunk (19660800 bytes/CG x 1 CGs, 19661160 bytes)...
[M::process] read chunk (19660800 bytes/CG x 1 CGs, 19660556 bytes)...
[M::process] read chunk (19660800 bytes/CG x 1 CGs, 19660664 bytes)...
[M::process] read chunk (19660800 bytes/CG x 1 CGs, 19661040 bytes)...
step1 0x50000201d930
step2 get 0x50000201d930
step1 0x50000201d930
step2 get 0x50000201d930
step1 0x50000201d930
step2 get 0x50000201d930
step1 0x50000201d930
step2 get 0x50000201d930
step1 0x50000201d930
step2 get 0x50000201d930
step1 0x50000201d930
[M::process] read chunk (19660800 bytes/CG x 1 CGs, 19660664 bytes)...
step2 get 0x50000201d930
[M::process] read chunk (19660800 bytes/CG x 1 CGs, 19660664 bytes)...
[M::mem_process_seqs_merge2] CPE FASTQ formatting done
[M::process] read chunk (19660800 bytes/CG x 1 CGs, 19660664 bytes)...
[M::process] read chunk (19660800 bytes/CG x 1 CGs, 19661040 bytes)...
[M::mem_process_seqs_merge2] CPE FASTQ formatting done
[M::mem_process_seqs_merge2] CPE FASTQ formatting done
[M::process] read chunk (19660800 bytes/CG x 1 CGs, 19660664 bytes)...
[M::mem_process_seqs_merge2] CPE FASTQ formatting done
[M::mem_process_seqs_merge2] CPE FASTQ formatting done
[M::process] read chunk (19660800 bytes/CG x 1 CGs, 19661040 bytes)...
[M::mem_process_seqs_merge2] CPE FASTQ formatting done
step1 0x50000201ece0
step1 0x50000201ece0
step1 0x50000201ece0
step1 0x50000201ece0
step1 0x50000201ece0
step1 0x50000201ece0
slave pre done
now n is 52289
processed 52289
[M::mem_process_seqs_merge2] Processed 52289 reads in 0.760 CPU sec, 2.552 real sec
step2 put 0x50000201d930
step2 get 0x50000201ece0
step3 0x50000201d930
[M::mem_process_seqs_merge2] CPE FASTQ formatting done
slave pre done
now n is 52289
processed 52289
[M::mem_process_seqs_merge2] Processed 52289 reads in 0.790 CPU sec, 2.490 real sec
step2 put 0x50000201d930
step2 get 0x50000201ece0
slave pre done
now n is 52789
step3 0x50000201d930
[M::mem_process_seqs_merge2] CPE FASTQ formatting done
[M::process] read chunk (19660800 bytes/CG x 1 CGs, 19660664 bytes)...
processed 52789
[M::mem_process_seqs_merge2] Processed 52789 reads in 0.650 CPU sec, 2.591 real sec
step2 put 0x50000201d930
step2 get 0x50000201ece0
step3 0x50000201d930
[M::mem_process_seqs_merge2] CPE FASTQ formatting done
slave pre done
now n is 52290
processed 52290
[M::mem_process_seqs_merge2] Processed 52290 reads in 0.580 CPU sec, 2.462 real sec
step2 put 0x50000201d930
step2 get 0x50000201ece0
step3 0x50000201d930
[M::mem_process_seqs_merge2] CPE FASTQ formatting done
[M::process] read chunk (19660800 bytes/CG x 1 CGs, 19661040 bytes)...
[M::process] read chunk (19660800 bytes/CG x 1 CGs, 19661040 bytes)...
[M::process] read chunk (19660800 bytes/CG x 1 CGs, 19660664 bytes)...
slave pre done
now n is 52290
processed 52290
[M::mem_process_seqs_merge2] Processed 52290 reads in 0.680 CPU sec, 2.950 real sec
step2 put 0x50000201d930
step2 get 0x50000201ece0
step3 0x50000201d930
step1 0x50000201ed30
slave pre done
now n is 52972
[M::mem_process_seqs_merge2] CPE FASTQ formatting done
processed 52972
[M::mem_process_seqs_merge2] Processed 52972 reads in 0.730 CPU sec, 2.990 real sec
step2 put 0x50000201d930
step2 get 0x50000201ece0
[M::process] read chunk (19660800 bytes/CG x 1 CGs, 19660664 bytes)...
step3 0x50000201d930
[M::mem_process_seqs_merge2] CPE FASTQ formatting done
[M::process] read chunk (19660800 bytes/CG x 1 CGs, 19660664 bytes)...
step1 0x50000201ed30
step1 0x50000201ed30
step1 0x50000201ed30
step1 0x50000201ed30
step1 0x50000201ed30
slave pre done
now n is 52289
processed 52289
[M::mem_process_seqs_merge2] Processed 52289 reads in 0.300 CPU sec, 1.628 real sec
step2 put 0x50000201ece0
step2 get 0x50000201ed30
step3 0x50000201ece0
[M::mem_process_seqs_merge2] CPE FASTQ formatting done
[M::process] read chunk (19660800 bytes/CG x 1 CGs, 19660820 bytes)...
slave pre done
now n is 52289
slave pre done
now n is 52289
processed 52289
[M::mem_process_seqs_merge2] Processed 52289 reads in 0.290 CPU sec, 1.628 real sec
step2 put 0x50000201ece0
step2 get 0x50000201ed30
step3 0x50000201ece0
processed 52289
[M::mem_process_seqs_merge2] Processed 52289 reads in 0.230 CPU sec, 1.690 real sec
step2 put 0x50000201ece0
step2 get 0x50000201ed30
[M::mem_process_seqs_merge2] CPE FASTQ formatting done
step3 0x50000201ece0
[M::mem_process_seqs_merge2] CPE FASTQ formatting done
slave pre done
now n is 52290
processed 52290
[M::mem_process_seqs_merge2] Processed 52290 reads in 0.190 CPU sec, 1.658 real sec
step2 put 0x50000201ece0
step2 get 0x50000201ed30
step3 0x50000201ece0
[M::mem_process_seqs_merge2] CPE FASTQ formatting done
[M::process] read chunk (19660800 bytes/CG x 1 CGs, 19660820 bytes)...
[M::process] read chunk (19660800 bytes/CG x 1 CGs, 19660824 bytes)...
[M::process] read chunk (19660800 bytes/CG x 1 CGs, 19660820 bytes)...
slave pre done
now n is 52290
processed 52290
[M::mem_process_seqs_merge2] Processed 52290 reads in 0.240 CPU sec, 1.580 real sec
step2 put 0x50000201ece0
step2 get 0x50000201ed30
step1 0x50000201d930
step3 0x50000201ece0
[M::mem_process_seqs_merge2] CPE FASTQ formatting done
[M::process] read chunk (19660800 bytes/CG x 1 CGs, 19660820 bytes)...
slave pre done
now n is 52289
processed 52289
[M::mem_process_seqs_merge2] Processed 52289 reads in 0.260 CPU sec, 1.620 real sec
step2 put 0x50000201ece0
step2 get 0x50000201ed30
step3 0x50000201ece0
[M::mem_process_seqs_merge2] CPE FASTQ formatting done
[M::process] read chunk (19660800 bytes/CG x 1 CGs, 19660664 bytes)...
step1 0x50000201d930
step1 0x50000201d930
step1 0x50000201d930
step1 0x50000201d930
step1 0x50000201d930
slave pre done
now n is 52289
processed 52289
[M::mem_process_seqs_merge2] Processed 52289 reads in 0.260 CPU sec, 1.660 real sec
step2 put 0x50000201ed30
step2 get 0x50000201d930
step3 0x50000201ed30
[M::mem_process_seqs_merge2] CPE FASTQ formatting done
[M::process] read chunk (19660800 bytes/CG x 1 CGs, 19660820 bytes)...
slave pre done
now n is 52290
processed 52290
[M::mem_process_seqs_merge2] Processed 52290 reads in 0.260 CPU sec, 1.620 real sec
step2 put 0x50000201ed30
step2 get 0x50000201d930
step3 0x50000201ed30
slave pre done
now n is 52290
[M::mem_process_seqs_merge2] CPE FASTQ formatting done
processed 52290
[M::mem_process_seqs_merge2] Processed 52290 reads in 0.290 CPU sec, 1.630 real sec
step2 put 0x50000201ed30
step2 get 0x50000201d930
step3 0x50000201ed30
slave pre done
now n is 52289
[M::mem_process_seqs_merge2] CPE FASTQ formatting done
processed 52289
[M::mem_process_seqs_merge2] Processed 52289 reads in 0.270 CPU sec, 1.560 real sec
step2 put 0x50000201ed30
step2 get 0x50000201d930
step3 0x50000201ed30
[M::mem_process_seqs_merge2] CPE FASTQ formatting done
[M::process] read chunk (19660800 bytes/CG x 1 CGs, 19660820 bytes)...
slave pre done
now n is 52289
processed 52289
[M::mem_process_seqs_merge2] Processed 52289 reads in 0.280 CPU sec, 1.550 real sec
step2 put 0x50000201ed30
step2 get 0x50000201d930
step3 0x50000201ed30
[M::mem_process_seqs_merge2] CPE FASTQ formatting done
[M::process] read chunk (19660800 bytes/CG x 1 CGs, 19660820 bytes)...
[M::process] read chunk (19660800 bytes/CG x 1 CGs, 19660820 bytes)...
[M::process] read chunk (19660800 bytes/CG x 1 CGs, 19660820 bytes)...
slave pre done
now n is 52289
processed 52289
[M::mem_process_seqs_merge2] Processed 52289 reads in 0.250 CPU sec, 1.650 real sec
step2 put 0x50000201ed30
step2 get 0x50000201d930
step3 0x50000201ed30
[M::mem_process_seqs_merge2] CPE FASTQ formatting done
[M::process] read chunk (19660800 bytes/CG x 1 CGs, 19660820 bytes)...
step1 0x50000201ece0
step1 0x50000201ece0
step1 0x50000201ece0
step1 0x50000201ece0
step1 0x50000201ece0
step1 0x50000201ece0
slave pre done
now n is 51739
processed 51739
[M::mem_process_seqs_merge2] Processed 51739 reads in 0.270 CPU sec, 1.520 real sec
step2 put 0x50000201d930
step2 get 0x50000201ece0
step3 0x50000201d930
[M::mem_process_seqs_merge2] CPE FASTQ formatting done
[M::process] read chunk (19660800 bytes/CG x 1 CGs, 19660820 bytes)...
slave pre done
now n is 51739
slave pre done
now n is 51795
processed 51795
[M::mem_process_seqs_merge2] Processed 51795 reads in 0.300 CPU sec, 1.570 real sec
step2 put 0x50000201d930
step2 get 0x50000201ece0
processed 51739
[M::mem_process_seqs_merge2] Processed 51739 reads in 0.300 CPU sec, 1.520 real sec
step2 put 0x50000201d930
step2 get 0x50000201ece0
step3 0x50000201d930
slave pre done
now n is 51739
[M::mem_process_seqs_merge2] CPE FASTQ formatting done
processed 51739
step3 0x50000201d930
[M::mem_process_seqs_merge2] Processed 51739 reads in 0.250 CPU sec, 1.531 real sec
step2 put 0x50000201d930
step2 get 0x50000201ece0
[M::mem_process_seqs_merge2] CPE FASTQ formatting done
step3 0x50000201d930
[M::mem_process_seqs_merge2] CPE FASTQ formatting done
[M::process] read chunk (19660800 bytes/CG x 1 CGs, 19660440 bytes)...
slave pre done
now n is 51739
processed 51739
[M::mem_process_seqs_merge2] Processed 51739 reads in 0.260 CPU sec, 1.490 real sec
step2 put 0x50000201d930
step2 get 0x50000201ece0
step3 0x50000201d930
[M::mem_process_seqs_merge2] CPE FASTQ formatting done
[M::process] read chunk (19660800 bytes/CG x 1 CGs, 19660820 bytes)...
slave pre done
now n is 52289
step1 0x50000201ed30
[M::process] read chunk (19660800 bytes/CG x 1 CGs, 19660820 bytes)...
processed 52289
[M::mem_process_seqs_merge2] Processed 52289 reads in 0.250 CPU sec, 1.630 real sec
step2 put 0x50000201d930
step2 get 0x50000201ece0
step3 0x50000201d930
[M::process] read chunk (19660800 bytes/CG x 1 CGs, 19660820 bytes)...
[M::mem_process_seqs_merge2] CPE FASTQ formatting done
[M::process] read chunk (19660800 bytes/CG x 1 CGs, 19660820 bytes)...
step1 0x50000201ed30
step1 0x50000201ed30
step1 0x50000201ed30
step1 0x50000201ed30
step1 0x50000201ed30
slave pre done
now n is 51739
processed 51739
[M::mem_process_seqs_merge2] Processed 51739 reads in 0.340 CPU sec, 2.310 real sec
step2 put 0x50000201ece0
step2 get 0x50000201ed30
[M::mem_process_seqs_merge2] CPE FASTQ formatting done
step3 0x50000201ece0
[M::process] read chunk (19660800 bytes/CG x 1 CGs, 19660820 bytes)...
step1 0x50000276e800
slave pre done
now n is 51739
processed 51739
[M::mem_process_seqs_merge2] Processed 51739 reads in 0.400 CPU sec, 3.370 real sec
step2 put 0x50000201ece0
step2 get 0x50000201ed30
[M::mem_process_seqs_merge2] CPE FASTQ formatting done
step3 0x50000201ece0
[M::process] read chunk (19660800 bytes/CG x 1 CGs, 19660820 bytes)...
slave pre done
now n is 51739
processed 51739
[M::mem_process_seqs_merge2] Processed 51739 reads in 0.390 CPU sec, 1.540 real sec
step2 put 0x50000201ed30
step2 get 0x50000276e800
step3 0x50000201ed30
[M::mem_process_seqs_merge2] CPE FASTQ formatting done
step1 0x50000201eec0
[M::process] read chunk (19660800 bytes/CG x 1 CGs, 19660820 bytes)...
step1 0x50000201ece0
slave pre done
now n is 51739
processed 51739
[M::mem_process_seqs_merge2] Processed 51739 reads in 0.300 CPU sec, 4.680 real sec
step2 put 0x50000201ece0
step2 get 0x50000201ed30
[M::mem_process_seqs_merge2] CPE FASTQ formatting done
step3 0x50000201ece0
[M::process] read chunk (19660800 bytes/CG x 1 CGs, 19660820 bytes)...
slave pre done
now n is 51738
processed 51738
[M::mem_process_seqs_merge2] Processed 51738 reads in 0.270 CPU sec, 1.560 real sec
step2 put 0x50000201ed30
step2 get 0x50000201eec0
step3 0x50000201ed30
[M::mem_process_seqs_merge2] CPE FASTQ formatting done
[M::process] read chunk (19660800 bytes/CG x 1 CGs, 19660820 bytes)...
slave pre done
now n is 51739
step1 0x50000276e800
processed 51739
[M::mem_process_seqs_merge2] Processed 51739 reads in 0.270 CPU sec, 1.530 real sec
step2 put 0x50000276e800
step2 get 0x50000201ece0
step3 0x50000276e800
[M::mem_process_seqs_merge2] CPE FASTQ formatting done
step1 0x50000201ece0
slave pre done
now n is 51739
processed 51739
[M::mem_process_seqs_merge2] Processed 51739 reads in 0.490 CPU sec, 6.009 real sec
step2 put 0x50000201ece0
step2 get 0x50000201ed30
[M::mem_process_seqs_merge2] CPE FASTQ formatting done
step3 0x50000201ece0
[M::process] read chunk (19660800 bytes/CG x 1 CGs, 19660820 bytes)...
[M::process] read chunk (19660800 bytes/CG x 1 CGs, 19660820 bytes)...
slave pre done
now n is 51739
processed 51739
[M::mem_process_seqs_merge2] Processed 51739 reads in 0.290 CPU sec, 1.601 real sec
step2 put 0x50000201ed30
step2 get 0x50000276e800
step3 0x50000201ed30
[M::mem_process_seqs_merge2] CPE FASTQ formatting done
step1 0x50000201eec0
[M::process] read chunk (19660800 bytes/CG x 1 CGs, 19660820 bytes)...
step1 0x50000201ed30
slave pre done
now n is 51739
processed 51739
[M::mem_process_seqs_merge2] Processed 51739 reads in 0.210 CPU sec, 1.628 real sec
step2 put 0x50000201eec0
step2 get 0x50000201ece0
step3 0x50000201eec0
step1 0x50000201ece0
slave pre done
now n is 51739
processed 51739
[M::mem_process_seqs_merge2] Processed 51739 reads in 0.280 CPU sec, 1.520 real sec
step2 put 0x50000201ed30
step2 get 0x50000201eec0
slave pre done
now n is 51739
step3 0x50000201ed30
processed 51739
[M::mem_process_seqs_merge2] Processed 51739 reads in 0.380 CPU sec, 7.320 real sec
step2 put 0x50000201ece0
step2 get 0x50000201ed30
[M::process] read chunk (19660800 bytes/CG x 1 CGs, 19660820 bytes)...
[M::mem_process_seqs_merge2] CPE FASTQ formatting done
step3 0x50000201ece0
slave pre done
now n is 51739
processed 51739
[M::mem_process_seqs_merge2] Processed 51739 reads in 0.230 CPU sec, 1.548 real sec
step2 put 0x50000276e800
step2 get 0x50000201ece0
[M::process] read chunk (19660800 bytes/CG x 1 CGs, 19660820 bytes)...
step3 0x50000276e800
step1 0x50000201eec0
[M::mem_process_seqs_merge2] CPE FASTQ formatting done
step1 0x50000201ed30
slave pre done
now n is 51739
slave pre done
now n is 51739
processed 51739
[M::mem_process_seqs_merge2] Processed 51739 reads in 0.530 CPU sec, 8.281 real sec
step2 put 0x50000201ece0
step2 get 0x50000201ed30
processed 51739
[M::mem_process_seqs_merge2] Processed 51739 reads in 3.750 CPU sec, 3.748 real sec
step2 put 0x50000201ece0
step2 get 0x50000201ed30
[M::process] read chunk (19660800 bytes/CG x 1 CGs, 19660820 bytes)...
[M::mem_process_seqs_merge2] CPE FASTQ formatting done
[M::mem_process_seqs_merge2] CPE FASTQ formatting done
[M::mem_process_seqs_merge2] CPE FASTQ formatting done
[M::process] read chunk (19660800 bytes/CG x 1 CGs, 19660820 bytes)...
step3 0x50000201ece0
[M::process] read chunk (19660800 bytes/CG x 1 CGs, 1836920 bytes)...
step1 0x50000201ed30
slave pre done
now n is 51739
processed 51739
[M::mem_process_seqs_merge2] Processed 51739 reads in 0.240 CPU sec, 1.520 real sec
step2 put 0x50000201ed30
step2 get 0x50000201eec0
step3 0x50000201ed30
step1 0x50000201ece0
step1 0x50000276e000
slave pre done
now n is 51739
processed 51739
[M::mem_process_seqs_merge2] Processed 51739 reads in 0.290 CPU sec, 1.540 real sec
step2 put 0x50000201ed30
step2 get 0x50000276e000
step3 0x50000201ed30
slave pre done
now n is 51739
processed 51739
[M::mem_process_seqs_merge2] Processed 51739 reads in 1.560 CPU sec, 2.938 real sec
step2 put 0x50000201eec0
step2 get 0x50000201ece0
step3 0x50000201eec0
[M::mem_process_seqs_merge2] CPE FASTQ formatting done
step3 0x50000201ece0
slave pre done
now n is 51739
processed 51739
[M::mem_process_seqs_merge2] Processed 51739 reads in 1.290 CPU sec, 3.981 real sec
step2 put 0x50000201ece0
step2 get 0x50000201ed30
[M::mem_process_seqs_merge2] CPE FASTQ formatting done
[M::mem_process_seqs_merge2] CPE FASTQ formatting done
[M::mem_process_seqs_merge2] CPE FASTQ formatting done
step3 0x50000201ece0
slave pre done
now n is 51739
processed 51739
[M::mem_process_seqs_merge2] Processed 51739 reads in 2.590 CPU sec, 6.680 real sec
step2 put 0x50000201ece0
step2 get 0x50000201ed30
[M::mem_process_seqs_merge2] CPE FASTQ formatting done
slave pre done
now n is 51739
step3 0x50000201ece0
slave pre done
now n is 51739
processed 51739
[M::mem_process_seqs_merge2] Processed 51739 reads in 2.860 CPU sec, 4.460 real sec
step2 put 0x50000201ed30
step3 0x50000201ed30
slave pre done
now n is 51739
processed 51739
[M::mem_process_seqs_merge2] Processed 51739 reads in 5.270 CPU sec, 5.285 real sec
step2 put 0x50000201eec0
[M::mem_process_seqs_merge2] CPE FASTQ formatting done
processed 51739
[M::mem_process_seqs_merge2] Processed 51739 reads in 3.820 CPU sec, 3.980 real sec
step2 put 0x50000276e000
step3 0x50000201eec0
step3 0x50000276e000
slave pre done
now n is 4834
processed 4834
[M::mem_process_seqs_merge2] Processed 4834 reads in 1.190 CPU sec, 1.450 real sec
step2 put 0x50000201ed30
step3 0x50000201ed30
slave pre done
now n is 51739
processed 51739
[M::mem_process_seqs_merge2] Processed 51739 reads in 2.570 CPU sec, 2.898 real sec
step2 put 0x50000201ed30
step3 0x50000201ed30
[MPI rank 000003/000006] input work: chunks=9 records=467301 bytes=176946912
slave pre done
now n is 51739
processed 51739
[M::mem_process_seqs_merge2] Processed 51739 reads in 2.750 CPU sec, 4.951 real sec
step2 put 0x50000201ece0
step3 0x50000201ece0
[MPI rank 000000/000006] input work: chunks=7 records=365056 bytes=137625612
[MPI rank 000001/000006] input work: chunks=9 records=467858 bytes=176947184
[MPI rank 000005/000006] input work: chunks=8 records=415564 bytes=157286844
[MPI rank 000004/000006] input work: chunks=9 records=420396 bytes=159123008

================ MPI Dynamic Scheduler Debug =================
  MPI rank: 000000 / 000006

  Work summary
    claimed chunks                                          7
    claimed from this rank's queue                          7
    claimed from another rank's queue                       0
    completed FASTQ records                            365056
    claimed input bytes                             137625612

  Scheduler counters
    scheduler_next calls                                    8
    RMA ticket attempts                                    13
    attempts against another rank's queue                   5
    tickets beyond the final chunk                          6
    empty aligned chunks                                    0

  Scheduler timing
    MPI_Win_create (setup)                       0.000181 s  (1 calls,   181.251 us/call)
    MPI_Barrier after setup                      0.000013 s  (1 calls,    12.550 us/call)
    scheduler_next total                         4.409236 s  (8 calls, 551154.519 us/call)
      RMA ticket path total                        3.960282 s  (13 calls, 304637.039 us/call)
        wait for process-local MPI mutex             0.000014 s  (13 calls,     1.042 us/call)
        MPI_Win_lock                                 0.000056 s  (13 calls,     4.300 us/call)
        MPI_Fetch_and_op                             0.000126 s  (13 calls,     9.673 us/call)
        MPI_Win_unlock                               3.957997 s  (13 calls, 304461.284 us/call)
        RMA call/unlock overhead (derived)           0.002090 s  (13 calls,   160.739 us/call)
      align nominal offsets to FASTQ records       0.448918 s  (7 calls, 64131.085 us/call)
      scheduler loop/bookkeeping (derived)         0.000037 s  (8 calls,     4.631 us/call)

  Scheduler teardown timing
    MPI_Barrier (wait for other ranks)           3.228519 s  (1 calls, 3228519.135 us/call)
    MPI_Win_free                                 0.000068 s  (1 calls,    68.150 us/call)

  Stage 2 by chunk
    completed chunks                                        7
    accumulated stage 2                             21.691167 s
    average stage 2 per chunk                        3.098738 s
    slowest chunk                                          24
    slowest chunk stage 2                            8.280647 s

    order   chunk  queue        byte range                       bytes      records   stage2(s)
        0       0      0  [           0,     19661160)     19661160        52972    2.990123
        1       6      0  [   117965124,    137625788)     19660664        52289    1.620222
        2      12      0  [   235929860,    255590524)     19660664        52289    1.649926
        3      18      0  [   353894596,    373555260)     19660664        52289    1.630034
        4      24      0  [   471859364,    491520184)     19660820        51739    8.280647
        5      30      0  [   589824284,    609485104)     19660820        51739    1.540126
        6      36      0  [   707788824,    727449644)     19660820        51739    3.980089
==============================================================

[MPI rank 000002/000006] input work: chunks=7 records=363825 bytes=137626024

================ MPI Dynamic Scheduler Debug =================
  MPI rank: 000002 / 000006

  Work summary
    claimed chunks                                          7
    claimed from this rank's queue                          7
    claimed from another rank's queue                       0
    completed FASTQ records                            363825
    claimed input bytes                             137626024

  Scheduler counters
    scheduler_next calls                                    8
    RMA ticket attempts                                    13
    attempts against another rank's queue                   5
    tickets beyond the final chunk                          6
    empty aligned chunks                                    0

  Scheduler timing
    MPI_Win_create (setup)                       0.000182 s  (1 calls,   182.301 us/call)
    MPI_Barrier after setup                      0.000011 s  (1 calls,    11.450 us/call)
    scheduler_next total                        11.950746 s  (8 calls, 1493843.246 us/call)
      RMA ticket path total                       10.810403 s  (13 calls, 831569.483 us/call)
        wait for process-local MPI mutex             3.076651 s  (13 calls, 236665.425 us/call)
        MPI_Win_lock                                 0.000063 s  (13 calls,     4.854 us/call)
        MPI_Fetch_and_op                             0.000138 s  (13 calls,    10.611 us/call)
        MPI_Win_unlock                               7.728575 s  (13 calls, 594505.790 us/call)
        RMA call/unlock overhead (derived)           0.004976 s  (13 calls,   382.802 us/call)
      align nominal offsets to FASTQ records       1.140299 s  (7 calls, 162899.849 us/call)
      scheduler loop/bookkeeping (derived)         0.000044 s  (8 calls,     5.469 us/call)

  Scheduler teardown timing
    MPI_Barrier (wait for other ranks)           0.000028 s  (1 calls,    28.100 us/call)
    MPI_Win_free                                 0.000058 s  (1 calls,    58.050 us/call)

  Stage 2 by chunk
    completed chunks                                        7
    accumulated stage 2                             21.695586 s
    average stage 2 per chunk                        3.099369 s
    slowest chunk                                          26
    slowest chunk stage 2                            7.320253 s

    order   chunk  queue        byte range                       bytes      records   stage2(s)
        0       2      2  [    39321716,     58982756)     19661040        52290    2.950176
        1       8      2  [   157286452,    176947492)     19661040        52290    1.580058
        2      14      2  [   275251564,    294912228)     19660664        52289    1.550075
        3      20      2  [   393216084,    412876904)     19660820        51739    1.490090
        4      26      2  [   511181004,    530841824)     19660820        51739    7.320253
        5      32      2  [   629145924,    648806744)     19660820        51739    1.519944
        6      38      2  [   747110464,    766771284)     19660820        51739    5.284990
==============================================================


================ MPI Dynamic Scheduler Debug =================
  MPI rank: 000003 / 000006

  Work summary
    claimed chunks                                          9
    claimed from this rank's queue                          8
    claimed from another rank's queue                       1
    completed FASTQ records                            467301
    claimed input bytes                             176946912

  Scheduler counters
    scheduler_next calls                                   10
    RMA ticket attempts                                    17
    attempts against another rank's queue                   7
    tickets beyond the final chunk                          8
    empty aligned chunks                                    0

  Scheduler timing
    MPI_Win_create (setup)                       0.000183 s  (1 calls,   183.101 us/call)
    MPI_Barrier after setup                      0.000011 s  (1 calls,    11.100 us/call)
    scheduler_next total                         6.854372 s  (10 calls, 685437.174 us/call)
      RMA ticket path total                        5.204714 s  (17 calls, 306159.653 us/call)
        wait for process-local MPI mutex             1.650806 s  (17 calls, 97106.259 us/call)
        MPI_Win_lock                                 0.000067 s  (17 calls,     3.938 us/call)
        MPI_Fetch_and_op                             0.000271 s  (17 calls,    15.941 us/call)
        MPI_Win_unlock                               3.547164 s  (17 calls, 208656.713 us/call)
        RMA call/unlock overhead (derived)           0.006406 s  (17 calls,   376.802 us/call)
      align nominal offsets to FASTQ records       1.649611 s  (9 calls, 183290.133 us/call)
      scheduler loop/bookkeeping (derived)         0.000046 s  (10 calls,     4.645 us/call)

  Scheduler teardown timing
    MPI_Barrier (wait for other ranks)           4.687000 s  (1 calls, 4687000.153 us/call)
    MPI_Win_free                                 0.000072 s  (1 calls,    72.000 us/call)

  Stage 2 by chunk
    completed chunks                                        9
    accumulated stage 2                             20.949993 s
    average stage 2 per chunk                        2.327777 s
    slowest chunk                                          47
    slowest chunk stage 2                            4.460189 s

    order   chunk  queue        byte range                       bytes      records   stage2(s)
        0       3      3  [    58982756,     78643420)     19660664        52289    2.552967
        1       9      3  [   176947492,    196608156)     19660664        52289    1.627836
        2      15      3  [   294912228,    314572892)     19660664        52289    1.659993
        3      21      3  [   412876904,    432537724)     19660820        51739    1.520087
        4      27      3  [   530841824,    550502644)     19660820        51739    2.310336
        5      33      3  [   648806744,    668467564)     19660820        51739    1.540105
        6      39      3  [   766771284,    786432104)     19660820        51739    1.530837
        7      45      3  [   884736204,    904397024)     19660820        51739    3.747643
        8      47      5  [   924057844,    943718664)     19660820        51739    4.460189
==============================================================


================ MPI Dynamic Scheduler Debug =================
  MPI rank: 000001 / 000006

  Work summary
    claimed chunks                                          9
    claimed from this rank's queue                          8
    claimed from another rank's queue                       1
    completed FASTQ records                            467858
    claimed input bytes                             176947184

  Scheduler counters
    scheduler_next calls                                   10
    RMA ticket attempts                                    16
    attempts against another rank's queue                   6
    tickets beyond the final chunk                          7
    empty aligned chunks                                    0

  Scheduler timing
    MPI_Win_create (setup)                       0.000187 s  (1 calls,   187.001 us/call)
    MPI_Barrier after setup                      0.000008 s  (1 calls,     7.900 us/call)
    scheduler_next total                         5.283712 s  (10 calls, 528371.179 us/call)
      RMA ticket path total                        2.590587 s  (16 calls, 161911.701 us/call)
        wait for process-local MPI mutex             0.000017 s  (16 calls,     1.056 us/call)
        MPI_Win_lock                                 0.000065 s  (16 calls,     4.062 us/call)
        MPI_Fetch_and_op                             0.000099 s  (16 calls,     6.206 us/call)
        MPI_Win_unlock                               2.590242 s  (16 calls, 161890.151 us/call)
        RMA call/unlock overhead (derived)           0.000164 s  (16 calls,    10.225 us/call)
      align nominal offsets to FASTQ records       2.693076 s  (9 calls, 299230.707 us/call)
      scheduler loop/bookkeeping (derived)         0.000048 s  (10 calls,     4.820 us/call)

  Scheduler teardown timing
    MPI_Barrier (wait for other ranks)           2.543657 s  (1 calls, 2543657.168 us/call)
    MPI_Win_free                                 0.000070 s  (1 calls,    69.500 us/call)

  Stage 2 by chunk
    completed chunks                                        9
    accumulated stage 2                             22.118266 s
    average stage 2 per chunk                        2.457585 s
    slowest chunk                                          25
    slowest chunk stage 2                            4.680118 s

    order   chunk  queue        byte range                       bytes      records   stage2(s)
        0       1      1  [    19661160,     39321716)     19660556        52789    2.591410
        1       7      1  [   137625788,    157286452)     19660664        52289    1.627755
        2      13      1  [   255590524,    275251564)     19661040        52290    1.620043
        3      19      1  [   373555260,    393216084)     19660824        51795    1.570098
        4      25      1  [   491520184,    511181004)     19660820        51739    4.680118
        5      31      1  [   609485104,    629145924)     19660820        51739    1.601091
        6      37      1  [   727449644,    747110464)     19660820        51739    1.548016
        7      43      1  [   845414564,    865075384)     19660820        51739    3.981214
        8      44      2  [   865075384,    884736204)     19660820        51739    2.898521
==============================================================


================ MPI Dynamic Scheduler Debug =================
  MPI rank: 000004 / 000006

  Work summary
    claimed chunks                                          9
    claimed from this rank's queue                          8
    claimed from another rank's queue                       1
    completed FASTQ records                            420396
    claimed input bytes                             159123008

  Scheduler counters
    scheduler_next calls                                   10
    RMA ticket attempts                                    17
    attempts against another rank's queue                   7
    tickets beyond the final chunk                          8
    empty aligned chunks                                    0

  Scheduler timing
    MPI_Win_create (setup)                       0.000185 s  (1 calls,   184.601 us/call)
    MPI_Barrier after setup                      0.000010 s  (1 calls,     9.650 us/call)
    scheduler_next total                         5.510593 s  (10 calls, 551059.312 us/call)
      RMA ticket path total                        3.596215 s  (17 calls, 211542.078 us/call)
        wait for process-local MPI mutex             0.000019 s  (17 calls,     1.135 us/call)
        MPI_Win_lock                                 0.000064 s  (17 calls,     3.744 us/call)
        MPI_Fetch_and_op                             0.000090 s  (17 calls,     5.297 us/call)
        MPI_Win_unlock                               3.593013 s  (17 calls, 211353.701 us/call)
        RMA call/unlock overhead (derived)           0.003029 s  (17 calls,   178.201 us/call)
      align nominal offsets to FASTQ records       1.914330 s  (9 calls, 212703.299 us/call)
      scheduler loop/bookkeeping (derived)         0.000048 s  (10 calls,     4.810 us/call)

  Scheduler teardown timing
    MPI_Barrier (wait for other ranks)           1.730639 s  (1 calls, 1730638.947 us/call)
    MPI_Win_free                                 0.000069 s  (1 calls,    69.450 us/call)

  Stage 2 by chunk
    completed chunks                                        9
    accumulated stage 2                             22.020153 s
    average stage 2 per chunk                        2.446684 s
    slowest chunk                                          46
    slowest chunk stage 2                            6.680207 s

    order   chunk  queue        byte range                       bytes      records   stage2(s)
        0       4      4  [    78643420,     98304084)     19660664        52289    2.490369
        1      10      4  [   196608156,    216268820)     19660664        52289    1.690101
        2      16      4  [   314572892,    334233932)     19661040        52290    1.630166
        3      22      4  [   432537724,    452198544)     19660820        51739    1.520131
        4      28      4  [   550502644,    570163464)     19660820        51739    3.370077
        5      34      4  [   668467564,    688128004)     19660440        51738    1.560992
        6      40      4  [   786432104,    806092924)     19660820        51739    1.628123
        7      46      4  [   904397024,    924057844)     19660820        51739    6.680207
        8      48      0  [   943718664,    945555584)      1836920         4834    1.449987
==============================================================


================ MPI Dynamic Scheduler Debug =================
  MPI rank: 000005 / 000006

  Work summary
    claimed chunks                                          8
    claimed from this rank's queue                          7
    claimed from another rank's queue                       1
    completed FASTQ records                            415564
    claimed input bytes                             157286844

  Scheduler counters
    scheduler_next calls                                    9
    RMA ticket attempts                                    15
    attempts against another rank's queue                   6
    tickets beyond the final chunk                          7
    empty aligned chunks                                    0

  Scheduler timing
    MPI_Win_create (setup)                       0.000184 s  (1 calls,   183.501 us/call)
    MPI_Barrier after setup                      0.000010 s  (1 calls,    10.450 us/call)
    scheduler_next total                         8.689015 s  (9 calls, 965446.076 us/call)
      RMA ticket path total                        6.319770 s  (15 calls, 421318.002 us/call)
        wait for process-local MPI mutex             2.586907 s  (15 calls, 172460.480 us/call)
        MPI_Win_lock                                 0.000064 s  (15 calls,     4.263 us/call)
        MPI_Fetch_and_op                             0.000184 s  (15 calls,    12.290 us/call)
        MPI_Win_unlock                               3.727372 s  (15 calls, 248491.486 us/call)
        RMA call/unlock overhead (derived)           0.005242 s  (15 calls,   349.482 us/call)
      align nominal offsets to FASTQ records       2.369195 s  (8 calls, 296149.408 us/call)
      scheduler loop/bookkeeping (derived)         0.000049 s  (9 calls,     5.489 us/call)

  Scheduler teardown timing
    MPI_Barrier (wait for other ranks)           2.139050 s  (1 calls, 2139050.316 us/call)
    MPI_Win_free                                 0.000067 s  (1 calls,    67.250 us/call)

  Stage 2 by chunk
    completed chunks                                        8
    accumulated stage 2                             22.630040 s
    average stage 2 per chunk                        2.828755 s
    slowest chunk                                          29
    slowest chunk stage 2                            6.008808 s

    order   chunk  queue        byte range                       bytes      records   stage2(s)
        0       5      5  [    98304084,    117965124)     19661040        52290    2.462490
        1      11      5  [   216268820,    235929860)     19661040        52290    1.657667
        2      17      5  [   334233932,    353894596)     19660664        52289    1.560113
        3      23      5  [   452198544,    471859364)     19660820        51739    1.531426
        4      29      5  [   570163464,    589824284)     19660820        51739    6.008808
        5      35      5  [   688128004,    707788824)     19660820        51739    1.520586
        6      41      5  [   806092924,    825753744)     19660820        51739    2.938137
        7      42      0  [   825753744,    845414564)     19660820        51739    4.950813
==============================================================


====================== SWBWA Output Debug =====================
  MPI rank: 000000 / 000006
  mode:     MPI single_unordered
  path:     correctness_results/study_final/no1/SRR7963242_SE.sam

  Output volume
    output buffer capacity                           67108864
    swbwa_output_write calls                          365056
    submitted SAM bytes                            143071271
    buffered flushes                                       3
    buffered flush bytes                           143071271
    direct oversized writes                                0
    direct oversized bytes                                 0

  Buffering
    buffered flush total                        10.603000 s  (3 calls, 3534333.442 us/call)

  Global offset reservation
    target rank                                             0
    target relationship                                 local
    reservations                                            3
    reservation total                            0.000079 s  (3 calls,    26.500 us/call)
      wait for process-local MPI mutex             0.000005 s  (3 calls,     1.616 us/call)
      MPI_Fetch_and_op                             0.000012 s  (3 calls,     4.050 us/call)
      MPI_Win_flush(target rank 0)                 0.000058 s  (3 calls,    19.450 us/call)
      reservation call/unlock overhead (derived)   0.000004 s  (3 calls,     1.383 us/call)

  MPI file writes
    MPI_File_write_at calls                                 3
    MPI_File_write_at bytes                         143071271
    MPI file-write path total                   10.602912 s  (3 calls, 3534304.142 us/call)
      wait for process-local MPI mutex             0.000002 s  (3 calls,     0.617 us/call)
      MPI_File_write_at                           10.602888 s  (3 calls, 3534296.075 us/call)
      MPI_Get_count                                0.000007 s  (3 calls,     2.467 us/call)
      file-write call/unlock overhead (derived)    0.000015 s  (3 calls,     4.983 us/call)
    MPI_File_write_at effective bandwidth          12.869 MiB/s

  Output close timing
    MPI_File_sync                                0.017175 s  (1 calls, 17174.674 us/call)
    MPI_Win_unlock_all                           0.000027 s  (1 calls,    27.100 us/call)
    MPI_Win_free                                 0.000693 s  (1 calls,   692.603 us/call)
    MPI_File_close                               0.000827 s  (1 calls,   827.304 us/call)
================================================================


================ SWBWA CPE/MPI Progress Debug ================
  MPI rank: 000000 / 000006

    phase                      waits     probes   total(s)    avg(us)    max(s)   >=1ms   >=10ms   >=100ms    >=1s  completed
    FASTQ formatting               7          7      1.347 192462.541     1.347       1        1         1       1          1
    alignment and SAM length       7       8599     10.916   1269.453     8.221       9        6         3       3          2
    SAM record generation          7         13      0.001     75.308     0.000       0        0         0       0          0
    all CPE phases                21       8619     12.264   1422.931     8.221      10        7         4       4          3

  Probes marked 'completed' returned with the CPE completion
  flag set. Their full call duration bounds the possible delay.
    completion-observing probe total              10.735909 s
    slowest completion-observing probe             8.220556 s
==============================================================


======================= SWBWA Timing Report =======================
  MPI rank: 000000 / 000006
  Accumulated wall-clock time; indented rows are included in
  their parent row and must not be added to it.

  Pipeline
    total - complete three-stage pipeline                    28.378 s
    stage 1 - allocate and read raw FASTQ blocks              9.178 s
    stage 2 - align reads and generate SAM records           21.691 s
    stage 3 - write SAM and release batch data               11.200 s
      SAM output writes                                        10.857 s
      batch cleanup and loop overhead (derived)                 0.343 s

  Stage 1 input details
    batches completed / stage calls                       7 / 8
    input-buffer and batch allocations                        0.000 s  (15 calls, max 0.000 s)
    aggregate requested allocation bytes            137633292
    FASTQ fseeko calls                                        0.135 s  (7 calls, max 0.035 s)
    FASTQ fread calls                                         4.618 s  (7 calls, max 0.951 s)
    align chunk ends to FASTQ record boundaries               0.000 s  (0 calls, max 0.000 s)
    scheduler, checks and bookkeeping (derived)               4.425 s
    raw FASTQ bytes read                            137625612  (131.250 MiB)
    effective fread bandwidth                         28.421 MiB/s
    slowest allocation                                 0.000 s  (19661844 bytes)
    slowest fread                                      0.951 s  (R1 offset=117965124, bytes=19660664)

  Stage 2 worker details
    total - active merge worker                              21.691 s
      part 1 - prepare CPE task and reusable buffers            0.755 s
      part 2 - CPE FASTQ formatting and input release           1.465 s
      part 3 - CPE alignment and SAM length pass               19.339 s
      part 4 - assign slices in the shared SAM buffer           0.026 s
      part 5 - CPE SAM record generation                        0.106 s
      part 6 - release temporary worker data                    0.000 s

  Reserved allocator timers (no active timing sites)
    malloc timer                                              0.000 s
    free timer                                                0.000 s
===================================================================


====================== SWBWA Output Debug =====================
  MPI rank: 000001 / 000006
  mode:     MPI single_unordered
  path:     correctness_results/study_final/no1/SRR7963242_SE.sam

  Output volume
    output buffer capacity                           67108864
    swbwa_output_write calls                          467858
    submitted SAM bytes                            183360225
    buffered flushes                                       3
    buffered flush bytes                           183360225
    direct oversized writes                                0
    direct oversized bytes                                 0

  Buffering
    buffered flush total                        11.263544 s  (3 calls, 3754514.763 us/call)

  Global offset reservation
    target rank                                             0
    target relationship                                remote
    reservations                                            3
    reservation total                            3.127772 s  (3 calls, 1042590.583 us/call)
      wait for process-local MPI mutex             0.000006 s  (3 calls,     2.067 us/call)
      MPI_Fetch_and_op                             0.000689 s  (3 calls,   229.568 us/call)
      MPI_Win_flush(target rank 0)                 3.127014 s  (3 calls, 1042337.848 us/call)
      reservation call/unlock overhead (derived)   0.000063 s  (3 calls,    21.100 us/call)

  MPI file writes
    MPI_File_write_at calls                                 3
    MPI_File_write_at bytes                         183360225
    MPI file-write path total                    8.135753 s  (3 calls, 2711917.780 us/call)
      wait for process-local MPI mutex             0.000002 s  (3 calls,     0.783 us/call)
      MPI_File_write_at                            8.127006 s  (3 calls, 2709001.884 us/call)
      MPI_Get_count                                0.000009 s  (3 calls,     2.867 us/call)
      file-write call/unlock overhead (derived)    0.008737 s  (3 calls,  2912.246 us/call)
    MPI_File_write_at effective bandwidth          21.517 MiB/s

  Output close timing
    MPI_File_sync                                0.014839 s  (1 calls, 14839.464 us/call)
    MPI_Win_unlock_all                           0.000013 s  (1 calls,    13.400 us/call)
    MPI_Win_free                                 0.003817 s  (1 calls,  3816.867 us/call)
    MPI_File_close                               0.000598 s  (1 calls,   598.103 us/call)
================================================================


================ SWBWA CPE/MPI Progress Debug ================
  MPI rank: 000001 / 000006

    phase                      waits     probes   total(s)    avg(us)    max(s)   >=1ms   >=10ms   >=100ms    >=1s  completed
    FASTQ formatting               9         10      1.402 140153.877     1.401       1        1         1       1          2
    alignment and SAM length       9      10772      9.741    904.304     4.620       4        4         4       4          2
    SAM record generation          9         18      0.002    122.253     0.001       1        0         0       0          0
    all CPE phases                27      10800     11.145   1031.935     4.620       6        5         5       5          4

  Probes marked 'completed' returned with the CPE completion
  flag set. Their full call duration bounds the possible delay.
    completion-observing probe total               8.841032 s
    slowest completion-observing probe             4.619676 s
==============================================================


======================= SWBWA Timing Report =======================
  MPI rank: 000001 / 000006
  Accumulated wall-clock time; indented rows are included in
  their parent row and must not be added to it.

  Pipeline
    total - complete three-stage pipeline                    28.378 s
    stage 1 - allocate and read raw FASTQ blocks             10.142 s
    stage 2 - align reads and generate SAM records           22.118 s
    stage 3 - write SA
====================== SWBWA Output Debug =====================
  MPI rank: 000002 / 000006
  mode:     MPI single_unordered
  path:     correctness_results/study_final/no1/SRR7963242_SE.sam

  Output volume
    output buffer capacity                           67108864
    swbwa_output_write calls                          363825
    submitted SAM bytes                            142590935
    buffered flushes                                       3
    buffered flush bytes                           142590935
    direct oversized writes                                0
    direct oversized bytes                                 0

  Buffering
    buffered flush total                        12.854756 s  (3 calls, 4284918.511 us/call)

  Global offset reservation
    target rank                                             0
    target relationship                                remote
    reservations                                            3
    reservation total                            2.405456 s  (3 calls, 801818.690 us/call)
      wait for process-local MPI mutex             2.402126 s  (3 calls, 800708.602 us/call)
      MPI_Fetch_and_op                             0.000080 s  (3 calls,    26.633 us/call)
      MPI_Win_flush(target rank 0)                 0.003244 s  (3 calls,  1081.455 us/call)
      reservation call/unlock overhead (derived)   0.000006 s  (3 calls,     2.000 us/call)

  MPI file writes
    MPI_File_write_at calls                                 3
    MPI_File_write_at bytes                         142590935
    MPI file-write path total                   10.449286 s  (3 calls, 3483095.370 us/call)
      wait for process-local MPI mutex             0.000002 s  (3 calls,     0.666 us/call)
      MPI_File_write_at                           10.445298 s  (3 calls, 3481766.165 us/call)
      MPI_Get_count                                0.000009 s  (3 calls,     2.933 us/call)
      file-write call/unlock overhead (derived)    0.003977 s  (3 calls,  1325.606 us/call)
    MPI_File_write_at effective bandwidth          13.019 MiB/s

  Output close timing
    MPI_File_sync                                0.015500 s  (1 calls, 15499.717 us/call)
    MPI_Win_unlock_all                           0.000014 s  (1 calls,    14.250 us/call)
    MPI_Win_free                                 0.002509 s  (1 calls,  2508.611 us/call)
    MPI_File_close                               0.000762 s  (1 calls,   762.303 us/call)
================================================================


================ SWBWA CPE/MPI Progress Debug ================
  MPI rank: 000002 / 000006

    phase                      waits     probes   total(s)    avg(us)    max(s)   >=1ms   >=10ms   >=100ms    >=1s  completed
    FASTQ formatting               7          8      1.390 173796.553     1.390       1        1         1       1          1
    alignment and SAM length       7       8652      9.990   1154.630     7.255       2        2         2       2          2
    SAM record generation          7         13      1.166  89674.661     1.165       1        1         1       1          1
    all CPE phases                21       8673     12.546   1446.558     7.255       4        4         4       4          4

  Probes marked 'completed' returned with the CPE completion
  flag set. Their full call duration bounds the possible delay.
    completion-observing probe total              12.481180 s
    slowest completion-observing probe             7.254910 s
==============================================================


======================= SWBWA Timing Report =======================
  MPI rank: 000002 / 000006
  Accumulated wall-clock time; indented rows are included in
  their parent row and must not be added to it.

  Pipeline
    total - complete three-stage pipeline                    28.378 s
    stage 1 - allocate and read raw FASTQ blocks             16.491 s
    stage 2 - align reads and generate SAM records           21.696 s
    stage 3 - write SAM M and release batch data                9.284 s
      SAM output writes                                         8.969 s
      batch cleanup and loop overhead (derived)                 0.315 s

  Stage 1 input details
    batches completed / stage calls                       9 / 10
    input-buffer and batch allocations                        0.000 s  (19 calls, max 0.000 s)
    aggregate requested allocation bytes            176957040
    FASTQ fseeko calls                                        0.123 s  (9 calls, max 0.035 s)
    FASTQ fread calls                                         4.733 s  (9 calls, max 0.911 s)
    align chunk ends to FASTQ record boundaries               0.000 s  (0 calls, max 0.000 s)
    scheduler, checks and bookkeeping (derived)               5.285 s
    raw FASTQ bytes read                            176947184  (168.750 MiB)
    effective fread bandwidth                         35.651 MiB/s
    slowest allocation                                 0.000 s  (19662064 bytes)
    slowest fread                                      0.911 s  (R1 offset=137625788, bytes=19660664)

  Stage 2 worker details
    total - active merge worker                              22.116 s
      part 1 - prepare CPE task and reusable buffers            0.808 s
      part 2 - CPE FASTQ formatting and input release           1.471 s
      part 3 - CPE alignment and SAM length pass               19.648 s
      part 4 - assign slices in the shared SAM buffer           0.033 s
      part 5 - CPE SAM record generation                        0.154 s
      part 6 - release temporary worker data                    0.000 s

  Reserved allocator timers (no active timing sites)
    malloc timer                                              0.000 s
    free timer                                                0.000 s
===================================================================

and release batch data               13.494 s
      SAM output writes                                        13.249 s
      batch cleanup and loop overhead (derived)                 0.245 s

  Stage 1 input details
    batches completed / stage calls                       7 / 8
    input-buffer and batch allocations                        0.000 s  (15 calls, max 0.000 s)
    aggregate requested allocation bytes            137633704
    FASTQ fseeko calls                                        0.098 s  (7 calls, max 0.025 s)
    FASTQ fread calls                                         4.423 s  (7 calls, max 0.900 s)
    align chunk ends to FASTQ record boundaries               0.000 s  (0 calls, max 0.000 s)
    scheduler, checks and bookkeeping (derived)              11.970 s
    raw FASTQ bytes read                            137626024  (131.250 MiB)
    effective fread bandwidth                         29.675 MiB/s
    slowest allocation                                 0.000 s  (19661844 bytes)
    slowest fread                                      0.900 s  (R1 offset=157286452, bytes=19661040)

  Stage 2 worker details
    total - active merge worker                              21.695 s
      part 1 - prepare CPE task and reusable buffers            0.967 s
      part 2 - CPE FASTQ formatting and input release           1.486 s
      part 3 - CPE alignment and SAM length pass               17.953 s
      part 4 - assign slices in the shared SAM buffer           0.025 s
      part 5 - CPE SAM record generation                        1.263 s
      part 6 - release temporary worker data                    0.000 s

  Reserved allocator timers (no active timing sites)
    malloc timer                                              0.000 s
    free timer                                                0.000 s
===================================================================


====================== SWBWA Output Debug =====================
  MPI rank: 000003 / 000006
  mode:     MPI single_unordered
  path:     correctness_results/study_final/no1/SRR7963242_SE.sam

  Output volume
    output buffer capacity                           67108864
    swbwa_output_write calls                          467301
    submitted SAM bytes                            183055113
    buffered flushes                                       3
    buffered flush bytes                           183055113
    direct oversized writes                                0
    direct oversized bytes                                 0

  Buffering
    buffered flush total                         9.475498 s  (3 calls, 3158499.348 us/call)

  Global offset reservation
    target rank                                             0
    target relationship                                remote
    reservations                                            3
    reservation total                            3.601665 s  (3 calls, 1200554.900 us/call)
      wait for process-local MPI mutex             0.750637 s  (3 calls, 250212.234 us/call)
      MPI_Fetch_and_op                             0.000184 s  (3 calls,    61.184 us/call)
      MPI_Win_flush(target rank 0)                 2.846611 s  (3 calls, 948870.177 us/call)
      reservation call/unlock overhead (derived)   0.004234 s  (3 calls,  1411.306 us/call)

  MPI file writes
    MPI_File_write_at calls                                 3
    MPI_File_write_at bytes                         183055113
    MPI file-write path total                    5.873816 s  (3 calls, 1957938.648 us/call)
      wait for process-local MPI mutex             0.000003 s  (3 calls,     1.167 us/call)
      MPI_File_write_at                            5.859593 s  (3 calls, 1953197.627 us/call)
      MPI_Get_count                                0.000007 s  (3 calls,     2.467 us/call)
      file-write call/unlock overhead (derived)    0.014212 s  (3 calls,  4737.387 us/call)
    MPI_File_write_at effective bandwidth          29.793 MiB/s

  Output close timing
    MPI_File_sync                                0.016051 s  (1 calls, 16050.870 us/call)
    MPI_Win_unlock_all                           0.000028 s  (1 calls,    28.100 us/call)
    MPI_Win_free                                 0.001937 s  (1 calls,  1937.308 us/call)
    MPI_File_close                               0.000779 s  (1 calls,   779.003 us/call)
================================================================


================ SWBWA CPE/MPI Progress Debug ================
  MPI rank: 000003 / 000006

    phase                      waits     probes   total(s)    avg(us)    max(s)   >=1ms   >=10ms   >=100ms    >=1s  completed
    FASTQ formatting               9          9      2.913 323668.196     2.913       1        1         1       1          1
    alignment and SAM length       9      10243      7.460    728.324     3.695       4        3         3       3          2
    SAM record generation          9         16      0.001     71.210     0.000       0        0         0       0          0
    all CPE phases                27      10268     10.374   1010.360     3.695       5        4         4       4          3

  Probes marked 'completed' returned with the CPE completion
  flag set. Their full call duration bounds the possible delay.
    completion-observing probe total               8.853611 s
    slowest completion-observing probe             3.694656 s
==============================================================


======================= SWBWA Timing Report =======================
  MPI rank: 000003 / 000006
  Accumulated wall-clock time; indented rows are included in
  their parent row and must not be added to it.

  Pipeline
    total - complete three-stage pipeline                    28.378 s
    stage 1 - allocate and read raw FASTQ blocks             11.483 s
    stage 2 - align reads and generate SAM records           20.950 s
    stage 3 - write SA
====================== SWBWA Output Debug =====================
  MPI rank: 000004 / 000006
  mode:     MPI single_unordered
  path:     correctness_results/study_final/no1/SRR7963242_SE.sam

  Output volume
    output buffer capacity                           67108864
    swbwa_output_write calls                          420396
    submitted SAM bytes                            164689322
    buffered flushes                                       3
    buffered flush bytes                           164689322
    direct oversized writes                                0
    direct oversized bytes                                 0

  Buffering
    buffered flush total                        13.592561 s  (3 calls, 4530853.775 us/call)

  Global offset reservation
    target rank                                             0
    target relationship                                remote
    reservations                                            3
    reservation total                            4.564828 s  (3 calls, 1521609.258 us/call)
      wait for process-local MPI mutex             2.361706 s  (3 calls, 787235.426 us/call)
      MPI_Fetch_and_op                             0.000127 s  (3 calls,    42.434 us/call)
      MPI_Win_flush(target rank 0)                 2.202944 s  (3 calls, 734314.764 us/call)
      reservation call/unlock overhead (derived)   0.000050 s  (3 calls,    16.633 us/call)

  MPI file writes
    MPI_File_write_at calls                                 3
    MPI_File_write_at bytes                         164689322
    MPI file-write path total                    9.027722 s  (3 calls, 3009240.568 us/call)
      wait for process-local MPI mutex             0.000002 s  (3 calls,     0.667 us/call)
      MPI_File_write_at                            9.023614 s  (3 calls, 3007871.428 us/call)
      MPI_Get_count                                0.000008 s  (3 calls,     2.767 us/call)
      file-write call/unlock overhead (derived)    0.004097 s  (3 calls,  1365.706 us/call)
    MPI_File_write_at effective bandwidth          17.405 MiB/s

  Output close timing
    MPI_File_sync                                0.017661 s  (1 calls, 17660.877 us/call)
    MPI_Win_unlock_all                           0.000032 s  (1 calls,    32.500 us/call)
    MPI_Win_free                                 0.000053 s  (1 calls,    53.350 us/call)
    MPI_File_close                               0.011020 s  (1 calls, 11019.798 us/call)
================================================================


================ SWBWA CPE/MPI Progress Debug ================
  MPI rank: 000004 / 000006

    phase                      waits     probes   total(s)    avg(us)    max(s)   >=1ms   >=10ms   >=100ms    >=1s  completed
    FASTQ formatting               9         10      3.567 356675.845     2.404       2        2         2       2          2
    alignment and SAM length       9       9930      7.633    768.702     4.220       2        2         2       2          2
    SAM record generation          9         16      0.001     67.763     0.000       0        0         0       0          0
    all CPE phases                27       9956     11.201   1125.055     4.220       4        4         4       4          4

  Probes marked 'completed' returned with the CPE completion
  flag set. Their full call duration bounds the possible delay.
    completion-observing probe total              11.095712 s
    slowest completion-observing probe             4.220203 s
==============================================================


======================= SWBWA Timing Report =======================
  MPI rank: 000004 / 000006
  Accumulated wall-clock time; indented rows are included in
  their parent row and must not be added to it.

  Pipeline
    total - complete three-stage pipeline                    28.378 s
    stage 1 - allocate and read raw FASTQ blocks             10.081 s
    stage 2 - align reads and generate SAM records           22.020 s
    stage 3 - write SAM and release batch data                8.640 s
      SAM output writes                                         8.215 s
      batch cleanup and loop overhead (derived)                 0.426 s

  Stage 1 input details
    batches completed / stage calls                       9 / 10
    input-buffer and batch allocations                        0.000 s  (19 calls, max 0.000 s)
    aggregate requested allocation bytes            176956768
    FASTQ fseeko calls                                        0.136 s  (9 calls, max 0.035 s)
    FASTQ fread calls                                         4.488 s  (9 calls, max 0.849 s)
    align chunk ends to FASTQ record boundaries               0.000 s  (0 calls, max 0.000 s)
    scheduler, checks and bookkeeping (derived)               6.858 s
    raw FASTQ bytes read                            176946912  (168.750 MiB)
    effective fread bandwidth                         37.598 MiB/s
    slowest allocation                                 0.000 s  (64 bytes)
    slowest fread                                      0.849 s  (R1 offset=176947492, bytes=19660664)

  Stage 2 worker details
    total - active merge worker                              20.948 s
      part 1 - prepare CPE task and reusable buffers            0.790 s
      part 2 - CPE FASTQ formatting and input release           3.035 s
      part 3 - CPE alignment and SAM length pass               16.954 s
      part 4 - assign slices in the shared SAM buffer           0.035 s
      part 5 - CPE SAM record generation                        0.132 s
      part 6 - release temporary worker data                    0.000 s

  Reserved allocator timers (no active timing sites)
    malloc timer                                              0.000 s
    free timer                                                0.000 s
===================================================================

M and release batch data               10.663 s
      SAM output writes                                        10.386 s
      batch cleanup and loop overhead (derived)                 0.277 s

  Stage 1 input details
    batches completed / stage calls                       9 / 10
    input-buffer and batch allocations                        0.000 s  (19 calls, max 0.000 s)
    aggregate requested allocation bytes            159132864
    FASTQ fseeko calls                                        0.098 s  (9 calls, max 0.019 s)
    FASTQ fread calls                                         4.470 s  (9 calls, max 0.918 s)
    align chunk ends to FASTQ record boundaries               0.000 s  (0 calls, max 0.000 s)
    scheduler, checks and bookkeeping (derived)               5.512 s
    raw FASTQ bytes read                            159123008  (151.752 MiB)
    effective fread bandwidth                         33.946 MiB/s
    slowest allocation                                 0.000 s  (19661464 bytes)
    slowest fread                                      0.918 s  (R1 offset=668467564, bytes=19660440)

  Stage 2 worker details
    total - active merge worker                              22.019 s
      part 1 - prepare CPE task and reusable buffers            0.748 s
      part 2 - CPE FASTQ formatting and input release           3.670 s
      part 3 - CPE alignment and SAM length pass               17.439 s
      part 4 - assign slices in the shared SAM buffer           0.029 s
      part 5 - CPE SAM record generation                        0.131 s
      part 6 - release temporary worker data                    0.001 s

  Reserved allocator timers (no active timing sites)
    malloc timer                                              0.000 s
    free timer                                                0.000 s
===================================================================


====================== SWBWA Output Debug =====================
  MPI rank: 000005 / 000006
  mode:     MPI single_unordered
  path:     correctness_results/study_final/no1/SRR7963242_SE.sam

  Output volume
    output buffer capacity                           67108864
    swbwa_output_write calls                          415564
    submitted SAM bytes                            162746164
    buffered flushes                                       3
    buffered flush bytes                           162746164
    direct oversized writes                                0
    direct oversized bytes                                 0

  Buffering
    buffered flush total                        12.241665 s  (3 calls, 4080555.075 us/call)

  Global offset reservation
    target rank                                             0
    target relationship                                remote
    reservations                                            3
    reservation total                            2.625091 s  (3 calls, 875030.357 us/call)
      wait for process-local MPI mutex             1.239778 s  (3 calls, 413259.390 us/call)
      MPI_Fetch_and_op                             0.000123 s  (3 calls,    40.850 us/call)
      MPI_Win_flush(target rank 0)                 1.385154 s  (3 calls, 461717.850 us/call)
      reservation call/unlock overhead (derived)   0.000037 s  (3 calls,    12.267 us/call)

  MPI file writes
    MPI_File_write_at calls                                 3
    MPI_File_write_at bytes                         162746164
    MPI file-write path total                    9.616561 s  (3 calls, 3205520.435 us/call)
      wait for process-local MPI mutex             0.000002 s  (3 calls,     0.800 us/call)
      MPI_File_write_at                            9.612298 s  (3 calls, 3204099.262 us/call)
      MPI_Get_count                                0.000008 s  (3 calls,     2.600 us/call)
      file-write call/unlock overhead (derived)    0.004253 s  (3 calls,  1417.772 us/call)
    MPI_File_write_at effective bandwidth          16.147 MiB/s

  Output close timing
    MPI_File_sync                                0.015489 s  (1 calls, 15489.068 us/call)
    MPI_Win_unlock_all                           0.000016 s  (1 calls,    15.600 us/call)
    MPI_Win_free                                 0.003094 s  (1 calls,  3093.963 us/call)
    MPI_File_close                               0.000653 s  (1 calls,   652.753 us/call)
================================================================


================ SWBWA CPE/MPI Progress Debug ================
  MPI rank: 000005 / 000006

    phase                      waits     probes   total(s)    avg(us)    max(s)   >=1ms   >=10ms   >=100ms    >=1s  completed
    FASTQ formatting               8          8      2.682 335224.864     1.382       2        2         2       2          2
    alignment and SAM length       8      10407      9.605    922.954     5.943       3        2         2       2          2
    SAM record generation          8         13      0.001     62.400     0.000       0        0         0       0          0
    all CPE phases                24      10428     12.288   1178.346     5.943       5        4         4       4          4

  Probes marked 'completed' returned with the CPE completion
  flag set. Their full call duration bounds the possible delay.
    completion-observing probe total              12.214491 s
    slowest completion-observing probe             5.942525 s
==============================================================


======================= SWBWA Timing Report =======================
  MPI rank: 000005 / 000006
  Accumulated wall-clock time; indented rows are included in
  their parent row and must not be added to it.

  Pipeline
    total - complete three-stage pipeline                    28.378 s
    stage 1 - allocate and read raw FASTQ blocks             13.597 s
    stage 2 - align reads and generate SAM records           22.630 s
    stage 3 - write SAM and release batch data               10.588 s
      SAM output writes                                        10.319 s
      batch cleanup and loop overhead (derived)                 0.269 s

  Stage 1 input details
    batches completed / stage calls                       8 / 9
    input-buffer and batch allocations                        0.000 s  (17 calls, max 0.000 s)
    aggregate requested allocation bytes            157295612
    FASTQ fseeko calls                                        0.087 s  (8 calls, max 0.022 s)
    FASTQ fread calls                                         4.819 s  (8 calls, max 0.750 s)
    align chunk ends to FASTQ record boundaries               0.000 s  (0 calls, max 0.000 s)
    scheduler, checks and bookkeeping (derived)               8.691 s
    raw FASTQ bytes read                            157286844  (150.000 MiB)
    effective fread bandwidth                         31.128 MiB/s
    slowest allocation                                 0.000 s  (19661844 bytes)
    slowest fread                                      0.750 s  (R1 offset=334233932, bytes=19660664)

  Stage 2 worker details
    total - active merge worker                              22.629 s
      part 1 - prepare CPE task and reusable buffers            0.838 s
      part 2 - CPE FASTQ formatting and input release           2.759 s
      part 3 - CPE alignment and SAM length pass               18.882 s
      part 4 - assign slices in the shared SAM buffer           0.029 s
      part 5 - CPE SAM record generation                        0.119 s
      part 6 - release temporary worker data                    0.000 s

  Reserved allocator timers (no active timing sites)
    malloc timer                                              0.000 s
    free timer                                                0.000 s
===================================================================

[main] Version: 0.0.1
[main] CMD: ./SWBWA mem -v 4 -t 1 -o correctness_results/study_final/no1/SRR7963242_SE.sam -I 170,80,500,1 ../../../data/GRCh38.d1.vd1.fa ../../../data/SRR7963242_1.fastq_1
