[M::main_mem] mean insert size: 170.000, stddev: 80.000, max: 500, min: 1
[CPE input] bytes_per_cg=19660800 cg_count=6 chunk_bytes=117964800 file_bytes=3536060312
malloc bwt->bwt 3107576584, 0x580000486040
malloc bwt->sa 1553788264, 0x5800b9823b60
[M::bwa_idx_load_from_disk] read 0 ALT contigs
malloc pac 776894131, 0x580116285940
the input file is ../data/bwa_test_big_data/SRR2496709_1.fastq
the input file is ../data/bwa_test_big_data/SRR2496709_2.fastq
the output file is correctness_results/cpe_bigdata_opt_20260825/no1/SRR2496709_PE.sam
[M::process] read chunk (19660800 bytes/CG x 6 CGs, 117964800 bytes)...
[DBG stage1] slow fread: R1 offset=0 requested=117964800 read=117964800 elapsed=36.089 s
[DBG stage1] slow fread: R2 offset=0 requested=117964800 read=117964800 elapsed=10.887 s
step1 0x5800000048f0
[M::process] read chunk (19660800 bytes/CG x 6 CGs, 117964800 bytes)...
step2 get 0x5800000048f0
[M::swbwa_cross_runtime_init] initialized cross-segment runtime in 0.105 sec
start swbwa_cross_run
[M::mem_process_seqs_merge2] CPE FASTQ formatting done
start swbwa_cross_run
slave pre done
now n is 858032
start swbwa_cross_run
processed 858032
[M::mem_process_seqs_merge2] Processed 858032 reads in 0.310 CPU sec, 2.121 real sec
step2 put 0x5800000048f0
step3 0x5800000048f0
[DBG stage1] slow fread: R1 offset=117963996 requested=117964800 read=117964800 elapsed=34.287 s
[DBG stage1] slow fread: R2 offset=117963996 requested=117964800 read=117964800 elapsed=17.897 s
step1 0x580000004a30
[M::process] read chunk (19660800 bytes/CG x 6 CGs, 117964800 bytes)...
step2 get 0x580000004a30
start swbwa_cross_run
[M::mem_process_seqs_merge2] CPE FASTQ formatting done
start swbwa_cross_run
[DBG stage1] slow fread: R1 offset=235927776 requested=117964800 read=117964800 elapsed=1.778 s
slave pre done
now n is 854810
start swbwa_cross_run
processed 854810
[M::mem_process_seqs_merge2] Processed 854810 reads in 0.510 CPU sec, 2.011 real sec
step2 put 0x580000004a30
step3 0x580000004a30
[DBG stage1] slow fread: R2 offset=235927776 requested=117964800 read=117964800 elapsed=1.632 s
step1 0x580000006100
[M::process] read chunk (19660800 bytes/CG x 6 CGs, 117964800 bytes)...
step2 get 0x580000006100
start swbwa_cross_run
[M::mem_process_seqs_merge2] CPE FASTQ formatting done
start swbwa_cross_run
[DBG stage1] slow fread: R1 offset=353891744 requested=117964800 read=117964800 elapsed=1.943 s
slave pre done
now n is 846702
start swbwa_cross_run
processed 846702
[M::mem_process_seqs_merge2] Processed 846702 reads in 1.470 CPU sec, 3.141 real sec
step2 put 0x580000006100
[DBG stage1] slow fread: R2 offset=353891744 requested=117964800 read=117964800 elapsed=1.904 s
step1 0x5800000048f0
[M::process] read chunk (19660800 bytes/CG x 6 CGs, 117964800 bytes)...
step2 get 0x5800000048f0
start swbwa_cross_run
[M::mem_process_seqs_merge2] CPE FASTQ formatting done
start swbwa_cross_run
slave pre done
now n is 842600
start swbwa_cross_run
processed 842600
[M::mem_process_seqs_merge2] Processed 842600 reads in 0.910 CPU sec, 2.071 real sec
step2 put 0x5800000048f0
step3 0x580000006100
[DBG stage1] slow fread: R1 offset=471855744 requested=117964800 read=117964800 elapsed=7.880 s
step3 0x5800000048f0
[DBG stage1] slow fread: R2 offset=471855744 requested=117964800 read=117964800 elapsed=37.925 s
step1 0x580000006150
[M::process] read chunk (19660800 bytes/CG x 6 CGs, 117964800 bytes)...
step2 get 0x580000006150
start swbwa_cross_run
[M::mem_process_seqs_merge2] CPE FASTQ formatting done
start swbwa_cross_run
slave pre done
now n is 842600
start swbwa_cross_run
processed 842600
[M::mem_process_seqs_merge2] Processed 842600 reads in 0.370 CPU sec, 3.100 real sec
step2 put 0x580000006150
step3 0x580000006150
[DBG stage1] slow fread: R1 offset=589819744 requested=117964800 read=117964800 elapsed=12.722 s
[DBG stage1] slow fread: R2 offset=589819744 requested=117964800 read=117964800 elapsed=31.908 s
step1 0x580000006100
[M::process] read chunk (19660800 bytes/CG x 6 CGs, 117964800 bytes)...
step2 get 0x580000006100
start swbwa_cross_run
[M::mem_process_seqs_merge2] CPE FASTQ formatting done
start swbwa_cross_run
slave pre done
now n is 842600
start swbwa_cross_run
[DBG stage1] slow fread: R1 offset=707783744 requested=117964800 read=117964800 elapsed=2.208 s
processed 842600
[M::mem_process_seqs_merge2] Processed 842600 reads in 0.530 CPU sec, 2.210 real sec
step2 put 0x580000006100
step3 0x580000006100
[DBG stage1] slow fread: R2 offset=707783744 requested=117964800 read=117964800 elapsed=1.758 s
step1 0x5800000048f0
[M::process] read chunk (19660800 bytes/CG x 6 CGs, 117964800 bytes)...
step2 get 0x5800000048f0
start swbwa_cross_run
[M::mem_process_seqs_merge2] CPE FASTQ formatting done
start swbwa_cross_run
slave pre done
now n is 842600
start swbwa_cross_run
processed 842600
[M::mem_process_seqs_merge2] Processed 842600 reads in 0.710 CPU sec, 1.891 real sec
step2 put 0x5800000048f0
[DBG stage1] slow fread: R1 offset=825747744 requested=117964800 read=117964800 elapsed=2.189 s
[DBG stage1] slow fread: R2 offset=825747744 requested=117964800 read=117964800 elapsed=1.555 s
step1 0x580000006150
[M::process] read chunk (19660800 bytes/CG x 6 CGs, 117964800 bytes)...
step2 get 0x580000006150
start swbwa_cross_run
[M::mem_process_seqs_merge2] CPE FASTQ formatting done
start swbwa_cross_run
slave pre done
now n is 842600
start swbwa_cross_run
processed 842600
[M::mem_process_seqs_merge2] Processed 842600 reads in 1.070 CPU sec, 2.211 real sec
step2 put 0x580000006150
[DBG stage1] slow fread: R1 offset=943711744 requested=117964800 read=117964800 elapsed=2.337 s
step3 0x5800000048f0
[DBG stage1] slow fread: R2 offset=943711744 requested=117964800 read=117964800 elapsed=1.792 s
step1 0x580000004a30
step2 get 0x580000004a30
[M::process] read chunk (19660800 bytes/CG x 6 CGs, 117964800 bytes)...
start swbwa_cross_run
[M::mem_process_seqs_merge2] CPE FASTQ formatting done
start swbwa_cross_run
[DBG stage1] slow fread: R1 offset=1061675744 requested=117964800 read=117964800 elapsed=2.204 s
slave pre done
now n is 842600
start swbwa_cross_run
processed 842600
[M::mem_process_seqs_merge2] Processed 842600 reads in 1.280 CPU sec, 2.691 real sec
step2 put 0x580000004a30
[DBG stage1] slow fread: R2 offset=1061675744 requested=117964800 read=117964800 elapsed=1.841 s
step1 0x580000006100
[M::process] read chunk (19660800 bytes/CG x 6 CGs, 117964800 bytes)...
step2 get 0x580000006100
start swbwa_cross_run
[M::mem_process_seqs_merge2] CPE FASTQ formatting done
start swbwa_cross_run
slave pre done
now n is 842600
start swbwa_cross_run
step3 0x580000006150
processed 842600
[M::mem_process_seqs_merge2] Processed 842600 reads in 1.010 CPU sec, 2.350 real sec
step2 put 0x580000006100
[DBG stage1] slow fread: R1 offset=1179639744 requested=117964800 read=117964800 elapsed=2.515 s
[DBG stage1] slow fread: R2 offset=1179639744 requested=117964800 read=117964800 elapsed=1.743 s
step1 0x5800000061a0
[M::process] read chunk (19660800 bytes/CG x 6 CGs, 117964800 bytes)...
step2 get 0x5800000061a0
start swbwa_cross_run
[M::mem_process_seqs_merge2] CPE FASTQ formatting done
start swbwa_cross_run
slave pre done
now n is 842600
start swbwa_cross_run
processed 842600
[M::mem_process_seqs_merge2] Processed 842600 reads in 0.890 CPU sec, 1.860 real sec
step2 put 0x5800000061a0
[DBG stage1] slow fread: R1 offset=1297603744 requested=117964800 read=117964800 elapsed=2.399 s
[DBG stage1] slow fread: R2 offset=1297603744 requested=117964800 read=117964800 elapsed=2.711 s
step1 0x5800000048f0
[M::process] read chunk (19660800 bytes/CG x 6 CGs, 117964800 bytes)...
step2 get 0x5800000048f0
start swbwa_cross_run
[M::mem_process_seqs_merge2] CPE FASTQ formatting done
start swbwa_cross_run
slave pre done
now n is 842600
start swbwa_cross_run
processed 842600
[M::mem_process_seqs_merge2] Processed 842600 reads in 1.090 CPU sec, 2.300 real sec
step2 put 0x5800000048f0
[DBG stage1] slow fread: R1 offset=1415567744 requested=117964800 read=117964800 elapsed=2.469 s
step3 0x580000004a30
[DBG stage1] slow fread: R2 offset=1415567744 requested=117964800 read=117964800 elapsed=1.641 s
step1 0x5800000061f0
[M::process] read chunk (19660800 bytes/CG x 6 CGs, 117964800 bytes)...
step2 get 0x5800000061f0
start swbwa_cross_run
[M::mem_process_seqs_merge2] CPE FASTQ formatting done
start swbwa_cross_run
slave pre done
now n is 842600
start swbwa_cross_run
processed 842600
[M::mem_process_seqs_merge2] Processed 842600 reads in 1.050 CPU sec, 1.860 real sec
step2 put 0x5800000061f0
[DBG stage1] slow fread: R1 offset=1533531744 requested=117964800 read=117964800 elapsed=2.370 s
[DBG stage1] slow fread: R2 offset=1533531744 requested=117964800 read=117964800 elapsed=1.639 s
step1 0x580000006240
[M::process] read chunk (19660800 bytes/CG x 6 CGs, 117964800 bytes)...
step2 get 0x580000006240
[DBG stage1] slow fread: R1 offset=1651495744 requested=117964800 read=117964800 elapsed=1.545 s
step3 0x580000006100
start swbwa_cross_run
[M::mem_process_seqs_merge2] CPE FASTQ formatting done
start swbwa_cross_run
[DBG stage1] slow fread: R2 offset=1651495744 requested=117964800 read=117964800 elapsed=2.817 s
step1 0x580000006150
[M::process] read chunk (19660800 bytes/CG x 6 CGs, 117964800 bytes)...
slave pre done
now n is 842600
start swbwa_cross_run
processed 842600
[M::mem_process_seqs_merge2] Processed 842600 reads in 1.370 CPU sec, 3.421 real sec
step2 put 0x580000006240
step2 get 0x580000006150
step3 0x5800000061a0
start swbwa_cross_run
[M::mem_process_seqs_merge2] CPE FASTQ formatting done
start swbwa_cross_run
slave pre done
now n is 842600
start swbwa_cross_run
processed 842600
[M::mem_process_seqs_merge2] Processed 842600 reads in 1.040 CPU sec, 3.271 real sec
step2 put 0x580000006150
step3 0x5800000048f0
step3 0x5800000061f0
step3 0x580000006240
step3 0x580000006150
[DBG stage1] slow fread: R1 offset=1769459744 requested=117964800 read=117964800 elapsed=43.691 s
[DBG stage1] slow fread: R2 offset=1769459744 requested=117964800 read=117964800 elapsed=3.212 s
step1 0x580000004a30
[M::process] read chunk (19660800 bytes/CG x 6 CGs, 117964800 bytes)...
step2 get 0x580000004a30
start swbwa_cross_run
[M::mem_process_seqs_merge2] CPE FASTQ formatting done
start swbwa_cross_run
[DBG stage1] slow fread: R1 offset=1887423744 requested=117964800 read=117964800 elapsed=1.800 s
slave pre done
now n is 842600
start swbwa_cross_run
processed 842600
[M::mem_process_seqs_merge2] Processed 842600 reads in 0.530 CPU sec, 2.642 real sec
step2 put 0x580000004a30
step3 0x580000004a30
[DBG stage1] slow fread: R2 offset=1887423744 requested=117964800 read=117964800 elapsed=1.724 s
step1 0x580000006240
[M::process] read chunk (19660800 bytes/CG x 6 CGs, 117964800 bytes)...
step2 get 0x580000006240
start swbwa_cross_run
[M::mem_process_seqs_merge2] CPE FASTQ formatting done
start swbwa_cross_run
[DBG stage1] slow fread: R1 offset=2005387744 requested=117964800 read=117964800 elapsed=2.296 s
slave pre done
now n is 842600
start swbwa_cross_run
processed 842600
[M::mem_process_seqs_merge2] Processed 842600 reads in 1.500 CPU sec, 3.240 real sec
step2 put 0x580000006240
[DBG stage1] slow fread: R2 offset=2005387744 requested=117964800 read=117964800 elapsed=2.099 s
step1 0x580000006150
[M::process] read chunk (19660800 bytes/CG x 6 CGs, 117964800 bytes)...
step2 get 0x580000006150
start swbwa_cross_run
[M::mem_process_seqs_merge2] CPE FASTQ formatting done
start swbwa_cross_run
step3 0x580000006240
slave pre done
now n is 842600
start swbwa_cross_run
processed 842600
[M::mem_process_seqs_merge2] Processed 842600 reads in 0.950 CPU sec, 2.170 real sec
step2 put 0x580000006150
step3 0x580000006150
[DBG stage1] slow fread: R1 offset=2123351744 requested=117964800 read=117964800 elapsed=33.459 s
[DBG stage1] slow fread: R2 offset=2123351744 requested=117964800 read=117964800 elapsed=28.383 s
step1 0x5800000061f0
[M::process] read chunk (19660800 bytes/CG x 6 CGs, 117964800 bytes)...
step2 get 0x5800000061f0
start swbwa_cross_run
[M::mem_process_seqs_merge2] CPE FASTQ formatting done
start swbwa_cross_run
[DBG stage1] slow fread: R1 offset=2241315744 requested=117964800 read=117964800 elapsed=1.802 s
slave pre done
now n is 842600
start swbwa_cross_run
processed 842600
[M::mem_process_seqs_merge2] Processed 842600 reads in 0.580 CPU sec, 2.540 real sec
step2 put 0x5800000061f0
step3 0x5800000061f0
[DBG stage1] slow fread: R2 offset=2241315744 requested=117964800 read=117964800 elapsed=1.952 s
step1 0x580000006240
[M::process] read chunk (19660800 bytes/CG x 6 CGs, 117964800 bytes)...
step2 get 0x580000006240
start swbwa_cross_run
[M::mem_process_seqs_merge2] CPE FASTQ formatting done
start swbwa_cross_run
slave pre done
now n is 842600
start swbwa_cross_run
processed 842600
[M::mem_process_seqs_merge2] Processed 842600 reads in 0.900 CPU sec, 2.040 real sec
step2 put 0x580000006240
step3 0x580000006240
[DBG stage1] slow fread: R1 offset=2359279744 requested=117964800 read=117964800 elapsed=10.851 s
[DBG stage1] slow fread: R2 offset=2359279744 requested=117964800 read=117964800 elapsed=32.924 s
step1 0x580000006150
[M::process] read chunk (19660800 bytes/CG x 6 CGs, 117964800 bytes)...
step2 get 0x580000006150
start swbwa_cross_run
[M::mem_process_seqs_merge2] CPE FASTQ formatting done
start swbwa_cross_run
slave pre done
now n is 842600
start swbwa_cross_run
processed 842600
[M::mem_process_seqs_merge2] Processed 842600 reads in 0.510 CPU sec, 1.751 real sec
step2 put 0x580000006150
step3 0x580000006150
[DBG stage1] slow fread: R1 offset=2477243744 requested=117964800 read=117964800 elapsed=2.547 s
[DBG stage1] slow fread: R2 offset=2477243744 requested=117964800 read=117964800 elapsed=49.647 s
step1 0x5800000061f0
[M::process] read chunk (19660800 bytes/CG x 6 CGs, 117964800 bytes)...
step2 get 0x5800000061f0
start swbwa_cross_run
[M::mem_process_seqs_merge2] CPE FASTQ formatting done
start swbwa_cross_run
slave pre done
now n is 842600
start swbwa_cross_run
processed 842600
[M::mem_process_seqs_merge2] Processed 842600 reads in 0.090 CPU sec, 2.011 real sec
step2 put 0x5800000061f0
step3 0x5800000061f0
[DBG stage1] slow fread: R1 offset=2595207744 requested=117964800 read=117964800 elapsed=14.978 s
[DBG stage1] slow fread: R2 offset=2595207744 requested=117964800 read=117964800 elapsed=1.240 s
step1 0x580000006240
[M::process] read chunk (19660800 bytes/CG x 6 CGs, 117964800 bytes)...
step2 get 0x580000006240
start swbwa_cross_run
[M::mem_process_seqs_merge2] CPE FASTQ formatting done
start swbwa_cross_run
[DBG stage1] slow fread: R1 offset=2713171744 requested=117964800 read=117964800 elapsed=1.742 s
slave pre done
now n is 842600
start swbwa_cross_run
processed 842600
[M::mem_process_seqs_merge2] Processed 842600 reads in 0.630 CPU sec, 2.450 real sec
step2 put 0x580000006240
step3 0x580000006240
[DBG stage1] slow fread: R2 offset=2713171744 requested=117964800 read=117964800 elapsed=1.612 s
step1 0x580000006150
[M::process] read chunk (19660800 bytes/CG x 6 CGs, 117964800 bytes)...
step2 get 0x580000006150
start swbwa_cross_run
[M::mem_process_seqs_merge2] CPE FASTQ formatting done
start swbwa_cross_run
slave pre done
now n is 839020
start swbwa_cross_run
processed 839020
[M::mem_process_seqs_merge2] Processed 839020 reads in 1.280 CPU sec, 2.340 real sec
step2 put 0x580000006150
[DBG stage1] slow fread: R1 offset=2831135676 requested=117964800 read=117964800 elapsed=2.615 s
[DBG stage1] slow fread: R2 offset=2831135676 requested=117964800 read=117964800 elapsed=1.612 s
step1 0x5800000061f0
[M::process] read chunk (19660800 bytes/CG x 6 CGs, 117964800 bytes)...
step2 get 0x5800000061f0
start swbwa_cross_run
[M::mem_process_seqs_merge2] CPE FASTQ formatting done
start swbwa_cross_run
slave pre done
now n is 830732
start swbwa_cross_run
processed 830732
[M::mem_process_seqs_merge2] Processed 830732 reads in 0.960 CPU sec, 1.751 real sec
step2 put 0x5800000061f0
step3 0x580000006150
[DBG stage1] slow fread: R1 offset=2949099620 requested=117964800 read=117964800 elapsed=2.871 s
step3 0x5800000061f0
[DBG stage1] slow fread: R2 offset=2949099620 requested=117964800 read=117964800 elapsed=33.955 s
step1 0x580000004a30
[M::process] read chunk (19660800 bytes/CG x 6 CGs, 117964800 bytes)...
step2 get 0x580000004a30
start swbwa_cross_run
[M::mem_process_seqs_merge2] CPE FASTQ formatting done
start swbwa_cross_run
slave pre done
now n is 830732
start swbwa_cross_run
processed 830732
[M::mem_process_seqs_merge2] Processed 830732 reads in 0.090 CPU sec, 2.031 real sec
step2 put 0x580000004a30
step3 0x580000004a30
[DBG stage1] slow fread: R1 offset=3067063564 requested=117964800 read=117964800 elapsed=19.154 s
[DBG stage1] slow fread: R2 offset=3067063564 requested=117964800 read=117964800 elapsed=1.367 s
step1 0x580000006150
[M::process] read chunk (19660800 bytes/CG x 6 CGs, 117964800 bytes)...
step2 get 0x580000006150
start swbwa_cross_run
[M::mem_process_seqs_merge2] CPE FASTQ formatting done
start swbwa_cross_run
slave pre done
now n is 830732
start swbwa_cross_run
processed 830732
[M::mem_process_seqs_merge2] Processed 830732 reads in 0.380 CPU sec, 1.541 real sec
step2 put 0x580000006150
step3 0x580000006150
[DBG stage1] slow fread: R1 offset=3185027508 requested=117964800 read=117964800 elapsed=2.426 s
[DBG stage1] slow fread: R2 offset=3185027508 requested=117964800 read=117964800 elapsed=12.667 s
step1 0x5800000061f0
[M::process] read chunk (19660800 bytes/CG x 6 CGs, 117964800 bytes)...
step2 get 0x5800000061f0
start swbwa_cross_run
[M::mem_process_seqs_merge2] CPE FASTQ formatting done
start swbwa_cross_run
slave pre done
now n is 830732
start swbwa_cross_run
processed 830732
[M::mem_process_seqs_merge2] Processed 830732 reads in 0.120 CPU sec, 2.681 real sec
step2 put 0x5800000061f0
step3 0x5800000061f0
[DBG stage1] slow fread: R1 offset=3302991452 requested=117964800 read=117964800 elapsed=31.315 s
[DBG stage1] slow fread: R2 offset=3302991452 requested=117964800 read=117964800 elapsed=16.022 s
step1 0x580000004a30
[M::process] read chunk (19660800 bytes/CG x 6 CGs, 115104916 bytes)...
step2 get 0x580000004a30
start swbwa_cross_run
[M::mem_process_seqs_merge2] CPE FASTQ formatting done
start swbwa_cross_run
slave pre done
now n is 830732
start swbwa_cross_run
processed 830732
[M::mem_process_seqs_merge2] Processed 830732 reads in 0.080 CPU sec, 1.690 real sec
step2 put 0x580000004a30
step3 0x580000004a30
[DBG stage1] slow fread: R1 offset=3420955396 requested=115104916 read=115104916 elapsed=33.486 s
[DBG stage1] slow fread: R2 offset=3420955396 requested=115104916 read=115104916 elapsed=1.288 s
step1 0x580000006150
step2 get 0x580000006150
start swbwa_cross_run
[M::mem_process_seqs_merge2] CPE FASTQ formatting done
start swbwa_cross_run
slave pre done
now n is 810598
start swbwa_cross_run
processed 810598
[M::mem_process_seqs_merge2] Processed 810598 reads in 0.070 CPU sec, 2.130 real sec
step2 put 0x580000006150
step3 0x580000006150

====================== SWBWA Output Debug =====================
  MPI rank: 000000 / 000001
  mode:     non-MPI POSIX
  path:     correctness_results/cpe_bigdata_opt_20260825/no1/SRR2496709_PE.sam

  Output volume
    output buffer capacity                           67108864
    swbwa_output_write calls                        25214822
    submitted SAM bytes                           8119600200
    buffered flushes                                     121
    buffered flush bytes                          8119600200
    direct oversized writes                                0
    direct oversized bytes                                 0

  Buffering
    buffered flush total                       137.964017 s  (121 calls, 1140198.484 us/call)

  POSIX file writes
    write system calls                                    121
    write system-call bytes                        8119600200
    POSIX write system calls                   137.963607 s  (121 calls, 1140195.100 us/call)
    POSIX write effective bandwidth                56.127 MiB/s

  Output close timing
    POSIX close                                  0.000358 s  (1 calls,   358.153 us/call)
================================================================


======================= SWBWA Timing Report =======================
  Accumulated wall-clock time; indented rows are included in
  their parent row and must not be added to it.

  Pipeline
    total - complete three-stage pipeline                   636.126 s
    stage 1 - allocate and read raw FASTQ blocks            629.356 s
    stage 2 - align reads and generate SAM records           69.525 s
    stage 3 - write SAM and release batch data              167.885 s
      SAM output writes                                       157.587 s
      batch cleanup and loop overhead (derived)                10.299 s

  Stage 1 input details
    batches completed / stage calls                      30 / 31
    input-buffer and batch allocations                        0.001 s  (91 calls, max 0.001 s)
    aggregate requested allocation bytes           7072231656
    FASTQ fseeko calls                                        0.001 s  (60 calls, max 0.000 s)
    FASTQ fread calls                                       629.321 s  (60 calls, max 49.647 s)
    align chunk ends to FASTQ record boundaries               0.000 s  (58 calls, max 0.000 s)
    scheduler, checks and bookkeeping (derived)               0.033 s
    raw FASTQ bytes read                           7072168232  (6744.545 MiB)
    effective fread bandwidth                         10.717 MiB/s
    slowest allocation                                 0.001 s  (64 bytes)
    slowest fread                                     49.647 s  (R2 offset=2477243744, bytes=117964800)

  Stage 2 worker details
    total - active merge worker                              69.517 s
      part 1 - prepare CPE task and reusable buffers            0.582 s
      part 2 - CPE FASTQ formatting and input release           0.475 s
      part 3 - CPE alignment and SAM length pass               65.010 s
      part 4 - assign slices in the shared SAM buffer           2.640 s
      part 5 - CPE SAM record generation                        0.800 s
      part 6 - release temporary worker data                    0.002 s

  Reserved allocator timers (no active timing sites)
    malloc timer                                              0.000 s
    free timer                                                0.000 s
===================================================================

[main] Version: 0.0.1
[main] CMD: ./SWBWA mem -v 4 -t 1 -o correctness_results/cpe_bigdata_opt_20260825/no1/SRR2496709_PE.sam -I 170,80,500,1 ../data/GRCh38.d1.vd1.fa ../data/bwa_test_big_data/SRR2496709_1.fastq ../data/bwa_test_big_data/SRR2496709_2.fastq
