[M::main_mem] mean insert size: 170.000, stddev: 80.000, max: 500, min: 1
[CPE input] bytes_per_cg=19660800 cg_count=6 chunk_bytes=117964800 file_bytes=3795555588
malloc bwt->bwt 3107576584, 0x580000486040
malloc bwt->sa 1553788264, 0x5800b9823b60
[M::bwa_idx_load_from_disk] read 0 ALT contigs
malloc pac 776894131, 0x580116285940
the input file is ../data/bwa_test_big_data/small_SRR7963242_1.fastq
the input file is ../data/bwa_test_big_data/small_SRR7963242_2.fastq
the output file is bigdata_results/cgs_cross_system/has1/small_SRR7963242_PE.sam
[M::process] read chunk (19660800 bytes/CG x 6 CGs, 117964800 bytes)...
[DBG stage1] slow fread: R1 offset=0 requested=117964800 read=117964800 elapsed=1.188 s
[DBG stage1] slow fread: R2 offset=0 requested=117964800 read=117964800 elapsed=1.115 s
[M::swbwa_cross_runtime_init] initialized cross-segment runtime in 0.062 sec
start swbwa_cross_run
[M::mem_process_seqs_merge2] CPE FASTQ formatting done
start swbwa_cross_run
slave pre done
now n is 629832
start swbwa_cross_run
processed 629832
[M::mem_process_seqs_merge2] Processed 629832 reads in 16.300 CPU sec, 16.699 real sec
[M::process] read chunk (19660800 bytes/CG x 6 CGs, 117964800 bytes)...
[DBG stage1] slow fread: R1 offset=117963996 requested=117964800 read=117964800 elapsed=1.076 s
start swbwa_cross_run
[M::mem_process_seqs_merge2] CPE FASTQ formatting done
start swbwa_cross_run
slave pre done
now n is 627468
start swbwa_cross_run
processed 627468
[M::mem_process_seqs_merge2] Processed 627468 reads in 15.480 CPU sec, 15.878 real sec
[M::process] read chunk (19660800 bytes/CG x 6 CGs, 117964800 bytes)...
[DBG stage1] slow fread: R1 offset=235927980 requested=117964800 read=117964800 elapsed=1.192 s
[DBG stage1] slow fread: R2 offset=235927980 requested=117964800 read=117964800 elapsed=1.176 s
start swbwa_cross_run
[M::mem_process_seqs_merge2] CPE FASTQ formatting done
start swbwa_cross_run
slave pre done
now n is 627468
start swbwa_cross_run
processed 627468
[M::mem_process_seqs_merge2] Processed 627468 reads in 15.820 CPU sec, 16.533 real sec
[M::process] read chunk (19660800 bytes/CG x 6 CGs, 117964800 bytes)...
[DBG stage1] slow fread: R1 offset=353891964 requested=117964800 read=117964800 elapsed=1.047 s
[DBG stage1] slow fread: R2 offset=353891964 requested=117964800 read=117964800 elapsed=1.160 s
start swbwa_cross_run
[M::mem_process_seqs_merge2] CPE FASTQ formatting done
start swbwa_cross_run
slave pre done
now n is 622076
start swbwa_cross_run
processed 622076
[M::mem_process_seqs_merge2] Processed 622076 reads in 15.280 CPU sec, 15.754 real sec
[M::process] read chunk (19660800 bytes/CG x 6 CGs, 117964800 bytes)...
[DBG stage1] slow fread: R1 offset=471855944 requested=117964800 read=117964800 elapsed=1.011 s
[DBG stage1] slow fread: R2 offset=471855944 requested=117964800 read=117964800 elapsed=1.085 s
start swbwa_cross_run
[M::mem_process_seqs_merge2] CPE FASTQ formatting done
start swbwa_cross_run
slave pre done
now n is 620862
start swbwa_cross_run
processed 620862
[M::mem_process_seqs_merge2] Processed 620862 reads in 15.510 CPU sec, 15.886 real sec
[M::process] read chunk (19660800 bytes/CG x 6 CGs, 117964800 bytes)...
[DBG stage1] slow fread: R1 offset=589819724 requested=117964800 read=117964800 elapsed=1.097 s
[DBG stage1] slow fread: R2 offset=589819724 requested=117964800 read=117964800 elapsed=1.170 s
start swbwa_cross_run
[M::mem_process_seqs_merge2] CPE FASTQ formatting done
start swbwa_cross_run
slave pre done
now n is 620862
start swbwa_cross_run
processed 620862
[M::mem_process_seqs_merge2] Processed 620862 reads in 15.780 CPU sec, 16.049 real sec
[M::process] read chunk (19660800 bytes/CG x 6 CGs, 117964800 bytes)...
[DBG stage1] slow fread: R2 offset=707783504 requested=117964800 read=117964800 elapsed=1.106 s
start swbwa_cross_run
[M::mem_process_seqs_merge2] CPE FASTQ formatting done
start swbwa_cross_run
slave pre done
now n is 620862
start swbwa_cross_run
processed 620862
[M::mem_process_seqs_merge2] Processed 620862 reads in 16.080 CPU sec, 16.472 real sec
[M::process] read chunk (19660800 bytes/CG x 6 CGs, 117964800 bytes)...
[DBG stage1] slow fread: R1 offset=825747284 requested=117964800 read=117964800 elapsed=1.048 s
[DBG stage1] slow fread: R2 offset=825747284 requested=117964800 read=117964800 elapsed=1.100 s
start swbwa_cross_run
[M::mem_process_seqs_merge2] CPE FASTQ formatting done
start swbwa_cross_run
slave pre done
now n is 620862
start swbwa_cross_run
processed 620862
[M::mem_process_seqs_merge2] Processed 620862 reads in 15.800 CPU sec, 16.134 real sec
[M::process] read chunk (19660800 bytes/CG x 6 CGs, 117964800 bytes)...
[DBG stage1] slow fread: R1 offset=943711064 requested=117964800 read=117964800 elapsed=1.164 s
[DBG stage1] slow fread: R2 offset=943711064 requested=117964800 read=117964800 elapsed=1.261 s
start swbwa_cross_run
[M::mem_process_seqs_merge2] CPE FASTQ formatting done
start swbwa_cross_run
slave pre done
now n is 620862
start swbwa_cross_run
processed 620862
[M::mem_process_seqs_merge2] Processed 620862 reads in 16.090 CPU sec, 17.294 real sec
[M::process] read chunk (19660800 bytes/CG x 6 CGs, 117964800 bytes)...
[DBG stage1] slow fread: R1 offset=1061674844 requested=117964800 read=117964800 elapsed=1.015 s
[DBG stage1] slow fread: R2 offset=1061674844 requested=117964800 read=117964800 elapsed=1.147 s
start swbwa_cross_run
[M::mem_process_seqs_merge2] CPE FASTQ formatting done
start swbwa_cross_run
slave pre done
now n is 620862
start swbwa_cross_run
processed 620862
[M::mem_process_seqs_merge2] Processed 620862 reads in 16.000 CPU sec, 16.397 real sec
[M::process] read chunk (19660800 bytes/CG x 6 CGs, 117964800 bytes)...
[DBG stage1] slow fread: R1 offset=1179638624 requested=117964800 read=117964800 elapsed=1.097 s
[DBG stage1] slow fread: R2 offset=1179638624 requested=117964800 read=117964800 elapsed=1.197 s
start swbwa_cross_run
[M::mem_process_seqs_merge2] CPE FASTQ formatting done
start swbwa_cross_run
slave pre done
now n is 620862
start swbwa_cross_run
processed 620862
[M::mem_process_seqs_merge2] Processed 620862 reads in 16.100 CPU sec, 16.854 real sec
[M::process] read chunk (19660800 bytes/CG x 6 CGs, 117964800 bytes)...
[DBG stage1] slow fread: R1 offset=1297602404 requested=117964800 read=117964800 elapsed=1.160 s
[DBG stage1] slow fread: R2 offset=1297602404 requested=117964800 read=117964800 elapsed=1.182 s
start swbwa_cross_run
[M::mem_process_seqs_merge2] CPE FASTQ formatting done
start swbwa_cross_run
slave pre done
now n is 620862
start swbwa_cross_run
processed 620862
[M::mem_process_seqs_merge2] Processed 620862 reads in 15.850 CPU sec, 16.521 real sec
[M::process] read chunk (19660800 bytes/CG x 6 CGs, 117964800 bytes)...
[DBG stage1] slow fread: R1 offset=1415566184 requested=117964800 read=117964800 elapsed=1.086 s
[DBG stage1] slow fread: R2 offset=1415566184 requested=117964800 read=117964800 elapsed=1.198 s
start swbwa_cross_run
[M::mem_process_seqs_merge2] CPE FASTQ formatting done
start swbwa_cross_run
slave pre done
now n is 620862
start swbwa_cross_run
processed 620862
[M::mem_process_seqs_merge2] Processed 620862 reads in 15.930 CPU sec, 16.604 real sec
[M::process] read chunk (19660800 bytes/CG x 6 CGs, 117964800 bytes)...
[DBG stage1] slow fread: R1 offset=1533529964 requested=117964800 read=117964800 elapsed=1.235 s
[DBG stage1] slow fread: R2 offset=1533529964 requested=117964800 read=117964800 elapsed=1.189 s
start swbwa_cross_run
[M::mem_process_seqs_merge2] CPE FASTQ formatting done
start swbwa_cross_run
slave pre done
now n is 620862
start swbwa_cross_run
processed 620862
[M::mem_process_seqs_merge2] Processed 620862 reads in 15.960 CPU sec, 16.351 real sec
[M::process] read chunk (19660800 bytes/CG x 6 CGs, 117964800 bytes)...
[DBG stage1] slow fread: R1 offset=1651493744 requested=117964800 read=117964800 elapsed=1.066 s
[DBG stage1] slow fread: R2 offset=1651493744 requested=117964800 read=117964800 elapsed=1.229 s
start swbwa_cross_run
[M::mem_process_seqs_merge2] CPE FASTQ formatting done
start swbwa_cross_run
slave pre done
now n is 620862
start swbwa_cross_run
processed 620862
[M::mem_process_seqs_merge2] Processed 620862 reads in 15.780 CPU sec, 16.147 real sec
[M::process] read chunk (19660800 bytes/CG x 6 CGs, 117964800 bytes)...
[DBG stage1] slow fread: R1 offset=1769457524 requested=117964800 read=117964800 elapsed=1.129 s
[DBG stage1] slow fread: R2 offset=1769457524 requested=117964800 read=117964800 elapsed=1.173 s
start swbwa_cross_run
[M::mem_process_seqs_merge2] CPE FASTQ formatting done
start swbwa_cross_run
slave pre done
now n is 620862
start swbwa_cross_run
processed 620862
[M::mem_process_seqs_merge2] Processed 620862 reads in 15.820 CPU sec, 16.137 real sec
[M::process] read chunk (19660800 bytes/CG x 6 CGs, 117964800 bytes)...
[DBG stage1] slow fread: R1 offset=1887421304 requested=117964800 read=117964800 elapsed=1.158 s
[DBG stage1] slow fread: R2 offset=1887421304 requested=117964800 read=117964800 elapsed=1.230 s
start swbwa_cross_run
[M::mem_process_seqs_merge2] CPE FASTQ formatting done
start swbwa_cross_run
slave pre done
now n is 620862
start swbwa_cross_run
processed 620862
[M::mem_process_seqs_merge2] Processed 620862 reads in 15.930 CPU sec, 16.316 real sec
[M::process] read chunk (19660800 bytes/CG x 6 CGs, 117964800 bytes)...
[DBG stage1] slow fread: R1 offset=2005385084 requested=117964800 read=117964800 elapsed=1.234 s
[DBG stage1] slow fread: R2 offset=2005385084 requested=117964800 read=117964800 elapsed=1.255 s
start swbwa_cross_run
[M::mem_process_seqs_merge2] CPE FASTQ formatting done
start swbwa_cross_run
slave pre done
now n is 620862
start swbwa_cross_run
processed 620862
[M::mem_process_seqs_merge2] Processed 620862 reads in 15.780 CPU sec, 16.363 real sec
[M::process] read chunk (19660800 bytes/CG x 6 CGs, 117964800 bytes)...
[DBG stage1] slow fread: R1 offset=2123348864 requested=117964800 read=117964800 elapsed=1.164 s
[DBG stage1] slow fread: R2 offset=2123348864 requested=117964800 read=117964800 elapsed=1.162 s
start swbwa_cross_run
[M::mem_process_seqs_merge2] CPE FASTQ formatting done
start swbwa_cross_run
slave pre done
now n is 620862
start swbwa_cross_run
processed 620862
[M::mem_process_seqs_merge2] Processed 620862 reads in 15.770 CPU sec, 16.141 real sec
[M::process] read chunk (19660800 bytes/CG x 6 CGs, 117964800 bytes)...
[DBG stage1] slow fread: R1 offset=2241312644 requested=117964800 read=117964800 elapsed=1.205 s
[DBG stage1] slow fread: R2 offset=2241312644 requested=117964800 read=117964800 elapsed=1.294 s
start swbwa_cross_run
[M::mem_process_seqs_merge2] CPE FASTQ formatting done
start swbwa_cross_run
slave pre done
now n is 620862
start swbwa_cross_run
processed 620862
[M::mem_process_seqs_merge2] Processed 620862 reads in 16.010 CPU sec, 16.578 real sec
[M::process] read chunk (19660800 bytes/CG x 6 CGs, 117964800 bytes)...
[DBG stage1] slow fread: R1 offset=2359276424 requested=117964800 read=117964800 elapsed=1.200 s
[DBG stage1] slow fread: R2 offset=2359276424 requested=117964800 read=117964800 elapsed=1.254 s
start swbwa_cross_run
[M::mem_process_seqs_merge2] CPE FASTQ formatting done
start swbwa_cross_run
slave pre done
now n is 620862
start swbwa_cross_run
processed 620862
[M::mem_process_seqs_merge2] Processed 620862 reads in 15.990 CPU sec, 16.370 real sec
[M::process] read chunk (19660800 bytes/CG x 6 CGs, 117964800 bytes)...
[DBG stage1] slow fread: R1 offset=2477240204 requested=117964800 read=117964800 elapsed=1.215 s
[DBG stage1] slow fread: R2 offset=2477240204 requested=117964800 read=117964800 elapsed=1.307 s
start swbwa_cross_run
[M::mem_process_seqs_merge2] CPE FASTQ formatting done
start swbwa_cross_run
slave pre done
now n is 620862
start swbwa_cross_run
processed 620862
[M::mem_process_seqs_merge2] Processed 620862 reads in 16.050 CPU sec, 16.675 real sec
[M::process] read chunk (19660800 bytes/CG x 6 CGs, 117964800 bytes)...
[DBG stage1] slow fread: R2 offset=2595203984 requested=117964800 read=117964800 elapsed=1.051 s
start swbwa_cross_run
[M::mem_process_seqs_merge2] CPE FASTQ formatting done
start swbwa_cross_run
slave pre done
now n is 620862
start swbwa_cross_run
processed 620862
[M::mem_process_seqs_merge2] Processed 620862 reads in 15.930 CPU sec, 16.315 real sec
[M::process] read chunk (19660800 bytes/CG x 6 CGs, 117964800 bytes)...
[DBG stage1] slow fread: R1 offset=2713167764 requested=117964800 read=117964800 elapsed=1.052 s
[DBG stage1] slow fread: R2 offset=2713167764 requested=117964800 read=117964800 elapsed=1.234 s
start swbwa_cross_run
[M::mem_process_seqs_merge2] CPE FASTQ formatting done
start swbwa_cross_run
slave pre done
now n is 620862
start swbwa_cross_run
processed 620862
[M::mem_process_seqs_merge2] Processed 620862 reads in 15.990 CPU sec, 16.373 real sec
[M::process] read chunk (19660800 bytes/CG x 6 CGs, 117964800 bytes)...
[DBG stage1] slow fread: R1 offset=2831131544 requested=117964800 read=117964800 elapsed=1.184 s
[DBG stage1] slow fread: R2 offset=2831131544 requested=117964800 read=117964800 elapsed=1.241 s
start swbwa_cross_run
[M::mem_process_seqs_merge2] CPE FASTQ formatting done
start swbwa_cross_run
slave pre done
now n is 620862
start swbwa_cross_run
processed 620862
[M::mem_process_seqs_merge2] Processed 620862 reads in 15.980 CPU sec, 16.233 real sec
[M::process] read chunk (19660800 bytes/CG x 6 CGs, 117964800 bytes)...
[DBG stage1] slow fread: R1 offset=2949095324 requested=117964800 read=117964800 elapsed=1.187 s
[DBG stage1] slow fread: R2 offset=2949095324 requested=117964800 read=117964800 elapsed=1.241 s
start swbwa_cross_run
[M::mem_process_seqs_merge2] CPE FASTQ formatting done
start swbwa_cross_run
slave pre done
now n is 620862
start swbwa_cross_run
processed 620862
[M::mem_process_seqs_merge2] Processed 620862 reads in 16.180 CPU sec, 16.538 real sec
[M::process] read chunk (19660800 bytes/CG x 6 CGs, 117964800 bytes)...
[DBG stage1] slow fread: R1 offset=3067059104 requested=117964800 read=117964800 elapsed=1.202 s
[DBG stage1] slow fread: R2 offset=3067059104 requested=117964800 read=117964800 elapsed=1.284 s
start swbwa_cross_run
[M::mem_process_seqs_merge2] CPE FASTQ formatting done
start swbwa_cross_run
slave pre done
now n is 620862
start swbwa_cross_run
processed 620862
[M::mem_process_seqs_merge2] Processed 620862 reads in 16.270 CPU sec, 16.917 real sec
[M::process] read chunk (19660800 bytes/CG x 6 CGs, 117964800 bytes)...
[DBG stage1] slow fread: R1 offset=3185022884 requested=117964800 read=117964800 elapsed=1.188 s
[DBG stage1] slow fread: R2 offset=3185022884 requested=117964800 read=117964800 elapsed=1.154 s
start swbwa_cross_run
[M::mem_process_seqs_merge2] CPE FASTQ formatting done
start swbwa_cross_run
slave pre done
now n is 620862
start swbwa_cross_run
processed 620862
[M::mem_process_seqs_merge2] Processed 620862 reads in 16.110 CPU sec, 16.485 real sec
[M::process] read chunk (19660800 bytes/CG x 6 CGs, 117964800 bytes)...
[DBG stage1] slow fread: R1 offset=3302986664 requested=117964800 read=117964800 elapsed=1.190 s
[DBG stage1] slow fread: R2 offset=3302986664 requested=117964800 read=117964800 elapsed=1.061 s
start swbwa_cross_run
[M::mem_process_seqs_merge2] CPE FASTQ formatting done
start swbwa_cross_run
slave pre done
now n is 620862
start swbwa_cross_run
processed 620862
[M::mem_process_seqs_merge2] Processed 620862 reads in 16.190 CPU sec, 16.451 real sec
[M::process] read chunk (19660800 bytes/CG x 6 CGs, 117964800 bytes)...
[DBG stage1] slow fread: R1 offset=3420950444 requested=117964800 read=117964800 elapsed=1.203 s
[DBG stage1] slow fread: R2 offset=3420950444 requested=117964800 read=117964800 elapsed=1.153 s
start swbwa_cross_run
[M::mem_process_seqs_merge2] CPE FASTQ formatting done
start swbwa_cross_run
slave pre done
now n is 620862
start swbwa_cross_run
processed 620862
[M::mem_process_seqs_merge2] Processed 620862 reads in 15.930 CPU sec, 16.184 real sec
[M::process] read chunk (19660800 bytes/CG x 6 CGs, 117964800 bytes)...
[DBG stage1] slow fread: R1 offset=3538914224 requested=117964800 read=117964800 elapsed=1.157 s
start swbwa_cross_run
[M::mem_process_seqs_merge2] CPE FASTQ formatting done
start swbwa_cross_run
slave pre done
now n is 620862
start swbwa_cross_run
processed 620862
[M::mem_process_seqs_merge2] Processed 620862 reads in 16.050 CPU sec, 16.466 real sec
[M::process] read chunk (19660800 bytes/CG x 6 CGs, 117964800 bytes)...
[DBG stage1] slow fread: R1 offset=3656878004 requested=117964800 read=117964800 elapsed=1.093 s
[DBG stage1] slow fread: R2 offset=3656878004 requested=117964800 read=117964800 elapsed=1.052 s
start swbwa_cross_run
[M::mem_process_seqs_merge2] CPE FASTQ formatting done
start swbwa_cross_run
slave pre done
now n is 620862
start swbwa_cross_run
processed 620862
[M::mem_process_seqs_merge2] Processed 620862 reads in 16.110 CPU sec, 16.566 real sec
[M::process] read chunk (19660800 bytes/CG x 6 CGs, 20713804 bytes)...
start swbwa_cross_run
[M::mem_process_seqs_merge2] CPE FASTQ formatting done
start swbwa_cross_run
slave pre done
now n is 109020
start swbwa_cross_run
processed 109020
[M::mem_process_seqs_merge2] Processed 109020 reads in 2.890 CPU sec, 3.694 real sec

====================== SWBWA Output Debug =====================
  MPI rank: 000000 / 000001
  mode:     non-MPI POSIX
  path:     bigdata_results/cgs_cross_system/has1/small_SRR7963242_PE.sam

  Output volume
    output buffer capacity                           67108864
    swbwa_output_write calls                        20000000
    submitted SAM bytes                           8434324786
    buffered flushes                                     126
    buffered flush bytes                          8434324786
    direct oversized writes                                0
    direct oversized bytes                                 0

  Buffering
    buffered flush total                       119.521304 s  (126 calls, 948581.777 us/call)

  POSIX file writes
    write system calls                                    126
    write system-call bytes                        8434324786
    POSIX write system calls                   119.520990 s  (126 calls, 948579.289 us/call)
    POSIX write effective bandwidth                67.299 MiB/s

  Output close timing
    POSIX close                                  0.000296 s  (1 calls,   295.902 us/call)
================================================================


======================= SWBWA Timing Report =======================
  Accumulated wall-clock time; indented rows are included in
  their parent row and must not be added to it.

  Pipeline
    total - complete three-stage pipeline                   744.129 s
    stage 1 - allocate and read raw FASTQ blocks             74.084 s
    stage 2 - align reads and generate SAM records          528.387 s
    stage 3 - write SAM and release batch data              140.972 s
      SAM output writes                                       133.822 s
      batch cleanup and loop overhead (derived)                 7.149 s

  Stage 1 input details
    batches completed / stage calls                      33 / 34
    input-buffer and batch allocations                        0.000 s  (100 calls, max 0.000 s)
    aggregate requested allocation bytes           7591244568
    FASTQ fseeko calls                                        0.000 s  (66 calls, max 0.000 s)
    FASTQ fread calls                                        74.054 s  (66 calls, max 1.307 s)
    align chunk ends to FASTQ record boundaries               0.000 s  (64 calls, max 0.000 s)
    scheduler, checks and bookkeeping (derived)               0.030 s
    raw FASTQ bytes read                           7591174808  (7239.508 MiB)
    effective fread bandwidth                         97.760 MiB/s
    slowest allocation                                 0.000 s  (64 bytes)
    slowest fread                                      1.307 s  (R2 offset=2477240204, bytes=117964800)

  Stage 2 worker details
    total - active merge worker                             528.374 s
      part 1 - prepare CPE task and reusable buffers            1.016 s
      part 2 - CPE FASTQ formatting and input release           0.494 s
      part 3 - CPE alignment and SAM length pass              523.961 s
      part 4 - assign slices in the shared SAM buffer           1.550 s
      part 5 - CPE SAM record generation                        1.342 s
      part 6 - release temporary worker data                    0.001 s

  Reserved allocator timers (no active timing sites)
    malloc timer                                              0.000 s
    free timer                                                0.000 s
===================================================================

[main] Version: 0.0.1
[main] CMD: ./SWBWA mem -v 4 -t 1 -1 -o bigdata_results/cgs_cross_system/has1/small_SRR7963242_PE.sam -I 170,80,500,1 ../data/GRCh38.d1.vd1.fa ../data/bwa_test_big_data/small_SRR7963242_1.fastq ../data/bwa_test_big_data/small_SRR7963242_2.fastq
