[M::main_mem] mean insert size: 170.000, stddev: 80.000, max: 500, min: 1
[CPE input] bytes_per_cg=19660800 cg_count=6 chunk_bytes=117964800 file_bytes=3536060312
malloc bwt->bwt 3107576584, 0x580000486040
malloc bwt->sa 1553788264, 0x5800b9823b60
[M::bwa_idx_load_from_disk] read 0 ALT contigs
malloc pac 776894131, 0x580116285940
the input file is ../data/bwa_test_big_data/SRR2496709_1.fastq
the input file is ../data/bwa_test_big_data/SRR2496709_2.fastq
the output file is bigdata_results/cgs_cross_system/has1/SRR2496709_PE.sam
[M::process] read chunk (19660800 bytes/CG x 6 CGs, 117964800 bytes)...
[DBG stage1] slow fread: R1 offset=0 requested=117964800 read=117964800 elapsed=1.175 s
[M::swbwa_cross_runtime_init] initialized cross-segment runtime in 0.059 sec
start swbwa_cross_run
[M::mem_process_seqs_merge2] CPE FASTQ formatting done
start swbwa_cross_run
slave pre done
now n is 858032
start swbwa_cross_run
processed 858032
[M::mem_process_seqs_merge2] Processed 858032 reads in 1.230 CPU sec, 3.056 real sec
[M::process] read chunk (19660800 bytes/CG x 6 CGs, 117964800 bytes)...
[DBG stage1] slow fread: R1 offset=117963996 requested=117964800 read=117964800 elapsed=1.258 s
start swbwa_cross_run
[M::mem_process_seqs_merge2] CPE FASTQ formatting done
start swbwa_cross_run
slave pre done
now n is 854810
start swbwa_cross_run
processed 854810
[M::mem_process_seqs_merge2] Processed 854810 reads in 0.710 CPU sec, 2.722 real sec
[M::process] read chunk (19660800 bytes/CG x 6 CGs, 117964800 bytes)...
[DBG stage1] slow fread: R1 offset=235927776 requested=117964800 read=117964800 elapsed=1.136 s
start swbwa_cross_run
[M::mem_process_seqs_merge2] CPE FASTQ formatting done
start swbwa_cross_run
slave pre done
now n is 846702
start swbwa_cross_run
processed 846702
[M::mem_process_seqs_merge2] Processed 846702 reads in 2.280 CPU sec, 4.242 real sec
[M::process] read chunk (19660800 bytes/CG x 6 CGs, 117964800 bytes)...
[DBG stage1] slow fread: R1 offset=353891744 requested=117964800 read=117964800 elapsed=1.122 s
start swbwa_cross_run
[M::mem_process_seqs_merge2] CPE FASTQ formatting done
start swbwa_cross_run
slave pre done
now n is 842600
start swbwa_cross_run
processed 842600
[M::mem_process_seqs_merge2] Processed 842600 reads in 1.070 CPU sec, 2.971 real sec
[M::process] read chunk (19660800 bytes/CG x 6 CGs, 117964800 bytes)...
[DBG stage1] slow fread: R1 offset=471855744 requested=117964800 read=117964800 elapsed=1.195 s
start swbwa_cross_run
[M::mem_process_seqs_merge2] CPE FASTQ formatting done
start swbwa_cross_run
slave pre done
now n is 842600
start swbwa_cross_run
processed 842600
[M::mem_process_seqs_merge2] Processed 842600 reads in 2.070 CPU sec, 4.717 real sec
[M::process] read chunk (19660800 bytes/CG x 6 CGs, 117964800 bytes)...
[DBG stage1] slow fread: R1 offset=589819744 requested=117964800 read=117964800 elapsed=1.109 s
start swbwa_cross_run
[M::mem_process_seqs_merge2] CPE FASTQ formatting done
start swbwa_cross_run
slave pre done
now n is 842600
start swbwa_cross_run
processed 842600
[M::mem_process_seqs_merge2] Processed 842600 reads in 1.060 CPU sec, 3.121 real sec
[M::process] read chunk (19660800 bytes/CG x 6 CGs, 117964800 bytes)...
[DBG stage1] slow fread: R1 offset=707783744 requested=117964800 read=117964800 elapsed=1.130 s
start swbwa_cross_run
[M::mem_process_seqs_merge2] CPE FASTQ formatting done
start swbwa_cross_run
slave pre done
now n is 842600
start swbwa_cross_run
processed 842600
[M::mem_process_seqs_merge2] Processed 842600 reads in 0.830 CPU sec, 2.757 real sec
[M::process] read chunk (19660800 bytes/CG x 6 CGs, 117964800 bytes)...
[DBG stage1] slow fread: R1 offset=825747744 requested=117964800 read=117964800 elapsed=1.223 s
[DBG stage1] slow fread: R2 offset=825747744 requested=117964800 read=117964800 elapsed=1.152 s
start swbwa_cross_run
[M::mem_process_seqs_merge2] CPE FASTQ formatting done
start swbwa_cross_run
slave pre done
now n is 842600
start swbwa_cross_run
processed 842600
[M::mem_process_seqs_merge2] Processed 842600 reads in 1.160 CPU sec, 3.154 real sec
[M::process] read chunk (19660800 bytes/CG x 6 CGs, 117964800 bytes)...
[DBG stage1] slow fread: R1 offset=943711744 requested=117964800 read=117964800 elapsed=1.215 s
[DBG stage1] slow fread: R2 offset=943711744 requested=117964800 read=117964800 elapsed=1.132 s
start swbwa_cross_run
[M::mem_process_seqs_merge2] CPE FASTQ formatting done
start swbwa_cross_run
slave pre done
now n is 842600
start swbwa_cross_run
processed 842600
[M::mem_process_seqs_merge2] Processed 842600 reads in 1.580 CPU sec, 3.607 real sec
[M::process] read chunk (19660800 bytes/CG x 6 CGs, 117964800 bytes)...
[DBG stage1] slow fread: R1 offset=1061675744 requested=117964800 read=117964800 elapsed=1.156 s
[DBG stage1] slow fread: R2 offset=1061675744 requested=117964800 read=117964800 elapsed=1.083 s
start swbwa_cross_run
[M::mem_process_seqs_merge2] CPE FASTQ formatting done
start swbwa_cross_run
slave pre done
now n is 842600
start swbwa_cross_run
processed 842600
[M::mem_process_seqs_merge2] Processed 842600 reads in 1.270 CPU sec, 3.265 real sec
[M::process] read chunk (19660800 bytes/CG x 6 CGs, 117964800 bytes)...
[DBG stage1] slow fread: R1 offset=1179639744 requested=117964800 read=117964800 elapsed=1.215 s
[DBG stage1] slow fread: R2 offset=1179639744 requested=117964800 read=117964800 elapsed=1.127 s
start swbwa_cross_run
[M::mem_process_seqs_merge2] CPE FASTQ formatting done
start swbwa_cross_run
slave pre done
now n is 842600
start swbwa_cross_run
processed 842600
[M::mem_process_seqs_merge2] Processed 842600 reads in 0.670 CPU sec, 2.603 real sec
[M::process] read chunk (19660800 bytes/CG x 6 CGs, 117964800 bytes)...
[DBG stage1] slow fread: R1 offset=1297603744 requested=117964800 read=117964800 elapsed=1.242 s
[DBG stage1] slow fread: R2 offset=1297603744 requested=117964800 read=117964800 elapsed=1.137 s
start swbwa_cross_run
[M::mem_process_seqs_merge2] CPE FASTQ formatting done
start swbwa_cross_run
slave pre done
now n is 842600
start swbwa_cross_run
processed 842600
[M::mem_process_seqs_merge2] Processed 842600 reads in 0.970 CPU sec, 3.441 real sec
[M::process] read chunk (19660800 bytes/CG x 6 CGs, 117964800 bytes)...
[DBG stage1] slow fread: R1 offset=1415567744 requested=117964800 read=117964800 elapsed=1.207 s
[DBG stage1] slow fread: R2 offset=1415567744 requested=117964800 read=117964800 elapsed=1.133 s
start swbwa_cross_run
[M::mem_process_seqs_merge2] CPE FASTQ formatting done
start swbwa_cross_run
slave pre done
now n is 842600
start swbwa_cross_run
processed 842600
[M::mem_process_seqs_merge2] Processed 842600 reads in 0.920 CPU sec, 2.710 real sec
[M::process] read chunk (19660800 bytes/CG x 6 CGs, 117964800 bytes)...
[DBG stage1] slow fread: R1 offset=1533531744 requested=117964800 read=117964800 elapsed=1.190 s
[DBG stage1] slow fread: R2 offset=1533531744 requested=117964800 read=117964800 elapsed=1.144 s
start swbwa_cross_run
[M::mem_process_seqs_merge2] CPE FASTQ formatting done
start swbwa_cross_run
slave pre done
now n is 842600
start swbwa_cross_run
processed 842600
[M::mem_process_seqs_merge2] Processed 842600 reads in 2.460 CPU sec, 4.703 real sec
[M::process] read chunk (19660800 bytes/CG x 6 CGs, 117964800 bytes)...
[DBG stage1] slow fread: R1 offset=1651495744 requested=117964800 read=117964800 elapsed=1.196 s
[DBG stage1] slow fread: R2 offset=1651495744 requested=117964800 read=117964800 elapsed=1.116 s
start swbwa_cross_run
[M::mem_process_seqs_merge2] CPE FASTQ formatting done
start swbwa_cross_run
slave pre done
now n is 842600
start swbwa_cross_run
processed 842600
[M::mem_process_seqs_merge2] Processed 842600 reads in 1.430 CPU sec, 4.749 real sec
[M::process] read chunk (19660800 bytes/CG x 6 CGs, 117964800 bytes)...
[DBG stage1] slow fread: R1 offset=1769459744 requested=117964800 read=117964800 elapsed=1.262 s
[DBG stage1] slow fread: R2 offset=1769459744 requested=117964800 read=117964800 elapsed=1.008 s
start swbwa_cross_run
[M::mem_process_seqs_merge2] CPE FASTQ formatting done
start swbwa_cross_run
slave pre done
now n is 842600
start swbwa_cross_run
processed 842600
[M::mem_process_seqs_merge2] Processed 842600 reads in 1.640 CPU sec, 4.221 real sec
[M::process] read chunk (19660800 bytes/CG x 6 CGs, 117964800 bytes)...
[DBG stage1] slow fread: R1 offset=1887423744 requested=117964800 read=117964800 elapsed=1.168 s
[DBG stage1] slow fread: R2 offset=1887423744 requested=117964800 read=117964800 elapsed=1.112 s
start swbwa_cross_run
[M::mem_process_seqs_merge2] CPE FASTQ formatting done
start swbwa_cross_run
slave pre done
now n is 842600
start swbwa_cross_run
processed 842600
[M::mem_process_seqs_merge2] Processed 842600 reads in 1.770 CPU sec, 4.676 real sec
[M::process] read chunk (19660800 bytes/CG x 6 CGs, 117964800 bytes)...
[DBG stage1] slow fread: R1 offset=2005387744 requested=117964800 read=117964800 elapsed=1.177 s
[DBG stage1] slow fread: R2 offset=2005387744 requested=117964800 read=117964800 elapsed=1.030 s
start swbwa_cross_run
[M::mem_process_seqs_merge2] CPE FASTQ formatting done
start swbwa_cross_run
slave pre done
now n is 842600
start swbwa_cross_run
processed 842600
[M::mem_process_seqs_merge2] Processed 842600 reads in 1.090 CPU sec, 3.153 real sec
[M::process] read chunk (19660800 bytes/CG x 6 CGs, 117964800 bytes)...
[DBG stage1] slow fread: R1 offset=2123351744 requested=117964800 read=117964800 elapsed=1.123 s
[DBG stage1] slow fread: R2 offset=2123351744 requested=117964800 read=117964800 elapsed=1.066 s
start swbwa_cross_run
[M::mem_process_seqs_merge2] CPE FASTQ formatting done
start swbwa_cross_run
slave pre done
now n is 842600
start swbwa_cross_run
processed 842600
[M::mem_process_seqs_merge2] Processed 842600 reads in 1.570 CPU sec, 3.544 real sec
[M::process] read chunk (19660800 bytes/CG x 6 CGs, 117964800 bytes)...
[DBG stage1] slow fread: R1 offset=2241315744 requested=117964800 read=117964800 elapsed=1.058 s
[DBG stage1] slow fread: R2 offset=2241315744 requested=117964800 read=117964800 elapsed=1.045 s
start swbwa_cross_run
[M::mem_process_seqs_merge2] CPE FASTQ formatting done
start swbwa_cross_run
slave pre done
now n is 842600
start swbwa_cross_run
processed 842600
[M::mem_process_seqs_merge2] Processed 842600 reads in 0.760 CPU sec, 2.931 real sec
[M::process] read chunk (19660800 bytes/CG x 6 CGs, 117964800 bytes)...
[DBG stage1] slow fread: R1 offset=2359279744 requested=117964800 read=117964800 elapsed=1.220 s
[DBG stage1] slow fread: R2 offset=2359279744 requested=117964800 read=117964800 elapsed=1.147 s
start swbwa_cross_run
[M::mem_process_seqs_merge2] CPE FASTQ formatting done
start swbwa_cross_run
slave pre done
now n is 842600
start swbwa_cross_run
processed 842600
[M::mem_process_seqs_merge2] Processed 842600 reads in 0.730 CPU sec, 2.626 real sec
[M::process] read chunk (19660800 bytes/CG x 6 CGs, 117964800 bytes)...
[DBG stage1] slow fread: R1 offset=2477243744 requested=117964800 read=117964800 elapsed=1.193 s
[DBG stage1] slow fread: R2 offset=2477243744 requested=117964800 read=117964800 elapsed=1.110 s
start swbwa_cross_run
[M::mem_process_seqs_merge2] CPE FASTQ formatting done
start swbwa_cross_run
slave pre done
now n is 842600
start swbwa_cross_run
processed 842600
[M::mem_process_seqs_merge2] Processed 842600 reads in 0.940 CPU sec, 2.937 real sec
[M::process] read chunk (19660800 bytes/CG x 6 CGs, 117964800 bytes)...
[DBG stage1] slow fread: R1 offset=2595207744 requested=117964800 read=117964800 elapsed=1.141 s
[DBG stage1] slow fread: R2 offset=2595207744 requested=117964800 read=117964800 elapsed=1.038 s
start swbwa_cross_run
[M::mem_process_seqs_merge2] CPE FASTQ formatting done
start swbwa_cross_run
slave pre done
now n is 842600
start swbwa_cross_run
processed 842600
[M::mem_process_seqs_merge2] Processed 842600 reads in 1.580 CPU sec, 3.515 real sec
[M::process] read chunk (19660800 bytes/CG x 6 CGs, 117964800 bytes)...
[DBG stage1] slow fread: R1 offset=2713171744 requested=117964800 read=117964800 elapsed=1.083 s
[DBG stage1] slow fread: R2 offset=2713171744 requested=117964800 read=117964800 elapsed=1.055 s
start swbwa_cross_run
[M::mem_process_seqs_merge2] CPE FASTQ formatting done
start swbwa_cross_run
slave pre done
now n is 839020
start swbwa_cross_run
processed 839020
[M::mem_process_seqs_merge2] Processed 839020 reads in 1.390 CPU sec, 3.227 real sec
[M::process] read chunk (19660800 bytes/CG x 6 CGs, 117964800 bytes)...
[DBG stage1] slow fread: R1 offset=2831135676 requested=117964800 read=117964800 elapsed=1.116 s
[DBG stage1] slow fread: R2 offset=2831135676 requested=117964800 read=117964800 elapsed=1.035 s
start swbwa_cross_run
[M::mem_process_seqs_merge2] CPE FASTQ formatting done
start swbwa_cross_run
slave pre done
now n is 830732
start swbwa_cross_run
processed 830732
[M::mem_process_seqs_merge2] Processed 830732 reads in 0.780 CPU sec, 2.566 real sec
[M::process] read chunk (19660800 bytes/CG x 6 CGs, 117964800 bytes)...
[DBG stage1] slow fread: R1 offset=2949099620 requested=117964800 read=117964800 elapsed=1.232 s
[DBG stage1] slow fread: R2 offset=2949099620 requested=117964800 read=117964800 elapsed=1.044 s
start swbwa_cross_run
[M::mem_process_seqs_merge2] CPE FASTQ formatting done
start swbwa_cross_run
slave pre done
now n is 830732
start swbwa_cross_run
processed 830732
[M::mem_process_seqs_merge2] Processed 830732 reads in 1.270 CPU sec, 2.987 real sec
[M::process] read chunk (19660800 bytes/CG x 6 CGs, 117964800 bytes)...
[DBG stage1] slow fread: R1 offset=3067063564 requested=117964800 read=117964800 elapsed=1.081 s
[DBG stage1] slow fread: R2 offset=3067063564 requested=117964800 read=117964800 elapsed=1.044 s
start swbwa_cross_run
[M::mem_process_seqs_merge2] CPE FASTQ formatting done
start swbwa_cross_run
slave pre done
now n is 830732
start swbwa_cross_run
processed 830732
[M::mem_process_seqs_merge2] Processed 830732 reads in 0.440 CPU sec, 2.276 real sec
[M::process] read chunk (19660800 bytes/CG x 6 CGs, 117964800 bytes)...
[DBG stage1] slow fread: R1 offset=3185027508 requested=117964800 read=117964800 elapsed=1.064 s
[DBG stage1] slow fread: R2 offset=3185027508 requested=117964800 read=117964800 elapsed=1.003 s
start swbwa_cross_run
[M::mem_process_seqs_merge2] CPE FASTQ formatting done
start swbwa_cross_run
slave pre done
now n is 830732
start swbwa_cross_run
processed 830732
[M::mem_process_seqs_merge2] Processed 830732 reads in 1.540 CPU sec, 4.274 real sec
[M::process] read chunk (19660800 bytes/CG x 6 CGs, 117964800 bytes)...
start swbwa_cross_run
[M::mem_process_seqs_merge2] CPE FASTQ formatting done
start swbwa_cross_run
slave pre done
now n is 830732
start swbwa_cross_run
processed 830732
[M::mem_process_seqs_merge2] Processed 830732 reads in 0.600 CPU sec, 2.602 real sec
[M::process] read chunk (19660800 bytes/CG x 6 CGs, 115104916 bytes)...
[DBG stage1] slow fread: R1 offset=3420955396 requested=115104916 read=115104916 elapsed=1.051 s
[DBG stage1] slow fread: R2 offset=3420955396 requested=115104916 read=115104916 elapsed=1.501 s
start swbwa_cross_run
[M::mem_process_seqs_merge2] CPE FASTQ formatting done
start swbwa_cross_run
slave pre done
now n is 810598
start swbwa_cross_run
processed 810598
[M::mem_process_seqs_merge2] Processed 810598 reads in 0.900 CPU sec, 3.014 real sec

====================== SWBWA Output Debug =====================
  MPI rank: 000000 / 000001
  mode:     non-MPI POSIX
  path:     bigdata_results/cgs_cross_system/has1/SRR2496709_PE.sam

  Output volume
    output buffer capacity                           67108864
    swbwa_output_write calls                        25214822
    submitted SAM bytes                           8119600200
    buffered flushes                                     121
    buffered flush bytes                          8119600200
    direct oversized writes                                0
    direct oversized bytes                                 0

  Buffering
    buffered flush total                       112.050970 s  (121 calls, 926041.076 us/call)

  POSIX file writes
    write system calls                                    121
    write system-call bytes                        8119600200
    POSIX write system calls                   112.050686 s  (121 calls, 926038.730 us/call)
    POSIX write effective bandwidth                69.107 MiB/s

  Output close timing
    POSIX close                                  0.000309 s  (1 calls,   309.051 us/call)
================================================================


======================= SWBWA Timing Report =======================
  Accumulated wall-clock time; indented rows are included in
  their parent row and must not be added to it.

  Pipeline
    total - complete three-stage pipeline                   305.581 s
    stage 1 - allocate and read raw FASTQ blocks             66.078 s
    stage 2 - align reads and generate SAM records          100.378 s
    stage 3 - write SAM and release batch data              138.232 s
      SAM output writes                                       129.253 s
      batch cleanup and loop overhead (derived)                 8.978 s

  Stage 1 input details
    batches completed / stage calls                      30 / 31
    input-buffer and batch allocations                        0.000 s  (91 calls, max 0.000 s)
    aggregate requested allocation bytes           7072231656
    FASTQ fseeko calls                                        0.000 s  (60 calls, max 0.000 s)
    FASTQ fread calls                                        66.052 s  (60 calls, max 1.501 s)
    align chunk ends to FASTQ record boundaries               0.000 s  (58 calls, max 0.000 s)
    scheduler, checks and bookkeeping (derived)               0.025 s
    raw FASTQ bytes read                           7072168232  (6744.545 MiB)
    effective fread bandwidth                        102.110 MiB/s
    slowest allocation                                 0.000 s  (64 bytes)
    slowest fread                                      1.501 s  (R2 offset=3420955396, bytes=115104916)

  Stage 2 worker details
    total - active merge worker                             100.365 s
      part 1 - prepare CPE task and reusable buffers            0.972 s
      part 2 - CPE FASTQ formatting and input release           0.456 s
      part 3 - CPE alignment and SAM length pass               95.636 s
      part 4 - assign slices in the shared SAM buffer           1.941 s
      part 5 - CPE SAM record generation                        1.349 s
      part 6 - release temporary worker data                    0.000 s

  Reserved allocator timers (no active timing sites)
    malloc timer                                              0.000 s
    free timer                                                0.000 s
===================================================================

[main] Version: 0.0.1
[main] CMD: ./SWBWA mem -v 4 -t 1 -1 -o bigdata_results/cgs_cross_system/has1/SRR2496709_PE.sam -I 170,80,500,1 ../data/GRCh38.d1.vd1.fa ../data/bwa_test_big_data/SRR2496709_1.fastq ../data/bwa_test_big_data/SRR2496709_2.fastq
