rm -f gmon.out *.o a.out SWBWA *~ *.a slave/*.o
mpicc -mhost -fPIC -mieee -mftz -faddress_align=32 -c -Wall -Wno-unused-function -g -O2 -D_GNU_SOURCE -D_FILE_OFFSET_BITS=64 -DHAVE_PTHREAD -I/home/export/online1/mdt00/shisuan/swls-CFD/guoshi/ylf/lwpf3 -include swbwa_config.h -DSWBWA_EXEC_MODE=SWBWA_EXEC_CGS_CROSS -DSWBWA_CPE_ALLOC_MODE=SWBWA_CPE_ALLOC_POOL -DSWBWA_ENABLE_HOST_MALLOC_WRAPPER=1 -DSWBWA_ENABLE_HOST_MALLOC_STATS=0 -DSWBWA_ENABLE_CPE_MALLOC_WRAPPER=1 -DSWBWA_ENABLE_CPE_PROFILE=1 -DSWBWA_CPE_PROFILE_CG=5 -DSWBWA_ENABLE_FLOAT16_VECTOR=1 -DSWBWA_USE_MPI=0 utils.c -o utils.o
mpicxx -mhost -fPIC -mieee -mftz -faddress_align=32 -c -Wall -Wno-unused-function -g -O2 -D_GNU_SOURCE -D_FILE_OFFSET_BITS=64 -std=c++11 -DHAVE_PTHREAD -I/home/export/online1/mdt00/shisuan/swls-CFD/guoshi/ylf/lwpf3 -include swbwa_config.h -DSWBWA_EXEC_MODE=SWBWA_EXEC_CGS_CROSS -DSWBWA_CPE_ALLOC_MODE=SWBWA_CPE_ALLOC_POOL -DSWBWA_ENABLE_HOST_MALLOC_WRAPPER=1 -DSWBWA_ENABLE_HOST_MALLOC_STATS=0 -DSWBWA_ENABLE_CPE_MALLOC_WRAPPER=1 -DSWBWA_ENABLE_CPE_PROFILE=1 -DSWBWA_CPE_PROFILE_CG=5 -DSWBWA_ENABLE_FLOAT16_VECTOR=1 -DSWBWA_USE_MPI=0 kthread.cpp -o kthread.o
mpicc -mhost -fPIC -mieee -mftz -faddress_align=32 -c -Wall -Wno-unused-function -g -O2 -D_GNU_SOURCE -D_FILE_OFFSET_BITS=64 -DHAVE_PTHREAD -I/home/export/online1/mdt00/shisuan/swls-CFD/guoshi/ylf/lwpf3 -include swbwa_config.h -DSWBWA_EXEC_MODE=SWBWA_EXEC_CGS_CROSS -DSWBWA_CPE_ALLOC_MODE=SWBWA_CPE_ALLOC_POOL -DSWBWA_ENABLE_HOST_MALLOC_WRAPPER=1 -DSWBWA_ENABLE_HOST_MALLOC_STATS=0 -DSWBWA_ENABLE_CPE_MALLOC_WRAPPER=1 -DSWBWA_ENABLE_CPE_PROFILE=1 -DSWBWA_CPE_PROFILE_CG=5 -DSWBWA_ENABLE_FLOAT16_VECTOR=1 -DSWBWA_USE_MPI=0 kstring.c -o kstring.o
mpicc -mhost -fPIC -mieee -mftz -faddress_align=32 -c -Wall -Wno-unused-function -g -O2 -D_GNU_SOURCE -D_FILE_OFFSET_BITS=64 -DHAVE_PTHREAD -I/home/export/online1/mdt00/shisuan/swls-CFD/guoshi/ylf/lwpf3 -include swbwa_config.h -DSWBWA_EXEC_MODE=SWBWA_EXEC_CGS_CROSS -DSWBWA_CPE_ALLOC_MODE=SWBWA_CPE_ALLOC_POOL -DSWBWA_ENABLE_HOST_MALLOC_WRAPPER=1 -DSWBWA_ENABLE_HOST_MALLOC_STATS=0 -DSWBWA_ENABLE_CPE_MALLOC_WRAPPER=1 -DSWBWA_ENABLE_CPE_PROFILE=1 -DSWBWA_CPE_PROFILE_CG=5 -DSWBWA_ENABLE_FLOAT16_VECTOR=1 -DSWBWA_USE_MPI=0 ksw.c -o ksw.o
mpicc -mhost -fPIC -mieee -mftz -faddress_align=32 -c -Wall -Wno-unused-function -g -O2 -D_GNU_SOURCE -D_FILE_OFFSET_BITS=64 -DHAVE_PTHREAD -I/home/export/online1/mdt00/shisuan/swls-CFD/guoshi/ylf/lwpf3 -include swbwa_config.h -DSWBWA_EXEC_MODE=SWBWA_EXEC_CGS_CROSS -DSWBWA_CPE_ALLOC_MODE=SWBWA_CPE_ALLOC_POOL -DSWBWA_ENABLE_HOST_MALLOC_WRAPPER=1 -DSWBWA_ENABLE_HOST_MALLOC_STATS=0 -DSWBWA_ENABLE_CPE_MALLOC_WRAPPER=1 -DSWBWA_ENABLE_CPE_PROFILE=1 -DSWBWA_CPE_PROFILE_CG=5 -DSWBWA_ENABLE_FLOAT16_VECTOR=1 -DSWBWA_USE_MPI=0 bwt.c -o bwt.o
mpicc -mhost -fPIC -mieee -mftz -faddress_align=32 -c -Wall -Wno-unused-function -g -O2 -D_GNU_SOURCE -D_FILE_OFFSET_BITS=64 -DHAVE_PTHREAD -I/home/export/online1/mdt00/shisuan/swls-CFD/guoshi/ylf/lwpf3 -include swbwa_config.h -DSWBWA_EXEC_MODE=SWBWA_EXEC_CGS_CROSS -DSWBWA_CPE_ALLOC_MODE=SWBWA_CPE_ALLOC_POOL -DSWBWA_ENABLE_HOST_MALLOC_WRAPPER=1 -DSWBWA_ENABLE_HOST_MALLOC_STATS=0 -DSWBWA_ENABLE_CPE_MALLOC_WRAPPER=1 -DSWBWA_ENABLE_CPE_PROFILE=1 -DSWBWA_CPE_PROFILE_CG=5 -DSWBWA_ENABLE_FLOAT16_VECTOR=1 -DSWBWA_USE_MPI=0 bntseq.c -o bntseq.o
mpicc -mhost -fPIC -mieee -mftz -faddress_align=32 -c -Wall -Wno-unused-function -g -O2 -D_GNU_SOURCE -D_FILE_OFFSET_BITS=64 -DHAVE_PTHREAD -I/home/export/online1/mdt00/shisuan/swls-CFD/guoshi/ylf/lwpf3 -include swbwa_config.h -DSWBWA_EXEC_MODE=SWBWA_EXEC_CGS_CROSS -DSWBWA_CPE_ALLOC_MODE=SWBWA_CPE_ALLOC_POOL -DSWBWA_ENABLE_HOST_MALLOC_WRAPPER=1 -DSWBWA_ENABLE_HOST_MALLOC_STATS=0 -DSWBWA_ENABLE_CPE_MALLOC_WRAPPER=1 -DSWBWA_ENABLE_CPE_PROFILE=1 -DSWBWA_CPE_PROFILE_CG=5 -DSWBWA_ENABLE_FLOAT16_VECTOR=1 -DSWBWA_USE_MPI=0 bwa.c -o bwa.o
mpicc -mhost -fPIC -mieee -mftz -faddress_align=32 -c -Wall -Wno-unused-function -g -O2 -D_GNU_SOURCE -D_FILE_OFFSET_BITS=64 -DHAVE_PTHREAD -I/home/export/online1/mdt00/shisuan/swls-CFD/guoshi/ylf/lwpf3 -include swbwa_config.h -DSWBWA_EXEC_MODE=SWBWA_EXEC_CGS_CROSS -DSWBWA_CPE_ALLOC_MODE=SWBWA_CPE_ALLOC_POOL -DSWBWA_ENABLE_HOST_MALLOC_WRAPPER=1 -DSWBWA_ENABLE_HOST_MALLOC_STATS=0 -DSWBWA_ENABLE_CPE_MALLOC_WRAPPER=1 -DSWBWA_ENABLE_CPE_PROFILE=1 -DSWBWA_CPE_PROFILE_CG=5 -DSWBWA_ENABLE_FLOAT16_VECTOR=1 -DSWBWA_USE_MPI=0 bwamem.c -o bwamem.o
mpicc -mhost -fPIC -mieee -mftz -faddress_align=32 -c -Wall -Wno-unused-function -g -O2 -D_GNU_SOURCE -D_FILE_OFFSET_BITS=64 -DHAVE_PTHREAD -I/home/export/online1/mdt00/shisuan/swls-CFD/guoshi/ylf/lwpf3 -include swbwa_config.h -DSWBWA_EXEC_MODE=SWBWA_EXEC_CGS_CROSS -DSWBWA_CPE_ALLOC_MODE=SWBWA_CPE_ALLOC_POOL -DSWBWA_ENABLE_HOST_MALLOC_WRAPPER=1 -DSWBWA_ENABLE_HOST_MALLOC_STATS=0 -DSWBWA_ENABLE_CPE_MALLOC_WRAPPER=1 -DSWBWA_ENABLE_CPE_PROFILE=1 -DSWBWA_CPE_PROFILE_CG=5 -DSWBWA_ENABLE_FLOAT16_VECTOR=1 -DSWBWA_USE_MPI=0 bwamem_pair.c -o bwamem_pair.o
mpicc -mhost -fPIC -mieee -mftz -faddress_align=32 -c -Wall -Wno-unused-function -g -O2 -D_GNU_SOURCE -D_FILE_OFFSET_BITS=64 -DHAVE_PTHREAD -I/home/export/online1/mdt00/shisuan/swls-CFD/guoshi/ylf/lwpf3 -include swbwa_config.h -DSWBWA_EXEC_MODE=SWBWA_EXEC_CGS_CROSS -DSWBWA_CPE_ALLOC_MODE=SWBWA_CPE_ALLOC_POOL -DSWBWA_ENABLE_HOST_MALLOC_WRAPPER=1 -DSWBWA_ENABLE_HOST_MALLOC_STATS=0 -DSWBWA_ENABLE_CPE_MALLOC_WRAPPER=1 -DSWBWA_ENABLE_CPE_PROFILE=1 -DSWBWA_CPE_PROFILE_CG=5 -DSWBWA_ENABLE_FLOAT16_VECTOR=1 -DSWBWA_USE_MPI=0 bwamem_extra.c -o bwamem_extra.o
mpicc -mhost -fPIC -mieee -mftz -faddress_align=32 -c -Wall -Wno-unused-function -g -O2 -D_GNU_SOURCE -D_FILE_OFFSET_BITS=64 -DHAVE_PTHREAD -I/home/export/online1/mdt00/shisuan/swls-CFD/guoshi/ylf/lwpf3 -include swbwa_config.h -DSWBWA_EXEC_MODE=SWBWA_EXEC_CGS_CROSS -DSWBWA_CPE_ALLOC_MODE=SWBWA_CPE_ALLOC_POOL -DSWBWA_ENABLE_HOST_MALLOC_WRAPPER=1 -DSWBWA_ENABLE_HOST_MALLOC_STATS=0 -DSWBWA_ENABLE_CPE_MALLOC_WRAPPER=1 -DSWBWA_ENABLE_CPE_PROFILE=1 -DSWBWA_CPE_PROFILE_CG=5 -DSWBWA_ENABLE_FLOAT16_VECTOR=1 -DSWBWA_USE_MPI=0 malloc_wrap.c -o malloc_wrap.o
mpicc -mhost -fPIC -mieee -mftz -faddress_align=32 -c -Wall -Wno-unused-function -g -O2 -D_GNU_SOURCE -D_FILE_OFFSET_BITS=64 -DHAVE_PTHREAD -I/home/export/online1/mdt00/shisuan/swls-CFD/guoshi/ylf/lwpf3 -include swbwa_config.h -DSWBWA_EXEC_MODE=SWBWA_EXEC_CGS_CROSS -DSWBWA_CPE_ALLOC_MODE=SWBWA_CPE_ALLOC_POOL -DSWBWA_ENABLE_HOST_MALLOC_WRAPPER=1 -DSWBWA_ENABLE_HOST_MALLOC_STATS=0 -DSWBWA_ENABLE_CPE_MALLOC_WRAPPER=1 -DSWBWA_ENABLE_CPE_PROFILE=1 -DSWBWA_CPE_PROFILE_CG=5 -DSWBWA_ENABLE_FLOAT16_VECTOR=1 -DSWBWA_USE_MPI=0 QSufSort.c -o QSufSort.o
mpicc -mhost -fPIC -mieee -mftz -faddress_align=32 -c -Wall -Wno-unused-function -g -O2 -D_GNU_SOURCE -D_FILE_OFFSET_BITS=64 -DHAVE_PTHREAD -I/home/export/online1/mdt00/shisuan/swls-CFD/guoshi/ylf/lwpf3 -include swbwa_config.h -DSWBWA_EXEC_MODE=SWBWA_EXEC_CGS_CROSS -DSWBWA_CPE_ALLOC_MODE=SWBWA_CPE_ALLOC_POOL -DSWBWA_ENABLE_HOST_MALLOC_WRAPPER=1 -DSWBWA_ENABLE_HOST_MALLOC_STATS=0 -DSWBWA_ENABLE_CPE_MALLOC_WRAPPER=1 -DSWBWA_ENABLE_CPE_PROFILE=1 -DSWBWA_CPE_PROFILE_CG=5 -DSWBWA_ENABLE_FLOAT16_VECTOR=1 -DSWBWA_USE_MPI=0 bwt_gen.c -o bwt_gen.o
mpicc -mhost -fPIC -mieee -mftz -faddress_align=32 -c -Wall -Wno-unused-function -g -O2 -D_GNU_SOURCE -D_FILE_OFFSET_BITS=64 -DHAVE_PTHREAD -I/home/export/online1/mdt00/shisuan/swls-CFD/guoshi/ylf/lwpf3 -include swbwa_config.h -DSWBWA_EXEC_MODE=SWBWA_EXEC_CGS_CROSS -DSWBWA_CPE_ALLOC_MODE=SWBWA_CPE_ALLOC_POOL -DSWBWA_ENABLE_HOST_MALLOC_WRAPPER=1 -DSWBWA_ENABLE_HOST_MALLOC_STATS=0 -DSWBWA_ENABLE_CPE_MALLOC_WRAPPER=1 -DSWBWA_ENABLE_CPE_PROFILE=1 -DSWBWA_CPE_PROFILE_CG=5 -DSWBWA_ENABLE_FLOAT16_VECTOR=1 -DSWBWA_USE_MPI=0 rope.c -o rope.o
mpicc -mhost -fPIC -mieee -mftz -faddress_align=32 -c -Wall -Wno-unused-function -g -O2 -D_GNU_SOURCE -D_FILE_OFFSET_BITS=64 -DHAVE_PTHREAD -I/home/export/online1/mdt00/shisuan/swls-CFD/guoshi/ylf/lwpf3 -include swbwa_config.h -DSWBWA_EXEC_MODE=SWBWA_EXEC_CGS_CROSS -DSWBWA_CPE_ALLOC_MODE=SWBWA_CPE_ALLOC_POOL -DSWBWA_ENABLE_HOST_MALLOC_WRAPPER=1 -DSWBWA_ENABLE_HOST_MALLOC_STATS=0 -DSWBWA_ENABLE_CPE_MALLOC_WRAPPER=1 -DSWBWA_ENABLE_CPE_PROFILE=1 -DSWBWA_CPE_PROFILE_CG=5 -DSWBWA_ENABLE_FLOAT16_VECTOR=1 -DSWBWA_USE_MPI=0 rle.c -o rle.o
mpicc -mhost -fPIC -mieee -mftz -faddress_align=32 -c -Wall -Wno-unused-function -g -O2 -D_GNU_SOURCE -D_FILE_OFFSET_BITS=64 -DHAVE_PTHREAD -I/home/export/online1/mdt00/shisuan/swls-CFD/guoshi/ylf/lwpf3 -include swbwa_config.h -DSWBWA_EXEC_MODE=SWBWA_EXEC_CGS_CROSS -DSWBWA_CPE_ALLOC_MODE=SWBWA_CPE_ALLOC_POOL -DSWBWA_ENABLE_HOST_MALLOC_WRAPPER=1 -DSWBWA_ENABLE_HOST_MALLOC_STATS=0 -DSWBWA_ENABLE_CPE_MALLOC_WRAPPER=1 -DSWBWA_ENABLE_CPE_PROFILE=1 -DSWBWA_CPE_PROFILE_CG=5 -DSWBWA_ENABLE_FLOAT16_VECTOR=1 -DSWBWA_USE_MPI=0 is.c -o is.o
mpicc -mhost -fPIC -mieee -mftz -faddress_align=32 -c -Wall -Wno-unused-function -g -O2 -D_GNU_SOURCE -D_FILE_OFFSET_BITS=64 -DHAVE_PTHREAD -I/home/export/online1/mdt00/shisuan/swls-CFD/guoshi/ylf/lwpf3 -include swbwa_config.h -DSWBWA_EXEC_MODE=SWBWA_EXEC_CGS_CROSS -DSWBWA_CPE_ALLOC_MODE=SWBWA_CPE_ALLOC_POOL -DSWBWA_ENABLE_HOST_MALLOC_WRAPPER=1 -DSWBWA_ENABLE_HOST_MALLOC_STATS=0 -DSWBWA_ENABLE_CPE_MALLOC_WRAPPER=1 -DSWBWA_ENABLE_CPE_PROFILE=1 -DSWBWA_CPE_PROFILE_CG=5 -DSWBWA_ENABLE_FLOAT16_VECTOR=1 -DSWBWA_USE_MPI=0 bwtindex.c -o bwtindex.o
mpicc -mhost -fPIC -mieee -mftz -faddress_align=32 -c -Wall -Wno-unused-function -g -O2 -D_GNU_SOURCE -D_FILE_OFFSET_BITS=64 -DHAVE_PTHREAD -I/home/export/online1/mdt00/shisuan/swls-CFD/guoshi/ylf/lwpf3 -include swbwa_config.h -DSWBWA_EXEC_MODE=SWBWA_EXEC_CGS_CROSS -DSWBWA_CPE_ALLOC_MODE=SWBWA_CPE_ALLOC_POOL -DSWBWA_ENABLE_HOST_MALLOC_WRAPPER=1 -DSWBWA_ENABLE_HOST_MALLOC_STATS=0 -DSWBWA_ENABLE_CPE_MALLOC_WRAPPER=1 -DSWBWA_ENABLE_CPE_PROFILE=1 -DSWBWA_CPE_PROFILE_CG=5 -DSWBWA_ENABLE_FLOAT16_VECTOR=1 -DSWBWA_USE_MPI=0 bwashm.c -o bwashm.o
mpicc -mhost -fPIC -mieee -mftz -faddress_align=32 -c -Wall -Wno-unused-function -g -O2 -D_GNU_SOURCE -D_FILE_OFFSET_BITS=64 -DHAVE_PTHREAD -I/home/export/online1/mdt00/shisuan/swls-CFD/guoshi/ylf/lwpf3 -include swbwa_config.h -DSWBWA_EXEC_MODE=SWBWA_EXEC_CGS_CROSS -DSWBWA_CPE_ALLOC_MODE=SWBWA_CPE_ALLOC_POOL -DSWBWA_ENABLE_HOST_MALLOC_WRAPPER=1 -DSWBWA_ENABLE_HOST_MALLOC_STATS=0 -DSWBWA_ENABLE_CPE_MALLOC_WRAPPER=1 -DSWBWA_ENABLE_CPE_PROFILE=1 -DSWBWA_CPE_PROFILE_CG=5 -DSWBWA_ENABLE_FLOAT16_VECTOR=1 -DSWBWA_USE_MPI=0 bwase.c -o bwase.o
mpicc -mhost -fPIC -mieee -mftz -faddress_align=32 -c -Wall -Wno-unused-function -g -O2 -D_GNU_SOURCE -D_FILE_OFFSET_BITS=64 -DHAVE_PTHREAD -I/home/export/online1/mdt00/shisuan/swls-CFD/guoshi/ylf/lwpf3 -include swbwa_config.h -DSWBWA_EXEC_MODE=SWBWA_EXEC_CGS_CROSS -DSWBWA_CPE_ALLOC_MODE=SWBWA_CPE_ALLOC_POOL -DSWBWA_ENABLE_HOST_MALLOC_WRAPPER=1 -DSWBWA_ENABLE_HOST_MALLOC_STATS=0 -DSWBWA_ENABLE_CPE_MALLOC_WRAPPER=1 -DSWBWA_ENABLE_CPE_PROFILE=1 -DSWBWA_CPE_PROFILE_CG=5 -DSWBWA_ENABLE_FLOAT16_VECTOR=1 -DSWBWA_USE_MPI=0 bwaseqio.c -o bwaseqio.o
mpicc -mhost -fPIC -mieee -mftz -faddress_align=32 -c -Wall -Wno-unused-function -g -O2 -D_GNU_SOURCE -D_FILE_OFFSET_BITS=64 -DHAVE_PTHREAD -I/home/export/online1/mdt00/shisuan/swls-CFD/guoshi/ylf/lwpf3 -include swbwa_config.h -DSWBWA_EXEC_MODE=SWBWA_EXEC_CGS_CROSS -DSWBWA_CPE_ALLOC_MODE=SWBWA_CPE_ALLOC_POOL -DSWBWA_ENABLE_HOST_MALLOC_WRAPPER=1 -DSWBWA_ENABLE_HOST_MALLOC_STATS=0 -DSWBWA_ENABLE_CPE_MALLOC_WRAPPER=1 -DSWBWA_ENABLE_CPE_PROFILE=1 -DSWBWA_CPE_PROFILE_CG=5 -DSWBWA_ENABLE_FLOAT16_VECTOR=1 -DSWBWA_USE_MPI=0 bwtgap.c -o bwtgap.o
mpicc -mhost -fPIC -mieee -mftz -faddress_align=32 -c -Wall -Wno-unused-function -g -O2 -D_GNU_SOURCE -D_FILE_OFFSET_BITS=64 -DHAVE_PTHREAD -I/home/export/online1/mdt00/shisuan/swls-CFD/guoshi/ylf/lwpf3 -include swbwa_config.h -DSWBWA_EXEC_MODE=SWBWA_EXEC_CGS_CROSS -DSWBWA_CPE_ALLOC_MODE=SWBWA_CPE_ALLOC_POOL -DSWBWA_ENABLE_HOST_MALLOC_WRAPPER=1 -DSWBWA_ENABLE_HOST_MALLOC_STATS=0 -DSWBWA_ENABLE_CPE_MALLOC_WRAPPER=1 -DSWBWA_ENABLE_CPE_PROFILE=1 -DSWBWA_CPE_PROFILE_CG=5 -DSWBWA_ENABLE_FLOAT16_VECTOR=1 -DSWBWA_USE_MPI=0 bwtaln.c -o bwtaln.o
mpicc -mhost -fPIC -mieee -mftz -faddress_align=32 -c -Wall -Wno-unused-function -g -O2 -D_GNU_SOURCE -D_FILE_OFFSET_BITS=64 -DHAVE_PTHREAD -I/home/export/online1/mdt00/shisuan/swls-CFD/guoshi/ylf/lwpf3 -include swbwa_config.h -DSWBWA_EXEC_MODE=SWBWA_EXEC_CGS_CROSS -DSWBWA_CPE_ALLOC_MODE=SWBWA_CPE_ALLOC_POOL -DSWBWA_ENABLE_HOST_MALLOC_WRAPPER=1 -DSWBWA_ENABLE_HOST_MALLOC_STATS=0 -DSWBWA_ENABLE_CPE_MALLOC_WRAPPER=1 -DSWBWA_ENABLE_CPE_PROFILE=1 -DSWBWA_CPE_PROFILE_CG=5 -DSWBWA_ENABLE_FLOAT16_VECTOR=1 -DSWBWA_USE_MPI=0 bamlite.c -o bamlite.o
mpicc -mhost -fPIC -mieee -mftz -faddress_align=32 -c -Wall -Wno-unused-function -g -O2 -D_GNU_SOURCE -D_FILE_OFFSET_BITS=64 -DHAVE_PTHREAD -I/home/export/online1/mdt00/shisuan/swls-CFD/guoshi/ylf/lwpf3 -include swbwa_config.h -DSWBWA_EXEC_MODE=SWBWA_EXEC_CGS_CROSS -DSWBWA_CPE_ALLOC_MODE=SWBWA_CPE_ALLOC_POOL -DSWBWA_ENABLE_HOST_MALLOC_WRAPPER=1 -DSWBWA_ENABLE_HOST_MALLOC_STATS=0 -DSWBWA_ENABLE_CPE_MALLOC_WRAPPER=1 -DSWBWA_ENABLE_CPE_PROFILE=1 -DSWBWA_CPE_PROFILE_CG=5 -DSWBWA_ENABLE_FLOAT16_VECTOR=1 -DSWBWA_USE_MPI=0 bwape.c -o bwape.o
mpicc -mhost -fPIC -mieee -mftz -faddress_align=32 -c -Wall -Wno-unused-function -g -O2 -D_GNU_SOURCE -D_FILE_OFFSET_BITS=64 -DHAVE_PTHREAD -I/home/export/online1/mdt00/shisuan/swls-CFD/guoshi/ylf/lwpf3 -include swbwa_config.h -DSWBWA_EXEC_MODE=SWBWA_EXEC_CGS_CROSS -DSWBWA_CPE_ALLOC_MODE=SWBWA_CPE_ALLOC_POOL -DSWBWA_ENABLE_HOST_MALLOC_WRAPPER=1 -DSWBWA_ENABLE_HOST_MALLOC_STATS=0 -DSWBWA_ENABLE_CPE_MALLOC_WRAPPER=1 -DSWBWA_ENABLE_CPE_PROFILE=1 -DSWBWA_CPE_PROFILE_CG=5 -DSWBWA_ENABLE_FLOAT16_VECTOR=1 -DSWBWA_USE_MPI=0 kopen.c -o kopen.o
mpicc -mhost -fPIC -mieee -mftz -faddress_align=32 -c -Wall -Wno-unused-function -g -O2 -D_GNU_SOURCE -D_FILE_OFFSET_BITS=64 -DHAVE_PTHREAD -I/home/export/online1/mdt00/shisuan/swls-CFD/guoshi/ylf/lwpf3 -include swbwa_config.h -DSWBWA_EXEC_MODE=SWBWA_EXEC_CGS_CROSS -DSWBWA_CPE_ALLOC_MODE=SWBWA_CPE_ALLOC_POOL -DSWBWA_ENABLE_HOST_MALLOC_WRAPPER=1 -DSWBWA_ENABLE_HOST_MALLOC_STATS=0 -DSWBWA_ENABLE_CPE_MALLOC_WRAPPER=1 -DSWBWA_ENABLE_CPE_PROFILE=1 -DSWBWA_CPE_PROFILE_CG=5 -DSWBWA_ENABLE_FLOAT16_VECTOR=1 -DSWBWA_USE_MPI=0 pemerge.c -o pemerge.o
mpicc -mhost -fPIC -mieee -mftz -faddress_align=32 -c -Wall -Wno-unused-function -g -O2 -D_GNU_SOURCE -D_FILE_OFFSET_BITS=64 -DHAVE_PTHREAD -I/home/export/online1/mdt00/shisuan/swls-CFD/guoshi/ylf/lwpf3 -include swbwa_config.h -DSWBWA_EXEC_MODE=SWBWA_EXEC_CGS_CROSS -DSWBWA_CPE_ALLOC_MODE=SWBWA_CPE_ALLOC_POOL -DSWBWA_ENABLE_HOST_MALLOC_WRAPPER=1 -DSWBWA_ENABLE_HOST_MALLOC_STATS=0 -DSWBWA_ENABLE_CPE_MALLOC_WRAPPER=1 -DSWBWA_ENABLE_CPE_PROFILE=1 -DSWBWA_CPE_PROFILE_CG=5 -DSWBWA_ENABLE_FLOAT16_VECTOR=1 -DSWBWA_USE_MPI=0 maxk.c -o maxk.o
mpicc -mhost -fPIC -mieee -mftz -faddress_align=32 -c -Wall -Wno-unused-function -g -O2 -D_GNU_SOURCE -D_FILE_OFFSET_BITS=64 -DHAVE_PTHREAD -I/home/export/online1/mdt00/shisuan/swls-CFD/guoshi/ylf/lwpf3 -include swbwa_config.h -DSWBWA_EXEC_MODE=SWBWA_EXEC_CGS_CROSS -DSWBWA_CPE_ALLOC_MODE=SWBWA_CPE_ALLOC_POOL -DSWBWA_ENABLE_HOST_MALLOC_WRAPPER=1 -DSWBWA_ENABLE_HOST_MALLOC_STATS=0 -DSWBWA_ENABLE_CPE_MALLOC_WRAPPER=1 -DSWBWA_ENABLE_CPE_PROFILE=1 -DSWBWA_CPE_PROFILE_CG=5 -DSWBWA_ENABLE_FLOAT16_VECTOR=1 -DSWBWA_USE_MPI=0 bwtsw2_core.c -o bwtsw2_core.o
mpicc -mhost -fPIC -mieee -mftz -faddress_align=32 -c -Wall -Wno-unused-function -g -O2 -D_GNU_SOURCE -D_FILE_OFFSET_BITS=64 -DHAVE_PTHREAD -I/home/export/online1/mdt00/shisuan/swls-CFD/guoshi/ylf/lwpf3 -include swbwa_config.h -DSWBWA_EXEC_MODE=SWBWA_EXEC_CGS_CROSS -DSWBWA_CPE_ALLOC_MODE=SWBWA_CPE_ALLOC_POOL -DSWBWA_ENABLE_HOST_MALLOC_WRAPPER=1 -DSWBWA_ENABLE_HOST_MALLOC_STATS=0 -DSWBWA_ENABLE_CPE_MALLOC_WRAPPER=1 -DSWBWA_ENABLE_CPE_PROFILE=1 -DSWBWA_CPE_PROFILE_CG=5 -DSWBWA_ENABLE_FLOAT16_VECTOR=1 -DSWBWA_USE_MPI=0 bwtsw2_main.c -o bwtsw2_main.o
mpicc -mhost -fPIC -mieee -mftz -faddress_align=32 -c -Wall -Wno-unused-function -g -O2 -D_GNU_SOURCE -D_FILE_OFFSET_BITS=64 -DHAVE_PTHREAD -I/home/export/online1/mdt00/shisuan/swls-CFD/guoshi/ylf/lwpf3 -include swbwa_config.h -DSWBWA_EXEC_MODE=SWBWA_EXEC_CGS_CROSS -DSWBWA_CPE_ALLOC_MODE=SWBWA_CPE_ALLOC_POOL -DSWBWA_ENABLE_HOST_MALLOC_WRAPPER=1 -DSWBWA_ENABLE_HOST_MALLOC_STATS=0 -DSWBWA_ENABLE_CPE_MALLOC_WRAPPER=1 -DSWBWA_ENABLE_CPE_PROFILE=1 -DSWBWA_CPE_PROFILE_CG=5 -DSWBWA_ENABLE_FLOAT16_VECTOR=1 -DSWBWA_USE_MPI=0 bwtsw2_aux.c -o bwtsw2_aux.o
mpicc -mhost -fPIC -mieee -mftz -faddress_align=32 -c -Wall -Wno-unused-function -g -O2 -D_GNU_SOURCE -D_FILE_OFFSET_BITS=64 -DHAVE_PTHREAD -I/home/export/online1/mdt00/shisuan/swls-CFD/guoshi/ylf/lwpf3 -include swbwa_config.h -DSWBWA_EXEC_MODE=SWBWA_EXEC_CGS_CROSS -DSWBWA_CPE_ALLOC_MODE=SWBWA_CPE_ALLOC_POOL -DSWBWA_ENABLE_HOST_MALLOC_WRAPPER=1 -DSWBWA_ENABLE_HOST_MALLOC_STATS=0 -DSWBWA_ENABLE_CPE_MALLOC_WRAPPER=1 -DSWBWA_ENABLE_CPE_PROFILE=1 -DSWBWA_CPE_PROFILE_CG=5 -DSWBWA_ENABLE_FLOAT16_VECTOR=1 -DSWBWA_USE_MPI=0 bwt_lite.c -o bwt_lite.o
mpicc -mhost -fPIC -mieee -mftz -faddress_align=32 -c -Wall -Wno-unused-function -g -O2 -D_GNU_SOURCE -D_FILE_OFFSET_BITS=64 -DHAVE_PTHREAD -I/home/export/online1/mdt00/shisuan/swls-CFD/guoshi/ylf/lwpf3 -include swbwa_config.h -DSWBWA_EXEC_MODE=SWBWA_EXEC_CGS_CROSS -DSWBWA_CPE_ALLOC_MODE=SWBWA_CPE_ALLOC_POOL -DSWBWA_ENABLE_HOST_MALLOC_WRAPPER=1 -DSWBWA_ENABLE_HOST_MALLOC_STATS=0 -DSWBWA_ENABLE_CPE_MALLOC_WRAPPER=1 -DSWBWA_ENABLE_CPE_PROFILE=1 -DSWBWA_CPE_PROFILE_CG=5 -DSWBWA_ENABLE_FLOAT16_VECTOR=1 -DSWBWA_USE_MPI=0 bwtsw2_chain.c -o bwtsw2_chain.o
mpicc -mhost -fPIC -mieee -mftz -faddress_align=32 -c -Wall -Wno-unused-function -g -O2 -D_GNU_SOURCE -D_FILE_OFFSET_BITS=64 -DHAVE_PTHREAD -I/home/export/online1/mdt00/shisuan/swls-CFD/guoshi/ylf/lwpf3 -include swbwa_config.h -DSWBWA_EXEC_MODE=SWBWA_EXEC_CGS_CROSS -DSWBWA_CPE_ALLOC_MODE=SWBWA_CPE_ALLOC_POOL -DSWBWA_ENABLE_HOST_MALLOC_WRAPPER=1 -DSWBWA_ENABLE_HOST_MALLOC_STATS=0 -DSWBWA_ENABLE_CPE_MALLOC_WRAPPER=1 -DSWBWA_ENABLE_CPE_PROFILE=1 -DSWBWA_CPE_PROFILE_CG=5 -DSWBWA_ENABLE_FLOAT16_VECTOR=1 -DSWBWA_USE_MPI=0 fastmap.c -o fastmap.o
mpicc -mhost -fPIC -mieee -mftz -faddress_align=32 -c -Wall -Wno-unused-function -g -O2 -D_GNU_SOURCE -D_FILE_OFFSET_BITS=64 -DHAVE_PTHREAD -I/home/export/online1/mdt00/shisuan/swls-CFD/guoshi/ylf/lwpf3 -include swbwa_config.h -DSWBWA_EXEC_MODE=SWBWA_EXEC_CGS_CROSS -DSWBWA_CPE_ALLOC_MODE=SWBWA_CPE_ALLOC_POOL -DSWBWA_ENABLE_HOST_MALLOC_WRAPPER=1 -DSWBWA_ENABLE_HOST_MALLOC_STATS=0 -DSWBWA_ENABLE_CPE_MALLOC_WRAPPER=1 -DSWBWA_ENABLE_CPE_PROFILE=1 -DSWBWA_CPE_PROFILE_CG=5 -DSWBWA_ENABLE_FLOAT16_VECTOR=1 -DSWBWA_USE_MPI=0 bwtsw2_pair.c -o bwtsw2_pair.o
mpicc -mhost -fPIC -mieee -mftz -faddress_align=32 -c -Wall -Wno-unused-function -g -O2 -D_GNU_SOURCE -D_FILE_OFFSET_BITS=64 -DHAVE_PTHREAD -I/home/export/online1/mdt00/shisuan/swls-CFD/guoshi/ylf/lwpf3 -include swbwa_config.h -DSWBWA_EXEC_MODE=SWBWA_EXEC_CGS_CROSS -DSWBWA_CPE_ALLOC_MODE=SWBWA_CPE_ALLOC_POOL -DSWBWA_ENABLE_HOST_MALLOC_WRAPPER=1 -DSWBWA_ENABLE_HOST_MALLOC_STATS=0 -DSWBWA_ENABLE_CPE_MALLOC_WRAPPER=1 -DSWBWA_ENABLE_CPE_PROFILE=1 -DSWBWA_CPE_PROFILE_CG=5 -DSWBWA_ENABLE_FLOAT16_VECTOR=1 -DSWBWA_USE_MPI=0 swbwa_mpi.c -o swbwa_mpi.o
mpicc -mhost -fPIC -mieee -mftz -faddress_align=32 -c -Wall -Wno-unused-function -g -O2 -D_GNU_SOURCE -D_FILE_OFFSET_BITS=64 -DHAVE_PTHREAD -I/home/export/online1/mdt00/shisuan/swls-CFD/guoshi/ylf/lwpf3 -include swbwa_config.h -DSWBWA_EXEC_MODE=SWBWA_EXEC_CGS_CROSS -DSWBWA_CPE_ALLOC_MODE=SWBWA_CPE_ALLOC_POOL -DSWBWA_ENABLE_HOST_MALLOC_WRAPPER=1 -DSWBWA_ENABLE_HOST_MALLOC_STATS=0 -DSWBWA_ENABLE_CPE_MALLOC_WRAPPER=1 -DSWBWA_ENABLE_CPE_PROFILE=1 -DSWBWA_CPE_PROFILE_CG=5 -DSWBWA_ENABLE_FLOAT16_VECTOR=1 -DSWBWA_USE_MPI=0 swbwa_output.c -o swbwa_output.o
mpicc -mhost -fPIC -mieee -mftz -faddress_align=32 -c -Wall -Wno-unused-function -g -O2 -D_GNU_SOURCE -D_FILE_OFFSET_BITS=64 -DHAVE_PTHREAD -I/home/export/online1/mdt00/shisuan/swls-CFD/guoshi/ylf/lwpf3 -include swbwa_config.h -DSWBWA_EXEC_MODE=SWBWA_EXEC_CGS_CROSS -DSWBWA_CPE_ALLOC_MODE=SWBWA_CPE_ALLOC_POOL -DSWBWA_ENABLE_HOST_MALLOC_WRAPPER=1 -DSWBWA_ENABLE_HOST_MALLOC_STATS=0 -DSWBWA_ENABLE_CPE_MALLOC_WRAPPER=1 -DSWBWA_ENABLE_CPE_PROFILE=1 -DSWBWA_CPE_PROFILE_CG=5 -DSWBWA_ENABLE_FLOAT16_VECTOR=1 -DSWBWA_USE_MPI=0 swbwa_cpe_profile.c -o swbwa_cpe_profile.o
mpicc -mhost -fPIC -mieee -mftz -faddress_align=32 -c -Wall -Wno-unused-function -g -O2 -D_GNU_SOURCE -D_FILE_OFFSET_BITS=64 -DHAVE_PTHREAD -I/home/export/online1/mdt00/shisuan/swls-CFD/guoshi/ylf/lwpf3 -include swbwa_config.h -DSWBWA_EXEC_MODE=SWBWA_EXEC_CGS_CROSS -DSWBWA_CPE_ALLOC_MODE=SWBWA_CPE_ALLOC_POOL -DSWBWA_ENABLE_HOST_MALLOC_WRAPPER=1 -DSWBWA_ENABLE_HOST_MALLOC_STATS=0 -DSWBWA_ENABLE_CPE_MALLOC_WRAPPER=1 -DSWBWA_ENABLE_CPE_PROFILE=1 -DSWBWA_CPE_PROFILE_CG=5 -DSWBWA_ENABLE_FLOAT16_VECTOR=1 -DSWBWA_USE_MPI=0 main.c -o main.o
mpicc -mslave -msimd -fPIC -mieee -mftz -faddress_align=64 -c -Wall -Wno-unused-function -g -O2 -D_GNU_SOURCE -D_FILE_OFFSET_BITS=64 -DHAVE_PTHREAD -I/home/export/online1/mdt00/shisuan/swls-CFD/guoshi/ylf/lwpf3 -include swbwa_config.h -DSWBWA_EXEC_MODE=SWBWA_EXEC_CGS_CROSS -DSWBWA_CPE_ALLOC_MODE=SWBWA_CPE_ALLOC_POOL -DSWBWA_ENABLE_HOST_MALLOC_WRAPPER=1 -DSWBWA_ENABLE_HOST_MALLOC_STATS=0 -DSWBWA_ENABLE_CPE_MALLOC_WRAPPER=1 -DSWBWA_ENABLE_CPE_PROFILE=1 -DSWBWA_CPE_PROFILE_CG=5 -DSWBWA_ENABLE_FLOAT16_VECTOR=1 -DSWBWA_USE_MPI=0 slave/bntseq.c -o slave/bntseq.o
In file included from /home/export/online1/mdt00/shisuan/swls-CFD/guoshi/ylf/lwpf3/lwpf.h:7:0,
                 from swbwa_cpe_profile.c:11:
/home/export/online1/mdt00/shisuan/swls-CFD/guoshi/ylf/lwpf3/lwpf_frontend_mpe.h: In function 'print_unit_num_wx':
/home/export/online1/mdt00/shisuan/swls-CFD/guoshi/ylf/lwpf3/lwpf_frontend_mpe.h:138:24: warning: format '%lld' expects argument of type 'long long int', but argument 4 has type 'long int' [-Wformat=]
   fprintf(output, "%*lld%s%s", w - 1, (value + LWPF_ON[ptrd]) / LWPF_DN[ptrd], LWPF_KN[ptrd], LWPF_KNRM);
                    ~~~~^              ~~~~~~~~~~~~~~~~~~~~~~~~~~~~~~~~~~~~~~~
                    %*ld
In file included from /home/export/online1/mdt00/shisuan/swls-CFD/guoshi/ylf/lwpf3/lwpf.h:7:0,
                 from swbwa_cpe_profile.c:11:
/home/export/online1/mdt00/shisuan/swls-CFD/guoshi/ylf/lwpf3/lwpf_frontend_mpe.h: In function 'lwpf_report_summary_one':
/home/export/online1/mdt00/shisuan/swls-CFD/guoshi/ylf/lwpf3/lwpf_frontend_mpe.h:368:13: warning: unused variable 'k' [-Wunused-variable]
   int i, j, k, l;
             ^
/home/export/online1/mdt00/shisuan/swls-CFD/guoshi/ylf/lwpf3/lwpf_frontend_mpe.h: In function 'lwpf_report_detail_one':
/home/export/online1/mdt00/shisuan/swls-CFD/guoshi/ylf/lwpf3/lwpf_frontend_mpe.h:450:7: warning: unused variable 'num_width' [-Wunused-variable]
   int num_width = LWPF_FW;
       ^~~~~~~~~
mpicc -mslave -msimd -fPIC -mieee -mftz -faddress_align=64 -c -Wall -Wno-unused-function -g -O2 -D_GNU_SOURCE -D_FILE_OFFSET_BITS=64 -DHAVE_PTHREAD -I/home/export/online1/mdt00/shisuan/swls-CFD/guoshi/ylf/lwpf3 -include swbwa_config.h -DSWBWA_EXEC_MODE=SWBWA_EXEC_CGS_CROSS -DSWBWA_CPE_ALLOC_MODE=SWBWA_CPE_ALLOC_POOL -DSWBWA_ENABLE_HOST_MALLOC_WRAPPER=1 -DSWBWA_ENABLE_HOST_MALLOC_STATS=0 -DSWBWA_ENABLE_CPE_MALLOC_WRAPPER=1 -DSWBWA_ENABLE_CPE_PROFILE=1 -DSWBWA_CPE_PROFILE_CG=5 -DSWBWA_ENABLE_FLOAT16_VECTOR=1 -DSWBWA_USE_MPI=0 slave/bwamem_extra.c -o slave/bwamem_extra.o
mpicc -mslave -msimd -fPIC -mieee -mftz -faddress_align=64 -c -Wall -Wno-unused-function -g -O2 -D_GNU_SOURCE -D_FILE_OFFSET_BITS=64 -DHAVE_PTHREAD -I/home/export/online1/mdt00/shisuan/swls-CFD/guoshi/ylf/lwpf3 -include swbwa_config.h -DSWBWA_EXEC_MODE=SWBWA_EXEC_CGS_CROSS -DSWBWA_CPE_ALLOC_MODE=SWBWA_CPE_ALLOC_POOL -DSWBWA_ENABLE_HOST_MALLOC_WRAPPER=1 -DSWBWA_ENABLE_HOST_MALLOC_STATS=0 -DSWBWA_ENABLE_CPE_MALLOC_WRAPPER=1 -DSWBWA_ENABLE_CPE_PROFILE=1 -DSWBWA_CPE_PROFILE_CG=5 -DSWBWA_ENABLE_FLOAT16_VECTOR=1 -DSWBWA_USE_MPI=0 slave/bwamem.c -o slave/bwamem.o
mpicc -mslave -msimd -fPIC -mieee -mftz -faddress_align=64 -c -Wall -Wno-unused-function -g -O2 -D_GNU_SOURCE -D_FILE_OFFSET_BITS=64 -DHAVE_PTHREAD -I/home/export/online1/mdt00/shisuan/swls-CFD/guoshi/ylf/lwpf3 -include swbwa_config.h -DSWBWA_EXEC_MODE=SWBWA_EXEC_CGS_CROSS -DSWBWA_CPE_ALLOC_MODE=SWBWA_CPE_ALLOC_POOL -DSWBWA_ENABLE_HOST_MALLOC_WRAPPER=1 -DSWBWA_ENABLE_HOST_MALLOC_STATS=0 -DSWBWA_ENABLE_CPE_MALLOC_WRAPPER=1 -DSWBWA_ENABLE_CPE_PROFILE=1 -DSWBWA_CPE_PROFILE_CG=5 -DSWBWA_ENABLE_FLOAT16_VECTOR=1 -DSWBWA_USE_MPI=0 slave/malloc_wrap.c -o slave/malloc_wrap.o
mpicc -mslave -msimd -fPIC -mieee -mftz -faddress_align=64 -c -Wall -Wno-unused-function -g -O2 -D_GNU_SOURCE -D_FILE_OFFSET_BITS=64 -DHAVE_PTHREAD -I/home/export/online1/mdt00/shisuan/swls-CFD/guoshi/ylf/lwpf3 -include swbwa_config.h -DSWBWA_EXEC_MODE=SWBWA_EXEC_CGS_CROSS -DSWBWA_CPE_ALLOC_MODE=SWBWA_CPE_ALLOC_POOL -DSWBWA_ENABLE_HOST_MALLOC_WRAPPER=1 -DSWBWA_ENABLE_HOST_MALLOC_STATS=0 -DSWBWA_ENABLE_CPE_MALLOC_WRAPPER=1 -DSWBWA_ENABLE_CPE_PROFILE=1 -DSWBWA_CPE_PROFILE_CG=5 -DSWBWA_ENABLE_FLOAT16_VECTOR=1 -DSWBWA_USE_MPI=0 slave/rle.c -o slave/rle.o
In file included from /home/export/online1/mdt00/shisuan/swls-CFD/guoshi/ylf/lwpf3/lwpf.h:4:0,
                 from slave/swbwa_cpe_profile.h:91,
                 from slave/bwamem.c:40:
/home/export/online1/mdt00/shisuan/swls-CFD/guoshi/ylf/lwpf3/lwpf_frontend_cpe.h:86:14: warning: 'lwpf_kernel_count_SWBWA' initialized and declared 'extern'
 #define U(x) lwpf_kernel_count_ ## x
              ^
slave/swbwa_cpe_profile.h:90:19: note: in expansion of macro 'U'
 #define LWPF_UNIT U(SWBWA)
                   ^
/home/export/online1/mdt00/shisuan/swls-CFD/guoshi/ylf/lwpf3/lwpf_frontend_cpe.h:87:29: note: in expansion of macro 'LWPF_UNIT'
 extern LWPF_WEAK const long LWPF_UNIT =
                             ^~~~~~~~~
In file included from slave/bwamem.c:45:0:
slave/utils.h:76:9: warning: 'slave_my_printf' is an unrecognized format function type [-Wformat=]
         ATTRIBUTE((format(printf, 2, 3)));
         ^~~~~~~~~
slave/utils.h:78:9: warning: 'slave_my_printf' is an unrecognized format function type [-Wformat=]
         ATTRIBUTE((format(printf, 1, 2)));
         ^~~~~~~~~
mpicc -mslave -msimd -fPIC -mieee -mftz -faddress_align=64 -c -Wall -Wno-unused-function -g -O2 -D_GNU_SOURCE -D_FILE_OFFSET_BITS=64 -DHAVE_PTHREAD -I/home/export/online1/mdt00/shisuan/swls-CFD/guoshi/ylf/lwpf3 -include swbwa_config.h -DSWBWA_EXEC_MODE=SWBWA_EXEC_CGS_CROSS -DSWBWA_CPE_ALLOC_MODE=SWBWA_CPE_ALLOC_POOL -DSWBWA_ENABLE_HOST_MALLOC_WRAPPER=1 -DSWBWA_ENABLE_HOST_MALLOC_STATS=0 -DSWBWA_ENABLE_CPE_MALLOC_WRAPPER=1 -DSWBWA_ENABLE_CPE_PROFILE=1 -DSWBWA_CPE_PROFILE_CG=5 -DSWBWA_ENABLE_FLOAT16_VECTOR=1 -DSWBWA_USE_MPI=0 slave/slave.c -o slave/slave.o
In file included from /home/export/online1/mdt00/shisuan/swls-CFD/guoshi/ylf/lwpf3/lwpf_backend.h:16:0,
                 from /home/export/online1/mdt00/shisuan/swls-CFD/guoshi/ylf/lwpf3/lwpf.h:2,
                 from slave/swbwa_cpe_profile.h:91,
                 from slave/bwamem.c:40:
/home/export/online1/mdt00/shisuan/swls-CFD/guoshi/ylf/lwpf3/sw9_pcr.h:34:21: warning: 'PCR_NAMES' defined but not used [-Wunused-variable]
 static const char **PCR_NAMES[] = {PC0_NAMES, PC1_NAMES, PC2_NAMES, PC3_NAMES,
                     ^~~~~~~~~
mpicc -mslave -msimd -fPIC -mieee -mftz -faddress_align=64 -c -Wall -Wno-unused-function -g -O2 -D_GNU_SOURCE -D_FILE_OFFSET_BITS=64 -DHAVE_PTHREAD -I/home/export/online1/mdt00/shisuan/swls-CFD/guoshi/ylf/lwpf3 -include swbwa_config.h -DSWBWA_EXEC_MODE=SWBWA_EXEC_CGS_CROSS -DSWBWA_CPE_ALLOC_MODE=SWBWA_CPE_ALLOC_POOL -DSWBWA_ENABLE_HOST_MALLOC_WRAPPER=1 -DSWBWA_ENABLE_HOST_MALLOC_STATS=0 -DSWBWA_ENABLE_CPE_MALLOC_WRAPPER=1 -DSWBWA_ENABLE_CPE_PROFILE=1 -DSWBWA_CPE_PROFILE_CG=5 -DSWBWA_ENABLE_FLOAT16_VECTOR=1 -DSWBWA_USE_MPI=0 slave/bwamem_pair.c -o slave/bwamem_pair.o
mpicc -mslave -msimd -fPIC -mieee -mftz -faddress_align=64 -c -Wall -Wno-unused-function -g -O2 -D_GNU_SOURCE -D_FILE_OFFSET_BITS=64 -DHAVE_PTHREAD -I/home/export/online1/mdt00/shisuan/swls-CFD/guoshi/ylf/lwpf3 -include swbwa_config.h -DSWBWA_EXEC_MODE=SWBWA_EXEC_CGS_CROSS -DSWBWA_CPE_ALLOC_MODE=SWBWA_CPE_ALLOC_POOL -DSWBWA_ENABLE_HOST_MALLOC_WRAPPER=1 -DSWBWA_ENABLE_HOST_MALLOC_STATS=0 -DSWBWA_ENABLE_CPE_MALLOC_WRAPPER=1 -DSWBWA_ENABLE_CPE_PROFILE=1 -DSWBWA_CPE_PROFILE_CG=5 -DSWBWA_ENABLE_FLOAT16_VECTOR=1 -DSWBWA_USE_MPI=0 slave/bwt.c -o slave/bwt.o
In file included from /home/export/online1/mdt00/shisuan/swls-CFD/guoshi/ylf/lwpf3/lwpf.h:4:0,
                 from slave/swbwa_cpe_profile.h:91,
                 from slave/slave.c:11:
/home/export/online1/mdt00/shisuan/swls-CFD/guoshi/ylf/lwpf3/lwpf_frontend_cpe.h:86:14: warning: 'lwpf_kernel_count_SWBWA' initialized and declared 'extern'
 #define U(x) lwpf_kernel_count_ ## x
              ^
slave/swbwa_cpe_profile.h:90:19: note: in expansion of macro 'U'
 #define LWPF_UNIT U(SWBWA)
                   ^
/home/export/online1/mdt00/shisuan/swls-CFD/guoshi/ylf/lwpf3/lwpf_frontend_cpe.h:87:29: note: in expansion of macro 'LWPF_UNIT'
 extern LWPF_WEAK const long LWPF_UNIT =
                             ^~~~~~~~~
In file included from /home/export/online1/mdt00/shisuan/swls-CFD/guoshi/ylf/lwpf3/lwpf_backend.h:16:0,
                 from /home/export/online1/mdt00/shisuan/swls-CFD/guoshi/ylf/lwpf3/lwpf.h:2,
                 from slave/swbwa_cpe_profile.h:91,
                 from slave/slave.c:11:
/home/export/online1/mdt00/shisuan/swls-CFD/guoshi/ylf/lwpf3/sw9_pcr.h:34:21: warning: 'PCR_NAMES' defined but not used [-Wunused-variable]
 static const char **PCR_NAMES[] = {PC0_NAMES, PC1_NAMES, PC2_NAMES, PC3_NAMES,
                     ^~~~~~~~~
mpicc -mslave -msimd -fPIC -mieee -mftz -faddress_align=64 -c -Wall -Wno-unused-function -g -O2 -D_GNU_SOURCE -D_FILE_OFFSET_BITS=64 -DHAVE_PTHREAD -I/home/export/online1/mdt00/shisuan/swls-CFD/guoshi/ylf/lwpf3 -include swbwa_config.h -DSWBWA_EXEC_MODE=SWBWA_EXEC_CGS_CROSS -DSWBWA_CPE_ALLOC_MODE=SWBWA_CPE_ALLOC_POOL -DSWBWA_ENABLE_HOST_MALLOC_WRAPPER=1 -DSWBWA_ENABLE_HOST_MALLOC_STATS=0 -DSWBWA_ENABLE_CPE_MALLOC_WRAPPER=1 -DSWBWA_ENABLE_CPE_PROFILE=1 -DSWBWA_CPE_PROFILE_CG=5 -DSWBWA_ENABLE_FLOAT16_VECTOR=1 -DSWBWA_USE_MPI=0 slave/rope.c -o slave/rope.o
In file included from /home/export/online1/mdt00/shisuan/swls-CFD/guoshi/ylf/lwpf3/lwpf.h:4:0,
                 from slave/swbwa_cpe_profile.h:91,
                 from slave/bwamem_pair.c:33:
/home/export/online1/mdt00/shisuan/swls-CFD/guoshi/ylf/lwpf3/lwpf_frontend_cpe.h:86:14: warning: 'lwpf_kernel_count_SWBWA' initialized and declared 'extern'
 #define U(x) lwpf_kernel_count_ ## x
              ^
slave/swbwa_cpe_profile.h:90:19: note: in expansion of macro 'U'
 #define LWPF_UNIT U(SWBWA)
                   ^
/home/export/online1/mdt00/shisuan/swls-CFD/guoshi/ylf/lwpf3/lwpf_frontend_cpe.h:87:29: note: in expansion of macro 'LWPF_UNIT'
 extern LWPF_WEAK const long LWPF_UNIT =
                             ^~~~~~~~~
In file included from slave/bwamem_pair.c:116:0:
slave/utils.h:76:9: warning: 'slave_my_printf' is an unrecognized format function type [-Wformat=]
         ATTRIBUTE((format(printf, 2, 3)));
         ^~~~~~~~~
slave/utils.h:78:9: warning: 'slave_my_printf' is an unrecognized format function type [-Wformat=]
         ATTRIBUTE((format(printf, 1, 2)));
         ^~~~~~~~~
In file included from /home/export/online1/mdt00/shisuan/swls-CFD/guoshi/ylf/lwpf3/lwpf_backend.h:16:0,
                 from /home/export/online1/mdt00/shisuan/swls-CFD/guoshi/ylf/lwpf3/lwpf.h:2,
                 from slave/swbwa_cpe_profile.h:91,
                 from slave/bwamem_pair.c:33:
/home/export/online1/mdt00/shisuan/swls-CFD/guoshi/ylf/lwpf3/sw9_pcr.h:34:21: warning: 'PCR_NAMES' defined but not used [-Wunused-variable]
 static const char **PCR_NAMES[] = {PC0_NAMES, PC1_NAMES, PC2_NAMES, PC3_NAMES,
                     ^~~~~~~~~
mpicc -mslave -msimd -fPIC -mieee -mftz -faddress_align=64 -c -Wall -Wno-unused-function -g -O2 -D_GNU_SOURCE -D_FILE_OFFSET_BITS=64 -DHAVE_PTHREAD -I/home/export/online1/mdt00/shisuan/swls-CFD/guoshi/ylf/lwpf3 -include swbwa_config.h -DSWBWA_EXEC_MODE=SWBWA_EXEC_CGS_CROSS -DSWBWA_CPE_ALLOC_MODE=SWBWA_CPE_ALLOC_POOL -DSWBWA_ENABLE_HOST_MALLOC_WRAPPER=1 -DSWBWA_ENABLE_HOST_MALLOC_STATS=0 -DSWBWA_ENABLE_CPE_MALLOC_WRAPPER=1 -DSWBWA_ENABLE_CPE_PROFILE=1 -DSWBWA_CPE_PROFILE_CG=5 -DSWBWA_ENABLE_FLOAT16_VECTOR=1 -DSWBWA_USE_MPI=0 slave/bwa.c -o slave/bwa.o
mpicc -mslave -msimd -fPIC -mieee -mftz -faddress_align=64 -c -Wall -Wno-unused-function -g -O2 -D_GNU_SOURCE -D_FILE_OFFSET_BITS=64 -DHAVE_PTHREAD -I/home/export/online1/mdt00/shisuan/swls-CFD/guoshi/ylf/lwpf3 -include swbwa_config.h -DSWBWA_EXEC_MODE=SWBWA_EXEC_CGS_CROSS -DSWBWA_CPE_ALLOC_MODE=SWBWA_CPE_ALLOC_POOL -DSWBWA_ENABLE_HOST_MALLOC_WRAPPER=1 -DSWBWA_ENABLE_HOST_MALLOC_STATS=0 -DSWBWA_ENABLE_CPE_MALLOC_WRAPPER=1 -DSWBWA_ENABLE_CPE_PROFILE=1 -DSWBWA_CPE_PROFILE_CG=5 -DSWBWA_ENABLE_FLOAT16_VECTOR=1 -DSWBWA_USE_MPI=0 slave/kthread.c -o slave/kthread.o
mpicc -mslave -msimd -fPIC -mieee -mftz -faddress_align=64 -c -Wall -Wno-unused-function -g -O2 -D_GNU_SOURCE -D_FILE_OFFSET_BITS=64 -DHAVE_PTHREAD -I/home/export/online1/mdt00/shisuan/swls-CFD/guoshi/ylf/lwpf3 -include swbwa_config.h -DSWBWA_EXEC_MODE=SWBWA_EXEC_CGS_CROSS -DSWBWA_CPE_ALLOC_MODE=SWBWA_CPE_ALLOC_POOL -DSWBWA_ENABLE_HOST_MALLOC_WRAPPER=1 -DSWBWA_ENABLE_HOST_MALLOC_STATS=0 -DSWBWA_ENABLE_CPE_MALLOC_WRAPPER=1 -DSWBWA_ENABLE_CPE_PROFILE=1 -DSWBWA_CPE_PROFILE_CG=5 -DSWBWA_ENABLE_FLOAT16_VECTOR=1 -DSWBWA_USE_MPI=0 slave/kstring.c -o slave/kstring.o
mpicc -mslave -msimd -fPIC -mieee -mftz -faddress_align=64 -c -Wall -Wno-unused-function -g -O2 -D_GNU_SOURCE -D_FILE_OFFSET_BITS=64 -DHAVE_PTHREAD -I/home/export/online1/mdt00/shisuan/swls-CFD/guoshi/ylf/lwpf3 -include swbwa_config.h -DSWBWA_EXEC_MODE=SWBWA_EXEC_CGS_CROSS -DSWBWA_CPE_ALLOC_MODE=SWBWA_CPE_ALLOC_POOL -DSWBWA_ENABLE_HOST_MALLOC_WRAPPER=1 -DSWBWA_ENABLE_HOST_MALLOC_STATS=0 -DSWBWA_ENABLE_CPE_MALLOC_WRAPPER=1 -DSWBWA_ENABLE_CPE_PROFILE=1 -DSWBWA_CPE_PROFILE_CG=5 -DSWBWA_ENABLE_FLOAT16_VECTOR=1 -DSWBWA_USE_MPI=0 slave/example.c -o slave/example.o
mpicc -mslave -msimd -fPIC -mieee -mftz -faddress_align=64 -c -Wall -Wno-unused-function -g -O2 -D_GNU_SOURCE -D_FILE_OFFSET_BITS=64 -DHAVE_PTHREAD -I/home/export/online1/mdt00/shisuan/swls-CFD/guoshi/ylf/lwpf3 -include swbwa_config.h -DSWBWA_EXEC_MODE=SWBWA_EXEC_CGS_CROSS -DSWBWA_CPE_ALLOC_MODE=SWBWA_CPE_ALLOC_POOL -DSWBWA_ENABLE_HOST_MALLOC_WRAPPER=1 -DSWBWA_ENABLE_HOST_MALLOC_STATS=0 -DSWBWA_ENABLE_CPE_MALLOC_WRAPPER=1 -DSWBWA_ENABLE_CPE_PROFILE=1 -DSWBWA_CPE_PROFILE_CG=5 -DSWBWA_ENABLE_FLOAT16_VECTOR=1 -DSWBWA_USE_MPI=0 slave/main.c -o slave/main.o
mpicc -mslave -msimd -fPIC -mieee -mftz -faddress_align=64 -c -Wall -Wno-unused-function -g -O2 -D_GNU_SOURCE -D_FILE_OFFSET_BITS=64 -DHAVE_PTHREAD -I/home/export/online1/mdt00/shisuan/swls-CFD/guoshi/ylf/lwpf3 -include swbwa_config.h -DSWBWA_EXEC_MODE=SWBWA_EXEC_CGS_CROSS -DSWBWA_CPE_ALLOC_MODE=SWBWA_CPE_ALLOC_POOL -DSWBWA_ENABLE_HOST_MALLOC_WRAPPER=1 -DSWBWA_ENABLE_HOST_MALLOC_STATS=0 -DSWBWA_ENABLE_CPE_MALLOC_WRAPPER=1 -DSWBWA_ENABLE_CPE_PROFILE=1 -DSWBWA_CPE_PROFILE_CG=5 -DSWBWA_ENABLE_FLOAT16_VECTOR=1 -DSWBWA_USE_MPI=0 slave/ksw.c -o slave/ksw.o
mpicc -mslave -msimd -fPIC -mieee -mftz -faddress_align=64 -c -Wall -Wno-unused-function -g -O2 -D_GNU_SOURCE -D_FILE_OFFSET_BITS=64 -DHAVE_PTHREAD -I/home/export/online1/mdt00/shisuan/swls-CFD/guoshi/ylf/lwpf3 -include swbwa_config.h -DSWBWA_EXEC_MODE=SWBWA_EXEC_CGS_CROSS -DSWBWA_CPE_ALLOC_MODE=SWBWA_CPE_ALLOC_POOL -DSWBWA_ENABLE_HOST_MALLOC_WRAPPER=1 -DSWBWA_ENABLE_HOST_MALLOC_STATS=0 -DSWBWA_ENABLE_CPE_MALLOC_WRAPPER=1 -DSWBWA_ENABLE_CPE_PROFILE=1 -DSWBWA_CPE_PROFILE_CG=5 -DSWBWA_ENABLE_FLOAT16_VECTOR=1 -DSWBWA_USE_MPI=0 slave/bwtindex.c -o slave/bwtindex.o
mpicc -mslave -msimd -fPIC -mieee -mftz -faddress_align=64 -c -Wall -Wno-unused-function -g -O2 -D_GNU_SOURCE -D_FILE_OFFSET_BITS=64 -DHAVE_PTHREAD -I/home/export/online1/mdt00/shisuan/swls-CFD/guoshi/ylf/lwpf3 -include swbwa_config.h -DSWBWA_EXEC_MODE=SWBWA_EXEC_CGS_CROSS -DSWBWA_CPE_ALLOC_MODE=SWBWA_CPE_ALLOC_POOL -DSWBWA_ENABLE_HOST_MALLOC_WRAPPER=1 -DSWBWA_ENABLE_HOST_MALLOC_STATS=0 -DSWBWA_ENABLE_CPE_MALLOC_WRAPPER=1 -DSWBWA_ENABLE_CPE_PROFILE=1 -DSWBWA_CPE_PROFILE_CG=5 -DSWBWA_ENABLE_FLOAT16_VECTOR=1 -DSWBWA_USE_MPI=0 slave/is.c -o slave/is.o
mpicc -mslave -msimd -fPIC -mieee -mftz -faddress_align=64 -c -Wall -Wno-unused-function -g -O2 -D_GNU_SOURCE -D_FILE_OFFSET_BITS=64 -DHAVE_PTHREAD -I/home/export/online1/mdt00/shisuan/swls-CFD/guoshi/ylf/lwpf3 -include swbwa_config.h -DSWBWA_EXEC_MODE=SWBWA_EXEC_CGS_CROSS -DSWBWA_CPE_ALLOC_MODE=SWBWA_CPE_ALLOC_POOL -DSWBWA_ENABLE_HOST_MALLOC_WRAPPER=1 -DSWBWA_ENABLE_HOST_MALLOC_STATS=0 -DSWBWA_ENABLE_CPE_MALLOC_WRAPPER=1 -DSWBWA_ENABLE_CPE_PROFILE=1 -DSWBWA_CPE_PROFILE_CG=5 -DSWBWA_ENABLE_FLOAT16_VECTOR=1 -DSWBWA_USE_MPI=0 slave/QSufSort.c -o slave/QSufSort.o
In file included from /home/export/online1/mdt00/shisuan/swls-CFD/guoshi/ylf/lwpf3/lwpf.h:4:0,
                 from slave/swbwa_cpe_profile.h:91,
                 from slave/ksw.c:37:
/home/export/online1/mdt00/shisuan/swls-CFD/guoshi/ylf/lwpf3/lwpf_frontend_cpe.h:86:14: warning: 'lwpf_kernel_count_SWBWA' initialized and declared 'extern'
 #define U(x) lwpf_kernel_count_ ## x
              ^
slave/swbwa_cpe_profile.h:90:19: note: in expansion of macro 'U'
 #define LWPF_UNIT U(SWBWA)
                   ^
/home/export/online1/mdt00/shisuan/swls-CFD/guoshi/ylf/lwpf3/lwpf_frontend_cpe.h:87:29: note: in expansion of macro 'LWPF_UNIT'
 extern LWPF_WEAK const long LWPF_UNIT =
                             ^~~~~~~~~
mpicc -mslave -msimd -fPIC -mieee -mftz -faddress_align=64 -c -Wall -Wno-unused-function -g -O2 -D_GNU_SOURCE -D_FILE_OFFSET_BITS=64 -DHAVE_PTHREAD -I/home/export/online1/mdt00/shisuan/swls-CFD/guoshi/ylf/lwpf3 -include swbwa_config.h -DSWBWA_EXEC_MODE=SWBWA_EXEC_CGS_CROSS -DSWBWA_CPE_ALLOC_MODE=SWBWA_CPE_ALLOC_POOL -DSWBWA_ENABLE_HOST_MALLOC_WRAPPER=1 -DSWBWA_ENABLE_HOST_MALLOC_STATS=0 -DSWBWA_ENABLE_CPE_MALLOC_WRAPPER=1 -DSWBWA_ENABLE_CPE_PROFILE=1 -DSWBWA_CPE_PROFILE_CG=5 -DSWBWA_ENABLE_FLOAT16_VECTOR=1 -DSWBWA_USE_MPI=0 slave/bwt_gen.c -o slave/bwt_gen.o
In file included from /home/export/online1/mdt00/shisuan/swls-CFD/guoshi/ylf/lwpf3/lwpf_backend.h:16:0,
                 from /home/export/online1/mdt00/shisuan/swls-CFD/guoshi/ylf/lwpf3/lwpf.h:2,
                 from slave/swbwa_cpe_profile.h:91,
                 from slave/ksw.c:37:
/home/export/online1/mdt00/shisuan/swls-CFD/guoshi/ylf/lwpf3/sw9_pcr.h:34:21: warning: 'PCR_NAMES' defined but not used [-Wunused-variable]
 static const char **PCR_NAMES[] = {PC0_NAMES, PC1_NAMES, PC2_NAMES, PC3_NAMES,
                     ^~~~~~~~~
mpicc -mslave -msimd -fPIC -mieee -mftz -faddress_align=64 -c -Wall -Wno-unused-function -g -O2 -D_GNU_SOURCE -D_FILE_OFFSET_BITS=64 -DHAVE_PTHREAD -I/home/export/online1/mdt00/shisuan/swls-CFD/guoshi/ylf/lwpf3 -include swbwa_config.h -DSWBWA_EXEC_MODE=SWBWA_EXEC_CGS_CROSS -DSWBWA_CPE_ALLOC_MODE=SWBWA_CPE_ALLOC_POOL -DSWBWA_ENABLE_HOST_MALLOC_WRAPPER=1 -DSWBWA_ENABLE_HOST_MALLOC_STATS=0 -DSWBWA_ENABLE_CPE_MALLOC_WRAPPER=1 -DSWBWA_ENABLE_CPE_PROFILE=1 -DSWBWA_CPE_PROFILE_CG=5 -DSWBWA_ENABLE_FLOAT16_VECTOR=1 -DSWBWA_USE_MPI=0 slave/utils.c -o slave/utils.o
ar -csru libbwa.a utils.o kthread.o kstring.o ksw.o bwt.o bntseq.o bwa.o bwamem.o bwamem_pair.o bwamem_extra.o malloc_wrap.o QSufSort.o bwt_gen.o rope.o rle.o is.o bwtindex.o
mpicxx -mhybrid -Wall -Wno-unused-function -g -O2 -D_GNU_SOURCE -D_FILE_OFFSET_BITS=64  bwashm.o bwase.o bwaseqio.o bwtgap.o bwtaln.o bamlite.o bwape.o kopen.o pemerge.o maxk.o bwtsw2_core.o bwtsw2_main.o bwtsw2_aux.o bwt_lite.o bwtsw2_chain.o fastmap.o bwtsw2_pair.o swbwa_mpi.o swbwa_output.o swbwa_cpe_profile.o main.o slave/bntseq.o slave/bwamem_extra.o slave/bwamem.o slave/malloc_wrap.o slave/rle.o slave/slave.o slave/bwamem_pair.o slave/bwt.o slave/rope.o slave/bwa.o slave/kthread.o slave/kstring.o slave/example.o slave/main.o slave/ksw.o slave/bwtindex.o slave/is.o slave/QSufSort.o slave/bwt_gen.o slave/utils.o -o SWBWA -L. -lbwa -Wl,-q -lm -lz -lpthread -lm_slave -lrt
kopen.o: In function `kclose':
/home/export/online1/mdt00/shisuan/swls-CFD/guoshi/ylf/SWBWA/kopen.c:51: warning: Using 'getaddrinfo' in statically linked applications requires at runtime the shared libraries from the glibc version used for linking
rm -f gmon.out *.o a.out SWBWA *~ *.a slave/*.o
mpicc -mhost -fPIC -mieee -mftz -faddress_align=32 -c -Wall -Wno-unused-function -g -O2 -D_GNU_SOURCE -D_FILE_OFFSET_BITS=64 -DHAVE_PTHREAD -I/home/export/online1/mdt00/shisuan/swls-CFD/guoshi/ylf/lwpf3 -include swbwa_config.h -DSWBWA_EXEC_MODE=SWBWA_EXEC_CGS_CROSS -DSWBWA_CPE_ALLOC_MODE=SWBWA_CPE_ALLOC_POOL -DSWBWA_ENABLE_HOST_MALLOC_WRAPPER=1 -DSWBWA_ENABLE_HOST_MALLOC_STATS=0 -DSWBWA_ENABLE_CPE_MALLOC_WRAPPER=1 -DSWBWA_ENABLE_CPE_PROFILE=1 -DSWBWA_CPE_PROFILE_CG=5 -DSWBWA_ENABLE_FLOAT16_VECTOR=1 -DSWBWA_USE_MPI=0 utils.c -o utils.o
mpicxx -mhost -fPIC -mieee -mftz -faddress_align=32 -c -Wall -Wno-unused-function -g -O2 -D_GNU_SOURCE -D_FILE_OFFSET_BITS=64 -std=c++11 -DHAVE_PTHREAD -I/home/export/online1/mdt00/shisuan/swls-CFD/guoshi/ylf/lwpf3 -include swbwa_config.h -DSWBWA_EXEC_MODE=SWBWA_EXEC_CGS_CROSS -DSWBWA_CPE_ALLOC_MODE=SWBWA_CPE_ALLOC_POOL -DSWBWA_ENABLE_HOST_MALLOC_WRAPPER=1 -DSWBWA_ENABLE_HOST_MALLOC_STATS=0 -DSWBWA_ENABLE_CPE_MALLOC_WRAPPER=1 -DSWBWA_ENABLE_CPE_PROFILE=1 -DSWBWA_CPE_PROFILE_CG=5 -DSWBWA_ENABLE_FLOAT16_VECTOR=1 -DSWBWA_USE_MPI=0 kthread.cpp -o kthread.o
mpicc -mhost -fPIC -mieee -mftz -faddress_align=32 -c -Wall -Wno-unused-function -g -O2 -D_GNU_SOURCE -D_FILE_OFFSET_BITS=64 -DHAVE_PTHREAD -I/home/export/online1/mdt00/shisuan/swls-CFD/guoshi/ylf/lwpf3 -include swbwa_config.h -DSWBWA_EXEC_MODE=SWBWA_EXEC_CGS_CROSS -DSWBWA_CPE_ALLOC_MODE=SWBWA_CPE_ALLOC_POOL -DSWBWA_ENABLE_HOST_MALLOC_WRAPPER=1 -DSWBWA_ENABLE_HOST_MALLOC_STATS=0 -DSWBWA_ENABLE_CPE_MALLOC_WRAPPER=1 -DSWBWA_ENABLE_CPE_PROFILE=1 -DSWBWA_CPE_PROFILE_CG=5 -DSWBWA_ENABLE_FLOAT16_VECTOR=1 -DSWBWA_USE_MPI=0 kstring.c -o kstring.o
mpicc -mhost -fPIC -mieee -mftz -faddress_align=32 -c -Wall -Wno-unused-function -g -O2 -D_GNU_SOURCE -D_FILE_OFFSET_BITS=64 -DHAVE_PTHREAD -I/home/export/online1/mdt00/shisuan/swls-CFD/guoshi/ylf/lwpf3 -include swbwa_config.h -DSWBWA_EXEC_MODE=SWBWA_EXEC_CGS_CROSS -DSWBWA_CPE_ALLOC_MODE=SWBWA_CPE_ALLOC_POOL -DSWBWA_ENABLE_HOST_MALLOC_WRAPPER=1 -DSWBWA_ENABLE_HOST_MALLOC_STATS=0 -DSWBWA_ENABLE_CPE_MALLOC_WRAPPER=1 -DSWBWA_ENABLE_CPE_PROFILE=1 -DSWBWA_CPE_PROFILE_CG=5 -DSWBWA_ENABLE_FLOAT16_VECTOR=1 -DSWBWA_USE_MPI=0 ksw.c -o ksw.o
mpicc -mhost -fPIC -mieee -mftz -faddress_align=32 -c -Wall -Wno-unused-function -g -O2 -D_GNU_SOURCE -D_FILE_OFFSET_BITS=64 -DHAVE_PTHREAD -I/home/export/online1/mdt00/shisuan/swls-CFD/guoshi/ylf/lwpf3 -include swbwa_config.h -DSWBWA_EXEC_MODE=SWBWA_EXEC_CGS_CROSS -DSWBWA_CPE_ALLOC_MODE=SWBWA_CPE_ALLOC_POOL -DSWBWA_ENABLE_HOST_MALLOC_WRAPPER=1 -DSWBWA_ENABLE_HOST_MALLOC_STATS=0 -DSWBWA_ENABLE_CPE_MALLOC_WRAPPER=1 -DSWBWA_ENABLE_CPE_PROFILE=1 -DSWBWA_CPE_PROFILE_CG=5 -DSWBWA_ENABLE_FLOAT16_VECTOR=1 -DSWBWA_USE_MPI=0 bwt.c -o bwt.o
mpicc -mhost -fPIC -mieee -mftz -faddress_align=32 -c -Wall -Wno-unused-function -g -O2 -D_GNU_SOURCE -D_FILE_OFFSET_BITS=64 -DHAVE_PTHREAD -I/home/export/online1/mdt00/shisuan/swls-CFD/guoshi/ylf/lwpf3 -include swbwa_config.h -DSWBWA_EXEC_MODE=SWBWA_EXEC_CGS_CROSS -DSWBWA_CPE_ALLOC_MODE=SWBWA_CPE_ALLOC_POOL -DSWBWA_ENABLE_HOST_MALLOC_WRAPPER=1 -DSWBWA_ENABLE_HOST_MALLOC_STATS=0 -DSWBWA_ENABLE_CPE_MALLOC_WRAPPER=1 -DSWBWA_ENABLE_CPE_PROFILE=1 -DSWBWA_CPE_PROFILE_CG=5 -DSWBWA_ENABLE_FLOAT16_VECTOR=1 -DSWBWA_USE_MPI=0 bntseq.c -o bntseq.o
mpicc -mhost -fPIC -mieee -mftz -faddress_align=32 -c -Wall -Wno-unused-function -g -O2 -D_GNU_SOURCE -D_FILE_OFFSET_BITS=64 -DHAVE_PTHREAD -I/home/export/online1/mdt00/shisuan/swls-CFD/guoshi/ylf/lwpf3 -include swbwa_config.h -DSWBWA_EXEC_MODE=SWBWA_EXEC_CGS_CROSS -DSWBWA_CPE_ALLOC_MODE=SWBWA_CPE_ALLOC_POOL -DSWBWA_ENABLE_HOST_MALLOC_WRAPPER=1 -DSWBWA_ENABLE_HOST_MALLOC_STATS=0 -DSWBWA_ENABLE_CPE_MALLOC_WRAPPER=1 -DSWBWA_ENABLE_CPE_PROFILE=1 -DSWBWA_CPE_PROFILE_CG=5 -DSWBWA_ENABLE_FLOAT16_VECTOR=1 -DSWBWA_USE_MPI=0 bwa.c -o bwa.o
mpicc -mhost -fPIC -mieee -mftz -faddress_align=32 -c -Wall -Wno-unused-function -g -O2 -D_GNU_SOURCE -D_FILE_OFFSET_BITS=64 -DHAVE_PTHREAD -I/home/export/online1/mdt00/shisuan/swls-CFD/guoshi/ylf/lwpf3 -include swbwa_config.h -DSWBWA_EXEC_MODE=SWBWA_EXEC_CGS_CROSS -DSWBWA_CPE_ALLOC_MODE=SWBWA_CPE_ALLOC_POOL -DSWBWA_ENABLE_HOST_MALLOC_WRAPPER=1 -DSWBWA_ENABLE_HOST_MALLOC_STATS=0 -DSWBWA_ENABLE_CPE_MALLOC_WRAPPER=1 -DSWBWA_ENABLE_CPE_PROFILE=1 -DSWBWA_CPE_PROFILE_CG=5 -DSWBWA_ENABLE_FLOAT16_VECTOR=1 -DSWBWA_USE_MPI=0 bwamem.c -o bwamem.o
mpicc -mhost -fPIC -mieee -mftz -faddress_align=32 -c -Wall -Wno-unused-function -g -O2 -D_GNU_SOURCE -D_FILE_OFFSET_BITS=64 -DHAVE_PTHREAD -I/home/export/online1/mdt00/shisuan/swls-CFD/guoshi/ylf/lwpf3 -include swbwa_config.h -DSWBWA_EXEC_MODE=SWBWA_EXEC_CGS_CROSS -DSWBWA_CPE_ALLOC_MODE=SWBWA_CPE_ALLOC_POOL -DSWBWA_ENABLE_HOST_MALLOC_WRAPPER=1 -DSWBWA_ENABLE_HOST_MALLOC_STATS=0 -DSWBWA_ENABLE_CPE_MALLOC_WRAPPER=1 -DSWBWA_ENABLE_CPE_PROFILE=1 -DSWBWA_CPE_PROFILE_CG=5 -DSWBWA_ENABLE_FLOAT16_VECTOR=1 -DSWBWA_USE_MPI=0 bwamem_pair.c -o bwamem_pair.o
mpicc -mhost -fPIC -mieee -mftz -faddress_align=32 -c -Wall -Wno-unused-function -g -O2 -D_GNU_SOURCE -D_FILE_OFFSET_BITS=64 -DHAVE_PTHREAD -I/home/export/online1/mdt00/shisuan/swls-CFD/guoshi/ylf/lwpf3 -include swbwa_config.h -DSWBWA_EXEC_MODE=SWBWA_EXEC_CGS_CROSS -DSWBWA_CPE_ALLOC_MODE=SWBWA_CPE_ALLOC_POOL -DSWBWA_ENABLE_HOST_MALLOC_WRAPPER=1 -DSWBWA_ENABLE_HOST_MALLOC_STATS=0 -DSWBWA_ENABLE_CPE_MALLOC_WRAPPER=1 -DSWBWA_ENABLE_CPE_PROFILE=1 -DSWBWA_CPE_PROFILE_CG=5 -DSWBWA_ENABLE_FLOAT16_VECTOR=1 -DSWBWA_USE_MPI=0 bwamem_extra.c -o bwamem_extra.o
mpicc -mhost -fPIC -mieee -mftz -faddress_align=32 -c -Wall -Wno-unused-function -g -O2 -D_GNU_SOURCE -D_FILE_OFFSET_BITS=64 -DHAVE_PTHREAD -I/home/export/online1/mdt00/shisuan/swls-CFD/guoshi/ylf/lwpf3 -include swbwa_config.h -DSWBWA_EXEC_MODE=SWBWA_EXEC_CGS_CROSS -DSWBWA_CPE_ALLOC_MODE=SWBWA_CPE_ALLOC_POOL -DSWBWA_ENABLE_HOST_MALLOC_WRAPPER=1 -DSWBWA_ENABLE_HOST_MALLOC_STATS=0 -DSWBWA_ENABLE_CPE_MALLOC_WRAPPER=1 -DSWBWA_ENABLE_CPE_PROFILE=1 -DSWBWA_CPE_PROFILE_CG=5 -DSWBWA_ENABLE_FLOAT16_VECTOR=1 -DSWBWA_USE_MPI=0 malloc_wrap.c -o malloc_wrap.o
mpicc -mhost -fPIC -mieee -mftz -faddress_align=32 -c -Wall -Wno-unused-function -g -O2 -D_GNU_SOURCE -D_FILE_OFFSET_BITS=64 -DHAVE_PTHREAD -I/home/export/online1/mdt00/shisuan/swls-CFD/guoshi/ylf/lwpf3 -include swbwa_config.h -DSWBWA_EXEC_MODE=SWBWA_EXEC_CGS_CROSS -DSWBWA_CPE_ALLOC_MODE=SWBWA_CPE_ALLOC_POOL -DSWBWA_ENABLE_HOST_MALLOC_WRAPPER=1 -DSWBWA_ENABLE_HOST_MALLOC_STATS=0 -DSWBWA_ENABLE_CPE_MALLOC_WRAPPER=1 -DSWBWA_ENABLE_CPE_PROFILE=1 -DSWBWA_CPE_PROFILE_CG=5 -DSWBWA_ENABLE_FLOAT16_VECTOR=1 -DSWBWA_USE_MPI=0 QSufSort.c -o QSufSort.o
mpicc -mhost -fPIC -mieee -mftz -faddress_align=32 -c -Wall -Wno-unused-function -g -O2 -D_GNU_SOURCE -D_FILE_OFFSET_BITS=64 -DHAVE_PTHREAD -I/home/export/online1/mdt00/shisuan/swls-CFD/guoshi/ylf/lwpf3 -include swbwa_config.h -DSWBWA_EXEC_MODE=SWBWA_EXEC_CGS_CROSS -DSWBWA_CPE_ALLOC_MODE=SWBWA_CPE_ALLOC_POOL -DSWBWA_ENABLE_HOST_MALLOC_WRAPPER=1 -DSWBWA_ENABLE_HOST_MALLOC_STATS=0 -DSWBWA_ENABLE_CPE_MALLOC_WRAPPER=1 -DSWBWA_ENABLE_CPE_PROFILE=1 -DSWBWA_CPE_PROFILE_CG=5 -DSWBWA_ENABLE_FLOAT16_VECTOR=1 -DSWBWA_USE_MPI=0 bwt_gen.c -o bwt_gen.o
mpicc -mhost -fPIC -mieee -mftz -faddress_align=32 -c -Wall -Wno-unused-function -g -O2 -D_GNU_SOURCE -D_FILE_OFFSET_BITS=64 -DHAVE_PTHREAD -I/home/export/online1/mdt00/shisuan/swls-CFD/guoshi/ylf/lwpf3 -include swbwa_config.h -DSWBWA_EXEC_MODE=SWBWA_EXEC_CGS_CROSS -DSWBWA_CPE_ALLOC_MODE=SWBWA_CPE_ALLOC_POOL -DSWBWA_ENABLE_HOST_MALLOC_WRAPPER=1 -DSWBWA_ENABLE_HOST_MALLOC_STATS=0 -DSWBWA_ENABLE_CPE_MALLOC_WRAPPER=1 -DSWBWA_ENABLE_CPE_PROFILE=1 -DSWBWA_CPE_PROFILE_CG=5 -DSWBWA_ENABLE_FLOAT16_VECTOR=1 -DSWBWA_USE_MPI=0 rope.c -o rope.o
mpicc -mhost -fPIC -mieee -mftz -faddress_align=32 -c -Wall -Wno-unused-function -g -O2 -D_GNU_SOURCE -D_FILE_OFFSET_BITS=64 -DHAVE_PTHREAD -I/home/export/online1/mdt00/shisuan/swls-CFD/guoshi/ylf/lwpf3 -include swbwa_config.h -DSWBWA_EXEC_MODE=SWBWA_EXEC_CGS_CROSS -DSWBWA_CPE_ALLOC_MODE=SWBWA_CPE_ALLOC_POOL -DSWBWA_ENABLE_HOST_MALLOC_WRAPPER=1 -DSWBWA_ENABLE_HOST_MALLOC_STATS=0 -DSWBWA_ENABLE_CPE_MALLOC_WRAPPER=1 -DSWBWA_ENABLE_CPE_PROFILE=1 -DSWBWA_CPE_PROFILE_CG=5 -DSWBWA_ENABLE_FLOAT16_VECTOR=1 -DSWBWA_USE_MPI=0 rle.c -o rle.o
mpicc -mhost -fPIC -mieee -mftz -faddress_align=32 -c -Wall -Wno-unused-function -g -O2 -D_GNU_SOURCE -D_FILE_OFFSET_BITS=64 -DHAVE_PTHREAD -I/home/export/online1/mdt00/shisuan/swls-CFD/guoshi/ylf/lwpf3 -include swbwa_config.h -DSWBWA_EXEC_MODE=SWBWA_EXEC_CGS_CROSS -DSWBWA_CPE_ALLOC_MODE=SWBWA_CPE_ALLOC_POOL -DSWBWA_ENABLE_HOST_MALLOC_WRAPPER=1 -DSWBWA_ENABLE_HOST_MALLOC_STATS=0 -DSWBWA_ENABLE_CPE_MALLOC_WRAPPER=1 -DSWBWA_ENABLE_CPE_PROFILE=1 -DSWBWA_CPE_PROFILE_CG=5 -DSWBWA_ENABLE_FLOAT16_VECTOR=1 -DSWBWA_USE_MPI=0 is.c -o is.o
mpicc -mhost -fPIC -mieee -mftz -faddress_align=32 -c -Wall -Wno-unused-function -g -O2 -D_GNU_SOURCE -D_FILE_OFFSET_BITS=64 -DHAVE_PTHREAD -I/home/export/online1/mdt00/shisuan/swls-CFD/guoshi/ylf/lwpf3 -include swbwa_config.h -DSWBWA_EXEC_MODE=SWBWA_EXEC_CGS_CROSS -DSWBWA_CPE_ALLOC_MODE=SWBWA_CPE_ALLOC_POOL -DSWBWA_ENABLE_HOST_MALLOC_WRAPPER=1 -DSWBWA_ENABLE_HOST_MALLOC_STATS=0 -DSWBWA_ENABLE_CPE_MALLOC_WRAPPER=1 -DSWBWA_ENABLE_CPE_PROFILE=1 -DSWBWA_CPE_PROFILE_CG=5 -DSWBWA_ENABLE_FLOAT16_VECTOR=1 -DSWBWA_USE_MPI=0 bwtindex.c -o bwtindex.o
mpicc -mhost -fPIC -mieee -mftz -faddress_align=32 -c -Wall -Wno-unused-function -g -O2 -D_GNU_SOURCE -D_FILE_OFFSET_BITS=64 -DHAVE_PTHREAD -I/home/export/online1/mdt00/shisuan/swls-CFD/guoshi/ylf/lwpf3 -include swbwa_config.h -DSWBWA_EXEC_MODE=SWBWA_EXEC_CGS_CROSS -DSWBWA_CPE_ALLOC_MODE=SWBWA_CPE_ALLOC_POOL -DSWBWA_ENABLE_HOST_MALLOC_WRAPPER=1 -DSWBWA_ENABLE_HOST_MALLOC_STATS=0 -DSWBWA_ENABLE_CPE_MALLOC_WRAPPER=1 -DSWBWA_ENABLE_CPE_PROFILE=1 -DSWBWA_CPE_PROFILE_CG=5 -DSWBWA_ENABLE_FLOAT16_VECTOR=1 -DSWBWA_USE_MPI=0 bwashm.c -o bwashm.o
mpicc -mhost -fPIC -mieee -mftz -faddress_align=32 -c -Wall -Wno-unused-function -g -O2 -D_GNU_SOURCE -D_FILE_OFFSET_BITS=64 -DHAVE_PTHREAD -I/home/export/online1/mdt00/shisuan/swls-CFD/guoshi/ylf/lwpf3 -include swbwa_config.h -DSWBWA_EXEC_MODE=SWBWA_EXEC_CGS_CROSS -DSWBWA_CPE_ALLOC_MODE=SWBWA_CPE_ALLOC_POOL -DSWBWA_ENABLE_HOST_MALLOC_WRAPPER=1 -DSWBWA_ENABLE_HOST_MALLOC_STATS=0 -DSWBWA_ENABLE_CPE_MALLOC_WRAPPER=1 -DSWBWA_ENABLE_CPE_PROFILE=1 -DSWBWA_CPE_PROFILE_CG=5 -DSWBWA_ENABLE_FLOAT16_VECTOR=1 -DSWBWA_USE_MPI=0 bwase.c -o bwase.o
mpicc -mhost -fPIC -mieee -mftz -faddress_align=32 -c -Wall -Wno-unused-function -g -O2 -D_GNU_SOURCE -D_FILE_OFFSET_BITS=64 -DHAVE_PTHREAD -I/home/export/online1/mdt00/shisuan/swls-CFD/guoshi/ylf/lwpf3 -include swbwa_config.h -DSWBWA_EXEC_MODE=SWBWA_EXEC_CGS_CROSS -DSWBWA_CPE_ALLOC_MODE=SWBWA_CPE_ALLOC_POOL -DSWBWA_ENABLE_HOST_MALLOC_WRAPPER=1 -DSWBWA_ENABLE_HOST_MALLOC_STATS=0 -DSWBWA_ENABLE_CPE_MALLOC_WRAPPER=1 -DSWBWA_ENABLE_CPE_PROFILE=1 -DSWBWA_CPE_PROFILE_CG=5 -DSWBWA_ENABLE_FLOAT16_VECTOR=1 -DSWBWA_USE_MPI=0 bwaseqio.c -o bwaseqio.o
mpicc -mhost -fPIC -mieee -mftz -faddress_align=32 -c -Wall -Wno-unused-function -g -O2 -D_GNU_SOURCE -D_FILE_OFFSET_BITS=64 -DHAVE_PTHREAD -I/home/export/online1/mdt00/shisuan/swls-CFD/guoshi/ylf/lwpf3 -include swbwa_config.h -DSWBWA_EXEC_MODE=SWBWA_EXEC_CGS_CROSS -DSWBWA_CPE_ALLOC_MODE=SWBWA_CPE_ALLOC_POOL -DSWBWA_ENABLE_HOST_MALLOC_WRAPPER=1 -DSWBWA_ENABLE_HOST_MALLOC_STATS=0 -DSWBWA_ENABLE_CPE_MALLOC_WRAPPER=1 -DSWBWA_ENABLE_CPE_PROFILE=1 -DSWBWA_CPE_PROFILE_CG=5 -DSWBWA_ENABLE_FLOAT16_VECTOR=1 -DSWBWA_USE_MPI=0 bwtgap.c -o bwtgap.o
mpicc -mhost -fPIC -mieee -mftz -faddress_align=32 -c -Wall -Wno-unused-function -g -O2 -D_GNU_SOURCE -D_FILE_OFFSET_BITS=64 -DHAVE_PTHREAD -I/home/export/online1/mdt00/shisuan/swls-CFD/guoshi/ylf/lwpf3 -include swbwa_config.h -DSWBWA_EXEC_MODE=SWBWA_EXEC_CGS_CROSS -DSWBWA_CPE_ALLOC_MODE=SWBWA_CPE_ALLOC_POOL -DSWBWA_ENABLE_HOST_MALLOC_WRAPPER=1 -DSWBWA_ENABLE_HOST_MALLOC_STATS=0 -DSWBWA_ENABLE_CPE_MALLOC_WRAPPER=1 -DSWBWA_ENABLE_CPE_PROFILE=1 -DSWBWA_CPE_PROFILE_CG=5 -DSWBWA_ENABLE_FLOAT16_VECTOR=1 -DSWBWA_USE_MPI=0 bwtaln.c -o bwtaln.o
mpicc -mhost -fPIC -mieee -mftz -faddress_align=32 -c -Wall -Wno-unused-function -g -O2 -D_GNU_SOURCE -D_FILE_OFFSET_BITS=64 -DHAVE_PTHREAD -I/home/export/online1/mdt00/shisuan/swls-CFD/guoshi/ylf/lwpf3 -include swbwa_config.h -DSWBWA_EXEC_MODE=SWBWA_EXEC_CGS_CROSS -DSWBWA_CPE_ALLOC_MODE=SWBWA_CPE_ALLOC_POOL -DSWBWA_ENABLE_HOST_MALLOC_WRAPPER=1 -DSWBWA_ENABLE_HOST_MALLOC_STATS=0 -DSWBWA_ENABLE_CPE_MALLOC_WRAPPER=1 -DSWBWA_ENABLE_CPE_PROFILE=1 -DSWBWA_CPE_PROFILE_CG=5 -DSWBWA_ENABLE_FLOAT16_VECTOR=1 -DSWBWA_USE_MPI=0 bamlite.c -o bamlite.o
mpicc -mhost -fPIC -mieee -mftz -faddress_align=32 -c -Wall -Wno-unused-function -g -O2 -D_GNU_SOURCE -D_FILE_OFFSET_BITS=64 -DHAVE_PTHREAD -I/home/export/online1/mdt00/shisuan/swls-CFD/guoshi/ylf/lwpf3 -include swbwa_config.h -DSWBWA_EXEC_MODE=SWBWA_EXEC_CGS_CROSS -DSWBWA_CPE_ALLOC_MODE=SWBWA_CPE_ALLOC_POOL -DSWBWA_ENABLE_HOST_MALLOC_WRAPPER=1 -DSWBWA_ENABLE_HOST_MALLOC_STATS=0 -DSWBWA_ENABLE_CPE_MALLOC_WRAPPER=1 -DSWBWA_ENABLE_CPE_PROFILE=1 -DSWBWA_CPE_PROFILE_CG=5 -DSWBWA_ENABLE_FLOAT16_VECTOR=1 -DSWBWA_USE_MPI=0 bwape.c -o bwape.o
mpicc -mhost -fPIC -mieee -mftz -faddress_align=32 -c -Wall -Wno-unused-function -g -O2 -D_GNU_SOURCE -D_FILE_OFFSET_BITS=64 -DHAVE_PTHREAD -I/home/export/online1/mdt00/shisuan/swls-CFD/guoshi/ylf/lwpf3 -include swbwa_config.h -DSWBWA_EXEC_MODE=SWBWA_EXEC_CGS_CROSS -DSWBWA_CPE_ALLOC_MODE=SWBWA_CPE_ALLOC_POOL -DSWBWA_ENABLE_HOST_MALLOC_WRAPPER=1 -DSWBWA_ENABLE_HOST_MALLOC_STATS=0 -DSWBWA_ENABLE_CPE_MALLOC_WRAPPER=1 -DSWBWA_ENABLE_CPE_PROFILE=1 -DSWBWA_CPE_PROFILE_CG=5 -DSWBWA_ENABLE_FLOAT16_VECTOR=1 -DSWBWA_USE_MPI=0 kopen.c -o kopen.o
mpicc -mhost -fPIC -mieee -mftz -faddress_align=32 -c -Wall -Wno-unused-function -g -O2 -D_GNU_SOURCE -D_FILE_OFFSET_BITS=64 -DHAVE_PTHREAD -I/home/export/online1/mdt00/shisuan/swls-CFD/guoshi/ylf/lwpf3 -include swbwa_config.h -DSWBWA_EXEC_MODE=SWBWA_EXEC_CGS_CROSS -DSWBWA_CPE_ALLOC_MODE=SWBWA_CPE_ALLOC_POOL -DSWBWA_ENABLE_HOST_MALLOC_WRAPPER=1 -DSWBWA_ENABLE_HOST_MALLOC_STATS=0 -DSWBWA_ENABLE_CPE_MALLOC_WRAPPER=1 -DSWBWA_ENABLE_CPE_PROFILE=1 -DSWBWA_CPE_PROFILE_CG=5 -DSWBWA_ENABLE_FLOAT16_VECTOR=1 -DSWBWA_USE_MPI=0 pemerge.c -o pemerge.o
mpicc -mhost -fPIC -mieee -mftz -faddress_align=32 -c -Wall -Wno-unused-function -g -O2 -D_GNU_SOURCE -D_FILE_OFFSET_BITS=64 -DHAVE_PTHREAD -I/home/export/online1/mdt00/shisuan/swls-CFD/guoshi/ylf/lwpf3 -include swbwa_config.h -DSWBWA_EXEC_MODE=SWBWA_EXEC_CGS_CROSS -DSWBWA_CPE_ALLOC_MODE=SWBWA_CPE_ALLOC_POOL -DSWBWA_ENABLE_HOST_MALLOC_WRAPPER=1 -DSWBWA_ENABLE_HOST_MALLOC_STATS=0 -DSWBWA_ENABLE_CPE_MALLOC_WRAPPER=1 -DSWBWA_ENABLE_CPE_PROFILE=1 -DSWBWA_CPE_PROFILE_CG=5 -DSWBWA_ENABLE_FLOAT16_VECTOR=1 -DSWBWA_USE_MPI=0 maxk.c -o maxk.o
mpicc -mhost -fPIC -mieee -mftz -faddress_align=32 -c -Wall -Wno-unused-function -g -O2 -D_GNU_SOURCE -D_FILE_OFFSET_BITS=64 -DHAVE_PTHREAD -I/home/export/online1/mdt00/shisuan/swls-CFD/guoshi/ylf/lwpf3 -include swbwa_config.h -DSWBWA_EXEC_MODE=SWBWA_EXEC_CGS_CROSS -DSWBWA_CPE_ALLOC_MODE=SWBWA_CPE_ALLOC_POOL -DSWBWA_ENABLE_HOST_MALLOC_WRAPPER=1 -DSWBWA_ENABLE_HOST_MALLOC_STATS=0 -DSWBWA_ENABLE_CPE_MALLOC_WRAPPER=1 -DSWBWA_ENABLE_CPE_PROFILE=1 -DSWBWA_CPE_PROFILE_CG=5 -DSWBWA_ENABLE_FLOAT16_VECTOR=1 -DSWBWA_USE_MPI=0 bwtsw2_core.c -o bwtsw2_core.o
mpicc -mhost -fPIC -mieee -mftz -faddress_align=32 -c -Wall -Wno-unused-function -g -O2 -D_GNU_SOURCE -D_FILE_OFFSET_BITS=64 -DHAVE_PTHREAD -I/home/export/online1/mdt00/shisuan/swls-CFD/guoshi/ylf/lwpf3 -include swbwa_config.h -DSWBWA_EXEC_MODE=SWBWA_EXEC_CGS_CROSS -DSWBWA_CPE_ALLOC_MODE=SWBWA_CPE_ALLOC_POOL -DSWBWA_ENABLE_HOST_MALLOC_WRAPPER=1 -DSWBWA_ENABLE_HOST_MALLOC_STATS=0 -DSWBWA_ENABLE_CPE_MALLOC_WRAPPER=1 -DSWBWA_ENABLE_CPE_PROFILE=1 -DSWBWA_CPE_PROFILE_CG=5 -DSWBWA_ENABLE_FLOAT16_VECTOR=1 -DSWBWA_USE_MPI=0 bwtsw2_main.c -o bwtsw2_main.o
mpicc -mhost -fPIC -mieee -mftz -faddress_align=32 -c -Wall -Wno-unused-function -g -O2 -D_GNU_SOURCE -D_FILE_OFFSET_BITS=64 -DHAVE_PTHREAD -I/home/export/online1/mdt00/shisuan/swls-CFD/guoshi/ylf/lwpf3 -include swbwa_config.h -DSWBWA_EXEC_MODE=SWBWA_EXEC_CGS_CROSS -DSWBWA_CPE_ALLOC_MODE=SWBWA_CPE_ALLOC_POOL -DSWBWA_ENABLE_HOST_MALLOC_WRAPPER=1 -DSWBWA_ENABLE_HOST_MALLOC_STATS=0 -DSWBWA_ENABLE_CPE_MALLOC_WRAPPER=1 -DSWBWA_ENABLE_CPE_PROFILE=1 -DSWBWA_CPE_PROFILE_CG=5 -DSWBWA_ENABLE_FLOAT16_VECTOR=1 -DSWBWA_USE_MPI=0 bwtsw2_aux.c -o bwtsw2_aux.o
mpicc -mhost -fPIC -mieee -mftz -faddress_align=32 -c -Wall -Wno-unused-function -g -O2 -D_GNU_SOURCE -D_FILE_OFFSET_BITS=64 -DHAVE_PTHREAD -I/home/export/online1/mdt00/shisuan/swls-CFD/guoshi/ylf/lwpf3 -include swbwa_config.h -DSWBWA_EXEC_MODE=SWBWA_EXEC_CGS_CROSS -DSWBWA_CPE_ALLOC_MODE=SWBWA_CPE_ALLOC_POOL -DSWBWA_ENABLE_HOST_MALLOC_WRAPPER=1 -DSWBWA_ENABLE_HOST_MALLOC_STATS=0 -DSWBWA_ENABLE_CPE_MALLOC_WRAPPER=1 -DSWBWA_ENABLE_CPE_PROFILE=1 -DSWBWA_CPE_PROFILE_CG=5 -DSWBWA_ENABLE_FLOAT16_VECTOR=1 -DSWBWA_USE_MPI=0 bwt_lite.c -o bwt_lite.o
mpicc -mhost -fPIC -mieee -mftz -faddress_align=32 -c -Wall -Wno-unused-function -g -O2 -D_GNU_SOURCE -D_FILE_OFFSET_BITS=64 -DHAVE_PTHREAD -I/home/export/online1/mdt00/shisuan/swls-CFD/guoshi/ylf/lwpf3 -include swbwa_config.h -DSWBWA_EXEC_MODE=SWBWA_EXEC_CGS_CROSS -DSWBWA_CPE_ALLOC_MODE=SWBWA_CPE_ALLOC_POOL -DSWBWA_ENABLE_HOST_MALLOC_WRAPPER=1 -DSWBWA_ENABLE_HOST_MALLOC_STATS=0 -DSWBWA_ENABLE_CPE_MALLOC_WRAPPER=1 -DSWBWA_ENABLE_CPE_PROFILE=1 -DSWBWA_CPE_PROFILE_CG=5 -DSWBWA_ENABLE_FLOAT16_VECTOR=1 -DSWBWA_USE_MPI=0 bwtsw2_chain.c -o bwtsw2_chain.o
mpicc -mhost -fPIC -mieee -mftz -faddress_align=32 -c -Wall -Wno-unused-function -g -O2 -D_GNU_SOURCE -D_FILE_OFFSET_BITS=64 -DHAVE_PTHREAD -I/home/export/online1/mdt00/shisuan/swls-CFD/guoshi/ylf/lwpf3 -include swbwa_config.h -DSWBWA_EXEC_MODE=SWBWA_EXEC_CGS_CROSS -DSWBWA_CPE_ALLOC_MODE=SWBWA_CPE_ALLOC_POOL -DSWBWA_ENABLE_HOST_MALLOC_WRAPPER=1 -DSWBWA_ENABLE_HOST_MALLOC_STATS=0 -DSWBWA_ENABLE_CPE_MALLOC_WRAPPER=1 -DSWBWA_ENABLE_CPE_PROFILE=1 -DSWBWA_CPE_PROFILE_CG=5 -DSWBWA_ENABLE_FLOAT16_VECTOR=1 -DSWBWA_USE_MPI=0 fastmap.c -o fastmap.o
mpicc -mhost -fPIC -mieee -mftz -faddress_align=32 -c -Wall -Wno-unused-function -g -O2 -D_GNU_SOURCE -D_FILE_OFFSET_BITS=64 -DHAVE_PTHREAD -I/home/export/online1/mdt00/shisuan/swls-CFD/guoshi/ylf/lwpf3 -include swbwa_config.h -DSWBWA_EXEC_MODE=SWBWA_EXEC_CGS_CROSS -DSWBWA_CPE_ALLOC_MODE=SWBWA_CPE_ALLOC_POOL -DSWBWA_ENABLE_HOST_MALLOC_WRAPPER=1 -DSWBWA_ENABLE_HOST_MALLOC_STATS=0 -DSWBWA_ENABLE_CPE_MALLOC_WRAPPER=1 -DSWBWA_ENABLE_CPE_PROFILE=1 -DSWBWA_CPE_PROFILE_CG=5 -DSWBWA_ENABLE_FLOAT16_VECTOR=1 -DSWBWA_USE_MPI=0 bwtsw2_pair.c -o bwtsw2_pair.o
mpicc -mhost -fPIC -mieee -mftz -faddress_align=32 -c -Wall -Wno-unused-function -g -O2 -D_GNU_SOURCE -D_FILE_OFFSET_BITS=64 -DHAVE_PTHREAD -I/home/export/online1/mdt00/shisuan/swls-CFD/guoshi/ylf/lwpf3 -include swbwa_config.h -DSWBWA_EXEC_MODE=SWBWA_EXEC_CGS_CROSS -DSWBWA_CPE_ALLOC_MODE=SWBWA_CPE_ALLOC_POOL -DSWBWA_ENABLE_HOST_MALLOC_WRAPPER=1 -DSWBWA_ENABLE_HOST_MALLOC_STATS=0 -DSWBWA_ENABLE_CPE_MALLOC_WRAPPER=1 -DSWBWA_ENABLE_CPE_PROFILE=1 -DSWBWA_CPE_PROFILE_CG=5 -DSWBWA_ENABLE_FLOAT16_VECTOR=1 -DSWBWA_USE_MPI=0 swbwa_mpi.c -o swbwa_mpi.o
mpicc -mhost -fPIC -mieee -mftz -faddress_align=32 -c -Wall -Wno-unused-function -g -O2 -D_GNU_SOURCE -D_FILE_OFFSET_BITS=64 -DHAVE_PTHREAD -I/home/export/online1/mdt00/shisuan/swls-CFD/guoshi/ylf/lwpf3 -include swbwa_config.h -DSWBWA_EXEC_MODE=SWBWA_EXEC_CGS_CROSS -DSWBWA_CPE_ALLOC_MODE=SWBWA_CPE_ALLOC_POOL -DSWBWA_ENABLE_HOST_MALLOC_WRAPPER=1 -DSWBWA_ENABLE_HOST_MALLOC_STATS=0 -DSWBWA_ENABLE_CPE_MALLOC_WRAPPER=1 -DSWBWA_ENABLE_CPE_PROFILE=1 -DSWBWA_CPE_PROFILE_CG=5 -DSWBWA_ENABLE_FLOAT16_VECTOR=1 -DSWBWA_USE_MPI=0 swbwa_output.c -o swbwa_output.o
mpicc -mhost -fPIC -mieee -mftz -faddress_align=32 -c -Wall -Wno-unused-function -g -O2 -D_GNU_SOURCE -D_FILE_OFFSET_BITS=64 -DHAVE_PTHREAD -I/home/export/online1/mdt00/shisuan/swls-CFD/guoshi/ylf/lwpf3 -include swbwa_config.h -DSWBWA_EXEC_MODE=SWBWA_EXEC_CGS_CROSS -DSWBWA_CPE_ALLOC_MODE=SWBWA_CPE_ALLOC_POOL -DSWBWA_ENABLE_HOST_MALLOC_WRAPPER=1 -DSWBWA_ENABLE_HOST_MALLOC_STATS=0 -DSWBWA_ENABLE_CPE_MALLOC_WRAPPER=1 -DSWBWA_ENABLE_CPE_PROFILE=1 -DSWBWA_CPE_PROFILE_CG=5 -DSWBWA_ENABLE_FLOAT16_VECTOR=1 -DSWBWA_USE_MPI=0 swbwa_cpe_profile.c -o swbwa_cpe_profile.o
mpicc -mhost -fPIC -mieee -mftz -faddress_align=32 -c -Wall -Wno-unused-function -g -O2 -D_GNU_SOURCE -D_FILE_OFFSET_BITS=64 -DHAVE_PTHREAD -I/home/export/online1/mdt00/shisuan/swls-CFD/guoshi/ylf/lwpf3 -include swbwa_config.h -DSWBWA_EXEC_MODE=SWBWA_EXEC_CGS_CROSS -DSWBWA_CPE_ALLOC_MODE=SWBWA_CPE_ALLOC_POOL -DSWBWA_ENABLE_HOST_MALLOC_WRAPPER=1 -DSWBWA_ENABLE_HOST_MALLOC_STATS=0 -DSWBWA_ENABLE_CPE_MALLOC_WRAPPER=1 -DSWBWA_ENABLE_CPE_PROFILE=1 -DSWBWA_CPE_PROFILE_CG=5 -DSWBWA_ENABLE_FLOAT16_VECTOR=1 -DSWBWA_USE_MPI=0 main.c -o main.o
mpicc -mslave -msimd -fPIC -mieee -mftz -faddress_align=64 -c -Wall -Wno-unused-function -g -O2 -D_GNU_SOURCE -D_FILE_OFFSET_BITS=64 -DHAVE_PTHREAD -I/home/export/online1/mdt00/shisuan/swls-CFD/guoshi/ylf/lwpf3 -include swbwa_config.h -DSWBWA_EXEC_MODE=SWBWA_EXEC_CGS_CROSS -DSWBWA_CPE_ALLOC_MODE=SWBWA_CPE_ALLOC_POOL -DSWBWA_ENABLE_HOST_MALLOC_WRAPPER=1 -DSWBWA_ENABLE_HOST_MALLOC_STATS=0 -DSWBWA_ENABLE_CPE_MALLOC_WRAPPER=1 -DSWBWA_ENABLE_CPE_PROFILE=1 -DSWBWA_CPE_PROFILE_CG=5 -DSWBWA_ENABLE_FLOAT16_VECTOR=1 -DSWBWA_USE_MPI=0 slave/bntseq.c -o slave/bntseq.o
In file included from /home/export/online1/mdt00/shisuan/swls-CFD/guoshi/ylf/lwpf3/lwpf.h:7:0,
                 from swbwa_cpe_profile.c:11:
/home/export/online1/mdt00/shisuan/swls-CFD/guoshi/ylf/lwpf3/lwpf_frontend_mpe.h: In function 'print_unit_num_wx':
/home/export/online1/mdt00/shisuan/swls-CFD/guoshi/ylf/lwpf3/lwpf_frontend_mpe.h:138:24: warning: format '%lld' expects argument of type 'long long int', but argument 4 has type 'long int' [-Wformat=]
   fprintf(output, "%*lld%s%s", w - 1, (value + LWPF_ON[ptrd]) / LWPF_DN[ptrd], LWPF_KN[ptrd], LWPF_KNRM);
                    ~~~~^              ~~~~~~~~~~~~~~~~~~~~~~~~~~~~~~~~~~~~~~~
                    %*ld
In file included from /home/export/online1/mdt00/shisuan/swls-CFD/guoshi/ylf/lwpf3/lwpf.h:7:0,
                 from swbwa_cpe_profile.c:11:
/home/export/online1/mdt00/shisuan/swls-CFD/guoshi/ylf/lwpf3/lwpf_frontend_mpe.h: In function 'lwpf_report_summary_one':
/home/export/online1/mdt00/shisuan/swls-CFD/guoshi/ylf/lwpf3/lwpf_frontend_mpe.h:368:13: warning: unused variable 'k' [-Wunused-variable]
   int i, j, k, l;
             ^
/home/export/online1/mdt00/shisuan/swls-CFD/guoshi/ylf/lwpf3/lwpf_frontend_mpe.h: In function 'lwpf_report_detail_one':
/home/export/online1/mdt00/shisuan/swls-CFD/guoshi/ylf/lwpf3/lwpf_frontend_mpe.h:450:7: warning: unused variable 'num_width' [-Wunused-variable]
   int num_width = LWPF_FW;
       ^~~~~~~~~
mpicc -mslave -msimd -fPIC -mieee -mftz -faddress_align=64 -c -Wall -Wno-unused-function -g -O2 -D_GNU_SOURCE -D_FILE_OFFSET_BITS=64 -DHAVE_PTHREAD -I/home/export/online1/mdt00/shisuan/swls-CFD/guoshi/ylf/lwpf3 -include swbwa_config.h -DSWBWA_EXEC_MODE=SWBWA_EXEC_CGS_CROSS -DSWBWA_CPE_ALLOC_MODE=SWBWA_CPE_ALLOC_POOL -DSWBWA_ENABLE_HOST_MALLOC_WRAPPER=1 -DSWBWA_ENABLE_HOST_MALLOC_STATS=0 -DSWBWA_ENABLE_CPE_MALLOC_WRAPPER=1 -DSWBWA_ENABLE_CPE_PROFILE=1 -DSWBWA_CPE_PROFILE_CG=5 -DSWBWA_ENABLE_FLOAT16_VECTOR=1 -DSWBWA_USE_MPI=0 slave/bwamem_extra.c -o slave/bwamem_extra.o
mpicc -mslave -msimd -fPIC -mieee -mftz -faddress_align=64 -c -Wall -Wno-unused-function -g -O2 -D_GNU_SOURCE -D_FILE_OFFSET_BITS=64 -DHAVE_PTHREAD -I/home/export/online1/mdt00/shisuan/swls-CFD/guoshi/ylf/lwpf3 -include swbwa_config.h -DSWBWA_EXEC_MODE=SWBWA_EXEC_CGS_CROSS -DSWBWA_CPE_ALLOC_MODE=SWBWA_CPE_ALLOC_POOL -DSWBWA_ENABLE_HOST_MALLOC_WRAPPER=1 -DSWBWA_ENABLE_HOST_MALLOC_STATS=0 -DSWBWA_ENABLE_CPE_MALLOC_WRAPPER=1 -DSWBWA_ENABLE_CPE_PROFILE=1 -DSWBWA_CPE_PROFILE_CG=5 -DSWBWA_ENABLE_FLOAT16_VECTOR=1 -DSWBWA_USE_MPI=0 slave/bwamem.c -o slave/bwamem.o
mpicc -mslave -msimd -fPIC -mieee -mftz -faddress_align=64 -c -Wall -Wno-unused-function -g -O2 -D_GNU_SOURCE -D_FILE_OFFSET_BITS=64 -DHAVE_PTHREAD -I/home/export/online1/mdt00/shisuan/swls-CFD/guoshi/ylf/lwpf3 -include swbwa_config.h -DSWBWA_EXEC_MODE=SWBWA_EXEC_CGS_CROSS -DSWBWA_CPE_ALLOC_MODE=SWBWA_CPE_ALLOC_POOL -DSWBWA_ENABLE_HOST_MALLOC_WRAPPER=1 -DSWBWA_ENABLE_HOST_MALLOC_STATS=0 -DSWBWA_ENABLE_CPE_MALLOC_WRAPPER=1 -DSWBWA_ENABLE_CPE_PROFILE=1 -DSWBWA_CPE_PROFILE_CG=5 -DSWBWA_ENABLE_FLOAT16_VECTOR=1 -DSWBWA_USE_MPI=0 slave/malloc_wrap.c -o slave/malloc_wrap.o
mpicc -mslave -msimd -fPIC -mieee -mftz -faddress_align=64 -c -Wall -Wno-unused-function -g -O2 -D_GNU_SOURCE -D_FILE_OFFSET_BITS=64 -DHAVE_PTHREAD -I/home/export/online1/mdt00/shisuan/swls-CFD/guoshi/ylf/lwpf3 -include swbwa_config.h -DSWBWA_EXEC_MODE=SWBWA_EXEC_CGS_CROSS -DSWBWA_CPE_ALLOC_MODE=SWBWA_CPE_ALLOC_POOL -DSWBWA_ENABLE_HOST_MALLOC_WRAPPER=1 -DSWBWA_ENABLE_HOST_MALLOC_STATS=0 -DSWBWA_ENABLE_CPE_MALLOC_WRAPPER=1 -DSWBWA_ENABLE_CPE_PROFILE=1 -DSWBWA_CPE_PROFILE_CG=5 -DSWBWA_ENABLE_FLOAT16_VECTOR=1 -DSWBWA_USE_MPI=0 slave/rle.c -o slave/rle.o
In file included from /home/export/online1/mdt00/shisuan/swls-CFD/guoshi/ylf/lwpf3/lwpf.h:4:0,
                 from slave/swbwa_cpe_profile.h:91,
                 from slave/bwamem.c:40:
/home/export/online1/mdt00/shisuan/swls-CFD/guoshi/ylf/lwpf3/lwpf_frontend_cpe.h:86:14: warning: 'lwpf_kernel_count_SWBWA' initialized and declared 'extern'
 #define U(x) lwpf_kernel_count_ ## x
              ^
slave/swbwa_cpe_profile.h:90:19: note: in expansion of macro 'U'
 #define LWPF_UNIT U(SWBWA)
                   ^
/home/export/online1/mdt00/shisuan/swls-CFD/guoshi/ylf/lwpf3/lwpf_frontend_cpe.h:87:29: note: in expansion of macro 'LWPF_UNIT'
 extern LWPF_WEAK const long LWPF_UNIT =
                             ^~~~~~~~~
In file included from slave/bwamem.c:45:0:
slave/utils.h:76:9: warning: 'slave_my_printf' is an unrecognized format function type [-Wformat=]
         ATTRIBUTE((format(printf, 2, 3)));
         ^~~~~~~~~
slave/utils.h:78:9: warning: 'slave_my_printf' is an unrecognized format function type [-Wformat=]
         ATTRIBUTE((format(printf, 1, 2)));
         ^~~~~~~~~
In file included from /home/export/online1/mdt00/shisuan/swls-CFD/guoshi/ylf/lwpf3/lwpf_backend.h:16:0,
                 from /home/export/online1/mdt00/shisuan/swls-CFD/guoshi/ylf/lwpf3/lwpf.h:2,
                 from slave/swbwa_cpe_profile.h:91,
                 from slave/bwamem.c:40:
/home/export/online1/mdt00/shisuan/swls-CFD/guoshi/ylf/lwpf3/sw9_pcr.h:34:21: warning: 'PCR_NAMES' defined but not used [-Wunused-variable]
 static const char **PCR_NAMES[] = {PC0_NAMES, PC1_NAMES, PC2_NAMES, PC3_NAMES,
                     ^~~~~~~~~
mpicc -mslave -msimd -fPIC -mieee -mftz -faddress_align=64 -c -Wall -Wno-unused-function -g -O2 -D_GNU_SOURCE -D_FILE_OFFSET_BITS=64 -DHAVE_PTHREAD -I/home/export/online1/mdt00/shisuan/swls-CFD/guoshi/ylf/lwpf3 -include swbwa_config.h -DSWBWA_EXEC_MODE=SWBWA_EXEC_CGS_CROSS -DSWBWA_CPE_ALLOC_MODE=SWBWA_CPE_ALLOC_POOL -DSWBWA_ENABLE_HOST_MALLOC_WRAPPER=1 -DSWBWA_ENABLE_HOST_MALLOC_STATS=0 -DSWBWA_ENABLE_CPE_MALLOC_WRAPPER=1 -DSWBWA_ENABLE_CPE_PROFILE=1 -DSWBWA_CPE_PROFILE_CG=5 -DSWBWA_ENABLE_FLOAT16_VECTOR=1 -DSWBWA_USE_MPI=0 slave/slave.c -o slave/slave.o
mpicc -mslave -msimd -fPIC -mieee -mftz -faddress_align=64 -c -Wall -Wno-unused-function -g -O2 -D_GNU_SOURCE -D_FILE_OFFSET_BITS=64 -DHAVE_PTHREAD -I/home/export/online1/mdt00/shisuan/swls-CFD/guoshi/ylf/lwpf3 -include swbwa_config.h -DSWBWA_EXEC_MODE=SWBWA_EXEC_CGS_CROSS -DSWBWA_CPE_ALLOC_MODE=SWBWA_CPE_ALLOC_POOL -DSWBWA_ENABLE_HOST_MALLOC_WRAPPER=1 -DSWBWA_ENABLE_HOST_MALLOC_STATS=0 -DSWBWA_ENABLE_CPE_MALLOC_WRAPPER=1 -DSWBWA_ENABLE_CPE_PROFILE=1 -DSWBWA_CPE_PROFILE_CG=5 -DSWBWA_ENABLE_FLOAT16_VECTOR=1 -DSWBWA_USE_MPI=0 slave/bwamem_pair.c -o slave/bwamem_pair.o
In file included from /home/export/online1/mdt00/shisuan/swls-CFD/guoshi/ylf/lwpf3/lwpf.h:4:0,
                 from slave/swbwa_cpe_profile.h:91,
                 from slave/slave.c:11:
/home/export/online1/mdt00/shisuan/swls-CFD/guoshi/ylf/lwpf3/lwpf_frontend_cpe.h:86:14: warning: 'lwpf_kernel_count_SWBWA' initialized and declared 'extern'
 #define U(x) lwpf_kernel_count_ ## x
              ^
slave/swbwa_cpe_profile.h:90:19: note: in expansion of macro 'U'
 #define LWPF_UNIT U(SWBWA)
                   ^
/home/export/online1/mdt00/shisuan/swls-CFD/guoshi/ylf/lwpf3/lwpf_frontend_cpe.h:87:29: note: in expansion of macro 'LWPF_UNIT'
 extern LWPF_WEAK const long LWPF_UNIT =
                             ^~~~~~~~~
In file included from /home/export/online1/mdt00/shisuan/swls-CFD/guoshi/ylf/lwpf3/lwpf_backend.h:16:0,
                 from /home/export/online1/mdt00/shisuan/swls-CFD/guoshi/ylf/lwpf3/lwpf.h:2,
                 from slave/swbwa_cpe_profile.h:91,
                 from slave/slave.c:11:
/home/export/online1/mdt00/shisuan/swls-CFD/guoshi/ylf/lwpf3/sw9_pcr.h:34:21: warning: 'PCR_NAMES' defined but not used [-Wunused-variable]
 static const char **PCR_NAMES[] = {PC0_NAMES, PC1_NAMES, PC2_NAMES, PC3_NAMES,
                     ^~~~~~~~~
mpicc -mslave -msimd -fPIC -mieee -mftz -faddress_align=64 -c -Wall -Wno-unused-function -g -O2 -D_GNU_SOURCE -D_FILE_OFFSET_BITS=64 -DHAVE_PTHREAD -I/home/export/online1/mdt00/shisuan/swls-CFD/guoshi/ylf/lwpf3 -include swbwa_config.h -DSWBWA_EXEC_MODE=SWBWA_EXEC_CGS_CROSS -DSWBWA_CPE_ALLOC_MODE=SWBWA_CPE_ALLOC_POOL -DSWBWA_ENABLE_HOST_MALLOC_WRAPPER=1 -DSWBWA_ENABLE_HOST_MALLOC_STATS=0 -DSWBWA_ENABLE_CPE_MALLOC_WRAPPER=1 -DSWBWA_ENABLE_CPE_PROFILE=1 -DSWBWA_CPE_PROFILE_CG=5 -DSWBWA_ENABLE_FLOAT16_VECTOR=1 -DSWBWA_USE_MPI=0 slave/bwt.c -o slave/bwt.o
In file included from /home/export/online1/mdt00/shisuan/swls-CFD/guoshi/ylf/lwpf3/lwpf.h:4:0,
                 from slave/swbwa_cpe_profile.h:91,
                 from slave/bwamem_pair.c:33:
/home/export/online1/mdt00/shisuan/swls-CFD/guoshi/ylf/lwpf3/lwpf_frontend_cpe.h:86:14: warning: 'lwpf_kernel_count_SWBWA' initialized and declared 'extern'
 #define U(x) lwpf_kernel_count_ ## x
              ^
slave/swbwa_cpe_profile.h:90:19: note: in expansion of macro 'U'
 #define LWPF_UNIT U(SWBWA)
                   ^
/home/export/online1/mdt00/shisuan/swls-CFD/guoshi/ylf/lwpf3/lwpf_frontend_cpe.h:87:29: note: in expansion of macro 'LWPF_UNIT'
 extern LWPF_WEAK const long LWPF_UNIT =
                             ^~~~~~~~~
In file included from slave/bwamem_pair.c:116:0:
slave/utils.h:76:9: warning: 'slave_my_printf' is an unrecognized format function type [-Wformat=]
         ATTRIBUTE((format(printf, 2, 3)));
         ^~~~~~~~~
slave/utils.h:78:9: warning: 'slave_my_printf' is an unrecognized format function type [-Wformat=]
         ATTRIBUTE((format(printf, 1, 2)));
         ^~~~~~~~~
mpicc -mslave -msimd -fPIC -mieee -mftz -faddress_align=64 -c -Wall -Wno-unused-function -g -O2 -D_GNU_SOURCE -D_FILE_OFFSET_BITS=64 -DHAVE_PTHREAD -I/home/export/online1/mdt00/shisuan/swls-CFD/guoshi/ylf/lwpf3 -include swbwa_config.h -DSWBWA_EXEC_MODE=SWBWA_EXEC_CGS_CROSS -DSWBWA_CPE_ALLOC_MODE=SWBWA_CPE_ALLOC_POOL -DSWBWA_ENABLE_HOST_MALLOC_WRAPPER=1 -DSWBWA_ENABLE_HOST_MALLOC_STATS=0 -DSWBWA_ENABLE_CPE_MALLOC_WRAPPER=1 -DSWBWA_ENABLE_CPE_PROFILE=1 -DSWBWA_CPE_PROFILE_CG=5 -DSWBWA_ENABLE_FLOAT16_VECTOR=1 -DSWBWA_USE_MPI=0 slave/rope.c -o slave/rope.o
In file included from /home/export/online1/mdt00/shisuan/swls-CFD/guoshi/ylf/lwpf3/lwpf_backend.h:16:0,
                 from /home/export/online1/mdt00/shisuan/swls-CFD/guoshi/ylf/lwpf3/lwpf.h:2,
                 from slave/swbwa_cpe_profile.h:91,
                 from slave/bwamem_pair.c:33:
/home/export/online1/mdt00/shisuan/swls-CFD/guoshi/ylf/lwpf3/sw9_pcr.h:34:21: warning: 'PCR_NAMES' defined but not used [-Wunused-variable]
 static const char **PCR_NAMES[] = {PC0_NAMES, PC1_NAMES, PC2_NAMES, PC3_NAMES,
                     ^~~~~~~~~
mpicc -mslave -msimd -fPIC -mieee -mftz -faddress_align=64 -c -Wall -Wno-unused-function -g -O2 -D_GNU_SOURCE -D_FILE_OFFSET_BITS=64 -DHAVE_PTHREAD -I/home/export/online1/mdt00/shisuan/swls-CFD/guoshi/ylf/lwpf3 -include swbwa_config.h -DSWBWA_EXEC_MODE=SWBWA_EXEC_CGS_CROSS -DSWBWA_CPE_ALLOC_MODE=SWBWA_CPE_ALLOC_POOL -DSWBWA_ENABLE_HOST_MALLOC_WRAPPER=1 -DSWBWA_ENABLE_HOST_MALLOC_STATS=0 -DSWBWA_ENABLE_CPE_MALLOC_WRAPPER=1 -DSWBWA_ENABLE_CPE_PROFILE=1 -DSWBWA_CPE_PROFILE_CG=5 -DSWBWA_ENABLE_FLOAT16_VECTOR=1 -DSWBWA_USE_MPI=0 slave/bwa.c -o slave/bwa.o
mpicc -mslave -msimd -fPIC -mieee -mftz -faddress_align=64 -c -Wall -Wno-unused-function -g -O2 -D_GNU_SOURCE -D_FILE_OFFSET_BITS=64 -DHAVE_PTHREAD -I/home/export/online1/mdt00/shisuan/swls-CFD/guoshi/ylf/lwpf3 -include swbwa_config.h -DSWBWA_EXEC_MODE=SWBWA_EXEC_CGS_CROSS -DSWBWA_CPE_ALLOC_MODE=SWBWA_CPE_ALLOC_POOL -DSWBWA_ENABLE_HOST_MALLOC_WRAPPER=1 -DSWBWA_ENABLE_HOST_MALLOC_STATS=0 -DSWBWA_ENABLE_CPE_MALLOC_WRAPPER=1 -DSWBWA_ENABLE_CPE_PROFILE=1 -DSWBWA_CPE_PROFILE_CG=5 -DSWBWA_ENABLE_FLOAT16_VECTOR=1 -DSWBWA_USE_MPI=0 slave/kthread.c -o slave/kthread.o
mpicc -mslave -msimd -fPIC -mieee -mftz -faddress_align=64 -c -Wall -Wno-unused-function -g -O2 -D_GNU_SOURCE -D_FILE_OFFSET_BITS=64 -DHAVE_PTHREAD -I/home/export/online1/mdt00/shisuan/swls-CFD/guoshi/ylf/lwpf3 -include swbwa_config.h -DSWBWA_EXEC_MODE=SWBWA_EXEC_CGS_CROSS -DSWBWA_CPE_ALLOC_MODE=SWBWA_CPE_ALLOC_POOL -DSWBWA_ENABLE_HOST_MALLOC_WRAPPER=1 -DSWBWA_ENABLE_HOST_MALLOC_STATS=0 -DSWBWA_ENABLE_CPE_MALLOC_WRAPPER=1 -DSWBWA_ENABLE_CPE_PROFILE=1 -DSWBWA_CPE_PROFILE_CG=5 -DSWBWA_ENABLE_FLOAT16_VECTOR=1 -DSWBWA_USE_MPI=0 slave/kstring.c -o slave/kstring.o
mpicc -mslave -msimd -fPIC -mieee -mftz -faddress_align=64 -c -Wall -Wno-unused-function -g -O2 -D_GNU_SOURCE -D_FILE_OFFSET_BITS=64 -DHAVE_PTHREAD -I/home/export/online1/mdt00/shisuan/swls-CFD/guoshi/ylf/lwpf3 -include swbwa_config.h -DSWBWA_EXEC_MODE=SWBWA_EXEC_CGS_CROSS -DSWBWA_CPE_ALLOC_MODE=SWBWA_CPE_ALLOC_POOL -DSWBWA_ENABLE_HOST_MALLOC_WRAPPER=1 -DSWBWA_ENABLE_HOST_MALLOC_STATS=0 -DSWBWA_ENABLE_CPE_MALLOC_WRAPPER=1 -DSWBWA_ENABLE_CPE_PROFILE=1 -DSWBWA_CPE_PROFILE_CG=5 -DSWBWA_ENABLE_FLOAT16_VECTOR=1 -DSWBWA_USE_MPI=0 slave/example.c -o slave/example.o
mpicc -mslave -msimd -fPIC -mieee -mftz -faddress_align=64 -c -Wall -Wno-unused-function -g -O2 -D_GNU_SOURCE -D_FILE_OFFSET_BITS=64 -DHAVE_PTHREAD -I/home/export/online1/mdt00/shisuan/swls-CFD/guoshi/ylf/lwpf3 -include swbwa_config.h -DSWBWA_EXEC_MODE=SWBWA_EXEC_CGS_CROSS -DSWBWA_CPE_ALLOC_MODE=SWBWA_CPE_ALLOC_POOL -DSWBWA_ENABLE_HOST_MALLOC_WRAPPER=1 -DSWBWA_ENABLE_HOST_MALLOC_STATS=0 -DSWBWA_ENABLE_CPE_MALLOC_WRAPPER=1 -DSWBWA_ENABLE_CPE_PROFILE=1 -DSWBWA_CPE_PROFILE_CG=5 -DSWBWA_ENABLE_FLOAT16_VECTOR=1 -DSWBWA_USE_MPI=0 slave/main.c -o slave/main.o
mpicc -mslave -msimd -fPIC -mieee -mftz -faddress_align=64 -c -Wall -Wno-unused-function -g -O2 -D_GNU_SOURCE -D_FILE_OFFSET_BITS=64 -DHAVE_PTHREAD -I/home/export/online1/mdt00/shisuan/swls-CFD/guoshi/ylf/lwpf3 -include swbwa_config.h -DSWBWA_EXEC_MODE=SWBWA_EXEC_CGS_CROSS -DSWBWA_CPE_ALLOC_MODE=SWBWA_CPE_ALLOC_POOL -DSWBWA_ENABLE_HOST_MALLOC_WRAPPER=1 -DSWBWA_ENABLE_HOST_MALLOC_STATS=0 -DSWBWA_ENABLE_CPE_MALLOC_WRAPPER=1 -DSWBWA_ENABLE_CPE_PROFILE=1 -DSWBWA_CPE_PROFILE_CG=5 -DSWBWA_ENABLE_FLOAT16_VECTOR=1 -DSWBWA_USE_MPI=0 slave/ksw.c -o slave/ksw.o
mpicc -mslave -msimd -fPIC -mieee -mftz -faddress_align=64 -c -Wall -Wno-unused-function -g -O2 -D_GNU_SOURCE -D_FILE_OFFSET_BITS=64 -DHAVE_PTHREAD -I/home/export/online1/mdt00/shisuan/swls-CFD/guoshi/ylf/lwpf3 -include swbwa_config.h -DSWBWA_EXEC_MODE=SWBWA_EXEC_CGS_CROSS -DSWBWA_CPE_ALLOC_MODE=SWBWA_CPE_ALLOC_POOL -DSWBWA_ENABLE_HOST_MALLOC_WRAPPER=1 -DSWBWA_ENABLE_HOST_MALLOC_STATS=0 -DSWBWA_ENABLE_CPE_MALLOC_WRAPPER=1 -DSWBWA_ENABLE_CPE_PROFILE=1 -DSWBWA_CPE_PROFILE_CG=5 -DSWBWA_ENABLE_FLOAT16_VECTOR=1 -DSWBWA_USE_MPI=0 slave/bwtindex.c -o slave/bwtindex.o
In file included from /home/export/online1/mdt00/shisuan/swls-CFD/guoshi/ylf/lwpf3/lwpf.h:4:0,
                 from slave/swbwa_cpe_profile.h:91,
                 from slave/ksw.c:37:
/home/export/online1/mdt00/shisuan/swls-CFD/guoshi/ylf/lwpf3/lwpf_frontend_cpe.h:86:14: warning: 'lwpf_kernel_count_SWBWA' initialized and declared 'extern'
 #define U(x) lwpf_kernel_count_ ## x
              ^
slave/swbwa_cpe_profile.h:90:19: note: in expansion of macro 'U'
 #define LWPF_UNIT U(SWBWA)
                   ^
/home/export/online1/mdt00/shisuan/swls-CFD/guoshi/ylf/lwpf3/lwpf_frontend_cpe.h:87:29: note: in expansion of macro 'LWPF_UNIT'
 extern LWPF_WEAK const long LWPF_UNIT =
                             ^~~~~~~~~
mpicc -mslave -msimd -fPIC -mieee -mftz -faddress_align=64 -c -Wall -Wno-unused-function -g -O2 -D_GNU_SOURCE -D_FILE_OFFSET_BITS=64 -DHAVE_PTHREAD -I/home/export/online1/mdt00/shisuan/swls-CFD/guoshi/ylf/lwpf3 -include swbwa_config.h -DSWBWA_EXEC_MODE=SWBWA_EXEC_CGS_CROSS -DSWBWA_CPE_ALLOC_MODE=SWBWA_CPE_ALLOC_POOL -DSWBWA_ENABLE_HOST_MALLOC_WRAPPER=1 -DSWBWA_ENABLE_HOST_MALLOC_STATS=0 -DSWBWA_ENABLE_CPE_MALLOC_WRAPPER=1 -DSWBWA_ENABLE_CPE_PROFILE=1 -DSWBWA_CPE_PROFILE_CG=5 -DSWBWA_ENABLE_FLOAT16_VECTOR=1 -DSWBWA_USE_MPI=0 slave/is.c -o slave/is.o
In file included from /home/export/online1/mdt00/shisuan/swls-CFD/guoshi/ylf/lwpf3/lwpf_backend.h:16:0,
                 from /home/export/online1/mdt00/shisuan/swls-CFD/guoshi/ylf/lwpf3/lwpf.h:2,
                 from slave/swbwa_cpe_profile.h:91,
                 from slave/ksw.c:37:
/home/export/online1/mdt00/shisuan/swls-CFD/guoshi/ylf/lwpf3/sw9_pcr.h:34:21: warning: 'PCR_NAMES' defined but not used [-Wunused-variable]
 static const char **PCR_NAMES[] = {PC0_NAMES, PC1_NAMES, PC2_NAMES, PC3_NAMES,
                     ^~~~~~~~~
mpicc -mslave -msimd -fPIC -mieee -mftz -faddress_align=64 -c -Wall -Wno-unused-function -g -O2 -D_GNU_SOURCE -D_FILE_OFFSET_BITS=64 -DHAVE_PTHREAD -I/home/export/online1/mdt00/shisuan/swls-CFD/guoshi/ylf/lwpf3 -include swbwa_config.h -DSWBWA_EXEC_MODE=SWBWA_EXEC_CGS_CROSS -DSWBWA_CPE_ALLOC_MODE=SWBWA_CPE_ALLOC_POOL -DSWBWA_ENABLE_HOST_MALLOC_WRAPPER=1 -DSWBWA_ENABLE_HOST_MALLOC_STATS=0 -DSWBWA_ENABLE_CPE_MALLOC_WRAPPER=1 -DSWBWA_ENABLE_CPE_PROFILE=1 -DSWBWA_CPE_PROFILE_CG=5 -DSWBWA_ENABLE_FLOAT16_VECTOR=1 -DSWBWA_USE_MPI=0 slave/QSufSort.c -o slave/QSufSort.o
mpicc -mslave -msimd -fPIC -mieee -mftz -faddress_align=64 -c -Wall -Wno-unused-function -g -O2 -D_GNU_SOURCE -D_FILE_OFFSET_BITS=64 -DHAVE_PTHREAD -I/home/export/online1/mdt00/shisuan/swls-CFD/guoshi/ylf/lwpf3 -include swbwa_config.h -DSWBWA_EXEC_MODE=SWBWA_EXEC_CGS_CROSS -DSWBWA_CPE_ALLOC_MODE=SWBWA_CPE_ALLOC_POOL -DSWBWA_ENABLE_HOST_MALLOC_WRAPPER=1 -DSWBWA_ENABLE_HOST_MALLOC_STATS=0 -DSWBWA_ENABLE_CPE_MALLOC_WRAPPER=1 -DSWBWA_ENABLE_CPE_PROFILE=1 -DSWBWA_CPE_PROFILE_CG=5 -DSWBWA_ENABLE_FLOAT16_VECTOR=1 -DSWBWA_USE_MPI=0 slave/bwt_gen.c -o slave/bwt_gen.o
mpicc -mslave -msimd -fPIC -mieee -mftz -faddress_align=64 -c -Wall -Wno-unused-function -g -O2 -D_GNU_SOURCE -D_FILE_OFFSET_BITS=64 -DHAVE_PTHREAD -I/home/export/online1/mdt00/shisuan/swls-CFD/guoshi/ylf/lwpf3 -include swbwa_config.h -DSWBWA_EXEC_MODE=SWBWA_EXEC_CGS_CROSS -DSWBWA_CPE_ALLOC_MODE=SWBWA_CPE_ALLOC_POOL -DSWBWA_ENABLE_HOST_MALLOC_WRAPPER=1 -DSWBWA_ENABLE_HOST_MALLOC_STATS=0 -DSWBWA_ENABLE_CPE_MALLOC_WRAPPER=1 -DSWBWA_ENABLE_CPE_PROFILE=1 -DSWBWA_CPE_PROFILE_CG=5 -DSWBWA_ENABLE_FLOAT16_VECTOR=1 -DSWBWA_USE_MPI=0 slave/utils.c -o slave/utils.o
ar -csru libbwa.a utils.o kthread.o kstring.o ksw.o bwt.o bntseq.o bwa.o bwamem.o bwamem_pair.o bwamem_extra.o malloc_wrap.o QSufSort.o bwt_gen.o rope.o rle.o is.o bwtindex.o
mpicxx -mhybrid -Wall -Wno-unused-function -g -O2 -D_GNU_SOURCE -D_FILE_OFFSET_BITS=64  bwashm.o bwase.o bwaseqio.o bwtgap.o bwtaln.o bamlite.o bwape.o kopen.o pemerge.o maxk.o bwtsw2_core.o bwtsw2_main.o bwtsw2_aux.o bwt_lite.o bwtsw2_chain.o fastmap.o bwtsw2_pair.o swbwa_mpi.o swbwa_output.o swbwa_cpe_profile.o main.o slave/bntseq.o slave/bwamem_extra.o slave/bwamem.o slave/malloc_wrap.o slave/rle.o slave/slave.o slave/bwamem_pair.o slave/bwt.o slave/rope.o slave/bwa.o slave/kthread.o slave/kstring.o slave/example.o slave/main.o slave/ksw.o slave/bwtindex.o slave/is.o slave/QSufSort.o slave/bwt_gen.o slave/utils.o -o SWBWA -L. -lbwa -Wl,-q -lm -lz -lpthread -lm_slave -lrt
kopen.o: In function `kclose':
/home/export/online1/mdt00/shisuan/swls-CFD/guoshi/ylf/SWBWA/kopen.c:51: warning: Using 'getaddrinfo' in statically linked applications requires at runtime the shared libraries from the glibc version used for linking
0x4ffff0410194 -25368
0x4ffff04101b4 -21488
0x4ffff04101c4 -32472
0x4ffff04101d4 -29192
0x4ffff04101e4 -27912
0x4ffff04101f4 -26632
0x4ffff041203c -17424
0x4ffff0412064 -17432
0x4ffff0412d3c -14904
0x4ffff041c9bc -26016
0x4ffff041e3dc -16488
0x4ffff0422188 -23544
0x4ffff04230d4 -19272
0x4ffff04230f0 -27272
0x4ffff0423114 -18256
0x4ffff04234b8 -18736
0x4ffff0424bac -31472
0x4ffff0424be0 -16888
0x4ffff0424c04 -26064
0x4ffff0424c48 -17384
0x4ffff0424eb0 -21520
0x4ffff0425c18 -14896
0x4ffff042a514 -14888
0x4ffff042d048 -23056
0x4ffff042d04c -17696
0x4ffff0430878 -14520
0x4ffff0430a8c -29512
0x4ffff0430c14 -13808
0x4ffff0431498 -17480
0x4ffff043156c -27824
0x4ffff04316d0 -23080
0x4ffff0431794 -32152
0x4ffff04317ec -26144
0x4ffff0431a38 -24960
0x4ffff0431bc8 -26704
0x4ffff0431c18 -16576
0x4ffff0434f38 -13608
0x4ffff0434fc0 -13600
0x4ffff0436968 -32560
0x4ffff04369c0 -16448
0x4ffff0438994 -27984
4
['5000000331a8', '5000000331b0', '5000000331b8', '5000000333a8']
Processing completed. Results saved to data.bin2.
