[M::main_mem] mean insert size: 170.000, stddev: 80.000, max: 500, min: 1
[CPE input] bytes_per_cg=19660800 cg_count=6 chunk_bytes=117964800 file_bytes=3795555588
malloc bwt->bwt 3107576584, 0x580000486040
malloc bwt->sa 1553788264, 0x5800b9823b60
[M::bwa_idx_load_from_disk] read 0 ALT contigs
malloc pac 776894131, 0x580116285940
the input file is ../data/bwa_test_big_data/small_SRR7963242_1.fastq
the input file is ../data/bwa_test_big_data/small_SRR7963242_2.fastq
the output file is correctness_results/ksw_u8_modes_bigdata_20260827/float16_16/small_SRR7963242_PE.sam
[M::process] read chunk (19660800 bytes/CG x 6 CGs, 117964800 bytes)...
[DBG stage1] slow fread: R1 offset=0 requested=117964800 read=117964800 elapsed=1.230 s
[DBG stage1] slow fread: R2 offset=0 requested=117964800 read=117964800 elapsed=1.187 s
[M::swbwa_cross_runtime_init] initialized cross-segment runtime in 0.067 sec
start swbwa_cross_run
[M::mem_process_seqs_merge2] CPE FASTQ formatting done
start swbwa_cross_run
slave pre done
now n is 629832
start swbwa_cross_run
processed 629832
[M::mem_process_seqs_merge2] Processed 629832 reads in 0.110 CPU sec, 7.028 real sec
[M::process] read chunk (19660800 bytes/CG x 6 CGs, 117964800 bytes)...
[DBG stage1] slow fread: R1 offset=117963996 requested=117964800 read=117964800 elapsed=1.125 s
[DBG stage1] slow fread: R2 offset=117963996 requested=117964800 read=117964800 elapsed=1.124 s
start swbwa_cross_run
[M::mem_process_seqs_merge2] CPE FASTQ formatting done
start swbwa_cross_run
slave pre done
now n is 627468
start swbwa_cross_run
processed 627468
[M::mem_process_seqs_merge2] Processed 627468 reads in 0.050 CPU sec, 5.888 real sec
[M::process] read chunk (19660800 bytes/CG x 6 CGs, 117964800 bytes)...
[DBG stage1] slow fread: R1 offset=235927980 requested=117964800 read=117964800 elapsed=1.256 s
[DBG stage1] slow fread: R2 offset=235927980 requested=117964800 read=117964800 elapsed=1.242 s
start swbwa_cross_run
[M::mem_process_seqs_merge2] CPE FASTQ formatting done
start swbwa_cross_run
slave pre done
now n is 627468
start swbwa_cross_run
processed 627468
[M::mem_process_seqs_merge2] Processed 627468 reads in 0.060 CPU sec, 6.083 real sec
[M::process] read chunk (19660800 bytes/CG x 6 CGs, 117964800 bytes)...
[DBG stage1] slow fread: R1 offset=353891964 requested=117964800 read=117964800 elapsed=2.198 s
[DBG stage1] slow fread: R2 offset=353891964 requested=117964800 read=117964800 elapsed=1.348 s
start swbwa_cross_run
[M::mem_process_seqs_merge2] CPE FASTQ formatting done
start swbwa_cross_run
slave pre done
now n is 622076
start swbwa_cross_run
processed 622076
[M::mem_process_seqs_merge2] Processed 622076 reads in 0.060 CPU sec, 5.623 real sec
[M::process] read chunk (19660800 bytes/CG x 6 CGs, 117964800 bytes)...
[DBG stage1] slow fread: R1 offset=471855944 requested=117964800 read=117964800 elapsed=2.017 s
[DBG stage1] slow fread: R2 offset=471855944 requested=117964800 read=117964800 elapsed=1.278 s
start swbwa_cross_run
[M::mem_process_seqs_merge2] CPE FASTQ formatting done
start swbwa_cross_run
slave pre done
now n is 620862
start swbwa_cross_run
processed 620862
[M::mem_process_seqs_merge2] Processed 620862 reads in 0.050 CPU sec, 5.777 real sec
[M::process] read chunk (19660800 bytes/CG x 6 CGs, 117964800 bytes)...
[DBG stage1] slow fread: R1 offset=589819724 requested=117964800 read=117964800 elapsed=1.208 s
[DBG stage1] slow fread: R2 offset=589819724 requested=117964800 read=117964800 elapsed=3.346 s
start swbwa_cross_run
[M::mem_process_seqs_merge2] CPE FASTQ formatting done
start swbwa_cross_run
slave pre done
now n is 620862
start swbwa_cross_run
processed 620862
[M::mem_process_seqs_merge2] Processed 620862 reads in 0.050 CPU sec, 5.597 real sec
[M::process] read chunk (19660800 bytes/CG x 6 CGs, 117964800 bytes)...
[DBG stage1] slow fread: R1 offset=707783504 requested=117964800 read=117964800 elapsed=1.208 s
[DBG stage1] slow fread: R2 offset=707783504 requested=117964800 read=117964800 elapsed=1.258 s
start swbwa_cross_run
[M::mem_process_seqs_merge2] CPE FASTQ formatting done
start swbwa_cross_run
slave pre done
now n is 620862
start swbwa_cross_run
processed 620862
[M::mem_process_seqs_merge2] Processed 620862 reads in 0.050 CPU sec, 5.755 real sec
[M::process] read chunk (19660800 bytes/CG x 6 CGs, 117964800 bytes)...
[DBG stage1] slow fread: R1 offset=825747284 requested=117964800 read=117964800 elapsed=1.375 s
[DBG stage1] slow fread: R2 offset=825747284 requested=117964800 read=117964800 elapsed=1.566 s
start swbwa_cross_run
[M::mem_process_seqs_merge2] CPE FASTQ formatting done
start swbwa_cross_run
slave pre done
now n is 620862
start swbwa_cross_run
processed 620862
[M::mem_process_seqs_merge2] Processed 620862 reads in 0.050 CPU sec, 5.608 real sec
[M::process] read chunk (19660800 bytes/CG x 6 CGs, 117964800 bytes)...
[DBG stage1] slow fread: R1 offset=943711064 requested=117964800 read=117964800 elapsed=1.247 s
[DBG stage1] slow fread: R2 offset=943711064 requested=117964800 read=117964800 elapsed=2.009 s
start swbwa_cross_run
[M::mem_process_seqs_merge2] CPE FASTQ formatting done
start swbwa_cross_run
slave pre done
now n is 620862
start swbwa_cross_run
processed 620862
[M::mem_process_seqs_merge2] Processed 620862 reads in 0.050 CPU sec, 6.387 real sec
[M::process] read chunk (19660800 bytes/CG x 6 CGs, 117964800 bytes)...
[DBG stage1] slow fread: R1 offset=1061674844 requested=117964800 read=117964800 elapsed=1.068 s
[DBG stage1] slow fread: R2 offset=1061674844 requested=117964800 read=117964800 elapsed=1.036 s
start swbwa_cross_run
[M::mem_process_seqs_merge2] CPE FASTQ formatting done
start swbwa_cross_run
slave pre done
now n is 620862
start swbwa_cross_run
processed 620862
[M::mem_process_seqs_merge2] Processed 620862 reads in 0.060 CPU sec, 5.742 real sec
[M::process] read chunk (19660800 bytes/CG x 6 CGs, 117964800 bytes)...
[DBG stage1] slow fread: R1 offset=1179638624 requested=117964800 read=117964800 elapsed=1.216 s
[DBG stage1] slow fread: R2 offset=1179638624 requested=117964800 read=117964800 elapsed=1.265 s
start swbwa_cross_run
[M::mem_process_seqs_merge2] CPE FASTQ formatting done
start swbwa_cross_run
slave pre done
now n is 620862
start swbwa_cross_run
processed 620862
[M::mem_process_seqs_merge2] Processed 620862 reads in 0.050 CPU sec, 6.066 real sec
[M::process] read chunk (19660800 bytes/CG x 6 CGs, 117964800 bytes)...
[DBG stage1] slow fread: R1 offset=1297602404 requested=117964800 read=117964800 elapsed=1.985 s
[DBG stage1] slow fread: R2 offset=1297602404 requested=117964800 read=117964800 elapsed=1.198 s
start swbwa_cross_run
[M::mem_process_seqs_merge2] CPE FASTQ formatting done
start swbwa_cross_run
slave pre done
now n is 620862
start swbwa_cross_run
processed 620862
[M::mem_process_seqs_merge2] Processed 620862 reads in 0.050 CPU sec, 5.977 real sec
[M::process] read chunk (19660800 bytes/CG x 6 CGs, 117964800 bytes)...
[DBG stage1] slow fread: R1 offset=1415566184 requested=117964800 read=117964800 elapsed=1.287 s
[DBG stage1] slow fread: R2 offset=1415566184 requested=117964800 read=117964800 elapsed=1.176 s
start swbwa_cross_run
[M::mem_process_seqs_merge2] CPE FASTQ formatting done
start swbwa_cross_run
slave pre done
now n is 620862
start swbwa_cross_run
processed 620862
[M::mem_process_seqs_merge2] Processed 620862 reads in 0.060 CPU sec, 5.903 real sec
[M::process] read chunk (19660800 bytes/CG x 6 CGs, 117964800 bytes)...
[DBG stage1] slow fread: R1 offset=1533529964 requested=117964800 read=117964800 elapsed=1.156 s
[DBG stage1] slow fread: R2 offset=1533529964 requested=117964800 read=117964800 elapsed=1.250 s
start swbwa_cross_run
[M::mem_process_seqs_merge2] CPE FASTQ formatting done
start swbwa_cross_run
slave pre done
now n is 620862
start swbwa_cross_run
processed 620862
[M::mem_process_seqs_merge2] Processed 620862 reads in 0.060 CPU sec, 5.651 real sec
[M::process] read chunk (19660800 bytes/CG x 6 CGs, 117964800 bytes)...
[DBG stage1] slow fread: R1 offset=1651493744 requested=117964800 read=117964800 elapsed=1.629 s
[DBG stage1] slow fread: R2 offset=1651493744 requested=117964800 read=117964800 elapsed=1.299 s
start swbwa_cross_run
[M::mem_process_seqs_merge2] CPE FASTQ formatting done
start swbwa_cross_run
slave pre done
now n is 620862
start swbwa_cross_run
processed 620862
[M::mem_process_seqs_merge2] Processed 620862 reads in 0.060 CPU sec, 5.723 real sec
[M::process] read chunk (19660800 bytes/CG x 6 CGs, 117964800 bytes)...
[DBG stage1] slow fread: R1 offset=1769457524 requested=117964800 read=117964800 elapsed=1.173 s
[DBG stage1] slow fread: R2 offset=1769457524 requested=117964800 read=117964800 elapsed=1.157 s
start swbwa_cross_run
[M::mem_process_seqs_merge2] CPE FASTQ formatting done
start swbwa_cross_run
slave pre done
now n is 620862
start swbwa_cross_run
processed 620862
[M::mem_process_seqs_merge2] Processed 620862 reads in 0.050 CPU sec, 5.671 real sec
[M::process] read chunk (19660800 bytes/CG x 6 CGs, 117964800 bytes)...
[DBG stage1] slow fread: R1 offset=1887421304 requested=117964800 read=117964800 elapsed=1.567 s
[DBG stage1] slow fread: R2 offset=1887421304 requested=117964800 read=117964800 elapsed=1.265 s
start swbwa_cross_run
[M::mem_process_seqs_merge2] CPE FASTQ formatting done
start swbwa_cross_run
slave pre done
now n is 620862
start swbwa_cross_run
processed 620862
[M::mem_process_seqs_merge2] Processed 620862 reads in 0.060 CPU sec, 5.767 real sec
[M::process] read chunk (19660800 bytes/CG x 6 CGs, 117964800 bytes)...
[DBG stage1] slow fread: R1 offset=2005385084 requested=117964800 read=117964800 elapsed=1.223 s
[DBG stage1] slow fread: R2 offset=2005385084 requested=117964800 read=117964800 elapsed=1.159 s
start swbwa_cross_run
[M::mem_process_seqs_merge2] CPE FASTQ formatting done
start swbwa_cross_run
slave pre done
now n is 620862
start swbwa_cross_run
processed 620862
[M::mem_process_seqs_merge2] Processed 620862 reads in 0.050 CPU sec, 5.767 real sec
[M::process] read chunk (19660800 bytes/CG x 6 CGs, 117964800 bytes)...
[DBG stage1] slow fread: R1 offset=2123348864 requested=117964800 read=117964800 elapsed=1.068 s
[DBG stage1] slow fread: R2 offset=2123348864 requested=117964800 read=117964800 elapsed=1.092 s
start swbwa_cross_run
[M::mem_process_seqs_merge2] CPE FASTQ formatting done
start swbwa_cross_run
slave pre done
now n is 620862
start swbwa_cross_run
processed 620862
[M::mem_process_seqs_merge2] Processed 620862 reads in 0.060 CPU sec, 5.743 real sec
[M::process] read chunk (19660800 bytes/CG x 6 CGs, 117964800 bytes)...
[DBG stage1] slow fread: R1 offset=2241312644 requested=117964800 read=117964800 elapsed=1.110 s
[DBG stage1] slow fread: R2 offset=2241312644 requested=117964800 read=117964800 elapsed=1.568 s
start swbwa_cross_run
[M::mem_process_seqs_merge2] CPE FASTQ formatting done
start swbwa_cross_run
slave pre done
now n is 620862
start swbwa_cross_run
processed 620862
[M::mem_process_seqs_merge2] Processed 620862 reads in 0.050 CPU sec, 5.857 real sec
[M::process] read chunk (19660800 bytes/CG x 6 CGs, 117964800 bytes)...
[DBG stage1] slow fread: R1 offset=2359276424 requested=117964800 read=117964800 elapsed=1.055 s
[DBG stage1] slow fread: R2 offset=2359276424 requested=117964800 read=117964800 elapsed=1.106 s
start swbwa_cross_run
[M::mem_process_seqs_merge2] CPE FASTQ formatting done
start swbwa_cross_run
slave pre done
now n is 620862
start swbwa_cross_run
processed 620862
[M::mem_process_seqs_merge2] Processed 620862 reads in 0.060 CPU sec, 5.793 real sec
[M::process] read chunk (19660800 bytes/CG x 6 CGs, 117964800 bytes)...
[DBG stage1] slow fread: R1 offset=2477240204 requested=117964800 read=117964800 elapsed=1.324 s
[DBG stage1] slow fread: R2 offset=2477240204 requested=117964800 read=117964800 elapsed=1.393 s
start swbwa_cross_run
[M::mem_process_seqs_merge2] CPE FASTQ formatting done
start swbwa_cross_run
slave pre done
now n is 620862
start swbwa_cross_run
processed 620862
[M::mem_process_seqs_merge2] Processed 620862 reads in 0.050 CPU sec, 6.005 real sec
[M::process] read chunk (19660800 bytes/CG x 6 CGs, 117964800 bytes)...
[DBG stage1] slow fread: R1 offset=2595203984 requested=117964800 read=117964800 elapsed=1.935 s
[DBG stage1] slow fread: R2 offset=2595203984 requested=117964800 read=117964800 elapsed=1.186 s
start swbwa_cross_run
[M::mem_process_seqs_merge2] CPE FASTQ formatting done
start swbwa_cross_run
slave pre done
now n is 620862
start swbwa_cross_run
processed 620862
[M::mem_process_seqs_merge2] Processed 620862 reads in 0.050 CPU sec, 5.886 real sec
[M::process] read chunk (19660800 bytes/CG x 6 CGs, 117964800 bytes)...
[DBG stage1] slow fread: R1 offset=2713167764 requested=117964800 read=117964800 elapsed=1.035 s
[DBG stage1] slow fread: R2 offset=2713167764 requested=117964800 read=117964800 elapsed=1.291 s
start swbwa_cross_run
[M::mem_process_seqs_merge2] CPE FASTQ formatting done
start swbwa_cross_run
slave pre done
now n is 620862
start swbwa_cross_run
processed 620862
[M::mem_process_seqs_merge2] Processed 620862 reads in 0.050 CPU sec, 5.808 real sec
[M::process] read chunk (19660800 bytes/CG x 6 CGs, 117964800 bytes)...
[DBG stage1] slow fread: R1 offset=2831131544 requested=117964800 read=117964800 elapsed=1.306 s
[DBG stage1] slow fread: R2 offset=2831131544 requested=117964800 read=117964800 elapsed=1.268 s
start swbwa_cross_run
[M::mem_process_seqs_merge2] CPE FASTQ formatting done
start swbwa_cross_run
slave pre done
now n is 620862
start swbwa_cross_run
processed 620862
[M::mem_process_seqs_merge2] Processed 620862 reads in 0.050 CPU sec, 5.689 real sec
[M::process] read chunk (19660800 bytes/CG x 6 CGs, 117964800 bytes)...
[DBG stage1] slow fread: R1 offset=2949095324 requested=117964800 read=117964800 elapsed=1.052 s
start swbwa_cross_run
[M::mem_process_seqs_merge2] CPE FASTQ formatting done
start swbwa_cross_run
slave pre done
now n is 620862
start swbwa_cross_run
processed 620862
[M::mem_process_seqs_merge2] Processed 620862 reads in 0.050 CPU sec, 5.877 real sec
[M::process] read chunk (19660800 bytes/CG x 6 CGs, 117964800 bytes)...
[DBG stage1] slow fread: R1 offset=3067059104 requested=117964800 read=117964800 elapsed=1.092 s
[DBG stage1] slow fread: R2 offset=3067059104 requested=117964800 read=117964800 elapsed=1.589 s
start swbwa_cross_run
[M::mem_process_seqs_merge2] CPE FASTQ formatting done
start swbwa_cross_run
slave pre done
now n is 620862
start swbwa_cross_run
processed 620862
[M::mem_process_seqs_merge2] Processed 620862 reads in 0.050 CPU sec, 6.036 real sec
[M::process] read chunk (19660800 bytes/CG x 6 CGs, 117964800 bytes)...
[DBG stage1] slow fread: R1 offset=3185022884 requested=117964800 read=117964800 elapsed=1.188 s
[DBG stage1] slow fread: R2 offset=3185022884 requested=117964800 read=117964800 elapsed=1.928 s
start swbwa_cross_run
[M::mem_process_seqs_merge2] CPE FASTQ formatting done
start swbwa_cross_run
slave pre done
now n is 620862
start swbwa_cross_run
processed 620862
[M::mem_process_seqs_merge2] Processed 620862 reads in 0.050 CPU sec, 5.798 real sec
[M::process] read chunk (19660800 bytes/CG x 6 CGs, 117964800 bytes)...
[DBG stage1] slow fread: R1 offset=3302986664 requested=117964800 read=117964800 elapsed=1.173 s
[DBG stage1] slow fread: R2 offset=3302986664 requested=117964800 read=117964800 elapsed=1.126 s
start swbwa_cross_run
[M::mem_process_seqs_merge2] CPE FASTQ formatting done
start swbwa_cross_run
slave pre done
now n is 620862
start swbwa_cross_run
processed 620862
[M::mem_process_seqs_merge2] Processed 620862 reads in 0.060 CPU sec, 5.781 real sec
[M::process] read chunk (19660800 bytes/CG x 6 CGs, 117964800 bytes)...
[DBG stage1] slow fread: R1 offset=3420950444 requested=117964800 read=117964800 elapsed=1.407 s
[DBG stage1] slow fread: R2 offset=3420950444 requested=117964800 read=117964800 elapsed=1.639 s
start swbwa_cross_run
[M::mem_process_seqs_merge2] CPE FASTQ formatting done
start swbwa_cross_run
slave pre done
now n is 620862
start swbwa_cross_run
processed 620862
[M::mem_process_seqs_merge2] Processed 620862 reads in 0.050 CPU sec, 5.620 real sec
[M::process] read chunk (19660800 bytes/CG x 6 CGs, 117964800 bytes)...
[DBG stage1] slow fread: R1 offset=3538914224 requested=117964800 read=117964800 elapsed=1.109 s
[DBG stage1] slow fread: R2 offset=3538914224 requested=117964800 read=117964800 elapsed=1.110 s
start swbwa_cross_run
[M::mem_process_seqs_merge2] CPE FASTQ formatting done
start swbwa_cross_run
slave pre done
now n is 620862
start swbwa_cross_run
processed 620862
[M::mem_process_seqs_merge2] Processed 620862 reads in 0.050 CPU sec, 5.738 real sec
[M::process] read chunk (19660800 bytes/CG x 6 CGs, 117964800 bytes)...
[DBG stage1] slow fread: R1 offset=3656878004 requested=117964800 read=117964800 elapsed=1.621 s
[DBG stage1] slow fread: R2 offset=3656878004 requested=117964800 read=117964800 elapsed=1.468 s
start swbwa_cross_run
[M::mem_process_seqs_merge2] CPE FASTQ formatting done
start swbwa_cross_run
slave pre done
now n is 620862
start swbwa_cross_run
processed 620862
[M::mem_process_seqs_merge2] Processed 620862 reads in 0.060 CPU sec, 5.854 real sec
[M::process] read chunk (19660800 bytes/CG x 6 CGs, 20713804 bytes)...
start swbwa_cross_run
[M::mem_process_seqs_merge2] CPE FASTQ formatting done
start swbwa_cross_run
slave pre done
now n is 109020
start swbwa_cross_run
processed 109020
[M::mem_process_seqs_merge2] Processed 109020 reads in 0.020 CPU sec, 1.550 real sec

====================== SWBWA Output Debug =====================
  MPI rank: 000000 / 000001
  mode:     non-MPI POSIX
  path:     correctness_results/ksw_u8_modes_bigdata_20260827/float16_16/small_SRR7963242_PE.sam

  Output volume
    output buffer capacity                           67108864
    swbwa_output_write calls                        20000000
    submitted SAM bytes                           8434324786
    buffered flushes                                     126
    buffered flush bytes                          8434324786
    direct oversized writes                                0
    direct oversized bytes                                 0

  Buffering
    buffered flush total                       109.937215 s  (126 calls, 872517.581 us/call)

  POSIX file writes
    write system calls                                    126
    write system-call bytes                        8434324786
    POSIX write system calls                   109.936877 s  (126 calls, 872514.896 us/call)
    POSIX write effective bandwidth                73.166 MiB/s

  Output close timing
    POSIX close                                  0.000256 s  (1 calls,   256.302 us/call)
================================================================


======================= SWBWA Timing Report =======================
  Accumulated wall-clock time; indented rows are included in
  their parent row and must not be added to it.

  Pipeline
    total - complete three-stage pipeline                   408.095 s
    stage 1 - allocate and read raw FASTQ blocks             86.921 s
    stage 2 - align reads and generate SAM records          189.064 s
    stage 3 - write SAM and release batch data              131.536 s
      SAM output writes                                       124.364 s
      batch cleanup and loop overhead (derived)                 7.173 s

  Stage 1 input details
    batches completed / stage calls                      33 / 34
    input-buffer and batch allocations                        0.000 s  (100 calls, max 0.000 s)
    aggregate requested allocation bytes           7591244568
    FASTQ fseeko calls                                        0.000 s  (66 calls, max 0.000 s)
    FASTQ fread calls                                        86.882 s  (66 calls, max 3.346 s)
    align chunk ends to FASTQ record boundaries               0.000 s  (64 calls, max 0.000 s)
    scheduler, checks and bookkeeping (derived)               0.039 s
    raw FASTQ bytes read                           7591174808  (7239.508 MiB)
    effective fread bandwidth                         83.326 MiB/s
    slowest allocation                                 0.000 s  (64 bytes)
    slowest fread                                      3.346 s  (R2 offset=589819724, bytes=117964800)

  Stage 2 worker details
    total - active merge worker                             189.046 s
      part 1 - prepare CPE task and reusable buffers            0.504 s
      part 2 - CPE FASTQ formatting and input release           0.500 s
      part 3 - CPE alignment and SAM length pass              185.821 s
      part 4 - assign slices in the shared SAM buffer           1.540 s
      part 5 - CPE SAM record generation                        0.667 s
      part 6 - release temporary worker data                    0.001 s

  Reserved allocator timers (no active timing sites)
    malloc timer                                              0.000 s
    free timer                                                0.000 s
===================================================================

[main] Version: 0.0.1
[main] CMD: ./SWBWA mem -v 4 -t 1 -1 -o correctness_results/ksw_u8_modes_bigdata_20260827/float16_16/small_SRR7963242_PE.sam -I 170,80,500,1 ../data/GRCh38.d1.vd1.fa ../data/bwa_test_big_data/small_SRR7963242_1.fastq ../data/bwa_test_big_data/small_SRR7963242_2.fastq
