[M::main_mem] mean insert size: 170.000, stddev: 80.000, max: 500, min: 1
[CPE input] bytes_per_cg=19660800 cg_count=1 chunk_bytes=19660800 file_bytes=3499281348
[MPI rank 000000/000006] input range: records=[0, 2577448) bytes=[0, 583213728)
[MPI rank 000001/000006] input range: records=[2577448, 5135402) bytes=[583213728, 1166427240)
[MPI rank 000002/000006] input range: records=[5135402, 7693356) bytes=[1166427240, 1749640752)
[MPI rank 000003/000006] input range: records=[7693356, 10246977) bytes=[1749640752, 2332854252)
[MPI rank 000004/000006] input range: records=[10246977, 12760829) bytes=[2332854252, 2916067916)
[MPI rank 000005/000006] input range: records=[12760829, 15274680) bytes=[2916067916, 3499281348)
malloc bwt->bwt 3107576584, 0x500008804020
malloc bwt->bwt 3107576584, 0x500008804020
malloc bwt->bwt 3107576584, 0x500008804020
malloc bwt->bwt 3107576584, 0x500008804020
malloc bwt->bwt 3107576584, 0x500008804020
malloc bwt->bwt 3107576584, 0x500008804020
malloc bwt->sa 1553788264, 0x5000c1ba1b40
malloc bwt->sa 1553788264, 0x5000c1ba1b40
malloc bwt->sa 1553788264, 0x5000c1ba1b40
malloc bwt->sa 1553788264, 0x5000c1ba1b40
malloc bwt->sa 1553788264, 0x5000c1ba1b40
malloc bwt->sa 1553788264, 0x5000c1ba1b40
[M::bwa_idx_load_from_disk] read 0 ALT contigs
[M::bwa_idx_load_from_disk] read 0 ALT contigs
[M::bwa_idx_load_from_disk] read 0 ALT contigs
[M::bwa_idx_load_from_disk] read 0 ALT contigs
[M::bwa_idx_load_from_disk] read 0 ALT contigs
[M::bwa_idx_load_from_disk] read 0 ALT contigs
malloc pac 776894131, 0x50011e5708c0
malloc pac 776894131, 0x50011e5708c0
malloc pac 776894131, 0x50011e5708c0
malloc pac 776894131, 0x50011e5708c0
malloc pac 776894131, 0x50011e5708c0
malloc pac 776894131, 0x50011e5708c0
the input file is ../data/bwa_test_big_data/ERR1203383_1.fastq
[MPI rank 000000/000006] output: correctness_results/bigdata_mpi_lwpf_off_20260823/mpi_static_single/has1/ERR1203383_SE.sam
[MPI rank 000001/000006] output: correctness_results/bigdata_mpi_lwpf_off_20260823/mpi_static_single/has1/ERR1203383_SE.sam
[MPI rank 000002/000006] output: correctness_results/bigdata_mpi_lwpf_off_20260823/mpi_static_single/has1/ERR1203383_SE.sam
[MPI rank 000003/000006] output: correctness_results/bigdata_mpi_lwpf_off_20260823/mpi_static_single/has1/ERR1203383_SE.sam
[MPI rank 000004/000006] output: correctness_results/bigdata_mpi_lwpf_off_20260823/mpi_static_single/has1/ERR1203383_SE.sam
[MPI rank 000005/000006] output: correctness_results/bigdata_mpi_lwpf_off_20260823/mpi_static_single/has1/ERR1203383_SE.sam
[M::process] read chunk (19660800 bytes/CG x 1 CGs, 19660800 bytes)...
[M::process] read chunk (19660800 bytes/CG x 1 CGs, 19660800 bytes)...
[M::process] read chunk (19660800 bytes/CG x 1 CGs, 19660800 bytes)...
[M::process] read chunk (19660800 bytes/CG x 1 CGs, 19660800 bytes)...
[M::process] read chunk (19660800 bytes/CG x 1 CGs, 19660800 bytes)...
[M::process] read chunk (19660800 bytes/CG x 1 CGs, 19660800 bytes)...
[M::mem_process_seqs_merge2] CPE FASTQ formatting done
[M::mem_process_seqs_merge2] CPE FASTQ formatting done
[M::mem_process_seqs_merge2] CPE FASTQ formatting done
[M::mem_process_seqs_merge2] CPE FASTQ formatting done
[M::mem_process_seqs_merge2] CPE FASTQ formatting done
[M::mem_process_seqs_merge2] CPE FASTQ formatting done
slave pre done
now n is 84741
slave pre done
slave pre done
now n is 84741
now n is 86228
processed 84741
[M::mem_process_seqs_merge2] Processed 84741 reads in 0.530 CPU sec, 1.289 real sec
processed 86228
processed 84741
[M::mem_process_seqs_merge2] Processed 84741 reads in 0.530 CPU sec, 1.302 real sec
[M::mem_process_seqs_merge2] Processed 86228 reads in 0.550 CPU sec, 1.279 real sec
slave pre done
now n is 86228
slave pre done
now n is 89565
processed 86228
[M::mem_process_seqs_merge2] Processed 86228 reads in 0.530 CPU sec, 1.278 real sec
processed 89565
[M::mem_process_seqs_merge2] Processed 89565 reads in 0.530 CPU sec, 1.263 real sec
[M::process] read chunk (19660800 bytes/CG x 1 CGs, 19660800 bytes)...
[M::process] read chunk (19660800 bytes/CG x 1 CGs, 19660800 bytes)...
[M::process] read chunk (19660800 bytes/CG x 1 CGs, 19660800 bytes)...
[M::process] read chunk (19660800 bytes/CG x 1 CGs, 19660800 bytes)...
[M::process] read chunk (19660800 bytes/CG x 1 CGs, 19660800 bytes)...
slave pre done
now n is 86228
processed 86228
[M::mem_process_seqs_merge2] Processed 86228 reads in 0.570 CPU sec, 1.414 real sec
[M::process] read chunk (19660800 bytes/CG x 1 CGs, 19660800 bytes)...
[M::mem_process_seqs_merge2] CPE FASTQ formatting done
[M::mem_process_seqs_merge2] CPE FASTQ formatting done
[M::mem_process_seqs_merge2] CPE FASTQ formatting done
[M::mem_process_seqs_merge2] CPE FASTQ formatting done
[M::mem_process_seqs_merge2] CPE FASTQ formatting done
[M::mem_process_seqs_merge2] CPE FASTQ formatting done
slave pre done
now n is 84741
processed 84741
[M::mem_process_seqs_merge2] Processed 84741 reads in 0.020 CPU sec, 0.781 real sec
slave pre done
now n is 86228
slave pre done
now n is 86228
processed 86228
[M::mem_process_seqs_merge2] Processed 86228 reads in 0.020 CPU sec, 0.784 real sec
processed 86228
[M::mem_process_seqs_merge2] Processed 86228 reads in 0.010 CPU sec, 0.771 real sec
[M::process] read chunk (19660800 bytes/CG x 1 CGs, 19660800 bytes)...
slave pre done
now n is 84741
slave pre done
now n is 87954
processed 84741
[M::mem_process_seqs_merge2] Processed 84741 reads in 0.030 CPU sec, 0.817 real sec
processed 87954
[M::mem_process_seqs_merge2] Processed 87954 reads in 0.010 CPU sec, 0.805 real sec
[M::process] read chunk (19660800 bytes/CG x 1 CGs, 19660800 bytes)...
[M::process] read chunk (19660800 bytes/CG x 1 CGs, 19660800 bytes)...
slave pre done
now n is 86228
processed 86228
[M::mem_process_seqs_merge2] Processed 86228 reads in 0.020 CPU sec, 0.838 real sec
[M::process] read chunk (19660800 bytes/CG x 1 CGs, 19660800 bytes)...
[M::process] read chunk (19660800 bytes/CG x 1 CGs, 19660800 bytes)...
[M::process] read chunk (19660800 bytes/CG x 1 CGs, 19660800 bytes)...
[M::mem_process_seqs_merge2] CPE FASTQ formatting done
[M::mem_process_seqs_merge2] CPE FASTQ formatting done
[M::mem_process_seqs_merge2] CPE FASTQ formatting done
[M::mem_process_seqs_merge2] CPE FASTQ formatting done
[M::mem_process_seqs_merge2] CPE FASTQ formatting done
[M::mem_process_seqs_merge2] CPE FASTQ formatting done
slave pre done
now n is 86228
slave pre done
now n is 86228
slave pre done
now n is 84741
processed 86228
[M::mem_process_seqs_merge2] Processed 86228 reads in 0.020 CPU sec, 0.729 real sec
processed 86228
[M::mem_process_seqs_merge2] Processed 86228 reads in 0.020 CPU sec, 0.751 real sec
processed 84741
[M::mem_process_seqs_merge2] Processed 84741 reads in 0.040 CPU sec, 0.806 real sec
slave pre done
now n is 84741
[M::process] read chunk (19660800 bytes/CG x 1 CGs, 19660800 bytes)...
[M::process] read chunk (19660800 bytes/CG x 1 CGs, 19660800 bytes)...
[M::process] read chunk (19660800 bytes/CG x 1 CGs, 19660800 bytes)...
processed 84741
[M::mem_process_seqs_merge2] Processed 84741 reads in 0.020 CPU sec, 0.761 real sec
slave pre done
now n is 87767
processed 87767
[M::mem_process_seqs_merge2] Processed 87767 reads in 0.020 CPU sec, 0.783 real sec
slave pre done
now n is 86228
[M::process] read chunk (19660800 bytes/CG x 1 CGs, 19660800 bytes)...
processed 86228
[M::mem_process_seqs_merge2] Processed 86228 reads in 0.040 CPU sec, 0.803 real sec
[M::process] read chunk (19660800 bytes/CG x 1 CGs, 19660800 bytes)...
[M::process] read chunk (19660800 bytes/CG x 1 CGs, 19660800 bytes)...
[M::mem_process_seqs_merge2] CPE FASTQ formatting done
[M::mem_process_seqs_merge2] CPE FASTQ formatting done
[M::mem_process_seqs_merge2] CPE FASTQ formatting done
[M::mem_process_seqs_merge2] CPE FASTQ formatting done
[M::mem_process_seqs_merge2] CPE FASTQ formatting done
[M::mem_process_seqs_merge2] CPE FASTQ formatting done
slave pre done
now n is 86228
processed 86228
[M::mem_process_seqs_merge2] Processed 86228 reads in 0.020 CPU sec, 0.706 real sec
slave pre done
now n is 86228
processed 86228
[M::mem_process_seqs_merge2] Processed 86228 reads in 0.020 CPU sec, 0.798 real sec
slave pre done
now n is 84741
processed 84741
[M::mem_process_seqs_merge2] Processed 84741 reads in 0.040 CPU sec, 0.799 real sec
slave pre done
now n is 84741
processed 84741
[M::mem_process_seqs_merge2] Processed 84741 reads in 0.020 CPU sec, 0.789 real sec
slave pre done
now n is 87767
processed 87767
[M::mem_process_seqs_merge2] Processed 87767 reads in 0.020 CPU sec, 0.784 real sec
slave pre done
now n is 86228
processed 86228
[M::mem_process_seqs_merge2] Processed 86228 reads in 0.020 CPU sec, 0.796 real sec
[M::process] read chunk (19660800 bytes/CG x 1 CGs, 19660800 bytes)...
[M::mem_process_seqs_merge2] CPE FASTQ formatting done
slave pre done
now n is 86228
processed 86228
[M::mem_process_seqs_merge2] Processed 86228 reads in 0.030 CPU sec, 0.895 real sec
[M::process] read chunk (19660800 bytes/CG x 1 CGs, 19660800 bytes)...
[M::process] read chunk (19660800 bytes/CG x 1 CGs, 19660800 bytes)...
[M::mem_process_seqs_merge2] CPE FASTQ formatting done
[M::mem_process_seqs_merge2] CPE FASTQ formatting done
slave pre done
now n is 86228
processed 86228
[M::mem_process_seqs_merge2] Processed 86228 reads in 0.030 CPU sec, 0.722 real sec
[M::process] read chunk (19660800 bytes/CG x 1 CGs, 19660800 bytes)...
slave pre done
now n is 86228
[M::process] read chunk (19660800 bytes/CG x 1 CGs, 19660800 bytes)...
processed 86228
[M::mem_process_seqs_merge2] Processed 86228 reads in 0.030 CPU sec, 0.816 real sec
[M::process] read chunk (19660800 bytes/CG x 1 CGs, 19660800 bytes)...
[M::mem_process_seqs_merge2] CPE FASTQ formatting done
[M::mem_process_seqs_merge2] CPE FASTQ formatting done
[M::mem_process_seqs_merge2] CPE FASTQ formatting done
slave pre done
now n is 86228
processed 86228
[M::mem_process_seqs_merge2] Processed 86228 reads in 0.030 CPU sec, 0.747 real sec
slave pre done
now n is 86228
processed 86228
[M::mem_process_seqs_merge2] Processed 86228 reads in 0.020 CPU sec, 0.762 real sec
slave pre done
now n is 84741
processed 84741
[M::mem_process_seqs_merge2] Processed 84741 reads in 0.030 CPU sec, 0.809 real sec
[M::process] read chunk (19660800 bytes/CG x 1 CGs, 19660800 bytes)...
[M::process] read chunk (19660800 bytes/CG x 1 CGs, 19660800 bytes)...
[M::process] read chunk (19660800 bytes/CG x 1 CGs, 19660800 bytes)...
[M::mem_process_seqs_merge2] CPE FASTQ formatting done
[M::mem_process_seqs_merge2] CPE FASTQ formatting done
[M::mem_process_seqs_merge2] CPE FASTQ formatting done
slave pre done
now n is 86228
processed 86228
[M::mem_process_seqs_merge2] Processed 86228 reads in 0.030 CPU sec, 0.819 real sec
slave pre done
now n is 84741
processed 84741
[M::mem_process_seqs_merge2] Processed 84741 reads in 0.020 CPU sec, 0.706 real sec
[M::process] read chunk (19660800 bytes/CG x 1 CGs, 19660800 bytes)...
slave pre done
now n is 87767
processed 87767
[M::mem_process_seqs_merge2] Processed 87767 reads in 0.010 CPU sec, 0.755 real sec
[M::process] read chunk (19660800 bytes/CG x 1 CGs, 19660800 bytes)...
[M::mem_process_seqs_merge2] CPE FASTQ formatting done
[M::mem_process_seqs_merge2] CPE FASTQ formatting done
[M::process] read chunk (19660800 bytes/CG x 1 CGs, 19660800 bytes)...
[M::mem_process_seqs_merge2] CPE FASTQ formatting done
slave pre done
now n is 84741
processed 84741
[M::mem_process_seqs_merge2] Processed 84741 reads in 0.030 CPU sec, 0.773 real sec
slave pre done
now n is 87767
processed 87767
[M::mem_process_seqs_merge2] Processed 87767 reads in 0.010 CPU sec, 0.819 real sec
[M::process] read chunk (19660800 bytes/CG x 1 CGs, 19660800 bytes)...
[M::mem_process_seqs_merge2] CPE FASTQ formatting done
slave pre done
now n is 84741
processed 84741
[M::mem_process_seqs_merge2] Processed 84741 reads in 0.050 CPU sec, 0.751 real sec
[M::process] read chunk (19660800 bytes/CG x 1 CGs, 19660800 bytes)...
[M::mem_process_seqs_merge2] CPE FASTQ formatting done
[M::process] read chunk (19660800 bytes/CG x 1 CGs, 19660800 bytes)...
slave pre done
now n is 87767
processed 87767
[M::mem_process_seqs_merge2] Processed 87767 reads in 0.010 CPU sec, 0.879 real sec
[M::mem_process_seqs_merge2] CPE FASTQ formatting done
slave pre done
now n is 84741
processed 84741
[M::mem_process_seqs_merge2] Processed 84741 reads in 0.020 CPU sec, 0.904 real sec
[M::process] read chunk (19660800 bytes/CG x 1 CGs, 19660800 bytes)...
[M::mem_process_seqs_merge2] CPE FASTQ formatting done
slave pre done
now n is 86228
processed 86228
[M::mem_process_seqs_merge2] Processed 86228 reads in 0.020 CPU sec, 0.783 real sec
[M::process] read chunk (19660800 bytes/CG x 1 CGs, 19660800 bytes)...
[M::process] read chunk (19660800 bytes/CG x 1 CGs, 19660800 bytes)...
[M::mem_process_seqs_merge2] CPE FASTQ formatting done
[M::mem_process_seqs_merge2] CPE FASTQ formatting done
slave pre done
now n is 84741
processed 84741
[M::mem_process_seqs_merge2] Processed 84741 reads in 0.020 CPU sec, 0.750 real sec
slave pre done
now n is 86228
processed 86228
[M::mem_process_seqs_merge2] Processed 86228 reads in 0.030 CPU sec, 0.836 real sec
slave pre done
now n is 86228
processed 86228
[M::mem_process_seqs_merge2] Processed 86228 reads in 0.020 CPU sec, 0.796 real sec
[M::process] read chunk (19660800 bytes/CG x 1 CGs, 19660800 bytes)...
[M::process] read chunk (19660800 bytes/CG x 1 CGs, 19660800 bytes)...
[M::process] read chunk (19660800 bytes/CG x 1 CGs, 19660800 bytes)...
[M::mem_process_seqs_merge2] CPE FASTQ formatting done
[M::mem_process_seqs_merge2] CPE FASTQ formatting done
[M::mem_process_seqs_merge2] CPE FASTQ formatting done
slave pre done
now n is 86228
processed 86228
[M::mem_process_seqs_merge2] Processed 86228 reads in 0.020 CPU sec, 0.815 real sec
slave pre done
now n is 86228
processed 86228
[M::mem_process_seqs_merge2] Processed 86228 reads in 0.020 CPU sec, 0.794 real sec
slave pre done
now n is 86228
[M::process] read chunk (19660800 bytes/CG x 1 CGs, 19660800 bytes)...
processed 86228
[M::mem_process_seqs_merge2] Processed 86228 reads in 0.030 CPU sec, 0.845 real sec
[M::process] read chunk (19660800 bytes/CG x 1 CGs, 19660800 bytes)...
[M::process] read chunk (19660800 bytes/CG x 1 CGs, 19660800 bytes)...
[M::mem_process_seqs_merge2] CPE FASTQ formatting done
[M::mem_process_seqs_merge2] CPE FASTQ formatting done
[M::mem_process_seqs_merge2] CPE FASTQ formatting done
slave pre done
now n is 86228
processed 86228
[M::mem_process_seqs_merge2] Processed 86228 reads in 0.020 CPU sec, 0.748 real sec
[M::process] read chunk (19660800 bytes/CG x 1 CGs, 19660800 bytes)...
slave pre done
now n is 86228
processed 86228
[M::mem_process_seqs_merge2] Processed 86228 reads in 0.020 CPU sec, 0.802 real sec
slave pre done
now n is 84741
[M::process] read chunk (19660800 bytes/CG x 1 CGs, 19660800 bytes)...
processed 84741
[M::mem_process_seqs_merge2] Processed 84741 reads in 0.020 CPU sec, 0.780 real sec
[M::process] read chunk (19660800 bytes/CG x 1 CGs, 19660800 bytes)...
[M::mem_process_seqs_merge2] CPE FASTQ formatting done
[M::mem_process_seqs_merge2] CPE FASTQ formatting done
[M::mem_process_seqs_merge2] CPE FASTQ formatting done
[M::process] read chunk (19660800 bytes/CG x 1 CGs, 19660800 bytes)...
[M::mem_process_seqs_merge2] CPE FASTQ formatting done
slave pre done
now n is 86228
processed 86228
[M::mem_process_seqs_merge2] Processed 86228 reads in 0.020 CPU sec, 0.690 real sec
slave pre done
now n is 86228
processed 86228
[M::mem_process_seqs_merge2] Processed 86228 reads in 0.010 CPU sec, 0.771 real sec
slave pre done
now n is 84741
processed 84741
[M::mem_process_seqs_merge2] Processed 84741 reads in 0.020 CPU sec, 0.758 real sec
[M::process] read chunk (19660800 bytes/CG x 1 CGs, 19660800 bytes)...
slave pre done
now n is 87767
processed 87767
[M::mem_process_seqs_merge2] Processed 87767 reads in 0.010 CPU sec, 0.830 real sec
[M::mem_process_seqs_merge2] CPE FASTQ formatting done
[M::process] read chunk (19660800 bytes/CG x 1 CGs, 19660800 bytes)...
[M::mem_process_seqs_merge2] CPE FASTQ formatting done
[M::process] read chunk (19660800 bytes/CG x 1 CGs, 19660800 bytes)...
[M::mem_process_seqs_merge2] CPE FASTQ formatting done
slave pre done
now n is 84741
processed 84741
[M::mem_process_seqs_merge2] Processed 84741 reads in 0.020 CPU sec, 0.813 real sec
[M::process] read chunk (19660800 bytes/CG x 1 CGs, 19660800 bytes)...
slave pre done
now n is 87767
processed 87767
[M::mem_process_seqs_merge2] Processed 87767 reads in 0.010 CPU sec, 0.847 real sec
[M::mem_process_seqs_merge2] CPE FASTQ formatting done
[M::process] read chunk (19660800 bytes/CG x 1 CGs, 19660800 bytes)...
slave pre done
now n is 84741
processed 84741
[M::mem_process_seqs_merge2] Processed 84741 reads in 0.020 CPU sec, 0.768 real sec
[M::mem_process_seqs_merge2] CPE FASTQ formatting done
[M::process] read chunk (19660800 bytes/CG x 1 CGs, 19660800 bytes)...
slave pre done
now n is 84741
processed 84741
[M::mem_process_seqs_merge2] Processed 84741 reads in 0.020 CPU sec, 0.710 real sec
[M::mem_process_seqs_merge2] CPE FASTQ formatting done
[M::process] read chunk (19660800 bytes/CG x 1 CGs, 19660800 bytes)...
slave pre done
now n is 87767
processed 87767
[M::mem_process_seqs_merge2] Processed 87767 reads in 0.030 CPU sec, 0.817 real sec
[M::mem_process_seqs_merge2] CPE FASTQ formatting done
slave pre done
now n is 84741
processed 84741
[M::mem_process_seqs_merge2] Processed 84741 reads in 0.020 CPU sec, 0.761 real sec
[M::process] read chunk (19660800 bytes/CG x 1 CGs, 19660800 bytes)...
[M::mem_process_seqs_merge2] CPE FASTQ formatting done
slave pre done
now n is 86228
processed 86228
[M::mem_process_seqs_merge2] Processed 86228 reads in 0.020 CPU sec, 0.930 real sec
[M::process] read chunk (19660800 bytes/CG x 1 CGs, 19660800 bytes)...
slave pre done
now n is 84741
processed 84741
[M::mem_process_seqs_merge2] Processed 84741 reads in 0.020 CPU sec, 0.813 real sec
[M::process] read chunk (19660800 bytes/CG x 1 CGs, 19660800 bytes)...
[M::process] read chunk (19660800 bytes/CG x 1 CGs, 19660800 bytes)...
[M::mem_process_seqs_merge2] CPE FASTQ formatting done
[M::mem_process_seqs_merge2] CPE FASTQ formatting done
[M::mem_process_seqs_merge2] CPE FASTQ formatting done
slave pre done
now n is 86228
processed 86228
[M::mem_process_seqs_merge2] Processed 86228 reads in 0.030 CPU sec, 0.866 real sec
[M::process] read chunk (19660800 bytes/CG x 1 CGs, 19660800 bytes)...
slave pre done
now n is 86228
processed 86228
[M::mem_process_seqs_merge2] Processed 86228 reads in 0.020 CPU sec, 0.755 real sec
slave pre done
now n is 84741
processed 84741
[M::mem_process_seqs_merge2] Processed 84741 reads in 0.030 CPU sec, 0.776 real sec
[M::process] read chunk (19660800 bytes/CG x 1 CGs, 19660800 bytes)...
[M::mem_process_seqs_merge2] CPE FASTQ formatting done
[M::mem_process_seqs_merge2] CPE FASTQ formatting done
[M::process] read chunk (19660800 bytes/CG x 1 CGs, 19660800 bytes)...
[M::mem_process_seqs_merge2] CPE FASTQ formatting done
slave pre done
now n is 86228
processed 86228
[M::mem_process_seqs_merge2] Processed 86228 reads in 0.040 CPU sec, 0.767 real sec
slave pre done
now n is 86228
processed 86228
[M::mem_process_seqs_merge2] Processed 86228 reads in 0.020 CPU sec, 0.824 real sec
[M::process] read chunk (19660800 bytes/CG x 1 CGs, 19660800 bytes)...
[M::mem_process_seqs_merge2] CPE FASTQ formatting done
slave pre done
now n is 86228
processed 86228
[M::mem_process_seqs_merge2] Processed 86228 reads in 0.020 CPU sec, 0.852 real sec
[M::process] read chunk (19660800 bytes/CG x 1 CGs, 19660800 bytes)...
[M::process] read chunk (19660800 bytes/CG x 1 CGs, 19660800 bytes)...
[M::mem_process_seqs_merge2] CPE FASTQ formatting done
[M::mem_process_seqs_merge2] CPE FASTQ formatting done
slave pre done
now n is 86228
processed 86228
[M::mem_process_seqs_merge2] Processed 86228 reads in 0.020 CPU sec, 0.794 real sec
[M::process] read chunk (19660800 bytes/CG x 1 CGs, 19660800 bytes)...
[M::mem_process_seqs_merge2] CPE FASTQ formatting done
slave pre done
now n is 86228
processed 86228
[M::mem_process_seqs_merge2] Processed 86228 reads in 0.040 CPU sec, 0.870 real sec
slave pre done
now n is 84741
[M::process] read chunk (19660800 bytes/CG x 1 CGs, 19660800 bytes)...
processed 84741
[M::mem_process_seqs_merge2] Processed 84741 reads in 0.020 CPU sec, 0.794 real sec
[M::process] read chunk (19660800 bytes/CG x 1 CGs, 19660800 bytes)...
slave pre done
now n is 86228
processed 86228
[M::mem_process_seqs_merge2] Processed 86228 reads in 0.020 CPU sec, 0.733 real sec
[M::mem_process_seqs_merge2] CPE FASTQ formatting done
[M::mem_process_seqs_merge2] CPE FASTQ formatting done
[M::process] read chunk (19660800 bytes/CG x 1 CGs, 19660800 bytes)...
[M::mem_process_seqs_merge2] CPE FASTQ formatting done
slave pre done
now n is 86228
processed 86228
[M::mem_process_seqs_merge2] Processed 86228 reads in 0.010 CPU sec, 0.793 real sec
slave pre done
now n is 84741
processed 84741
[M::mem_process_seqs_merge2] Processed 84741 reads in 0.020 CPU sec, 0.826 real sec
[M::process] read chunk (19660800 bytes/CG x 1 CGs, 19660800 bytes)...
slave pre done
now n is 87767
processed 87767
[M::mem_process_seqs_merge2] Processed 87767 reads in 0.010 CPU sec, 0.750 real sec
[M::mem_process_seqs_merge2] CPE FASTQ formatting done
[M::process] read chunk (19660800 bytes/CG x 1 CGs, 19660800 bytes)...
[M::mem_process_seqs_merge2] CPE FASTQ formatting done
[M::process] read chunk (19660800 bytes/CG x 1 CGs, 19660800 bytes)...
slave pre done
now n is 84741
processed 84741
[M::mem_process_seqs_merge2] Processed 84741 reads in 0.020 CPU sec, 0.773 real sec
[M::mem_process_seqs_merge2] CPE FASTQ formatting done
slave pre done
now n is 86799
processed 86799
[M::mem_process_seqs_merge2] Processed 86799 reads in 0.010 CPU sec, 0.778 real sec
[M::process] read chunk (19660800 bytes/CG x 1 CGs, 19660800 bytes)...
[M::mem_process_seqs_merge2] CPE FASTQ formatting done
slave pre done
now n is 84741
processed 84741
[M::mem_process_seqs_merge2] Processed 84741 reads in 0.020 CPU sec, 0.790 real sec
[M::process] read chunk (19660800 bytes/CG x 1 CGs, 19660800 bytes)...
slave pre done
now n is 86228
[M::mem_process_seqs_merge2] CPE FASTQ formatting done
[M::process] read chunk (19660800 bytes/CG x 1 CGs, 19660800 bytes)...
processed 86228
[M::mem_process_seqs_merge2] Processed 86228 reads in 0.030 CPU sec, 0.816 real sec
[M::process] read chunk (19660800 bytes/CG x 1 CGs, 19660800 bytes)...
[M::mem_process_seqs_merge2] CPE FASTQ formatting done
[M::mem_process_seqs_merge2] CPE FASTQ formatting done
slave pre done
now n is 84741
processed 84741
[M::mem_process_seqs_merge2] Processed 84741 reads in 0.050 CPU sec, 0.817 real sec
[M::process] read chunk (19660800 bytes/CG x 1 CGs, 19660800 bytes)...
[M::mem_process_seqs_merge2] CPE FASTQ formatting done
slave pre done
now n is 86228
processed 86228
[M::mem_process_seqs_merge2] Processed 86228 reads in 0.010 CPU sec, 0.831 real sec
slave pre done
now n is 86228
processed 86228
[M::mem_process_seqs_merge2] Processed 86228 reads in 0.010 CPU sec, 0.796 real sec
[M::process] read chunk (19660800 bytes/CG x 1 CGs, 19660800 bytes)...
[M::mem_process_seqs_merge2] CPE FASTQ formatting done
[M::process] read chunk (19660800 bytes/CG x 1 CGs, 19660800 bytes)...
slave pre done
now n is 84741
processed 84741
[M::mem_process_seqs_merge2] Processed 84741 reads in 0.020 CPU sec, 0.741 real sec
[M::mem_process_seqs_merge2] CPE FASTQ formatting done
slave pre done
now n is 86228
processed 86228
[M::mem_process_seqs_merge2] Processed 86228 reads in 0.010 CPU sec, 0.796 real sec
[M::process] read chunk (19660800 bytes/CG x 1 CGs, 19660800 bytes)...
slave pre done
now n is 86228
[M::mem_process_seqs_merge2] CPE FASTQ formatting done
processed 86228
[M::mem_process_seqs_merge2] Processed 86228 reads in 0.030 CPU sec, 0.777 real sec
[M::process] read chunk (19660800 bytes/CG x 1 CGs, 19660800 bytes)...
[M::process] read chunk (19660800 bytes/CG x 1 CGs, 19660800 bytes)...
[M::mem_process_seqs_merge2] CPE FASTQ formatting done
[M::mem_process_seqs_merge2] CPE FASTQ formatting done
slave pre done
now n is 86228
processed 86228
[M::mem_process_seqs_merge2] Processed 86228 reads in 0.010 CPU sec, 0.769 real sec
[M::process] read chunk (19660800 bytes/CG x 1 CGs, 19660800 bytes)...
[M::mem_process_seqs_merge2] CPE FASTQ formatting done
slave pre done
now n is 86228
processed 86228
[M::mem_process_seqs_merge2] Processed 86228 reads in 0.020 CPU sec, 0.762 real sec
[M::process] read chunk (19660800 bytes/CG x 1 CGs, 19660800 bytes)...
slave pre done
now n is 86228
processed 86228
[M::mem_process_seqs_merge2] Processed 86228 reads in 0.050 CPU sec, 0.841 real sec
[M::process] read chunk (19660800 bytes/CG x 1 CGs, 19660800 bytes)...
[M::mem_process_seqs_merge2] CPE FASTQ formatting done
[M::mem_process_seqs_merge2] CPE FASTQ formatting done
[M::process] read chunk (19660800 bytes/CG x 1 CGs, 19660800 bytes)...
slave pre done
now n is 86228
processed 86228
[M::mem_process_seqs_merge2] Processed 86228 reads in 0.010 CPU sec, 0.818 real sec
[M::mem_process_seqs_merge2] CPE FASTQ formatting done
slave pre done
now n is 86228
processed 86228
[M::mem_process_seqs_merge2] Processed 86228 reads in 0.020 CPU sec, 0.843 real sec
slave pre done
now n is 86228
processed 86228
[M::mem_process_seqs_merge2] Processed 86228 reads in 0.030 CPU sec, 0.846 real sec
[M::process] read chunk (19660800 bytes/CG x 1 CGs, 19660800 bytes)...
[M::mem_process_seqs_merge2] CPE FASTQ formatting done
slave pre done
now n is 84741
processed 84741
[M::mem_process_seqs_merge2] Processed 84741 reads in 0.020 CPU sec, 0.821 real sec
[M::process] read chunk (19660800 bytes/CG x 1 CGs, 19660800 bytes)...
[M::process] read chunk (19660800 bytes/CG x 1 CGs, 19660800 bytes)...
[M::mem_process_seqs_merge2] CPE FASTQ formatting done
[M::mem_process_seqs_merge2] CPE FASTQ formatting done
slave pre done
now n is 86228
processed 86228
[M::mem_process_seqs_merge2] Processed 86228 reads in 0.030 CPU sec, 0.852 real sec
slave pre done
now n is 84741
processed 84741
[M::mem_process_seqs_merge2] Processed 84741 reads in 0.020 CPU sec, 0.761 real sec
[M::process] read chunk (19660800 bytes/CG x 1 CGs, 19660800 bytes)...
slave pre done
now n is 86228
processed 86228
[M::mem_process_seqs_merge2] Processed 86228 reads in 0.020 CPU sec, 0.813 real sec
[M::process] read chunk (19660800 bytes/CG x 1 CGs, 19660800 bytes)...
[M::mem_process_seqs_merge2] CPE FASTQ formatting done
[M::mem_process_seqs_merge2] CPE FASTQ formatting done
[M::process] read chunk (19660800 bytes/CG x 1 CGs, 19660800 bytes)...
[M::mem_process_seqs_merge2] CPE FASTQ formatting done
slave pre done
now n is 84741
processed 84741
[M::mem_process_seqs_merge2] Processed 84741 reads in 0.030 CPU sec, 0.797 real sec
slave pre done
now n is 86228
processed 86228
[M::mem_process_seqs_merge2] Processed 86228 reads in 0.020 CPU sec, 0.781 real sec
[M::process] read chunk (19660800 bytes/CG x 1 CGs, 19660800 bytes)...
[M::mem_process_seqs_merge2] CPE FASTQ formatting done
slave pre done
now n is 84741
processed 84741
[M::mem_process_seqs_merge2] Processed 84741 reads in 0.020 CPU sec, 0.809 real sec
[M::process] read chunk (19660800 bytes/CG x 1 CGs, 19660800 bytes)...
[M::mem_process_seqs_merge2] CPE FASTQ formatting done
[M::process] read chunk (19660800 bytes/CG x 1 CGs, 19660800 bytes)...
slave pre done
now n is 86228
processed 86228
[M::mem_process_seqs_merge2] Processed 86228 reads in 0.010 CPU sec, 0.836 real sec
[M::mem_process_seqs_merge2] CPE FASTQ formatting done
slave pre done
now n is 84741
processed 84741
[M::mem_process_seqs_merge2] Processed 84741 reads in 0.040 CPU sec, 0.809 real sec
[M::process] read chunk (19660800 bytes/CG x 1 CGs, 19660800 bytes)...
[M::mem_process_seqs_merge2] CPE FASTQ formatting done
slave pre done
now n is 86228
processed 86228
[M::mem_process_seqs_merge2] Processed 86228 reads in 0.030 CPU sec, 0.821 real sec
[M::process] read chunk (19660800 bytes/CG x 1 CGs, 19660800 bytes)...
[M::mem_process_seqs_merge2] CPE FASTQ formatting done
[M::process] read chunk (19660800 bytes/CG x 1 CGs, 19660800 bytes)...
[M::mem_process_seqs_merge2] CPE FASTQ formatting done
slave pre done
now n is 84741
processed 84741
[M::mem_process_seqs_merge2] Processed 84741 reads in 0.040 CPU sec, 0.777 real sec
slave pre done
now n is 86228
processed 86228
[M::mem_process_seqs_merge2] Processed 86228 reads in 0.020 CPU sec, 0.785 real sec
slave pre done
now n is 86228
processed 86228
[M::mem_process_seqs_merge2] Processed 86228 reads in 0.040 CPU sec, 1.101 real sec
[M::process] read chunk (19660800 bytes/CG x 1 CGs, 19660800 bytes)...
[M::process] read chunk (19660800 bytes/CG x 1 CGs, 19660800 bytes)...
[M::process] read chunk (19660800 bytes/CG x 1 CGs, 19660800 bytes)...
[M::mem_process_seqs_merge2] CPE FASTQ formatting done
[M::mem_process_seqs_merge2] CPE FASTQ formatting done
[M::mem_process_seqs_merge2] CPE FASTQ formatting done
slave pre done
now n is 86228
processed 86228
[M::mem_process_seqs_merge2] Processed 86228 reads in 0.020 CPU sec, 0.733 real sec
[M::process] read chunk (19660800 bytes/CG x 1 CGs, 19660800 bytes)...
slave pre done
now n is 86228
slave pre done
now n is 86228
processed 86228
[M::mem_process_seqs_merge2] Processed 86228 reads in 0.020 CPU sec, 0.853 real sec
processed 86228
[M::mem_process_seqs_merge2] Processed 86228 reads in 0.020 CPU sec, 0.849 real sec
[M::process] read chunk (19660800 bytes/CG x 1 CGs, 19660800 bytes)...
[M::mem_process_seqs_merge2] CPE FASTQ formatting done
[M::process] read chunk (19660800 bytes/CG x 1 CGs, 19660800 bytes)...
[M::mem_process_seqs_merge2] CPE FASTQ formatting done
[M::mem_process_seqs_merge2] CPE FASTQ formatting done
slave pre done
now n is 86228
processed 86228
[M::mem_process_seqs_merge2] Processed 86228 reads in 0.030 CPU sec, 0.775 real sec
slave pre done
now n is 86228
slave pre done
now n is 84741
processed 86228
[M::mem_process_seqs_merge2] Processed 86228 reads in 0.040 CPU sec, 0.875 real sec
processed 84741
[M::mem_process_seqs_merge2] Processed 84741 reads in 0.020 CPU sec, 0.778 real sec
[M::process] read chunk (19660800 bytes/CG x 1 CGs, 19660800 bytes)...
[M::process] read chunk (19660800 bytes/CG x 1 CGs, 19660800 bytes)...
[M::mem_process_seqs_merge2] CPE FASTQ formatting done
[M::process] read chunk (19660800 bytes/CG x 1 CGs, 19660800 bytes)...
[M::mem_process_seqs_merge2] CPE FASTQ formatting done
[M::mem_process_seqs_merge2] CPE FASTQ formatting done
slave pre done
now n is 84741
processed 84741
[M::mem_process_seqs_merge2] Processed 84741 reads in 0.020 CPU sec, 0.716 real sec
slave pre done
now n is 86228
processed 86228
[M::mem_process_seqs_merge2] Processed 86228 reads in 0.010 CPU sec, 0.842 real sec
[M::process] read chunk (19660800 bytes/CG x 1 CGs, 19660800 bytes)...
[M::process] read chunk (19660800 bytes/CG x 1 CGs, 19660800 bytes)...
slave pre done
now n is 86228
processed 86228
[M::mem_process_seqs_merge2] Processed 86228 reads in 0.010 CPU sec, 0.776 real sec
[M::process] read chunk (19660800 bytes/CG x 1 CGs, 19660800 bytes)...
[M::mem_process_seqs_merge2] CPE FASTQ formatting done
[M::mem_process_seqs_merge2] CPE FASTQ formatting done
[M::mem_process_seqs_merge2] CPE FASTQ formatting done
[M::process] read chunk (19660800 bytes/CG x 1 CGs, 19660800 bytes)...
slave pre done
now n is 84741
processed 84741
[M::mem_process_seqs_merge2] Processed 84741 reads in 0.020 CPU sec, 0.751 real sec
[M::mem_process_seqs_merge2] CPE FASTQ formatting done
[M::process] read chunk (19660800 bytes/CG x 1 CGs, 19660800 bytes)...
slave pre done
now n is 86228
processed 86228
[M::mem_process_seqs_merge2] Processed 86228 reads in 0.020 CPU sec, 0.839 real sec
slave pre done
now n is 86228
processed 86228
[M::mem_process_seqs_merge2] Processed 86228 reads in 0.020 CPU sec, 0.817 real sec
[M::process] read chunk (19660800 bytes/CG x 1 CGs, 19660800 bytes)...
[M::mem_process_seqs_merge2] CPE FASTQ formatting done
[M::mem_process_seqs_merge2] CPE FASTQ formatting done
slave pre done
now n is 84741
processed 84741
[M::mem_process_seqs_merge2] Processed 84741 reads in 0.040 CPU sec, 0.782 real sec
[M::process] read chunk (19660800 bytes/CG x 1 CGs, 19660800 bytes)...
[M::mem_process_seqs_merge2] CPE FASTQ formatting done
slave pre done
now n is 84741
processed 84741
[M::mem_process_seqs_merge2] Processed 84741 reads in 0.020 CPU sec, 0.755 real sec
slave pre done
now n is 86228
processed 86228
[M::mem_process_seqs_merge2] Processed 86228 reads in 0.030 CPU sec, 0.839 real sec
[M::process] read chunk (19660800 bytes/CG x 1 CGs, 19660800 bytes)...
[M::mem_process_seqs_merge2] CPE FASTQ formatting done
slave pre done
now n is 84741
processed 84741
[M::mem_process_seqs_merge2] Processed 84741 reads in 0.020 CPU sec, 0.799 real sec
[M::process] read chunk (19660800 bytes/CG x 1 CGs, 19660800 bytes)...
[M::mem_process_seqs_merge2] CPE FASTQ formatting done
slave pre done
now n is 86228
processed 86228
[M::mem_process_seqs_merge2] Processed 86228 reads in 0.020 CPU sec, 0.858 real sec
[M::process] read chunk (19660800 bytes/CG x 1 CGs, 19660800 bytes)...
[M::process] read chunk (19660800 bytes/CG x 1 CGs, 19660800 bytes)...
slave pre done
now n is 84741
processed 84741
[M::mem_process_seqs_merge2] Processed 84741 reads in 0.020 CPU sec, 0.788 real sec
[M::process] read chunk (19660800 bytes/CG x 1 CGs, 19660800 bytes)...
[M::mem_process_seqs_merge2] CPE FASTQ formatting done
[M::mem_process_seqs_merge2] CPE FASTQ formatting done
[M::mem_process_seqs_merge2] CPE FASTQ formatting done
slave pre done
now n is 86228
processed 86228
[M::mem_process_seqs_merge2] Processed 86228 reads in 0.020 CPU sec, 0.848 real sec
slave pre done
now n is 86228
processed 86228
[M::mem_process_seqs_merge2] Processed 86228 reads in 0.020 CPU sec, 0.847 real sec
slave pre done
now n is 84741
[M::process] read chunk (19660800 bytes/CG x 1 CGs, 19660800 bytes)...
processed 84741
[M::mem_process_seqs_merge2] Processed 84741 reads in 0.020 CPU sec, 0.749 real sec
[M::process] read chunk (19660800 bytes/CG x 1 CGs, 19660800 bytes)...
[M::mem_process_seqs_merge2] CPE FASTQ formatting done
[M::mem_process_seqs_merge2] CPE FASTQ formatting done
[M::process] read chunk (19660800 bytes/CG x 1 CGs, 19660800 bytes)...
[M::mem_process_seqs_merge2] CPE FASTQ formatting done
slave pre done
now n is 86228
processed 86228
[M::mem_process_seqs_merge2] Processed 86228 reads in 0.030 CPU sec, 0.744 real sec
slave pre done
now n is 86228
processed 86228
[M::mem_process_seqs_merge2] Processed 86228 reads in 0.020 CPU sec, 0.788 real sec
[M::process] read chunk (19660800 bytes/CG x 1 CGs, 19660800 bytes)...
[M::mem_process_seqs_merge2] CPE FASTQ formatting done
slave pre done
now n is 86228
processed 86228
[M::mem_process_seqs_merge2] Processed 86228 reads in 0.040 CPU sec, 0.839 real sec
[M::process] read chunk (19660800 bytes/CG x 1 CGs, 19660800 bytes)...
[M::process] read chunk (19660800 bytes/CG x 1 CGs, 19660800 bytes)...
[M::mem_process_seqs_merge2] CPE FASTQ formatting done
[M::mem_process_seqs_merge2] CPE FASTQ formatting done
slave pre done
now n is 86228
processed 86228
[M::mem_process_seqs_merge2] Processed 86228 reads in 0.030 CPU sec, 0.792 real sec
[M::process] read chunk (19660800 bytes/CG x 1 CGs, 19660800 bytes)...
slave pre done
now n is 86228
processed 86228
[M::mem_process_seqs_merge2] Processed 86228 reads in 0.040 CPU sec, 0.731 real sec
[M::mem_process_seqs_merge2] CPE FASTQ formatting done
[M::process] read chunk (19660800 bytes/CG x 1 CGs, 19660800 bytes)...
slave pre done
now n is 84741
processed 84741
[M::mem_process_seqs_merge2] Processed 84741 reads in 0.020 CPU sec, 0.773 real sec
[M::process] read chunk (19660800 bytes/CG x 1 CGs, 19660800 bytes)...
[M::mem_process_seqs_merge2] CPE FASTQ formatting done
[M::mem_process_seqs_merge2] CPE FASTQ formatting done
[M::process] read chunk (19660800 bytes/CG x 1 CGs, 19660800 bytes)...
slave pre done
now n is 86228
processed 86228
[M::mem_process_seqs_merge2] Processed 86228 reads in 0.020 CPU sec, 0.808 real sec
[M::mem_process_seqs_merge2] CPE FASTQ formatting done
slave pre done
now n is 86228
processed 86228
[M::mem_process_seqs_merge2] Processed 86228 reads in 0.020 CPU sec, 0.771 real sec
slave pre done
now n is 84741
processed 84741
[M::mem_process_seqs_merge2] Processed 84741 reads in 0.030 CPU sec, 0.723 real sec
[M::process] read chunk (19660800 bytes/CG x 1 CGs, 19660800 bytes)...
slave pre done
now n is 86228
processed 86228
[M::mem_process_seqs_merge2] Processed 86228 reads in 0.020 CPU sec, 0.783 real sec
[M::process] read chunk (19660800 bytes/CG x 1 CGs, 19660800 bytes)...
[M::mem_process_seqs_merge2] CPE FASTQ formatting done
[M::mem_process_seqs_merge2] CPE FASTQ formatting done
[M::process] read chunk (19660800 bytes/CG x 1 CGs, 19660800 bytes)...
slave pre done
now n is 84741
processed 84741
[M::mem_process_seqs_merge2] Processed 84741 reads in 0.020 CPU sec, 0.754 real sec
[M::mem_process_seqs_merge2] CPE FASTQ formatting done
slave pre done
now n is 86228
processed 86228
[M::mem_process_seqs_merge2] Processed 86228 reads in 0.020 CPU sec, 0.845 real sec
[M::process] read chunk (19660800 bytes/CG x 1 CGs, 19660800 bytes)...
[M::mem_process_seqs_merge2] CPE FASTQ formatting done
slave pre done
now n is 84741
processed 84741
[M::mem_process_seqs_merge2] Processed 84741 reads in 0.030 CPU sec, 0.848 real sec
[M::process] read chunk (19660800 bytes/CG x 1 CGs, 19660800 bytes)...
[M::process] read chunk (19660800 bytes/CG x 1 CGs, 19660800 bytes)...
slave pre done
now n is 86228
processed 86228
[M::mem_process_seqs_merge2] Processed 86228 reads in 0.010 CPU sec, 0.836 real sec
[M::process] read chunk (19660800 bytes/CG x 1 CGs, 19660800 bytes)...
[M::mem_process_seqs_merge2] CPE FASTQ formatting done
[M::mem_process_seqs_merge2] CPE FASTQ formatting done
[M::mem_process_seqs_merge2] CPE FASTQ formatting done
slave pre done
now n is 84741
processed 84741
[M::mem_process_seqs_merge2] Processed 84741 reads in 0.020 CPU sec, 0.833 real sec
[M::process] read chunk (19660800 bytes/CG x 1 CGs, 19660800 bytes)...
slave pre done
now n is 86228
processed 86228
[M::mem_process_seqs_merge2] Processed 86228 reads in 0.010 CPU sec, 0.858 real sec
slave pre done
now n is 86228
[M::process] read chunk (19660800 bytes/CG x 1 CGs, 19660800 bytes)...
processed 86228
[M::mem_process_seqs_merge2] Processed 86228 reads in 0.020 CPU sec, 0.897 real sec
[M::mem_process_seqs_merge2] CPE FASTQ formatting done
[M::mem_process_seqs_merge2] CPE FASTQ formatting done
[M::process] read chunk (19660800 bytes/CG x 1 CGs, 19660800 bytes)...
[M::mem_process_seqs_merge2] CPE FASTQ formatting done
slave pre done
now n is 84741
processed 84741
[M::mem_process_seqs_merge2] Processed 84741 reads in 0.030 CPU sec, 0.802 real sec
slave pre done
now n is 86228
processed 86228
[M::mem_process_seqs_merge2] Processed 86228 reads in 0.020 CPU sec, 0.853 real sec
[M::process] read chunk (19660800 bytes/CG x 1 CGs, 19660800 bytes)...
[M::mem_process_seqs_merge2] CPE FASTQ formatting done
slave pre done
now n is 86228
processed 86228
[M::mem_process_seqs_merge2] Processed 86228 reads in 0.050 CPU sec, 0.836 real sec
[M::process] read chunk (19660800 bytes/CG x 1 CGs, 19660800 bytes)...
[M::process] read chunk (19660800 bytes/CG x 1 CGs, 19660800 bytes)...
[M::mem_process_seqs_merge2] CPE FASTQ formatting done
[M::mem_process_seqs_merge2] CPE FASTQ formatting done
slave pre done
now n is 86228
processed 86228
[M::mem_process_seqs_merge2] Processed 86228 reads in 0.030 CPU sec, 0.858 real sec
[M::process] read chunk (19660800 bytes/CG x 1 CGs, 19660800 bytes)...
[M::mem_process_seqs_merge2] CPE FASTQ formatting done
slave pre done
now n is 86228
processed 86228
[M::mem_process_seqs_merge2] Processed 86228 reads in 0.030 CPU sec, 0.828 real sec
[M::process] read chunk (19660800 bytes/CG x 1 CGs, 19660800 bytes)...
slave pre done
now n is 86228
processed 86228
[M::mem_process_seqs_merge2] Processed 86228 reads in 0.040 CPU sec, 0.799 real sec
[M::process] read chunk (19660800 bytes/CG x 1 CGs, 19660800 bytes)...
[M::mem_process_seqs_merge2] CPE FASTQ formatting done
[M::process] read chunk (19660800 bytes/CG x 1 CGs, 19660800 bytes)...
[M::mem_process_seqs_merge2] CPE FASTQ formatting done
slave pre done
now n is 86228
processed 86228
[M::mem_process_seqs_merge2] Processed 86228 reads in 0.010 CPU sec, 0.779 real sec
[M::mem_process_seqs_merge2] CPE FASTQ formatting done
slave pre done
now n is 85857
processed 85857
[M::mem_process_seqs_merge2] Processed 85857 reads in 0.050 CPU sec, 0.877 real sec
slave pre done
now n is 86228
processed 86228
[M::mem_process_seqs_merge2] Processed 86228 reads in 0.010 CPU sec, 0.819 real sec
[M::process] read chunk (19660800 bytes/CG x 1 CGs, 19660800 bytes)...
slave pre done
now n is 84741
processed 84741
[M::mem_process_seqs_merge2] Processed 84741 reads in 0.020 CPU sec, 0.765 real sec
[M::process] read chunk (19660800 bytes/CG x 1 CGs, 19660800 bytes)...
[M::process] read chunk (19660800 bytes/CG x 1 CGs, 19660800 bytes)...
[M::mem_process_seqs_merge2] CPE FASTQ formatting done
[M::mem_process_seqs_merge2] CPE FASTQ formatting done
[M::mem_process_seqs_merge2] CPE FASTQ formatting done
slave pre done
now n is 86228
processed 86228
[M::mem_process_seqs_merge2] Processed 86228 reads in 0.020 CPU sec, 0.819 real sec
slave pre done
now n is 86228
slave pre done
now n is 84741
processed 86228
[M::mem_process_seqs_merge2] Processed 86228 reads in 0.020 CPU sec, 0.799 real sec
processed 84741
[M::mem_process_seqs_merge2] Processed 84741 reads in 0.030 CPU sec, 0.789 real sec
[M::process] read chunk (19660800 bytes/CG x 1 CGs, 19660800 bytes)...
[M::process] read chunk (19660800 bytes/CG x 1 CGs, 19660800 bytes)...
[M::process] read chunk (19660800 bytes/CG x 1 CGs, 19660800 bytes)...
[M::mem_process_seqs_merge2] CPE FASTQ formatting done
[M::mem_process_seqs_merge2] CPE FASTQ formatting done
[M::mem_process_seqs_merge2] CPE FASTQ formatting done
slave pre done
now n is 84741
processed 84741
[M::mem_process_seqs_merge2] Processed 84741 reads in 0.030 CPU sec, 0.709 real sec
slave pre done
now n is 86228
processed 86228
[M::mem_process_seqs_merge2] Processed 86228 reads in 0.010 CPU sec, 0.757 real sec
[M::process] read chunk (19660800 bytes/CG x 1 CGs, 19660800 bytes)...
[M::process] read chunk (19660800 bytes/CG x 1 CGs, 19660800 bytes)...
[M::mem_process_seqs_merge2] CPE FASTQ formatting done
slave pre done
now n is 84741
processed 84741
[M::mem_process_seqs_merge2] Processed 84741 reads in 0.030 CPU sec, 1.245 real sec
[M::process] read chunk (19660800 bytes/CG x 1 CGs, 19660800 bytes)...
[M::mem_process_seqs_merge2] CPE FASTQ formatting done
[M::mem_process_seqs_merge2] CPE FASTQ formatting done
slave pre done
now n is 86228
processed 86228
[M::mem_process_seqs_merge2] Processed 86228 reads in 0.020 CPU sec, 0.830 real sec
slave pre done
now n is 86228
processed 86228
[M::mem_process_seqs_merge2] Processed 86228 reads in 0.030 CPU sec, 0.786 real sec
[M::process] read chunk (19660800 bytes/CG x 1 CGs, 19660800 bytes)...
[M::process] read chunk (19660800 bytes/CG x 1 CGs, 19660800 bytes)...
slave pre done
now n is 84741
processed 84741
[M::mem_process_seqs_merge2] Processed 84741 reads in 0.020 CPU sec, 0.850 real sec
[M::process] read chunk (19660800 bytes/CG x 1 CGs, 19660800 bytes)...
[M::mem_process_seqs_merge2] CPE FASTQ formatting done
[M::mem_process_seqs_merge2] CPE FASTQ formatting done
[M::mem_process_seqs_merge2] CPE FASTQ formatting done
slave pre done
now n is 86228
processed 86228
[M::mem_process_seqs_merge2] Processed 86228 reads in 0.020 CPU sec, 0.739 real sec
[M::process] read chunk (19660800 bytes/CG x 1 CGs, 19660800 bytes)...
slave pre done
now n is 84741
processed 84741
[M::mem_process_seqs_merge2] Processed 84741 reads in 0.020 CPU sec, 0.759 real sec
[M::process] read chunk (19660800 bytes/CG x 1 CGs, 19660800 bytes)...
slave pre done
now n is 84741
processed 84741
[M::mem_process_seqs_merge2] Processed 84741 reads in 0.020 CPU sec, 0.839 real sec
[M::mem_process_seqs_merge2] CPE FASTQ formatting done
[M::mem_process_seqs_merge2] CPE FASTQ formatting done
[M::process] read chunk (19660800 bytes/CG x 1 CGs, 19660800 bytes)...
[M::mem_process_seqs_merge2] CPE FASTQ formatting done
slave pre done
now n is 86228
processed 86228
[M::mem_process_seqs_merge2] Processed 86228 reads in 0.020 CPU sec, 0.733 real sec
slave pre done
now n is 84741
processed 84741
[M::mem_process_seqs_merge2] Processed 84741 reads in 0.040 CPU sec, 0.777 real sec
[M::process] read chunk (19660800 bytes/CG x 1 CGs, 13074128 bytes)...
slave pre done
now n is 86228
processed 86228
[M::mem_process_seqs_merge2] Processed 86228 reads in 0.010 CPU sec, 0.725 real sec
[M::mem_process_seqs_merge2] CPE FASTQ formatting done
[M::process] read chunk (19660800 bytes/CG x 1 CGs, 19660800 bytes)...
[M::process] read chunk (19660800 bytes/CG x 1 CGs, 19660800 bytes)...
[M::mem_process_seqs_merge2] CPE FASTQ formatting done
[M::mem_process_seqs_merge2] CPE FASTQ formatting done
slave pre done
now n is 56354
processed 56354
[M::mem_process_seqs_merge2] Processed 56354 reads in 0.020 CPU sec, 0.572 real sec
slave pre done
now n is 86228
processed 86228
[M::mem_process_seqs_merge2] Processed 86228 reads in 0.010 CPU sec, 0.738 real sec
slave pre done
now n is 84741
[M::process] read chunk (19660800 bytes/CG x 1 CGs, 13073976 bytes)...
processed 84741
[M::mem_process_seqs_merge2] Processed 84741 reads in 0.030 CPU sec, 0.772 real sec
[M::process] read chunk (19660800 bytes/CG x 1 CGs, 19660800 bytes)...
[M::process] read chunk (19660800 bytes/CG x 1 CGs, 19660800 bytes)...
[M::mem_process_seqs_merge2] CPE FASTQ formatting done
[M::mem_process_seqs_merge2] CPE FASTQ formatting done
[M::mem_process_seqs_merge2] CPE FASTQ formatting done
slave pre done
now n is 57342
processed 57342
[M::mem_process_seqs_merge2] Processed 57342 reads in 0.010 CPU sec, 0.535 real sec
slave pre done
now n is 86228
slave pre done
now n is 84741
processed 86228
[M::mem_process_seqs_merge2] Processed 86228 reads in 0.010 CPU sec, 0.774 real sec
processed 84741
[M::mem_process_seqs_merge2] Processed 84741 reads in 0.020 CPU sec, 0.805 real sec
[M::process] read chunk (19660800 bytes/CG x 1 CGs, 13076216 bytes)...
[M::process] read chunk (19660800 bytes/CG x 1 CGs, 19660800 bytes)...
[M::mem_process_seqs_merge2] CPE FASTQ formatting done
[M::process] read chunk (19660800 bytes/CG x 1 CGs, 19660800 bytes)...
[M::mem_process_seqs_merge2] CPE FASTQ formatting done
[M::mem_process_seqs_merge2] CPE FASTQ formatting done
slave pre done
now n is 56363
processed 56363
[M::mem_process_seqs_merge2] Processed 56363 reads in 0.020 CPU sec, 0.554 real sec
slave pre done
now n is 86228
processed 86228
[M::mem_process_seqs_merge2] Processed 86228 reads in 0.010 CPU sec, 0.806 real sec
[M::process] read chunk (19660800 bytes/CG x 1 CGs, 13076028 bytes)...
slave pre done
now n is 84741
processed 84741
[M::mem_process_seqs_merge2] Processed 84741 reads in 0.020 CPU sec, 0.790 real sec
[M::mem_process_seqs_merge2] CPE FASTQ formatting done
[M::process] read chunk (19660800 bytes/CG x 1 CGs, 19660800 bytes)...
[M::process] read chunk (19660800 bytes/CG x 1 CGs, 19660800 bytes)...
[M::mem_process_seqs_merge2] CPE FASTQ formatting done
slave pre done
now n is 57351
processed 57351
[M::mem_process_seqs_merge2] Processed 57351 reads in 0.010 CPU sec, 0.560 real sec
[M::mem_process_seqs_merge2] CPE FASTQ formatting done
slave pre done
now n is 86228
processed 86228
[M::mem_process_seqs_merge2] Processed 86228 reads in 0.020 CPU sec, 0.872 real sec
[M::process] read chunk (19660800 bytes/CG x 1 CGs, 19660800 bytes)...
[M::mem_process_seqs_merge2] CPE FASTQ formatting done
slave pre done
now n is 86228
processed 86228
[M::mem_process_seqs_merge2] Processed 86228 reads in 0.030 CPU sec, 0.880 real sec
[M::process] read chunk (19660800 bytes/CG x 1 CGs, 13073976 bytes)...
[M::mem_process_seqs_merge2] CPE FASTQ formatting done
slave pre done
now n is 84741
processed 84741
[M::mem_process_seqs_merge2] Processed 84741 reads in 0.140 CPU sec, 2.958 real sec
[M::process] read chunk (19660800 bytes/CG x 1 CGs, 13075984 bytes)...
slave pre done
now n is 57342
processed 57342
[M::mem_process_seqs_merge2] Processed 57342 reads in 0.020 CPU sec, 0.575 real sec
[M::mem_process_seqs_merge2] CPE FASTQ formatting done
slave pre done
now n is 56362
processed 56362
[M::mem_process_seqs_merge2] Processed 56362 reads in 0.290 CPU sec, 5.236 real sec

====================== SWBWA Output Debug =====================
  MPI rank: 000000 / 000006
  mode:     MPI single_unordered
  path:     correctness_results/bigdata_mpi_lwpf_off_20260823/mpi_static_single/has1/ERR1203383_SE.sam

  Output volume
    output buffer capacity                           67108864
    swbwa_output_write calls                         2577448
    submitted SAM bytes                            603101205
    buffered flushes                                       9
    buffered flush bytes                           603101205
    direct oversized writes                                0
    direct oversized bytes                                 0

  Buffering
    buffered flush total                        42.696326 s  (9 calls, 4744036.167 us/call)

  Global offset reservation
    target rank                                             0
    target relationship                                 local
    reservations                                            9
    reservation total                            0.000183 s  (9 calls,    20.283 us/call)
      MPI_Fetch_and_op                             0.000047 s  (9 calls,     5.278 us/call)
      MPI_Win_flush(target rank 0)                 0.000126 s  (9 calls,    14.044 us/call)
      reservation call overhead (derived)          0.000009 s  (9 calls,     0.961 us/call)

  POSIX positioned writes
    pwrite system calls                                     9
    pwrite system-call bytes                        603101205
    POSIX pwrite system calls                   42.696112 s  (9 calls, 4744012.472 us/call)
    POSIX pwrite effective bandwidth               13.471 MiB/s

  Output close timing
    MPI_Win_unlock_all                           0.000019 s  (1 calls,    19.000 us/call)
    MPI_Win_free                                 5.715769 s  (1 calls, 5715768.799 us/call)
    POSIX close                                  0.000898 s  (1 calls,   898.354 us/call)
================================================================


====================== SWBWA Output Debug =====================
  MPI rank: 000001 / 000006
  mode:     MPI single_unordered
  path:     correctness_results/bigdata_mpi_lwpf_off_20260823/mpi_static_single/has1/ERR1203383_SE.sam

  Output volume
    output buffer capacity                           67108864
    swbwa_output_write calls                         2557954
    submitted SAM bytes                            596994764
    buffered flushes                                       9
    buffered flush bytes                           596994764
    direct oversized writes                                0
    direct oversized bytes                                 0

  Buffering
    buffered flush total                        40.788953 s  (9 calls, 4532105.941 us/call)

  Global offset reservation
    target rank                                             0
    target relationship                                remote
    reservations                                            9
    reservation total                            0.054027 s  (9 calls,  6002.962 us/call)
      MPI_Fetch_and_op                             0.000877 s  (9 calls,    97.495 us/call)
      MPI_Win_flush(target rank 0)                 0.053137 s  (9 calls,  5904.145 us/call)
      reservation call overhead (derived)          0.000012 s  (9 calls,     1.322 us/call)

  POSIX positioned writes
    pwrite system calls                                     9
    pwrite system-call bytes                        596994764
    POSIX pwrite system calls                   40.734896 s  (9 calls, 4526099.513 us/call)
    POSIX pwrite effective bandwidth               13.977 MiB/s

  Output close timing
    MPI_Win_unlock_all                           0.000032 s  (1 calls,    32.300 us/call)
    MPI_Win_free                                 7.672958 s  (1 calls, 7672957.666 us/call)
    POSIX close                                  0.001118 s  (1 calls,  1118.254 us/call)
================================================================


====================== SWBWA Output Debug =====================
  MPI rank: 000002 / 000006
  mode:     MPI single_unordered
  path:     correctness_results/bigdata_mpi_lwpf_off_20260823/mpi_static_single/has1/ERR1203383_SE.sam

  Output volume
    output buffer capacity                           67108864
    swbwa_output_write calls                         2557954
    submitted SAM bytes                            600080094
    buffered flushes                                       9
    buffered flush bytes                           600080094
    direct oversized writes                                0
    direct oversized bytes                                 0

  Buffering
    buffered flush total                        42.717391 s  (9 calls, 4746376.726 us/call)

  Global offset reservation
    target rank                                             0
    target relationship                                remote
    reservations                                            9
    reservation total                            0.074489 s  (9 calls,  8276.515 us/call)
      MPI_Fetch_and_op                             0.000543 s  (9 calls,    60.339 us/call)
      MPI_Win_flush(target rank 0)                 0.073933 s  (9 calls,  8214.759 us/call)
      reservation call overhead (derived)          0.000013 s  (9 calls,     1.417 us/call)

  POSIX positioned writes
    pwrite system calls                                     9
    pwrite system-call bytes                        600080094

====================== SWBWA Output Debug =====================
  MPI rank: 000003 / 000006
  mode:     MPI single_unordered
  path:     correctness_results/bigdata_mpi_lwpf_off_20260823/mpi_static_single/has1/ERR1203383_SE.sam

  Output volume
    output buffer capacity                           67108864
    swbwa_output_write calls                         2553621
    submitted SAM bytes                            598585029
    buffered flushes                                       9
    buffered flush bytes                           598585029
    direct oversized writes                                0
    direct oversized bytes                                 0

  Buffering
    buffered flush total                        40.728923 s  (9 calls, 4525435.944 us/call)

  Global offset reservation
    target rank                                             0
    target relationship                                remote
    reservations                                            9
    reservation total                            0.062265 s  (9 calls,  6918.354 us/call)
      MPI_Fetch_and_op                             0.000768 s  (9 calls,    85.373 us/call)
      MPI_Win_flush(target rank 0)                 0.061486 s  (9 calls,  6831.798 us/call)
      reservation call overhead (derived)          0.000011 s  (9 calls,     1.183 us/call)

  POSIX positioned writes
    pwrite system calls                                     9
    pwrite system-call bytes                        598585029
    POSIX pwrite system calls                   40.666627 s  (9 calls, 4518514.134 us/call)
    POSIX pwrite effective bandwidth               14.037 MiB/s

  Output close timing
    MPI_Win_unlock_all                           0.000024 s  (1 calls,    23.500 us/call)
    MPI_Win_free                                 8.569024 s  (1 calls, 8569024.407 us/call)
    POSIX close                                  0.000773 s  (1 calls,   772.903 us/call)
================================================================


====================== SWBWA Output Debug =====================
  MPI rank: 000004 / 000006
  mode:     MPI single_unordered
  path:     correctness_results/bigdata_mpi_lwpf_off_20260823/mpi_static_single/has1/ERR1203383_SE.sam

  Output volume
    output buffer capacity                           67108864
    swbwa_output_write calls                         2513852
    submitted SAM bytes                            594441907
    buffered flushes                                       9
    buffered flush bytes                           594441907
    direct oversized writes                                0
    direct oversized bytes                                 0

  Buffering
    buffered flush total                        41.694477 s  (9 calls, 4632719.706 us/call)

  Global offset reservation
    target rank                                             0
    target relationship                                remote
    reservations                                            9
    reservation total                            0.074822 s  (9 calls,  8313.548 us/call)
      MPI_Fetch_and_op                             0.000816 s  (9 calls,    90.645 us/call)
      MPI_Win_flush(target rank 0)                 0.073996 s  (9 calls,  8221.732 us/call)
      reservation call overhead (derived)          0.000011 s  (9 calls,     1.172 us/call)

  POSIX positioned writes
    pwrite system calls                                     9
    pwrite system-call bytes                        594441907
    POSIX pwrite system calls                   41.619626 s  (9 calls, 4624402.907 us/call)
    POSIX pwrite effective bandwidth               13.621 MiB/s

  Output close timing
    MPI_Win_unlock_all                           0.000024 s  (1 calls,    24.250 us/call)
    MPI_Win_free                                 6.808531 s  (1 calls, 6808530.746 us/call)
    POSIX close                                  0.000650 s  (1 calls,   650.253 us/call)
================================================================

    POSIX pwrite system calls                   42.642865 s  (9 calls, 4738096.139 us/call)
    POSIX pwrite effective bandwidth               13.420 MiB/s

  Output close timing
    MPI_Win_unlock_all                           0.000029 s  (1 calls,    29.200 us/call)
    MPI_Win_free                                 4.720531 s  (1 calls, 4720531.027 us/call)
    POSIX close                                  0.001446 s  (1 calls,  1446.206 us/call)
================================================================


====================== SWBWA Output Debug =====================
  MPI rank: 000005 / 000006
  mode:     MPI single_unordered
  path:     correctness_results/bigdata_mpi_lwpf_off_20260823/mpi_static_single/has1/ERR1203383_SE.sam

  Output volume
    output buffer capacity                           67108864
    swbwa_output_write calls                         2513851
    submitted SAM bytes                            597074650
    buffered flushes                                       9
    buffered flush bytes                           597074650
    direct oversized writes                                0
    direct oversized bytes                                 0

  Buffering
    buffered flush total                        40.938546 s  (9 calls, 4548727.345 us/call)

  Global offset reservation
    target rank                                             0
    target relationship                                remote
    reservations                                            9
    reservation total                            0.063593 s  (9 calls,  7065.861 us/call)
      MPI_Fetch_and_op                             0.000611 s  (9 calls,    67.939 us/call)
      MPI_Win_flush(target rank 0)                 0.062971 s  (9 calls,  6996.827 us/call)
      reservation call overhead (derived)          0.000010 s  (9 calls,     1.095 us/call)

  POSIX positioned writes
    pwrite system calls                                     9
    pwrite system-call bytes                        597074650
    POSIX pwrite system calls                   40.874919 s  (9 calls, 4541657.712 us/call)
    POSIX pwrite effective bandwidth               13.931 MiB/s

  Output close timing
    MPI_Win_unlock_all                           0.000027 s  (1 calls,    27.450 us/call)
    MPI_Win_free                                 0.000054 s  (1 calls,    54.250 us/call)
    POSIX close                                  0.001028 s  (1 calls,  1027.854 us/call)
================================================================


================ MPI Progress Thread Debug =================
  MPI rank: 000000 / 000006
  lifetime                                       85.704438 s
  MPI_Iprobe calls                                    8564
  MPI_Iprobe total                                0.123062 s
  MPI_Iprobe average                                14.370 us
  MPI_Iprobe maximum                              0.001270 s
  calls >= 1 ms                                          2
  calls >= 10 ms                                         0
  calls >= 100 ms                                        0
  calls >= 1 s                                           0
============================================================


================ MPI Progress Thread Debug =================
  MPI rank: 000001 / 000006
  lifetime                                       85.706155 s
  MPI_Iprobe calls                                    8568
  MPI_Iprobe total                                0.095838 s
  MPI_Iprobe average                                11.186 us
  MPI_Iprobe maximum                              0.000081 s
  calls >= 1 ms                                          0
  calls >= 10 ms                                         0
  calls >= 100 ms                                        0
  calls >= 1 s                                           0
============================================================


================ MPI Progress Thread Debug =================
  MPI rank: 000002 / 000006
  lifetime                                       85.709636 s
  MPI_Iprobe calls                                    8560
  MPI_Iprobe total                                0.173413 s
  MPI_Iprobe average                                20.259 us
  MPI_Iprobe maximum                              0.000405 s
  calls >= 1 ms                                          0
  calls >= 10 ms                                         0
  calls >= 100 ms                                        0
  calls >= 1 s                                           0
============================================================


================ SWBWA CPE/MPI Progress Debug ================
  MPI rank: 000002 / 000006

    phase                      waits     probes   total(s)    avg(us)    max(s)   >=1ms   >=10ms   >=100ms    >=1s  completed
    FASTQ formatting              30          0      0.000      0.000     0.000       0        0         0       0          0
    alignment and SAM length      30          0      0.000      0.000     0.000       0        0         0       0          0
    SAM record generation         30          0      0.000      0.000     0.000       0        0         0       0          0
    all CPE phases                90          0      0.000      0.000     0.000       0        0         0       0          0

  Probes marked 'completed' returned with the CPE completion
  flag set. Their full call duration bounds the possible delay.
    completion-observing probe total               0.000000 s
    slowest completion-observing probe             0.000000 s
==============================================================


======================= SWBWA Timing Report =======================
  MPI rank: 000002 / 000006
  Accumulated wall-clock time; indented rows are included in
  their parent row and must not be added to it.

  Pipeline
    total - complete three-stage pipeline                    85.711 s
    stage 1 - allocate and read raw FASTQ blocks             10.067 s
    stage 2 - align reads and generate SAM records           25.229 s
    stage 3 - write SAM and release batch data               44.166 s
      SAM output writes                                        43.090 s
      batch cleanup and loop overhead (derived)                 1.076 s

  Stage 1 input details
    batches completed / stage calls                      30 / 31
    input-buffer and batch allocations                        0.000 s  (61 calls, max 0.000 s)
    aggregate requested allocation bytes            583269880
    FASTQ fseeko calls                                        0.136 s  (30 calls, max 0.135 s)
    FASTQ fread calls                                         9.920 s  (30 calls, max 0.766 s)
    align chunk ends to FASTQ record boundaries               0.000 s  (29 calls, max 0.000 s)
    scheduler, checks and bookkeeping (derived)               0.012 s
    raw FASTQ bytes read                            583237176  (556.218 MiB)
    effective fread bandwidth                         56.071 MiB/s
    slowest allocation                                 0.000 s  (13075000 bytes)
    slowest fread                                      0.766 s  (R1 offset=1205747208, bytes=19660800)

  Stage 2 worker details
    total - active merge worker                              25.217 s
      part 1 - prepare CPE task and reusable buffers            0.905 s
      part 2 - CPE FASTQ formatting and input release           0.309 s
      part 3 - CPE alignment and SAM length pass               23.400 s
      part 4 - assign slices in the shared SAM buffer           0.199 s
      part 5 - CPE SAM record generation                        0.392 s
      part 6 - release temporary worker data                    0.001 s

  Reserved allocator timers (no active timing sites)
    malloc timer                                              0.000 s
    free timer                                                0.000 s
===
================ MPI Progress Thread Debug =================
  MPI rank: 000003 / 000006
  lifetime                                       85.701435 s
  MPI_Iprobe calls                                    8569
  MPI_Iprobe total                                0.088185 s
  MPI_Iprobe average                                10.291 us
  MPI_Iprobe maximum                              0.001804 s
  calls >= 1 ms                                          3
  calls >= 10 ms                                         0
  calls >= 100 ms                                        0
  calls >= 1 s                                           0
============================================================


================ SWBWA CPE/MPI Progress Debug ================
  MPI rank: 000003 / 000006

    phase                      waits     probes   total(s)    avg(us)    max(s)   >=1ms   >=10ms   >=100ms    >=1s  completed
    FASTQ formatting              30          0      0.000      0.000     0.000       0        0         0       0          0
    alignment and SAM length      30          0      0.000      0.000     0.000       0        0         0       0          0
    SAM record generation         30          0      0.000      0.000     0.000       0        0         0       0          0
    all CPE phases                90          0      0.000      0.000     0.000       0        0         0       0          0

  Probes marked 'completed' returned with the CPE completion
  flag set. Their full call duration bounds the possible delay.
    completion-observing probe total               0.000000 s
    slowest completion-observing probe             0.000000 s
==============================================================


======================= SWBWA Timing Report =======================
  MPI rank: 000003 / 000006
  Accumulated wall-clock time; indented rows are included in
  their parent row and must not be added to it.

  Pipeline
    total - complete three-stage pipeline                    85.703 s
    stage 1 - allocate and read raw FASTQ blocks             10.046 s
    stage 2 - align reads and generate SAM records           23.811 s
    stage 3 - write SAM and release batch data               38.619 s
      SAM output writes                                        37.714 s
      batch cleanup and loop overhead (derived)                 0.906 s

  Stage 1 input details
    batches completed / stage calls                      30 / 31
    input-buffer and batch allocations                        0.000 s  (61 calls, max 0.000 s)
    aggregate requested allocation bytes            583270032
    FASTQ fseeko calls                                        0.131 s  (30 calls, max 0.131 s)
    FASTQ fread calls                                         9.905 s  (30 calls, max 0.794 s)
    align chunk ends to FASTQ record boundaries               0.000 s  (29 calls, max 0.000 s)
    scheduler, checks and bookkeeping (derived)               0.010 s
    raw FASTQ bytes read                            583237328  (556.218 MiB)
    effective fread bandwidth                         56.155 MiB/s
    slowest allocation                                 0.000 s  (13075152 bytes)
    slowest fread                                      0.794 s  (R1 offset=1788960720, bytes=19660800)

  Stage 2 worker details
    total - active merge worker                              23.798 s
      part 1 - prepare CPE task and reusable buffers            0.867 s
      part 2 - CPE FASTQ formatting and input release           0.343 s
      part 3 - CPE alignment and SAM length pass               21.994 s
      part 4 - assign slices in the shared SAM buffer           0.188 s
      part 5 - CPE SAM record generation                        0.391 s
      part 6 - release temporary worker data                    0.000 s

  Reserved allocator timers (no active timing sites)
    malloc timer                                              0.000 s
    free timer                                                0.000 s
===
================ MPI Progress Thread Debug =================
  MPI rank: 000004 / 000006
  lifetime                                       85.703131 s
  MPI_Iprobe calls                                    8569
  MPI_Iprobe total                                0.103064 s
  MPI_Iprobe average                                12.028 us
  MPI_Iprobe maximum                              0.002325 s
  calls >= 1 ms                                          5
  calls >= 10 ms                                         0
  calls >= 100 ms                                        0
  calls >= 1 s                                           0
============================================================


================ SWBWA CPE/MPI Progress Debug ================
  MPI rank: 000004 / 000006

    phase                      waits     probes   total(s)    avg(us)    max(s)   >=1ms   >=10ms   >=100ms    >=1s  completed
    FASTQ formatting              30          0      0.000      0.000     0.000       0        0         0       0          0
    alignment and SAM length      30          0      0.000      0.000     0.000       0        0         0       0          0
    SAM record generation         30          0      0.000      0.000     0.000       0        0         0       0          0
    all CPE phases                90          0      0.000      0.000     0.000       0        0         0       0          0

  Probes marked 'completed' returned with the CPE completion
  flag set. Their full call duration bounds the possible delay.
    completion-observing probe total               0.000000 s
    slowest completion-observing probe             0.000000 s
==============================================================


======================= SWBWA Timing Report =======================
  MPI rank: 000004 / 000006
  Accumulated wall-clock time; indented rows are included in
  their parent row and must not be added to it.

  Pipeline
    total - complete three-stage pipeline                    85.705 s
    stage 1 - allocate and read raw FASTQ blocks             11.158 s
    stage 2 - align reads and generate SAM records           23.455 s
    stage 3 - write SAM and release batch data               40.599 s
      SAM output writes                                        39.679 s
      batch cleanup and loop overhead (derived)                 0.921 s

  Stage 1 input details
    batches completed / stage calls                      30 / 31
    input-buffer and batch allocations                        0.000 s  (61 calls, max 0.000 s)
    aggregate requested allocation bytes            583272120
    FASTQ fseeko calls                                        0.124 s  (30 calls, max 0.123 s)
    FASTQ fread calls                                        11.024 s  (30 calls, max 0.801 s)
    align chunk ends to FASTQ record boundaries               0.000 s  (29 calls, max 0.000 s)
    scheduler, checks and bookkeeping (derived)               0.010 s
    raw FASTQ bytes read                            583239416  (556.220 MiB)
    effective fread bandwidth                         50.457 MiB/s
    slowest allocation                                 0.000 s  (19661824 bytes)
    slowest fread                                      0.801 s  (R1 offset=2372174076, bytes=19660800)

  Stage 2 worker details
    total - active merge worker                              23.440 s
      part 1 - prepare CPE task and reusable buffers            0.853 s
      part 2 - CPE FASTQ formatting and input release           0.314 s
      part 3 - CPE alignment and SAM length pass               21.669 s
      part 4 - assign slices in the shared SAM buffer           0.190 s
      part 5 - CPE SAM record generation                        0.395 s
      part 6 - release temporary worker data                    0.000 s

  Reserved allocator timers (no active timing sites)
    malloc timer                                              0.000 s
    free timer                                                0.000 s
===
================ SWBWA CPE/MPI Progress Debug ================
  MPI rank: 000000 / 000006

    phase                      waits     probes   total(s)    avg(us)    max(s)   >=1ms   >=10ms   >=100ms    >=1s  completed
    FASTQ formatting              30          0      0.000      0.000     0.000       0        0         0       0          0
    alignment and SAM length      30          0      0.000      0.000     0.000       0        0         0       0          0
    SAM record generation         30          0      0.000      0.000     0.000       0        0         0       0          0
    all CPE phases                90          0      0.000      0.000     0.000       0        0         0       0          0

  Probes marked 'completed' returned with the CPE completion
  flag set. Their full call duration bounds the possible delay.
    completion-observing probe total               0.000000 s
    slowest completion-observing probe             0.000000 s
==============================================================


======================= SWBWA Timing Report =======================
  MPI rank: 000000 / 000006
  Accumulated wall-clock time; indented rows are included in
  their parent row and must not be added to it.

  Pipeline
    total - complete three-stage pipeline                    85.706 s
    stage 1 - allocate and read raw FASTQ blocks             10.044 s
    stage 2 - align reads and generate SAM records           24.482 s
    stage 3 - write SAM and release batch data               41.929 s
      SAM output writes                                        40.943 s
      batch cleanup and loop overhead (derived)                 0.986 s

  Stage 1 input details
    batches completed / stage calls                      30 / 31
    input-buffer and batch allocations                        0.000 s  (61 calls, max 0.000 s)
    aggregate requested allocation bytes            583271932
    FASTQ fseeko calls                                        0.001 s  (30 calls, max 0.000 s)
    FASTQ fread calls                                        10.034 s  (30 calls, max 0.819 s)
    align chunk ends to FASTQ record boundaries               0.000 s  (29 calls, max 0.000 s)
    scheduler, checks and bookkeeping (derived)               0.009 s
    raw FASTQ bytes read                            583239228  (556.220 MiB)
    effective fread bandwidth                         55.433 MiB/s
    slowest allocation                                 0.000 s  (19661824 bytes)
    slowest fread                                      0.819 s  (R1 offset=0, bytes=19660800)

  Stage 2 worker details
    total - active merge worker                              24.470 s
      part 1 - prepare CPE task and reusable buffers            0.875 s
      part 2 - CPE FASTQ formatting and input release           0.331 s
      part 3 - CPE alignment and SAM length pass               22.662 s
      part 4 - assign slices in the shared SAM buffer           0.192 s
      part 5 - CPE SAM record generation                        0.397 s
      part 6 - release temporary worker data                    0.001 s

  Reserved allocator timers (no active timing sites)
    malloc timer                                              0.000 s
    free timer                                                0.000 s
===================================================================

[main] Version: 0.0.1
[main] CMD: ./SWBWA mem -v 4 -t 1 -1 -o correctness_results/bigdata_mpi_lwpf_off_20260823/mpi_static_single/has1/ERR1203383_SE.sam -I 170,80,500,1 ../data/GRCh38.d1.vd1.fa ../data/bwa_test_big_data/ERR1203383_1.fastq

================ SWBWA CPE/MPI Progress Debug ================
  MPI rank: 000001 / 000006

    phase                      waits     probes   total(s)    avg(us)    max(s)   >=1ms   >=10ms   >=100ms    >=1s  completed
    FASTQ formatting              30          0      0.000      0.000     0.000       0        0         0       0          0
    alignment and SAM length      30          0      0.000      0.000     0.000       0        0         0       0          0
    SAM record generation         30          0      0.000      0.000     0.000       0        0         0       0          0
    all CPE phases                90          0      0.000      0.000     0.000       0        0         0       0          0

  Probes marked 'completed' returned with the CPE completion
  flag set. Their full call duration bounds the possible delay.
    completion-observing probe total               0.000000 s
    slowest completion-observing probe             0.000000 s
==============================================================


======================= SWBWA Timing Report =======================
  MPI rank: 000001 / 000006
  Accumulated wall-clock time; indented rows are included in
  their parent row and must not be added to it.

  Pipeline
    total - complete three-stage pipeline                    85.707 s
    stage 1 - allocate and read raw FASTQ blocks             10.299 s
    stage 2 - align reads and generate SAM records           24.408 s
    stage 3 - write SAM and release batch data               39.117 s
      SAM output writes                                        38.212 s
      batch cleanup and loop overhead (derived)                 0.905 s

  Stage 1 input details
    batches completed / stage calls                      30 / 31
    input-buffer and batch allocations                        0.000 s  (61 calls, max 0.000 s)
    aggregate requested allocation bytes            583269880
    FASTQ fseeko calls                                        0.143 s  (30 calls, max 0.142 s)
    FASTQ fread calls                                        10.150 s  (30 calls, max 0.805 s)
    align chunk ends to FASTQ record boundaries               0.000 s  (29 calls, max 0.000 s)
    scheduler, checks and bookkeeping (derived)               0.006 s
    raw FASTQ bytes read                            583237176  (556.218 MiB)
    effective fread bandwidth                         54.802 MiB/s
    slowest allocation                                 0.000 s  (19661824 bytes)
    slowest fread                                      0.805 s  (R1 offset=622533696, bytes=19660800)

  Stage 2 worker details
    total - active merge worker                              24.402 s
      part 1 - prepare CPE task and reusable buffers            0.857 s
      part 2 - CPE FASTQ formatting and input release           0.298 s
      part 3 - CPE alignment and SAM length pass               22.653 s
      part 4 - assign slices in the shared SAM buffer           0.186 s
      part 5 - CPE SAM record generation                        0.402 s
      part 6 - release temporary worker data                    0.000 s

  Reserved allocator timers (no active timing sites)
    malloc timer                                              0.000 s
    free timer                                                0.000 s
===================================================================

================================================================

================================================================

================================================================


================ MPI Progress Thread Debug =================
  MPI rank: 000005 / 000006
  lifetime                                       85.701375 s
  MPI_Iprobe calls                                    8566
  MPI_Iprobe total                                0.095781 s
  MPI_Iprobe average                                11.182 us
  MPI_Iprobe maximum                              0.000080 s
  calls >= 1 ms                                          0
  calls >= 10 ms                                         0
  calls >= 100 ms                                        0
  calls >= 1 s                                           0
============================================================


================ SWBWA CPE/MPI Progress Debug ================
  MPI rank: 000005 / 000006

    phase                      waits     probes   total(s)    avg(us)    max(s)   >=1ms   >=10ms   >=100ms    >=1s  completed
    FASTQ formatting              30          0      0.000      0.000     0.000       0        0         0       0          0
    alignment and SAM length      30          0      0.000      0.000     0.000       0        0         0       0          0
    SAM record generation         30          0      0.000      0.000     0.000       0        0         0       0          0
    all CPE phases                90          0      0.000      0.000     0.000       0        0         0       0          0

  Probes marked 'completed' returned with the CPE completion
  flag set. Their full call duration bounds the possible delay.
    completion-observing probe total               0.000000 s
    slowest completion-observing probe             0.000000 s
==============================================================


======================= SWBWA Timing Report =======================
  MPI rank: 000005 / 000006
  Accumulated wall-clock time; indented rows are included in
  their parent row and must not be added to it.

  Pipeline
    total - complete three-stage pipeline                    85.704 s
    stage 1 - allocate and read raw FASTQ blocks             10.664 s
    stage 2 - align reads and generate SAM records           31.465 s
    stage 3 - write SAM and release batch data               42.671 s
      SAM output writes                                        41.736 s
      batch cleanup and loop overhead (derived)                 0.935 s

  Stage 1 input details
    batches completed / stage calls                      30 / 31
    input-buffer and batch allocations                        0.000 s  (61 calls, max 0.000 s)
    aggregate requested allocation bytes            583271888
    FASTQ fseeko calls                                        0.118 s  (30 calls, max 0.118 s)
    FASTQ fread calls                                        10.534 s  (30 calls, max 0.812 s)
    align chunk ends to FASTQ record boundaries               0.000 s  (29 calls, max 0.000 s)
    scheduler, checks and bookkeeping (derived)               0.012 s
    raw FASTQ bytes read                            583239184  (556.220 MiB)
    effective fread bandwidth                         52.802 MiB/s
    slowest allocation                                 0.000 s  (13077008 bytes)
    slowest fread                                      0.812 s  (R1 offset=2955387740, bytes=19660800)

  Stage 2 worker details
    total - active merge worker                              31.452 s
      part 1 - prepare CPE task and reusable buffers            0.880 s
      part 2 - CPE FASTQ formatting and input release           0.289 s
      part 3 - CPE alignment and SAM length pass               29.680 s
      part 4 - assign slices in the shared SAM buffer           0.185 s
      part 5 - CPE SAM record generation                        0.401 s
      part 6 - release temporary worker data                    0.001 s

  Reserved allocator timers (no active timing sites)
    malloc timer                                              0.000 s
    free timer                                                0.000 s
===================================================================

