[M::main_mem] mean insert size: 170.000, stddev: 80.000, max: 500, min: 1
[CPE input] bytes_per_cg=19660800 cg_count=1 chunk_bytes=19660800 file_bytes=3795555588
[MPI rank 000000/000006] input range: records=[0, 1676414) bytes=[0, 632592904)
[MPI rank 000001/000006] input range: records=[1676414, 3341131) bytes=[632592904, 1265185364)
[MPI rank 000003/000006] input range: records=[5005848, 6670566) bytes=[1897777824, 2530370664)
[MPI rank 000004/000006] input range: records=[6670566, 8335283) bytes=[2530370664, 3162963124)
[MPI rank 000005/000006] input range: records=[8335283, 10000000) bytes=[3162963124, 3795555588)
[MPI rank 000002/000006] input range: records=[3341131, 5005848) bytes=[1265185364, 1897777824)
malloc bwt->bwt 3107576584, 0x500008804020
malloc bwt->bwt 3107576584, 0x500008804020
malloc bwt->bwt 3107576584, 0x500008804020
malloc bwt->bwt 3107576584, 0x500008804020
malloc bwt->bwt 3107576584, 0x500008804020
malloc bwt->bwt 3107576584, 0x500008804020
malloc bwt->sa 1553788264, 0x5000c1ba1b40
malloc bwt->sa 1553788264, 0x5000c1ba1b40
malloc bwt->sa 1553788264, 0x5000c1ba1b40
malloc bwt->sa 1553788264, 0x5000c1ba1b40
malloc bwt->sa 1553788264, 0x5000c1ba1b40
malloc bwt->sa 1553788264, 0x5000c1ba1b40
[M::bwa_idx_load_from_disk] read 0 ALT contigs
[M::bwa_idx_load_from_disk] read 0 ALT contigs
[M::bwa_idx_load_from_disk] read 0 ALT contigs
[M::bwa_idx_load_from_disk] read 0 ALT contigs
[M::bwa_idx_load_from_disk] read 0 ALT contigs
[M::bwa_idx_load_from_disk] read 0 ALT contigs
malloc pac 776894131, 0x50011e5708c0
malloc pac 776894131, 0x50011e5708c0
malloc pac 776894131, 0x50011e5708c0
malloc pac 776894131, 0x50011e5708c0
malloc pac 776894131, 0x50011e5708c0
malloc pac 776894131, 0x50011e5708c0
the input file is ../data/bwa_test_big_data/small_SRR7963242_1.fastq
the input file is ../data/bwa_test_big_data/small_SRR7963242_2.fastq
[MPI rank 000000/000006] output: correctness_results/bigdata_mpi_lwpf_off_20260823/mpi_static_single/has1/small_SRR7963242_PE.sam
[MPI rank 000001/000006] output: correctness_results/bigdata_mpi_lwpf_off_20260823/mpi_static_single/has1/small_SRR7963242_PE.sam
[MPI rank 000002/000006] output: correctness_results/bigdata_mpi_lwpf_off_20260823/mpi_static_single/has1/small_SRR7963242_PE.sam
[MPI rank 000003/000006] output: correctness_results/bigdata_mpi_lwpf_off_20260823/mpi_static_single/has1/small_SRR7963242_PE.sam
[MPI rank 000004/000006] output: correctness_results/bigdata_mpi_lwpf_off_20260823/mpi_static_single/has1/small_SRR7963242_PE.sam
[MPI rank 000005/000006] output: correctness_results/bigdata_mpi_lwpf_off_20260823/mpi_static_single/has1/small_SRR7963242_PE.sam
[M::process] read chunk (19660800 bytes/CG x 1 CGs, 19660800 bytes)...
[M::process] read chunk (19660800 bytes/CG x 1 CGs, 19660800 bytes)...
[M::process] read chunk (19660800 bytes/CG x 1 CGs, 19660800 bytes)...
[M::process] read chunk (19660800 bytes/CG x 1 CGs, 19660800 bytes)...
[M::process] read chunk (19660800 bytes/CG x 1 CGs, 19660800 bytes)...
[M::process] read chunk (19660800 bytes/CG x 1 CGs, 19660800 bytes)...
[M::mem_process_seqs_merge2] CPE FASTQ formatting done
[M::mem_process_seqs_merge2] CPE FASTQ formatting done
[M::mem_process_seqs_merge2] CPE FASTQ formatting done
[M::mem_process_seqs_merge2] CPE FASTQ formatting done
[M::mem_process_seqs_merge2] CPE FASTQ formatting done
[M::mem_process_seqs_merge2] CPE FASTQ formatting done
slave pre done
now n is 103474
processed 103474
[M::mem_process_seqs_merge2] Processed 103474 reads in 3.230 CPU sec, 6.988 real sec
slave pre done
now n is 103474
processed 103474
[M::mem_process_seqs_merge2] Processed 103474 reads in 3.610 CPU sec, 7.269 real sec
slave pre done
now n is 103474
[M::process] read chunk (19660800 bytes/CG x 1 CGs, 19660800 bytes)...
processed 103474
[M::mem_process_seqs_merge2] Processed 103474 reads in 3.390 CPU sec, 7.209 real sec
[M::process] read chunk (19660800 bytes/CG x 1 CGs, 19660800 bytes)...
[M::process] read chunk (19660800 bytes/CG x 1 CGs, 19660800 bytes)...
slave pre done
now n is 103474
processed 103474
[M::mem_process_seqs_merge2] Processed 103474 reads in 3.200 CPU sec, 7.339 real sec
slave pre done
now n is 103474
processed 103474
[M::mem_process_seqs_merge2] Processed 103474 reads in 3.080 CPU sec, 7.607 real sec
[M::process] read chunk (19660800 bytes/CG x 1 CGs, 19660800 bytes)...
[M::process] read chunk (19660800 bytes/CG x 1 CGs, 19660800 bytes)...
[M::mem_process_seqs_merge2] CPE FASTQ formatting done
[M::mem_process_seqs_merge2] CPE FASTQ formatting done
[M::mem_process_seqs_merge2] CPE FASTQ formatting done
[M::mem_process_seqs_merge2] CPE FASTQ formatting done
[M::mem_process_seqs_merge2] CPE FASTQ formatting done
slave pre done
now n is 105938
processed 105938
[M::mem_process_seqs_merge2] Processed 105938 reads in 3.000 CPU sec, 10.255 real sec
[M::process] read chunk (19660800 bytes/CG x 1 CGs, 19660800 bytes)...
[M::mem_process_seqs_merge2] CPE FASTQ formatting done
slave pre done
now n is 103474
processed 103474
[M::mem_process_seqs_merge2] Processed 103474 reads in 2.760 CPU sec, 6.912 real sec
slave pre done
now n is 103474
processed 103474
[M::mem_process_seqs_merge2] Processed 103474 reads in 2.920 CPU sec, 6.712 real sec
slave pre done
now n is 103474
processed 103474
[M::mem_process_seqs_merge2] Processed 103474 reads in 2.980 CPU sec, 6.770 real sec
slave pre done
now n is 103474
processed 103474
[M::mem_process_seqs_merge2] Processed 103474 reads in 2.940 CPU sec, 6.990 real sec
slave pre done
now n is 103474
processed 103474
[M::mem_process_seqs_merge2] Processed 103474 reads in 3.010 CPU sec, 7.072 real sec
[M::process] read chunk (19660800 bytes/CG x 1 CGs, 19660800 bytes)...
[M::mem_process_seqs_merge2] CPE FASTQ formatting done
[M::process] read chunk (19660800 bytes/CG x 1 CGs, 19660800 bytes)...
[M::mem_process_seqs_merge2] CPE FASTQ formatting done
[M::process] read chunk (19660800 bytes/CG x 1 CGs, 19660800 bytes)...
slave pre done
now n is 105574
processed 105574
[M::mem_process_seqs_merge2] Processed 105574 reads in 2.800 CPU sec, 8.162 real sec
[M::mem_process_seqs_merge2] CPE FASTQ formatting done
[M::process] read chunk (19660800 bytes/CG x 1 CGs, 19660800 bytes)...
[M::mem_process_seqs_merge2] CPE FASTQ formatting done
[M::process] read chunk (19660800 bytes/CG x 1 CGs, 19660800 bytes)...
[M::mem_process_seqs_merge2] CPE FASTQ formatting done
[M::process] read chunk (19660800 bytes/CG x 1 CGs, 19660800 bytes)...
slave pre done
now n is 103474
processed 103474
[M::mem_process_seqs_merge2] Processed 103474 reads in 2.840 CPU sec, 6.890 real sec
[M::mem_process_seqs_merge2] CPE FASTQ formatting done
[M::process] read chunk (19660800 bytes/CG x 1 CGs, 19660800 bytes)...
[M::mem_process_seqs_merge2] CPE FASTQ formatting done
slave pre done
now n is 103474
processed 103474
[M::mem_process_seqs_merge2] Processed 103474 reads in 3.210 CPU sec, 7.638 real sec
[M::process] read chunk (19660800 bytes/CG x 1 CGs, 19660800 bytes)...
[M::mem_process_seqs_merge2] CPE FASTQ formatting done
slave pre done
now n is 103474
processed 103474
[M::mem_process_seqs_merge2] Processed 103474 reads in 3.010 CPU sec, 7.031 real sec
[M::process] read chunk (19660800 bytes/CG x 1 CGs, 19660800 bytes)...
[M::mem_process_seqs_merge2] CPE FASTQ formatting done
slave pre done
now n is 103474
processed 103474
[M::mem_process_seqs_merge2] Processed 103474 reads in 2.900 CPU sec, 7.180 real sec
[M::process] read chunk (19660800 bytes/CG x 1 CGs, 19660800 bytes)...
[M::mem_process_seqs_merge2] CPE FASTQ formatting done
slave pre done
now n is 103474
processed 103474
[M::mem_process_seqs_merge2] Processed 103474 reads in 3.030 CPU sec, 6.613 real sec
[M::process] read chunk (19660800 bytes/CG x 1 CGs, 19660800 bytes)...
[M::mem_process_seqs_merge2] CPE FASTQ formatting done
slave pre done
now n is 103474
processed 103474
[M::mem_process_seqs_merge2] Processed 103474 reads in 2.970 CPU sec, 6.579 real sec
slave pre done
now n is 104574
processed 104574
[M::mem_process_seqs_merge2] Processed 104574 reads in 2.640 CPU sec, 8.603 real sec
[M::process] read chunk (19660800 bytes/CG x 1 CGs, 19660800 bytes)...
[M::process] read chunk (19660800 bytes/CG x 1 CGs, 19660800 bytes)...
[M::mem_process_seqs_merge2] CPE FASTQ formatting done
[M::mem_process_seqs_merge2] CPE FASTQ formatting done
slave pre done
now n is 103474
processed 103474
[M::mem_process_seqs_merge2] Processed 103474 reads in 2.920 CPU sec, 6.835 real sec
slave pre done
now n is 103474
processed 103474
[M::mem_process_seqs_merge2] Processed 103474 reads in 3.190 CPU sec, 7.616 real sec
[M::process] read chunk (19660800 bytes/CG x 1 CGs, 19660800 bytes)...
slave pre done
now n is 103474
processed 103474
[M::mem_process_seqs_merge2] Processed 103474 reads in 3.000 CPU sec, 6.996 real sec
[M::mem_process_seqs_merge2] CPE FASTQ formatting done
slave pre done
now n is 103474
processed 103474
[M::mem_process_seqs_merge2] Processed 103474 reads in 3.250 CPU sec, 6.866 real sec
[M::process] read chunk (19660800 bytes/CG x 1 CGs, 19660800 bytes)...
[M::mem_process_seqs_merge2] CPE FASTQ formatting done
[M::process] read chunk (19660800 bytes/CG x 1 CGs, 19660800 bytes)...
[M::mem_process_seqs_merge2] CPE FASTQ formatting done
slave pre done
now n is 103474
processed 103474
[M::mem_process_seqs_merge2] Processed 103474 reads in 3.080 CPU sec, 6.858 real sec
[M::process] read chunk (19660800 bytes/CG x 1 CGs, 19660800 bytes)...
[M::mem_process_seqs_merge2] CPE FASTQ formatting done
slave pre done
now n is 104574
processed 104574
[M::mem_process_seqs_merge2] Processed 104574 reads in 2.700 CPU sec, 8.119 real sec
[M::process] read chunk (19660800 bytes/CG x 1 CGs, 19660800 bytes)...
[M::mem_process_seqs_merge2] CPE FASTQ formatting done
slave pre done
now n is 103474
processed 103474
[M::mem_process_seqs_merge2] Processed 103474 reads in 2.840 CPU sec, 6.881 real sec
[M::process] read chunk (19660800 bytes/CG x 1 CGs, 19660800 bytes)...
[M::mem_process_seqs_merge2] CPE FASTQ formatting done
slave pre done
now n is 103474
processed 103474
[M::mem_process_seqs_merge2] Processed 103474 reads in 3.110 CPU sec, 6.993 real sec
[M::process] read chunk (19660800 bytes/CG x 1 CGs, 19660800 bytes)...
[M::mem_process_seqs_merge2] CPE FASTQ formatting done
slave pre done
now n is 103474
processed 103474
[M::mem_process_seqs_merge2] Processed 103474 reads in 2.870 CPU sec, 6.914 real sec
[M::process] read chunk (19660800 bytes/CG x 1 CGs, 19660800 bytes)...
[M::mem_process_seqs_merge2] CPE FASTQ formatting done
[M::process] read chunk (19660800 bytes/CG x 1 CGs, 19660800 bytes)...
slave pre done
now n is 103474
processed 103474
[M::mem_process_seqs_merge2] Processed 103474 reads in 3.330 CPU sec, 7.073 real sec
[M::mem_process_seqs_merge2] CPE FASTQ formatting done
slave pre done
now n is 103474
processed 103474
[M::mem_process_seqs_merge2] Processed 103474 reads in 2.900 CPU sec, 6.712 real sec
[M::process] read chunk (19660800 bytes/CG x 1 CGs, 19660800 bytes)...
[M::mem_process_seqs_merge2] CPE FASTQ formatting done
[M::process] read chunk (19660800 bytes/CG x 1 CGs, 19660800 bytes)...
[M::mem_process_seqs_merge2] CPE FASTQ formatting done
slave pre done
now n is 104574
processed 104574
[M::mem_process_seqs_merge2] Processed 104574 reads in 2.640 CPU sec, 8.303 real sec
slave pre done
now n is 103474
processed 103474
[M::mem_process_seqs_merge2] Processed 103474 reads in 3.270 CPU sec, 6.933 real sec
[M::process] read chunk (19660800 bytes/CG x 1 CGs, 19660800 bytes)...
[M::mem_process_seqs_merge2] CPE FASTQ formatting done
[M::process] read chunk (19660800 bytes/CG x 1 CGs, 19660800 bytes)...
slave pre done
now n is 103474
processed 103474
[M::mem_process_seqs_merge2] Processed 103474 reads in 3.280 CPU sec, 7.384 real sec
[M::mem_process_seqs_merge2] CPE FASTQ formatting done
[M::process] read chunk (19660800 bytes/CG x 1 CGs, 19660800 bytes)...
[M::mem_process_seqs_merge2] CPE FASTQ formatting done
slave pre done
now n is 103474
processed 103474
[M::mem_process_seqs_merge2] Processed 103474 reads in 3.010 CPU sec, 6.649 real sec
[M::process] read chunk (19660800 bytes/CG x 1 CGs, 19660800 bytes)...
[M::mem_process_seqs_merge2] CPE FASTQ formatting done
slave pre done
now n is 103474
processed 103474
[M::mem_process_seqs_merge2] Processed 103474 reads in 3.350 CPU sec, 6.958 real sec
slave pre done
now n is 103474
processed 103474
[M::mem_process_seqs_merge2] Processed 103474 reads in 3.210 CPU sec, 6.669 real sec
[M::process] read chunk (19660800 bytes/CG x 1 CGs, 19660800 bytes)...
[M::mem_process_seqs_merge2] CPE FASTQ formatting done
[M::process] read chunk (19660800 bytes/CG x 1 CGs, 19660800 bytes)...
[M::mem_process_seqs_merge2] CPE FASTQ formatting done
slave pre done
now n is 103474
processed 103474
[M::mem_process_seqs_merge2] Processed 103474 reads in 4.270 CPU sec, 6.882 real sec
[M::process] read chunk (19660800 bytes/CG x 1 CGs, 19660800 bytes)...
[M::mem_process_seqs_merge2] CPE FASTQ formatting done
slave pre done
now n is 103474
processed 103474
[M::mem_process_seqs_merge2] Processed 103474 reads in 3.700 CPU sec, 7.542 real sec
slave pre done
now n is 104574
processed 104574
[M::mem_process_seqs_merge2] Processed 104574 reads in 2.930 CPU sec, 8.204 real sec
[M::process] read chunk (19660800 bytes/CG x 1 CGs, 19660800 bytes)...
slave pre done
now n is 103474
processed 103474
[M::mem_process_seqs_merge2] Processed 103474 reads in 2.850 CPU sec, 7.160 real sec
[M::mem_process_seqs_merge2] CPE FASTQ formatting done
[M::process] read chunk (19660800 bytes/CG x 1 CGs, 19660800 bytes)...
[M::mem_process_seqs_merge2] CPE FASTQ formatting done
slave pre done
now n is 103474
processed 103474
[M::mem_process_seqs_merge2] Processed 103474 reads in 3.160 CPU sec, 6.913 real sec
[M::process] read chunk (19660800 bytes/CG x 1 CGs, 19660800 bytes)...
slave pre done
now n is 103474
processed 103474
[M::mem_process_seqs_merge2] Processed 103474 reads in 2.950 CPU sec, 6.583 real sec
[M::mem_process_seqs_merge2] CPE FASTQ formatting done
[M::process] read chunk (19660800 bytes/CG x 1 CGs, 19660800 bytes)...
[M::mem_process_seqs_merge2] CPE FASTQ formatting done
[M::process] read chunk (19660800 bytes/CG x 1 CGs, 19660800 bytes)...
[M::mem_process_seqs_merge2] CPE FASTQ formatting done
slave pre done
now n is 103474
processed 103474
[M::mem_process_seqs_merge2] Processed 103474 reads in 4.640 CPU sec, 7.391 real sec
slave pre done
now n is 104574
processed 104574
[M::mem_process_seqs_merge2] Processed 104574 reads in 2.480 CPU sec, 7.047 real sec
[M::process] read chunk (19660800 bytes/CG x 1 CGs, 19660800 bytes)...
[M::mem_process_seqs_merge2] CPE FASTQ formatting done
[M::process] read chunk (19660800 bytes/CG x 1 CGs, 19660800 bytes)...
slave pre done
now n is 103474
processed 103474
[M::mem_process_seqs_merge2] Processed 103474 reads in 3.540 CPU sec, 7.878 real sec
[M::mem_process_seqs_merge2] CPE FASTQ formatting done
slave pre done
now n is 103474
processed 103474
[M::mem_process_seqs_merge2] Processed 103474 reads in 2.830 CPU sec, 6.820 real sec
[M::process] read chunk (19660800 bytes/CG x 1 CGs, 19660800 bytes)...
[M::mem_process_seqs_merge2] CPE FASTQ formatting done
slave pre done
now n is 103474
processed 103474
[M::mem_process_seqs_merge2] Processed 103474 reads in 3.360 CPU sec, 6.995 real sec
[M::process] read chunk (19660800 bytes/CG x 1 CGs, 19660800 bytes)...
[M::mem_process_seqs_merge2] CPE FASTQ formatting done
slave pre done
now n is 103474
processed 103474
[M::mem_process_seqs_merge2] Processed 103474 reads in 2.980 CPU sec, 7.119 real sec
[M::process] read chunk (19660800 bytes/CG x 1 CGs, 19660800 bytes)...
[M::mem_process_seqs_merge2] CPE FASTQ formatting done
[M::process] read chunk (19660800 bytes/CG x 1 CGs, 19660800 bytes)...
[M::mem_process_seqs_merge2] CPE FASTQ formatting done
slave pre done
now n is 103474
processed 103474
[M::mem_process_seqs_merge2] Processed 103474 reads in 3.440 CPU sec, 7.156 real sec
[M::process] read chunk (19660800 bytes/CG x 1 CGs, 19660800 bytes)...
[M::mem_process_seqs_merge2] CPE FASTQ formatting done
slave pre done
now n is 104574
processed 104574
[M::mem_process_seqs_merge2] Processed 104574 reads in 2.780 CPU sec, 7.484 real sec
[M::process] read chunk (19660800 bytes/CG x 1 CGs, 19660800 bytes)...
slave pre done
now n is 103474
processed 103474
[M::mem_process_seqs_merge2] Processed 103474 reads in 3.450 CPU sec, 7.233 real sec
[M::process] read chunk (19660800 bytes/CG x 1 CGs, 19660800 bytes)...
[M::mem_process_seqs_merge2] CPE FASTQ formatting done
[M::mem_process_seqs_merge2] CPE FASTQ formatting done
slave pre done
now n is 103474
processed 103474
[M::mem_process_seqs_merge2] Processed 103474 reads in 3.010 CPU sec, 7.008 real sec
[M::process] read chunk (19660800 bytes/CG x 1 CGs, 19660800 bytes)...
[M::mem_process_seqs_merge2] CPE FASTQ formatting done
slave pre done
now n is 103474
processed 103474
[M::mem_process_seqs_merge2] Processed 103474 reads in 2.900 CPU sec, 7.047 real sec
slave pre done
now n is 103474
processed 103474
[M::mem_process_seqs_merge2] Processed 103474 reads in 3.050 CPU sec, 6.778 real sec
[M::process] read chunk (19660800 bytes/CG x 1 CGs, 19660800 bytes)...
[M::mem_process_seqs_merge2] CPE FASTQ formatting done
[M::process] read chunk (19660800 bytes/CG x 1 CGs, 19660800 bytes)...
slave pre done
now n is 103474
processed 103474
[M::mem_process_seqs_merge2] Processed 103474 reads in 3.390 CPU sec, 6.850 real sec
[M::mem_process_seqs_merge2] CPE FASTQ formatting done
[M::process] read chunk (19660800 bytes/CG x 1 CGs, 19660800 bytes)...
[M::mem_process_seqs_merge2] CPE FASTQ formatting done
slave pre done
now n is 104574
processed 104574
[M::mem_process_seqs_merge2] Processed 104574 reads in 2.860 CPU sec, 7.103 real sec
[M::process] read chunk (19660800 bytes/CG x 1 CGs, 19660800 bytes)...
[M::mem_process_seqs_merge2] CPE FASTQ formatting done
slave pre done
now n is 103474
processed 103474
[M::mem_process_seqs_merge2] Processed 103474 reads in 3.950 CPU sec, 7.604 real sec
slave pre done
now n is 103474
processed 103474
[M::mem_process_seqs_merge2] Processed 103474 reads in 3.030 CPU sec, 6.865 real sec
[M::process] read chunk (19660800 bytes/CG x 1 CGs, 19660800 bytes)...
[M::mem_process_seqs_merge2] CPE FASTQ formatting done
slave pre done
now n is 103474
processed 103474
[M::mem_process_seqs_merge2] Processed 103474 reads in 3.290 CPU sec, 6.949 real sec
[M::process] read chunk (19660800 bytes/CG x 1 CGs, 19660800 bytes)...
slave pre done
now n is 103474
processed 103474
[M::mem_process_seqs_merge2] Processed 103474 reads in 2.940 CPU sec, 6.807 real sec
[M::mem_process_seqs_merge2] CPE FASTQ formatting done
[M::process] read chunk (19660800 bytes/CG x 1 CGs, 19660800 bytes)...
slave pre done
now n is 103474
[M::mem_process_seqs_merge2] CPE FASTQ formatting done
processed 103474
[M::mem_process_seqs_merge2] Processed 103474 reads in 3.070 CPU sec, 6.657 real sec
[M::process] read chunk (19660800 bytes/CG x 1 CGs, 19660800 bytes)...
[M::mem_process_seqs_merge2] CPE FASTQ formatting done
[M::process] read chunk (19660800 bytes/CG x 1 CGs, 19660800 bytes)...
slave pre done
now n is 104574
processed 104574
[M::mem_process_seqs_merge2] Processed 104574 reads in 2.970 CPU sec, 7.428 real sec
[M::mem_process_seqs_merge2] CPE FASTQ formatting done
[M::process] read chunk (19660800 bytes/CG x 1 CGs, 19660800 bytes)...
[M::mem_process_seqs_merge2] CPE FASTQ formatting done
slave pre done
now n is 103474
processed 103474
[M::mem_process_seqs_merge2] Processed 103474 reads in 4.810 CPU sec, 7.307 real sec
slave pre done
now n is 103474
processed 103474
[M::mem_process_seqs_merge2] Processed 103474 reads in 3.020 CPU sec, 6.763 real sec
[M::process] read chunk (19660800 bytes/CG x 1 CGs, 19660800 bytes)...
[M::mem_process_seqs_merge2] CPE FASTQ formatting done
[M::process] read chunk (19660800 bytes/CG x 1 CGs, 19660800 bytes)...
slave pre done
now n is 103474
processed 103474
[M::mem_process_seqs_merge2] Processed 103474 reads in 3.340 CPU sec, 7.320 real sec
[M::mem_process_seqs_merge2] CPE FASTQ formatting done
slave pre done
now n is 103474
processed 103474
[M::mem_process_seqs_merge2] Processed 103474 reads in 3.090 CPU sec, 6.746 real sec
[M::process] read chunk (19660800 bytes/CG x 1 CGs, 19660800 bytes)...
[M::mem_process_seqs_merge2] CPE FASTQ formatting done
[M::process] read chunk (19660800 bytes/CG x 1 CGs, 19660800 bytes)...
[M::mem_process_seqs_merge2] CPE FASTQ formatting done
slave pre done
now n is 103474
processed 103474
[M::mem_process_seqs_merge2] Processed 103474 reads in 3.180 CPU sec, 7.175 real sec
[M::process] read chunk (19660800 bytes/CG x 1 CGs, 19660800 bytes)...
[M::mem_process_seqs_merge2] CPE FASTQ formatting done
slave pre done
now n is 104574
processed 104574
[M::mem_process_seqs_merge2] Processed 104574 reads in 2.780 CPU sec, 7.704 real sec
slave pre done
now n is 103474
processed 103474
[M::mem_process_seqs_merge2] Processed 103474 reads in 4.790 CPU sec, 6.713 real sec
[M::process] read chunk (19660800 bytes/CG x 1 CGs, 19660800 bytes)...
[M::process] read chunk (19660800 bytes/CG x 1 CGs, 19660800 bytes)...
[M::mem_process_seqs_merge2] CPE FASTQ formatting done
[M::mem_process_seqs_merge2] CPE FASTQ formatting done
slave pre done
now n is 103474
processed 103474
[M::mem_process_seqs_merge2] Processed 103474 reads in 3.150 CPU sec, 7.127 real sec
[M::process] read chunk (19660800 bytes/CG x 1 CGs, 19660800 bytes)...
[M::mem_process_seqs_merge2] CPE FASTQ formatting done
slave pre done
now n is 103474
processed 103474
[M::mem_process_seqs_merge2] Processed 103474 reads in 3.160 CPU sec, 7.223 real sec
slave pre done
now n is 103474
processed 103474
[M::mem_process_seqs_merge2] Processed 103474 reads in 3.370 CPU sec, 6.960 real sec
[M::process] read chunk (19660800 bytes/CG x 1 CGs, 19660800 bytes)...
slave pre done
now n is 103474
processed 103474
[M::mem_process_seqs_merge2] Processed 103474 reads in 2.750 CPU sec, 6.727 real sec
[M::mem_process_seqs_merge2] CPE FASTQ formatting done
[M::process] read chunk (19660800 bytes/CG x 1 CGs, 19660800 bytes)...
[M::mem_process_seqs_merge2] CPE FASTQ formatting done
[M::process] read chunk (19660800 bytes/CG x 1 CGs, 19660800 bytes)...
[M::mem_process_seqs_merge2] CPE FASTQ formatting done
slave pre done
now n is 103474
processed 103474
[M::mem_process_seqs_merge2] Processed 103474 reads in 3.060 CPU sec, 7.322 real sec
slave pre done
now n is 104574
processed 104574
[M::mem_process_seqs_merge2] Processed 104574 reads in 2.650 CPU sec, 7.364 real sec
[M::process] read chunk (19660800 bytes/CG x 1 CGs, 19660800 bytes)...
[M::mem_process_seqs_merge2] CPE FASTQ formatting done
slave pre done
now n is 103474
processed 103474
[M::mem_process_seqs_merge2] Processed 103474 reads in 3.160 CPU sec, 6.951 real sec
[M::process] read chunk (19660800 bytes/CG x 1 CGs, 19660800 bytes)...
[M::mem_process_seqs_merge2] CPE FASTQ formatting done
[M::process] read chunk (19660800 bytes/CG x 1 CGs, 19660800 bytes)...
slave pre done
now n is 103474
processed 103474
[M::mem_process_seqs_merge2] Processed 103474 reads in 3.270 CPU sec, 6.939 real sec
[M::mem_process_seqs_merge2] CPE FASTQ formatting done
slave pre done
now n is 103474
processed 103474
[M::mem_process_seqs_merge2] Processed 103474 reads in 2.660 CPU sec, 6.955 real sec
[M::process] read chunk (19660800 bytes/CG x 1 CGs, 19660800 bytes)...
[M::mem_process_seqs_merge2] CPE FASTQ formatting done
[M::process] read chunk (19660800 bytes/CG x 1 CGs, 19660800 bytes)...
slave pre done
now n is 103474
processed 103474
[M::mem_process_seqs_merge2] Processed 103474 reads in 3.100 CPU sec, 7.212 real sec
[M::mem_process_seqs_merge2] CPE FASTQ formatting done
[M::process] read chunk (19660800 bytes/CG x 1 CGs, 19660800 bytes)...
slave pre done
now n is 104574
processed 104574
[M::mem_process_seqs_merge2] Processed 104574 reads in 2.760 CPU sec, 7.186 real sec
[M::mem_process_seqs_merge2] CPE FASTQ formatting done
[M::process] read chunk (19660800 bytes/CG x 1 CGs, 19660800 bytes)...
slave pre done
now n is 103474
processed 103474
[M::mem_process_seqs_merge2] Processed 103474 reads in 3.120 CPU sec, 7.484 real sec
[M::mem_process_seqs_merge2] CPE FASTQ formatting done
slave pre done
now n is 103474
processed 103474
[M::mem_process_seqs_merge2] Processed 103474 reads in 2.790 CPU sec, 6.843 real sec
[M::process] read chunk (19660800 bytes/CG x 1 CGs, 19660800 bytes)...
[M::mem_process_seqs_merge2] CPE FASTQ formatting done
slave pre done
now n is 103474
processed 103474
[M::mem_process_seqs_merge2] Processed 103474 reads in 3.510 CPU sec, 6.852 real sec
[M::process] read chunk (19660800 bytes/CG x 1 CGs, 19660800 bytes)...
[M::mem_process_seqs_merge2] CPE FASTQ formatting done
[M::process] read chunk (19660800 bytes/CG x 1 CGs, 19660800 bytes)...
slave pre done
now n is 103474
processed 103474
[M::mem_process_seqs_merge2] Processed 103474 reads in 3.000 CPU sec, 7.407 real sec
[M::process] read chunk (19660800 bytes/CG x 1 CGs, 19660800 bytes)...
[M::mem_process_seqs_merge2] CPE FASTQ formatting done
[M::mem_process_seqs_merge2] CPE FASTQ formatting done
slave pre done
now n is 103474
processed 103474
[M::mem_process_seqs_merge2] Processed 103474 reads in 2.880 CPU sec, 7.100 real sec
[M::process] read chunk (19660800 bytes/CG x 1 CGs, 19660800 bytes)...
[M::mem_process_seqs_merge2] CPE FASTQ formatting done
slave pre done
now n is 104574
processed 104574
[M::mem_process_seqs_merge2] Processed 104574 reads in 2.890 CPU sec, 7.292 real sec
[M::process] read chunk (19660800 bytes/CG x 1 CGs, 19660800 bytes)...
[M::mem_process_seqs_merge2] CPE FASTQ formatting done
slave pre done
now n is 103474
processed 103474
[M::mem_process_seqs_merge2] Processed 103474 reads in 3.320 CPU sec, 7.486 real sec
[M::process] read chunk (19660800 bytes/CG x 1 CGs, 19660800 bytes)...
slave pre done
now n is 103474
processed 103474
[M::mem_process_seqs_merge2] Processed 103474 reads in 3.040 CPU sec, 6.695 real sec
[M::mem_process_seqs_merge2] CPE FASTQ formatting done
[M::process] read chunk (19660800 bytes/CG x 1 CGs, 19660800 bytes)...
[M::mem_process_seqs_merge2] CPE FASTQ formatting done
slave pre done
now n is 103474
processed 103474
[M::mem_process_seqs_merge2] Processed 103474 reads in 3.130 CPU sec, 6.702 real sec
slave pre done
now n is 103474
processed 103474
[M::mem_process_seqs_merge2] Processed 103474 reads in 3.300 CPU sec, 7.230 real sec
[M::process] read chunk (19660800 bytes/CG x 1 CGs, 19660800 bytes)...
[M::mem_process_seqs_merge2] CPE FASTQ formatting done
slave pre done
now n is 103474
processed 103474
[M::mem_process_seqs_merge2] Processed 103474 reads in 2.920 CPU sec, 6.879 real sec
[M::process] read chunk (19660800 bytes/CG x 1 CGs, 19660800 bytes)...
[M::mem_process_seqs_merge2] CPE FASTQ formatting done
[M::process] read chunk (19660800 bytes/CG x 1 CGs, 19660800 bytes)...
[M::mem_process_seqs_merge2] CPE FASTQ formatting done
slave pre done
now n is 104574
processed 104574
[M::mem_process_seqs_merge2] Processed 104574 reads in 2.840 CPU sec, 7.235 real sec
[M::process] read chunk (19660800 bytes/CG x 1 CGs, 19660800 bytes)...
[M::mem_process_seqs_merge2] CPE FASTQ formatting done
slave pre done
now n is 103474
processed 103474
[M::mem_process_seqs_merge2] Processed 103474 reads in 3.480 CPU sec, 7.229 real sec
slave pre done
now n is 103474
processed 103474
[M::mem_process_seqs_merge2] Processed 103474 reads in 2.980 CPU sec, 6.930 real sec
[M::process] read chunk (19660800 bytes/CG x 1 CGs, 19660800 bytes)...
[M::mem_process_seqs_merge2] CPE FASTQ formatting done
[M::process] read chunk (19660800 bytes/CG x 1 CGs, 19660800 bytes)...
slave pre done
now n is 103474
processed 103474
[M::mem_process_seqs_merge2] Processed 103474 reads in 3.310 CPU sec, 7.035 real sec
[M::mem_process_seqs_merge2] CPE FASTQ formatting done
[M::process] read chunk (19660800 bytes/CG x 1 CGs, 19660800 bytes)...
slave pre done
now n is 103474
processed 103474
[M::mem_process_seqs_merge2] Processed 103474 reads in 3.300 CPU sec, 7.550 real sec
[M::mem_process_seqs_merge2] CPE FASTQ formatting done
slave pre done
now n is 103474
processed 103474
[M::mem_process_seqs_merge2] Processed 103474 reads in 3.090 CPU sec, 7.077 real sec
[M::process] read chunk (19660800 bytes/CG x 1 CGs, 19660800 bytes)...
[M::mem_process_seqs_merge2] CPE FASTQ formatting done
slave pre done
now n is 104574
processed 104574
[M::mem_process_seqs_merge2] Processed 104574 reads in 2.770 CPU sec, 6.915 real sec
[M::process] read chunk (19660800 bytes/CG x 1 CGs, 19660800 bytes)...
[M::mem_process_seqs_merge2] CPE FASTQ formatting done
[M::process] read chunk (19660800 bytes/CG x 1 CGs, 19660800 bytes)...
slave pre done
now n is 103474
processed 103474
[M::mem_process_seqs_merge2] Processed 103474 reads in 3.310 CPU sec, 7.492 real sec
[M::mem_process_seqs_merge2] CPE FASTQ formatting done
slave pre done
now n is 103474
processed 103474
[M::mem_process_seqs_merge2] Processed 103474 reads in 3.030 CPU sec, 6.908 real sec
[M::process] read chunk (19660800 bytes/CG x 1 CGs, 19660800 bytes)...
[M::mem_process_seqs_merge2] CPE FASTQ formatting done
[M::process] read chunk (19660800 bytes/CG x 1 CGs, 19660800 bytes)...
slave pre done
now n is 103474
processed 103474
[M::mem_process_seqs_merge2] Processed 103474 reads in 3.400 CPU sec, 7.272 real sec
[M::mem_process_seqs_merge2] CPE FASTQ formatting done
slave pre done
now n is 103474
[M::process] read chunk (19660800 bytes/CG x 1 CGs, 19660800 bytes)...
processed 103474
[M::mem_process_seqs_merge2] Processed 103474 reads in 3.000 CPU sec, 7.198 real sec
[M::process] read chunk (19660800 bytes/CG x 1 CGs, 19660800 bytes)...
[M::mem_process_seqs_merge2] CPE FASTQ formatting done
[M::mem_process_seqs_merge2] CPE FASTQ formatting done
slave pre done
now n is 103474
processed 103474
[M::mem_process_seqs_merge2] Processed 103474 reads in 3.100 CPU sec, 7.022 real sec
[M::process] read chunk (19660800 bytes/CG x 1 CGs, 19660800 bytes)...
[M::mem_process_seqs_merge2] CPE FASTQ formatting done
slave pre done
now n is 104574
processed 104574
[M::mem_process_seqs_merge2] Processed 104574 reads in 2.840 CPU sec, 7.140 real sec
[M::process] read chunk (19660800 bytes/CG x 1 CGs, 19660800 bytes)...
[M::mem_process_seqs_merge2] CPE FASTQ formatting done
slave pre done
now n is 103474
processed 103474
[M::mem_process_seqs_merge2] Processed 103474 reads in 3.460 CPU sec, 7.943 real sec
[M::process] read chunk (19660800 bytes/CG x 1 CGs, 19660800 bytes)...
slave pre done
now n is 103474
processed 103474
[M::mem_process_seqs_merge2] Processed 103474 reads in 2.940 CPU sec, 6.778 real sec
[M::process] read chunk (19660800 bytes/CG x 1 CGs, 19660800 bytes)...
[M::mem_process_seqs_merge2] CPE FASTQ formatting done
[M::mem_process_seqs_merge2] CPE FASTQ formatting done
slave pre done
now n is 103474
processed 103474
[M::mem_process_seqs_merge2] Processed 103474 reads in 2.960 CPU sec, 6.924 real sec
[M::process] read chunk (19660800 bytes/CG x 1 CGs, 19660800 bytes)...
slave pre done
now n is 103474
processed 103474
[M::mem_process_seqs_merge2] Processed 103474 reads in 2.950 CPU sec, 7.051 real sec
[M::mem_process_seqs_merge2] CPE FASTQ formatting done
slave pre done
now n is 103474
processed 103474
[M::mem_process_seqs_merge2] Processed 103474 reads in 2.910 CPU sec, 7.032 real sec
[M::process] read chunk (19660800 bytes/CG x 1 CGs, 19660800 bytes)...
[M::mem_process_seqs_merge2] CPE FASTQ formatting done
[M::process] read chunk (19660800 bytes/CG x 1 CGs, 19660800 bytes)...
[M::mem_process_seqs_merge2] CPE FASTQ formatting done
slave pre done
now n is 104574
processed 104574
[M::mem_process_seqs_merge2] Processed 104574 reads in 2.540 CPU sec, 7.202 real sec
[M::process] read chunk (19660800 bytes/CG x 1 CGs, 19660800 bytes)...
[M::mem_process_seqs_merge2] CPE FASTQ formatting done
slave pre done
now n is 103474
processed 103474
[M::mem_process_seqs_merge2] Processed 103474 reads in 3.400 CPU sec, 7.206 real sec
slave pre done
now n is 103474
processed 103474
[M::mem_process_seqs_merge2] Processed 103474 reads in 3.010 CPU sec, 7.219 real sec
[M::process] read chunk (19660800 bytes/CG x 1 CGs, 19660800 bytes)...
[M::mem_process_seqs_merge2] CPE FASTQ formatting done
slave pre done
now n is 103474
processed 103474
[M::mem_process_seqs_merge2] Processed 103474 reads in 3.300 CPU sec, 7.169 real sec
[M::process] read chunk (19660800 bytes/CG x 1 CGs, 19660800 bytes)...
slave pre done
now n is 103474
[M::mem_process_seqs_merge2] CPE FASTQ formatting done
processed 103474
[M::mem_process_seqs_merge2] Processed 103474 reads in 3.070 CPU sec, 6.757 real sec
[M::process] read chunk (19660800 bytes/CG x 1 CGs, 19660800 bytes)...
[M::mem_process_seqs_merge2] CPE FASTQ formatting done
slave pre done
now n is 103474
processed 103474
[M::mem_process_seqs_merge2] Processed 103474 reads in 3.040 CPU sec, 6.872 real sec
[M::process] read chunk (19660800 bytes/CG x 1 CGs, 19660800 bytes)...
slave pre done
now n is 104574
processed 104574
[M::mem_process_seqs_merge2] Processed 104574 reads in 2.510 CPU sec, 6.878 real sec
[M::mem_process_seqs_merge2] CPE FASTQ formatting done
[M::process] read chunk (19660800 bytes/CG x 1 CGs, 19660800 bytes)...
[M::mem_process_seqs_merge2] CPE FASTQ formatting done
[M::process] read chunk (19660800 bytes/CG x 1 CGs, 19660800 bytes)...
[M::mem_process_seqs_merge2] CPE FASTQ formatting done
slave pre done
now n is 103474
processed 103474
[M::mem_process_seqs_merge2] Processed 103474 reads in 3.280 CPU sec, 7.372 real sec
slave pre done
now n is 103474
processed 103474
[M::mem_process_seqs_merge2] Processed 103474 reads in 3.050 CPU sec, 6.923 real sec
[M::process] read chunk (19660800 bytes/CG x 1 CGs, 19660800 bytes)...
[M::mem_process_seqs_merge2] CPE FASTQ formatting done
slave pre done
now n is 103474
processed 103474
[M::mem_process_seqs_merge2] Processed 103474 reads in 3.530 CPU sec, 7.197 real sec
[M::process] read chunk (19660800 bytes/CG x 1 CGs, 19660800 bytes)...
slave pre done
now n is 103474
processed 103474
[M::mem_process_seqs_merge2] Processed 103474 reads in 3.140 CPU sec, 6.987 real sec
[M::mem_process_seqs_merge2] CPE FASTQ formatting done
[M::process] read chunk (19660800 bytes/CG x 1 CGs, 19660800 bytes)...
[M::mem_process_seqs_merge2] CPE FASTQ formatting done
[M::process] read chunk (19660800 bytes/CG x 1 CGs, 19660800 bytes)...
[M::mem_process_seqs_merge2] CPE FASTQ formatting done
slave pre done
now n is 103474
processed 103474
[M::mem_process_seqs_merge2] Processed 103474 reads in 3.160 CPU sec, 7.399 real sec
[M::process] read chunk (19660800 bytes/CG x 1 CGs, 19660800 bytes)...
[M::mem_process_seqs_merge2] CPE FASTQ formatting done
slave pre done
now n is 103586
processed 103586
[M::mem_process_seqs_merge2] Processed 103586 reads in 2.600 CPU sec, 6.987 real sec
[M::process] read chunk (19660800 bytes/CG x 1 CGs, 19660800 bytes)...
[M::mem_process_seqs_merge2] CPE FASTQ formatting done
slave pre done
now n is 103474
processed 103474
[M::mem_process_seqs_merge2] Processed 103474 reads in 2.820 CPU sec, 6.973 real sec
[M::process] read chunk (19660800 bytes/CG x 1 CGs, 19660800 bytes)...
[M::mem_process_seqs_merge2] CPE FASTQ formatting done
slave pre done
now n is 103474
processed 103474
[M::mem_process_seqs_merge2] Processed 103474 reads in 3.320 CPU sec, 7.289 real sec
[M::process] read chunk (19660800 bytes/CG x 1 CGs, 19660800 bytes)...
slave pre done
now n is 103474
processed 103474
[M::mem_process_seqs_merge2] Processed 103474 reads in 3.020 CPU sec, 6.799 real sec
[M::mem_process_seqs_merge2] CPE FASTQ formatting done
slave pre done
now n is 103474
processed 103474
[M::mem_process_seqs_merge2] Processed 103474 reads in 3.430 CPU sec, 7.266 real sec
[M::process] read chunk (19660800 bytes/CG x 1 CGs, 19660800 bytes)...
[M::process] read chunk (19660800 bytes/CG x 1 CGs, 19660800 bytes)...
[M::mem_process_seqs_merge2] CPE FASTQ formatting done
slave pre done
now n is 103474
processed 103474
[M::mem_process_seqs_merge2] Processed 103474 reads in 2.980 CPU sec, 7.099 real sec
[M::mem_process_seqs_merge2] CPE FASTQ formatting done
[M::process] read chunk (19660800 bytes/CG x 1 CGs, 19660800 bytes)...
[M::mem_process_seqs_merge2] CPE FASTQ formatting done
slave pre done
now n is 103474
processed 103474
[M::mem_process_seqs_merge2] Processed 103474 reads in 2.790 CPU sec, 7.198 real sec
[M::process] read chunk (19660800 bytes/CG x 1 CGs, 19660800 bytes)...
[M::mem_process_seqs_merge2] CPE FASTQ formatting done
slave pre done
now n is 103474
processed 103474
[M::mem_process_seqs_merge2] Processed 103474 reads in 3.030 CPU sec, 6.847 real sec
[M::process] read chunk (19660800 bytes/CG x 1 CGs, 19660800 bytes)...
[M::mem_process_seqs_merge2] CPE FASTQ formatting done
slave pre done
now n is 103474
processed 103474
[M::mem_process_seqs_merge2] Processed 103474 reads in 2.730 CPU sec, 7.161 real sec
[M::process] read chunk (19660800 bytes/CG x 1 CGs, 19660800 bytes)...
slave pre done
now n is 103474
processed 103474
[M::mem_process_seqs_merge2] Processed 103474 reads in 3.430 CPU sec, 7.585 real sec
slave pre done
now n is 103474
[M::mem_process_seqs_merge2] CPE FASTQ formatting done
processed 103474
[M::mem_process_seqs_merge2] Processed 103474 reads in 2.930 CPU sec, 7.220 real sec
[M::process] read chunk (19660800 bytes/CG x 1 CGs, 19660800 bytes)...
[M::mem_process_seqs_merge2] CPE FASTQ formatting done
[M::process] read chunk (19660800 bytes/CG x 1 CGs, 19660800 bytes)...
slave pre done
now n is 103474
processed 103474
[M::mem_process_seqs_merge2] Processed 103474 reads in 3.080 CPU sec, 7.021 real sec
[M::process] read chunk (19660800 bytes/CG x 1 CGs, 19660800 bytes)...
[M::mem_process_seqs_merge2] CPE FASTQ formatting done
[M::mem_process_seqs_merge2] CPE FASTQ formatting done
slave pre done
now n is 103474
processed 103474
[M::mem_process_seqs_merge2] Processed 103474 reads in 2.890 CPU sec, 7.232 real sec
[M::process] read chunk (19660800 bytes/CG x 1 CGs, 19660800 bytes)...
[M::mem_process_seqs_merge2] CPE FASTQ formatting done
slave pre done
now n is 103474
processed 103474
[M::mem_process_seqs_merge2] Processed 103474 reads in 3.550 CPU sec, 7.231 real sec
[M::process] read chunk (19660800 bytes/CG x 1 CGs, 19660800 bytes)...
[M::mem_process_seqs_merge2] CPE FASTQ formatting done
slave pre done
now n is 103474
processed 103474
[M::mem_process_seqs_merge2] Processed 103474 reads in 3.310 CPU sec, 7.239 real sec
[M::process] read chunk (19660800 bytes/CG x 1 CGs, 19660800 bytes)...
slave pre done
now n is 103474
processed 103474
[M::mem_process_seqs_merge2] Processed 103474 reads in 3.250 CPU sec, 6.932 real sec
[M::mem_process_seqs_merge2] CPE FASTQ formatting done
[M::process] read chunk (19660800 bytes/CG x 1 CGs, 19660800 bytes)...
slave pre done
now n is 103474
processed 103474
[M::mem_process_seqs_merge2] Processed 103474 reads in 3.270 CPU sec, 7.222 real sec
slave pre done
now n is 103474
processed 103474
[M::mem_process_seqs_merge2] Processed 103474 reads in 3.030 CPU sec, 7.106 real sec
[M::process] read chunk (19660800 bytes/CG x 1 CGs, 19660800 bytes)...
[M::mem_process_seqs_merge2] CPE FASTQ formatting done
[M::mem_process_seqs_merge2] CPE FASTQ formatting done
[M::process] read chunk (19660800 bytes/CG x 1 CGs, 19660800 bytes)...
[M::mem_process_seqs_merge2] CPE FASTQ formatting done
slave pre done
now n is 103474
processed 103474
[M::mem_process_seqs_merge2] Processed 103474 reads in 2.930 CPU sec, 7.408 real sec
slave pre done
now n is 103474
processed 103474
[M::mem_process_seqs_merge2] Processed 103474 reads in 2.930 CPU sec, 6.858 real sec
[M::process] read chunk (19660800 bytes/CG x 1 CGs, 19660800 bytes)...
[M::mem_process_seqs_merge2] CPE FASTQ formatting done
[M::process] read chunk (19660800 bytes/CG x 1 CGs, 19660800 bytes)...
slave pre done
now n is 103474
processed 103474
[M::mem_process_seqs_merge2] Processed 103474 reads in 2.770 CPU sec, 6.901 real sec
[M::mem_process_seqs_merge2] CPE FASTQ formatting done
[M::process] read chunk (19660800 bytes/CG x 1 CGs, 19660800 bytes)...
slave pre done
now n is 103474
processed 103474
[M::mem_process_seqs_merge2] Processed 103474 reads in 2.940 CPU sec, 7.090 real sec
[M::mem_process_seqs_merge2] CPE FASTQ formatting done
slave pre done
now n is 103474
processed 103474
[M::mem_process_seqs_merge2] Processed 103474 reads in 3.340 CPU sec, 6.893 real sec
[M::process] read chunk (19660800 bytes/CG x 1 CGs, 19660800 bytes)...
[M::mem_process_seqs_merge2] CPE FASTQ formatting done
slave pre done
now n is 103474
processed 103474
[M::mem_process_seqs_merge2] Processed 103474 reads in 3.460 CPU sec, 7.770 real sec
[M::process] read chunk (19660800 bytes/CG x 1 CGs, 19660800 bytes)...
[M::mem_process_seqs_merge2] CPE FASTQ formatting done
slave pre done
now n is 103474
processed 103474
[M::mem_process_seqs_merge2] Processed 103474 reads in 2.680 CPU sec, 7.214 real sec
[M::process] read chunk (19660800 bytes/CG x 1 CGs, 19660800 bytes)...
[M::process] read chunk (19660800 bytes/CG x 1 CGs, 19660800 bytes)...
slave pre done
now n is 103474
processed 103474
[M::mem_process_seqs_merge2] Processed 103474 reads in 3.120 CPU sec, 6.873 real sec
[M::mem_process_seqs_merge2] CPE FASTQ formatting done
[M::mem_process_seqs_merge2] CPE FASTQ formatting done
[M::process] read chunk (19660800 bytes/CG x 1 CGs, 19660800 bytes)...
[M::mem_process_seqs_merge2] CPE FASTQ formatting done
slave pre done
now n is 103474
processed 103474
[M::mem_process_seqs_merge2] Processed 103474 reads in 3.240 CPU sec, 6.840 real sec
[M::process] read chunk (19660800 bytes/CG x 1 CGs, 19660800 bytes)...
slave pre done
now n is 103474
[M::mem_process_seqs_merge2] CPE FASTQ formatting done
processed 103474
[M::mem_process_seqs_merge2] Processed 103474 reads in 3.140 CPU sec, 6.865 real sec
[M::process] read chunk (19660800 bytes/CG x 1 CGs, 19660800 bytes)...
[M::mem_process_seqs_merge2] CPE FASTQ formatting done
slave pre done
now n is 103474
processed 103474
[M::mem_process_seqs_merge2] Processed 103474 reads in 3.310 CPU sec, 7.084 real sec
[M::process] read chunk (19660800 bytes/CG x 1 CGs, 19660800 bytes)...
slave pre done
now n is 103474
processed 103474
[M::mem_process_seqs_merge2] Processed 103474 reads in 2.770 CPU sec, 6.817 real sec
[M::mem_process_seqs_merge2] CPE FASTQ formatting done
[M::process] read chunk (19660800 bytes/CG x 1 CGs, 19660800 bytes)...
slave pre done
now n is 103474
processed 103474
[M::mem_process_seqs_merge2] Processed 103474 reads in 3.860 CPU sec, 8.328 real sec
[M::process] read chunk (19660800 bytes/CG x 1 CGs, 19660800 bytes)...
[M::mem_process_seqs_merge2] CPE FASTQ formatting done
slave pre done
now n is 103474
processed 103474
[M::mem_process_seqs_merge2] Processed 103474 reads in 2.980 CPU sec, 7.066 real sec
[M::process] read chunk (19660800 bytes/CG x 1 CGs, 19660800 bytes)...
[M::mem_process_seqs_merge2] CPE FASTQ formatting done
[M::mem_process_seqs_merge2] CPE FASTQ formatting done
slave pre done
now n is 103474
processed 103474
[M::mem_process_seqs_merge2] Processed 103474 reads in 2.920 CPU sec, 6.928 real sec
[M::process] read chunk (19660800 bytes/CG x 1 CGs, 19660800 bytes)...
slave pre done
now n is 103474
processed 103474
[M::mem_process_seqs_merge2] Processed 103474 reads in 2.920 CPU sec, 6.730 real sec
[M::mem_process_seqs_merge2] CPE FASTQ formatting done
[M::process] read chunk (19660800 bytes/CG x 1 CGs, 19660800 bytes)...
[M::mem_process_seqs_merge2] CPE FASTQ formatting done
slave pre done
now n is 103474
processed 103474
[M::mem_process_seqs_merge2] Processed 103474 reads in 3.110 CPU sec, 6.982 real sec
[M::process] read chunk (19660800 bytes/CG x 1 CGs, 19660800 bytes)...
[M::mem_process_seqs_merge2] CPE FASTQ formatting done
slave pre done
now n is 103474
processed 103474
[M::mem_process_seqs_merge2] Processed 103474 reads in 2.850 CPU sec, 6.937 real sec
slave pre done
now n is 103474
processed 103474
[M::mem_process_seqs_merge2] Processed 103474 reads in 3.480 CPU sec, 7.232 real sec
slave pre done
now n is 103474
processed 103474
[M::mem_process_seqs_merge2] Processed 103474 reads in 3.030 CPU sec, 6.835 real sec
[M::process] read chunk (19660800 bytes/CG x 1 CGs, 19660800 bytes)...
[M::mem_process_seqs_merge2] CPE FASTQ formatting done
[M::process] read chunk (19660800 bytes/CG x 1 CGs, 19660800 bytes)...
slave pre done
now n is 103474
processed 103474
[M::mem_process_seqs_merge2] Processed 103474 reads in 3.110 CPU sec, 7.068 real sec
[M::mem_process_seqs_merge2] CPE FASTQ formatting done
slave pre done
now n is 103474
processed 103474
[M::mem_process_seqs_merge2] Processed 103474 reads in 3.100 CPU sec, 6.749 real sec
[M::process] read chunk (19660800 bytes/CG x 1 CGs, 19660800 bytes)...
[M::mem_process_seqs_merge2] CPE FASTQ formatting done
[M::process] read chunk (19660800 bytes/CG x 1 CGs, 19660800 bytes)...
[M::mem_process_seqs_merge2] CPE FASTQ formatting done
slave pre done
now n is 103474
processed 103474
[M::mem_process_seqs_merge2] Processed 103474 reads in 3.230 CPU sec, 7.093 real sec
[M::process] read chunk (19660800 bytes/CG x 1 CGs, 19660800 bytes)...
[M::mem_process_seqs_merge2] CPE FASTQ formatting done
[M::process] read chunk (19660800 bytes/CG x 1 CGs, 19660800 bytes)...
[M::mem_process_seqs_merge2] CPE FASTQ formatting done
slave pre done
now n is 103474
processed 103474
[M::mem_process_seqs_merge2] Processed 103474 reads in 2.620 CPU sec, 7.167 real sec
[M::process] read chunk (19660800 bytes/CG x 1 CGs, 19660800 bytes)...
[M::mem_process_seqs_merge2] CPE FASTQ formatting done
slave pre done
now n is 103474
processed 103474
[M::mem_process_seqs_merge2] Processed 103474 reads in 3.070 CPU sec, 6.875 real sec
[M::process] read chunk (19660800 bytes/CG x 1 CGs, 19660800 bytes)...
slave pre done
now n is 103474
processed 103474
[M::mem_process_seqs_merge2] Processed 103474 reads in 3.450 CPU sec, 7.263 real sec
[M::mem_process_seqs_merge2] CPE FASTQ formatting done
slave pre done
now n is 103474
processed 103474
[M::mem_process_seqs_merge2] Processed 103474 reads in 2.940 CPU sec, 6.840 real sec
[M::process] read chunk (19660800 bytes/CG x 1 CGs, 19660800 bytes)...
[M::mem_process_seqs_merge2] CPE FASTQ formatting done
slave pre done
now n is 103474
processed 103474
[M::mem_process_seqs_merge2] Processed 103474 reads in 3.060 CPU sec, 7.279 real sec
[M::process] read chunk (19660800 bytes/CG x 1 CGs, 19660800 bytes)...
[M::process] read chunk (19660800 bytes/CG x 1 CGs, 19660800 bytes)...
slave pre done
now n is 103474
processed 103474
[M::mem_process_seqs_merge2] Processed 103474 reads in 3.290 CPU sec, 7.070 real sec
[M::mem_process_seqs_merge2] CPE FASTQ formatting done
[M::mem_process_seqs_merge2] CPE FASTQ formatting done
slave pre done
now n is 103474
processed 103474
[M::mem_process_seqs_merge2] Processed 103474 reads in 2.760 CPU sec, 7.323 real sec
[M::process] read chunk (19660800 bytes/CG x 1 CGs, 19660800 bytes)...
[M::mem_process_seqs_merge2] CPE FASTQ formatting done
[M::process] read chunk (19660800 bytes/CG x 1 CGs, 19660800 bytes)...
[M::mem_process_seqs_merge2] CPE FASTQ formatting done
slave pre done
now n is 103474
processed 103474
[M::mem_process_seqs_merge2] Processed 103474 reads in 3.160 CPU sec, 6.983 real sec
[M::process] read chunk (19660800 bytes/CG x 1 CGs, 19660800 bytes)...
[M::mem_process_seqs_merge2] CPE FASTQ formatting done
slave pre done
now n is 103474
processed 103474
[M::mem_process_seqs_merge2] Processed 103474 reads in 3.280 CPU sec, 6.993 real sec
[M::process] read chunk (19660800 bytes/CG x 1 CGs, 19660800 bytes)...
[M::mem_process_seqs_merge2] CPE FASTQ formatting done
slave pre done
now n is 103474
processed 103474
[M::mem_process_seqs_merge2] Processed 103474 reads in 2.910 CPU sec, 6.869 real sec
[M::process] read chunk (19660800 bytes/CG x 1 CGs, 19660800 bytes)...
slave pre done
now n is 103474
processed 103474
[M::mem_process_seqs_merge2] Processed 103474 reads in 3.190 CPU sec, 7.212 real sec
[M::mem_process_seqs_merge2] CPE FASTQ formatting done
[M::process] read chunk (19660800 bytes/CG x 1 CGs, 19660800 bytes)...
[M::mem_process_seqs_merge2] CPE FASTQ formatting done
slave pre done
now n is 103474
processed 103474
[M::mem_process_seqs_merge2] Processed 103474 reads in 3.370 CPU sec, 7.505 real sec
[M::process] read chunk (19660800 bytes/CG x 1 CGs, 19660800 bytes)...
[M::mem_process_seqs_merge2] CPE FASTQ formatting done
slave pre done
now n is 103474
processed 103474
[M::mem_process_seqs_merge2] Processed 103474 reads in 2.750 CPU sec, 6.906 real sec
[M::process] read chunk (19660800 bytes/CG x 1 CGs, 19660800 bytes)...
[M::mem_process_seqs_merge2] CPE FASTQ formatting done
slave pre done
now n is 103474
processed 103474
[M::mem_process_seqs_merge2] Processed 103474 reads in 3.000 CPU sec, 6.967 real sec
[M::process] read chunk (19660800 bytes/CG x 1 CGs, 19660800 bytes)...
slave pre done
now n is 103474
processed 103474
[M::mem_process_seqs_merge2] Processed 103474 reads in 3.090 CPU sec, 6.859 real sec
[M::mem_process_seqs_merge2] CPE FASTQ formatting done
[M::process] read chunk (19660800 bytes/CG x 1 CGs, 19660800 bytes)...
slave pre done
now n is 103474
processed 103474
[M::mem_process_seqs_merge2] Processed 103474 reads in 2.730 CPU sec, 7.126 real sec
[M::mem_process_seqs_merge2] CPE FASTQ formatting done
[M::process] read chunk (19660800 bytes/CG x 1 CGs, 19660800 bytes)...
slave pre done
now n is 103474
processed 103474
[M::mem_process_seqs_merge2] Processed 103474 reads in 2.860 CPU sec, 7.000 real sec
[M::mem_process_seqs_merge2] CPE FASTQ formatting done
slave pre done
now n is 103474
processed 103474
[M::mem_process_seqs_merge2] Processed 103474 reads in 3.440 CPU sec, 6.954 real sec
[M::process] read chunk (19660800 bytes/CG x 1 CGs, 19660800 bytes)...
slave pre done
now n is 103474
processed 103474
[M::mem_process_seqs_merge2] Processed 103474 reads in 2.840 CPU sec, 7.359 real sec
[M::mem_process_seqs_merge2] CPE FASTQ formatting done
[M::process] read chunk (19660800 bytes/CG x 1 CGs, 19660800 bytes)...
[M::mem_process_seqs_merge2] CPE FASTQ formatting done
slave pre done
now n is 103474
processed 103474
[M::mem_process_seqs_merge2] Processed 103474 reads in 3.200 CPU sec, 7.097 real sec
[M::process] read chunk (19660800 bytes/CG x 1 CGs, 19660800 bytes)...
[M::mem_process_seqs_merge2] CPE FASTQ formatting done
[M::process] read chunk (19660800 bytes/CG x 1 CGs, 19660800 bytes)...
slave pre done
now n is 103474
processed 103474
[M::mem_process_seqs_merge2] Processed 103474 reads in 3.140 CPU sec, 7.213 real sec
[M::mem_process_seqs_merge2] CPE FASTQ formatting done
[M::process] read chunk (19660800 bytes/CG x 1 CGs, 19660800 bytes)...
slave pre done
now n is 103474
processed 103474
[M::mem_process_seqs_merge2] Processed 103474 reads in 3.410 CPU sec, 7.081 real sec
[M::mem_process_seqs_merge2] CPE FASTQ formatting done
[M::process] read chunk (19660800 bytes/CG x 1 CGs, 19660800 bytes)...
slave pre done
now n is 103474
processed 103474
[M::mem_process_seqs_merge2] Processed 103474 reads in 2.880 CPU sec, 7.079 real sec
[M::process] read chunk (19660800 bytes/CG x 1 CGs, 3470920 bytes)...
[M::mem_process_seqs_merge2] CPE FASTQ formatting done
[M::mem_process_seqs_merge2] CPE FASTQ formatting done
slave pre done
now n is 103474
processed 103474
[M::mem_process_seqs_merge2] Processed 103474 reads in 3.410 CPU sec, 7.524 real sec
slave pre done
now n is 18268
processed 18268
[M::mem_process_seqs_merge2] Processed 18268 reads in 0.500 CPU sec, 1.434 real sec
slave pre done
now n is 103474
processed 103474
[M::mem_process_seqs_merge2] Processed 103474 reads in 2.700 CPU sec, 6.993 real sec
[M::process] read chunk (19660800 bytes/CG x 1 CGs, 19660800 bytes)...
slave pre done
now n is 103474
processed 103474
[M::mem_process_seqs_merge2] Processed 103474 reads in 2.890 CPU sec, 6.930 real sec
[M::process] read chunk (19660800 bytes/CG x 1 CGs, 3470540 bytes)...
[M::mem_process_seqs_merge2] CPE FASTQ formatting done
[M::mem_process_seqs_merge2] CPE FASTQ formatting done
[M::process] read chunk (19660800 bytes/CG x 1 CGs, 19660800 bytes)...
[M::mem_process_seqs_merge2] CPE FASTQ formatting done
slave pre done
now n is 18266
processed 18266
[M::mem_process_seqs_merge2] Processed 18266 reads in 0.520 CPU sec, 1.549 real sec
slave pre done
now n is 103474
processed 103474
[M::mem_process_seqs_merge2] Processed 103474 reads in 2.990 CPU sec, 7.705 real sec
[M::process] read chunk (19660800 bytes/CG x 1 CGs, 3470540 bytes)...
[M::mem_process_seqs_merge2] CPE FASTQ formatting done
slave pre done
now n is 103474
processed 103474
[M::mem_process_seqs_merge2] Processed 103474 reads in 3.100 CPU sec, 7.518 real sec
[M::process] read chunk (19660800 bytes/CG x 1 CGs, 3470544 bytes)...
[M::mem_process_seqs_merge2] CPE FASTQ formatting done
slave pre done
now n is 18266
processed 18266
[M::mem_process_seqs_merge2] Processed 18266 reads in 0.720 CPU sec, 1.504 real sec
slave pre done
now n is 18266
processed 18266
[M::mem_process_seqs_merge2] Processed 18266 reads in 0.600 CPU sec, 2.036 real sec
slave pre done
now n is 103474
processed 103474
[M::mem_process_seqs_merge2] Processed 103474 reads in 3.200 CPU sec, 6.897 real sec
[M::process] read chunk (19660800 bytes/CG x 1 CGs, 3470540 bytes)...
[M::mem_process_seqs_merge2] CPE FASTQ formatting done
slave pre done
now n is 103474
processed 103474
[M::mem_process_seqs_merge2] Processed 103474 reads in 2.590 CPU sec, 7.168 real sec
[M::process] read chunk (19660800 bytes/CG x 1 CGs, 3473960 bytes)...
slave pre done
now n is 18266
processed 18266
[M::mem_process_seqs_merge2] Processed 18266 reads in 0.650 CPU sec, 1.543 real sec
[M::mem_process_seqs_merge2] CPE FASTQ formatting done
slave pre done
now n is 18284
processed 18284
[M::mem_process_seqs_merge2] Processed 18284 reads in 0.530 CPU sec, 1.597 real sec

====================== SWBWA Output Debug =====================
  MPI rank: 000000 / 000006
  mode:     MPI single_unordered
  path:     correctness_results/bigdata_mpi_lwpf_off_20260823/mpi_static_single/has1/small_SRR7963242_PE.sam

  Output volume
    output buffer capacity                           67108864
    swbwa_output_write calls                         3352828
    submitted SAM bytes                           1413194418
    buffered flushes                                      22
    buffered flush bytes                          1413194418
    direct oversized writes                                0
    direct oversized bytes                                 0

  Buffering
    buffered flush total                        33.698066 s  (22 calls, 1531730.267 us/call)

  Global offset reservation
    target rank                                             0
    target relationship                                 local
    reservations                                           22
    reservation total                            0.000387 s  (22 calls,    17.575 us/call)
      MPI_Fetch_and_op                             0.000111 s  (22 calls,     5.048 us/call)
      MPI_Win_flush(target rank 0)                 0.000253 s  (22 calls,    11.520 us/call)
      reservation call overhead (derived)          0.000022 s  (22 calls,     1.007 us/call)

  POSIX positioned writes
    pwrite system calls                                    22
    pwrite system-call bytes                       1413194418
    POSIX pwrite system calls                   33.697610 s  (22 calls, 1531709.546 us/call)
    POSIX pwrite effective bandwidth               39.995 MiB/s

  Output close timing
    MPI_Win_unlock_all                           0.000020 s  (1 calls,    19.500 us/call)
    MPI_Win_free                                 0.000689 s  (1 calls,   689.403 us/call)
    POSIX close                                  0.001030 s  (1 calls,  1029.604 us/call)
================================================================


====================== SWBWA Output Debug =====================
  MPI rank: 000001 / 000006
  mode:     MPI single_unordered
  path:     correctness_results/bigdata_mpi_lwpf_off_20260823/mpi_static_single/has1/small_SRR7963242_PE.sam

  Output volume
    output buffer capacity                           67108864
    swbwa_output_write calls                         3329434
    submitted SAM bytes                           1403965638
    buffered flushes                                      21
    buffered flush bytes                          1403965638
    direct oversized writes                                0
    direct oversized bytes                                 0

  Buffering
    buffered flush total                        34.421611 s  (21 calls, 1639124.357 us/call)

  Global offset reservation
    target rank                                             0
    target relationship                                remote
    reservations                                           21
    reservation total                            0.134873 s  (21 calls,  6422.520 us/call)
      MPI_Fetch_and_op                             0.001487 s  (21 calls,    70.807 us/call)
      MPI_Win_flush(target rank 0)                 0.133362 s  (21 calls,  6350.574 us/call)
      reservation call overhead (derived)          0.000024 s  (21 calls,     1.138 us/call)

  POSIX positioned writes
    pwrite system calls                                    21
    pwrite system-call bytes                       1403965638
    POSIX pwrite system calls                   34.286666 s  (21 calls, 1632698.389 us/call)
    POSIX pwrite effective bandwidth               39.051 MiB/s

  Output close timing
    MPI_Win_unlock_all                           0.000028 s  (1 calls,    27.650 us/call)
    MPI_Win_free                                 8.894521 s  (1 calls, 8894520.953 us/call)
    POSIX close                                  0.001385 s  (1 calls,  1384.705 us/call)
================================================================


====================== SWBWA Output Debug =====================
  MPI rank: 000002 / 000006
  mode:     MPI single_unordered
  path:     correctness_results/bigdata_mpi_lwpf_off_20260823/mpi_static_single/has1/small_SRR7963242_PE.sam

  Output volume
    output buffer capacity                           67108864
    swbwa_output_write calls                         3329434
    submitted SAM bytes                           1404177800
    buffered flushes                                      21
    buffered flush bytes                          1404177800
    direct oversized writes                                0
    direct oversized bytes                                 0

  Buffering
    buffered flush total                        39.737970 s  (21 calls, 1892284.303 us/call)

  Global offset reservation
    target rank                                             0
    target relationship                                remote
    reservations                                           21
    reservation total                            0.157369 s  (21 calls,  7493.743 us/call)
      MPI_Fetch_and_op                             0.002957 s  (21 calls,   140.820 us/call)
      MPI_Win_flush(target rank 0)                 0.154381 s  (21 calls,  7351.495 us/call)
      reservation call overhead (derived)          0.000030 s  (21 calls,     1.429 us/call)

  POSIX positioned writes
    pwrite system calls                                    21
    pwrite system-call bytes                       1404177800
    POSIX pwrite system calls                   39.580529 s  (21 calls, 1884787.096 us/call)
    POSIX pwrite effective bandwidth               33.833 MiB/s

  Output close timing
    MPI_Win_unlock_all                           0.000032 s  (1 calls,    32.050 us/call)
    MPI_Win_free                                 1.829859 s  (1 calls, 1829859.075 us/call)
    POSIX close                                  0.001220 s  (1 calls,  1220.104 us/call)
================================================================


====================== SWBWA Output Debug =====================
  MPI rank: 000003 / 000006
  mode:     MPI single_unordered
  path:     correctness_results/bigdata_mpi_lwpf_off_20260823/mpi_static_single/has1/small_SRR7963242_PE.sam

  Output volume
    output buffer capacity                           67108864
    swbwa_output_write calls                         3329436
    submitted SAM bytes                           1404557742
    buffered flushes                                      21
    buffered flush bytes                          1404557742
    direct oversized writes                                0
    direct oversized bytes                                 0

  Buffering
    buffered flush total                        32.597374 s  (21 calls, 1552255.896 us/call)

  Global offset reservation
    target rank                                             0
    target relationship                                remote
    reservations                                           21
    reservation total                            0.132358 s  (21 calls,  6302.745 us/call)
      MPI_Fetch_and_op                             0.001607 s  (21 calls,    76.526 us/call)
      MPI_Win_flush(target rank 0)                 0.130723 s  (21 calls,  6224.886 us/call)
      reservation call overhead (derived)          0.000028 s  (21 calls,     1.333 us/call)

  POSIX positioned writes
    pwrite system calls                                    21
    pwrite system-call bytes                       1404557742
    POSIX pwrite system calls                   32.464952 s  (21 calls, 1545950.094 us/call)
    POSIX pwrite effective bandwidth               41.260 MiB/s

  Output close timing
    MPI_Win_unlock_all                           0.000028 s  (1 calls,    28.050 us/call)
    MPI_Win_free                                13.477054 s  (1 calls, 13477054.221 us/call)
    POSIX close                                  0.000754 s  (1 calls,   754.303 us/call)
================================================================


====================== SWBWA Output Debug =====================
  MPI rank: 000004 / 000006
  mode:     MPI single_unordered
  path:     correctness_results/bigdata_mpi_lwpf_off_20260823/mpi_static_single/has1/small_SRR7963242_PE.sam

  Output volume
    output buffer capacity                           67108864
    swbwa_output_write calls                         3329434
    submitted SAM bytes                           1404382163
    buffered flushes                                      21
    buffered flush bytes                          1404382163
    direct oversized writes                                0
    direct oversized bytes                                 0

  Buffering
    buffered flush total                        30.348639 s  (21 calls, 1445173.278 us/call)

  Global offset reservation
    target rank                                             0
    target relationship                                remote
    reservations                                           21
    reservation total                            0.117675 s  (21 calls,  5603.574 us/call)
      MPI_Fetch_and_op                             0.001679 s  (21 calls,    79.967 us/call)
      MPI_Win_flush(target rank 0)                 0.115970 s  (21 calls,  5522.402 us/call)
      reservation call overhead (derived)          0.000025 s  (21 calls,     1.205 us/call)

  POSIX positioned writes
    pwrite system calls                                    21
    pwrite system-call bytes                       1404382163
    POSIX pwrite system calls                   30.230895 s  (21 calls, 1439566.425 us/call)
    POSIX pwrite effective bandwidth               44.303 MiB/s

  Output close timing
    MPI_Win_unlock_all                           0.000032 s  (1 calls,    31.800 us/call)
    MPI_Win_free                                 7.014859 s  (1 calls, 7014858.588 us/call)
    POSIX close                                  0.000988 s  (1 calls,   988.003 us/call)
================================================================


====================== SWBWA Output Debug =====================
  MPI rank: 000005 / 000006
  mode:     MPI single_unordered
  path:     correctness_results/bigdata_mpi_lwpf_off_20260823/mpi_static_single/has1/small_SRR7963242_PE.sam

  Output volume
    output buffer capacity                           67108864
    swbwa_output_write calls                         3329434
    submitted SAM bytes                           1404047025
    buffered flushes                                      21
    buffered flush bytes                          1404047025
    direct oversized writes                                0
    direct oversized bytes                                 0

  Buffering
    buffered flush total                        40.061519 s  (21 calls, 1907691.390 us/call)

  Global offset reservation
    target rank                                             0
    target relationship                                remote
    reservations                                           21
    reservation total                            0.130510 s  (21 calls,  6214.774 us/call)
      MPI_Fetch_and_op                             0.001609 s  (21 calls,    76.617 us/call)
      MPI_Win_flush(target rank 0)                 0.128876 s  (21 calls,  6136.950 us/call)
      reservation call overhead (derived)          0.000025 s  (21 calls,     1.207 us/call)

  POSIX positioned writes
    pwrite system calls                                    21
    pwrite system-call bytes                       1404047025
    POSIX pwrite system calls                   39.930943 s  (21 calls, 1901473.454 us/call)
    POSIX pwrite effective bandwidth               33.533 MiB/s

  Output close timing
    MPI_Win_unlock_all                           0.000021 s  (1 calls,    21.500 us/call)
    MPI_Win_free                                 4.741863 s  (1 calls, 4741863.174 us/call)
    POSIX close                                  0.000825 s  (1 calls,   825.053 us/call)
================================================================


================ MPI Progress Thread Debug =================
  MPI rank: 000000 / 000006
  lifetime                                      295.004741 s
  MPI_Iprobe calls                                   29495
  MPI_Iprobe total                                0.384178 s
  MPI_Iprobe average                                13.025 us
  MPI_Iprobe maximum                              0.000590 s
  calls >= 1 ms                                          0
  calls >= 10 ms                                         0
  calls >= 100 ms                                        0
  calls >= 1 s                                           0
============================================================


================ SWBWA CPE/MPI Progress Debug ================
  MPI rank: 000000 / 000006

    phase                      waits     probes   total(s)    avg(us)    max(s)   >=1ms   >=10ms   >=100ms    >=1s  completed
    FASTQ formatting              33          0      0.000      0.000     0.000       0        0         0       0          0
    alignment and SAM length      33          0      0.000      0.000     0.000       0        0         0       0          0
    SAM record generation         33          0      0.000      0.000     0.000       0        0         0       0          0
    all CPE phases                99          0      0.000      0.000     0.000       0        0         0       0          0

  Probes marked 'completed' returned with the CPE completion
  flag set. Their full call duration bounds the possible delay.
    completion-observing probe total               0.000000 s
    slowest completion-observing probe             0.000000 s
==============================================================


======================= SWBWA Timing Report =======================
  MPI rank: 000000 / 000006
  Accumulated wall-clock time; indented rows are included in
  their parent row and must not be added to it.

  Pipeline
    total - complete three-stage pipeline                   295.006 s
    stage 1 - allocate and read raw FASTQ blocks             17.595 s
    stage 2 - align reads and generate SAM records          239.944 s
    stage 3 - write SAM and release batch data               37.368 s
      SAM output writes                                        36.119 s
      batch cleanup and loop overhead (derived)                 1.249 s

  Stage 1 input details
    batches completed / stage calls                      33 / 34
    input-buffer and batch allocations                        0.000 s  (100 calls, max 0.000 s)
    aggregate requested allocation bytes           1265308880
    FASTQ fseeko calls                                        0.001 s  (66 calls, max 0.000 s)
    FASTQ fread calls                                        17.580 s  (66 calls, max 0.984 s)
    align chunk ends to FASTQ record boundaries               0.000 s  (64 calls, max 0.000 s)
    scheduler, checks and bookkeeping (derived)               0.014 s
    raw FASTQ bytes read                           1265239120  (1206.626 MiB)
    effective fread bandwidth                         68.638 MiB/s
    slowest allocation                                 0.000 s  (19661824 bytes)
    slowest fread                                      0.984 s  (R1 offset=0, bytes=19660800)

  Stage 2 worker details
    total - active merge worker                             239.931 s
      part 1 - prepare CPE task and reusable buffers            0.916 s
      part 2 - CPE FASTQ formatting and input release           0.442 s
      part 3 - CPE alignment and SAM length pass              237.699 s
      part 4 - assign slices in the shared SAM buffer           0.245 s
      part 5 - CPE SAM record generation                        0.614 s
      part 6 - release temporary worker data                    0.001 s

  Reserved allocator timers (no active timing sites)
    malloc timer                                              0.000 s
    free timer                                                0.000 s
==========
================ MPI Progress Thread Debug =================
  MPI rank: 000001 / 000006
  lifetime                                      295.000407 s
  MPI_Iprobe calls                                   29481
  MPI_Iprobe total                                0.331012 s
  MPI_Iprobe average                                11.228 us
  MPI_Iprobe maximum                              0.004630 s
  calls >= 1 ms                                          4
  calls >= 10 ms                                         0
  calls >= 100 ms                                        0
  calls >= 1 s                                           0
============================================================


================ SWBWA CPE/MPI Progress Debug ================
  MPI rank: 000001 / 000006

    phase                      waits     probes   total(s)    avg(us)    max(s)   >=1ms   >=10ms   >=100ms    >=1s  completed
    FASTQ formatting              33          0      0.000      0.000     0.000       0        0         0       0          0
    alignment and SAM length      33          0      0.000      0.000     0.000       0        0         0       0          0
    SAM record generation         33          0      0.000      0.000     0.000       0        0         0       0          0
    all CPE phases                99          0      0.000      0.000     0.000       0        0         0       0          0

  Probes marked 'completed' returned with the CPE completion
  flag set. Their full call duration bounds the possible delay.
    completion-observing probe total               0.000000 s
    slowest completion-observing probe             0.000000 s
==============================================================


======================= SWBWA Timing Report =======================
  MPI rank: 000001 / 000006
  Accumulated wall-clock time; indented rows are included in
  their parent row and must not be added to it.

  Pipeline
    total - complete three-stage pipeline                   295.006 s
    stage 1 - allocate and read raw FASTQ blocks             20.033 s
    stage 2 - align reads and generate SAM records          228.051 s
    stage 3 - write SAM and release batch data               36.851 s
      SAM output writes                                        35.665 s
      batch cleanup and loop overhead (derived)                 1.186 s

  Stage 1 input details
    batches completed / stage calls                      33 / 34
    input-buffer and batch allocations                        0.000 s  (100 calls, max 0.000 s)
    aggregate requested allocation bytes           1265302040
    FASTQ fseeko calls                                        0.053 s  (66 calls, max 0.030 s)
    FASTQ fread calls                                        19.969 s  (66 calls, max 0.987 s)
    align chunk ends to FASTQ record boundaries               0.000 s  (64 calls, max 0.000 s)
    scheduler, checks and bookkeeping (derived)               0.011 s
    raw FASTQ bytes read                           1265232280  (1206.620 MiB)
    effective fread bandwidth                         60.425 MiB/s
    slowest allocation                                 0.000 s  (19661824 bytes)
    slowest fread                                      0.987 s  (R1 offset=632592904, bytes=19660800)

  Stage 2 worker details
    total - active merge worker                             228.047 s
      part 1 - prepare CPE task and reusable buffers            0.894 s
      part 2 - CPE FASTQ formatting and input release           0.434 s
      part 3 - CPE alignment and SAM length pass              225.948 s
      part 4 - assign slices in the shared SAM buffer           0.231 s
      part 5 - CPE SAM record generation                        0.535 s
      part 6 - release temporary worker data                    0.001 s

  Reserved allocator timers (no active timing sites)
    malloc timer                                              0.000 s
    free timer                                                0.000 s
==
================ MPI Progress Thread Debug =================
  MPI rank: 000002 / 000006
  lifetime                                      295.001727 s
  MPI_Iprobe calls                                   29481
  MPI_Iprobe total                                0.491056 s
  MPI_Iprobe average                                16.657 us
  MPI_Iprobe maximum                              0.001330 s
  calls >= 1 ms                                          1
  calls >= 10 ms                                         0
  calls >= 100 ms                                        0
  calls >= 1 s                                           0
============================================================


================ SWBWA CPE/MPI Progress Debug ================
  MPI rank: 000002 / 000006

    phase                      waits     probes   total(s)    avg(us)    max(s)   >=1ms   >=10ms   >=100ms    >=1s  completed
    FASTQ formatting              33          0      0.000      0.000     0.000       0        0         0       0          0
    alignment and SAM length      33          0      0.000      0.000     0.000       0        0         0       0          0
    SAM record generation         33          0      0.000      0.000     0.000       0        0         0       0          0
    all CPE phases                99          0      0.000      0.000     0.000       0        0         0       0          0

  Probes marked 'completed' returned with the CPE completion
  flag set. Their full call duration bounds the possible delay.
    completion-observing probe total               0.000000 s
    slowest completion-observing probe             0.000000 s
==============================================================


======================= SWBWA Timing Report =======================
  MPI rank: 000002 / 000006
  Accumulated wall-clock time; indented rows are included in
  their parent row and must not be added to it.

  Pipeline
    total - complete three-stage pipeline                   295.004 s
    stage 1 - allocate and read raw FASTQ blocks             21.683 s
    stage 2 - align reads and generate SAM records          227.797 s
    stage 3 - write SAM and release batch data               42.752 s
      SAM output writes                                        41.423 s
      batch cleanup and loop overhead (derived)                 1.330 s

  Stage 1 input details
    batches completed / stage calls                      33 / 34
    input-buffer and batch allocations                        0.000 s  (100 calls, max 0.000 s)
    aggregate requested allocation bytes           1265302040
    FASTQ fseeko calls                                        0.246 s  (66 calls, max 0.189 s)
    FASTQ fread calls                                        21.427 s  (66 calls, max 0.993 s)
    align chunk ends to FASTQ record boundaries               0.000 s  (64 calls, max 0.000 s)
    scheduler, checks and bookkeeping (derived)               0.011 s
    raw FASTQ bytes read                           1265232280  (1206.620 MiB)
    effective fread bandwidth                         56.314 MiB/s
    slowest allocation                                 0.000 s  (19661824 bytes)
    slowest fread                                      0.993 s  (R1 offset=1265185364, bytes=19660800)

  Stage 2 worker details
    total - active merge worker                             227.784 s
      part 1 - prepare CPE task and reusable buffers            0.929 s
      part 2 - CPE FASTQ formatting and input release           0.440 s
      part 3 - CPE alignment and SAM length pass              225.530 s
      part 4 - assign slices in the shared SAM buffer           0.259 s
      part 5 - CPE SAM record generation                        0.611 s
      part 6 - release temporary worker data                    0.001 s

  Reserved allocator timers (no active timing sites)
    malloc timer                                              0.000 s
    free timer                                                0.000 s
==========================================================

=================================================================

==================================================================


================ MPI Progress Thread Debug =================
  MPI rank: 000003 / 000006
  lifetime                                      295.001204 s
  MPI_Iprobe calls                                   29495
  MPI_Iprobe total                                0.304339 s
  MPI_Iprobe average                                10.318 us
  MPI_Iprobe maximum                              0.000093 s
  calls >= 1 ms                                          0
  calls >= 10 ms                                         0
  calls >= 100 ms                                        0
  calls >= 1 s                                           0
============================================================


================ SWBWA CPE/MPI Progress Debug ================
  MPI rank: 000003 / 000006

    phase                      waits     probes   total(s)    avg(us)    max(s)   >=1ms   >=10ms   >=100ms    >=1s  completed
    FASTQ formatting              33          0      0.000      0.000     0.000       0        0         0       0          0
    alignment and SAM length      33          0      0.000      0.000     0.000       0        0         0       0          0
    SAM record generation         33          0      0.000      0.000     0.000       0        0         0       0          0
    all CPE phases                99          0      0.000      0.000     0.000       0        0         0       0          0

  Probes marked 'completed' returned with the CPE completion
  flag set. Their full call duration bounds the possible delay.
    completion-observing probe total               0.000000 s
    slowest completion-observing probe             0.000000 s
==============================================================


======================= SWBWA Timing Report =======================
  MPI rank: 000003 / 000006
  Accumulated wall-clock time; indented rows are included in
  their parent row and must not be added to it.

  Pipeline
    total - complete three-stage pipeline                   295.001 s
    stage 1 - allocate and read raw FASTQ blocks             20.874 s
    stage 2 - align reads and generate SAM records          224.434 s
    stage 3 - write SAM and release batch data               35.224 s
      SAM output writes                                        34.030 s
      batch cleanup and loop overhead (derived)                 1.194 s

  Stage 1 input details
    batches completed / stage calls                      33 / 34
    input-buffer and batch allocations                        0.000 s  (100 calls, max 0.000 s)
    aggregate requested allocation bytes           1265302800
    FASTQ fseeko calls                                        0.251 s  (66 calls, max 0.130 s)
    FASTQ fread calls                                        20.606 s  (66 calls, max 0.960 s)
    align chunk ends to FASTQ record boundaries               0.000 s  (64 calls, max 0.000 s)
    scheduler, checks and bookkeeping (derived)               0.016 s
    raw FASTQ bytes read                           1265233040  (1206.620 MiB)
    effective fread bandwidth                         58.556 MiB/s
    slowest allocation                                 0.000 s  (19661824 bytes)
    slowest fread                                      0.960 s  (R1 offset=1897777824, bytes=19660800)

  Stage 2 worker details
    total - active merge worker                             224.417 s
      part 1 - prepare CPE task and reusable buffers            0.915 s
      part 2 - CPE FASTQ formatting and input release           0.469 s
      part 3 - CPE alignment and SAM length pass              222.130 s
      part 4 - assign slices in the shared SAM buffer           0.243 s
      part 5 - CPE SAM record generation                        0.642 s
      part 6 - release temporary worker data                    0.001 s

  Reserved allocator timers (no active timing sites)
    malloc timer                                              0.000 s
    free timer                                                0.000 s
=
================ MPI Progress Thread Debug =================
  MPI rank: 000004 / 000006
  lifetime                                      295.006021 s
  MPI_Iprobe calls                                   29479
  MPI_Iprobe total                                0.440883 s
  MPI_Iprobe average                                14.956 us
  MPI_Iprobe maximum                              0.002068 s
  calls >= 1 ms                                          9
  calls >= 10 ms                                         0
  calls >= 100 ms                                        0
  calls >= 1 s                                           0
============================================================


================ SWBWA CPE/MPI Progress Debug ================
  MPI rank: 000004 / 000006

    phase                      waits     probes   total(s)    avg(us)    max(s)   >=1ms   >=10ms   >=100ms    >=1s  completed
    FASTQ formatting              33          0      0.000      0.000     0.000       0        0         0       0          0
    alignment and SAM length      33          0      0.000      0.000     0.000       0        0         0       0          0
    SAM record generation         33          0      0.000      0.000     0.000       0        0         0       0          0
    all CPE phases                99          0      0.000      0.000     0.000       0        0         0       0          0

  Probes marked 'completed' returned with the CPE completion
  flag set. Their full call duration bounds the possible delay.
    completion-observing probe total               0.000000 s
    slowest completion-observing probe             0.000000 s
==============================================================


======================= SWBWA Timing Report =======================
  MPI rank: 000004 / 000006
  Accumulated wall-clock time; indented rows are included in
  their parent row and must not be added to it.

  Pipeline
    total - complete three-stage pipeline                   295.008 s
    stage 1 - allocate and read raw FASTQ blocks             20.066 s
    stage 2 - align reads and generate SAM records          233.658 s
    stage 3 - write SAM and release batch data               33.354 s
      SAM output writes                                        32.036 s
      batch cleanup and loop overhead (derived)                 1.318 s

  Stage 1 input details
    batches completed / stage calls                      33 / 34
    input-buffer and batch allocations                        0.000 s  (100 calls, max 0.000 s)
    aggregate requested allocation bytes           1265302040
    FASTQ fseeko calls                                        0.263 s  (66 calls, max 0.137 s)
    FASTQ fread calls                                        19.791 s  (66 calls, max 0.802 s)
    align chunk ends to FASTQ record boundaries               0.000 s  (64 calls, max 0.000 s)
    scheduler, checks and bookkeeping (derived)               0.012 s
    raw FASTQ bytes read                           1265232280  (1206.620 MiB)
    effective fread bandwidth                         60.967 MiB/s
    slowest allocation                                 0.000 s  (19661824 bytes)
    slowest fread                                      0.802 s  (R1 offset=2530370664, bytes=19660800)

  Stage 2 worker details
    total - active merge worker                             233.645 s
      part 1 - prepare CPE task and reusable buffers            0.925 s
      part 2 - CPE FASTQ formatting and input release           0.426 s
      part 3 - CPE alignment and SAM length pass              231.453 s
      part 4 - assign slices in the shared SAM buffer           0.238 s
      part 5 - CPE SAM record generation                        0.590 s
      part 6 - release temporary worker data                    0.001 s

  Reserved allocator timers (no active timing sites)
    malloc timer                                              0.000 s
    free timer                                                0.000 s
===================================================================

==================================================================


================ MPI Progress Thread Debug =================
  MPI rank: 000005 / 000006
  lifetime                                      295.001777 s
  MPI_Iprobe calls                                   29490
  MPI_Iprobe total                                0.288716 s
  MPI_Iprobe average                                 9.790 us
  MPI_Iprobe maximum                              0.000078 s
  calls >= 1 ms                                          0
  calls >= 10 ms                                         0
  calls >= 100 ms                                        0
  calls >= 1 s                                           0
============================================================


================ SWBWA CPE/MPI Progress Debug ================
  MPI rank: 000005 / 000006

    phase                      waits     probes   total(s)    avg(us)    max(s)   >=1ms   >=10ms   >=100ms    >=1s  completed
    FASTQ formatting              33          0      0.000      0.000     0.000       0        0         0       0          0
    alignment and SAM length      33          0      0.000      0.000     0.000       0        0         0       0          0
    SAM record generation         33          0      0.000      0.000     0.000       0        0         0       0          0
    all CPE phases                99          0      0.000      0.000     0.000       0        0         0       0          0

  Probes marked 'completed' returned with the CPE completion
  flag set. Their full call duration bounds the possible delay.
    completion-observing probe total               0.000000 s
    slowest completion-observing probe             0.000000 s
==============================================================


======================= SWBWA Timing Report =======================
  MPI rank: 000005 / 000006
  Accumulated wall-clock time; indented rows are included in
  their parent row and must not be added to it.

  Pipeline
    total - complete three-stage pipeline                   295.003 s
    stage 1 - allocate and read raw FASTQ blocks             20.276 s
    stage 2 - align reads and generate SAM records          226.239 s
    stage 3 - write SAM and release batch data               42.448 s
      SAM output writes                                        41.226 s
      batch cleanup and loop overhead (derived)                 1.222 s

  Stage 1 input details
    batches completed / stage calls                      33 / 34
    input-buffer and batch allocations                        0.000 s  (100 calls, max 0.000 s)
    aggregate requested allocation bytes           1265302048
    FASTQ fseeko calls                                        0.329 s  (66 calls, max 0.176 s)
    FASTQ fread calls                                        19.930 s  (66 calls, max 0.786 s)
    align chunk ends to FASTQ record boundaries               0.000 s  (64 calls, max 0.000 s)
    scheduler, checks and bookkeeping (derived)               0.017 s
    raw FASTQ bytes read                           1265232288  (1206.620 MiB)
    effective fread bandwidth                         60.544 MiB/s
    slowest allocation                                 0.000 s  (19661824 bytes)
    slowest fread                                      0.786 s  (R1 offset=3162963124, bytes=19660800)

  Stage 2 worker details
    total - active merge worker                             226.221 s
      part 1 - prepare CPE task and reusable buffers            0.917 s
      part 2 - CPE FASTQ formatting and input release           0.467 s
      part 3 - CPE alignment and SAM length pass              223.911 s
      part 4 - assign slices in the shared SAM buffer           0.246 s
      part 5 - CPE SAM record generation                        0.659 s
      part 6 - release temporary worker data                    0.001 s

  Reserved allocator timers (no active timing sites)
    malloc timer                                              0.000 s
    free timer                                                0.000 s
===================================================================

[main] Version: 0.0.1
[main] CMD: ./SWBWA mem -v 4 -t 1 -1 -o correctness_results/bigdata_mpi_lwpf_off_20260823/mpi_static_single/has1/small_SRR7963242_PE.sam -I 170,80,500,1 ../data/GRCh38.d1.vd1.fa ../data/bwa_test_big_data/small_SRR7963242_1.fastq ../data/bwa_test_big_data/small_SRR7963242_2.fastq
