[M::main_mem] mean insert size: 170.000, stddev: 80.000, max: 500, min: 1
[CPE input] bytes_per_cg=19660800 cg_count=1 chunk_bytes=19660800 file_bytes=3536060312
[MPI rank 000000/000006] input range: records=[0, 2120671) bytes=[0, 589343464)
[MPI rank 000001/000006] input range: records=[2120671, 4225469) bytes=[589343464, 1178686904)
[MPI rank 000002/000006] input range: records=[4225469, 6330267) bytes=[1178686904, 1768030344)
[MPI rank 000003/000006] input range: records=[6330267, 8435065) bytes=[1768030344, 2357373784)
[MPI rank 000004/000006] input range: records=[8435065, 10532259) bytes=[2357373784, 2946717144)
[MPI rank 000005/000006] input range: records=[10532259, 12607411) bytes=[2946717144, 3536060312)
malloc bwt->bwt 3107576584, 0x500008804020
malloc bwt->bwt 3107576584, 0x500008804020
malloc bwt->bwt 3107576584, 0x500008804020
malloc bwt->bwt 3107576584, 0x500008804020
malloc bwt->bwt 3107576584, 0x500008804020
malloc bwt->bwt 3107576584, 0x500008804020
malloc bwt->sa 1553788264, 0x5000c1ba1b40
malloc bwt->sa 1553788264, 0x5000c1ba1b40
malloc bwt->sa 1553788264, 0x5000c1ba1b40
malloc bwt->sa 1553788264, 0x5000c1ba1b40
malloc bwt->sa 1553788264, 0x5000c1ba1b40
malloc bwt->sa 1553788264, 0x5000c1ba1b40
[M::bwa_idx_load_from_disk] read 0 ALT contigs
[M::bwa_idx_load_from_disk] read 0 ALT contigs
[M::bwa_idx_load_from_disk] read 0 ALT contigs
[M::bwa_idx_load_from_disk] read 0 ALT contigs
[M::bwa_idx_load_from_disk] read 0 ALT contigs
[M::bwa_idx_load_from_disk] read 0 ALT contigs
malloc pac 776894131, 0x50011e5708c0
malloc pac 776894131, 0x50011e5708c0
malloc pac 776894131, 0x50011e5708c0
malloc pac 776894131, 0x50011e5708c0
malloc pac 776894131, 0x50011e5708c0
malloc pac 776894131, 0x50011e5708c0
the input file is ../data/bwa_test_big_data/SRR2496709_1.fastq
[MPI rank 000000/000006] output: correctness_results/bigdata_mpi_lwpf_off_20260823/mpi_static_single/has1/SRR2496709_SE.sam
[M::process] read chunk (19660800 bytes/CG x 1 CGs, 19660800 bytes)...
[MPI rank 000001/000006] output: correctness_results/bigdata_mpi_lwpf_off_20260823/mpi_static_single/has1/SRR2496709_SE.sam
[M::process] read chunk (19660800 bytes/CG x 1 CGs, 19660800 bytes)...
[MPI rank 000002/000006] output: correctness_results/bigdata_mpi_lwpf_off_20260823/mpi_static_single/has1/SRR2496709_SE.sam
[M::process] read chunk (19660800 bytes/CG x 1 CGs, 19660800 bytes)...
[MPI rank 000003/000006] output: correctness_results/bigdata_mpi_lwpf_off_20260823/mpi_static_single/has1/SRR2496709_SE.sam
[M::process] read chunk (19660800 bytes/CG x 1 CGs, 19660800 bytes)...
[MPI rank 000004/000006] output: correctness_results/bigdata_mpi_lwpf_off_20260823/mpi_static_single/has1/SRR2496709_SE.sam
[M::process] read chunk (19660800 bytes/CG x 1 CGs, 19660800 bytes)...
[MPI rank 000005/000006] output: correctness_results/bigdata_mpi_lwpf_off_20260823/mpi_static_single/has1/SRR2496709_SE.sam
[M::process] read chunk (19660800 bytes/CG x 1 CGs, 19660800 bytes)...
[M::mem_process_seqs_merge2] CPE FASTQ formatting done
[M::mem_process_seqs_merge2] CPE FASTQ formatting done
[M::mem_process_seqs_merge2] CPE FASTQ formatting done
[M::mem_process_seqs_merge2] CPE FASTQ formatting done
[M::mem_process_seqs_merge2] CPE FASTQ formatting done
[M::mem_process_seqs_merge2] CPE FASTQ formatting done
slave pre done
now n is 70214
processed 70214
[M::mem_process_seqs_merge2] Processed 70214 reads in 0.530 CPU sec, 1.197 real sec
[M::process] read chunk (19660800 bytes/CG x 1 CGs, 19660800 bytes)...
slave pre done
now n is 69225
processed 69225
slave pre done
now n is 70214
[M::mem_process_seqs_merge2] Processed 69225 reads in 0.550 CPU sec, 1.239 real sec
processed 70214
[M::mem_process_seqs_merge2] Processed 70214 reads in 0.530 CPU sec, 1.261 real sec
slave pre done
now n is 72442
processed 72442
[M::mem_process_seqs_merge2] Processed 72442 reads in 0.530 CPU sec, 1.359 real sec
slave pre done
now n is 70214
processed 70214
[M::mem_process_seqs_merge2] Processed 70214 reads in 0.520 CPU sec, 1.396 real sec
[M::process] read chunk (19660800 bytes/CG x 1 CGs, 19660800 bytes)...
[M::process] read chunk (19660800 bytes/CG x 1 CGs, 19660800 bytes)...
[M::process] read chunk (19660800 bytes/CG x 1 CGs, 19660800 bytes)...
[M::process] read chunk (19660800 bytes/CG x 1 CGs, 19660800 bytes)...
slave pre done
now n is 70214
processed 70214
[M::mem_process_seqs_merge2] Processed 70214 reads in 0.530 CPU sec, 1.458 real sec
[M::process] read chunk (19660800 bytes/CG x 1 CGs, 19660800 bytes)...
[M::mem_process_seqs_merge2] CPE FASTQ formatting done
[M::mem_process_seqs_merge2] CPE FASTQ formatting done
[M::mem_process_seqs_merge2] CPE FASTQ formatting done
[M::mem_process_seqs_merge2] CPE FASTQ formatting done
[M::mem_process_seqs_merge2] CPE FASTQ formatting done
[M::mem_process_seqs_merge2] CPE FASTQ formatting done
slave pre done
now n is 70214
processed 70214
[M::mem_process_seqs_merge2] Processed 70214 reads in 0.020 CPU sec, 0.913 real sec
slave pre done
now n is 70214
slave pre done
now n is 70214
processed 70214
[M::mem_process_seqs_merge2] Processed 70214 reads in 0.030 CPU sec, 0.868 real sec
slave pre done
now n is 69225
[M::process] read chunk (19660800 bytes/CG x 1 CGs, 19660800 bytes)...
slave pre done
now n is 71631
processed 70214
[M::mem_process_seqs_merge2] Processed 70214 reads in 0.010 CPU sec, 0.690 real sec
processed 69225
[M::mem_process_seqs_merge2] Processed 69225 reads in 0.030 CPU sec, 0.939 real sec
processed 71631
[M::mem_process_seqs_merge2] Processed 71631 reads in 0.020 CPU sec, 0.691 real sec
[M::process] read chunk (19660800 bytes/CG x 1 CGs, 19660800 bytes)...
[M::process] read chunk (19660800 bytes/CG x 1 CGs, 19660800 bytes)...
[M::process] read chunk (19660800 bytes/CG x 1 CGs, 19660800 bytes)...
[M::process] read chunk (19660800 bytes/CG x 1 CGs, 19660800 bytes)...
slave pre done
now n is 70214
processed 70214
[M::mem_process_seqs_merge2] Processed 70214 reads in 0.010 CPU sec, 0.792 real sec
[M::process] read chunk (19660800 bytes/CG x 1 CGs, 19660800 bytes)...
[M::mem_process_seqs_merge2] CPE FASTQ formatting done
[M::mem_process_seqs_merge2] CPE FASTQ formatting done
[M::mem_process_seqs_merge2] CPE FASTQ formatting done
[M::mem_process_seqs_merge2] CPE FASTQ formatting done
[M::mem_process_seqs_merge2] CPE FASTQ formatting done
[M::mem_process_seqs_merge2] CPE FASTQ formatting done
slave pre done
now n is 70214
processed 70214
[M::mem_process_seqs_merge2] Processed 70214 reads in 0.010 CPU sec, 0.710 real sec
[M::process] read chunk (19660800 bytes/CG x 1 CGs, 19660800 bytes)...
slave pre done
now n is 70214
processed 70214
[M::mem_process_seqs_merge2] Processed 70214 reads in 0.010 CPU sec, 0.699 real sec
slave pre done
now n is 70214
processed 70214
[M::mem_process_seqs_merge2] Processed 70214 reads in 0.010 CPU sec, 0.680 real sec
slave pre done
now n is 71232
processed 71232
[M::mem_process_seqs_merge2] Processed 71232 reads in 0.010 CPU sec, 0.743 real sec
[M::process] read chunk (19660800 bytes/CG x 1 CGs, 19660800 bytes)...
[M::process] read chunk (19660800 bytes/CG x 1 CGs, 19660800 bytes)...
[M::process] read chunk (19660800 bytes/CG x 1 CGs, 19660800 bytes)...
slave pre done
now n is 70214
processed 70214
[M::mem_process_seqs_merge2] Processed 70214 reads in 0.030 CPU sec, 0.886 real sec
[M::process] read chunk (19660800 bytes/CG x 1 CGs, 19660800 bytes)...
slave pre done
now n is 69225
[M::mem_process_seqs_merge2] CPE FASTQ formatting done
processed 69225
[M::mem_process_seqs_merge2] Processed 69225 reads in 0.030 CPU sec, 1.078 real sec
[M::process] read chunk (19660800 bytes/CG x 1 CGs, 19660800 bytes)...
[M::mem_process_seqs_merge2] CPE FASTQ formatting done
[M::mem_process_seqs_merge2] CPE FASTQ formatting done
[M::mem_process_seqs_merge2] CPE FASTQ formatting done
slave pre done
now n is 70214
processed 70214
[M::mem_process_seqs_merge2] Processed 70214 reads in 0.020 CPU sec, 0.689 real sec
[M::mem_process_seqs_merge2] CPE FASTQ formatting done
[M::mem_process_seqs_merge2] CPE FASTQ formatting done
slave pre done
now n is 70214
processed 70214
[M::mem_process_seqs_merge2] Processed 70214 reads in 0.010 CPU sec, 0.735 real sec
slave pre done
now n is 71232
processed 71232
[M::mem_process_seqs_merge2] Processed 71232 reads in 0.010 CPU sec, 0.805 real sec
slave pre done
now n is 70214
processed 70214
[M::mem_process_seqs_merge2] Processed 70214 reads in 0.020 CPU sec, 0.754 real sec
slave pre done
now n is 70214
processed 70214
[M::mem_process_seqs_merge2] Processed 70214 reads in 0.020 CPU sec, 0.926 real sec
slave pre done
now n is 69225
processed 69225
[M::mem_process_seqs_merge2] Processed 69225 reads in 0.030 CPU sec, 0.783 real sec
[M::process] read chunk (19660800 bytes/CG x 1 CGs, 19660800 bytes)...
[M::mem_process_seqs_merge2] CPE FASTQ formatting done
slave pre done
now n is 70214
processed 70214
[M::mem_process_seqs_merge2] Processed 70214 reads in 0.020 CPU sec, 0.857 real sec
[M::process] read chunk (19660800 bytes/CG x 1 CGs, 19660800 bytes)...
[M::process] read chunk (19660800 bytes/CG x 1 CGs, 19660800 bytes)...
[M::mem_process_seqs_merge2] CPE FASTQ formatting done
[M::mem_process_seqs_merge2] CPE FASTQ formatting done
slave pre done
now n is 70214
processed 70214
[M::mem_process_seqs_merge2] Processed 70214 reads in 0.020 CPU sec, 0.674 real sec
slave pre done
now n is 70214
processed 70214
[M::mem_process_seqs_merge2] Processed 70214 reads in 0.010 CPU sec, 0.715 real sec
[M::process] read chunk (19660800 bytes/CG x 1 CGs, 19660800 bytes)...
[M::process] read chunk (19660800 bytes/CG x 1 CGs, 19660800 bytes)...
[M::process] read chunk (19660800 bytes/CG x 1 CGs, 19660800 bytes)...
[M::mem_process_seqs_merge2] CPE FASTQ formatting done
[M::mem_process_seqs_merge2] CPE FASTQ formatting done
[M::mem_process_seqs_merge2] CPE FASTQ formatting done
slave pre done
now n is 70214
processed 70214
[M::mem_process_seqs_merge2] Processed 70214 reads in 0.020 CPU sec, 0.746 real sec
slave pre done
now n is 70214
processed 70214
[M::mem_process_seqs_merge2] Processed 70214 reads in 0.010 CPU sec, 0.661 real sec
[M::process] read chunk (19660800 bytes/CG x 1 CGs, 19660800 bytes)...
slave pre done
now n is 71232
[M::mem_process_seqs_merge2] CPE FASTQ formatting done
processed 71232
[M::mem_process_seqs_merge2] Processed 71232 reads in 0.010 CPU sec, 0.915 real sec
[M::process] read chunk (19660800 bytes/CG x 1 CGs, 19660800 bytes)...
[M::process] read chunk (19660800 bytes/CG x 1 CGs, 19660800 bytes)...
[M::mem_process_seqs_merge2] CPE FASTQ formatting done
[M::mem_process_seqs_merge2] CPE FASTQ formatting done
slave pre done
now n is 70214
processed 70214
[M::mem_process_seqs_merge2] Processed 70214 reads in 0.020 CPU sec, 1.040 real sec
slave pre done
now n is 71232
processed 71232
[M::mem_process_seqs_merge2] Processed 71232 reads in 0.020 CPU sec, 0.912 real sec
slave pre done
now n is 70214
processed 70214
[M::mem_process_seqs_merge2] Processed 70214 reads in 0.020 CPU sec, 0.836 real sec
[M::process] read chunk (19660800 bytes/CG x 1 CGs, 19660800 bytes)...
[M::process] read chunk (19660800 bytes/CG x 1 CGs, 19660800 bytes)...
[M::mem_process_seqs_merge2] CPE FASTQ formatting done
[M::mem_process_seqs_merge2] CPE FASTQ formatting done
slave pre done
now n is 70214
processed 70214
[M::mem_process_seqs_merge2] Processed 70214 reads in 0.020 CPU sec, 0.903 real sec
[M::process] read chunk (19660800 bytes/CG x 1 CGs, 19660800 bytes)...
[M::process] read chunk (19660800 bytes/CG x 1 CGs, 19660800 bytes)...
[M::mem_process_seqs_merge2] CPE FASTQ formatting done
slave pre done
now n is 70214
processed 70214
[M::mem_process_seqs_merge2] Processed 70214 reads in 0.050 CPU sec, 1.198 real sec
[M::process] read chunk (19660800 bytes/CG x 1 CGs, 19660800 bytes)...
[M::mem_process_seqs_merge2] CPE FASTQ formatting done
[M::mem_process_seqs_merge2] CPE FASTQ formatting done
slave pre done
now n is 70214
processed 70214
[M::mem_process_seqs_merge2] Processed 70214 reads in 0.020 CPU sec, 0.730 real sec
slave pre done
now n is 69225
processed 69225
[M::mem_process_seqs_merge2] Processed 69225 reads in 0.020 CPU sec, 0.844 real sec
[M::process] read chunk (19660800 bytes/CG x 1 CGs, 19660800 bytes)...
slave pre done
now n is 70214
processed 70214
[M::mem_process_seqs_merge2] Processed 70214 reads in 0.010 CPU sec, 0.692 real sec
[M::process] read chunk (19660800 bytes/CG x 1 CGs, 19660800 bytes)...
[M::mem_process_seqs_merge2] CPE FASTQ formatting done
[M::process] read chunk (19660800 bytes/CG x 1 CGs, 19660800 bytes)...
[M::mem_process_seqs_merge2] CPE FASTQ formatting done
[M::mem_process_seqs_merge2] CPE FASTQ formatting done
slave pre done
now n is 69225
processed 69225
[M::mem_process_seqs_merge2] Processed 69225 reads in 0.020 CPU sec, 0.654 real sec
[M::process] read chunk (19660800 bytes/CG x 1 CGs, 19660800 bytes)...
[M::mem_process_seqs_merge2] CPE FASTQ formatting done
slave pre done
now n is 70214
processed 70214
[M::mem_process_seqs_merge2] Processed 70214 reads in 0.020 CPU sec, 0.938 real sec
slave pre done
now n is 70214
processed 70214
[M::mem_process_seqs_merge2] Processed 70214 reads in 0.020 CPU sec, 0.940 real sec
[M::process] read chunk (19660800 bytes/CG x 1 CGs, 19660800 bytes)...
slave pre done
now n is 69225
[M::process] read chunk (19660800 bytes/CG x 1 CGs, 19660800 bytes)...
processed 69225
[M::mem_process_seqs_merge2] Processed 69225 reads in 0.020 CPU sec, 0.649 real sec
[M::mem_process_seqs_merge2] CPE FASTQ formatting done
[M::mem_process_seqs_merge2] CPE FASTQ formatting done
slave pre done
now n is 70214
processed 70214
[M::mem_process_seqs_merge2] Processed 70214 reads in 0.020 CPU sec, 0.775 real sec
slave pre done
now n is 70214
processed 70214
[M::mem_process_seqs_merge2] Processed 70214 reads in 0.010 CPU sec, 0.738 real sec
[M::process] read chunk (19660800 bytes/CG x 1 CGs, 19660800 bytes)...
[M::process] read chunk (19660800 bytes/CG x 1 CGs, 19660800 bytes)...
[M::process] read chunk (19660800 bytes/CG x 1 CGs, 19660800 bytes)...
[M::mem_process_seqs_merge2] CPE FASTQ formatting done
[M::mem_process_seqs_merge2] CPE FASTQ formatting done
[M::mem_process_seqs_merge2] CPE FASTQ formatting done
slave pre done
now n is 70214
processed 70214
[M::mem_process_seqs_merge2] Processed 70214 reads in 0.020 CPU sec, 0.775 real sec
slave pre done
now n is 70214
processed 70214
[M::mem_process_seqs_merge2] Processed 70214 reads in 0.010 CPU sec, 0.827 real sec
[M::process] read chunk (19660800 bytes/CG x 1 CGs, 19660800 bytes)...
slave pre done
now n is 71232
processed 71232
[M::mem_process_seqs_merge2] Processed 71232 reads in 0.020 CPU sec, 0.903 real sec
[M::process] read chunk (19660800 bytes/CG x 1 CGs, 19660800 bytes)...
[M::mem_process_seqs_merge2] CPE FASTQ formatting done
[M::process] read chunk (19660800 bytes/CG x 1 CGs, 19660800 bytes)...
[M::mem_process_seqs_merge2] CPE FASTQ formatting done
[M::mem_process_seqs_merge2] CPE FASTQ formatting done
slave pre done
now n is 70214
processed 70214
[M::mem_process_seqs_merge2] Processed 70214 reads in 0.010 CPU sec, 0.652 real sec
slave pre done
now n is 71232
processed 71232
[M::mem_process_seqs_merge2] Processed 71232 reads in 0.000 CPU sec, 0.890 real sec
[M::process] read chunk (19660800 bytes/CG x 1 CGs, 19660800 bytes)...
[M::mem_process_seqs_merge2] CPE FASTQ formatting done
slave pre done
now n is 70214
processed 70214
[M::mem_process_seqs_merge2] Processed 70214 reads in 0.030 CPU sec, 0.968 real sec
[M::process] read chunk (19660800 bytes/CG x 1 CGs, 19660800 bytes)...
[M::process] read chunk (19660800 bytes/CG x 1 CGs, 19660800 bytes)...
[M::mem_process_seqs_merge2] CPE FASTQ formatting done
slave pre done
now n is 71232
processed 71232
[M::mem_process_seqs_merge2] Processed 71232 reads in 0.010 CPU sec, 0.736 real sec
[M::mem_process_seqs_merge2] CPE FASTQ formatting done
slave pre done
now n is 70214
processed 70214
[M::mem_process_seqs_merge2] Processed 70214 reads in 0.020 CPU sec, 0.824 real sec
[M::process] read chunk (19660800 bytes/CG x 1 CGs, 19660800 bytes)...
slave pre done
now n is 70214
processed 70214
[M::mem_process_seqs_merge2] Processed 70214 reads in 0.010 CPU sec, 0.711 real sec
[M::process] read chunk (19660800 bytes/CG x 1 CGs, 19660800 bytes)...
[M::mem_process_seqs_merge2] CPE FASTQ formatting done
[M::mem_process_seqs_merge2] CPE FASTQ formatting done
[M::process] read chunk (19660800 bytes/CG x 1 CGs, 19660800 bytes)...
[M::mem_process_seqs_merge2] CPE FASTQ formatting done
slave pre done
now n is 70214
processed 70214
[M::mem_process_seqs_merge2] Processed 70214 reads in 0.030 CPU sec, 0.628 real sec
slave pre done
now n is 70214
processed 70214
[M::mem_process_seqs_merge2] Processed 70214 reads in 0.010 CPU sec, 0.669 real sec
[M::process] read chunk (19660800 bytes/CG x 1 CGs, 19660800 bytes)...
slave pre done
now n is 69225
processed 69225
[M::mem_process_seqs_merge2] Processed 69225 reads in 0.020 CPU sec, 0.642 real sec
[M::mem_process_seqs_merge2] CPE FASTQ formatting done
[M::process] read chunk (19660800 bytes/CG x 1 CGs, 19660800 bytes)...
[M::mem_process_seqs_merge2] CPE FASTQ formatting done
[M::process] read chunk (19660800 bytes/CG x 1 CGs, 19660800 bytes)...
slave pre done
now n is 70214
processed 70214
[M::mem_process_seqs_merge2] Processed 70214 reads in 0.010 CPU sec, 0.659 real sec
[M::mem_process_seqs_merge2] CPE FASTQ formatting done
slave pre done
now n is 69225
processed 69225
[M::mem_process_seqs_merge2] Processed 69225 reads in 0.020 CPU sec, 0.740 real sec
[M::process] read chunk (19660800 bytes/CG x 1 CGs, 19660800 bytes)...
[M::mem_process_seqs_merge2] CPE FASTQ formatting done
[M::process] read chunk (19660800 bytes/CG x 1 CGs, 19660800 bytes)...
slave pre done
now n is 69225
processed 69225
[M::mem_process_seqs_merge2] Processed 69225 reads in 0.020 CPU sec, 0.654 real sec
slave pre done
now n is 70214
[M::process] read chunk (19660800 bytes/CG x 1 CGs, 19660800 bytes)...
processed 70214
[M::mem_process_seqs_merge2] Processed 70214 reads in 0.070 CPU sec, 1.143 real sec
[M::process] read chunk (19660800 bytes/CG x 1 CGs, 19660800 bytes)...
[M::mem_process_seqs_merge2] CPE FASTQ formatting done
[M::mem_process_seqs_merge2] CPE FASTQ formatting done
[M::mem_process_seqs_merge2] CPE FASTQ formatting done
slave pre done
now n is 70214
processed 70214
[M::mem_process_seqs_merge2] Processed 70214 reads in 0.010 CPU sec, 0.730 real sec
[M::process] read chunk (19660800 bytes/CG x 1 CGs, 19660800 bytes)...
slave pre done
now n is 69225
processed 69225
[M::mem_process_seqs_merge2] Processed 69225 reads in 0.030 CPU sec, 0.696 real sec
slave pre done
now n is 70214
processed 70214
[M::mem_process_seqs_merge2] Processed 70214 reads in 0.020 CPU sec, 0.755 real sec
[M::mem_process_seqs_merge2] CPE FASTQ formatting done
[M::process] read chunk (19660800 bytes/CG x 1 CGs, 19660800 bytes)...
[M::mem_process_seqs_merge2] CPE FASTQ formatting done
[M::process] read chunk (19660800 bytes/CG x 1 CGs, 19660800 bytes)...
[M::mem_process_seqs_merge2] CPE FASTQ formatting done
slave pre done
now n is 70214
processed 70214
[M::mem_process_seqs_merge2] Processed 70214 reads in 0.010 CPU sec, 0.757 real sec
[M::process] read chunk (19660800 bytes/CG x 1 CGs, 19660800 bytes)...
slave pre done
now n is 70214
processed 70214
[M::mem_process_seqs_merge2] Processed 70214 reads in 0.010 CPU sec, 0.737 real sec
[M::process] read chunk (19660800 bytes/CG x 1 CGs, 19660800 bytes)...
slave pre done
now n is 71232
[M::mem_process_seqs_merge2] CPE FASTQ formatting done
processed 71232
[M::mem_process_seqs_merge2] Processed 71232 reads in 0.020 CPU sec, 0.764 real sec
[M::process] read chunk (19660800 bytes/CG x 1 CGs, 19660800 bytes)...
[M::mem_process_seqs_merge2] CPE FASTQ formatting done
[M::mem_process_seqs_merge2] CPE FASTQ formatting done
slave pre done
now n is 70214
processed 70214
[M::mem_process_seqs_merge2] Processed 70214 reads in 0.010 CPU sec, 0.659 real sec
[M::process] read chunk (19660800 bytes/CG x 1 CGs, 19660800 bytes)...
[M::process] read chunk (19660800 bytes/CG x 1 CGs, 19660800 bytes)...
slave pre done
now n is 70214
processed 70214
[M::mem_process_seqs_merge2] Processed 70214 reads in 0.020 CPU sec, 0.718 real sec
slave pre done
now n is 71232
processed 71232
[M::mem_process_seqs_merge2] Processed 71232 reads in 0.020 CPU sec, 0.716 real sec
[M::process] read chunk (19660800 bytes/CG x 1 CGs, 19660800 bytes)...
[M::mem_process_seqs_merge2] CPE FASTQ formatting done
[M::mem_process_seqs_merge2] CPE FASTQ formatting done
[M::mem_process_seqs_merge2] CPE FASTQ formatting done
slave pre done
now n is 70214
processed 70214
[M::mem_process_seqs_merge2] Processed 70214 reads in 0.020 CPU sec, 0.740 real sec
slave pre done
now n is 70214
processed 70214
[M::mem_process_seqs_merge2] Processed 70214 reads in 0.020 CPU sec, 0.733 real sec
[M::process] read chunk (19660800 bytes/CG x 1 CGs, 19660800 bytes)...
slave pre done
now n is 71232
processed 71232
[M::mem_process_seqs_merge2] Processed 71232 reads in 0.010 CPU sec, 0.755 real sec
[M::mem_process_seqs_merge2] CPE FASTQ formatting done
[M::process] read chunk (19660800 bytes/CG x 1 CGs, 19660800 bytes)...
[M::process] read chunk (19660800 bytes/CG x 1 CGs, 19660800 bytes)...
[M::mem_process_seqs_merge2] CPE FASTQ formatting done
[M::mem_process_seqs_merge2] CPE FASTQ formatting done
slave pre done
now n is 70214
processed 70214
[M::mem_process_seqs_merge2] Processed 70214 reads in 0.020 CPU sec, 0.835 real sec
[M::process] read chunk (19660800 bytes/CG x 1 CGs, 19660800 bytes)...
slave pre done
now n is 71232
processed 71232
[M::mem_process_seqs_merge2] Processed 71232 reads in 0.020 CPU sec, 0.787 real sec
[M::mem_process_seqs_merge2] CPE FASTQ formatting done
[M::process] read chunk (19660800 bytes/CG x 1 CGs, 19660800 bytes)...
[M::mem_process_seqs_merge2] CPE FASTQ formatting done
slave pre done
now n is 70214
processed 70214
[M::mem_process_seqs_merge2] Processed 70214 reads in 0.020 CPU sec, 0.907 real sec
[M::process] read chunk (19660800 bytes/CG x 1 CGs, 19660800 bytes)...
[M::mem_process_seqs_merge2] CPE FASTQ formatting done
slave pre done
now n is 69225
processed 69225
[M::mem_process_seqs_merge2] Processed 69225 reads in 0.020 CPU sec, 0.683 real sec
[M::process] read chunk (19660800 bytes/CG x 1 CGs, 19660800 bytes)...
slave pre done
now n is 70214
[M::mem_process_seqs_merge2] CPE FASTQ formatting done
processed 70214
[M::mem_process_seqs_merge2] Processed 70214 reads in 0.080 CPU sec, 2.276 real sec
[M::process] read chunk (19660800 bytes/CG x 1 CGs, 19660800 bytes)...
[M::process] read chunk (19660800 bytes/CG x 1 CGs, 19660800 bytes)...
slave pre done
now n is 70214
processed 70214
[M::mem_process_seqs_merge2] Processed 70214 reads in 0.020 CPU sec, 0.805 real sec
[M::mem_process_seqs_merge2] CPE FASTQ formatting done
[M::mem_process_seqs_merge2] CPE FASTQ formatting done
slave pre done
now n is 69225
processed 69225
[M::mem_process_seqs_merge2] Processed 69225 reads in 0.030 CPU sec, 0.744 real sec
[M::process] read chunk (19660800 bytes/CG x 1 CGs, 19660800 bytes)...
slave pre done
now n is 70214
processed 70214
[M::mem_process_seqs_merge2] Processed 70214 reads in 0.010 CPU sec, 0.639 real sec
[M::mem_process_seqs_merge2] CPE FASTQ formatting done
[M::process] read chunk (19660800 bytes/CG x 1 CGs, 19660800 bytes)...
slave pre done
now n is 70214
processed 70214
[M::mem_process_seqs_merge2] Processed 70214 reads in 0.020 CPU sec, 0.739 real sec
[M::mem_process_seqs_merge2] CPE FASTQ formatting done
[M::process] read chunk (19660800 bytes/CG x 1 CGs, 19660800 bytes)...
[M::mem_process_seqs_merge2] CPE FASTQ formatting done
slave pre done
now n is 69225
processed 69225
[M::mem_process_seqs_merge2] Processed 69225 reads in 0.020 CPU sec, 0.899 real sec
[M::process] read chunk (19660800 bytes/CG x 1 CGs, 19660800 bytes)...
slave pre done
now n is 70214
processed 70214
[M::mem_process_seqs_merge2] Processed 70214 reads in 0.020 CPU sec, 0.769 real sec
[M::process] read chunk (19660800 bytes/CG x 1 CGs, 19660800 bytes)...
[M::mem_process_seqs_merge2] CPE FASTQ formatting done
[M::mem_process_seqs_merge2] CPE FASTQ formatting done
slave pre done
now n is 70214
processed 70214
[M::mem_process_seqs_merge2] Processed 70214 reads in 0.030 CPU sec, 0.864 real sec
[M::process] read chunk (19660800 bytes/CG x 1 CGs, 19660800 bytes)...
[M::mem_process_seqs_merge2] CPE FASTQ formatting done
slave pre done
now n is 70214
processed 70214
[M::mem_process_seqs_merge2] Processed 70214 reads in 0.010 CPU sec, 0.909 real sec
[M::process] read chunk (19660800 bytes/CG x 1 CGs, 19660800 bytes)...
slave pre done
now n is 70214
processed 70214
[M::mem_process_seqs_merge2] Processed 70214 reads in 0.020 CPU sec, 0.817 real sec
[M::process] read chunk (19660800 bytes/CG x 1 CGs, 19660800 bytes)...
[M::mem_process_seqs_merge2] CPE FASTQ formatting done
slave pre done
now n is 70214
processed 70214
[M::mem_process_seqs_merge2] Processed 70214 reads in 0.010 CPU sec, 0.738 real sec
[M::mem_process_seqs_merge2] CPE FASTQ formatting done
slave pre done
now n is 70214
processed 70214
[M::mem_process_seqs_merge2] Processed 70214 reads in 0.010 CPU sec, 0.879 real sec
[M::process] read chunk (19660800 bytes/CG x 1 CGs, 19660800 bytes)...
slave pre done
now n is 71232
processed 71232
[M::mem_process_seqs_merge2] Processed 71232 reads in 0.010 CPU sec, 0.935 real sec
[M::process] read chunk (19660800 bytes/CG x 1 CGs, 19660800 bytes)...
[M::mem_process_seqs_merge2] CPE FASTQ formatting done
[M::process] read chunk (19660800 bytes/CG x 1 CGs, 19660800 bytes)...
[M::mem_process_seqs_merge2] CPE FASTQ formatting done
[M::mem_process_seqs_merge2] CPE FASTQ formatting done
slave pre done
now n is 70230
processed 70230
[M::mem_process_seqs_merge2] Processed 70230 reads in 0.010 CPU sec, 0.665 real sec
[M::process] read chunk (19660800 bytes/CG x 1 CGs, 19660800 bytes)...
slave pre done
now n is 70214
processed 70214
[M::mem_process_seqs_merge2] Processed 70214 reads in 0.010 CPU sec, 1.001 real sec
slave pre done
now n is 70214
processed 70214
[M::mem_process_seqs_merge2] Processed 70214 reads in 0.020 CPU sec, 0.760 real sec
[M::mem_process_seqs_merge2] CPE FASTQ formatting done
[M::process] read chunk (19660800 bytes/CG x 1 CGs, 19660800 bytes)...
[M::mem_process_seqs_merge2] CPE FASTQ formatting done
[M::process] read chunk (19660800 bytes/CG x 1 CGs, 19660800 bytes)...
[M::mem_process_seqs_merge2] CPE FASTQ formatting done
slave pre done
now n is 70214
processed 70214
[M::mem_process_seqs_merge2] Processed 70214 reads in 0.020 CPU sec, 0.927 real sec
[M::process] read chunk (19660800 bytes/CG x 1 CGs, 19660800 bytes)...
slave pre done
now n is 69225
processed 69225
[M::mem_process_seqs_merge2] Processed 69225 reads in 0.020 CPU sec, 0.743 real sec
[M::process] read chunk (19660800 bytes/CG x 1 CGs, 19660800 bytes)...
slave pre done
now n is 70214
processed 70214
[M::mem_process_seqs_merge2] Processed 70214 reads in 0.090 CPU sec, 1.751 real sec
[M::mem_process_seqs_merge2] CPE FASTQ formatting done
[M::mem_process_seqs_merge2] CPE FASTQ formatting done
[M::process] read chunk (19660800 bytes/CG x 1 CGs, 19660800 bytes)...
[M::mem_process_seqs_merge2] CPE FASTQ formatting done
slave pre done
now n is 70214
processed 70214
[M::mem_process_seqs_merge2] Processed 70214 reads in 0.020 CPU sec, 0.711 real sec
slave pre done
now n is 69225
processed 69225
[M::mem_process_seqs_merge2] Processed 69225 reads in 0.020 CPU sec, 0.812 real sec
[M::process] read chunk (19660800 bytes/CG x 1 CGs, 19660800 bytes)...
[M::mem_process_seqs_merge2] CPE FASTQ formatting done
slave pre done
now n is 70214
processed 70214
[M::mem_process_seqs_merge2] Processed 70214 reads in 0.030 CPU sec, 1.003 real sec
[M::process] read chunk (19660800 bytes/CG x 1 CGs, 19660800 bytes)...
[M::process] read chunk (19660800 bytes/CG x 1 CGs, 19660800 bytes)...
[M::mem_process_seqs_merge2] CPE FASTQ formatting done
[M::mem_process_seqs_merge2] CPE FASTQ formatting done
slave pre done
now n is 70214
processed 70214
[M::mem_process_seqs_merge2] Processed 70214 reads in 0.010 CPU sec, 0.749 real sec
slave pre done
now n is 70214
processed 70214
[M::mem_process_seqs_merge2] Processed 70214 reads in 0.020 CPU sec, 0.774 real sec
[M::process] read chunk (19660800 bytes/CG x 1 CGs, 19660800 bytes)...
[M::process] read chunk (19660800 bytes/CG x 1 CGs, 19660800 bytes)...
slave pre done
now n is 69225
processed 69225
[M::mem_process_seqs_merge2] Processed 69225 reads in 0.080 CPU sec, 1.686 real sec
[M::mem_process_seqs_merge2] CPE FASTQ formatting done
[M::process] read chunk (19660800 bytes/CG x 1 CGs, 19660800 bytes)...
[M::mem_process_seqs_merge2] CPE FASTQ formatting done
[M::mem_process_seqs_merge2] CPE FASTQ formatting done
slave pre done
now n is 70214
processed 70214
[M::mem_process_seqs_merge2] Processed 70214 reads in 0.040 CPU sec, 0.824 real sec
slave pre done
now n is 70214
processed 70214
[M::mem_process_seqs_merge2] Processed 70214 reads in 0.020 CPU sec, 0.894 real sec
[M::process] read chunk (19660800 bytes/CG x 1 CGs, 19660800 bytes)...
[M::process] read chunk (19660800 bytes/CG x 1 CGs, 19660800 bytes)...
[M::mem_process_seqs_merge2] CPE FASTQ formatting done
slave pre done
now n is 70214
processed 70214
[M::mem_process_seqs_merge2] Processed 70214 reads in 0.050 CPU sec, 1.035 real sec
[M::process] read chunk (19660800 bytes/CG x 1 CGs, 19660800 bytes)...
[M::mem_process_seqs_merge2] CPE FASTQ formatting done
[M::mem_process_seqs_merge2] CPE FASTQ formatting done
slave pre done
now n is 70214
processed 70214
[M::mem_process_seqs_merge2] Processed 70214 reads in 0.060 CPU sec, 0.998 real sec
slave pre done
now n is 70214
processed 70214
[M::mem_process_seqs_merge2] Processed 70214 reads in 0.020 CPU sec, 0.953 real sec
[M::process] read chunk (19660800 bytes/CG x 1 CGs, 19660800 bytes)...
[M::process] read chunk (19660800 bytes/CG x 1 CGs, 19660800 bytes)...
slave pre done
now n is 70214
processed 70214
[M::mem_process_seqs_merge2] Processed 70214 reads in 0.010 CPU sec, 1.036 real sec
[M::process] read chunk (19660800 bytes/CG x 1 CGs, 19660800 bytes)...
[M::mem_process_seqs_merge2] CPE FASTQ formatting done
[M::mem_process_seqs_merge2] CPE FASTQ formatting done
[M::mem_process_seqs_merge2] CPE FASTQ formatting done
slave pre done
now n is 70214
slave pre done
now n is 70214
processed 70214
[M::mem_process_seqs_merge2] Processed 70214 reads in 0.030 CPU sec, 0.858 real sec
processed 70214
[M::mem_process_seqs_merge2] Processed 70214 reads in 0.010 CPU sec, 0.786 real sec
[M::process] read chunk (19660800 bytes/CG x 1 CGs, 19660800 bytes)...
[M::process] read chunk (19660800 bytes/CG x 1 CGs, 19660800 bytes)...
slave pre done
now n is 70214
processed 70214
[M::mem_process_seqs_merge2] Processed 70214 reads in 0.010 CPU sec, 0.977 real sec
[M::mem_process_seqs_merge2] CPE FASTQ formatting done
[M::process] read chunk (19660800 bytes/CG x 1 CGs, 19660800 bytes)...
[M::mem_process_seqs_merge2] CPE FASTQ formatting done
[M::mem_process_seqs_merge2] CPE FASTQ formatting done
slave pre done
now n is 70214
processed 70214
[M::mem_process_seqs_merge2] Processed 70214 reads in 0.010 CPU sec, 0.844 real sec
slave pre done
now n is 70214
processed 70214
[M::mem_process_seqs_merge2] Processed 70214 reads in 0.020 CPU sec, 0.959 real sec
[M::process] read chunk (19660800 bytes/CG x 1 CGs, 19660800 bytes)...
slave pre done
now n is 69225
processed 69225
[M::mem_process_seqs_merge2] Processed 69225 reads in 0.020 CPU sec, 0.805 real sec
[M::process] read chunk (19660800 bytes/CG x 1 CGs, 19660800 bytes)...
[M::mem_process_seqs_merge2] CPE FASTQ formatting done
[M::mem_process_seqs_merge2] CPE FASTQ formatting done
[M::process] read chunk (19660800 bytes/CG x 1 CGs, 19660800 bytes)...
[M::mem_process_seqs_merge2] CPE FASTQ formatting done
slave pre done
now n is 69225
processed 69225
[M::mem_process_seqs_merge2] Processed 69225 reads in 0.020 CPU sec, 0.708 real sec
[M::process] read chunk (19660800 bytes/CG x 1 CGs, 19660800 bytes)...
slave pre done
now n is 70214
processed 70214
[M::mem_process_seqs_merge2] Processed 70214 reads in 0.030 CPU sec, 1.190 real sec
[M::mem_process_seqs_merge2] CPE FASTQ formatting done
slave pre done
now n is 70214
processed 70214
[M::mem_process_seqs_merge2] Processed 70214 reads in 0.010 CPU sec, 0.832 real sec
[M::process] read chunk (19660800 bytes/CG x 1 CGs, 19660800 bytes)...
[M::mem_process_seqs_merge2] CPE FASTQ formatting done
[M::process] read chunk (19660800 bytes/CG x 1 CGs, 19660800 bytes)...
slave pre done
now n is 69225
processed 69225
[M::mem_process_seqs_merge2] Processed 69225 reads in 0.020 CPU sec, 0.689 real sec
[M::mem_process_seqs_merge2] CPE FASTQ formatting done
[M::process] read chunk (19660800 bytes/CG x 1 CGs, 19660800 bytes)...
[M::mem_process_seqs_merge2] CPE FASTQ formatting done
slave pre done
now n is 70214
processed 70214
[M::mem_process_seqs_merge2] Processed 70214 reads in 0.010 CPU sec, 0.761 real sec
[M::process] read chunk (19660800 bytes/CG x 1 CGs, 19660800 bytes)...
slave pre done
now n is 69225
processed 69225
[M::mem_process_seqs_merge2] Processed 69225 reads in 0.030 CPU sec, 0.766 real sec
slave pre done
now n is 70214
[M::process] read chunk (19660800 bytes/CG x 1 CGs, 19660800 bytes)...
processed 70214
[M::mem_process_seqs_merge2] Processed 70214 reads in 0.030 CPU sec, 1.370 real sec
[M::mem_process_seqs_merge2] CPE FASTQ formatting done
[M::process] read chunk (19660800 bytes/CG x 1 CGs, 19660800 bytes)...
[M::mem_process_seqs_merge2] CPE FASTQ formatting done
[M::mem_process_seqs_merge2] CPE FASTQ formatting done
[M::process] read chunk (19660800 bytes/CG x 1 CGs, 19660800 bytes)...
slave pre done
now n is 70214
processed 70214
[M::mem_process_seqs_merge2] Processed 70214 reads in 0.010 CPU sec, 0.722 real sec
[M::mem_process_seqs_merge2] CPE FASTQ formatting done
slave pre done
now n is 70214
processed 70214
[M::mem_process_seqs_merge2] Processed 70214 reads in 0.030 CPU sec, 1.035 real sec
[M::process] read chunk (19660800 bytes/CG x 1 CGs, 19660800 bytes)...
[M::mem_process_seqs_merge2] CPE FASTQ formatting done
slave pre done
now n is 70214
processed 70214
[M::mem_process_seqs_merge2] Processed 70214 reads in 0.080 CPU sec, 1.965 real sec
[M::process] read chunk (19660800 bytes/CG x 1 CGs, 19660800 bytes)...
slave pre done
now n is 70214
processed 70214
[M::mem_process_seqs_merge2] Processed 70214 reads in 0.010 CPU sec, 0.873 real sec
[M::process] read chunk (19660800 bytes/CG x 1 CGs, 19660800 bytes)...
[M::mem_process_seqs_merge2] CPE FASTQ formatting done
slave pre done
now n is 70214
processed 70214
[M::mem_process_seqs_merge2] Processed 70214 reads in 0.010 CPU sec, 0.688 real sec
[M::process] read chunk (19660800 bytes/CG x 1 CGs, 19660800 bytes)...
[M::mem_process_seqs_merge2] CPE FASTQ formatting done
[M::process] read chunk (19660800 bytes/CG x 1 CGs, 19660800 bytes)...
[M::mem_process_seqs_merge2] CPE FASTQ formatting done
[M::mem_process_seqs_merge2] CPE FASTQ formatting done
slave pre done
now n is 70214
processed 70214
[M::mem_process_seqs_merge2] Processed 70214 reads in 0.040 CPU sec, 0.912 real sec
[M::process] read chunk (19660800 bytes/CG x 1 CGs, 19660800 bytes)...
slave pre done
now n is 70214
processed 70214
[M::mem_process_seqs_merge2] Processed 70214 reads in 0.020 CPU sec, 0.887 real sec
slave pre done
now n is 69510
processed 69510
[M::mem_process_seqs_merge2] Processed 69510 reads in 0.010 CPU sec, 0.635 real sec
[M::process] read chunk (19660800 bytes/CG x 1 CGs, 19660800 bytes)...
[M::mem_process_seqs_merge2] CPE FASTQ formatting done
slave pre done
now n is 70214
processed 70214
[M::mem_process_seqs_merge2] Processed 70214 reads in 0.020 CPU sec, 0.773 real sec
[M::mem_process_seqs_merge2] CPE FASTQ formatting done
[M::process] read chunk (19660800 bytes/CG x 1 CGs, 19660800 bytes)...
[M::mem_process_seqs_merge2] CPE FASTQ formatting done
slave pre done
now n is 70214
processed 70214
[M::mem_process_seqs_merge2] Processed 70214 reads in 0.020 CPU sec, 0.814 real sec
[M::process] read chunk (19660800 bytes/CG x 1 CGs, 19660800 bytes)...
slave pre done
now n is 70214
processed 70214
[M::mem_process_seqs_merge2] Processed 70214 reads in 0.020 CPU sec, 0.881 real sec
[M::mem_process_seqs_merge2] CPE FASTQ formatting done
slave pre done
now n is 70214
processed 70214
[M::mem_process_seqs_merge2] Processed 70214 reads in 0.050 CPU sec, 0.968 real sec
[M::process] read chunk (19660800 bytes/CG x 1 CGs, 19660800 bytes)...
slave pre done
now n is 69225
processed 69225
[M::mem_process_seqs_merge2] Processed 69225 reads in 0.020 CPU sec, 0.701 real sec
[M::mem_process_seqs_merge2] CPE FASTQ formatting done
[M::process] read chunk (19660800 bytes/CG x 1 CGs, 19660800 bytes)...
[M::process] read chunk (19660800 bytes/CG x 1 CGs, 19660800 bytes)...
[M::mem_process_seqs_merge2] CPE FASTQ formatting done
[M::mem_process_seqs_merge2] CPE FASTQ formatting done
slave pre done
now n is 69225
processed 69225
[M::mem_process_seqs_merge2] Processed 69225 reads in 0.020 CPU sec, 0.663 real sec
slave pre done
now n is 70214
processed 70214
[M::mem_process_seqs_merge2] Processed 70214 reads in 0.030 CPU sec, 0.969 real sec
[M::process] read chunk (19660800 bytes/CG x 1 CGs, 19660800 bytes)...
[M::mem_process_seqs_merge2] CPE FASTQ formatting done
slave pre done
now n is 70214
processed 70214
[M::mem_process_seqs_merge2] Processed 70214 reads in 0.010 CPU sec, 0.718 real sec
[M::process] read chunk (19660800 bytes/CG x 1 CGs, 19660800 bytes)...
[M::mem_process_seqs_merge2] CPE FASTQ formatting done
[M::process] read chunk (19660800 bytes/CG x 1 CGs, 19660800 bytes)...
slave pre done
now n is 69225
processed 69225
[M::mem_process_seqs_merge2] Processed 69225 reads in 0.020 CPU sec, 0.742 real sec
[M::mem_process_seqs_merge2] CPE FASTQ formatting done
slave pre done
now n is 70214
processed 70214
[M::mem_process_seqs_merge2] Processed 70214 reads in 0.010 CPU sec, 0.816 real sec
[M::process] read chunk (19660800 bytes/CG x 1 CGs, 19660800 bytes)...
[M::mem_process_seqs_merge2] CPE FASTQ formatting done
slave pre done
now n is 69225
processed 69225
[M::mem_process_seqs_merge2] Processed 69225 reads in 0.010 CPU sec, 0.865 real sec
[M::process] read chunk (19660800 bytes/CG x 1 CGs, 19660800 bytes)...
[M::process] read chunk (19660800 bytes/CG x 1 CGs, 19660800 bytes)...
[M::mem_process_seqs_merge2] CPE FASTQ formatting done
[M::mem_process_seqs_merge2] CPE FASTQ formatting done
slave pre done
now n is 70214
processed 70214
[M::mem_process_seqs_merge2] Processed 70214 reads in 0.010 CPU sec, 0.769 real sec
[M::process] read chunk (19660800 bytes/CG x 1 CGs, 19660800 bytes)...
[M::mem_process_seqs_merge2] CPE FASTQ formatting done
slave pre done
now n is 69225
processed 69225
[M::mem_process_seqs_merge2] Processed 69225 reads in 0.010 CPU sec, 0.873 real sec
slave pre done
now n is 70214
processed 70214
[M::mem_process_seqs_merge2] Processed 70214 reads in 0.010 CPU sec, 0.887 real sec
[M::process] read chunk (19660800 bytes/CG x 1 CGs, 19660800 bytes)...
[M::process] read chunk (19660800 bytes/CG x 1 CGs, 19660800 bytes)...
[M::process] read chunk (19660800 bytes/CG x 1 CGs, 19660800 bytes)...
[M::mem_process_seqs_merge2] CPE FASTQ formatting done
slave pre done
now n is 70214
[M::mem_process_seqs_merge2] CPE FASTQ formatting done
processed 70214
[M::mem_process_seqs_merge2] Processed 70214 reads in 0.020 CPU sec, 0.856 real sec
[M::mem_process_seqs_merge2] CPE FASTQ formatting done
slave pre done
now n is 69225
processed 69225
[M::mem_process_seqs_merge2] Processed 69225 reads in 0.030 CPU sec, 0.734 real sec
slave pre done
now n is 70214
[M::process] read chunk (19660800 bytes/CG x 1 CGs, 19660800 bytes)...
processed 70214
[M::mem_process_seqs_merge2] Processed 70214 reads in 0.000 CPU sec, 0.768 real sec
[M::process] read chunk (19660800 bytes/CG x 1 CGs, 19660800 bytes)...
slave pre done
now n is 70214
processed 70214
[M::mem_process_seqs_merge2] Processed 70214 reads in 0.010 CPU sec, 0.878 real sec
[M::process] read chunk (19660800 bytes/CG x 1 CGs, 19660800 bytes)...
[M::mem_process_seqs_merge2] CPE FASTQ formatting done
[M::mem_process_seqs_merge2] CPE FASTQ formatting done
[M::mem_process_seqs_merge2] CPE FASTQ formatting done
[M::process] read chunk (19660800 bytes/CG x 1 CGs, 19660800 bytes)...
[M::mem_process_seqs_merge2] CPE FASTQ formatting done
slave pre done
now n is 69225
processed 69225
[M::mem_process_seqs_merge2] Processed 69225 reads in 0.010 CPU sec, 0.739 real sec
slave pre done
now n is 70214
processed 70214
[M::mem_process_seqs_merge2] Processed 70214 reads in 0.010 CPU sec, 0.767 real sec
slave pre done
now n is 70214
processed 70214
[M::mem_process_seqs_merge2] Processed 70214 reads in 0.020 CPU sec, 0.705 real sec
[M::process] read chunk (19660800 bytes/CG x 1 CGs, 19660800 bytes)...
[M::mem_process_seqs_merge2] CPE FASTQ formatting done
slave pre done
now n is 70214
processed 70214
[M::mem_process_seqs_merge2] Processed 70214 reads in 0.030 CPU sec, 0.816 real sec
[M::process] read chunk (19660800 bytes/CG x 1 CGs, 19660800 bytes)...
[M::process] read chunk (19660800 bytes/CG x 1 CGs, 19660800 bytes)...
slave pre done
now n is 70214
processed 70214
[M::mem_process_seqs_merge2] Processed 70214 reads in 0.020 CPU sec, 0.741 real sec
[M::mem_process_seqs_merge2] CPE FASTQ formatting done
[M::process] read chunk (19660800 bytes/CG x 1 CGs, 19660800 bytes)...
[M::mem_process_seqs_merge2] CPE FASTQ formatting done
[M::mem_process_seqs_merge2] CPE FASTQ formatting done
slave pre done
now n is 70214
processed 70214
[M::mem_process_seqs_merge2] Processed 70214 reads in 0.030 CPU sec, 0.767 real sec
slave pre done
now n is 69225
processed 69225
[M::mem_process_seqs_merge2] Processed 69225 reads in 0.030 CPU sec, 0.681 real sec
[M::process] read chunk (19660800 bytes/CG x 1 CGs, 19660800 bytes)...
[M::process] read chunk (19660800 bytes/CG x 1 CGs, 19660800 bytes)...
slave pre done
now n is 70214
processed 70214
[M::mem_process_seqs_merge2] Processed 70214 reads in 0.020 CPU sec, 0.903 real sec
[M::mem_process_seqs_merge2] CPE FASTQ formatting done
[M::mem_process_seqs_merge2] CPE FASTQ formatting done
[M::process] read chunk (19660800 bytes/CG x 1 CGs, 19660800 bytes)...
[M::mem_process_seqs_merge2] CPE FASTQ formatting done
slave pre done
now n is 69225
processed 69225
[M::mem_process_seqs_merge2] Processed 69225 reads in 0.030 CPU sec, 0.780 real sec
slave pre done
now n is 70214
[M::process] read chunk (19660800 bytes/CG x 1 CGs, 19660800 bytes)...
processed 70214
[M::mem_process_seqs_merge2] Processed 70214 reads in 0.020 CPU sec, 0.894 real sec
[M::process] read chunk (19660800 bytes/CG x 1 CGs, 19660800 bytes)...
slave pre done
now n is 70214
processed 70214
[M::mem_process_seqs_merge2] Processed 70214 reads in 0.010 CPU sec, 0.696 real sec
[M::mem_process_seqs_merge2] CPE FASTQ formatting done
[M::process] read chunk (19660800 bytes/CG x 1 CGs, 19660800 bytes)...
[M::mem_process_seqs_merge2] CPE FASTQ formatting done
[M::mem_process_seqs_merge2] CPE FASTQ formatting done
[M::process] read chunk (19660800 bytes/CG x 1 CGs, 19660800 bytes)...
slave pre done
now n is 69225
processed 69225
[M::mem_process_seqs_merge2] Processed 69225 reads in 0.020 CPU sec, 0.771 real sec
slave pre done
now n is 70214
processed 70214
[M::mem_process_seqs_merge2] Processed 70214 reads in 0.030 CPU sec, 0.829 real sec
[M::mem_process_seqs_merge2] CPE FASTQ formatting done
slave pre done
now n is 70214
processed 70214
[M::mem_process_seqs_merge2] Processed 70214 reads in 0.010 CPU sec, 0.815 real sec
[M::process] read chunk (19660800 bytes/CG x 1 CGs, 19660800 bytes)...
[M::mem_process_seqs_merge2] CPE FASTQ formatting done
slave pre done
now n is 69225
processed 69225
[M::mem_process_seqs_merge2] Processed 69225 reads in 0.010 CPU sec, 0.647 real sec
[M::process] read chunk (19660800 bytes/CG x 1 CGs, 19660800 bytes)...
[M::mem_process_seqs_merge2] CPE FASTQ formatting done
[M::process] read chunk (19660800 bytes/CG x 1 CGs, 19660800 bytes)...
[M::mem_process_seqs_merge2] CPE FASTQ formatting done
slave pre done
now n is 70214
processed 70214
[M::mem_process_seqs_merge2] Processed 70214 reads in 0.010 CPU sec, 0.836 real sec
slave pre done
now n is 69225
processed 69225
[M::mem_process_seqs_merge2] Processed 69225 reads in 0.010 CPU sec, 0.639 real sec
[M::process] read chunk (19660800 bytes/CG x 1 CGs, 19205784 bytes)...
[M::mem_process_seqs_merge2] CPE FASTQ formatting done
slave pre done
now n is 70214
processed 70214
[M::mem_process_seqs_merge2] Processed 70214 reads in 0.010 CPU sec, 0.807 real sec
[M::process] read chunk (19660800 bytes/CG x 1 CGs, 19660800 bytes)...
[M::process] read chunk (19660800 bytes/CG x 1 CGs, 19660800 bytes)...
[M::mem_process_seqs_merge2] CPE FASTQ formatting done
[M::mem_process_seqs_merge2] CPE FASTQ formatting done
slave pre done
now n is 67626
processed 67626
[M::mem_process_seqs_merge2] Processed 67626 reads in 0.010 CPU sec, 0.715 real sec
[M::process] read chunk (19660800 bytes/CG x 1 CGs, 19660800 bytes)...
slave pre done
now n is 70214
processed 70214
[M::mem_process_seqs_merge2] Processed 70214 reads in 0.030 CPU sec, 0.950 real sec
slave pre done
now n is 70214
processed 70214
[M::mem_process_seqs_merge2] Processed 70214 reads in 0.010 CPU sec, 0.926 real sec
[M::process] read chunk (19660800 bytes/CG x 1 CGs, 19205760 bytes)...
[M::process] read chunk (19660800 bytes/CG x 1 CGs, 19660800 bytes)...
[M::mem_process_seqs_merge2] CPE FASTQ formatting done
[M::mem_process_seqs_merge2] CPE FASTQ formatting done
[M::mem_process_seqs_merge2] CPE FASTQ formatting done
slave pre done
now n is 69225
processed 69225
[M::mem_process_seqs_merge2] Processed 69225 reads in 0.020 CPU sec, 0.731 real sec
[M::process] read chunk (19660800 bytes/CG x 1 CGs, 19660800 bytes)...
[M::mem_process_seqs_merge2] CPE FASTQ formatting done
[M::process] read chunk (19660800 bytes/CG x 1 CGs, 19660800 bytes)...
[M::mem_process_seqs_merge2] CPE FASTQ formatting done
slave pre done
now n is 68592
processed 68592
[M::mem_process_seqs_merge2] Processed 68592 reads in 0.060 CPU sec, 1.552 real sec
slave pre done
now n is 69225
processed 69225
[M::mem_process_seqs_merge2] Processed 69225 reads in 0.020 CPU sec, 0.841 real sec
[M::process] read chunk (19660800 bytes/CG x 1 CGs, 19206068 bytes)...
[M::mem_process_seqs_merge2] CPE FASTQ formatting done
slave pre done
now n is 70214
processed 70214
[M::mem_process_seqs_merge2] Processed 70214 reads in 0.030 CPU sec, 0.860 real sec
slave pre done
now n is 70214
processed 70214
[M::mem_process_seqs_merge2] Processed 70214 reads in 0.030 CPU sec, 2.150 real sec
[M::process] read chunk (19660800 bytes/CG x 1 CGs, 19660800 bytes)...
[M::process] read chunk (19660800 bytes/CG x 1 CGs, 19660800 bytes)...
[M::process] read chunk (19660800 bytes/CG x 1 CGs, 19660800 bytes)...
[M::mem_process_seqs_merge2] CPE FASTQ formatting done
[M::mem_process_seqs_merge2] CPE FASTQ formatting done
[M::mem_process_seqs_merge2] CPE FASTQ formatting done
slave pre done
now n is 67627
processed 67627
[M::mem_process_seqs_merge2] Processed 67627 reads in 0.030 CPU sec, 0.866 real sec
slave pre done
now n is 70214
slave pre done
now n is 70214
processed 70214
[M::mem_process_seqs_merge2] Processed 70214 reads in 0.030 CPU sec, 0.843 real sec
processed 70214
[M::mem_process_seqs_merge2] Processed 70214 reads in 0.010 CPU sec, 0.809 real sec
[M::process] read chunk (19660800 bytes/CG x 1 CGs, 19205760 bytes)...
slave pre done
now n is 70214
processed 70214
[M::mem_process_seqs_merge2] Processed 70214 reads in 0.010 CPU sec, 0.831 real sec
[M::process] read chunk (19660800 bytes/CG x 1 CGs, 19660800 bytes)...
[M::mem_process_seqs_merge2] CPE FASTQ formatting done
[M::mem_process_seqs_merge2] CPE FASTQ formatting done
slave pre done
now n is 68592
processed 68592
[M::mem_process_seqs_merge2] Processed 68592 reads in 0.020 CPU sec, 0.926 real sec
slave pre done
now n is 70214
processed 70214
[M::mem_process_seqs_merge2] Processed 70214 reads in 0.010 CPU sec, 0.767 real sec
[M::process] read chunk (19660800 bytes/CG x 1 CGs, 19205760 bytes)...
[M::mem_process_seqs_merge2] CPE FASTQ formatting done
slave pre done
now n is 68592
processed 68592
[M::mem_process_seqs_merge2] Processed 68592 reads in 0.020 CPU sec, 0.854 real sec
[M::process] read chunk (19660800 bytes/CG x 1 CGs, 19204640 bytes)...
[M::mem_process_seqs_merge2] CPE FASTQ formatting done
slave pre done
now n is 68588
processed 68588
[M::mem_process_seqs_merge2] Processed 68588 reads in 0.010 CPU sec, 0.869 real sec

====================== SWBWA Output Debug =====================
  MPI rank: 000000 / 000006
  mode:     MPI single_unordered
  path:     correctness_results/bigdata_mpi_lwpf_off_20260823/mpi_static_single/has1/SRR2496709_SE.sam

  Output volume
    output buffer capacity                           67108864
    swbwa_output_write calls                         2120671
    submitted SAM bytes                            637607086
    buffered flushes                                      10
    buffered flush bytes                           637607086
    direct oversized writes                                0
    direct oversized bytes                                 0

  Buffering
    buffered flush total                        41.203631 s  (10 calls, 4120363.087 us/call)

  Global offset reservation
    target rank                                             0
    target relationship                                 local
    reservations                                           10
    reservation total                            0.000170 s  (10 calls,    17.045 us/call)
      MPI_Fetch_and_op                             0.000051 s  (10 calls,     5.050 us/call)
      MPI_Win_flush(target rank 0)                 0.000110 s  (10 calls,    11.040 us/call)
      reservation call overhead (derived)          0.000010 s  (10 calls,     0.955 us/call)

  POSIX positioned writes
    pwrite system calls                                    10
    pwrite system-call bytes                        637607086
    POSIX pwrite system calls                   41.203429 s  (10 calls, 4120342.911 us/call)
    POSIX pwrite effective bandwidth               14.758 MiB/s

  Output close timing
    MPI_Win_unlock_all                           0.000006 s  (1 calls,     6.000 us/call)
    MPI_Win_free                                 0.207647 s  (1 calls, 207647.153 us/call)
    POSIX close                                  0.000775 s  (1 calls,   774.653 us/call)
================================================================


====================== SWBWA Output Debug =====================
  MPI rank: 000001 / 000006
  mode:     MPI single_unordered
  path:     correctness_results/bigdata_mpi_lwpf_off_20260823/mpi_static_single/has1/SRR2496709_SE.sam

  Output volume
    output buffer capacity                           67108864
    swbwa_output_write calls                         2104798
    submitted SAM bytes                            613220080
    buffered flushes                                      10
    buffered flush bytes                           613220080
    direct oversized writes                                0
    direct oversized bytes                                 0

  Buffering
    buffered flush total                        42.301420 s  (10 calls, 4230141.981 us/call)

  Global offset reservation
    target rank                                             0
    target relationship                                remote
    reservations                                           10
    reservation total                            0.076283 s  (10 calls,  7628.319 us/call)
      MPI_Fetch_and_op                             0.000616 s  (10 calls,    61.600 us/call)
      MPI_Win_flush(target rank 0)                 0.075658 s  (10 calls,  7565.789 us/call)
      reservation call overhead (derived)          0.000009 s  (10 calls,     0.930 us/call)

  POSIX positioned writes
    pwrite system calls                                    10
    pwrite system-call bytes                        613220080
    POSIX pwrite system calls                   42.225105 s  (10 calls, 4222510.462 us/call)
    POSIX pwrite effective bandwidth               13.850 MiB/s

  Output close timing
    MPI_Win_unlock_all                           0.000024 s  (1 calls,    23.900 us/call)
    MPI_Win_free                                 0.071289 s  (1 calls, 71288.525 us/call)
    POSIX close                                  0.000657 s  (1 calls,   656.653 us/call)
================================================================


====================== SWBWA Output Debug =====================
  MPI rank: 000002 / 000006
  mode:     MPI single_unordered
  path:     correctness_results/bigdata_mpi_lwpf_off_20260823/mpi_static_single/has1/SRR2496709_SE.sam

  Output volume
    output buffer capacity                           67108864
    swbwa_output_write calls                         2104798
    submitted SAM bytes                            608590156
    buffered flushes                                      10
    buffered flush bytes                           608590156
    direct oversized writes                                0
    direct oversized bytes                                 0

  Buffering
    buffered flush total                        41.441527 s  (10 calls, 4144152.713 us/call)

  Global offset reservation
    target rank                                             0
    target relationship                                remote
    reservations                                           10
    reservation total                            0.065608 s  (10 calls,  6560.796 us/call)
      MPI_Fetch_and_op                             0.000770 s  (10 calls,    76.991 us/call)
      MPI_Win_flush(target rank 0)                 0.064821 s  (10 calls,  6482.090 us/call)
      reservation call overhead (derived)          0.000017 s  (10 calls,     1.715 us/call)

  POSIX positioned writes
    pwrite system calls                                    10
    pwrite system-call bytes                        608590156
    POSIX pwrite system calls                   41.375881 s  (10 calls, 4137588.123 us/call)
    POSIX pwrite effective bandwidth               14.027 MiB/s

  Output close timing
    MPI_Win_unlock_all                           0.000031 s  (1 calls,    31.351 us/call)
    MPI_Win_free                                 1.505910 s  (1 calls, 1505910.123 us/call)
    POSIX close                                  0.000662 s  (1 calls,   661.953 us/call)
================================================================


====================== SWBWA Output Debug =====================
  MPI rank: 000003 / 000006
  mode:     MPI single_unordered
  path:     correctness_results/bigdata_mpi_lwpf_off_20260823/mpi_static_single/has1/SRR2496709_SE.sam

  Output volume
    output buffer capacity                           67108864
    swbwa_output_write calls                         2104798
    submitted SAM bytes                            608489646
    buffered flushes                                      10
    buffered flush bytes                           608489646
    direct oversized writes                                0
    direct oversized bytes                                 0

  Buffering
    buffered flush total                        42.959649 s  (10 calls, 4295964.911 us/call)

  Global offset reservation
    target rank                                             0
    target relationship                                remote
    reservations                                           10
    reservation total                            0.069195 s  (10 calls,  6919.487 us/call)
      MPI_Fetch_and_op                             0.000712 s  (10 calls,    71.240 us/call)
      MPI_Win_flush(target rank 0)                 0.068469 s  (10 calls,  6846.891 us/call)
      reservation call overhead (derived)          0.000014 s  (10 calls,     1.355 us/call)

  POSIX positioned writes
    pwrite system calls                                    10
    pwrite system-call bytes                        608489646
    POSIX pwrite system calls                   42.890420 s  (10 calls, 4289042.009 us/call)
    POSIX pwrite effective bandwidth               13.530 MiB/s

  Output close timing
    MPI_Win_unlock_all                           0.000028 s  (1 calls,    28.400 us/call)
    MPI_Win_free                                 0.000062 s  (1 calls,    62.300 us/call)
    POSIX close                                  0.001104 s  (1 calls,  1104.455 us/call)
================================================================


====================== SWBWA Output Debug =====================
  MPI rank: 000004 / 000006
  mode:     MPI single_unordered
  path:     correctness_results/bigdata_mpi_lwpf_off_20260823/mpi_static_single/has1/SRR2496709_SE.sam

  Output volume
    output buffer capacity                           67108864
    swbwa_output_write calls                         2097194
    submitted SAM bytes                            614241458
    buffered flushes                                      10
    buffered flush bytes                           614241458
    direct oversized writes                                0
    direct oversized bytes                                 0

  Buffering
    buffered flush total                        41.711723 s  (10 calls, 4171172.283 us/call)

  Global offset reservation
    target rank                                             0
    target relationship                                remote
    reservations                                           10
    reservation total                            0.078767 s  (10 calls,  7876.660 us/call)
      MPI_Fetch_and_op                             0.000904 s  (10 calls,    90.360 us/call)
      MPI_Win_flush(target rank 0)                 0.077848 s  (10 calls,  7784.810 us/call)
      reservation call overhead (derived)          0.000015 s  (10 calls,     1.490 us/call)

  POSIX positioned writes
    pwrite system calls                                    10
    pwrite system-call bytes                        614241458
    POSIX pwrite system calls                   41.632870 s  (10 calls, 4163287.028 us/call)
    POSIX pwrite effective bandwidth               14.070 MiB/s

  Output close timing
    MPI_Win_unlock_all                           0.000026 s  (1 calls,    25.650 us/call)
    MPI_Win_free                                 2.643753 s  (1 calls, 2643752.624 us/call)
    POSIX close                                  0.000674 s  (1 calls,   674.103 us/call)
================================================================


====================== SWBWA Output Debug =====================
  MPI rank: 000005 / 000006
  mode:     MPI single_unordered
  path:     correctness_results/bigdata_mpi_lwpf_off_20260823/mpi_static_single/has1/SRR2496709_SE.sam

  Output volume
    output buffer capacity                           67108864
    swbwa_output_write calls                         2075152
    submitted SAM bytes                            603641593
    buffered flushes                                       9
    buffered flush bytes                           603641593
    direct oversized writes                                0
    direct oversized bytes                                 0

  Buffering
    buffered flush total                        41.841363 s  (9 calls, 4649040.354 us/call)

  Global offset reservation
    target rank                                             0
    target relationship                                remote
    reservations                                            9
    reservation total                            0.073557 s  (9 calls,  8172.987 us/call)
      MPI_Fetch_and_op                             0.000591 s  (9 calls,    65.695 us/call)
      MPI_Win_flush(target rank 0)                 0.072955 s  (9 calls,  8106.126 us/call)
      reservation call overhead (derived)          0.000010 s  (9 calls,     1.167 us/call)

  POSIX positioned writes
    pwrite system calls                                     9
    pwrite system-call bytes                        603641593
    POSIX pwrite system calls                   41.767773 s  (9 calls, 4640863.717 us/call)
    POSIX pwrite effective bandwidth               13.783 MiB/s

  Output close timing
    MPI_Win_unlock_all                           0.000027 s  (1 calls,    27.050 us/call)
    MPI_Win_free                                 3.741389 s  (1 calls, 3741388.669 us/call)
    POSIX close                                  0.000650 s  (1 calls,   649.803 us/call)
================================================================


================ MPI Progress Thread Debug =================
  MPI rank: 000000 / 000006
  lifetime                                       81.807809 s
  MPI_Iprobe calls                                    8177
  MPI_Iprobe total                                0.113818 s
  MPI_Iprobe average                                13.919 us
  MPI_Iprobe maximum                              0.000714 s
  calls >= 1 ms                                          0
  calls >= 10 ms                                         0
  calls >= 100 ms                                        0
  calls >= 1 s                                           0
============================================================


================ SWBWA CPE/MPI Progress Debug ================
  MPI rank: 000000 / 000006

    phase                      waits     probes   total(s)    avg(us)    max(s)   >=1ms   >=10ms   >=100ms    >=1s  completed
    FASTQ formatting              30          0      0.000      0.000     0.000       0        0         0       0          0
    alignment and SAM length      30          0      0.000      0.000     0.000       0        0         0       0          0
    SAM record generation         30          0      0.000      0.000     0.000       0        0         0       0          0
    all CPE phases                90          0      0.000      0.000     0.000       0        0         0       0          0

  Probes marked 'completed' returned with the CPE completion
  flag set. Their full call duration bounds the possible delay.
    completion-observing probe total               0.000000 s
    slowest completion-observing probe             0.000000 s
==============================================================


======================= SWBWA Timing Report =======================
  MPI rank: 000000 / 000006
  Accumulated wall-clock time; indented rows are included in
  their parent row and must not be added to it.

  Pipeline
    total - complete three-stage pipeline                    81.808 s
    stage 1 - allocate and read raw FASTQ blocks             10.395 s
    stage 2 - align reads and generate SAM records           27.492 s
    stage 3 - write SAM and release batch data               42.232 s
      SAM output writes                                        41.340 s
      batch cleanup and loop overhead (derived)                 0.891 s

  Stage 1 input details
    batches completed / stage calls                      30 / 31
    input-buffer and batch allocations                        0.000 s  (61 calls, max 0.000 s)
    aggregate requested allocation bytes            589400544
    FASTQ fseeko calls                                        0.001 s  (30 calls, max 0.000 s)
    FASTQ fread calls                                        10.387 s  (30 calls, max 0.795 s)
    align chunk ends to FASTQ record boundaries               0.000 s  (29 calls, max 0.000 s)
    scheduler, checks and bookkeeping (derived)               0.008 s
    raw FASTQ bytes read                            589367840  (562.065 MiB)
    effective fread bandwidth                         54.115 MiB/s
    slowest allocation                                 0.000 s  (19205664 bytes)
    slowest fread                                      0.795 s  (R1 offset=0, bytes=19660800)

  Stage 2 worker details
    total - active merge worker                              27.482 s
      part 1 - prepare CPE task and reusable buffers            0.933 s
      part 2 - CPE FASTQ formatting and input release           0.326 s
      part 3 - CPE alignment and SAM length pass               25.622 s
      part 4 - assign slices in the shared SAM buffer           0.157 s
      part 5 - CPE SAM record generation                        0.433 s
      part 6 - release temporary worker data                    0.003 s

  Reserved allocator timers (no active timing sites)
    malloc timer                                              0.000 s
    free timer                                                0.000 s
============
================ MPI Progress Thread Debug =================
  MPI rank: 000001 / 000006
  lifetime                                       81.800102 s
  MPI_Iprobe calls                                    8179
  MPI_Iprobe total                                0.093999 s
  MPI_Iprobe average                                11.493 us
  MPI_Iprobe maximum                              0.000078 s
  calls >= 1 ms                                          0
  calls >= 10 ms                                         0
  calls >= 100 ms                                        0
  calls >= 1 s                                           0
============================================================


================ SWBWA CPE/MPI Progress Debug ================
  MPI rank: 000001 / 000006

    phase                      waits     probes   total(s)    avg(us)    max(s)   >=1ms   >=10ms   >=100ms    >=1s  completed
    FASTQ formatting              30          0      0.000      0.000     0.000       0        0         0       0          0
    alignment and SAM length      30          0      0.000      0.000     0.000       0        0         0       0          0
    SAM record generation         30          0      0.000      0.000     0.000       0        0         0       0          0
    all CPE phases                90          0      0.000      0.000     0.000       0        0         0       0          0

  Probes marked 'completed' returned with the CPE completion
  flag set. Their full call duration bounds the possible delay.
    completion-observing probe total               0.000000 s
    slowest completion-observing probe             0.000000 s
==============================================================


======================= SWBWA Timing Report =======================
  MPI rank: 000001 / 000006
  Accumulated wall-clock time; indented rows are included in
  their parent row and must not be added to it.

  Pipeline
    total - complete three-stage pipeline                    81.804 s
    stage 1 - allocate and read raw FASTQ blocks             11.215 s
    stage 2 - align reads and generate SAM records           26.005 s
    stage 3 - write SAM and release batch data               43.043 s
      SAM output writes                                        42.273 s
      batch cleanup and loop overhead (derived)                 0.770 s

  Stage 1 input details
    batches completed / stage calls                      30 / 31
    input-buffer and batch allocations                        0.000 s  (61 calls, max 0.000 s)
    aggregate requested allocation bytes            589401664
    FASTQ fseeko calls                                        0.069 s  (30 calls, max 0.068 s)
    FASTQ fread calls                                        11.139 s  (30 calls, max 0.832 s)
    align chunk ends to FASTQ record boundaries               0.000 s  (29 calls, max 0.000 s)
    scheduler, checks and bookkeeping (derived)               0.007 s
    raw FASTQ bytes read                            589368960  (562.066 MiB)
    effective fread bandwidth                         50.459 MiB/s
    slowest allocation                                 0.000 s  (19206784 bytes)
    slowest fread                                      0.832 s  (R1 offset=648323224, bytes=19660800)

  Stage 2 worker details
    total - active merge worker                              25.994 s
      part 1 - prepare CPE task and reusable buffers            0.867 s
      part 2 - CPE FASTQ formatting and input release           0.312 s
      part 3 - CPE alignment and SAM length pass               24.212 s
      part 4 - assign slices in the shared SAM buffer           0.154 s
      part 5 - CPE SAM record generation                        0.437 s
      part 6 - release temporary worker data                    0.001 s

  Reserved allocator timers (no active timing sites)
    malloc timer                                              0.000 s
    free timer                                                0.000 s
====
================ MPI Progress Thread Debug =================
  MPI rank: 000002 / 000006
  lifetime                                       81.805730 s
  MPI_Iprobe calls                                    8180
  MPI_Iprobe total                                0.134748 s
  MPI_Iprobe average                                16.473 us
  MPI_Iprobe maximum                              0.000268 s
  calls >= 1 ms                                          0
  calls >= 10 ms                                         0
  calls >= 100 ms                                        0
  calls >= 1 s                                           0
============================================================


================ SWBWA CPE/MPI Progress Debug ================
  MPI rank: 000002 / 000006

    phase                      waits     probes   total(s)    avg(us)    max(s)   >=1ms   >=10ms   >=100ms    >=1s  completed
    FASTQ formatting              30          0      0.000      0.000     0.000       0        0         0       0          0
    alignment and SAM length      30          0      0.000      0.000     0.000       0        0         0       0          0
    SAM record generation         30          0      0.000      0.000     0.000       0        0         0       0          0
    all CPE phases                90          0      0.000      0.000     0.000       0        0         0       0          0

  Probes marked 'completed' returned with the CPE completion
  flag set. Their full call duration bounds the possible delay.
    completion-observing probe total               0.000000 s
    slowest completion-observing probe             0.000000 s
==============================================================


======================= SWBWA Timing Report =======================
  MPI rank: 000002 / 000006
  Accumulated wall-clock time; indented rows are included in
  their parent row and must not be added to it.

  Pipeline
    total - complete three-stage pipeline                    81.810 s
    stage 1 - allocate and read raw FASTQ blocks              9.543 s
    stage 2 - align reads and generate SAM records           26.878 s
    stage 3 - write SAM and release batch data               40.741 s
      SAM output writes                                        39.870 s
      batch cleanup and loop overhead (derived)                 0.872 s

  Stage 1 input details
    batches completed / stage calls                      30 / 31
    input-buffer and batch allocations                        0.000 s  (61 calls, max 0.000 s)
    aggregate requested allocation bytes            589401664
    FASTQ fseeko calls                                        0.161 s  (30 calls, max 0.161 s)
    FASTQ fread calls                                         9.372 s  (30 calls, max 0.699 s)
    align chunk ends to FASTQ record boundaries               0.000 s  (29 calls, max 0.000 s)
    scheduler, checks and bookkeeping (derived)               0.009 s
    raw FASTQ bytes read                            589368960  (562.066 MiB)
    effective fread bandwidth                         59.971 MiB/s
    slowest allocation                                 0.000 s  (64 bytes)
    slowest fread                                      0.699 s  (R1 offset=1218006744, bytes=19660800)

  Stage 2 worker details
    total - active merge worker                              26.865 s
      part 1 - prepare CPE task and reusable buffers            0.930 s
      part 2 - CPE FASTQ formatting and input release           0.306 s
      part 3 - CPE alignment and SAM length pass               25.029 s
      part 4 - assign slices in the shared SAM buffer           0.175 s
      part 5 - CPE SAM record generation                        0.412 s
      part 6 - release temporary worker data                    0.001 s

  Reserved allocator timers (no active timing sites)
    malloc timer                                              0.000 s
    free timer                                                0.000 s
================================================================

===============================================================

==========================================================


================ MPI Progress Thread Debug =================
  MPI rank: 000003 / 000006
  lifetime                                       81.806394 s
  MPI_Iprobe calls                                    8179
  MPI_Iprobe total                                0.090816 s
  MPI_Iprobe average                                11.104 us
  MPI_Iprobe maximum                              0.000836 s
  calls >= 1 ms                                          0
  calls >= 10 ms                                         0
  calls >= 100 ms                                        0
  calls >= 1 s                                           0
============================================================


================ SWBWA CPE/MPI Progress Debug ================
  MPI rank: 000003 / 000006

    phase                      waits     probes   total(s)    avg(us)    max(s)   >=1ms   >=10ms   >=100ms    >=1s  completed
    FASTQ formatting              30          0      0.000      0.000     0.000       0        0         0       0          0
    alignment and SAM length      30          0      0.000      0.000     0.000       0        0         0       0          0
    SAM record generation         30          0      0.000      0.000     0.000       0        0         0       0          0
    all CPE phases                90          0      0.000      0.000     0.000       0        0         0       0          0

  Probes marked 'completed' returned with the CPE completion
  flag set. Their full call duration bounds the possible delay.
    completion-observing probe total               0.000000 s
    slowest completion-observing probe             0.000000 s
==============================================================


======================= SWBWA Timing Report =======================
  MPI rank: 000003 / 000006
  Accumulated wall-clock time; indented rows are included in
  their parent row and must not be added to it.

  Pipeline
    total - complete three-stage pipeline                    81.810 s
    stage 1 - allocate and read raw FASTQ blocks             10.005 s
    stage 2 - align reads and generate SAM records           26.695 s
    stage 3 - write SAM and release batch data               44.449 s
      SAM output writes                                        43.695 s
      batch cleanup and loop overhead (derived)                 0.753 s

  Stage 1 input details
    batches completed / stage calls                      30 / 31
    input-buffer and batch allocations                        0.000 s  (61 calls, max 0.000 s)
    aggregate requested allocation bytes            589401664
    FASTQ fseeko calls                                        0.068 s  (30 calls, max 0.067 s)
    FASTQ fread calls                                         9.927 s  (30 calls, max 0.882 s)
    align chunk ends to FASTQ record boundaries               0.000 s  (29 calls, max 0.000 s)
    scheduler, checks and bookkeeping (derived)               0.010 s
    raw FASTQ bytes read                            589368960  (562.066 MiB)
    effective fread bandwidth                         56.622 MiB/s
    slowest allocation                                 0.000 s  (19206784 bytes)
    slowest fread                                      0.882 s  (R1 offset=1827010104, bytes=19660800)

  Stage 2 worker details
    total - active merge worker                              26.681 s
      part 1 - prepare CPE task and reusable buffers            0.861 s
      part 2 - CPE FASTQ formatting and input release           0.317 s
      part 3 - CPE alignment and SAM length pass               24.901 s
      part 4 - assign slices in the shared SAM buffer           0.157 s
      part 5 - CPE SAM record generation                        0.431 s
      part 6 - release temporary worker data                    0.000 s

  Reserved allocator timers (no active timing sites)
    malloc timer                                              0.000 s
    free timer                                                0.000 s
===
================ MPI Progress Thread Debug =================
  MPI rank: 000004 / 000006
  lifetime                                       81.806081 s
  MPI_Iprobe calls                                    8176
  MPI_Iprobe total                                0.103572 s
  MPI_Iprobe average                                12.668 us
  MPI_Iprobe maximum                              0.001382 s
  calls >= 1 ms                                          2
  calls >= 10 ms                                         0
  calls >= 100 ms                                        0
  calls >= 1 s                                           0
============================================================


================ SWBWA CPE/MPI Progress Debug ================
  MPI rank: 000004 / 000006

    phase                      waits     probes   total(s)    avg(us)    max(s)   >=1ms   >=10ms   >=100ms    >=1s  completed
    FASTQ formatting              30          0      0.000      0.000     0.000       0        0         0       0          0
    alignment and SAM length      30          0      0.000      0.000     0.000       0        0         0       0          0
    SAM record generation         30          0      0.000      0.000     0.000       0        0         0       0          0
    all CPE phases                90          0      0.000      0.000     0.000       0        0         0       0          0

  Probes marked 'completed' returned with the CPE completion
  flag set. Their full call duration bounds the possible delay.
    completion-observing probe total               0.000000 s
    slowest completion-observing probe             0.000000 s
==============================================================


======================= SWBWA Timing Report =======================
  MPI rank: 000004 / 000006
  Accumulated wall-clock time; indented rows are included in
  their parent row and must not be added to it.

  Pipeline
    total - complete three-stage pipeline                    81.810 s
    stage 1 - allocate and read raw FASTQ blocks             10.766 s
    stage 2 - align reads and generate SAM records           24.451 s
    stage 3 - write SAM and release batch data               40.981 s
      SAM output writes                                        40.204 s
      batch cleanup and loop overhead (derived)                 0.778 s

  Stage 1 input details
    batches completed / stage calls                      30 / 31
    input-buffer and batch allocations                        0.000 s  (61 calls, max 0.000 s)
    aggregate requested allocation bytes            589401688
    FASTQ fseeko calls                                        0.153 s  (30 calls, max 0.152 s)
    FASTQ fread calls                                        10.605 s  (30 calls, max 0.788 s)
    align chunk ends to FASTQ record boundaries               0.000 s  (29 calls, max 0.000 s)
    scheduler, checks and bookkeeping (derived)               0.007 s
    raw FASTQ bytes read                            589368984  (562.066 MiB)
    effective fread bandwidth                         52.999 MiB/s
    slowest allocation                                 0.000 s  (19661824 bytes)
    slowest fread                                      0.788 s  (R1 offset=2396693624, bytes=19660800)

  Stage 2 worker details
    total - active merge worker                              24.437 s
      part 1 - prepare CPE task and reusable buffers            0.867 s
      part 2 - CPE FASTQ formatting and input release           0.317 s
      part 3 - CPE alignment and SAM length pass               22.651 s
      part 4 - assign slices in the shared SAM buffer           0.154 s
      part 5 - CPE SAM record generation                        0.434 s
      part 6 - release temporary worker data                    0.001 s

  Reserved allocator timers (no active timing sites)
    malloc timer                                              0.000 s
    free timer                                                0.000 s
===[main] Version: 0.0.1
[main] CMD: ./SWBWA mem -v 4 -t 1 -1 -o correctness_results/bigdata_mpi_lwpf_off_20260823/mpi_static_single/has1/SRR2496709_SE.sam -I 170,80,500,1 ../data/GRCh38.d1.vd1.fa ../data/bwa_test_big_data/SRR2496709_1.fastq
================================================================

================================================================


================ MPI Progress Thread Debug =================
  MPI rank: 000005 / 000006
  lifetime                                       81.802690 s
  MPI_Iprobe calls                                    8178
  MPI_Iprobe total                                0.083031 s
  MPI_Iprobe average                                10.153 us
  MPI_Iprobe maximum                              0.001011 s
  calls >= 1 ms                                          1
  calls >= 10 ms                                         0
  calls >= 100 ms                                        0
  calls >= 1 s                                           0
============================================================


================ SWBWA CPE/MPI Progress Debug ================
  MPI rank: 000005 / 000006

    phase                      waits     probes   total(s)    avg(us)    max(s)   >=1ms   >=10ms   >=100ms    >=1s  completed
    FASTQ formatting              30          0      0.000      0.000     0.000       0        0         0       0          0
    alignment and SAM length      30          0      0.000      0.000     0.000       0        0         0       0          0
    SAM record generation         30          0      0.000      0.000     0.000       0        0         0       0          0
    all CPE phases                90          0      0.000      0.000     0.000       0        0         0       0          0

  Probes marked 'completed' returned with the CPE completion
  flag set. Their full call duration bounds the possible delay.
    completion-observing probe total               0.000000 s
    slowest completion-observing probe             0.000000 s
==============================================================


======================= SWBWA Timing Report =======================
  MPI rank: 000005 / 000006
  Accumulated wall-clock time; indented rows are included in
  their parent row and must not be added to it.

  Pipeline
    total - complete three-stage pipeline                    81.803 s
    stage 1 - allocate and read raw FASTQ blocks              9.743 s
    stage 2 - align reads and generate SAM records           24.243 s
    stage 3 - write SAM and release batch data               41.318 s
      SAM output writes                                        40.545 s
      batch cleanup and loop overhead (derived)                 0.773 s

  Stage 1 input details
    batches completed / stage calls                      30 / 31
    input-buffer and batch allocations                        0.000 s  (61 calls, max 0.000 s)
    aggregate requested allocation bytes            589401972
    FASTQ fseeko calls                                        0.074 s  (30 calls, max 0.074 s)
    FASTQ fread calls                                         9.659 s  (30 calls, max 0.797 s)
    align chunk ends to FASTQ record boundaries               0.000 s  (29 calls, max 0.000 s)
    scheduler, checks and bookkeeping (derived)               0.010 s
    raw FASTQ bytes read                            589369268  (562.066 MiB)
    effective fread bandwidth                         58.190 MiB/s
    slowest allocation                                 0.000 s  (19207092 bytes)
    slowest fread                                      0.797 s  (R1 offset=2946717144, bytes=19660800)

  Stage 2 worker details
    total - active merge worker                              24.230 s
      part 1 - prepare CPE task and reusable buffers            0.875 s
      part 2 - CPE FASTQ formatting and input release           0.318 s
      part 3 - CPE alignment and SAM length pass               22.435 s
      part 4 - assign slices in the shared SAM buffer           0.157 s
      part 5 - CPE SAM record generation                        0.428 s
      part 6 - release temporary worker data                    0.002 s

  Reserved allocator timers (no active timing sites)
    malloc timer                                              0.000 s
    free timer                                                0.000 s
===================================================================

