[M::main_mem] mean insert size: 170.000, stddev: 80.000, max: 500, min: 1
[MPI input] mode=dynamic chunks=49 bytes_per_cg=19660800 cg_count=1 chunk_bytes=19660800 file_bytes=945555584 scheduler=distributed read_index=exact
malloc bwt->bwt 3107576584, 0x500008804020
malloc bwt->bwt 3107576584, 0x500008804020
malloc bwt->bwt 3107576584, 0x500008804020
malloc bwt->bwt 3107576584, 0x500008804020
malloc bwt->bwt 3107576584, 0x500008804020
malloc bwt->bwt 3107576584, 0x500008804020
malloc bwt->sa 1553788264, 0x5000c1ba1b40
malloc bwt->sa 1553788264, 0x5000c1ba1b40
malloc bwt->sa 1553788264, 0x5000c1ba1b40
malloc bwt->sa 1553788264, 0x5000c1ba1b40
malloc bwt->sa 1553788264, 0x5000c1ba1b40
malloc bwt->sa 1553788264, 0x5000c1ba1b40
[M::bwa_idx_load_from_disk] read 0 ALT contigs
[M::bwa_idx_load_from_disk] read 0 ALT contigs
[M::bwa_idx_load_from_disk] read 0 ALT contigs
[M::bwa_idx_load_from_disk] read 0 ALT contigs
[M::bwa_idx_load_from_disk] read 0 ALT contigs
[M::bwa_idx_load_from_disk] read 0 ALT contigs
malloc pac 776894131, 0x50011e5708c0
malloc pac 776894131, 0x50011e5708c0
malloc pac 776894131, 0x50011e5708c0
malloc pac 776894131, 0x50011e5708c0
malloc pac 776894131, 0x50011e5708c0
malloc pac 776894131, 0x50011e5708c0
the input file is ../data/SRR7963242_1.fastq_1
the input file is ../data/SRR7963242_2.fastq_1
[MPI rank 000000/000006] output: correctness_results/mpi_multiple_iprobe_timing_20260814/has1/SRR7963242_PE.sam
[MPI rank 000001/000006] output: correctness_results/mpi_multiple_iprobe_timing_20260814/has1/SRR7963242_PE.sam
[MPI rank 000002/000006] output: correctness_results/mpi_multiple_iprobe_timing_20260814/has1/SRR7963242_PE.sam
[MPI rank 000003/000006] output: correctness_results/mpi_multiple_iprobe_timing_20260814/has1/SRR7963242_PE.sam
[MPI rank 000004/000006] output: correctness_results/mpi_multiple_iprobe_timing_20260814/has1/SRR7963242_PE.sam
[MPI rank 000005/000006] output: correctness_results/mpi_multiple_iprobe_timing_20260814/has1/SRR7963242_PE.sam
[M::process] read chunk (19660800 bytes/CG x 1 CGs, 19660664 bytes)...
[M::process] read chunk (19660800 bytes/CG x 1 CGs, 19661040 bytes)...
[M::process] read chunk (19660800 bytes/CG x 1 CGs, 19660664 bytes)...
[M::process] read chunk (19660800 bytes/CG x 1 CGs, 19661160 bytes)...
[M::process] read chunk (19660800 bytes/CG x 1 CGs, 19660556 bytes)...
[M::process] read chunk (19660800 bytes/CG x 1 CGs, 19661040 bytes)...
[M::mem_process_seqs_merge2] CPE FASTQ formatting done
[M::mem_process_seqs_merge2] CPE FASTQ formatting done
[M::mem_process_seqs_merge2] CPE FASTQ formatting done
[M::mem_process_seqs_merge2] CPE FASTQ formatting done
[M::mem_process_seqs_merge2] CPE FASTQ formatting done
[M::mem_process_seqs_merge2] CPE FASTQ formatting done
slave pre done
now n is 104578
processed 104578
[M::mem_process_seqs_merge2] Processed 104578 reads in 3.810 CPU sec, 9.187 real sec
slave pre done
now n is 104578
[M::process] read chunk (19660800 bytes/CG x 1 CGs, 19660664 bytes)...
processed 104578
[M::mem_process_seqs_merge2] Processed 104578 reads in 4.270 CPU sec, 9.110 real sec
[M::process] read chunk (19660800 bytes/CG x 1 CGs, 19660664 bytes)...
slave pre done
now n is 104580
processed 104580
[M::mem_process_seqs_merge2] Processed 104580 reads in 4.310 CPU sec, 9.115 real sec
slave pre done
now n is 105578
processed 105578
[M::mem_process_seqs_merge2] Processed 105578 reads in 4.460 CPU sec, 9.445 real sec
[M::process] read chunk (19660800 bytes/CG x 1 CGs, 19661040 bytes)...
slave pre done
now n is 104580
[M::mem_process_seqs_merge2] CPE FASTQ formatting done
[M::process] read chunk (19660800 bytes/CG x 1 CGs, 19660664 bytes)...
processed 104580
[M::mem_process_seqs_merge2] Processed 104580 reads in 4.570 CPU sec, 9.818 real sec
[M::process] read chunk (19660800 bytes/CG x 1 CGs, 19661040 bytes)...
[M::mem_process_seqs_merge2] CPE FASTQ formatting done
[M::mem_process_seqs_merge2] CPE FASTQ formatting done
[M::mem_process_seqs_merge2] CPE FASTQ formatting done
[M::mem_process_seqs_merge2] CPE FASTQ formatting done
slave pre done
now n is 105944
processed 105944
[M::mem_process_seqs_merge2] Processed 105944 reads in 4.100 CPU sec, 11.205 real sec
[M::process] read chunk (19660800 bytes/CG x 1 CGs, 19660664 bytes)...
[M::mem_process_seqs_merge2] CPE FASTQ formatting done
slave pre done
now n is 104578
processed 104578
[M::mem_process_seqs_merge2] Processed 104578 reads in 3.590 CPU sec, 7.732 real sec
slave pre done
now n is 104578
processed 104578
[M::mem_process_seqs_merge2] Processed 104578 reads in 3.830 CPU sec, 7.849 real sec
slave pre done
now n is 104580
processed 104580
[M::mem_process_seqs_merge2] Processed 104580 reads in 3.650 CPU sec, 7.738 real sec
slave pre done
now n is 104580
processed 104580
[M::mem_process_seqs_merge2] Processed 104580 reads in 4.310 CPU sec, 7.904 real sec
slave pre done
now n is 104578
processed 104578
[M::mem_process_seqs_merge2] Processed 104578 reads in 3.670 CPU sec, 7.883 real sec
[M::process] read chunk (19660800 bytes/CG x 1 CGs, 19660664 bytes)...
slave pre done
now n is 104578
processed 104578
[M::mem_process_seqs_merge2] Processed 104578 reads in 3.090 CPU sec, 7.414 real sec
[M::mem_process_seqs_merge2] CPE FASTQ formatting done
[M::process] read chunk (19660800 bytes/CG x 1 CGs, 19660664 bytes)...
[M::mem_process_seqs_merge2] CPE FASTQ formatting done
[M::process] read chunk (19660800 bytes/CG x 1 CGs, 19661040 bytes)...
[M::mem_process_seqs_merge2] CPE FASTQ formatting done
[M::process] read chunk (19660800 bytes/CG x 1 CGs, 19660664 bytes)...
[M::mem_process_seqs_merge2] CPE FASTQ formatting done
[M::process] read chunk (19660800 bytes/CG x 1 CGs, 19661040 bytes)...
[M::mem_process_seqs_merge2] CPE FASTQ formatting done
slave pre done
now n is 104578
processed 104578
[M::mem_process_seqs_merge2] Processed 104578 reads in 3.710 CPU sec, 7.335 real sec
[M::process] read chunk (19660800 bytes/CG x 1 CGs, 19660664 bytes)...
[M::process] read chunk (19660800 bytes/CG x 1 CGs, 19660820 bytes)...
[M::mem_process_seqs_merge2] CPE FASTQ formatting done
[M::mem_process_seqs_merge2] CPE FASTQ formatting done
slave pre done
now n is 104578
processed 104578
[M::mem_process_seqs_merge2] Processed 104578 reads in 4.040 CPU sec, 7.683 real sec
[M::process] read chunk (19660800 bytes/CG x 1 CGs, 19660820 bytes)...
[M::mem_process_seqs_merge2] CPE FASTQ formatting done
slave pre done
now n is 104580
processed 104580
[M::mem_process_seqs_merge2] Processed 104580 reads in 3.590 CPU sec, 7.765 real sec
[M::process] read chunk (19660800 bytes/CG x 1 CGs, 19660820 bytes)...
[M::mem_process_seqs_merge2] CPE FASTQ formatting done
slave pre done
now n is 104578
processed 104578
[M::mem_process_seqs_merge2] Processed 104578 reads in 3.600 CPU sec, 8.107 real sec
[M::process] read chunk (19660800 bytes/CG x 1 CGs, 19660820 bytes)...
[M::mem_process_seqs_merge2] CPE FASTQ formatting done
slave pre done
now n is 104580
processed 104580
[M::mem_process_seqs_merge2] Processed 104580 reads in 3.830 CPU sec, 8.399 real sec
[M::process] read chunk (19660800 bytes/CG x 1 CGs, 19660824 bytes)...
[M::mem_process_seqs_merge2] CPE FASTQ formatting done
slave pre done
now n is 103478
processed 103478
[M::mem_process_seqs_merge2] Processed 103478 reads in 3.470 CPU sec, 7.544 real sec
slave pre done
now n is 104578
processed 104578
[M::mem_process_seqs_merge2] Processed 104578 reads in 3.370 CPU sec, 7.871 real sec
[M::process] read chunk (19660800 bytes/CG x 1 CGs, 19660664 bytes)...
[M::mem_process_seqs_merge2] CPE FASTQ formatting done
[M::process] read chunk (19660800 bytes/CG x 1 CGs, 19660820 bytes)...
slave pre done
now n is 103478
processed 103478
[M::mem_process_seqs_merge2] Processed 103478 reads in 3.670 CPU sec, 8.119 real sec
[M::mem_process_seqs_merge2] CPE FASTQ formatting done
slave pre done
now n is 103478
processed 103478
[M::mem_process_seqs_merge2] Processed 103478 reads in 3.650 CPU sec, 7.905 real sec
[M::process] read chunk (19660800 bytes/CG x 1 CGs, 19660820 bytes)...
[M::mem_process_seqs_merge2] CPE FASTQ formatting done
slave pre done
now n is 103478
processed 103478
[M::mem_process_seqs_merge2] Processed 103478 reads in 3.760 CPU sec, 7.827 real sec
[M::process] read chunk (19660800 bytes/CG x 1 CGs, 19660820 bytes)...
[M::mem_process_seqs_merge2] CPE FASTQ formatting done
slave pre done
now n is 103590
processed 103590
[M::mem_process_seqs_merge2] Processed 103590 reads in 3.370 CPU sec, 8.046 real sec
[M::process] read chunk (19660800 bytes/CG x 1 CGs, 19660820 bytes)...
slave pre done
now n is 104578
processed 104578
[M::mem_process_seqs_merge2] Processed 104578 reads in 3.400 CPU sec, 7.649 real sec
[M::mem_process_seqs_merge2] CPE FASTQ formatting done
[M::process] read chunk (19660800 bytes/CG x 1 CGs, 19660820 bytes)...
[M::mem_process_seqs_merge2] CPE FASTQ formatting done
slave pre done
now n is 103478
processed 103478
[M::mem_process_seqs_merge2] Processed 103478 reads in 3.620 CPU sec, 7.867 real sec
[M::process] read chunk (19660800 bytes/CG x 1 CGs, 19660820 bytes)...
[M::mem_process_seqs_merge2] CPE FASTQ formatting done
slave pre done
now n is 103478
processed 103478
[M::mem_process_seqs_merge2] Processed 103478 reads in 3.710 CPU sec, 7.748 real sec
[M::process] read chunk (19660800 bytes/CG x 1 CGs, 19660820 bytes)...
[M::mem_process_seqs_merge2] CPE FASTQ formatting done
slave pre done
now n is 103478
processed 103478
[M::mem_process_seqs_merge2] Processed 103478 reads in 3.700 CPU sec, 7.930 real sec
[M::process] read chunk (19660800 bytes/CG x 1 CGs, 19660820 bytes)...
[M::mem_process_seqs_merge2] CPE FASTQ formatting done
slave pre done
now n is 103478
processed 103478
[M::mem_process_seqs_merge2] Processed 103478 reads in 3.870 CPU sec, 8.025 real sec
[M::process] read chunk (19660800 bytes/CG x 1 CGs, 19660440 bytes)...
[M::mem_process_seqs_merge2] CPE FASTQ formatting done
slave pre done
now n is 103478
processed 103478
[M::mem_process_seqs_merge2] Processed 103478 reads in 3.590 CPU sec, 7.756 real sec
[M::process] read chunk (19660800 bytes/CG x 1 CGs, 19660820 bytes)...
[M::mem_process_seqs_merge2] CPE FASTQ formatting done
slave pre done
now n is 103478
processed 103478
[M::mem_process_seqs_merge2] Processed 103478 reads in 2.910 CPU sec, 7.917 real sec
[M::process] read chunk (19660800 bytes/CG x 1 CGs, 19660820 bytes)...
[M::mem_process_seqs_merge2] CPE FASTQ formatting done
[M::process] read chunk (19660800 bytes/CG x 1 CGs, 19660820 bytes)...
slave pre done
now n is 103478
processed 103478
[M::mem_process_seqs_merge2] Processed 103478 reads in 3.680 CPU sec, 7.924 real sec
[M::process] read chunk (19660800 bytes/CG x 1 CGs, 19660820 bytes)...
[M::mem_process_seqs_merge2] CPE FASTQ formatting done
[M::mem_process_seqs_merge2] CPE FASTQ formatting done
slave pre done
now n is 103478
processed 103478
[M::mem_process_seqs_merge2] Processed 103478 reads in 3.780 CPU sec, 7.681 real sec
[M::process] read chunk (19660800 bytes/CG x 1 CGs, 19660820 bytes)...
[M::mem_process_seqs_merge2] CPE FASTQ formatting done
slave pre done
now n is 103476
processed 103476
[M::mem_process_seqs_merge2] Processed 103476 reads in 3.910 CPU sec, 8.317 real sec
[M::process] read chunk (19660800 bytes/CG x 1 CGs, 19660820 bytes)...
[M::mem_process_seqs_merge2] CPE FASTQ formatting done
slave pre done
now n is 103478
processed 103478
[M::mem_process_seqs_merge2] Processed 103478 reads in 3.940 CPU sec, 7.878 real sec
[M::process] read chunk (19660800 bytes/CG x 1 CGs, 19660820 bytes)...
[M::mem_process_seqs_merge2] CPE FASTQ formatting done
slave pre done
now n is 103478
processed 103478
[M::mem_process_seqs_merge2] Processed 103478 reads in 3.780 CPU sec, 8.528 real sec
[M::process] read chunk (19660800 bytes/CG x 1 CGs, 19660820 bytes)...
slave pre done
now n is 103478
processed 103478
[M::mem_process_seqs_merge2] Processed 103478 reads in 3.250 CPU sec, 7.538 real sec
[M::process] read chunk (19660800 bytes/CG x 1 CGs, 19660820 bytes)...
[M::mem_process_seqs_merge2] CPE FASTQ formatting done
[M::mem_process_seqs_merge2] CPE FASTQ formatting done
slave pre done
now n is 103478
processed 103478
[M::mem_process_seqs_merge2] Processed 103478 reads in 3.870 CPU sec, 8.247 real sec
slave pre done
now n is 103478
processed 103478
[M::mem_process_seqs_merge2] Processed 103478 reads in 3.820 CPU sec, 8.504 real sec
[M::process] read chunk (19660800 bytes/CG x 1 CGs, 19660820 bytes)...
[M::mem_process_seqs_merge2] CPE FASTQ formatting done
slave pre done
now n is 103478
processed 103478
[M::mem_process_seqs_merge2] Processed 103478 reads in 3.730 CPU sec, 7.929 real sec
[M::process] read chunk (19660800 bytes/CG x 1 CGs, 19660820 bytes)...
slave pre done
now n is 103478
processed 103478
[M::mem_process_seqs_merge2] Processed 103478 reads in 3.960 CPU sec, 7.635 real sec
[M::mem_process_seqs_merge2] CPE FASTQ formatting done
[M::process] read chunk (19660800 bytes/CG x 1 CGs, 19660820 bytes)...
[M::mem_process_seqs_merge2] CPE FASTQ formatting done
slave pre done
now n is 103478
processed 103478
[M::mem_process_seqs_merge2] Processed 103478 reads in 3.520 CPU sec, 7.676 real sec
[M::process] read chunk (19660800 bytes/CG x 1 CGs, 19660820 bytes)...
slave pre done
now n is 103478
processed 103478
[M::mem_process_seqs_merge2] Processed 103478 reads in 3.310 CPU sec, 7.821 real sec
[M::mem_process_seqs_merge2] CPE FASTQ formatting done
[M::process] read chunk (19660800 bytes/CG x 1 CGs, 19660820 bytes)...
[M::mem_process_seqs_merge2] CPE FASTQ formatting done
slave pre done
now n is 103478
processed 103478
[M::mem_process_seqs_merge2] Processed 103478 reads in 3.550 CPU sec, 7.453 real sec
[M::process] read chunk (19660800 bytes/CG x 1 CGs, 19660820 bytes)...
[M::mem_process_seqs_merge2] CPE FASTQ formatting done
[M::process] read chunk (19660800 bytes/CG x 1 CGs, 1836920 bytes)...
[M::mem_process_seqs_merge2] CPE FASTQ formatting done
slave pre done
now n is 103478
processed 103478
[M::mem_process_seqs_merge2] Processed 103478 reads in 3.890 CPU sec, 7.823 real sec
slave pre done
now n is 9668
processed 9668
[M::mem_process_seqs_merge2] Processed 9668 reads in 0.390 CPU sec, 1.003 real sec
[MPI rank 000003/000006] input work: chunks=9 records=420396 bytes=159123012
slave pre done
now n is 103478
processed 103478
[M::mem_process_seqs_merge2] Processed 103478 reads in 3.830 CPU sec, 8.258 real sec
[MPI rank 000002/000006] input work: chunks=8 records=415564 bytes=157286844
slave pre done
now n is 103478
processed 103478
[M::mem_process_seqs_merge2] Processed 103478 reads in 3.900 CPU sec, 7.624 real sec
slave pre done
now n is 103478
processed 103478
[M::mem_process_seqs_merge2] Processed 103478 reads in 3.790 CPU sec, 8.445 real sec
[MPI rank 000004/000006] input work: chunks=8 records=415562 bytes=157286088
[MPI rank 000005/000006] input work: chunks=8 records=415564 bytes=157286844
slave pre done
now n is 103478
processed 103478
[M::mem_process_seqs_merge2] Processed 103478 reads in 3.220 CPU sec, 7.724 real sec
[MPI rank 000001/000006] input work: chunks=8 records=416119 bytes=157286364
[MPI rank 000000/000006] input work: chunks=8 records=416795 bytes=157286432

================ MPI Dynamic Scheduler Debug =================
  MPI rank: 000000 / 000006

  Work summary
    claimed chunks                                          8
    claimed from this rank's queue                          8
    claimed from another rank's queue                       0
    completed FASTQ records                            416795
    claimed input bytes                             157286432

  Scheduler counters
    scheduler_next calls                                    9
    RMA ticket attempts                                    14
    attempts against another rank's queue                   5
    tickets beyond the final chunk                          6
    empty aligned chunks                                    0

  Scheduler timing
    MPI_Win_create (setup)                       0.000194 s  (1 calls,   193.552 us/call)
    MPI_Barrier after setup                      0.000008 s  (1 calls,     8.150 us/call)
    scheduler_next total                         0.724131 s  (9 calls, 80458.957 us/call)
      RMA ticket path total                        0.370939 s  (14 calls, 26495.657 us/call)
        MPI_Win_lock                                 0.000069 s  (14 calls,     4.961 us/call)
        MPI_Fetch_and_op                             0.000066 s  (14 calls,     4.739 us/call)
        MPI_Win_unlock                               0.370783 s  (14 calls, 26484.525 us/call)
        RMA call overhead (derived)                  0.000020 s  (14 calls,     1.432 us/call)
      align nominal offsets to FASTQ records       0.353155 s  (8 calls, 44144.396 us/call)
      scheduler loop/bookkeeping (derived)         0.000036 s  (9 calls,     4.028 us/call)

  Scheduler teardown timing
    MPI_Barrier (wait for other ranks)           0.000035 s  (1 calls,    34.601 us/call)
    MPI_Win_free                                 0.018116 s  (1 calls, 18115.885 us/call)

  Stage 2 by chunk
    completed chunks                                        8
    accumulated stage 2                             65.138822 s
    average stage 2 per chunk                        8.142353 s
    slowest chunk                                           0
    slowest chunk stage 2                           11.204932 s

    order   chunk  queue        byte range                       bytes      records   stage2(s)
        0       0      0  [           0,     19661160)     19661160        52972   11.204932
        1       6      0  [   117965124,    137625788)     19660664        52289    7.414369
        2      12      0  [   235929860,    255590524)     19660664        52289    7.870999
        3      18      0  [   353894596,    373555260)     19660664        52289    7.648990
        4      24      0  [   471859364,    491520184)     19660820        51739    7.917027
        5      30      0  [   589824284,    609485104)     19660820        51739    7.538123
        6      36      0  [   707788824,    727449644)     19660820        51739    7.820843
        7      42      0  [   825753744,    845414564)     19660820        51739    7.723539
==============================================================


================ MPI Dynamic Scheduler Debug =================
  MPI rank: 000001 / 000006

  Work summary
    claimed chunks                                          8
    claimed from this rank's queue                          8
    claimed from another rank's queue                       0
    completed FASTQ records                            416119
    claimed input bytes                             157286364

  Scheduler counters
    scheduler_next calls                                    9
    RMA ticket attempts                                    14
    attempts against another rank's queue                   5
    tickets beyond the final chunk                          6
    empty aligned chunks                                    0

  Scheduler timing
    MPI_Win_create (setup)                       0.000193 s  (1 calls,   192.552 us/call)
    MPI_Barrier after setup                      0.000008 s  (1 calls,     8.300 us/call)
    scheduler_next total                         2.054450 s  (9 calls, 228272.232 us/call)
      RMA ticket path total                        1.124436 s  (14 calls, 80316.830 us/call)
        MPI_Win_lock                                 0.000065 s  (14 calls,     4.650 us/call)
        MPI_Fetch_and_op                             0.000064 s  (14 calls,     4.600 us/call)
        MPI_Win_unlock                               1.124286 s  (14 calls, 80306.151 us/call)
        RMA call overhead (derived)                  0.000020 s  (14 calls,     1.429 us/call)
      align nominal offsets to FASTQ records       0.929979 s  (8 calls, 116247.353 us/call)
      scheduler loop/bookkeeping (derived)         0.000036 s  (9 calls,     3.961 us/call)

  Scheduler teardown timing
    MPI_Barrier (wait for other ranks)           0.367401 s  (1 calls, 367401.312 us/call)
    MPI_Win_free                                 0.017844 s  (1 calls, 17843.883 us/call)

  Stage 2 by chunk
    completed chunks                                        8
    accumulated stage 2                             66.177240 s
    average stage 2 per chunk                        8.272155 s
    slowest chunk                                           1
    slowest chunk stage 2                            9.445231 s

    order   chunk  queue        byte range                       bytes      records   stage2(s)
        0       1      1  [    19661160,     39321716)     19660556        52789    9.445231
        1       7      1  [   137625788,    157286452)     19660664        52289    7.882687
        2      13      1  [   255590524,    275251564)     19661040        52290    8.399029
        3      19      1  [   373555260,    393216084)     19660824        51795    8.045613
        4      25      1  [   491520184,    511181004)     19660820        51739    7.756142
        5      31      1  [   609485104,    629145924)     19660820        51739    8.528128
        6      37      1  [   727449644,    747110464)     19660820        51739    7.675774
        7      43      1  [   845414564,    865075384)     19660820        51739    8.444636
==============================================================


================ MPI Dynamic Scheduler Debug =================
  MPI rank: 000002 / 000006

  Work summary
    claimed chunks                                          8
    claimed from this rank's queue                          8
    claimed from another rank's queue                       0
    completed FASTQ records                            415564
    claimed input bytes                             157286844

  Scheduler counters
    scheduler_next calls                                    9
    RMA ticket attempts                                    14
    attempts against another rank's queue                   5
    tickets beyond the final chunk                          6
    empty aligned chunks                                    0

  Scheduler timing
    MPI_Win_create (setup)                       0.000192 s  (1 calls,   192.402 us/call)
    MPI_Barrier after setup                      0.000007 s  (1 calls,     6.950 us/call)
    scheduler_next total                         0.764917 s  (9 calls, 84990.815 us/call)
      RMA ticket path total                        0.005229 s  (14 calls,   373.468 us/call)
        MPI_Win_lock                                 0.000069 s  (14 calls,     4.961 us/call)
        MPI_Fetch_and_op                             0.000076 s  (14 calls,     5.400 us/call)
        MPI_Win_unlock                               0.005062 s  (14 calls,   361.547 us/call)
================ MPI Dynamic Scheduler Debug =================
  MPI rank: 000003 / 000006

  Work summary
    claimed chunks                                          9
    claimed from this rank's queue                          8
    claimed from another rank's queue                       1
    completed FASTQ records                            420396
    claimed input bytes                             159123012

  Scheduler counters
    scheduler_next calls                                   10
    RMA ticket attempts                                    18
    attempts against another rank's queue                   8
    tickets beyond the final chunk                          9
    empty aligned chunks                                    0

        RMA call overhead (derived)                  0.000022 s  (14 calls,     1.561 us/call)
      align nominal offsets to FASTQ records       0.759652 s  (8 calls, 94956.466 us/call)
      scheduler loop/bookkeeping (derived)         0.000037 s  (9 calls,     4.116 us/call)

  Scheduler teardown timing
    MPI_Barrier (wait for other ranks)           7.640208 s  (1 calls, 7640207.583 us/call)
    MPI_Win_free                                 0.018123 s  (1 calls, 18122.735 us/call)

  Stage 2 by chunk
    completed chunks                                        8
    accumulated stage 2                             65.116236 s
    average stage 2 per chunk                        8.139529 s
    slowest chunk                                           2
    slowest chunk stage 2                            9.818490 s

    order   chunk  queue        byte range                       bytes      records   stage2(s)
        0       2      2  [    39321716,     58982756)     19661040        52290    9.818490
        1       8      2  [   157286452,    176947492)     19661040        52290    7.737703
        2      14      2  [   275251564,    294912228)     19660664        52289    7.682982
        3      20      2  [   393216084,    412876904)     19660820        51739    8.120014
        4      26      2  [   511181004,    530841824)     19660820        51739    7.747872
        5      32      2  [   629145924,    648806744)     19660820        51739    7.681247
        6      38      2  [   747110464,    766771284)     19660820        51739    8.504420
        7      44      2  [   865075384,    884736204)     19660820        51739    7.823508
==============================================================


  Scheduler timing
    MPI_Win_create (setup)                       0.000191 s  (1 calls,   191.252 us/call)
    MPI_Barrier after setup                      0.000010 s  (1 calls,     9.550 us/call)
    scheduler_next total                         1.775687 s  (10 calls, 177568.708 us/call)
      RMA ticket path total                        0.708222 s  (18 calls, 39345.658 us/call)
        MPI_Win_lock                                 0.000077 s  (18 calls,     4.250 us/call)
        MPI_Fetch_and_op                             0.000194 s  (18 calls,    10.778 us/call)
        MPI_Win_unlock                               0.707925 s  (18 calls, 39329.178 us/call)
        RMA call overhead (derived)                  0.000026 s  (18 calls,     1.453 us/call)
      align nominal offsets to FASTQ records       1.067423 s  (9 calls, 118602.609 us/call)
      scheduler loop/bookkeeping (derived)         0.000042 s  (10 calls,     4.175 us/call)

  Scheduler teardown timing
    MPI_Barrier (wait for other ranks)           7.988417 s  (1 calls, 7988416.698 us/call)
    MPI_Win_free                                 0.017842 s  (1 calls, 17841.932 us/call)

  Stage 2 by chunk
    completed chunks                                        9
    accumulated stage 2                             64.293367 s
    average stage 2 per chunk                        7.143707 s
    slowest chunk                                           3
    slowest chunk stage 2                            9.187274 s

    order   chunk  queue        byte range                       bytes      records   stage2(s)
        0       3      3  [    58982756,     78643420)     19660664        52289    9.187274
        1       9      3  [   176947492,    196608156)     19660664        52289    7.732430
        2      15      3  [   294912228,    314572892)     19660664        52289    7.335135
        3      21      3  [   412876904,    432537724)     19660820        51739    7.544298
        4      27      3  [   530841824,    550502644)     19660820        51739    7.866890
        5      33      3  [   648806744,    668467564)     19660820        51739    7.923596
        6      39      3  [   766771284,    786432104)     19660820        51739    8.247493
        7      45      3  [   884736204,    904397024)     19660820        51739    7.452941
        8      48      0  [   943718664,    945555584)      1836920         4834    1.003310
==============================================================


================ MPI Dynamic Scheduler Debug =================
  MPI rank: 000004 / 000006

  Work summary
    claimed chunks                                          8
    claimed from this rank's queue                          8
    claimed from another rank's queue                       0
    completed FASTQ records                            415562
    claimed input bytes                             157286088

  Scheduler counters
    scheduler_next calls                                    9
    RMA ticket attempts                                    14
    attempts against another rank's queue                   5
    tickets beyond the final chunk                          6
    empty aligned chunks                                    0

  Scheduler timing
    MPI_Win_create (setup)                       0.000192 s  (1 calls,   191.902 us/call)
    MPI_Barrier after setup                      0.000008 s  (1 calls,     8.500 us/call)
    scheduler_next total                         2.202861 s  (9 calls, 244762.368 us/call)
      RMA ticket path total                        1.550600 s  (14 calls, 110757.156 us/call)
        MPI_Win_lock                                 0.000066 s  (14 calls,     4.729 us/call)
        MPI_Fetch_and_op                             0.000106 s  (14 calls,     7.600 us/call)
        MPI_Win_unlock                               1.550406 s  (14 calls, 110743.270 us/call)
        RMA call overhead (derived)                  0.000022 s  (14 calls,     1.557 us/call)
      align nominal offsets to FASTQ records       0.652223 s  (8 calls, 81527.853 us/call)
      scheduler loop/bookkeeping (derived)         0.000038 s  (9 calls,     4.256 us/call)

  Scheduler teardown timing
    MPI_Barrier (wait for other ranks)           4.221633 s  (1 calls, 4221632.577 us/call)
    MPI_Win_free                                 0.018128 s  (1 calls, 18128.086 us/call)

  Stage 2 by chunk
    completed chunks                                        8
    accumulated stage 2                             65.063074 s
    average stage 2 per chunk                        8.132884 s
    slowest chunk                                           4
    slowest chunk stage 2                            9.109921 s

    order   chunk  queue        byte range                       bytes      records   stage2(s)
        0       4      4  [    78643420,     98304084)     19660664        52289    9.109921
        1      10      4  [   196608156,    216268820)     19660664        52289    7.848772
        2      16      4  [   314572892,    334233932)     19661040        52290    7.765287
        3      22      4  [   432537724,    452198544)     19660820        51739    7.904860
        4      28      4  [   550502644,    570163464)     19660820        51739    7.930248
        5      34      4  [   668467564,    688128004)     19660440        51738    8.316865
        6      40      4  [   786432104,    806092924)     19660820        51739    7.928750
        7      46      4  [   904397024,    924057844)     19660820        51739    8.258371
==============================================================


================ MPI Dynamic Scheduler Debug =================
  MPI rank: 000005 / 000006

  Work summary
    claimed chunks                                          8
    claimed from this rank's queue                          8
    claimed from another rank's queue                       0
    completed FASTQ records                            415564
    claimed input bytes                             157286844

  Scheduler counters
    scheduler_next calls                                    9
    RMA ticket attempts                                    14
    attempts against another rank's queue                   5
    tickets beyond the final chunk                          6
    empty aligned chunks                                    0

  Scheduler timing
    MPI_Win_create (setup)                       0.000193 s  (1 calls,   192.502 us/call)
    MPI_Barrier after setup                      0.000009 s  (1 calls,     9.050 us/call)
    scheduler_next total                         1.266763 s  (9 calls, 140751.391 us/call)
      RMA ticket path total                        0.443883 s  (14 calls, 31705.946 us/call)
        MPI_Win_lock                                 0.000068 s  (14 calls,     4.829 us/call)
        MPI_Fetch_and_op                             0.000140 s  (14 calls,    10.032 us/call)
        MPI_Win_unlock                               0.443653 s  (14 calls, 31689.528 us/call)
        RMA call overhead (derived)                  0.000022 s  (14 calls,     1.557 us/call)
      align nominal offsets to FASTQ records       0.822842 s  (8 calls, 102855.234 us/call)
      scheduler loop/bookkeeping (derived)         0.000037 s  (9 calls,     4.156 us/call)

  Scheduler teardown timing
    MPI_Barrier (wait for other ranks)           3.936247 s  (1 calls, 3936247.356 us/call)
    MPI_Win_free                                 0.000060 s  (1 calls,    60.150 us/call)

  Stage 2 by chunk
    completed chunks                                        8
    accumulated stage 2                             64.116594 s
    average stage 2 per chunk                        8.014574 s
    slowest chunk                                           5
    slowest chunk stage 2                            9.114756 s

    order   chunk  queue        byte range                       bytes      records   stage2(s)
        0       5      5  [    98304084,    117965124)     19661040        52290    9.114756
        1      11      5  [   216268820,    235929860)     19661040        52290    7.904343
        2      17      5  [   334233932,    353894596)     19660664        52289    8.106628
        3      23      5  [   452198544,    471859364)     19660820        51739    7.827279
        4      29      5  [   570163464,    589824284)     19660820        51739    8.025511
        5      35      5  [   688128004,    707788824)     19660820        51739    7.878226
        6      41      5  [   806092924,    825753744)     19660820        51739    7.635500
        7      47      5  [   924057844,    943718664)     19660820        51739    7.624351
==============================================================


====================== SWBWA Output Debug =====================
  MPI rank: 000000 / 000006
  mode:     MPI single_unordered
  path:     correctness_results/mpi_multiple_iprobe_timing_20260814/has1/SRR7963242_PE.sam

  Output volume
    output buffer capacity                           67108864
    swbwa_output_write calls                          833590
    submitted SAM bytes                            351491884
    buffered flushes                                       6
    buffered flush bytes                           351491884
    direct oversized writes                                0
    direct oversized bytes                                 0

  Buffering
    buffered flush total                        18.112226 s  (6 calls, 3018704.410 us/call)

  Global offset reservation
    target rank                                             0
    target relationship                                 local
    reservations                                            6
    reservation total                            0.000126 s  (6 calls,    20.942 us/call)
      MPI_Fetch_and_op                             0.000034 s  (6 calls,     5.617 us/call)
      MPI_Win_flush(target rank 0)                 0.000085 s  (6 calls,    14.233 us/call)
      reservation call overhead (derived)          0.000007 s  (6 calls,     1.092 us/call)

  MPI file writes
    MPI_File_write_at calls                                 6
    MPI_File_write_at bytes                         351491884
    MPI file-write path total                   18.112080 s  (6 calls, 3018679.968 us/call)
      MPI_File_write_at                           18.112060 s  (6 calls, 3018676.651 us/call)
      MPI_Get_count                                0.000015 s  (6 calls,     2.525 us/call)
      file-write call overhead (derived)           0.000005 s  (6 calls,     0.792 us/call)
    MPI_File_write_at effective bandwidth          18.507 MiB/s

  Output close timing
    MPI_File_sync                                0.028633 s  (1 calls, 28633.293 us/call)
    MPI_Win_unlock_all                           0.000130 s  (1 calls,   130.401 us/call)
    MPI_Win_free                                 0.000557 s  (1 calls,   557.156 us/call)
    MPI_File_close                               0.001154 s  (1 calls,  1154.312 us/call)
================================================================


====================== SWBWA Output Debug =====================
  MPI rank: 000001 / 000006
  mode:     MPI single_unordered
  path:     correctness_results/mpi_multiple_iprobe_timing_20260814/has1/SRR7963242_PE.sam

  Output volume
    output buffer capacity                           67108864
    swbwa_output_write calls                          832238
    submitted SAM bytes                            350907535
    buffered flushes                                       6
    buffered flush bytes                           350907535
    direct oversized writes                                0
    direct oversized bytes                                 0

  Buffering
    buffered flush total                        14.259030 s  (6 calls, 2376504.934 us/call)

  Global offset reservation
    target rank                                             0
    target relationship                                remote
    reservations                                            6
    reservation total                            0.003463 s  (6 calls,   577.131 us/call)
      MPI_Fetch_and_op                             0.000313 s  (6 calls,    52.192 us/call)
      MPI_Win_flush(target rank 0)                 0.003141 s  (6 calls,   523.447 us/call)
      reservation call overhead (derived)          0.000009 s  (6 calls,     1.492 us/call)

  MPI file writes
    MPI_File_write_at calls                                 6
    MPI_File_write_at bytes                         350907535
    MPI file-write path total                   14.255545 s  (6 calls, 2375924.153 us/call)
      MPI_File_write_at                           14.255525 s  (6 calls, 2375920.862 us/call)
      MPI_Get_count                                0.000014 s  (6 calls,     2.417 us/call)
      file-write call overhead (derived)           0.000005 s  (6 calls,     0.875 us/call)
    MPI_File_write_at effective bandwidth          23.475 MiB/s

  Output close timing
    MPI_File_sync                                0.012478 s  (1 calls, 12478.227 us/call)
    MPI_Win_unlock_all                           0.000016 s  (1 calls,    15.601 us/call)
    MPI_Win_free                                 0.017622 s  (1 calls, 17622.080 us/call)
    MPI_File_close                               0.001023 s  (1 calls,  1022.811 us/call)
================================================================


====================== SWBWA Output Debug =====================
  MPI rank: 000002 / 000006
  mode:     MPI single_unordered
  path:     correctness_results/mpi_multiple_iprobe_timing_20260814/has1/SRR7963242_PE.sam

  Output volume
    output buffer capacity                           67108864
    swbwa_output_write calls                          831128
    submitted SAM bytes                            350449556
    buffered flushes                                       6
    buffered flush bytes                           350449556
    direct oversized writes                                0
    direct oversized bytes                                 0

  Buffering
    buffered flush total                        10.009845 s  (6 calls, 1668307.524 us/call)

  Global offset reservation
    target rank                                             0
    target relationship                                remote
    reservations                                            6
    reservation total                            0.017087 s  (6 calls,  2847.904 us/call)
      MPI_Fetch_and_op                             0.000338 s  (6 calls,    56.401 us/call)
      MPI_Win_flush(target rank 0)                 0.016740 s  (6 calls,  2790.020 us/call)
      reservation call overhead (derived)          0.000009 s  (6 calls,     1.483 us/call)

  MPI file writes
    MPI_File_write_at calls                                 6
    MPI_File_write_at bytes                         350449556
    MPI file-write path total                    9.992738 s  (6 calls, 1665456.295 us/call)
      MPI_File_write_at                            9.992716 s  (6 calls, 1665452.645 us/call)
      MPI_Get_count                                0.000017 s  (6 calls,     2.792 us/call)
      file-write call overhead (derived)           0.000005 s  (6 calls,     0.858 us/call)
    MPI_File_write_at effective bandwidth          33.446 MiB/s

  Output close timing
    MPI_File_sync                                0.028291 s  (1 calls, 28290.840 us/call)
    MPI_Win_unlock_all                           0.000027 s  (1 calls,    26.950 us/call)
    MPI_Win_free                                 0.001381 s  (1 calls,  1380.714 us/call)
    MPI_File_close                               0.000642 s  (1 calls,   642.107 us/call)
================================================================


====================== SWBWA Output Debug =====================
  MPI rank: 000003 / 000006
  mode:     MPI single_unordered
  path:     correctness_results/mpi_multiple_iprobe_timing_20260814/has1/SRR7963242_PE.sam

  Output volume
    output buffer capacity                           67108864
    swbwa_output_write calls                          840792
    submitted SAM bytes                            354316533
    buffered flushes                                       6
    buffered flush bytes                           354316533
    direct oversized writes                                0
    direct oversized bytes                                 0

  Buffering
    buffered flush total                         9.160821 s  (6 calls, 1526803.559 us/call)

  Global offset reservation
    target rank                                             0
    target relationship                                remote
    reservations                                            6
    reservation total                            1.359072 s  (6 calls, 226512.003 us/call)
      MPI_Fetch_and_op                             0.000410 s  (6 calls,    68.351 us/call)
      MPI_Win_flush(target rank 0)                 1.358652 s  (6 calls, 226442.027 us/call)
      reservation call overhead (derived)          0.000010 s  (6 calls,     1.625 us/call)

  MPI file writes
    MPI_File_write_at calls                                 6
    MPI_File_write_at bytes                         354316533
    MPI file-write path total                    7.801727 s  (6 calls, 1300287.790 us/call)
      MPI_File_write_at                            7.801705 s  (6 calls, 1300284.164 us/call)
      MPI_Get_count                                0.000017 s  (6 calls,     2.750 us/call)
      file-write call overhead (derived)           0.000005 s  (6 calls,     0.875 us/call)
    MPI_File_write_at effective bandwidth          43.311 MiB/s

  Output close timing
    MPI_File_sync                                0.020210 s  (1 calls, 20209.606 us/call)
    MPI_Win_unlock_all                           0.000017 s  (1 calls,    16.551 us/call)
    MPI_Win_free                                 0.000047 s  (1 calls,    47.200 us/call)
    MPI_File_close                               0.000882 s  (1 calls,   882.109 us/call)
================================================================


====================== SWBWA Output Debug =====================
  MPI rank: 000004 / 000006
  mode:     MPI single_unordered
  path:     correctness_results/mpi_multiple_iprobe_timing_20260814/has1/SRR7963242_PE.sam

  Output volume
    output buffer capacity                           67108864
    swbwa_output_write calls                          831124
    submitted SAM bytes                            350245456
    buffered flushes                                       6
    buffered flush bytes                           350245456
    direct oversized writes                                0
    direct oversized bytes                                 0

  Buffering
    buffered flush total                        12.228746 s  (6 calls, 2038124.294 us/call)

  Global offset reservation
    target rank                                             0
    target relationship                                remote
    reservations                                            6
    reservation total                            0.002458 s  (6 calls,   409.738 us/call)
      MPI_Fetch_and_op                             0.000350 s  (6 calls,    58.342 us/call)
      MPI_Win_flush(target rank 0)                 0.002100 s  (6 calls,   349.945 us/call)
      reservation call overhead (derived)          0.000009 s  (6 calls,     1.450 us/call)

  MPI file writes
    MPI_File_write_at calls                                 6
    MPI_File_write_at bytes                         350245456
    MPI file-write path total                   12.226267 s  (6 calls, 2037711.124 us/call)
      MPI_File_write_at                           12.226245 s  (6 calls, 2037707.507 us/call)
      MPI_Get_count                                0.000016 s  (6 calls,     2.658 us/call)
      file-write call overhead (derived)           0.000006 s  (6 calls,     0.959 us/call)
    MPI_File_write_at effective bandwidth          27.320 MiB/s

  Output close timing
    MPI_File_sync                                0.013279 s  (1 calls, 13278.836 us/call)
    MPI_Win_unlock_all                           0.000015 s  (1 calls,    14.950 us/call)
    MPI_Win_free                                 0.016698 s  (1 calls, 16697.621 us/call)
    MPI_File_close                               0.001057 s  (1 calls,  1056.961 us/call)
================================================================


====================== SWBWA Output Debug =====================
  MPI rank: 000005 / 000006
  mode:     MPI single_unordered
  path:     correctness_results/mpi_multiple_iprobe_timing_20260814/has1/SRR7963242_PE.sam

  Output volume
    output buffer capacity                           67108864
    swbwa_output_write calls                          831128
    submitted SAM bytes                            350244769
    buffered flushes                                       6
    buffered flush bytes                           350244769
    direct oversized writes                                0
    direct oversized bytes                                 0

  Buffering
    buffered flush total                        13.497043 s  (6 calls, 2249507.109 us/call)

  Global offset reservation
    target rank                                             0
    target relationship                                remote
    reservations                                            6
    reservation total                            0.004813 s  (6 calls,   802.133 us/call)
      MPI_Fetch_and_op                             0.000278 s  (6 calls,    46.375 us/call)
      MPI_Win_flush(target rank 0)                 0.004527 s  (6 calls,   754.433 us/call)
      reservation call overhead (derived)          0.000008 s  (6 calls,     1.325 us/call)

  MPI file writes
    MPI_File_write_at calls                                 6
    MPI_File_write_at bytes                         350244769
    MPI file-write path total                   13.492207 s  (6 calls, 2248701.134 us/call)
      MPI_File_write_at                           13.492185 s  (6 calls, 2248697.492 us/call)
      MPI_Get_count                                0.000016 s  (6 calls,     2.700 us/call)
      file-write call overhead (derived)           0.000006 s  (6 calls,     0.942 us/call)
    MPI_File_write_at effective bandwidth          24.757 MiB/s

  Output close timing
    MPI_File_sync                                0.013810 s  (1 calls, 13810.041 us/call)
    MPI_Win_unlock_all                           0.000027 s  (1 calls,    26.951 us/call)
    MPI_Win_free                                 0.016075 s  (1 calls, 16075.064 us/call)
    MPI_File_close                               0.000703 s  (1 calls,   703.457 us/call)
================================================================


================ SWBWA CPE/MPI Progress Debug ================
  MPI rank: 000005 / 000006

    phase                      waits     probes   total(s)    avg(us)    max(s)   >=1ms   >=10ms   >=100ms    >=1s  completed
    FASTQ formatting               8         15      0.000     20.070     0.000       0        0         0       0          0
    alignment and SAM length       8     805937      8.594     10.664     0.040     236       24         0       0          2
    SAM record generation          8         16      0.013    842.549     0.013       1        1         0       0          0
    all CPE phases                24     805968      8.608     10.680     0.040     237       25         0       0          2

  Probes marked 'completed' returned with the CPE completion
  flag set. Their full call duration bounds the possible delay.
    completion-observing probe total               0.000112 s
    slowest completion-observing probe             0.000057 s
==============================================================


======================= SWBWA Timing Report =======================
  MPI rank: 000005 / 000006
  Accumulated wall-clock time; indented rows are included in
  their parent row and must not be added to it.

  Pipeline
    total - complete three-stage pipeline                    90.530 s
    stage 1 - allocate and read raw FASTQ blocks              7.868 s
    stage 2 - align reads and generate SAM records           64.117 s
    stage 3 - write SAM and release batch data               14.186 s
      SAM output writes                                        13.830 s
      batch cleanup and loop overhead (derived)                 0.356 s

  Stage 1 input details
    batches completed / stage calls                       8 / 9
    input-buffer and batch allocations                        0.000 s  (25 calls, max 0.000 s)
    aggregate requested allocation bytes            314590648
    FASTQ fseeko calls                                        0.325 s  (16 calls, max 0.131 s)
    FASTQ fread calls                                         6.275 s  (16 calls, max 0.730 s)
    align chunk ends to FASTQ record boundaries               0.000 s  (0 calls, max 0.000 s)
    scheduler, checks and bookkeeping (derived)               1.268 s
    raw FASTQ bytes read                            314573688  (300.001 MiB)
    effective fread bandwidth                         47.813 MiB/s
    slowest allocation                                 0.000 s  (19661844 bytes)
    slowest fread                                      0.730 s  (R2 offset=98304084, bytes=19661040)

  Stage 2 worker details
    total - active merge worker                              64.116 s
      part 1 - prepare CPE task and reusable buffers            0.742 s
      part 2 - CPE FASTQ formatting and input release           0.114 s
      part 3 - CPE alignment and SAM length pass               63.026 s
      part 4 - assign slices in the shared SAM buffer           0.064 s
      part 5 - CPE SAM record generation                        0.170 s
      part 6 - release temporary worker data                    0.000 s

  Reserved allocator timers (no active timing sites)
    malloc timer
================ SWBWA CPE/MPI Progress Debug ================
  MPI rank: 000000 / 000006

    phase                      waits     probes   total(s)    avg(us)    max(s)   >=1ms   >=10ms   >=100ms    >=1s  completed
    FASTQ formatting               8         14      0.000     19.922     0.000       0        0         0       0          0
    alignment and SAM length       8     795963      9.920     12.462     0.042     375      176         0       0          1
    SAM record generation          8         23      0.001     52.118     0.000       0        0         0       0          0
    all CPE phases                24     796000      9.921     12.464     0.042     375      176         0       0          1

  Probes marked 'completed' returned with the CPE completion
  flag set. Their full call duration bounds the possible delay.
    completion-observing probe total               0.000064 s
    slowest completion-observing probe             0.000064 s
==============================================================


======================= SWBWA Timing Report =======================
  MPI rank: 000000 / 000006
  Accumulated wall-clock time; indented rows are included in
  their parent row and must not be added to it.

  Pipeline
    total - complete three-stage pipeline                    90.524 s
    stage 1 - allocate and read raw FASTQ blocks              5.828 s
    stage 2 - align reads and generate SAM records           65.139 s
    stage 3 - write SAM and release batch data               19.057 s
      SAM output writes                                        18.625 s
      batch cleanup and loop overhead (derived)                 0.432 s

  Stage 1 input details
    batches completed / stage calls                       8 / 9
    input-buffer and batch allocations                        0.000 s  (25 calls, max 0.000 s)
    aggregate requested allocation bytes            314589824
    FASTQ fseeko calls                                        0.399 s  (16 calls, max 0.072 s)
    FASTQ fread calls                                         4.702 s  (16 calls, max 0.593 s)
    align chunk ends to FASTQ record boundaries               0.000 s  (0 calls, max 0.000 s)
    scheduler, checks and bookkeeping (derived)               0.727 s
    raw FASTQ bytes read                            314572864  (300.000 MiB)
    effective fread bandwidth                         63.796 MiB/s
    slowest allocation                                 0.000 s  (19661844 bytes)
    slowest fread                                      0.593 s  (R1 offset=0, bytes=19661160)

  Stage 2 worker details
    total - active merge worker                              65.138 s
      part 1 - prepare CPE task and reusable buffers            0.676 s
      part 2 - CPE FASTQ formatting and input release           0.114 s
      part 3 - CPE alignment and SAM length pass               64.112 s
      part 4 - assign slices in the shared SAM buffer           0.058 s
      part 5 - CPE SAM record generation                        0.178 s
      part 6 - release temporary worker data                    0.000 s

  Reserved allocator timers (no active timing sites)
    malloc timer                                              0.000 s
    free timer                                                0.000 s
===================================================================


================ SWBWA CPE/MPI Progress Debug ================
  MPI rank: 000001 / 000006

    phase                      waits     probes   total(s)    avg(us)    max(s)   >=1ms   >=10ms   >=100ms    >=1s  completed
    FASTQ formatting               8         15      0.000     13.887     0.000       0        0         0       0          0
    alignment and SAM length       8     779783      8.773     11.251     0.040     285       32         0       0          0
    SAM record generation          8         14      0.014   1022.450     0.013       1        1         0       0          0
    all CPE phases                24     779812      8.788     11.269     0.040     286       33         0       0          0

  Probes marked 'completed' returned with the CPE completion
  flag set. Their full call duration bounds the possible delay.
    completion-observing probe total               0.000000 s
    slowest completion-observing probe             0.000000 s
==============================================================


======================= SWBWA Timing Report =======================
  MPI rank: 000001 / 000006
  Accumulated wall-clock time; indented rows are included in
  their parent row and must not be added to it.

  Pipeline
    total - complete three-stage pipeline                    90.530 s
    stage 1 - allocate and read raw FASTQ blocks              8.389 s
    stage 2 - align reads and generate SAM records           66.177 s
    stage 3 - write SAM and release batch data               15.104 s
      SAM output writes                                        14.716 s
      batch cleanup and loop overhead (derived)                 0.388 s

  Stage 1 input details
    batches completed / stage calls                       8 / 9
    input-buffer and batch allocations                        0.000 s  (25 calls, max 0.000 s)
    aggregate requested allocation bytes            314589688
    FASTQ fseeko calls                                        0.810 s  (16 calls, max 0.125 s)
    FASTQ fread calls                                         5.509 s  (16 calls, max 0.605 s)
    align chunk ends to FASTQ record boundaries               0.000 s  (0 calls, max 0.000 s)
    scheduler, checks and bookkeeping (derived)               2.070 s
    raw FASTQ bytes read                            314572728  (300.000 MiB)
    effective fread bandwidth                         54.459 MiB/s
    slowest allocation                                 0.000 s  (19662064 bytes)
    slowest fread                                      0.605 s  (R2 offset=19661160, bytes=19660556)

  Stage 2 worker details
    total - active merge worker                              66.177 s
      part 1 - prepare CPE task and reusable buffers            0.631 s
      part 2 - CPE FASTQ formatting and input release           0.115 s
      part 3 - CPE alignment and SAM length pass               65.181 s
      part 4 - assign slices in the shared SAM buffer           0.058 s
      part 5 - CPE SAM record generation                        0.192 s
      part 6 - release temporary worker data                    0.000 s

  Reserved allocator timers (no active timing sites)
    malloc timer                                              0.000 s
    free timer                                                0.000 s
===================================================================


================ SWBWA CPE/MPI Progress Debug ================
  MPI rank: 000002 / 000006

    phase                      waits     probes   total(s)    avg(us)    max(s)   >=1ms   >=10ms   >=100ms    >=1s  completed
    FASTQ formatting               8         13      0.000     17.993     0.000       0        0         0       0          1
    alignment and SAM length       8     738414      9.467     12.821     0.033     320       41         0       0          1
    SAM record generation          8         20      0.001     61.336     0.000       0        0         0       0          0
    all CPE phases                24     738447      9.468     12.822     0.033     320       41         0       0          2

  Probes marked 'completed' returned with the CPE completion
  flag set. Their full call duration bounds the possible delay.
    completion-observing probe total               0.000096 s
    slowest completion-observing probe             0.000072 s
==============================================================


======================= SWBWA Timing Report =======================
  MPI rank: 000002 / 000006
  Accumulated wall-clock time; indented rows are included in
  their parent row and must not be added to it.

  Pipeline
    total - complete three-stage pipeline                    90.531 s
    stage 1 - allocate and read raw FASTQ blocks              6.514 s
    stage 2 - align reads and generate SAM records           65.116 s
    stage 3 - write SAM and release batch data               10.441 s
      SAM output writes                                        10.071 s
      batch cleanup and loop overhead (derived)                 0.370 s

  Stage 1 input details
    batches completed / stage calls                       8 / 9
    input-buffer and batch allocations                        0.000 s  (25 calls, max 0.000 s)
    aggregate requested allocation bytes            314590648
    FASTQ fseeko calls                                        0.667 s  (16 calls, max 0.116 s)
    FASTQ fread calls                                         5.070 s  (16 calls, max 0.636 s)
    align chunk ends to FASTQ record boundaries               0.000 s  (0 calls, max 0.000 s)
    scheduler, checks and bookkeeping (derived)               0.778 s
    raw FASTQ bytes read                            314573688  (300.001 MiB)
    effective fread bandwidth                         59.176 MiB/s
    slowest allocation                                 0.000 s  (19661844 bytes)
    slowest fread                                      0.636 s  (R2 offset=39321716, bytes=19661040)

  Stage 2 worker details
    total - active merge worker                              65.114 s
      part 1 - prepare CPE task and reusable buffers            0.713 s
      part 2 - CPE FASTQ formatting and input release           0.102 s
      part 3 - CPE alignment and SAM length pass               64.065 s
      part 4 - assign slices in the shared SAM buffer           0.062 s
      part 5 - CPE SAM record generation                        0.169 s
      part 6 - release temporary worker data                    0.000 s

  Reserved allocator timers (no active timing sites)
    malloc timer                                              0.000 s
    free timer                                                0.000 s
===================================================================


================ SWBWA CPE/MPI Progress Debug ================
  MPI rank: 000003 / 000006

    phase                      waits     probes   total(s)    avg(us)    max(s)   >=1ms   >=10ms   >=100ms    >=1s  completed
    FASTQ formatting               9         14      0.000     16.293     0.000       0        0         0       0          0
    alignment and SAM length       9     788878      8.878     11.254     0.033     290       35         0       0          2
    SAM record generation          9         22      0.002     80.996     0.001       0        0         0       0          0
    all CPE phases                27     788914      8.880     11.256     0.033     290       35         0       0          2

  Probes marked 'completed' returned with the CPE completion
  flag set. Their full call duration bounds the possible delay.
    completion-observing probe total               0.000120 s
    slowest completion-observing probe             0.000069 s
==============================================================


======================= SWBWA Timing Report =======================
  MPI rank: 000003 / 000006
  Accumulated wall-clock time; indented rows are included in
  their parent row and must not be added to it.

  Pipeline
    total - complete three-stage pipeline                    90.530 s
    stage 1 - allocate and read raw FASTQ blocks              7.732 s
    stage 2 - align reads and generate SAM records           64.293 s
    stage 3 - write SAM and release batch data               10.041 s
      SAM output writes                                         9.600 s
      batch cleanup and loop overhead (derived)                 0.441 s

  Stage 1 input details
    batches completed / stage calls                       9 / 10
    input-buffer and batch allocations                        0.000 s  (28 calls, max 0.000 s)
    aggregate requested allocation bytes            318265096
    FASTQ fseeko calls                                        0.646 s  (18 calls, max 0.117 s)
    FASTQ fread calls                                         5.308 s  (18 calls, max 0.585 s)
    align chunk ends to FASTQ record boundaries               0.000 s  (0 calls, max 0.000 s)
    scheduler, checks and bookkeeping (derived)               1.778 s
    raw FASTQ bytes read                            318246024  (303.503 MiB)
    effective fread bandwidth                         57.178 MiB/s
    slowest allocation                                 0.000 s  (19661688 bytes)
    slowest fread                                      0.585 s  (R2 offset=58982756, bytes=19660664)

  Stage 2 worker details
    total - active merge worker                              64.292 s
      part 1 - prepare CPE task and reusable buffers            0.685 s
      part 2 - CPE FASTQ formatting and input release           0.107 s
      part 3 - CPE alignment and SAM length pass               63.264 s
      part 4 - assign slices in the shared SAM buffer           0.058 s
      part 5 - CPE SAM record generation                        0.177 s
      part 6 - release temporary worker data                    0.000 s

  Reserved allocator timers (no active timing sites)
    malloc timer                                              0.000 s
    free timer                                                0.000 s
===================================================================


================ SWBWA CPE/MPI Progress Debug ================
  MPI rank: 000004 / 000006

    phase                      waits     probes   total(s)    avg(us)    max(s)   >=1ms   >=10ms   >=100ms    >=1s  completed
    FASTQ formatting               8         16      0.000     15.641     0.000       0        0         0       0          0
    alignment and SAM length       8     729306      8.696     11.924     0.038     400       42         0       0          1
    SAM record generation          8         18      0.001     69.145     0.000       0        0         0       0          0
    all CPE phases                24     729340      8.698     11.926     0.038     400       42         0       0          1

  Probes marked 'completed' returned with the CPE completion
  flag set. Their full call duration bounds the possible delay.
    completion-observing probe total               0.000059 s
    slowest completion-observing probe             0.000059 s
==============================================================


======================= SWBWA Timing Report =======================
  MPI rank: 000004 / 000006
  Accumulated wall-clock time; indented rows are included in
  their parent row and must not be added to it.

  Pipeline
    total - complete three-stage pipeline                    90.530 s
    stage 1 - allocate and read raw FASTQ blocks              7.789 s
    stage 2 - align reads and generate SAM records           65.063 s
    stage 3 - write SAM and release batch data               12.882 s
      SAM output writes                                        12.528 s
      batch cleanup and loop overhead (derived)                 0.354 s

  Stage 1 input details
    batches completed / stage calls                       8 / 9
    input-buffer and batch allocations                        0.000 s  (25 calls, max 0.000 s)
    aggregate requested allocation bytes            314589136
    FASTQ fseeko calls                                        0.253 s  (16 calls, max 0.116 s)
    FASTQ fread calls                                         5.332 s  (16 calls, max 0.634 s)
    align chunk ends to FASTQ record boundaries               0.000 s  (0 calls, max 0.000 s)
    scheduler, checks and bookkeeping (derived)               2.204 s
    raw FASTQ bytes read                            314572176  (299.999 MiB)
    effective fread bandwidth                         56.266 MiB/s
    slowest allocation                                 0.000 s  (19661844 bytes)
    slowest fread                                      0.634 s  (R2 offset=78643420, bytes=19660664)

  Stage 2 worker details
    total - active merge worker                              65.063 s
      part 1 - prepare CPE task and reusable buffers            0.776 s
      part 2 - CPE FASTQ formatting and input release           0.125 s
      part 3 - CPE alignment and SAM length pass               63.936 s
      part 4 - assign slices in the shared SAM buffer           0.057 s
      part 5 - CPE SAM record generation                        0.168 s
      part 6 - release temporary worker data                    0.000 s

  Reserved allocator timers (no active timing sites)
    malloc timer                                              0.000 s
    free timer                                                0.000 s
===================================================================

                                            0.000 s
    free timer                                                0.000 s
===================================================================

[main] Version: 0.0.1
[main] CMD: ./SWBWA mem -v 4 -t 1 -1 -o correctness_results/mpi_multiple_iprobe_timing_20260814/has1/SRR7963242_PE.sam -I 170,80,500,1 ../data/GRCh38.d1.vd1.fa ../data/SRR7963242_1.fastq_1 ../data/SRR7963242_2.fastq_1
