[M::main_mem] mean insert size: 170.000, stddev: 80.000, max: 500, min: 1
[CPE input] bytes_per_cg=19660800 cg_count=6 chunk_bytes=117964800 file_bytes=3795555588
malloc bwt->bwt 3107576584, 0x580000486040
malloc bwt->sa 1553788264, 0x5800b9823b60
[M::bwa_idx_load_from_disk] read 0 ALT contigs
malloc pac 776894131, 0x580116285940
the input file is ../data/bwa_test_big_data/small_SRR7963242_1.fastq
the input file is ../data/bwa_test_big_data/small_SRR7963242_2.fastq
the output file is correctness_results/ksw_u8_modes_bigdata_20260827/int32_16/small_SRR7963242_PE.sam
[M::process] read chunk (19660800 bytes/CG x 6 CGs, 117964800 bytes)...
[DBG stage1] slow fread: R1 offset=0 requested=117964800 read=117964800 elapsed=13.362 s
[DBG stage1] slow fread: R2 offset=0 requested=117964800 read=117964800 elapsed=2.098 s
[M::swbwa_cross_runtime_init] initialized cross-segment runtime in 0.070 sec
start swbwa_cross_run
[M::mem_process_seqs_merge2] CPE FASTQ formatting done
start swbwa_cross_run
slave pre done
now n is 629832
start swbwa_cross_run
processed 629832
[M::mem_process_seqs_merge2] Processed 629832 reads in 0.110 CPU sec, 6.807 real sec
[M::process] read chunk (19660800 bytes/CG x 6 CGs, 117964800 bytes)...
[DBG stage1] slow fread: R1 offset=117963996 requested=117964800 read=117964800 elapsed=3.368 s
[DBG stage1] slow fread: R2 offset=117963996 requested=117964800 read=117964800 elapsed=13.452 s
start swbwa_cross_run
[M::mem_process_seqs_merge2] CPE FASTQ formatting done
start swbwa_cross_run
slave pre done
now n is 627468
start swbwa_cross_run
processed 627468
[M::mem_process_seqs_merge2] Processed 627468 reads in 0.050 CPU sec, 5.699 real sec
[M::process] read chunk (19660800 bytes/CG x 6 CGs, 117964800 bytes)...
[DBG stage1] slow fread: R1 offset=235927980 requested=117964800 read=117964800 elapsed=6.305 s
[DBG stage1] slow fread: R2 offset=235927980 requested=117964800 read=117964800 elapsed=13.372 s
start swbwa_cross_run
[M::mem_process_seqs_merge2] CPE FASTQ formatting done
start swbwa_cross_run
slave pre done
now n is 627468
start swbwa_cross_run
processed 627468
[M::mem_process_seqs_merge2] Processed 627468 reads in 0.060 CPU sec, 5.893 real sec
[M::process] read chunk (19660800 bytes/CG x 6 CGs, 117964800 bytes)...
[DBG stage1] slow fread: R1 offset=353891964 requested=117964800 read=117964800 elapsed=4.633 s
[DBG stage1] slow fread: R2 offset=353891964 requested=117964800 read=117964800 elapsed=14.083 s
start swbwa_cross_run
[M::mem_process_seqs_merge2] CPE FASTQ formatting done
start swbwa_cross_run
slave pre done
now n is 622076
start swbwa_cross_run
processed 622076
[M::mem_process_seqs_merge2] Processed 622076 reads in 0.060 CPU sec, 5.422 real sec
[M::process] read chunk (19660800 bytes/CG x 6 CGs, 117964800 bytes)...
[DBG stage1] slow fread: R1 offset=471855944 requested=117964800 read=117964800 elapsed=6.335 s
[DBG stage1] slow fread: R2 offset=471855944 requested=117964800 read=117964800 elapsed=13.674 s
start swbwa_cross_run
[M::mem_process_seqs_merge2] CPE FASTQ formatting done
start swbwa_cross_run
slave pre done
now n is 620862
start swbwa_cross_run
processed 620862
[M::mem_process_seqs_merge2] Processed 620862 reads in 0.060 CPU sec, 5.601 real sec
[M::process] read chunk (19660800 bytes/CG x 6 CGs, 117964800 bytes)...
[DBG stage1] slow fread: R1 offset=589819724 requested=117964800 read=117964800 elapsed=37.752 s
[DBG stage1] slow fread: R2 offset=589819724 requested=117964800 read=117964800 elapsed=7.472 s
start swbwa_cross_run
[M::mem_process_seqs_merge2] CPE FASTQ formatting done
start swbwa_cross_run
slave pre done
now n is 620862
start swbwa_cross_run
processed 620862
[M::mem_process_seqs_merge2] Processed 620862 reads in 0.050 CPU sec, 5.406 real sec
[M::process] read chunk (19660800 bytes/CG x 6 CGs, 117964800 bytes)...
[DBG stage1] slow fread: R1 offset=707783504 requested=117964800 read=117964800 elapsed=13.249 s
[DBG stage1] slow fread: R2 offset=707783504 requested=117964800 read=117964800 elapsed=1.176 s
start swbwa_cross_run
[M::mem_process_seqs_merge2] CPE FASTQ formatting done
start swbwa_cross_run
slave pre done
now n is 620862
start swbwa_cross_run
processed 620862
[M::mem_process_seqs_merge2] Processed 620862 reads in 0.060 CPU sec, 5.574 real sec
[M::process] read chunk (19660800 bytes/CG x 6 CGs, 117964800 bytes)...
[DBG stage1] slow fread: R1 offset=825747284 requested=117964800 read=117964800 elapsed=35.461 s
[DBG stage1] slow fread: R2 offset=825747284 requested=117964800 read=117964800 elapsed=1.671 s
start swbwa_cross_run
[M::mem_process_seqs_merge2] CPE FASTQ formatting done
start swbwa_cross_run
slave pre done
now n is 620862
start swbwa_cross_run
processed 620862
[M::mem_process_seqs_merge2] Processed 620862 reads in 0.050 CPU sec, 5.434 real sec
[M::process] read chunk (19660800 bytes/CG x 6 CGs, 117964800 bytes)...
[DBG stage1] slow fread: R1 offset=943711064 requested=117964800 read=117964800 elapsed=5.315 s
[DBG stage1] slow fread: R2 offset=943711064 requested=117964800 read=117964800 elapsed=18.019 s
start swbwa_cross_run
[M::mem_process_seqs_merge2] CPE FASTQ formatting done
start swbwa_cross_run
slave pre done
now n is 620862
start swbwa_cross_run
processed 620862
[M::mem_process_seqs_merge2] Processed 620862 reads in 0.050 CPU sec, 6.180 real sec
[M::process] read chunk (19660800 bytes/CG x 6 CGs, 117964800 bytes)...
[DBG stage1] slow fread: R1 offset=1061674844 requested=117964800 read=117964800 elapsed=6.155 s
[DBG stage1] slow fread: R2 offset=1061674844 requested=117964800 read=117964800 elapsed=2.019 s
start swbwa_cross_run
[M::mem_process_seqs_merge2] CPE FASTQ formatting done
start swbwa_cross_run
slave pre done
now n is 620862
start swbwa_cross_run
processed 620862
[M::mem_process_seqs_merge2] Processed 620862 reads in 0.050 CPU sec, 5.520 real sec
[M::process] read chunk (19660800 bytes/CG x 6 CGs, 117964800 bytes)...
[DBG stage1] slow fread: R1 offset=1179638624 requested=117964800 read=117964800 elapsed=8.876 s
[DBG stage1] slow fread: R2 offset=1179638624 requested=117964800 read=117964800 elapsed=1.682 s
start swbwa_cross_run
[M::mem_process_seqs_merge2] CPE FASTQ formatting done
start swbwa_cross_run
slave pre done
now n is 620862
start swbwa_cross_run
processed 620862
[M::mem_process_seqs_merge2] Processed 620862 reads in 0.050 CPU sec, 5.849 real sec
[M::process] read chunk (19660800 bytes/CG x 6 CGs, 117964800 bytes)...
[DBG stage1] slow fread: R1 offset=1297602404 requested=117964800 read=117964800 elapsed=10.033 s
[DBG stage1] slow fread: R2 offset=1297602404 requested=117964800 read=117964800 elapsed=17.952 s
start swbwa_cross_run
[M::mem_process_seqs_merge2] CPE FASTQ formatting done
start swbwa_cross_run
slave pre done
now n is 620862
start swbwa_cross_run
processed 620862
[M::mem_process_seqs_merge2] Processed 620862 reads in 0.050 CPU sec, 5.767 real sec
[M::process] read chunk (19660800 bytes/CG x 6 CGs, 117964800 bytes)...
[DBG stage1] slow fread: R1 offset=1415566184 requested=117964800 read=117964800 elapsed=8.802 s
[DBG stage1] slow fread: R2 offset=1415566184 requested=117964800 read=117964800 elapsed=17.261 s
start swbwa_cross_run
[M::mem_process_seqs_merge2] CPE FASTQ formatting done
start swbwa_cross_run
slave pre done
now n is 620862
start swbwa_cross_run
processed 620862
[M::mem_process_seqs_merge2] Processed 620862 reads in 0.050 CPU sec, 5.668 real sec
[M::process] read chunk (19660800 bytes/CG x 6 CGs, 117964800 bytes)...
[DBG stage1] slow fread: R1 offset=1533529964 requested=117964800 read=117964800 elapsed=9.319 s
[DBG stage1] slow fread: R2 offset=1533529964 requested=117964800 read=117964800 elapsed=10.755 s
start swbwa_cross_run
[M::mem_process_seqs_merge2] CPE FASTQ formatting done
start swbwa_cross_run
slave pre done
now n is 620862
start swbwa_cross_run
processed 620862
[M::mem_process_seqs_merge2] Processed 620862 reads in 0.050 CPU sec, 5.449 real sec
[M::process] read chunk (19660800 bytes/CG x 6 CGs, 117964800 bytes)...
[DBG stage1] slow fread: R1 offset=1651493744 requested=117964800 read=117964800 elapsed=15.086 s
[DBG stage1] slow fread: R2 offset=1651493744 requested=117964800 read=117964800 elapsed=1.767 s
start swbwa_cross_run
[M::mem_process_seqs_merge2] CPE FASTQ formatting done
start swbwa_cross_run
slave pre done
now n is 620862
start swbwa_cross_run
processed 620862
[M::mem_process_seqs_merge2] Processed 620862 reads in 0.050 CPU sec, 5.508 real sec
[M::process] read chunk (19660800 bytes/CG x 6 CGs, 117964800 bytes)...
[DBG stage1] slow fread: R1 offset=1769457524 requested=117964800 read=117964800 elapsed=14.554 s
[DBG stage1] slow fread: R2 offset=1769457524 requested=117964800 read=117964800 elapsed=15.791 s
start swbwa_cross_run
[M::mem_process_seqs_merge2] CPE FASTQ formatting done
start swbwa_cross_run
slave pre done
now n is 620862
start swbwa_cross_run
processed 620862
[M::mem_process_seqs_merge2] Processed 620862 reads in 0.060 CPU sec, 5.462 real sec
[M::process] read chunk (19660800 bytes/CG x 6 CGs, 117964800 bytes)...
[DBG stage1] slow fread: R1 offset=1887421304 requested=117964800 read=117964800 elapsed=8.979 s
[DBG stage1] slow fread: R2 offset=1887421304 requested=117964800 read=117964800 elapsed=1.408 s
start swbwa_cross_run
[M::mem_process_seqs_merge2] CPE FASTQ formatting done
start swbwa_cross_run
slave pre done
now n is 620862
start swbwa_cross_run
processed 620862
[M::mem_process_seqs_merge2] Processed 620862 reads in 0.060 CPU sec, 5.564 real sec
[M::process] read chunk (19660800 bytes/CG x 6 CGs, 117964800 bytes)...
[DBG stage1] slow fread: R1 offset=2005385084 requested=117964800 read=117964800 elapsed=35.525 s
[DBG stage1] slow fread: R2 offset=2005385084 requested=117964800 read=117964800 elapsed=35.878 s
start swbwa_cross_run
[M::mem_process_seqs_merge2] CPE FASTQ formatting done
start swbwa_cross_run
slave pre done
now n is 620862
start swbwa_cross_run
processed 620862
[M::mem_process_seqs_merge2] Processed 620862 reads in 0.050 CPU sec, 5.559 real sec
[M::process] read chunk (19660800 bytes/CG x 6 CGs, 117964800 bytes)...
[DBG stage1] slow fread: R1 offset=2123348864 requested=117964800 read=117964800 elapsed=9.804 s
[DBG stage1] slow fread: R2 offset=2123348864 requested=117964800 read=117964800 elapsed=1.377 s
start swbwa_cross_run
[M::mem_process_seqs_merge2] CPE FASTQ formatting done
start swbwa_cross_run
slave pre done
now n is 620862
start swbwa_cross_run
processed 620862
[M::mem_process_seqs_merge2] Processed 620862 reads in 0.050 CPU sec, 5.520 real sec
[M::process] read chunk (19660800 bytes/CG x 6 CGs, 117964800 bytes)...
[DBG stage1] slow fread: R1 offset=2241312644 requested=117964800 read=117964800 elapsed=10.095 s
[DBG stage1] slow fread: R2 offset=2241312644 requested=117964800 read=117964800 elapsed=1.430 s
start swbwa_cross_run
[M::mem_process_seqs_merge2] CPE FASTQ formatting done
start swbwa_cross_run
slave pre done
now n is 620862
start swbwa_cross_run
processed 620862
[M::mem_process_seqs_merge2] Processed 620862 reads in 0.050 CPU sec, 5.645 real sec
[M::process] read chunk (19660800 bytes/CG x 6 CGs, 117964800 bytes)...
[DBG stage1] slow fread: R1 offset=2359276424 requested=117964800 read=117964800 elapsed=15.868 s
[DBG stage1] slow fread: R2 offset=2359276424 requested=117964800 read=117964800 elapsed=14.815 s
start swbwa_cross_run
[M::mem_process_seqs_merge2] CPE FASTQ formatting done
start swbwa_cross_run
slave pre done
now n is 620862
start swbwa_cross_run
processed 620862
[M::mem_process_seqs_merge2] Processed 620862 reads in 0.050 CPU sec, 5.577 real sec
[M::process] read chunk (19660800 bytes/CG x 6 CGs, 117964800 bytes)...
[DBG stage1] slow fread: R1 offset=2477240204 requested=117964800 read=117964800 elapsed=14.783 s
[DBG stage1] slow fread: R2 offset=2477240204 requested=117964800 read=117964800 elapsed=20.721 s
start swbwa_cross_run
[M::mem_process_seqs_merge2] CPE FASTQ formatting done
start swbwa_cross_run
slave pre done
now n is 620862
start swbwa_cross_run
processed 620862
[M::mem_process_seqs_merge2] Processed 620862 reads in 0.050 CPU sec, 5.788 real sec
[M::process] read chunk (19660800 bytes/CG x 6 CGs, 117964800 bytes)...
[DBG stage1] slow fread: R1 offset=2595203984 requested=117964800 read=117964800 elapsed=9.269 s
[DBG stage1] slow fread: R2 offset=2595203984 requested=117964800 read=117964800 elapsed=1.765 s
start swbwa_cross_run
[M::mem_process_seqs_merge2] CPE FASTQ formatting done
start swbwa_cross_run
slave pre done
now n is 620862
start swbwa_cross_run
processed 620862
[M::mem_process_seqs_merge2] Processed 620862 reads in 0.060 CPU sec, 5.662 real sec
[M::process] read chunk (19660800 bytes/CG x 6 CGs, 117964800 bytes)...
[DBG stage1] slow fread: R1 offset=2713167764 requested=117964800 read=117964800 elapsed=6.411 s
[DBG stage1] slow fread: R2 offset=2713167764 requested=117964800 read=117964800 elapsed=14.494 s
start swbwa_cross_run
[M::mem_process_seqs_merge2] CPE FASTQ formatting done
start swbwa_cross_run
slave pre done
now n is 620862
start swbwa_cross_run
processed 620862
[M::mem_process_seqs_merge2] Processed 620862 reads in 0.060 CPU sec, 5.563 real sec
[M::process] read chunk (19660800 bytes/CG x 6 CGs, 117964800 bytes)...
[DBG stage1] slow fread: R1 offset=2831131544 requested=117964800 read=117964800 elapsed=7.580 s
[DBG stage1] slow fread: R2 offset=2831131544 requested=117964800 read=117964800 elapsed=10.263 s
start swbwa_cross_run
[M::mem_process_seqs_merge2] CPE FASTQ formatting done
start swbwa_cross_run
slave pre done
now n is 620862
start swbwa_cross_run
processed 620862
[M::mem_process_seqs_merge2] Processed 620862 reads in 0.050 CPU sec, 5.468 real sec
[M::process] read chunk (19660800 bytes/CG x 6 CGs, 117964800 bytes)...
[DBG stage1] slow fread: R1 offset=2949095324 requested=117964800 read=117964800 elapsed=13.790 s
[DBG stage1] slow fread: R2 offset=2949095324 requested=117964800 read=117964800 elapsed=1.942 s
start swbwa_cross_run
[M::mem_process_seqs_merge2] CPE FASTQ formatting done
start swbwa_cross_run
slave pre done
now n is 620862
start swbwa_cross_run
processed 620862
[M::mem_process_seqs_merge2] Processed 620862 reads in 0.050 CPU sec, 5.657 real sec
[M::process] read chunk (19660800 bytes/CG x 6 CGs, 117964800 bytes)...
[DBG stage1] slow fread: R1 offset=3067059104 requested=117964800 read=117964800 elapsed=5.152 s
[DBG stage1] slow fread: R2 offset=3067059104 requested=117964800 read=117964800 elapsed=15.635 s
start swbwa_cross_run
[M::mem_process_seqs_merge2] CPE FASTQ formatting done
start swbwa_cross_run
slave pre done
now n is 620862
start swbwa_cross_run
processed 620862
[M::mem_process_seqs_merge2] Processed 620862 reads in 0.060 CPU sec, 5.801 real sec
[M::process] read chunk (19660800 bytes/CG x 6 CGs, 117964800 bytes)...
[DBG stage1] slow fread: R1 offset=3185022884 requested=117964800 read=117964800 elapsed=8.279 s
[DBG stage1] slow fread: R2 offset=3185022884 requested=117964800 read=117964800 elapsed=14.748 s
start swbwa_cross_run
[M::mem_process_seqs_merge2] CPE FASTQ formatting done
start swbwa_cross_run
slave pre done
now n is 620862
start swbwa_cross_run
processed 620862
[M::mem_process_seqs_merge2] Processed 620862 reads in 0.060 CPU sec, 5.571 real sec
[M::process] read chunk (19660800 bytes/CG x 6 CGs, 117964800 bytes)...
[DBG stage1] slow fread: R1 offset=3302986664 requested=117964800 read=117964800 elapsed=6.122 s
[DBG stage1] slow fread: R2 offset=3302986664 requested=117964800 read=117964800 elapsed=14.337 s
start swbwa_cross_run
[M::mem_process_seqs_merge2] CPE FASTQ formatting done
start swbwa_cross_run
slave pre done
now n is 620862
start swbwa_cross_run
processed 620862
[M::mem_process_seqs_merge2] Processed 620862 reads in 0.050 CPU sec, 5.547 real sec
[M::process] read chunk (19660800 bytes/CG x 6 CGs, 117964800 bytes)...
[DBG stage1] slow fread: R1 offset=3420950444 requested=117964800 read=117964800 elapsed=5.294 s
[DBG stage1] slow fread: R2 offset=3420950444 requested=117964800 read=117964800 elapsed=10.495 s
start swbwa_cross_run
[M::mem_process_seqs_merge2] CPE FASTQ formatting done
start swbwa_cross_run
slave pre done
now n is 620862
start swbwa_cross_run
processed 620862
[M::mem_process_seqs_merge2] Processed 620862 reads in 0.050 CPU sec, 5.408 real sec
[M::process] read chunk (19660800 bytes/CG x 6 CGs, 117964800 bytes)...
[DBG stage1] slow fread: R1 offset=3538914224 requested=117964800 read=117964800 elapsed=11.237 s
[DBG stage1] slow fread: R2 offset=3538914224 requested=117964800 read=117964800 elapsed=6.346 s
start swbwa_cross_run
[M::mem_process_seqs_merge2] CPE FASTQ formatting done
start swbwa_cross_run
slave pre done
now n is 620862
start swbwa_cross_run
processed 620862
[M::mem_process_seqs_merge2] Processed 620862 reads in 0.050 CPU sec, 5.516 real sec
[M::process] read chunk (19660800 bytes/CG x 6 CGs, 117964800 bytes)...
[DBG stage1] slow fread: R1 offset=3656878004 requested=117964800 read=117964800 elapsed=14.422 s
[DBG stage1] slow fread: R2 offset=3656878004 requested=117964800 read=117964800 elapsed=9.999 s
start swbwa_cross_run
[M::mem_process_seqs_merge2] CPE FASTQ formatting done
start swbwa_cross_run
slave pre done
now n is 620862
start swbwa_cross_run
processed 620862
[M::mem_process_seqs_merge2] Processed 620862 reads in 0.050 CPU sec, 5.616 real sec
[M::process] read chunk (19660800 bytes/CG x 6 CGs, 20713804 bytes)...
[DBG stage1] slow fread: R1 offset=3774841784 requested=20713804 read=20713804 elapsed=6.292 s
[DBG stage1] slow fread: R2 offset=3774841784 requested=20713804 read=20713804 elapsed=4.293 s
start swbwa_cross_run
[M::mem_process_seqs_merge2] CPE FASTQ formatting done
start swbwa_cross_run
slave pre done
now n is 109020
start swbwa_cross_run
processed 109020
[M::mem_process_seqs_merge2] Processed 109020 reads in 0.020 CPU sec, 1.506 real sec

====================== SWBWA Output Debug =====================
  MPI rank: 000000 / 000001
  mode:     non-MPI POSIX
  path:     correctness_results/ksw_u8_modes_bigdata_20260827/int32_16/small_SRR7963242_PE.sam

  Output volume
    output buffer capacity                           67108864
    swbwa_output_write calls                        20000000
    submitted SAM bytes                           8434324786
    buffered flushes                                     126
    buffered flush bytes                          8434324786
    direct oversized writes                                0
    direct oversized bytes                                 0

  Buffering
    buffered flush total                       114.833065 s  (126 calls, 911373.535 us/call)

  POSIX file writes
    write system calls                                    126
    write system-call bytes                        8434324786
    POSIX write system calls                   114.832717 s  (126 calls, 911370.773 us/call)
    POSIX write effective bandwidth                70.046 MiB/s

  Output close timing
    POSIX close                                  0.000433 s  (1 calls,   433.404 us/call)
================================================================


======================= SWBWA Timing Report =======================
  Accumulated wall-clock time; indented rows are included in
  their parent row and must not be added to it.

  Pipeline
    total - complete three-stage pipeline                  1038.941 s
    stage 1 - allocate and read raw FASTQ blocks            719.737 s
    stage 2 - align reads and generate SAM records          182.222 s
    stage 3 - write SAM and release batch data              136.433 s
      SAM output writes                                       129.256 s
      batch cleanup and loop overhead (derived)                 7.176 s

  Stage 1 input details
    batches completed / stage calls                      33 / 34
    input-buffer and batch allocations                        0.000 s  (100 calls, max 0.000 s)
    aggregate requested allocation bytes           7591244568
    FASTQ fseeko calls                                        0.000 s  (66 calls, max 0.000 s)
    FASTQ fread calls                                       719.696 s  (66 calls, max 37.752 s)
    align chunk ends to FASTQ record boundaries               0.000 s  (64 calls, max 0.000 s)
    scheduler, checks and bookkeeping (derived)               0.040 s
    raw FASTQ bytes read                           7591174808  (7239.508 MiB)
    effective fread bandwidth                         10.059 MiB/s
    slowest allocation                                 0.000 s  (64 bytes)
    slowest fread                                     37.752 s  (R1 offset=589819724, bytes=117964800)

  Stage 2 worker details
    total - active merge worker                             182.205 s
      part 1 - prepare CPE task and reusable buffers            0.510 s
      part 2 - CPE FASTQ formatting and input release           1.164 s
      part 3 - CPE alignment and SAM length pass              177.951 s
      part 4 - assign slices in the shared SAM buffer           1.537 s
      part 5 - CPE SAM record generation                        1.029 s
      part 6 - release temporary worker data                    0.001 s

  Reserved allocator timers (no active timing sites)
    malloc timer                                              0.000 s
    free timer                                                0.000 s
===================================================================

[main] Version: 0.0.1
[main] CMD: ./SWBWA mem -v 4 -t 1 -1 -o correctness_results/ksw_u8_modes_bigdata_20260827/int32_16/small_SRR7963242_PE.sam -I 170,80,500,1 ../data/GRCh38.d1.vd1.fa ../data/bwa_test_big_data/small_SRR7963242_1.fastq ../data/bwa_test_big_data/small_SRR7963242_2.fastq
