[M::main_mem] mean insert size: 170.000, stddev: 80.000, max: 500, min: 1
[MPI input] mode=dynamic chunks=49 bytes_per_cg=19660800 cg_count=1 chunk_bytes=19660800 file_bytes=945555584 scheduler=distributed read_index=exact
malloc bwt->bwt 3107576584, 0x500008804020
malloc bwt->bwt 3107576584, 0x500008804020
malloc bwt->bwt 3107576584, 0x500008804020
malloc bwt->bwt 3107576584, 0x500008804020
malloc bwt->bwt 3107576584, 0x500008804020
malloc bwt->bwt 3107576584, 0x500008804020
malloc bwt->sa 1553788264, 0x5000c1ba1b40
malloc bwt->sa 1553788264, 0x5000c1ba1b40
malloc bwt->sa 1553788264, 0x5000c1ba1b40
malloc bwt->sa 1553788264, 0x5000c1ba1b40
malloc bwt->sa 1553788264, 0x5000c1ba1b40
malloc bwt->sa 1553788264, 0x5000c1ba1b40
[M::bwa_idx_load_from_disk] read 0 ALT contigs
[M::bwa_idx_load_from_disk] read 0 ALT contigs
[M::bwa_idx_load_from_disk] read 0 ALT contigs
[M::bwa_idx_load_from_disk] read 0 ALT contigs
[M::bwa_idx_load_from_disk] read 0 ALT contigs
[M::bwa_idx_load_from_disk] read 0 ALT contigs
malloc pac 776894131, 0x50011e5708c0
malloc pac 776894131, 0x50011e5708c0
malloc pac 776894131, 0x50011e5708c0
malloc pac 776894131, 0x50011e5708c0
malloc pac 776894131, 0x50011e5708c0
malloc pac 776894131, 0x50011e5708c0
the input file is /home/export/online1/mdt00/shisuan/swls-CFD/guoshi/ylf/data/SRR7963242_1.fastq_1
the input file is /home/export/online1/mdt00/shisuan/swls-CFD/guoshi/ylf/data/SRR7963242_2.fastq_1
[MPI rank 000000/000006] output: correctness_results/clock_nanosleep_full_20260816/no1/SRR7963242_PE.sam
[MPI rank 000001/000006] output: correctness_results/clock_nanosleep_full_20260816/no1/SRR7963242_PE.sam
[MPI rank 000002/000006] output: correctness_results/clock_nanosleep_full_20260816/no1/SRR7963242_PE.sam
[MPI rank 000003/000006] output: correctness_results/clock_nanosleep_full_20260816/no1/SRR7963242_PE.sam
[MPI rank 000004/000006] output: correctness_results/clock_nanosleep_full_20260816/no1/SRR7963242_PE.sam
[MPI rank 000005/000006] output: correctness_results/clock_nanosleep_full_20260816/no1/SRR7963242_PE.sam
[M::process] read chunk (19660800 bytes/CG x 1 CGs, 19660664 bytes)...
[M::process] read chunk (19660800 bytes/CG x 1 CGs, 19661040 bytes)...
[M::process] read chunk (19660800 bytes/CG x 1 CGs, 19661160 bytes)...
[M::process] read chunk (19660800 bytes/CG x 1 CGs, 19660556 bytes)...
[M::process] read chunk (19660800 bytes/CG x 1 CGs, 19660664 bytes)...
[M::process] read chunk (19660800 bytes/CG x 1 CGs, 19661040 bytes)...
step1 0x50000201ee20
step2 get 0x50000201ee20
step1 0x500002769800
step2 get 0x500002769800
step1 0x50000201ee20
step2 get 0x50000201ee20
step1 0x50000201ee20
step2 get 0x50000201ee20
step1 0x50000201ee20
[M::process] read chunk (19660800 bytes/CG x 1 CGs, 19660664 bytes)...
step2 get 0x50000201ee20
[M::process] read chunk (19660800 bytes/CG x 1 CGs, 19660664 bytes)...
[M::process] read chunk (19660800 bytes/CG x 1 CGs, 19660664 bytes)...
[M::process] read chunk (19660800 bytes/CG x 1 CGs, 19661040 bytes)...
step1 0x50000201ee20
step2 get 0x50000201ee20
[M::mem_process_seqs_merge2] CPE FASTQ formatting done
[M::process] read chunk (19660800 bytes/CG x 1 CGs, 19660664 bytes)...
[M::mem_process_seqs_merge2] CPE FASTQ formatting done
[M::mem_process_seqs_merge2] CPE FASTQ formatting done
[M::mem_process_seqs_merge2] CPE FASTQ formatting done
[M::process] read chunk (19660800 bytes/CG x 1 CGs, 19661040 bytes)...
[M::mem_process_seqs_merge2] CPE FASTQ formatting done
[M::mem_process_seqs_merge2] CPE FASTQ formatting done
[DBG stage1] slow fread: R1 offset=137625788 requested=19660664 read=19660664 elapsed=1.288 s
[DBG stage1] slow fread: R1 offset=157286452 requested=19661040 read=19661040 elapsed=1.339 s
[DBG stage1] slow fread: R1 offset=196608156 requested=19660664 read=19660664 elapsed=1.376 s
[DBG stage1] slow fread: R1 offset=216268820 requested=19661040 read=19661040 elapsed=1.309 s
step1 0x500002769850
step1 0x50000201ee70
[DBG stage1] slow fread: R2 offset=137625788 requested=19660664 read=19660664 elapsed=1.023 s
step1 0x50000201ee70
step1 0x50000201ee70
step1 0x50000201ee70
step1 0x50000201ee70
slave pre done
now n is 104578
processed 104578
[M::mem_process_seqs_merge2] Processed 104578 reads in 3.670 CPU sec, 8.791 real sec
step2 put 0x50000201ee20
step2 get 0x50000201ee70
step3 0x50000201ee20
[M::mem_process_seqs_merge2] CPE FASTQ formatting done
[M::process] read chunk (19660800 bytes/CG x 1 CGs, 19660664 bytes)...
slave pre done
now n is 105578
processed 105578
[M::mem_process_seqs_merge2] Processed 105578 reads in 3.560 CPU sec, 8.901 real sec
step2 put 0x50000201ee20
step2 get 0x50000201ee70
step3 0x50000201ee20
[M::mem_process_seqs_merge2] CPE FASTQ formatting done
slave pre done
now n is 104578
processed 104578
[M::mem_process_seqs_merge2] Processed 104578 reads in 3.820 CPU sec, 8.921 real sec
step2 put 0x50000201ee20
step2 get 0x50000201ee70
step3 0x50000201ee20
[M::mem_process_seqs_merge2] CPE FASTQ formatting done
[M::process] read chunk (19660800 bytes/CG x 1 CGs, 19661040 bytes)...
slave pre done
now n is 104580
[M::process] read chunk (19660800 bytes/CG x 1 CGs, 19661040 bytes)...
processed 104580
[M::mem_process_seqs_merge2] Processed 104580 reads in 3.760 CPU sec, 9.000 real sec
step2 put 0x50000201ee20
step2 get 0x50000201ee70
step3 0x50000201ee20
[M::mem_process_seqs_merge2] CPE FASTQ formatting done
slave pre done
now n is 104580
processed 104580
[M::mem_process_seqs_merge2] Processed 104580 reads in 4.000 CPU sec, 9.461 real sec
step2 put 0x50000201ee20
step2 get 0x50000201ee70
step3 0x50000201ee20
[M::process] read chunk (19660800 bytes/CG x 1 CGs, 19660664 bytes)...
[M::process] read chunk (19660800 bytes/CG x 1 CGs, 19660664 bytes)...
[M::mem_process_seqs_merge2] CPE FASTQ formatting done
[DBG stage1] slow fread: R2 offset=294912228 requested=19660664 read=19660664 elapsed=1.094 s
step1 0x50000201eec0
step1 0x50000276a780
slave pre done
now n is 105944
processed 105944
[M::mem_process_seqs_merge2] Processed 105944 reads in 3.580 CPU sec, 10.991 real sec
step2 put 0x500002769800
step2 get 0x500002769850
step3 0x500002769800
[M::process] read chunk (19660800 bytes/CG x 1 CGs, 19660664 bytes)...
[M::mem_process_seqs_merge2] CPE FASTQ formatting done
step1 0x50000201eec0
step1 0x500002769780
step1 0x500002769f80
step1 0x50000201ee20
slave pre done
now n is 104578
processed 104578
[M::mem_process_seqs_merge2] Processed 104578 reads in 3.320 CPU sec, 7.559 real sec
step2 put 0x50000201ee70
step2 get 0x50000201eec0
step3 0x50000201ee70
[M::mem_process_seqs_merge2] CPE FASTQ formatting done
[M::process] read chunk (19660800 bytes/CG x 1 CGs, 19660820 bytes)...
slave pre done
now n is 104578
processed 104578
[M::mem_process_seqs_merge2] Processed 104578 reads in 3.310 CPU sec, 7.729 real sec
step2 put 0x50000201ee70
step2 get 0x50000201eec0
step3 0x50000201ee70
slave pre done
now n is 104580
[M::mem_process_seqs_merge2] CPE FASTQ formatting done
processed 104580
[M::mem_process_seqs_merge2] Processed 104580 reads in 3.320 CPU sec, 7.220 real sec
step2 put 0x50000201ee70
step2 get 0x500002769780
step3 0x50000201ee70
[M::mem_process_seqs_merge2] CPE FASTQ formatting done
slave pre done
now n is 104578
processed 104578
[M::mem_process_seqs_merge2] Processed 104578 reads in 3.280 CPU sec, 7.840 real sec
[M::process] read chunk (19660800 bytes/CG x 1 CGs, 19660824 bytes)...
step2 put 0x50000201ee70
step2 get 0x50000276a780
step3 0x50000201ee70
slave pre done
now n is 104580
[M::process] read chunk (19660800 bytes/CG x 1 CGs, 19660820 bytes)...
processed 104580
[M::mem_process_seqs_merge2] Processed 104580 reads in 3.560 CPU sec, 7.630 real sec
step2 put 0x50000201ee70
step2 get 0x500002769f80
[M::mem_process_seqs_merge2] CPE FASTQ formatting done
step3 0x50000201ee70
[M::mem_process_seqs_merge2] CPE FASTQ formatting done
[M::process] read chunk (19660800 bytes/CG x 1 CGs, 19660820 bytes)...
[M::process] read chunk (19660800 bytes/CG x 1 CGs, 19660820 bytes)...
[DBG stage1] slow fread: R1 offset=393216084 requested=19660820 read=19660820 elapsed=1.092 s
[DBG stage1] slow fread: R2 offset=412876904 requested=19660820 read=19660820 elapsed=1.354 s
step1 0x50000201ee20
slave pre done
now n is 104578
processed 104578
[M::mem_process_seqs_merge2] Processed 104578 reads in 2.890 CPU sec, 7.541 real sec
step2 put 0x500002769850
step2 get 0x50000201ee20
step3 0x500002769850
[M::mem_process_seqs_merge2] CPE FASTQ formatting done
[M::process] read chunk (19660800 bytes/CG x 1 CGs, 19660664 bytes)...
step1 0x50000201ee20
step1 0x50000201ee20
step1 0x50000201ee20
step1 0x50000201ee20
step1 0x500002769800
slave pre done
now n is 104578
processed 104578
[M::mem_process_seqs_merge2] Processed 104578 reads in 3.650 CPU sec, 8.178 real sec
step2 put 0x50000201eec0
step2 get 0x50000201ee20
step3 0x50000201eec0
[M::mem_process_seqs_merge2] CPE FASTQ formatting done
[M::process] read chunk (19660800 bytes/CG x 1 CGs, 19660820 bytes)...
slave pre done
now n is 104580
step1 0x50000201ee70
slave pre done
now n is 104580
processed 104580
[M::mem_process_seqs_merge2] Processed 104580 reads in 3.840 CPU sec, 8.568 real sec
step2 put 0x50000201eec0
step2 get 0x50000201ee20
processed 104580
[M::mem_process_seqs_merge2] Processed 104580 reads in 4.030 CPU sec, 8.339 real sec
step2 put 0x50000276a780
step2 get 0x50000201ee20
step3 0x50000276a780
step3 0x50000201eec0
[M::mem_process_seqs_merge2] CPE FASTQ formatting done
[M::mem_process_seqs_merge2] CPE FASTQ formatting done
[M::process] read chunk (19660800 bytes/CG x 1 CGs, 19660820 bytes)...
[M::process] read chunk (19660800 bytes/CG x 1 CGs, 19660820 bytes)...
slave pre done
now n is 104578
processed 104578
[M::mem_process_seqs_merge2] Processed 104578 reads in 4.000 CPU sec, 8.889 real sec
step2 put 0x500002769780
step2 get 0x50000201ee20
step3 0x500002769780
[M::process] read chunk (19660800 bytes/CG x 1 CGs, 19660820 bytes)...
[M::mem_process_seqs_merge2] CPE FASTQ formatting done
step1 0x50000201ee70
step1 0x50000201ee70
slave pre done
now n is 104578
processed 104578
[M::mem_process_seqs_merge2] Processed 104578 reads in 3.710 CPU sec, 9.621 real sec
step2 put 0x500002769f80
step2 get 0x50000201ee20
[M::mem_process_seqs_merge2] CPE FASTQ formatting done
step1 0x50000201ee70
step3 0x500002769f80
[M::process] read chunk (19660800 bytes/CG x 1 CGs, 19660820 bytes)...
step1 0x500002769fd0
slave pre done
now n is 104578
processed 104578
[M::mem_process_seqs_merge2] Processed 104578 reads in 3.490 CPU sec, 9.458 real sec
step2 put 0x50000201ee20
step2 get 0x500002769800
[M::process] read chunk (19660800 bytes/CG x 1 CGs, 19660820 bytes)...
[M::mem_process_seqs_merge2] CPE FASTQ formatting done
step3 0x50000201ee20
step1 0x50000201ee70
slave pre done
now n is 103478
processed 103478
[M::mem_process_seqs_merge2] Processed 103478 reads in 3.010 CPU sec, 7.058 real sec
step2 put 0x50000201ee20
step2 get 0x50000201ee70
step3 0x50000201ee20
slave pre done
now n is 103590
processed 103590
[M::mem_process_seqs_merge2] Processed 103590 reads in 3.230 CPU sec, 7.110 real sec
step2 put 0x50000201ee20
step2 get 0x50000201ee70
step3 0x50000201ee20
[M::mem_process_seqs_merge2] CPE FASTQ formatting done
slave pre done
now n is 103478
processed 103478
[M::mem_process_seqs_merge2] Processed 103478 reads in 3.270 CPU sec, 7.250 real sec
step2 put 0x50000201ee20
step2 get 0x50000201ee70
step3 0x50000201ee20
[M::mem_process_seqs_merge2] CPE FASTQ formatting done
[M::process] read chunk (19660800 bytes/CG x 1 CGs, 19660820 bytes)...
slave pre done
now n is 103478
[M::process] read chunk (19660800 bytes/CG x 1 CGs, 19660440 bytes)...
processed 103478
[M::mem_process_seqs_merge2] Processed 103478 reads in 3.340 CPU sec, 7.139 real sec
step2 put 0x50000201ee20
step2 get 0x50000201ee70
step3 0x50000201ee20
[M::mem_process_seqs_merge2] CPE FASTQ formatting done
[M::process] read chunk (19660800 bytes/CG x 1 CGs, 19660820 bytes)...
[M::mem_process_seqs_merge2] CPE FASTQ formatting done
[M::process] read chunk (19660800 bytes/CG x 1 CGs, 19660820 bytes)...
slave pre done
now n is 103478
processed 103478
[M::mem_process_seqs_merge2] Processed 103478 reads in 3.250 CPU sec, 7.261 real sec
step2 put 0x50000201ee20
step2 get 0x500002769fd0
step3 0x50000201ee20
step1 0x50000201eec0
step1 0x500002769780
step1 0x50000276a780
step1 0x50000201eec0
slave pre done
now n is 104578
processed 104578
[M::mem_process_seqs_merge2] Processed 104578 reads in 2.910 CPU sec, 7.621 real sec
step2 put 0x500002769800
step2 get 0x50000201ee70
step3 0x500002769800
[M::mem_process_seqs_merge2] CPE FASTQ formatting done
[M::process] read chunk (19660800 bytes/CG x 1 CGs, 19660820 bytes)...
step1 0x500002769f80
slave pre done
now n is 103478
processed 103478
[M::mem_process_seqs_merge2] Processed 103478 reads in 3.480 CPU sec, 7.441 real sec
step2 put 0x50000201ee70
step2 get 0x50000201eec0
step3 0x50000201ee70
[M::mem_process_seqs_merge2] CPE FASTQ formatting done
slave pre done
now n is 103478
[M::process] read chunk (19660800 bytes/CG x 1 CGs, 19660820 bytes)...
processed 103478
[M::mem_process_seqs_merge2] Processed 103478 reads in 3.720 CPU sec, 7.470 real sec
step2 put 0x50000201ee70
step2 get 0x50000276a780
step3 0x50000201ee70
[M::mem_process_seqs_merge2] CPE FASTQ formatting done
[M::mem_process_seqs_merge2] CPE FASTQ formatting done
[M::process] read chunk (19660800 bytes/CG x 1 CGs, 19660820 bytes)...
[M::process] read chunk (19660800 bytes/CG x 1 CGs, 19660820 bytes)...
slave pre done
now n is 103478
processed 103478
[M::mem_process_seqs_merge2] Processed 103478 reads in 3.240 CPU sec, 7.519 real sec
step2 put 0x50000201ee70
step2 get 0x500002769780
step3 0x50000201ee70
[M::mem_process_seqs_merge2] CPE FASTQ formatting done
[M::process] read chunk (19660800 bytes/CG x 1 CGs, 19660820 bytes)...
slave pre done
now n is 103478
processed 103478
[M::mem_process_seqs_merge2] Processed 103478 reads in 3.280 CPU sec, 9.511 real sec
step2 put 0x50000201ee70
step2 get 0x50000201eec0
step3 0x50000201ee70
[M::process] read chunk (19660800 bytes/CG x 1 CGs, 19660820 bytes)...
[M::mem_process_seqs_merge2] CPE FASTQ formatting done
[DBG stage1] slow fread: R1 offset=589824284 requested=19660820 read=19660820 elapsed=1.047 s
[DBG stage1] slow fread: R2 offset=727449644 requested=19660820 read=19660820 elapsed=1.128 s
step1 0x50000201ee20
[DBG stage1] slow fread: R1 offset=766771284 requested=19660820 read=19660820 elapsed=1.112 s
step1 0x50000201ee20
[DBG stage1] slow fread: R2 offset=786432104 requested=19660820 read=19660820 elapsed=1.176 s
step1 0x50000201ee20
[DBG stage1] slow fread: R2 offset=589824284 requested=19660820 read=19660820 elapsed=1.143 s
step1 0x50000201ee20
step1 0x50000201ee20
slave pre done
now n is 103478
processed 103478
[M::mem_process_seqs_merge2] Processed 103478 reads in 3.240 CPU sec, 12.499 real sec
step2 put 0x500002769fd0
step2 get 0x500002769f80
step3 0x500002769fd0
[M::mem_process_seqs_merge2] CPE FASTQ formatting done
[M::process] read chunk (19660800 bytes/CG x 1 CGs, 19660820 bytes)...
step1 0x50000201ee20
slave pre done
now n is 103478
processed 103478
[M::mem_process_seqs_merge2] Processed 103478 reads in 3.750 CPU sec, 7.891 real sec
step2 put 0x500002769780
step2 get 0x50000201ee20
step3 0x500002769780
[M::mem_process_seqs_merge2] CPE FASTQ formatting done
[M::process] read chunk (19660800 bytes/CG x 1 CGs, 19660820 bytes)...
slave pre done
now n is 103476
processed 103476
[M::mem_process_seqs_merge2] Processed 103476 reads in 4.290 CPU sec, 8.440 real sec
step2 put 0x50000276a780
step2 get 0x50000201ee20
step3 0x50000276a780
[M::mem_process_seqs_merge2] CPE FASTQ formatting done
slave pre done
now n is 103478
processed 103478
[M::mem_process_seqs_merge2] Processed 103478 reads in 3.720 CPU sec, 8.648 real sec
step2 put 0x50000201eec0
step2 get 0x50000201ee20
step3 0x50000201eec0
[M::mem_process_seqs_merge2] CPE FASTQ formatting done
slave pre done
now n is 103478
[M::process] read chunk (19660800 bytes/CG x 1 CGs, 19660820 bytes)...
processed 103478
[M::mem_process_seqs_merge2] Processed 103478 reads in 3.420 CPU sec, 13.021 real sec
step2 put 0x50000201ee70
step2 get 0x50000201ee20
step3 0x50000201ee70
[M::mem_process_seqs_merge2] CPE FASTQ formatting done
[M::process] read chunk (19660800 bytes/CG x 1 CGs, 19660820 bytes)...
slave pre done
now n is 103478
[M::process] read chunk (19660800 bytes/CG x 1 CGs, 19660820 bytes)...
processed 103478
[M::mem_process_seqs_merge2] Processed 103478 reads in 3.560 CPU sec, 8.131 real sec
step2 put 0x50000201eec0
step2 get 0x50000201ee20
step3 0x50000201eec0
[M::mem_process_seqs_merge2] CPE FASTQ formatting done
[M::process] read chunk (19660800 bytes/CG x 1 CGs, 19660820 bytes)...
[DBG stage1] slow fread: R1 offset=845414564 requested=19660820 read=19660820 elapsed=1.099 s
[DBG stage1] slow fread: R1 offset=707788824 requested=19660820 read=19660820 elapsed=1.081 s
[DBG stage1] slow fread: R2 offset=865075384 requested=19660820 read=19660820 elapsed=1.074 s
step1 0x50000201ee70
[DBG stage1] slow fread: R1 offset=904397024 requested=19660820 read=19660820 elapsed=1.056 s
[DBG stage1] slow fread: R1 offset=884736204 requested=19660820 read=19660820 elapsed=1.070 s
step1 0x50000201ee70
step1 0x50000201ee70
[DBG stage1] slow fread: R2 offset=707788824 requested=19660820 read=19660820 elapsed=1.070 s
step1 0x500002769800
step1 0x50000201ee70
slave pre done
now n is 103478
processed 103478
[M::mem_process_seqs_merge2] Processed 103478 reads in 3.500 CPU sec, 7.869 real sec
step2 put 0x500002769f80
step2 get 0x50000201ee20
step3 0x500002769f80
[M::mem_process_seqs_merge2] CPE FASTQ formatting done
[M::process] read chunk (19660800 bytes/CG x 1 CGs, 19660820 bytes)...
step1 0x500002769fd0
slave pre done
now n is 103478
slave pre done
now n is 103478
slave pre done
now n is 103478
processed 103478
[M::mem_process_seqs_merge2] Processed 103478 reads in 3.330 CPU sec, 7.919 real sec
step2 put 0x50000201ee20
step2 get 0x50000201ee70
processed 103478
[M::mem_process_seqs_merge2] Processed 103478 reads in 3.030 CPU sec, 7.671 real sec
step2 put 0x50000201ee20
step2 get 0x50000201ee70
processed 103478
[M::mem_process_seqs_merge2] Processed 103478 reads in 3.310 CPU sec, 7.731 real sec
step2 put 0x50000201ee20
step2 get 0x50000201ee70
step3 0x50000201ee20
[M::mem_process_seqs_merge2] CPE FASTQ formatting done
step3 0x50000201ee20
step3 0x50000201ee20
[M::mem_process_seqs_merge2] CPE FASTQ formatting done
[M::mem_process_seqs_merge2] CPE FASTQ formatting done
slave pre done
now n is 103478
processed 103478
[M::mem_process_seqs_merge2] Processed 103478 reads in 3.220 CPU sec, 8.021 real sec
step2 put 0x50000201ee20
step2 get 0x500002769800
step3 0x50000201ee20
[M::mem_process_seqs_merge2] CPE FASTQ formatting done
[M::process] read chunk (19660800 bytes/CG x 1 CGs, 1836920 bytes)...
step1 0x50000201ee70
slave pre done
now n is 103478
processed 103478
[M::mem_process_seqs_merge2] Processed 103478 reads in 3.300 CPU sec, 7.959 real sec
step2 put 0x50000201ee20
step2 get 0x50000201ee70
step3 0x50000201ee20
[M::mem_process_seqs_merge2] CPE FASTQ formatting done
[M::process] read chunk (19660800 bytes/CG x 1 CGs, 19660820 bytes)...
step1 0x50000276a780
slave pre done
now n is 103478
processed 103478
[M::mem_process_seqs_merge2] Processed 103478 reads in 3.340 CPU sec, 7.559 real sec
step2 put 0x50000201ee20
step2 get 0x500002769fd0
step3 0x50000201ee20
[M::mem_process_seqs_merge2] CPE FASTQ formatting done
slave pre done
now n is 103478
processed 103478
[M::mem_process_seqs_merge2] Processed 103478 reads in 3.380 CPU sec, 7.889 real sec
step2 put 0x50000201ee70
step2 get 0x50000276a780
step3 0x50000201ee70
[M::mem_process_seqs_merge2] CPE FASTQ formatting done
slave pre done
now n is 103478
processed 103478
[M::mem_process_seqs_merge2] Processed 103478 reads in 5.630 CPU sec, 8.148 real sec
step2 put 0x50000201ee70
step3 0x50000201ee70
slave pre done
now n is 103478
processed 103478
[M::mem_process_seqs_merge2] Processed 103478 reads in 4.860 CPU sec, 8.439 real sec
step2 put 0x50000201ee70
step3 0x50000201ee70
slave pre done
now n is 103478
processed 103478
[M::mem_process_seqs_merge2] Processed 103478 reads in 2.840 CPU sec, 8.260 real sec
step2 put 0x500002769800
step2 get 0x50000201ee70
step3 0x500002769800
slave pre done
now n is 103478
processed 103478
[M::mem_process_seqs_merge2] Processed 103478 reads in 4.680 CPU sec, 8.020 real sec
step2 put 0x50000201ee70
step3 0x50000201ee70
[M::mem_process_seqs_merge2] CPE FASTQ formatting done
[MPI rank 000002/000006] input work: chunks=8 records=415564 bytes=157286844
[MPI rank 000001/000006] input work: chunks=8 records=416119 bytes=157286364
slave pre done
now n is 103478
processed 103478
[M::mem_process_seqs_merge2] Processed 103478 reads in 3.520 CPU sec, 7.289 real sec
step2 put 0x500002769fd0
step3 0x500002769fd0
slave pre done
now n is 9668
processed 9668
[M::mem_process_seqs_merge2] Processed 9668 reads in 1.390 CPU sec, 4.390 real sec
step2 put 0x50000201ee70
step3 0x50000201ee70
[MPI rank 000003/000006] input work: chunks=8 records=415562 bytes=157286092
slave pre done
now n is 103478
processed 103478
[M::mem_process_seqs_merge2] Processed 103478 reads in 3.610 CPU sec, 6.998 real sec
step2 put 0x50000276a780
step3 0x50000276a780
[MPI rank 000005/000006] input work: chunks=8 records=415564 bytes=157286844
[MPI rank 000000/000006] input work: chunks=8 records=369890 bytes=139462532

================ MPI Dynamic Scheduler Debug =================
  MPI rank: 000000 / 000006

  Work summary
    claimed chunks                                          8
    claimed from this rank's queue                          8
    claimed from another rank's queue                       0
    completed FASTQ records                            369890
    claimed input bytes                             139462532

  Scheduler counters
    scheduler_next calls                                    9
    RMA ticket attempts                                    14
    attempts against another rank's queue                   5
    tickets beyond the final chunk                          6
    empty aligned chunks                                    0

  Scheduler timing
    MPI_Win_create (setup)                       0.000188 s  (1 calls,   187.651 us/call)
    MPI_Barrier after setup                      0.000010 s  (1 calls,     9.550 us/call)
    scheduler_next total                        11.355289 s  (9 calls, 1261698.810 us/call)
      RMA ticket path total                       10.705975 s  (14 calls, 764712.496 us/call)
        MPI_Win_lock                                 4.537127 s  (14 calls, 324080.501 us/call)
        MPI_Fetch_and_op                             0.000329 s  (14 calls,    23.479 us/call)
        MPI_Win_unlock                               6.168497 s  (14 calls, 440606.923 us/call)
        RMA call overhead (derived)                  0.000022 s  (14 calls,     1.593 us/call)
      align nominal offsets to FASTQ records       0.649270 s  (8 calls, 81158.762 us/call)
      scheduler loop/bookkeeping (derived)         0.000044 s  (9 calls,     4.917 us/call)

  Scheduler teardown timing
    MPI_Barrier (wait for other ranks)           0.834834 s  (1 calls, 834834.235 us/call)
    MPI_Win_free                                 0.000068 s  (1 calls,    67.701 us/call)

  Stage 2 by chunk
    completed chunks                                        8
    accumulated stage 2                             69.302851 s
    average stage 2 per chunk                        8.662856 s
    slowest chunk                                          24
    slowest chunk stage 2                           13.020693 s

    order   chunk  queue        byte range                       bytes      records   stage2(s)
        0       0      0  [           0,     19661160)     19661160        52972   10.990621
        1       6      0  [   117965124,    137625788)     19660664        52289    7.541466
        2      12      0  [   235929860,    255590524)     19660664        52289    9.458293
        3      18      0  [   353894596,    373555260)     19660664        52289    7.620552
        4      24      0  [   471859364,    491520184)     19660820        51739   13.020693
        5      30      0  [   589824284,    609485104)     19660820        51739    8.020735
        6      36      0  [   707788824,    727449644)     19660820        51739    8.260246
        7      48      0  [   943718664,    945555584)      1836920         4834    4.390245
==============================================================

[MPI rank 000004/000006] input work: chunks=9 records=467301 bytes=176946908

================ MPI Dynamic Scheduler Debug =================
  MPI rank: 000004 / 000006

  Work summary
    claimed chunks                                          9
    claimed from this rank's queue                          8
    claimed from another rank's queue                       1
    completed FASTQ records                            467301
    claimed input bytes                             176946908

  Scheduler counters
    scheduler_next calls                                   10
    RMA ticket attempts                                    17
    attempts against another rank's queue                   7
    tickets beyond the final chunk                          8
    empty aligned chunks                                    0

  Scheduler timing
    MPI_Win_create (setup)                       0.000184 s  (1 calls,   184.351 us/call)
    MPI_Barrier after setup                      0.000011 s  (1 calls,    11.150 us/call)
    scheduler_next total                         6.886253 s  (10 calls, 688625.252 us/call)
      RMA ticket path total                        4.665477 s  (17 calls, 274439.801 us/call)
        MPI_Win_lock                                 0.005922 s  (17 calls,   348.372 us/call)
        MPI_Fetch_and_op                             0.000190 s  (17 calls,    11.162 us/call)
        MPI_Win_unlock                               4.659335 s  (17 calls, 274078.505 us/call)
        RMA call overhead (derived)                  0.000030 s  (17 calls,     1.762 us/call)
      align nominal offsets to FASTQ records       2.220718 s  (9 calls, 246746.390 us/call)
      scheduler loop/bookkeeping (derived)         0.000058 s  (10 calls,     5.840 us/call)

  Scheduler teardown timing
    MPI_Barrier (wait for other ranks)           0.000032 s  (1 calls,    31.650 us/call)
    MPI_Win_free                                 0.000054 s  (1 calls,    54.351 us/call)

  Stage 2 by chunk
    completed chunks                                        9
    accumulated stage 2                             70.881852 s
    average stage 2 per chunk                        7.875761 s
    slowest chunk                                           4
    slowest chunk stage 2                            8.921742 s

    order   chunk  queue        byte range                       bytes      records   stage2(s)
        0       4      4  [    78643420,     98304084)     19660664        52289    8.921742
        1      10      4  [   196608156,    216268820)     19660664        52289    7.840489
        2      16      4  [   314572892,    334233932)     19661040        52290    8.339016
        3      22      4  [   432537724,    452198544)     19660820        51739    7.250336
        4      28      4  [   550502644,    570163464)     19660820        51739    7.470391
        5      34      4  [   668467564,    688128004)     19660440        51738    8.440505
        6      40      4  [   786432104,    806092924)     19660820        51739    7.731506
        7      46      4  [   904397024,    924057844)     19660820        51739    7.889479
        8      42      0  [   825753744,    845414564)     19660820        51739    6.998388
==============================================================


================ MPI Dynamic Scheduler Debug =================
  MPI rank: 000005 / 000006

  Work summary
    claimed chunks                                          8
    claimed from this rank's queue                          8
    claimed from another rank's queue                       0
    completed FASTQ records                            415564
    claimed input bytes                             157286844

  Scheduler counters
    scheduler_next calls                                    9
    RMA ticket attempts                                    14
    attempts against another rank's queue                   5
    tickets beyond the final chunk                          6
    empty aligned chunks                                    0

  Scheduler timing
    MPI_Win_create (setup)                       0.000186 s  (1 calls,   185.801 us/call)
    MPI_Barrier after setup                      0.000011 s  (1 calls,    10.700 us/call)
    scheduler_next total                         8.831600 s  (9 calls, 981288.907 us/call)
      RMA ticket path total                        6.837348 s  (14 calls, 488382.008 us/call)
        MPI_Win_lock                                 4.716142 s  (14 calls, 336867.263 us/call)
        MPI_Fetch_and_op                             0.000122 s  (14 calls,     8.746 us/call)
        MPI_Win_unlock                               2.121061 s  (14 calls, 151504.381 us/call)
        RMA call overhead (derived)                  0.000023 s  (14 calls,     1.618 us/call)
      align nominal offsets to FASTQ records       1.994168 s  (8 calls, 249270.968 us/call)
      scheduler loop/bookkeeping (derived)         0.000084 s  (9 calls,     9.367 us/call)

  Scheduler teardown timing
    MPI_Barrier (wait for other ranks)           1.545876 s  (1 calls, 1545875.747 us/call)
    MPI_Win_free                                 0.000067 s  (1 calls,    66.701 us/call)

  Stage 2 by chunk
    completed chunks                                        8
    accumulated stage 2                             68.730521 s
    average stage 2 per chunk                        8.591315 s
    slowest chunk                                          29
    slowest chunk stage 2                           12.499626 s

    order   chunk  queue        byte range                       bytes      records   stage2(s)
        0       5      5  [    98304084,    117965124)     19661040        52290    9.000520
        1      11      5  [   216268820,    235929860)     19661040        52290    7.630295
        2      17      5  [   334233932,    353894596)     19660664        52289    9.620609
        3      23      5  [   452198544,    471859364)     19660820        51739    7.261412
        4      29      5  [   570163464,    589824284)     19660820        51739   12.499626
        5      35      5  [   688128004,    707788824)     19660820        51739    7.869439
        6      41      5  [   806092924,    825753744)     19660820        51739    7.559400
        7      47      5  [   924057844,    943718664)     19660820        51739    7.289220
==============================================================


================ MPI Dynamic Scheduler Debug =================
  MPI rank: 000001 / 000006

  Work summary
    claimed chunks                                          8
    claimed from this rank's queue                          8
    claimed from another rank's queue                       0
    completed FASTQ records                            416119
    claimed input bytes                             157286364

  Scheduler counters
    scheduler_next calls                                    9
    RMA ticket attempts                                    14
    attempts against another rank's queue                   5
    tickets beyond the final chunk                          6
    empty aligned chunks                                    0

  Scheduler timing
    MPI_Win_create (setup)                       0.000189 s  (1 calls,   188.951 us/call)
    MPI_Barrier after setup                      0.000009 s  (1 calls,     8.750 us/call)
    scheduler_next total                         6.878657 s  (9 calls, 764295.265 us/call)
      RMA ticket path total                        5.209389 s  (14 calls, 372099.187 us/call)
        MPI_Win_lock                                 0.000535 s  (14 calls,    38.211 us/call)
        MPI_Fetch_and_op                             0.000194 s  (14 calls,    13.850 us/call)
        MPI_Win_unlock                               5.208637 s  (14 calls, 372045.526 us/call)
        RMA call overhead (derived)                  0.000022 s  (14 calls,     1.600 us/call)
      align nominal offsets to FASTQ records       1.669222 s  (8 calls, 208652.790 us/call)
      scheduler loop/bookkeeping (derived)         0.000046 s  (9 calls,     5.161 us/call)

  Scheduler teardown timing
    MPI_Barrier (wait for other ranks)           4.009689 s  (1 calls, 4009689.132 us/call)
    MPI_Win_free                                 0.000071 s  (1 calls,    71.351 us/call)

  Stage 2 by chunk
    completed chunks                                        8
    accumulated stage 2                             64.510026 s
    average stage 2 per chunk                        8.063753 s
    slowest chunk                                           1
    slowest chunk stage 2                            8.901442 s

    order   chunk  queue        byte range                       bytes      records   stage2(s)
        0       1      1  [    19661160,     39321716)     19660556        52789    8.901442
        1       7      1  [   137625788,    157286452)     19660664        52289    7.729414
        2      13      1  [   255590524,    275251564)     19661040        52290    8.568280
        3      19      1  [   373555260,    393216084)     19660824        51795    7.110344
        4      25      1  [   491520184,    511181004)     19660820        51739    7.441320
        5      31      1  [   609485104,    629145924)     19660820        51739    8.648484
        6      37      1  [   727449644,    747110464)     19660820        51739    7.671478
        7      43      1  [   845414564,    865075384)     19660820        51739    8.439264
==============================================================


================ MPI Dynamic Scheduler Debug =================
  MPI rank: 000002 / 000006

  Work summary
    claimed chunks                                          8
    claimed from this rank's queue                          8
    claimed from another rank's queue                       0
    completed FASTQ records                            415564
    claimed input bytes                             157286844

  Scheduler counters
    scheduler_next calls                                    9
    RMA ticket attempts                                    14
    attempts against another rank's queue                   5
    tickets beyond the final chunk                          6
    empty aligned chunks                                    0

  Scheduler timing
    MPI_Win_create (setup)                       0.000189 s  (1 calls,   189.301 us/call)
    MPI_Barrier after setup                      0.000007 s  (1 calls,     7.050 us/call)
    scheduler_next total                         6.188045 s  (9 calls, 687560.507 us/call)
      RMA ticket path total                        5.064763 s  (14 calls, 361768.797 us/call)
        MPI_Win_lock                                 0.004458 s  (14 calls,   318.423 us/call)
        MPI_Fetch_and_op                             0.000208 s  (14 calls,    14.864 us/call)
        MPI_Win_unlock                               5.060071 s  (14 calls, 361433.659 us/call)
        RMA call overhead (derived)                  0.000026 s  (14 calls,     1.850 us/call)
      align nominal offsets to FASTQ records       1.123241 s  (8 calls, 140405.101 us/call)
      scheduler loop/bookkeeping (derived)         0.000041 s  (9 calls,     4.511 us/call)

  Scheduler teardown timing
    MPI_Barrier (wait for other ranks)           4.254769 s  (1 calls, 4254768.620 us/call)
    MPI_Win_free                                 0.000070 s  (1 calls,    69.501 us/call)

  Stage 2 by chunk
    completed chunks                                        8
    accumulated stage 2                             64.190021 s
    average stage 2 per chunk                        8.023753 s
    slowest chunk                                           2
    slowest chunk stage 2                            9.461102 s

    order   chunk  queue        byte range                       bytes      records   stage2(s)
        0       2      2  [    39321716,     58982756)     19661040        52290    9.461102
        1       8      2  [   157286452,    176947492)     19661040        52290    7.220703
        2      14      2  [   275251564,    294912228)     19660664        52289    8.889630
        3      20      2  [   393216084,    412876904)     19660820        51739    7.139340
        4      26      2  [   511181004,    530841824)     19660820        51739    7.519116
        5      32      2  [   629145924,    648806744)     19660820        51739    7.891445
        6      38      2  [   747110464,    766771284)     19660820        51739    7.919649
        7      44      2  [   865075384,    884736204)     19660820        51739    8.149036
==============================================================


================ MPI Dynamic Scheduler Debug =================
  MPI rank: 000003 / 000006

  Work summary
    claimed chunks                                          8
    claimed from this rank's queue                          8
    claimed from another rank's queue                       0
    completed FASTQ records                            415562
    claimed input bytes                             157286092

  Scheduler counters
    scheduler_next calls                                    9
    RMA ticket attempts                                    14
    attempts against another rank's queue                   5
    tickets beyond the final chunk                          6
    empty aligned chunks                                    0

  Scheduler timing
    MPI_Win_create (setup)                       0.000187 s  (1 calls,   187.051 us/call)
    MPI_Barrier after setup                      0.000008 s  (1 calls,     8.100 us/call)
    scheduler_next total                        10.106095 s  (9 calls, 1122899.489 us/call)
      RMA ticket path total                        8.934207 s  (14 calls, 638157.671 us/call)
        MPI_Win_lock                                 1.907271 s  (14 calls, 136233.670 us/call)
        MPI_Fetch_and_op                             0.000095 s  (14 calls,     6.818 us/call)
        MPI_Win_unlock                               7.026818 s  (14 calls, 501915.558 us/call)
        RMA call overhead (derived)                  0.000023 s  (14 calls,     1.625 us/call)
      align nominal offsets to FASTQ records       1.171846 s  (8 calls, 146480.783 us/call)
      scheduler loop/bookkeeping (derived)         0.000042 s  (9 calls,     4.639 us/call)

  Scheduler teardown timing
    MPI_Barrier (wait for other ranks)           1.822354 s  (1 calls, 1822354.068 us/call)
    MPI_Win_free                                 0.000069 s  (1 calls,    68.751 us/call)

  Stage 2 by chunk
    completed chunks                                        8
    accumulated stage 2                             65.210010 s
    average stage 2 per chunk                        8.151251 s
    slowest chunk                                          27
    slowest chunk stage 2                            9.510557 s

    order   chunk  queue        byte range                       bytes      records   stage2(s)
        0       3      3  [    58982756,     78643420)     19660664        52289    8.791650
        1       9      3  [   176947492,    196608156)     19660664        52289    7.559350
        2      15      3  [   294912228,    314572892)     19660664        52289    8.179203
        3      21      3  [   412876904,    432537724)     19660820        51739    7.058277
        4      27      3  [   530841824,    550502644)     19660820        51739    9.510557
        5      33      3  [   648806744,    668467564)     19660820        51739    8.131405
        6      39      3  [   766771284,    786432104)     19660820        51739    7.959303
        7      45      3  [   884736204,    904397024)     19660820        51739    8.020265
==============================================================


====================== SWBWA Output Debug =====================
  MPI rank: 000000 / 000006
  mode:     MPI single_unordered
  path:     correctness_results/clock_nanosleep_full_20260816/no1/SRR7963242_PE.sam

  Output volume
    output buffer capacity                           67108864
    swbwa_output_write calls                          739780
    submitted SAM bytes                            311960447
    buffered flushes                                       5
    buffered flush bytes                           311960447
    direct oversized writes                                0
    direct oversized bytes                                 0

  Buffering
    buffered flush total                        22.162466 s  (5 calls, 4432493.274 us/call)

  Global offset reservation
    target rank                                             0
    target relationship                                 local
    reservations                                            5
    reservation total                            0.007118 s  (5 calls,  1423.556 us/call)
      MPI_Fetch_and_op                             0.007037 s  (5 calls,  1407.456 us/call)
      MPI_Win_flush(target rank 0)                 0.000074 s  (5 calls,    14.730 us/call)
      reservation call overhead (derived)          0.000007 s  (5 calls,     1.370 us/call)

  MPI file writes
    MPI_File_write_at calls                                 5
    MPI_File_write_at bytes                         311960447
    MPI file-write path total                   22.155329 s  (5 calls, 4431065.758 us/call)
      MPI_File_write_at                           22.155311 s  (5 calls, 4431062.128 us/call)
      MPI_Get_count                                0.000014 s  (5 calls,     2.760 us/call)
      file-write call overhead (derived)           0.000004 s  (5 calls,     0.870 us/call)
    MPI_File_write_at effective bandwidth          13.428 MiB/s

  Output close timing
    MPI_File_sync                                0.014770 s  (1 calls, 14770.162 us/call)
    MPI_Win_unlock_all                           0.000019 s  (1 calls,    18.550 us/call)
    MPI_Win_free                                 0.025122 s  (1 calls, 25121.756 us/call)
    MPI_File_close                               0.002119 s  (1 calls,  2118.559 us/call)
================================================================


================ SWBWA CPE/MPI Progress Debug ================
  MPI rank: 000000 / 000006

    phase                      waits     probes   total(s)    avg(us)    max(s)   >=1ms   >=10ms   >=100ms    >=1s  completed
    FASTQ formatting               8         12      7.743 645261.904     4.545       2        2         2       2          2
    alignment and SAM length       8       2303     13.805   5994.195     9.240      23        8         2       2          1
    SAM record generation          8         20      0.002     82.660     0.000       0        0         0       0          0
    all CPE phases                24       2335     21.549   9228.876     9.240      25       10         4       4          3

  Probes marked 'completed' returned with the CPE completion
  flag set. Their full call duration bounds the possible delay.
    completion-observing probe total              16.983306 s
    slowest completion-observing probe             9.240386 s
==============================================================


======================= SWBWA Timing Report =======================
  MPI rank: 000000 / 000006
  Accumulated wall-clock time; indented rows are included in
  their parent row and must not be added to it.

  Pipeline
    total - complete three-stage pipeline                    74.236 s
    stage 1 - allocate and read raw FASTQ blocks             22.427 s
    stage 2 - align reads and generate SAM records           69.303 s
    stage 3 - write SAM and release batch data               23.752 s
      SAM output writes                                        22.926 s
      batch cleanup and loop overhead (derived)                 0.827 s

  Stage 1 input details
    batches completed / stage calls                       8 / 9
    input-buffer and batch allocations                        0.000 s  (25 calls, max 0.000 s)
    aggregate requested allocation bytes            278942024
    FASTQ fseeko calls                                        0.962 s  (16 calls, max 0.294 s)
    FASTQ fread calls                                        10.106 s  (16 calls, max 1.143 s)
    align chunk ends to FASTQ record boundaries               0.000 s  (0 calls, max 0.000 s)
    scheduler, checks and bookkeeping (derived)              11.359 s
    raw FASTQ bytes read                            278925064  (266.004 MiB)
    effective fread bandwidth                         26.322 MiB/s
    slowest allocation                                 0.000 s  (19661688 bytes)
    slowest fread                                      1.143 s  (R2 offset=589824284, bytes=19660820)

  Stage 2 worker details
    total - active merge worker                              69.301 s
      part 1 - prepare CPE task and reusable buffers            0.796 s
      part 2 - CPE FASTQ formatting and input release           7.862 s
      part 3 - CPE alignment and SAM length pass               60.
====================== SWBWA Output Debug =====================
  MPI rank: 000001 / 000006
  mode:     MPI single_unordered
  path:     correctness_results/clock_nanosleep_full_20260816/no1/SRR7963242_PE.sam

  Output volume
    output buffer capacity                           67108864
    swbwa_output_write calls                          832238
    submitted SAM bytes                            350907535
    buffered flushes                                       6
    buffered flush bytes                           350907535
    direct oversized writes                                0
    direct oversized bytes                                 0

  Buffering
    buffered flush total                        18.259182 s  (6 calls, 3043197.073 us/call)

  Global offset reservation
    target rank                                             0
    target relationship                                remote
    reservations                                            6
    reservation total                            1.553198 s  (6 calls, 258866.388 us/call)
      MPI_Fetch_and_op                             0.000422 s  (6 calls,    70.342 us/call)
      MPI_Win_flush(target rank 0)                 1.552765 s  (6 calls, 258794.096 us/call)
      reservation call overhead (derived)          0.000012 s  (6 calls,     1.950 us/call)

  MPI file writes
    MPI_File_write_at calls                                 6
    MPI_File_write_at bytes                         350907535
    MPI file-write path total                   16.705961 s  (6 calls, 2784326.860 us/call)
      MPI_File_write_at                           16.705933 s  (6 calls, 2784322.152 us/call)
      MPI_Get_count                                0.000021 s  (6 calls,     3.458 us/call)
      file-write call overhead (derived)           0.000007 s  (6 calls,     1.250 us/call)
    MPI_File_write_at effective bandwidth          20.032 MiB/s

  Output close timing
    MPI_File_sync                                0.013847 s  (1 calls, 13847.358 us/call)
    MPI_Win_unlock_all                           0.000018 s  (1 calls,    18.150 us/call)
    MPI_Win_free                                 0.026324 s  (1 calls, 26324.462 us/call)
    MPI_File_close                               0.001143 s  (1 calls,  1142.905 us/call)
================================================================


================ SWBWA CPE/MPI Progress Debug ================
  MPI rank: 000001 / 000006

    phase                      waits     probes   total(s)    avg(us)    max(s)   >=1ms   >=10ms   >=100ms    >=1s  completed
    FASTQ formatting               8         11      0.006    588.698     0.006       1        0         0       0          0
    alignment and SAM length       8       2465     13.711   5562.363     4.202      12        6         4       4          0
    SAM record generation          8         23      0.001     41.400     0.000       0        0         0       0          0
    all CPE phases                24       2499     13.719   5489.657     4.202      13        6         4       4          0

  Probes marked 'completed' returned with the CPE completion
  flag set. Their full call duration bounds the possible delay.
    completion-observing probe total               0.000000 s
    slowest completion-observing probe             0.000000 s
==============================================================


======================= SWBWA Timing Report =======================
  MPI rank: 000001 / 000006
  Accumulated wall-clock time; indented rows are included in
  their parent row and must not be added to it.

  Pipeline
    total - complete three-stage pipeline                    74.236 s
    stage 1 - allocate and read raw FASTQ blocks             21.367 s
    stage 2 - align reads and generate SAM records           64.510 s
    stage 3 - write SAM and release batch data               18.522 s
      SAM output writes                                        17.890 s
      batch cleanup and loop overhead (derived)
====================== SWBWA Output Debug =====================
  MPI rank: 000002 / 000006
  mode:     MPI single_unordered
  path:     correctness_results/clock_nanosleep_full_20260816/no1/SRR7963242_PE.sam

  Output volume
    output buffer capacity                           67108864
    swbwa_output_write calls                          831128
    submitted SAM bytes                            350449556
    buffered flushes                                       6
    buffered flush bytes                           350449556
    direct oversized writes                                0
    direct oversized bytes                                 0

  Buffering
    buffered flush total                        22.532530 s  (6 calls, 3755421.707 us/call)

  Global offset reservation
    target rank                                             0
    target relationship                                remote
    reservations                                            6
    reservation total                            2.513908 s  (6 calls, 418984.666 us/call)
      MPI_Fetch_and_op                             0.005282 s  (6 calls,   880.304 us/call)
      MPI_Win_flush(target rank 0)                 2.508616 s  (6 calls, 418102.704 us/call)
      reservation call overhead (derived)          0.000010 s  (6 calls,     1.658 us/call)

  MPI file writes
    MPI_File_write_at calls                                 6
    MPI_File_write_at bytes                         350449556
    MPI file-write path total                   20.018595 s  (6 calls, 3336432.490 us/call)
      MPI_File_write_at                           20.018570 s  (6 calls, 3336428.382 us/call)
      MPI_Get_count                                0.000017 s  (6 calls,     2.850 us/call)
      file-write call overhead (derived)           0.000008 s  (6 calls,     1.258 us/call)
    MPI_File_write_at effective bandwidth          16.695 MiB/s

  Output close timing
    MPI_File_sync                                0.039369 s  (1 calls, 39369.067 us/call)
    MPI_Win_unlock_all                           0.000019 s  (1 calls,    18.500 us/call)
    MPI_Win_free                                 0.000055 s  (1 calls,    55.200 us/call)
    MPI_File_close                               0.001842 s  (1 calls,  1842.058 us/call)
================================================================


================ SWBWA CPE/MPI Progress Debug ================
  MPI rank: 000002 / 000006

    phase                      waits     probes   total(s)    avg(us)    max(s)   >=1ms   >=10ms   >=100ms    >=1s  completed
    FASTQ formatting               8         12      0.006    494.010     0.006       1        0         0       0          0
    alignment and SAM length       8       2249     17.853   7938.253     6.121      14        7         4       4          0
    SAM record generation          8         19      0.001     41.287     0.000       0        0         0       0          0
    all CPE phases                24       2280     17.860   7833.265     6.121      15        7         4       4          0

  Probes marked 'completed' returned with the CPE completion
  flag set. Their full call duration bounds the possible delay.
    completion-observing probe total               0.000000 s
    slowest completion-observing probe             0.000000 s
==============================================================


======================= SWBWA Timing Report =======================
  MPI rank: 000002 / 000006
  Accumulated wall-clock time; indented rows are included in
  their parent row and must not be added to it.

  Pipeline
    total - complete three-stage pipeline                    74.236 s
    stage 1 - allocate and read raw FASTQ blocks             20.240 s
    stage 2 - align reads and generate SAM records           64.190 s
    stage 3 - write SAM and release batch data               22.284 s
      SAM output writes                                        21.646 s
      batch cleanup and loop overhead (derived) 423 s
      part 4 - assign slices in the shared SAM buffer           0.052 s
      part 5 - CPE SAM record generation                        0.168 s
      part 6 - release temporary worker data                    0.000 s

  Reserved allocator timers (no active timing sites)
    malloc timer                                              0.000 s
    free timer                                                0.000 s
===================================================================

                0.632 s

  Stage 1 input details
    batches completed / stage calls                       8 / 9
    input-buffer and batch allocations                        0.000 s  (25 calls, max 0.000 s)
    aggregate requested allocation bytes            314589688
    FASTQ fseeko calls                                        1.945 s  (16 calls, max 0.360 s)
    FASTQ fread calls                                        12.541 s  (16 calls, max 1.288 s)
    align chunk ends to FASTQ record boundaries               0.000 s  (0 calls, max 0.000 s)
    scheduler, checks and bookkeeping (derived)               6.881 s
    raw FASTQ bytes read                            314572728  (300.000 MiB)
    effective fread bandwidth                         23.921 MiB/s
    slowest allocation                                 0.000 s  (19662064 bytes)
    slowest fread                                      1.288 s  (R1 offset=137625788, bytes=19660664)

  Stage 2 worker details
    total - active merge worker                              64.507 s
      part 1 - prepare CPE task and reusable buffers            0.710 s
      part 2 - CPE FASTQ formatting and input release           0.125 s
      part 3 - CPE alignment and SAM length pass               63.431 s
      part 4 - assign slices in the shared SAM buffer           0.060 s
      part 5 - CPE SAM record generation                        0.178 s
      part 6 - release temporary worker data                    0.000 s

  Reserved allocator timers (no active timing sites)
    malloc timer                                              0.000 s
    free timer                                                0.000 s
===================================================================

                0.638 s

  Stage 1 input details
    batches completed / stage calls                       8 / 9
    input-buffer and batch allocations                        0.000 s  (25 calls, max 0.000 s)
    aggregate requested allocation bytes            314590648
    FASTQ fseeko calls                                        1.934 s  (16 calls, max 0.367 s)
    FASTQ fread calls                                        12.105 s  (16 calls, max 1.339 s)
    align chunk ends to FASTQ record boundaries               0.000 s  (0 calls, max 0.000 s)
    scheduler, checks and bookkeeping (derived)               6.201 s
    raw FASTQ bytes read                            314573688  (300.001 MiB)
    effective fread bandwidth                         24.783 MiB/s
    slowest allocation                                 0.000 s  (19661844 bytes)
    slowest fread                                      1.339 s  (R1 offset=157286452, bytes=19661040)

  Stage 2 worker details
    total - active merge worker                              64.186 s
      part 1 - prepare CPE task and reusable buffers            0.734 s
      part 2 - CPE FASTQ formatting and input release           0.138 s
      part 3 - CPE alignment and SAM length pass               63.074 s
      part 4 - assign slices in the shared SAM buffer           0.060 s
      part 5 - CPE SAM record generation                        0.176 s
      part 6 - release temporary worker data                    0.000 s

  Reserved allocator timers (no active timing sites)
    malloc timer                                              0.000 s
    free timer                                                0.000 s
===================================================================


====================== SWBWA Output Debug =====================
  MPI rank: 000003 / 000006
  mode:     MPI single_unordered
  path:     correctness_results/clock_nanosleep_full_20260816/no1/SRR7963242_PE.sam

  Output volume
    output buffer capacity                           67108864
    swbwa_output_write calls                          831124
    submitted SAM bytes                            350241952
    buffered flushes                                       6
    buffered flush bytes                           350241952
    direct oversized writes                                0
    direct oversized bytes                                 0

  Buffering
    buffered flush total                        23.869647 s  (6 calls, 3978274.566 us/call)

  Global offset reservation
    target rank                                             0
    target relationship                                remote
    reservations                                            6
    reservation total                            3.219125 s  (6 calls, 536520.797 us/call)
      MPI_Fetch_and_op                             0.024642 s  (6 calls,  4106.967 us/call)
      MPI_Win_flush(target rank 0)                 3.194471 s  (6 calls, 532411.755 us/call)
      reservation call overhead (derived)          0.000012 s  (6 calls,     2.075 us/call)

  MPI file writes
    MPI_File_write_at calls                                 6
    MPI_File_write_at bytes                         350241952
    MPI file-write path total                   20.650497 s  (6 calls, 3441749.527 us/call)
      MPI_File_write_at                           20.650473 s  (6 calls, 3441745.427 us/call)
      MPI_Get_count                                0.000020 s  (6 calls,     3.258 us/call)
      file-write call overhead (derived)           0.000005 s  (6 calls,     0.842 us/call)
    MPI_File_write_at effective bandwidth          16.175 MiB/s

  Output close timing
    MPI_File_sync                                0.014300 s  (1 calls, 14300.061 us/call)
    MPI_Win_unlock_all                           0.000018 s  (1 calls,    17.850 us/call)
    MPI_Win_free                                 0.025761 s  (1 calls, 25761.109 us/call)
    MPI_File_close                               0.001116 s  (1 calls,  1115.705 us/call)
================================================================


================ SWBWA CPE/MPI Progress Debug ================
  MPI rank: 000003 / 000006

    phase                      waits     probes   total(s)    avg(us)    max(s)   >=1ms   >=10ms   >=100ms    >=1s  completed
    FASTQ formatting               8         11      1.941 176457.234     1.913       2        2         1       1          2
    alignment and SAM length       8       2285     15.977   6992.066     6.964       6        3         3       3          0
    SAM record generation          8         22      0.012    547.932     0.011       1        1         0       0          0
    all CPE phases                24       2318     17.930   7735.097     6.964       9        6         4       4          2

  Probes marked 'completed' returned with the CPE completion
  flag set. Their full call duration bounds the possible delay.
    completion-observing probe total               1.940823 s
    slowest completion-observing probe             1.912558 s
==============================================================


======================= SWBWA Timing Report =======================
  MPI rank: 000003 / 000006
  Accumulated wall-clock time; indented rows are included in
  their parent row and must not be added to it.

  Pipeline
    total - complete three-stage pipeline                    74.236 s
    stage 1 - allocate and read raw FASTQ blocks             22.675 s
    stage 2 - align reads and generate SAM records           65.210 s
    stage 3 - write SAM and release batch data               24.331 s
      SAM output writes                                        23.762 s
      batch cleanup and loop overhead (derived)
====================== SWBWA Output Debug =====================
  MPI rank: 000004 / 000006
  mode:     MPI single_unordered
  path:     correctness_results/clock_nanosleep_full_20260816/no1/SRR7963242_PE.sam

  Output volume
    output buffer capacity                           67108864
    swbwa_output_write calls                          934602
    submitted SAM bytes                            393851474
    buffered flushes                                       6
    buffered flush bytes                           393851474
    direct oversized writes                                0
    direct oversized bytes                                 0

  Buffering
    buffered flush total                        23.124446 s  (6 calls, 3854074.316 us/call)

  Global offset reservation
    target rank                                             0
    target relationship                                remote
    reservations                                            6
    reservation total                            1.127515 s  (6 calls, 187919.196 us/call)
      MPI_Fetch_and_op                             0.014374 s  (6 calls,  2395.635 us/call)
      MPI_Win_flush(target rank 0)                 1.113128 s  (6 calls, 185521.319 us/call)
      reservation call overhead (derived)          0.000013 s  (6 calls,     2.242 us/call)

  MPI file writes
    MPI_File_write_at calls                                 6
    MPI_File_write_at bytes                         393851474
    MPI file-write path total                   21.996905 s  (6 calls, 3666150.770 us/call)
      MPI_File_write_at                           21.996876 s  (6 calls, 3666146.045 us/call)
      MPI_Get_count                                0.000020 s  (6 calls,     3.392 us/call)
      file-write call overhead (derived)           0.000008 s  (6 calls,     1.333 us/call)
    MPI_File_write_at effective bandwidth          17.075 MiB/s

  Output close timing
    MPI_File_sync                                0.015237 s  (1 calls, 15236.914 us/call)
    MPI_Win_unlock_all                           0.000034 s  (1 calls,    34.500 us/call)
    MPI_Win_free                                 0.024519 s  (1 calls, 24518.654 us/call)
    MPI_File_close                               0.003427 s  (1 calls,  3427.365 us/call)
================================================================


================ SWBWA CPE/MPI Progress Debug ================
  MPI rank: 000004 / 000006

    phase                      waits     probes   total(s)    avg(us)    max(s)   >=1ms   >=10ms   >=100ms    >=1s  completed
    FASTQ formatting               9         11      0.072   6508.414     0.056       2        2         0       0          2
    alignment and SAM length       9       2390     21.419   8961.937     6.842      19        8         5       5          0
    SAM record generation          9         20      0.002     80.248     0.000       0        0         0       0          0
    all CPE phases                27       2421     21.492   8877.417     6.842      21       10         5       5          2

  Probes marked 'completed' returned with the CPE completion
  flag set. Their full call duration bounds the possible delay.
    completion-observing probe total               0.071389 s
    slowest completion-observing probe             0.055808 s
==============================================================


======================= SWBWA Timing Report =======================
  MPI rank: 000004 / 000006
  Accumulated wall-clock time; indented rows are included in
  their parent row and must not be added to it.

  Pipeline
    total - complete three-stage pipeline                    74.236 s
    stage 1 - allocate and read raw FASTQ blocks             22.234 s
    stage 2 - align reads and generate SAM records           70.882 s
    stage 3 - write SAM and release batch data               23.561 s
      SAM output writes                                        22.879 s
      batch cleanup and loop overhead (derived)                 0.569 s

  Stage 1 input details
    batches completed / stage calls                       8 / 9
    input-buffer and batch allocations                        0.000 s  (25 calls, max 0.000 s)
    aggregate requested allocation bytes            314589144
    FASTQ fseeko calls                                        1.226 s  (16 calls, max 0.293 s)
    FASTQ fread calls                                        11.334 s  (16 calls, max 1.354 s)
    align chunk ends to FASTQ record boundaries               0.000 s  (0 calls, max 0.000 s)
    scheduler, checks and bookkeeping (derived)              10.115 s
    raw FASTQ bytes read                            314572184  (299.999 MiB)
    effective fread bandwidth                         26.468 MiB/s
    slowest allocation                                 0.000 s  (64 bytes)
    slowest fread                                      1.354 s  (R2 offset=412876904, bytes=19660820)

  Stage 2 worker details
    total - active merge worker                              65.207 s
      part 1 - prepare CPE task and reusable buffers            0.758 s
      part 2 - CPE FASTQ formatting and input release           2.027 s
      part 3 - CPE alignment and SAM length pass               62.182 s
      part 4 - assign slices in the shared SAM buffer           0.059 s
      part 5 - CPE SAM record generation                        0.179 s
      part 6 - release temporary worker data                    0.000 s

  Reserved allocator timers (no active timing sites)
    malloc timer                                              0.000 s
    free timer                                                0.000 s
===================================================================

                0.682 s

  Stage 1 input details
    batches completed / stage calls                       9 / 10
    input-buffer and batch allocations                        0.000 s  (28 calls, max 0.000 s)
    aggregate requested allocation bytes            353912888
    FASTQ fseeko calls                                        1.855 s  (18 calls, max 0.340 s)
    FASTQ fread calls                                        13.491 s  (18 calls, max 1.376 s)
    align chunk ends to FASTQ record boundaries               0.000 s  (0 calls, max 0.000 s)
    scheduler, checks and bookkeeping (derived)               6.888 s
    raw FASTQ bytes read                            353893816  (337.499 MiB)
    effective fread bandwidth                         25.016 MiB/s
    slowest allocation                                 0.000 s  (19662064 bytes)
    slowest fread                                      1.376 s  (R1 offset=196608156, bytes=19660664)

  Stage 2 worker details
    total - active merge worker                              70.879 s
      part 1 - prepare CPE task and reusable buffers            0.900 s
      part 2 - CPE FASTQ formatting and input release           0.182 s
      part 3 - CPE alignment and SAM length pass               69.519 s
      part 4 - assign slices in the shared SAM buffer           0.077 s
      part 5 - CPE SAM record generation                        0.198 s
      part 6 - release temporary worker data                    0.000 s

  Reserved allocator timers (no active timing sites)
    malloc timer                                              0.000 s
    free timer                                                0.000 s
===================================================================


====================== SWBWA Output Debug =====================
  MPI rank: 000005 / 000006
  mode:     MPI single_unordered
  path:     correctness_results/clock_nanosleep_full_20260816/no1/SRR7963242_PE.sam

  Output volume
    output buffer capacity                           67108864
    swbwa_output_write calls                          831128
    submitted SAM bytes                            350244769
    buffered flushes                                       6
    buffered flush bytes                           350244769
    direct oversized writes                                0
    direct oversized bytes                                 0

  Buffering
    buffered flush total                        23.514594 s  (6 calls, 3919099.067 us/call)

  Global offset reservation
    target rank                                             0
    target relationship                                remote
    reservations                                            6
    reservation total                            0.547497 s  (6 calls, 91249.528 us/call)
      MPI_Fetch_and_op                             0.002123 s  (6 calls,   353.877 us/call)
      MPI_Win_flush(target rank 0)                 0.545364 s  (6 calls, 90894.043 us/call)
      reservation call overhead (derived)          0.000010 s  (6 calls,     1.608 us/call)

  MPI file writes
    MPI_File_write_at calls                                 6
    MPI_File_write_at bytes                         350244769
    MPI file-write path total                   22.967070 s  (6 calls, 3827844.988 us/call)
      MPI_File_write_at                           22.967039 s  (6 calls, 3827839.797 us/call)
      MPI_Get_count                                0.000023 s  (6 calls,     3.792 us/call)
      file-write call overhead (derived)           0.000008 s  (6 calls,     1.400 us/call)
    MPI_File_write_at effective bandwidth          14.543 MiB/s

  Output close timing
    MPI_File_sync                                0.013509 s  (1 calls, 13509.258 us/call)
    MPI_Win_unlock_all                           0.000017 s  (1 calls,    16.600 us/call)
    MPI_Win_free                                 0.026975 s  (1 calls, 26975.164 us/call)
    MPI_File_close                               0.001621 s  (1 calls,  1620.857 us/call)
================================================================


================ SWBWA CPE/MPI Progress Debug ================
  MPI rank: 000005 / 000006

    phase                      waits     probes   total(s)    avg(us)    max(s)   >=1ms   >=10ms   >=100ms    >=1s  completed
    FASTQ formatting               8         12      4.732 394351.625     4.716       2        2         1       1          2
    alignment and SAM length       8       2250     16.360   7271.050     9.031      19       10         3       3          1
    SAM record generation          8         19      0.001     40.782     0.000       0        0         0       0          0
    all CPE phases                24       2281     21.093   9247.197     9.031      21       12         4       4          3

  Probes marked 'completed' returned with the CPE completion
  flag set. Their full call duration bounds the possible delay.
    completion-observing probe total              13.762609 s
    slowest completion-observing probe             9.030619 s
==============================================================


======================= SWBWA Timing Report =======================
  MPI rank: 000005 / 000006
  Accumulated wall-clock time; indented rows are included in
  their parent row and must not be added to it.

  Pipeline
    total - complete three-stage pipeline                    74.236 s
    stage 1 - allocate and read raw FASTQ blocks             18.893 s
    stage 2 - align reads and generate SAM records           68.731 s
    stage 3 - write SAM and release batch data               24.987 s
      SAM output writes                                        24.287 s
      batch cleanup and loop overhead (derived)                 0.700 s

  Stage 1 input details
    batches completed / stage calls                       8 / 9
    input-buffer and batch allocations                        0.000 s  (25 calls, max 0.000 s)
    aggregate requested allocation bytes            314590648
    FASTQ fseeko calls                                        1.016 s  (16 calls, max 0.303 s)
    FASTQ fread calls                                         9.044 s  (16 calls, max 1.309 s)
    align chunk ends to FASTQ record boundaries               0.000 s  (0 calls, max 0.000 s)
    scheduler, checks and bookkeeping (derived)               8.833 s
    raw FASTQ bytes read                            314573688  (300.001 MiB)
    effective fread bandwidth                         33.173 MiB/s
    slowest allocation                                 0.000 s  (19661844 bytes)
    slowest fread                                      1.309 s  (R1 offset=216268820, bytes=19661040)

  Stage 2 worker details
    total - active merge worker                              68.727 s
      part 1 - prepare CPE task and reusable buffers            1.032 s
      part 2 - CPE FASTQ formatting and input release           4.830 s
      part 3 - CPE alignment and SAM length pass               62.624 s
      part 4 - assign slices in the shared SAM buffer           0.060 s
      part 5 - CPE SAM record generation                        0.177 s
      part 6 - release temporary worker data                    0.000 s

  Reserved allocator timers (no active timing sites)
    malloc timer                                              0.000 s
    free timer                                                0.000 s
===================================================================

[main] Version: 0.0.1
[main] CMD: ./SWBWA mem -v 4 -t 1 -o correctness_results/clock_nanosleep_full_20260816/no1/SRR7963242_PE.sam -I 170,80,500,1 /home/export/online1/mdt00/shisuan/swls-CFD/guoshi/ylf/data/GRCh38.d1.vd1.fa /home/export/online1/mdt00/shisuan/swls-CFD/guoshi/ylf/data/SRR7963242_1.fastq_1 /home/export/online1/mdt00/shisuan/swls-CFD/guoshi/ylf/data/SRR7963242_2.fastq_1
