[M::main_mem] mean insert size: 170.000, stddev: 80.000, max: 500, min: 1
[CPE input] bytes_per_cg=19660800 cg_count=1 chunk_bytes=19660800 file_bytes=583901384
malloc bwt->bwt 3107576584, 0x500002429500
malloc bwt->sa 1553788264, 0x5000bb7c7020
[M::bwa_idx_load_from_disk] read 0 ALT contigs
malloc pac 776894131, 0x500118228940
the input file is ../data/SRR2496709_1.fastq_1
the input file is ../data/SRR2496709_2.fastq_1
the output file is correctness_results/single_system/no1/SRR2496709_PE.sam
[M::process] read chunk (19660800 bytes/CG x 1 CGs, 19660800 bytes)...
step1 0x5000020029e0
[M::process] read chunk (19660800 bytes/CG x 1 CGs, 19660800 bytes)...
step2 get 0x5000020029e0
step1 0x5000020028f0
[M::process] read chunk (19660800 bytes/CG x 1 CGs, 19660800 bytes)...
step1 0x500002002a30
[M::process] read chunk (19660800 bytes/CG x 1 CGs, 19660800 bytes)...
step1 0x500002004100
[M::process] read chunk (19660800 bytes/CG x 1 CGs, 19660800 bytes)...
step1 0x500002004150
[M::mem_process_seqs_merge2] Processed 144884 reads in 2.320 CPU sec, 2.390 real sec
step2 put 0x5000020029e0
step2 get 0x5000020028f0
step3 0x5000020029e0
[M::process] read chunk (19660800 bytes/CG x 1 CGs, 19660800 bytes)...
step1 0x5000020041a0
[M::mem_process_seqs_merge2] Processed 143262 reads in 1.390 CPU sec, 1.392 real sec
step2 put 0x5000020028f0
step2 get 0x500002002a30
step3 0x5000020028f0
[M::process] read chunk (19660800 bytes/CG x 1 CGs, 19660800 bytes)...
step1 0x5000020029e0
[M::mem_process_seqs_merge2] Processed 142464 reads in 1.390 CPU sec, 1.422 real sec
step2 put 0x500002002a30
step2 get 0x500002004100
[M::process] read chunk (19660800 bytes/CG x 1 CGs, 19660800 bytes)...
step3 0x500002002a30
step1 0x5000020041f0
[M::mem_process_seqs_merge2] Processed 142464 reads in 1.630 CPU sec, 1.633 real sec
step2 put 0x500002004100
step2 get 0x500002004150
[M::process] read chunk (19660800 bytes/CG x 1 CGs, 19660800 bytes)...
step3 0x500002004100
step1 0x5000020028f0
[M::mem_process_seqs_merge2] Processed 142464 reads in 1.880 CPU sec, 1.906 real sec
step2 put 0x500002004150
step2 get 0x5000020041a0
step3 0x500002004150
[M::process] read chunk (19660800 bytes/CG x 1 CGs, 19660800 bytes)...
step1 0x500002004100
[M::mem_process_seqs_merge2] Processed 142464 reads in 1.920 CPU sec, 1.941 real sec
step2 put 0x5000020041a0
step2 get 0x5000020029e0
[M::process] read chunk (19660800 bytes/CG x 1 CGs, 19660800 bytes)...
step3 0x5000020041a0
step1 0x500002004150
[M::mem_process_seqs_merge2] Processed 142464 reads in 1.940 CPU sec, 1.970 real sec
step2 put 0x5000020029e0
step2 get 0x5000020041f0
[M::process] read chunk (19660800 bytes/CG x 1 CGs, 19660800 bytes)...
step3 0x5000020029e0
step1 0x5000020041a0
[M::mem_process_seqs_merge2] Processed 142464 reads in 1.840 CPU sec, 1.880 real sec
step2 put 0x5000020041f0
step2 get 0x5000020028f0
[M::process] read chunk (19660800 bytes/CG x 1 CGs, 19660800 bytes)...
step3 0x5000020041f0
step1 0x500002002a30
[M::mem_process_seqs_merge2] Processed 142464 reads in 1.470 CPU sec, 1.486 real sec
step2 put 0x5000020028f0
step2 get 0x500002004100
[M::process] read chunk (19660800 bytes/CG x 1 CGs, 19660800 bytes)...
step3 0x5000020028f0
step1 0x5000020029e0
[M::mem_process_seqs_merge2] Processed 142464 reads in 1.480 CPU sec, 1.499 real sec
step2 put 0x500002004100
step2 get 0x500002004150
step3 0x500002004100
[M::process] read chunk (19660800 bytes/CG x 1 CGs, 19660800 bytes)...
step1 0x5000020028f0
[M::mem_process_seqs_merge2] Processed 142464 reads in 1.380 CPU sec, 1.400 real sec
step2 put 0x500002004150
step2 get 0x5000020041a0
[M::process] read chunk (19660800 bytes/CG x 1 CGs, 19660800 bytes)...
step1 0x5000020041f0
step3 0x500002004150
[M::mem_process_seqs_merge2] Processed 142464 reads in 1.610 CPU sec, 1.634 real sec
step2 put 0x5000020041a0
step2 get 0x500002002a30
[M::process] read chunk (19660800 bytes/CG x 1 CGs, 19660800 bytes)...
step1 0x500002004100
step3 0x5000020041a0
[M::mem_process_seqs_merge2] Processed 142464 reads in 1.780 CPU sec, 1.808 real sec
step2 put 0x500002002a30
step2 get 0x5000020029e0
[M::process] read chunk (19660800 bytes/CG x 1 CGs, 19660800 bytes)...
step3 0x500002002a30
step1 0x5000020041a0
[M::mem_process_seqs_merge2] Processed 142464 reads in 2.220 CPU sec, 2.251 real sec
step2 put 0x5000020029e0
step2 get 0x5000020028f0
[M::process] read chunk (19660800 bytes/CG x 1 CGs, 19660800 bytes)...
step3 0x5000020029e0
step1 0x500002002a30
[M::mem_process_seqs_merge2] Processed 140460 reads in 1.260 CPU sec, 1.260 real sec
step2 put 0x5000020028f0
step2 get 0x5000020041f0
[M::process] read chunk (19660800 bytes/CG x 1 CGs, 19660800 bytes)...
step1 0x500002004150
step3 0x5000020028f0
[M::mem_process_seqs_merge2] Processed 140428 reads in 8.190 CPU sec, 8.201 real sec
step2 put 0x5000020041f0
step2 get 0x500002004100
[M::process] read chunk (19660800 bytes/CG x 1 CGs, 19660800 bytes)...
step3 0x5000020041f0
step1 0x5000020028f0
[M::mem_process_seqs_merge2] Processed 140428 reads in 2.260 CPU sec, 2.310 real sec
step2 put 0x500002004100
step2 get 0x5000020041a0
step3 0x500002004100
[M::process] read chunk (19660800 bytes/CG x 1 CGs, 19660800 bytes)...
step1 0x5000020041f0
[M::mem_process_seqs_merge2] Processed 140428 reads in 1.580 CPU sec, 1.586 real sec
step2 put 0x5000020041a0
step2 get 0x500002002a30
[M::process] read chunk (19660800 bytes/CG x 1 CGs, 19660800 bytes)...
step3 0x5000020041a0
step1 0x5000020029e0
[M::mem_process_seqs_merge2] Processed 140428 reads in 1.880 CPU sec, 1.888 real sec
step2 put 0x500002002a30
step2 get 0x500002004150
step3 0x500002002a30
[M::process] read chunk (19660800 bytes/CG x 1 CGs, 19660800 bytes)...
step1 0x5000020041a0
[M::mem_process_seqs_merge2] Processed 140428 reads in 1.930 CPU sec, 1.936 real sec
step2 put 0x500002004150
step2 get 0x5000020028f0
[M::process] read chunk (19660800 bytes/CG x 1 CGs, 19660800 bytes)...
step3 0x500002004150
step1 0x500002002a30
[M::mem_process_seqs_merge2] Processed 140428 reads in 2.030 CPU sec, 2.075 real sec
step2 put 0x5000020028f0
step2 get 0x5000020041f0
[M::process] read chunk (19660800 bytes/CG x 1 CGs, 19660800 bytes)...
step3 0x5000020028f0
step1 0x500002004150
[M::mem_process_seqs_merge2] Processed 140428 reads in 2.240 CPU sec, 2.240 real sec
step2 put 0x5000020041f0
step2 get 0x5000020029e0
step3 0x5000020041f0
[M::process] read chunk (19660800 bytes/CG x 1 CGs, 19660800 bytes)...
step1 0x5000020028f0
[M::mem_process_seqs_merge2] Processed 140428 reads in 1.680 CPU sec, 1.714 real sec
step2 put 0x5000020029e0
step2 get 0x5000020041a0
[M::process] read chunk (19660800 bytes/CG x 1 CGs, 19660800 bytes)...
step3 0x5000020029e0
step1 0x500002004100
[M::mem_process_seqs_merge2] Processed 140428 reads in 1.430 CPU sec, 1.446 real sec
step2 put 0x5000020041a0
step2 get 0x500002002a30
[M::process] read chunk (19660800 bytes/CG x 1 CGs, 19660800 bytes)...
step1 0x5000020041f0
step3 0x5000020041a0
[M::mem_process_seqs_merge2] Processed 140428 reads in 1.440 CPU sec, 1.443 real sec
step2 put 0x500002002a30
step2 get 0x500002004150
[M::process] read chunk (19660800 bytes/CG x 1 CGs, 13762560 bytes)...
step3 0x500002002a30
step1 0x5000020041a0
[M::mem_process_seqs_merge2] Processed 140428 reads in 1.940 CPU sec, 1.972 real sec
step2 put 0x500002004150
step2 get 0x5000020028f0
step3 0x500002004150
[M::mem_process_seqs_merge2] Processed 140428 reads in 2.110 CPU sec, 2.139 real sec
step2 put 0x5000020028f0
step2 get 0x500002004100
step3 0x5000020028f0
[M::mem_process_seqs_merge2] Processed 140428 reads in 7.900 CPU sec, 7.905 real sec
step2 put 0x500002004100
step2 get 0x5000020041f0
step3 0x500002004100
[M::mem_process_seqs_merge2] Processed 140428 reads in 1.600 CPU sec, 1.637 real sec
step2 put 0x5000020041f0
step2 get 0x5000020041a0
step3 0x5000020041f0
[M::mem_process_seqs_merge2] Processed 98304 reads in 1.380 CPU sec, 1.381 real sec
step2 put 0x5000020041a0
step3 0x5000020041a0

======================= SWBWA Timing Report =======================
  Accumulated wall-clock time; indented rows are included in
  their parent row and must not be added to it.

  Pipeline
    total - complete three-stage pipeline                    67.479 s
    stage 1 - allocate and read raw FASTQ blocks             18.818 s
    stage 2 - align reads and generate SAM records           65.747 s
    stage 3 - write SAM and release batch data               40.614 s
      SAM output writes                                        35.972 s
      batch cleanup and loop overhead (derived)                 4.641 s

  Stage 1 input details
    batches completed / stage calls                      30 / 31
    input-buffer and batch allocations                        0.000 s  (91 calls, max 0.000 s)
    aggregate requested allocation bytes           1167914944
    FASTQ fseeko calls                                        0.001 s  (60 calls, max 0.000 s)
    FASTQ fread calls                                        18.815 s  (60 calls, max 0.494 s)
    align chunk ends to FASTQ record boundaries               0.001 s  (58 calls, max 0.000 s)
    scheduler, checks and bookkeeping (derived)               0.002 s
    raw FASTQ bytes read                           1167851520  (1113.750 MiB)
    effective fread bandwidth                         59.194 MiB/s
    slowest allocation                                 0.000 s  (19661824 bytes)
    slowest fread                                      0.494 s  (R2 offset=412859464, bytes=19660800)

  Stage 2 worker details
    total - active merge worker                              65.744 s
      part 1 - prepare CPE task and reusable buffers            1.221 s
      part 2 - CPE FASTQ formatting and input release           0.395 s
      part 3 - CPE alignment and SAM length pass               63.375 s
      part 4 - assign slices in the shared SAM buffer           0.315 s
      part 5 - CPE SAM record generation                        0.438 s
      part 6 - release temporary worker data                    0.001 s

  Reserved allocator timers (no active timing sites)
    malloc timer                                              0.000 s
    free timer                                                0.000 s
===================================================================

[main] Version: 0.0.1
[main] CMD: ./SWBWA mem -v 3 -t 1 -o correctness_results/single_system/no1/SRR2496709_PE.sam -I 170,80,500,1 ../data/GRCh38.d1.vd1.fa ../data/SRR2496709_1.fastq_1 ../data/SRR2496709_2.fastq_1
