[M::main_mem] mean insert size: 170.000, stddev: 80.000, max: 500, min: 1
[CPE input] bytes_per_cg=19660800 cg_count=1 chunk_bytes=19660800 file_bytes=945555584
malloc bwt->bwt 3107576584, 0x500002429500
malloc bwt->sa 1553788264, 0x5000bb7c7020
[M::bwa_idx_load_from_disk] read 0 ALT contigs
malloc pac 776894131, 0x500118228940
the input file is ../data/SRR7963242_1.fastq_1
the input file is ../data/SRR7963242_2.fastq_1
the output file is correctness_results/single_system/no1/SRR7963242_PE.sam
[M::process] read chunk (19660800 bytes/CG x 1 CGs, 19660800 bytes)...
step1 0x5000020029e0
[M::process] read chunk (19660800 bytes/CG x 1 CGs, 19660800 bytes)...
step2 get 0x5000020029e0
step1 0x5000020028f0
[M::process] read chunk (19660800 bytes/CG x 1 CGs, 19660800 bytes)...
step1 0x500002002a30
[M::process] read chunk (19660800 bytes/CG x 1 CGs, 19660800 bytes)...
step1 0x500002004100
[M::process] read chunk (19660800 bytes/CG x 1 CGs, 19660800 bytes)...
step1 0x500002004150
[M::mem_process_seqs_merge2] Processed 105938 reads in 10.060 CPU sec, 10.111 real sec
step2 put 0x5000020029e0
step2 get 0x5000020028f0
[M::process] read chunk (19660800 bytes/CG x 1 CGs, 19660800 bytes)...
step3 0x5000020029e0
step1 0x5000020041a0
[M::mem_process_seqs_merge2] Processed 105574 reads in 7.910 CPU sec, 7.917 real sec
step2 put 0x5000020028f0
step2 get 0x500002002a30
step3 0x5000020028f0
[M::process] read chunk (19660800 bytes/CG x 1 CGs, 19660800 bytes)...
step1 0x5000020029e0
[M::mem_process_seqs_merge2] Processed 104574 reads in 8.350 CPU sec, 8.360 real sec
step2 put 0x500002002a30
step2 get 0x500002004100
step3 0x500002002a30
[M::process] read chunk (19660800 bytes/CG x 1 CGs, 19660800 bytes)...
step1 0x5000020028f0
[M::mem_process_seqs_merge2] Processed 104574 reads in 7.760 CPU sec, 7.766 real sec
step2 put 0x500002004100
step2 get 0x500002004150
step3 0x500002004100
[M::process] read chunk (19660800 bytes/CG x 1 CGs, 19660800 bytes)...
step1 0x500002002a30
[M::mem_process_seqs_merge2] Processed 104574 reads in 7.890 CPU sec, 7.914 real sec
step2 put 0x500002004150
step2 get 0x5000020041a0
step3 0x500002004150
[M::process] read chunk (19660800 bytes/CG x 1 CGs, 19660800 bytes)...
step1 0x500002004100
[M::mem_process_seqs_merge2] Processed 104574 reads in 7.690 CPU sec, 7.740 real sec
step2 put 0x5000020041a0
step2 get 0x5000020029e0
[M::process] read chunk (19660800 bytes/CG x 1 CGs, 19660800 bytes)...
step3 0x5000020041a0
step1 0x500002004150
[M::mem_process_seqs_merge2] Processed 104574 reads in 6.530 CPU sec, 6.535 real sec
step2 put 0x5000020029e0
step2 get 0x5000020028f0
[M::process] read chunk (19660800 bytes/CG x 1 CGs, 19660800 bytes)...
step3 0x5000020029e0
step1 0x5000020041a0
[M::mem_process_seqs_merge2] Processed 104574 reads in 6.950 CPU sec, 7.006 real sec
step2 put 0x5000020028f0
step2 get 0x500002002a30
step3 0x5000020028f0
[M::process] read chunk (19660800 bytes/CG x 1 CGs, 19660800 bytes)...
step1 0x5000020029e0
[M::mem_process_seqs_merge2] Processed 104574 reads in 6.570 CPU sec, 6.612 real sec
step2 put 0x500002002a30
step2 get 0x500002004100
step3 0x500002002a30
[M::process] read chunk (19660800 bytes/CG x 1 CGs, 19660800 bytes)...
step1 0x5000020028f0
[M::mem_process_seqs_merge2] Processed 104574 reads in 6.760 CPU sec, 6.788 real sec
step2 put 0x500002004100
step2 get 0x500002004150
step3 0x500002004100
[M::process] read chunk (19660800 bytes/CG x 1 CGs, 19660800 bytes)...
step1 0x500002002a30
[M::mem_process_seqs_merge2] Processed 104574 reads in 7.030 CPU sec, 7.047 real sec
step2 put 0x500002004150
step2 get 0x5000020041a0
[M::process] read chunk (19660800 bytes/CG x 1 CGs, 19660800 bytes)...
step3 0x500002004150
step1 0x500002004100
[M::mem_process_seqs_merge2] Processed 104574 reads in 6.880 CPU sec, 6.936 real sec
step2 put 0x5000020041a0
step2 get 0x5000020029e0
[M::process] read chunk (19660800 bytes/CG x 1 CGs, 19660800 bytes)...
step3 0x5000020041a0
step1 0x500002004150
[M::mem_process_seqs_merge2] Processed 104574 reads in 6.790 CPU sec, 6.790 real sec
step2 put 0x5000020029e0
step2 get 0x5000020028f0
step3 0x5000020029e0
[M::process] read chunk (19660800 bytes/CG x 1 CGs, 19660800 bytes)...
step1 0x5000020041a0
[M::mem_process_seqs_merge2] Processed 104574 reads in 6.980 CPU sec, 7.033 real sec
step2 put 0x5000020028f0
step2 get 0x500002002a30
[M::process] read chunk (19660800 bytes/CG x 1 CGs, 19660800 bytes)...
step3 0x5000020028f0
step1 0x5000020029e0
[M::mem_process_seqs_merge2] Processed 104574 reads in 6.900 CPU sec, 6.930 real sec
step2 put 0x500002002a30
step2 get 0x500002004100
step3 0x500002002a30
[M::process] read chunk (19660800 bytes/CG x 1 CGs, 19660800 bytes)...
step1 0x5000020028f0
[M::mem_process_seqs_merge2] Processed 104574 reads in 6.530 CPU sec, 6.547 real sec
step2 put 0x500002004100
step2 get 0x500002004150
[M::process] read chunk (19660800 bytes/CG x 1 CGs, 19660800 bytes)...
step3 0x500002004100
step1 0x500002002a30
[M::mem_process_seqs_merge2] Processed 104574 reads in 6.840 CPU sec, 6.899 real sec
step2 put 0x500002004150
step2 get 0x5000020041a0
[M::process] read chunk (19660800 bytes/CG x 1 CGs, 19660800 bytes)...
step3 0x500002004150
step1 0x500002004100
[M::mem_process_seqs_merge2] Processed 104574 reads in 6.910 CPU sec, 6.948 real sec
step2 put 0x5000020041a0
step2 get 0x5000020029e0
[M::process] read chunk (19660800 bytes/CG x 1 CGs, 19660800 bytes)...
step3 0x5000020041a0
step1 0x500002004150
[M::mem_process_seqs_merge2] Processed 104574 reads in 6.560 CPU sec, 6.557 real sec
step2 put 0x5000020029e0
step2 get 0x5000020028f0
[M::process] read chunk (19660800 bytes/CG x 1 CGs, 19660800 bytes)...
step3 0x5000020029e0
step1 0x5000020041a0
[M::mem_process_seqs_merge2] Processed 103586 reads in 6.640 CPU sec, 6.718 real sec
step2 put 0x5000020028f0
step2 get 0x500002002a30
[M::process] read chunk (19660800 bytes/CG x 1 CGs, 19660800 bytes)...
step3 0x5000020028f0
step1 0x5000020029e0
[M::mem_process_seqs_merge2] Processed 103474 reads in 6.670 CPU sec, 6.747 real sec
step2 put 0x500002002a30
step2 get 0x500002004100
step3 0x500002002a30
[M::process] read chunk (19660800 bytes/CG x 1 CGs, 19660800 bytes)...
step1 0x5000020028f0
[M::mem_process_seqs_merge2] Processed 103474 reads in 6.430 CPU sec, 6.424 real sec
step2 put 0x500002004100
step2 get 0x500002004150
[M::process] read chunk (19660800 bytes/CG x 1 CGs, 19660800 bytes)...
step3 0x500002004100
step1 0x500002002a30
[M::mem_process_seqs_merge2] Processed 103474 reads in 6.660 CPU sec, 6.684 real sec
step2 put 0x500002004150
step2 get 0x5000020041a0
[M::process] read chunk (19660800 bytes/CG x 1 CGs, 19660800 bytes)...
step3 0x500002004150
step1 0x500002004100
[M::mem_process_seqs_merge2] Processed 103474 reads in 6.740 CPU sec, 6.782 real sec
step2 put 0x5000020041a0
step2 get 0x5000020029e0
[M::process] read chunk (19660800 bytes/CG x 1 CGs, 19660800 bytes)...
step3 0x5000020041a0
step1 0x500002004150
[M::mem_process_seqs_merge2] Processed 103474 reads in 6.440 CPU sec, 6.438 real sec
step2 put 0x5000020029e0
step2 get 0x5000020028f0
step3 0x5000020029e0
[M::process] read chunk (19660800 bytes/CG x 1 CGs, 19660800 bytes)...
step1 0x5000020041a0
[M::mem_process_seqs_merge2] Processed 103474 reads in 6.590 CPU sec, 6.649 real sec
step2 put 0x5000020028f0
step2 get 0x500002002a30
step3 0x5000020028f0
[M::process] read chunk (19660800 bytes/CG x 1 CGs, 19660800 bytes)...
step1 0x5000020029e0
[M::mem_process_seqs_merge2] Processed 103474 reads in 6.640 CPU sec, 6.699 real sec
step2 put 0x500002002a30
step2 get 0x500002004100
step3 0x500002002a30
[M::process] read chunk (19660800 bytes/CG x 1 CGs, 19660800 bytes)...
step1 0x5000020028f0
[M::mem_process_seqs_merge2] Processed 103474 reads in 6.730 CPU sec, 6.729 real sec
step2 put 0x500002004100
step2 get 0x500002004150
step3 0x500002004100
[M::process] read chunk (19660800 bytes/CG x 1 CGs, 19660800 bytes)...
step1 0x500002002a30
[M::mem_process_seqs_merge2] Processed 103474 reads in 6.490 CPU sec, 6.567 real sec
step2 put 0x500002004150
step2 get 0x5000020041a0
[M::process] read chunk (19660800 bytes/CG x 1 CGs, 19660800 bytes)...
step3 0x500002004150
step1 0x500002004100
[M::mem_process_seqs_merge2] Processed 103474 reads in 6.530 CPU sec, 6.539 real sec
step2 put 0x5000020041a0
step2 get 0x5000020029e0
step3 0x5000020041a0
[M::process] read chunk (19660800 bytes/CG x 1 CGs, 19660800 bytes)...
step1 0x500002004150
[M::mem_process_seqs_merge2] Processed 103474 reads in 6.400 CPU sec, 6.462 real sec
step2 put 0x5000020029e0
step2 get 0x5000020028f0
step3 0x5000020029e0
[M::process] read chunk (19660800 bytes/CG x 1 CGs, 19660800 bytes)...
step1 0x5000020041a0
[M::mem_process_seqs_merge2] Processed 103474 reads in 7.040 CPU sec, 7.034 real sec
step2 put 0x5000020028f0
step2 get 0x500002002a30
[M::process] read chunk (19660800 bytes/CG x 1 CGs, 19660800 bytes)...
step3 0x5000020028f0
step1 0x5000020029e0
[M::mem_process_seqs_merge2] Processed 103474 reads in 6.330 CPU sec, 6.344 real sec
step2 put 0x500002002a30
step2 get 0x500002004100
step3 0x500002002a30
[M::process] read chunk (19660800 bytes/CG x 1 CGs, 19660800 bytes)...
step1 0x5000020028f0
[M::mem_process_seqs_merge2] Processed 103474 reads in 6.780 CPU sec, 6.849 real sec
step2 put 0x500002004100
step2 get 0x500002004150
[M::process] read chunk (19660800 bytes/CG x 1 CGs, 19660800 bytes)...
step3 0x500002004100
step1 0x500002002a30
[M::mem_process_seqs_merge2] Processed 103474 reads in 6.840 CPU sec, 6.886 real sec
step2 put 0x500002004150
step2 get 0x5000020041a0
[M::process] read chunk (19660800 bytes/CG x 1 CGs, 19660800 bytes)...
step3 0x500002004150
step1 0x500002004100
[M::mem_process_seqs_merge2] Processed 103474 reads in 6.430 CPU sec, 6.431 real sec
step2 put 0x5000020041a0
step2 get 0x5000020029e0
[M::process] read chunk (19660800 bytes/CG x 1 CGs, 19660800 bytes)...
step3 0x5000020041a0
step1 0x500002004150
[M::mem_process_seqs_merge2] Processed 103474 reads in 6.740 CPU sec, 6.781 real sec
step2 put 0x5000020029e0
step2 get 0x5000020028f0
[M::process] read chunk (19660800 bytes/CG x 1 CGs, 19660800 bytes)...
step3 0x5000020029e0
step1 0x5000020041a0
[M::mem_process_seqs_merge2] Processed 103474 reads in 6.750 CPU sec, 6.797 real sec
step2 put 0x5000020028f0
step2 get 0x500002002a30
[M::process] read chunk (19660800 bytes/CG x 1 CGs, 19660800 bytes)...
step3 0x5000020028f0
step1 0x5000020029e0
[M::mem_process_seqs_merge2] Processed 103474 reads in 6.860 CPU sec, 6.859 real sec
step2 put 0x500002002a30
step2 get 0x500002004100
step3 0x500002002a30
[M::process] read chunk (19660800 bytes/CG x 1 CGs, 19660800 bytes)...
step1 0x5000020028f0
[M::mem_process_seqs_merge2] Processed 103474 reads in 7.090 CPU sec, 7.182 real sec
step2 put 0x500002004100
step2 get 0x500002004150
[M::process] read chunk (19660800 bytes/CG x 1 CGs, 19660800 bytes)...
step3 0x500002004100
step1 0x500002002a30
[M::mem_process_seqs_merge2] Processed 103474 reads in 6.680 CPU sec, 6.722 real sec
step2 put 0x500002004150
step2 get 0x5000020041a0
[M::process] read chunk (19660800 bytes/CG x 1 CGs, 19660800 bytes)...
step3 0x500002004150
step1 0x500002004100
[M::mem_process_seqs_merge2] Processed 103474 reads in 6.790 CPU sec, 6.814 real sec
step2 put 0x5000020041a0
step2 get 0x5000020029e0
step3 0x5000020041a0
[M::process] read chunk (19660800 bytes/CG x 1 CGs, 19660800 bytes)...
step1 0x500002004150
[M::mem_process_seqs_merge2] Processed 103474 reads in 6.470 CPU sec, 6.508 real sec
step2 put 0x5000020029e0
step2 get 0x5000020028f0
[M::process] read chunk (19660800 bytes/CG x 1 CGs, 19660800 bytes)...
step3 0x5000020029e0
step1 0x5000020041a0
[M::mem_process_seqs_merge2] Processed 103474 reads in 6.980 CPU sec, 7.001 real sec
step2 put 0x5000020028f0
step2 get 0x500002002a30
[M::process] read chunk (19660800 bytes/CG x 1 CGs, 1875680 bytes)...
step3 0x5000020028f0
step1 0x5000020029e0
[M::mem_process_seqs_merge2] Processed 103474 reads in 6.350 CPU sec, 6.355 real sec
step2 put 0x500002002a30
step2 get 0x500002004100
step3 0x500002002a30
[M::mem_process_seqs_merge2] Processed 103474 reads in 6.490 CPU sec, 6.552 real sec
step2 put 0x500002004100
step2 get 0x500002004150
step3 0x500002004100
[M::mem_process_seqs_merge2] Processed 103474 reads in 6.780 CPU sec, 6.811 real sec
step2 put 0x500002004150
step2 get 0x5000020041a0
step3 0x500002004150
[M::mem_process_seqs_merge2] Processed 103474 reads in 6.550 CPU sec, 6.554 real sec
step2 put 0x5000020041a0
step2 get 0x5000020029e0
step3 0x5000020041a0
[M::mem_process_seqs_merge2] Processed 9872 reads in 0.960 CPU sec, 0.971 real sec
step2 put 0x5000020029e0
step3 0x5000020029e0

======================= SWBWA Timing Report =======================
  Accumulated wall-clock time; indented rows are included in
  their parent row and must not be added to it.

  Pipeline
    total - complete three-stage pipeline                   334.261 s
    stage 1 - allocate and read raw FASTQ blocks             28.781 s
    stage 2 - align reads and generate SAM records          333.329 s
    stage 3 - write SAM and release batch data               52.752 s
      SAM output writes                                        48.184 s
      batch cleanup and loop overhead (derived)                 4.568 s

  Stage 1 input details
    batches completed / stage calls                      49 / 50
    input-buffer and batch allocations                        0.000 s  (148 calls, max 0.000 s)
    aggregate requested allocation bytes           1891291712
    FASTQ fseeko calls                                        0.001 s  (98 calls, max 0.000 s)
    FASTQ fread calls                                        28.778 s  (98 calls, max 0.482 s)
    align chunk ends to FASTQ record boundaries               0.000 s  (96 calls, max 0.000 s)
    scheduler, checks and bookkeeping (derived)               0.002 s
    raw FASTQ bytes read                           1891188160  (1803.578 MiB)
    effective fread bandwidth                         62.673 MiB/s
    slowest allocation                                 0.000 s  (19661824 bytes)
    slowest fread                                      0.482 s  (R1 offset=157279308, bytes=19660800)

  Stage 2 worker details
    total - active merge worker                             333.325 s
      part 1 - prepare CPE task and reusable buffers            1.873 s
      part 2 - CPE FASTQ formatting and input release           0.702 s
      part 3 - CPE alignment and SAM length pass              329.811 s
      part 4 - assign slices in the shared SAM buffer           0.346 s
      part 5 - CPE SAM record generation                        0.592 s
      part 6 - release temporary worker data                    0.001 s

  Reserved allocator timers (no active timing sites)
    malloc timer                                              0.000 s
    free timer                                                0.000 s
===================================================================

[main] Version: 0.0.1
[main] CMD: ./SWBWA mem -v 3 -t 1 -o correctness_results/single_system/no1/SRR7963242_PE.sam -I 170,80,500,1 ../data/GRCh38.d1.vd1.fa ../data/SRR7963242_1.fastq_1 ../data/SRR7963242_2.fastq_1
