[M::main_mem] mean insert size: 170.000, stddev: 80.000, max: 500, min: 1
[CPE input] bytes_per_cg=19660800 cg_count=6 chunk_bytes=117964800 file_bytes=223555584
malloc bwt->bwt 3107576584, 0x580000486040
malloc bwt->sa 1553788264, 0x5800b9823b60
[M::bwa_idx_load_from_disk] read 0 ALT contigs
malloc pac 776894131, 0x580116285940
the input file is ../data/ERR1203383_1.fastq_1
the output file is correctness_results/cgs_cross_pool/has1/ERR1203383_SE.sam
[M::process] read chunk (19660800 bytes/CG x 6 CGs, 117964800 bytes)...
[M::mem_process_seqs_merge2] Processed 528609 reads in 0.630 CPU sec, 1.559 real sec
[M::process] read chunk (19660800 bytes/CG x 6 CGs, 105591588 bytes)...
[M::mem_process_seqs_merge2] Processed 471391 reads in 0.050 CPU sec, 0.842 real sec

======================= SWBWA Timing Report =======================
  Accumulated wall-clock time; indented rows are included in
  their parent row and must not be added to it.

  Pipeline
    total - complete three-stage pipeline                     8.351 s
    stage 1 - allocate and read raw FASTQ blocks              1.696 s
    stage 2 - align reads and generate SAM records            2.401 s
    stage 3 - write SAM and release batch data                3.742 s
      SAM output writes                                         3.385 s
      batch cleanup and loop overhead (derived)                 0.357 s

  Stage 1 input details
    batches completed / stage calls                       2 / 3
    input-buffer and batch allocations                        0.000 s  (5 calls, max 0.000 s)
    aggregate requested allocation bytes            223558628
    FASTQ fseeko calls                                        0.000 s  (2 calls, max 0.000 s)
    FASTQ fread calls                                         1.696 s  (2 calls, max 0.887 s)
    align chunk ends to FASTQ record boundaries               0.000 s  (1 calls, max 0.000 s)
    scheduler, checks and bookkeeping (derived)               0.000 s
    raw FASTQ bytes read                            223556388  (213.200 MiB)
    effective fread bandwidth                        125.722 MiB/s
    slowest allocation                                 0.000 s  (64 bytes)
    slowest fread                                      0.887 s  (R1 offset=0, bytes=117964800)

  Stage 2 worker details
    total - active merge worker                               2.400 s
      part 1 - prepare CPE task and reusable buffers            0.610 s
      part 2 - CPE FASTQ formatting and input release           0.020 s
      part 3 - CPE alignment and SAM length pass                1.670 s
      part 4 - assign slices in the shared SAM buffer           0.076 s
      part 5 - CPE SAM record generation                        0.024 s
      part 6 - release temporary worker data                    0.000 s

  Reserved allocator timers (no active timing sites)
    malloc timer                                              0.000 s
    free timer                                                0.000 s
===================================================================

[main] Version: 0.0.1
[main] CMD: ./SWBWA mem -v 3 -t 1 -1 -o correctness_results/cgs_cross_pool/has1/ERR1203383_SE.sam -I 170,80,500,1 ../data/GRCh38.d1.vd1.fa ../data/ERR1203383_1.fastq_1
