[M::main_mem] mean insert size: 170.000, stddev: 80.000, max: 500, min: 1
[CPE input] bytes_per_cg=19660800 cg_count=6 chunk_bytes=117964800 file_bytes=945555584
malloc bwt->bwt 3107576584, 0x580000486040
malloc bwt->sa 1553788264, 0x5800b9823b60
[M::bwa_idx_load_from_disk] read 0 ALT contigs
malloc pac 776894131, 0x580116285940
the input file is ../data/SRR7963242_1.fastq_1
the output file is correctness_results/cgs_cross_pool/has1/SRR7963242_SE.sam
[M::process] read chunk (19660800 bytes/CG x 6 CGs, 117964800 bytes)...
[M::mem_process_seqs_merge2] Processed 314916 reads in 0.610 CPU sec, 2.742 real sec
[M::process] read chunk (19660800 bytes/CG x 6 CGs, 117964800 bytes)...
[M::mem_process_seqs_merge2] Processed 313734 reads in 0.030 CPU sec, 1.738 real sec
[M::process] read chunk (19660800 bytes/CG x 6 CGs, 117964800 bytes)...
[M::mem_process_seqs_merge2] Processed 313734 reads in 0.040 CPU sec, 1.632 real sec
[M::process] read chunk (19660800 bytes/CG x 6 CGs, 117964800 bytes)...
[M::mem_process_seqs_merge2] Processed 311038 reads in 0.030 CPU sec, 1.625 real sec
[M::process] read chunk (19660800 bytes/CG x 6 CGs, 117964800 bytes)...
[M::mem_process_seqs_merge2] Processed 310431 reads in 0.030 CPU sec, 1.686 real sec
[M::process] read chunk (19660800 bytes/CG x 6 CGs, 117964800 bytes)...
[M::mem_process_seqs_merge2] Processed 310431 reads in 0.030 CPU sec, 1.675 real sec
[M::process] read chunk (19660800 bytes/CG x 6 CGs, 117964800 bytes)...
[M::mem_process_seqs_merge2] Processed 310431 reads in 0.040 CPU sec, 1.603 real sec
[M::process] read chunk (19660800 bytes/CG x 6 CGs, 117964800 bytes)...
[M::mem_process_seqs_merge2] Processed 310431 reads in 0.030 CPU sec, 1.610 real sec
[M::process] read chunk (19660800 bytes/CG x 6 CGs, 1844520 bytes)...
[M::mem_process_seqs_merge2] Processed 4854 reads in 0.020 CPU sec, 0.172 real sec

======================= SWBWA Timing Report =======================
  Accumulated wall-clock time; indented rows are included in
  their parent row and must not be added to it.

  Pipeline
    total - complete three-stage pipeline                    40.617 s
    stage 1 - allocate and read raw FASTQ blocks              9.189 s
    stage 2 - align reads and generate SAM records           14.483 s
    stage 3 - write SAM and release batch data               16.333 s
      SAM output writes                                        15.445 s
      batch cleanup and loop overhead (derived)                 0.888 s

  Stage 1 input details
    batches completed / stage calls                       9 / 10
    input-buffer and batch allocations                        0.000 s  (19 calls, max 0.000 s)
    aggregate requested allocation bytes            945572776
    FASTQ fseeko calls                                        0.000 s  (9 calls, max 0.000 s)
    FASTQ fread calls                                         9.188 s  (9 calls, max 1.315 s)
    align chunk ends to FASTQ record boundaries               0.000 s  (8 calls, max 0.000 s)
    scheduler, checks and bookkeeping (derived)               0.001 s
    raw FASTQ bytes read                            945562920  (901.759 MiB)
    effective fread bandwidth                         98.147 MiB/s
    slowest allocation                                 0.000 s  (64 bytes)
    slowest fread                                      1.315 s  (R1 offset=0, bytes=117964800)

  Stage 2 worker details
    total - active merge worker                              14.482 s
      part 1 - prepare CPE task and reusable buffers            0.704 s
      part 2 - CPE FASTQ formatting and input release           0.098 s
      part 3 - CPE alignment and SAM length pass               13.350 s
      part 4 - assign slices in the shared SAM buffer           0.191 s
      part 5 - CPE SAM record generation                        0.139 s
      part 6 - release temporary worker data                    0.000 s

  Reserved allocator timers (no active timing sites)
    malloc timer                                              0.000 s
    free timer                                                0.000 s
===================================================================

[main] Version: 0.0.1
[main] CMD: ./SWBWA mem -v 3 -t 1 -1 -o correctness_results/cgs_cross_pool/has1/SRR7963242_SE.sam -I 170,80,500,1 ../data/GRCh38.d1.vd1.fa ../data/SRR7963242_1.fastq_1
