[M::main_mem] mean insert size: 170.000, stddev: 80.000, max: 500, min: 1
[CPE input] bytes_per_cg=19660800 cg_count=1 chunk_bytes=19660800 file_bytes=583901384
malloc bwt->bwt 3107576584, 0x500002429500
malloc bwt->sa 1553788264, 0x5000bb7c7020
[M::bwa_idx_load_from_disk] read 0 ALT contigs
malloc pac 776894131, 0x500118228940
the input file is ../data/SRR2496709_1.fastq_1
the output file is ./default_single/no1/SRR2496709_SE.sam
[M::process] read chunk (19660800 bytes/CG x 1 CGs, 19660800 bytes)...
step1 0x5000020029e0
[M::process] read chunk (19660800 bytes/CG x 1 CGs, 19660800 bytes)...
step2 get 0x5000020029e0
step1 0x5000020028f0
[M::process] read chunk (19660800 bytes/CG x 1 CGs, 19660800 bytes)...
step1 0x500002002a30
[M::process] read chunk (19660800 bytes/CG x 1 CGs, 19660800 bytes)...
step1 0x500002003e80
[M::process] read chunk (19660800 bytes/CG x 1 CGs, 19660800 bytes)...
step1 0x500002003ed0
[M::mem_process_seqs_merge2] CPE FASTQ formatting done
slave pre done
now n is 72442
processed 72442
[M::mem_process_seqs_merge2] Processed 72442 reads in 1.480 CPU sec, 1.504 real sec
step2 put 0x5000020029e0
step2 get 0x5000020028f0
step3 0x5000020029e0
[M::process] read chunk (19660800 bytes/CG x 1 CGs, 19660800 bytes)...
[M::mem_process_seqs_merge2] CPE FASTQ formatting done
step1 0x500002003f20
slave pre done
now n is 71631
processed 71631
[M::mem_process_seqs_merge2] Processed 71631 reads in 0.580 CPU sec, 0.599 real sec
step2 put 0x5000020028f0
step2 get 0x500002002a30
[M::process] read chunk (19660800 bytes/CG x 1 CGs, 19660800 bytes)...
step3 0x5000020028f0
[M::mem_process_seqs_merge2] CPE FASTQ formatting done
step1 0x5000020029e0
slave pre done
now n is 71232
processed 71232
[M::mem_process_seqs_merge2] Processed 71232 reads in 0.640 CPU sec, 0.652 real sec
step2 put 0x500002002a30
step2 get 0x500002003e80
step3 0x500002002a30
[M::process] read chunk (19660800 bytes/CG x 1 CGs, 19660800 bytes)...
[M::mem_process_seqs_merge2] CPE FASTQ formatting done
step1 0x5000020028f0
slave pre done
now n is 71232
processed 71232
[M::mem_process_seqs_merge2] Processed 71232 reads in 0.700 CPU sec, 0.704 real sec
step2 put 0x500002003e80
step2 get 0x500002003ed0
step3 0x500002003e80
[M::process] read chunk (19660800 bytes/CG x 1 CGs, 19660800 bytes)...
[M::mem_process_seqs_merge2] CPE FASTQ formatting done
step1 0x500002002a30
slave pre done
now n is 71232
processed 71232
[M::mem_process_seqs_merge2] Processed 71232 reads in 0.810 CPU sec, 0.804 real sec
step2 put 0x500002003ed0
step2 get 0x500002003f20
[M::process] read chunk (19660800 bytes/CG x 1 CGs, 19660800 bytes)...
[M::mem_process_seqs_merge2] CPE FASTQ formatting done
step1 0x500002003f70
step3 0x500002003ed0
slave pre done
now n is 71232
processed 71232
[M::mem_process_seqs_merge2] Processed 71232 reads in 0.790 CPU sec, 0.795 real sec
step2 put 0x500002003f20
step2 get 0x5000020029e0
step3 0x500002003f20
[M::process] read chunk (19660800 bytes/CG x 1 CGs, 19660800 bytes)...
[M::mem_process_seqs_merge2] CPE FASTQ formatting done
step1 0x500002003ed0
slave pre done
now n is 71232
processed 71232
[M::mem_process_seqs_merge2] Processed 71232 reads in 0.840 CPU sec, 0.842 real sec
step2 put 0x5000020029e0
step2 get 0x5000020028f0
[M::process] read chunk (19660800 bytes/CG x 1 CGs, 19660800 bytes)...
[M::mem_process_seqs_merge2] CPE FASTQ formatting done
step1 0x500002003e80
slave pre done
now n is 71232
processed 71232
[M::mem_process_seqs_merge2] Processed 71232 reads in 0.770 CPU sec, 0.762 real sec
step2 put 0x5000020028f0
step2 get 0x500002002a30
[M::process] read chunk (19660800 bytes/CG x 1 CGs, 19660800 bytes)...
[M::mem_process_seqs_merge2] CPE FASTQ formatting done
step1 0x500002003fc0
step3 0x5000020029e0
step3 0x5000020028f0
slave pre done
now n is 71232
processed 71232
[M::mem_process_seqs_merge2] Processed 71232 reads in 0.620 CPU sec, 0.633 real sec
step2 put 0x500002002a30
step2 get 0x500002003f70
[M::process] read chunk (19660800 bytes/CG x 1 CGs, 19660800 bytes)...
step3 0x500002002a30
[M::mem_process_seqs_merge2] CPE FASTQ formatting done
step1 0x5000020029e0
slave pre done
now n is 71232
processed 71232
[M::mem_process_seqs_merge2] Processed 71232 reads in 0.680 CPU sec, 0.688 real sec
step2 put 0x500002003f70
step2 get 0x500002003ed0
[M::process] read chunk (19660800 bytes/CG x 1 CGs, 19660800 bytes)...
[M::mem_process_seqs_merge2] CPE FASTQ formatting done
step1 0x5000020028f0
slave pre done
now n is 71232
processed 71232
[M::mem_process_seqs_merge2] Processed 71232 reads in 0.600 CPU sec, 0.611 real sec
step2 put 0x500002003ed0
step2 get 0x500002003e80
[M::process] read chunk (19660800 bytes/CG x 1 CGs, 19660800 bytes)...
[M::mem_process_seqs_merge2] CPE FASTQ formatting done
step1 0x500002003f20
slave pre done
now n is 71232
processed 71232
[M::mem_process_seqs_merge2] Processed 71232 reads in 0.650 CPU sec, 0.648 real sec
step2 put 0x500002003e80
step2 get 0x500002003fc0
[M::process] read chunk (19660800 bytes/CG x 1 CGs, 19660800 bytes)...
[M::mem_process_seqs_merge2] CPE FASTQ formatting done
step3 0x500002003f70
step3 0x500002003ed0
step1 0x500002004010
step3 0x500002003e80
slave pre done
now n is 71232
processed 71232
[M::mem_process_seqs_merge2] Processed 71232 reads in 0.720 CPU sec, 0.717 real sec
step2 put 0x500002003fc0
step2 get 0x5000020029e0
[M::process] read chunk (19660800 bytes/CG x 1 CGs, 19660800 bytes)...
step3 0x500002003fc0
[M::mem_process_seqs_merge2] CPE FASTQ formatting done
step1 0x500002003ed0
slave pre done
now n is 71232
processed 71232
[M::mem_process_seqs_merge2] Processed 71232 reads in 0.820 CPU sec, 0.825 real sec
step2 put 0x5000020029e0
step2 get 0x5000020028f0
[M::process] read chunk (19660800 bytes/CG x 1 CGs, 19660800 bytes)...
[M::mem_process_seqs_merge2] CPE FASTQ formatting done
step1 0x500002003e80
slave pre done
now n is 70230
processed 70230
[M::mem_process_seqs_merge2] Processed 70230 reads in 0.560 CPU sec, 0.561 real sec
step2 put 0x5000020028f0
step2 get 0x500002003f20
[M::process] read chunk (19660800 bytes/CG x 1 CGs, 19660800 bytes)...
[M::mem_process_seqs_merge2] CPE FASTQ formatting done
step1 0x500002003f70
step3 0x5000020029e0
step3 0x5000020028f0
slave pre done
now n is 70214
processed 70214
[M::mem_process_seqs_merge2] Processed 70214 reads in 1.670 CPU sec, 1.662 real sec
step2 put 0x500002003f20
step2 get 0x500002004010
[M::process] read chunk (19660800 bytes/CG x 1 CGs, 19660800 bytes)...
step3 0x500002003f20
[M::mem_process_seqs_merge2] CPE FASTQ formatting done
step1 0x5000020028f0
slave pre done
now n is 70214
processed 70214
[M::mem_process_seqs_merge2] Processed 70214 reads in 0.850 CPU sec, 0.851 real sec
step2 put 0x500002004010
step2 get 0x500002003ed0
[M::process] read chunk (19660800 bytes/CG x 1 CGs, 19660800 bytes)...
[M::mem_process_seqs_merge2] CPE FASTQ formatting done
step1 0x5000020029e0
slave pre done
now n is 70214
processed 70214
[M::mem_process_seqs_merge2] Processed 70214 reads in 0.660 CPU sec, 0.668 real sec
step2 put 0x500002003ed0
step2 get 0x500002003e80
[M::process] read chunk (19660800 bytes/CG x 1 CGs, 19660800 bytes)...
[M::mem_process_seqs_merge2] CPE FASTQ formatting done
step1 0x500002003fc0
step3 0x500002004010
step3 0x500002003ed0
slave pre done
now n is 70214
processed 70214
[M::mem_process_seqs_merge2] Processed 70214 reads in 0.750 CPU sec, 0.749 real sec
step2 put 0x500002003e80
step2 get 0x500002003f70
[M::process] read chunk (19660800 bytes/CG x 1 CGs, 19660800 bytes)...
[M::mem_process_seqs_merge2] CPE FASTQ formatting done
step3 0x500002003e80
step1 0x500002004010
slave pre done
now n is 70214
processed 70214
[M::mem_process_seqs_merge2] Processed 70214 reads in 0.780 CPU sec, 0.774 real sec
step2 put 0x500002003f70
step2 get 0x5000020028f0
[M::process] read chunk (19660800 bytes/CG x 1 CGs, 19660800 bytes)...
[M::mem_process_seqs_merge2] CPE FASTQ formatting done
step1 0x500002003ed0
slave pre done
now n is 70214
processed 70214
[M::mem_process_seqs_merge2] Processed 70214 reads in 0.740 CPU sec, 0.760 real sec
step2 put 0x5000020028f0
step2 get 0x5000020029e0
[M::process] read chunk (19660800 bytes/CG x 1 CGs, 19660800 bytes)...
[M::mem_process_seqs_merge2] CPE FASTQ formatting done
step1 0x500002003f20
step3 0x500002003f70
step3 0x5000020028f0
slave pre done
now n is 70214
processed 70214
[M::mem_process_seqs_merge2] Processed 70214 reads in 0.770 CPU sec, 0.770 real sec
step2 put 0x5000020029e0
step2 get 0x500002003fc0
step3 0x5000020029e0
[M::process] read chunk (19660800 bytes/CG x 1 CGs, 19660800 bytes)...
[M::mem_process_seqs_merge2] CPE FASTQ formatting done
step1 0x5000020028f0
slave pre done
now n is 70214
processed 70214
[M::mem_process_seqs_merge2] Processed 70214 reads in 0.670 CPU sec, 0.673 real sec
step2 put 0x500002003fc0
step2 get 0x500002004010
[M::process] read chunk (19660800 bytes/CG x 1 CGs, 19660800 bytes)...
[M::mem_process_seqs_merge2] CPE FASTQ formatting done
step1 0x500002003f70
slave pre done
now n is 70214
processed 70214
[M::mem_process_seqs_merge2] Processed 70214 reads in 0.640 CPU sec, 0.655 real sec
step2 put 0x500002004010
step2 get 0x500002003ed0
[M::process] read chunk (19660800 bytes/CG x 1 CGs, 19660800 bytes)...
[M::mem_process_seqs_merge2] CPE FASTQ formatting done
step1 0x500002003e80
slave pre done
now n is 70214
processed 70214
[M::mem_process_seqs_merge2] Processed 70214 reads in 0.660 CPU sec, 0.651 real sec
step2 put 0x500002003ed0
step2 get 0x500002003f20
step3 0x500002003fc0
[M::process] read chunk (19660800 bytes/CG x 1 CGs, 13762560 bytes)...
[M::mem_process_seqs_merge2] CPE FASTQ formatting done
step1 0x500002002a30
step3 0x500002004010
step3 0x500002003ed0
slave pre done
now n is 70214
processed 70214
[M::mem_process_seqs_merge2] Processed 70214 reads in 0.780 CPU sec, 0.783 real sec
step2 put 0x500002003f20
step2 get 0x5000020028f0
step3 0x500002003f20
[M::mem_process_seqs_merge2] CPE FASTQ formatting done
slave pre done
now n is 70214
processed 70214
[M::mem_process_seqs_merge2] Processed 70214 reads in 0.780 CPU sec, 0.784 real sec
step2 put 0x5000020028f0
step2 get 0x500002003f70
[M::mem_process_seqs_merge2] CPE FASTQ formatting done
step3 0x5000020028f0
slave pre done
now n is 70214
processed 70214
[M::mem_process_seqs_merge2] Processed 70214 reads in 1.990 CPU sec, 1.985 real sec
step2 put 0x500002003f70
step2 get 0x500002003e80
step3 0x500002003f70
[M::mem_process_seqs_merge2] CPE FASTQ formatting done
slave pre done
now n is 70214
processed 70214
[M::mem_process_seqs_merge2] Processed 70214 reads in 0.700 CPU sec, 0.702 real sec
step2 put 0x500002003e80
step2 get 0x500002002a30
step3 0x500002003e80
[M::mem_process_seqs_merge2] CPE FASTQ formatting done
slave pre done
now n is 49152
processed 49152
[M::mem_process_seqs_merge2] Processed 49152 reads in 0.540 CPU sec, 0.536 real sec
step2 put 0x500002002a30
step3 0x500002002a30

====================== SWBWA Output Debug =====================
  MPI rank: 000000 / 000001
  mode:     non-MPI POSIX
  path:     ./default_single/no1/SRR2496709_SE.sam

  Output volume
    output buffer capacity                           67108864
    swbwa_output_write calls                         2101235
    submitted SAM bytes                            631634883
    buffered flushes                                      10
    buffered flush bytes                           631634883
    direct oversized writes                                0
    direct oversized bytes                                 0

  Buffering
    buffered flush total                        14.208991 s  (10 calls, 1420899.148 us/call)

  POSIX file writes
    write system calls                                     10
    write system-call bytes                         631634883
    POSIX write system calls                    14.208953 s  (10 calls, 1420895.323 us/call)
    POSIX write effective bandwidth                42.394 MiB/s

  Output close timing
    POSIX close                                  0.000321 s  (1 calls,   320.851 us/call)
================================================================


======================= SWBWA Timing Report =======================
  Accumulated wall-clock time; indented rows are included in
  their parent row and must not be added to it.

  Pipeline
    total - complete three-stage pipeline                    25.634 s
    stage 1 - allocate and read raw FASTQ blocks              8.624 s
    stage 2 - align reads and generate SAM records           24.352 s
    stage 3 - write SAM and release batch data               19.726 s
      SAM output writes                                        17.329 s
      batch cleanup and loop overhead (derived)                 2.397 s

  Stage 1 input details
    batches completed / stage calls                      30 / 31
    input-buffer and batch allocations                        0.000 s  (61 calls, max 0.000 s)
    aggregate requested allocation bytes            583958464
    FASTQ fseeko calls                                        0.000 s  (30 calls, max 0.000 s)
    FASTQ fread calls                                         8.622 s  (30 calls, max 0.410 s)
    align chunk ends to FASTQ record boundaries               0.000 s  (29 calls, max 0.000 s)
    scheduler, checks and bookkeeping (derived)               0.001 s
    raw FASTQ bytes read                            583925760  (556.875 MiB)
    effective fread bandwidth                         64.587 MiB/s
    slowest allocation                                 0.000 s  (64 bytes)
    slowest fread                                      0.410 s  (R1 offset=353879704, bytes=19660800)

  Stage 2 worker details
    total - active merge worker                              24.348 s
      part 1 - prepare CPE task and reusable buffers            1.491 s
      part 2 - CPE FASTQ formatting and input release           0.256 s
      part 3 - CPE alignment and SAM length pass               22.126 s
      part 4 - assign slices in the shared SAM buffer           0.193 s
      part 5 - CPE SAM record generation                        0.279 s
      part 6 - release temporary worker data                    0.001 s

  Reserved allocator timers (no active timing sites)
    malloc timer                                              0.000 s
    free timer                                                0.000 s
===================================================================

[main] Version: 0.0.1
[main] CMD: ./SWBWA mem -v 4 -t 1 -o ./default_single/no1/SRR2496709_SE.sam -I 170,80,500,1 ../data/GRCh38.d1.vd1.fa ../data/SRR2496709_1.fastq_1
