[M::main_mem] mean insert size: 170.000, stddev: 80.000, max: 500, min: 1
[CPE input] bytes_per_cg=19660800 cg_count=1 chunk_bytes=19660800 file_bytes=583901384
malloc bwt->bwt 3107576584, 0x500002429500
malloc bwt->sa 1553788264, 0x5000bb7c7020
[M::bwa_idx_load_from_disk] read 0 ALT contigs
malloc pac 776894131, 0x500118228940
the input file is ../data/SRR2496709_1.fastq_1
the input file is ../data/SRR2496709_2.fastq_1
the output file is ./default_single/no1/SRR2496709_PE.sam
[M::process] read chunk (19660800 bytes/CG x 1 CGs, 19660800 bytes)...
step1 0x5000020029e0
[M::process] read chunk (19660800 bytes/CG x 1 CGs, 19660800 bytes)...
step2 get 0x5000020029e0
step1 0x5000020028f0
[M::process] read chunk (19660800 bytes/CG x 1 CGs, 19660800 bytes)...
[M::mem_process_seqs_merge2] CPE FASTQ formatting done
step1 0x500002002a30
[M::process] read chunk (19660800 bytes/CG x 1 CGs, 19660800 bytes)...
step1 0x500002004100
[M::process] read chunk (19660800 bytes/CG x 1 CGs, 19660800 bytes)...
step1 0x500002004150
slave pre done
now n is 144884
processed 144884
[M::mem_process_seqs_merge2] Processed 144884 reads in 2.480 CPU sec, 2.490 real sec
step2 put 0x5000020029e0
step2 get 0x5000020028f0
[M::process] read chunk (19660800 bytes/CG x 1 CGs, 19660800 bytes)...
step3 0x5000020029e0
[M::mem_process_seqs_merge2] CPE FASTQ formatting done
step1 0x5000020041a0
slave pre done
now n is 143262
processed 143262
[M::mem_process_seqs_merge2] Processed 143262 reads in 1.410 CPU sec, 1.418 real sec
step2 put 0x5000020028f0
step2 get 0x500002002a30
step3 0x5000020028f0
[M::process] read chunk (19660800 bytes/CG x 1 CGs, 19660800 bytes)...
[M::mem_process_seqs_merge2] CPE FASTQ formatting done
step1 0x5000020029e0
slave pre done
now n is 142464
processed 142464
[M::mem_process_seqs_merge2] Processed 142464 reads in 1.400 CPU sec, 1.442 real sec
step2 put 0x500002002a30
step2 get 0x500002004100
[M::process] read chunk (19660800 bytes/CG x 1 CGs, 19660800 bytes)...
[M::mem_process_seqs_merge2] CPE FASTQ formatting done
step3 0x500002002a30
step1 0x5000020041f0
slave pre done
now n is 142464
processed 142464
[M::mem_process_seqs_merge2] Processed 142464 reads in 1.630 CPU sec, 1.644 real sec
step2 put 0x500002004100
step2 get 0x500002004150
[M::process] read chunk (19660800 bytes/CG x 1 CGs, 19660800 bytes)...
[M::mem_process_seqs_merge2] CPE FASTQ formatting done
step1 0x5000020028f0
step3 0x500002004100
slave pre done
now n is 142464
processed 142464
[M::mem_process_seqs_merge2] Processed 142464 reads in 1.870 CPU sec, 1.913 real sec
step2 put 0x500002004150
step2 get 0x5000020041a0
[M::process] read chunk (19660800 bytes/CG x 1 CGs, 19660800 bytes)...
step3 0x500002004150
[M::mem_process_seqs_merge2] CPE FASTQ formatting done
step1 0x500002004100
slave pre done
now n is 142464
processed 142464
[M::mem_process_seqs_merge2] Processed 142464 reads in 1.950 CPU sec, 1.962 real sec
step2 put 0x5000020041a0
step2 get 0x5000020029e0
step3 0x5000020041a0
[M::process] read chunk (19660800 bytes/CG x 1 CGs, 19660800 bytes)...
[M::mem_process_seqs_merge2] CPE FASTQ formatting done
step1 0x500002004150
slave pre done
now n is 142464
processed 142464
[M::mem_process_seqs_merge2] Processed 142464 reads in 1.950 CPU sec, 1.973 real sec
step2 put 0x5000020029e0
step2 get 0x5000020041f0
step3 0x5000020029e0
[M::process] read chunk (19660800 bytes/CG x 1 CGs, 19660800 bytes)...
[M::mem_process_seqs_merge2] CPE FASTQ formatting done
step1 0x5000020041a0
slave pre done
now n is 142464
processed 142464
[M::mem_process_seqs_merge2] Processed 142464 reads in 1.860 CPU sec, 1.862 real sec
step2 put 0x5000020041f0
step2 get 0x5000020028f0
[M::process] read chunk (19660800 bytes/CG x 1 CGs, 19660800 bytes)...
[M::mem_process_seqs_merge2] CPE FASTQ formatting done
step3 0x5000020041f0
step1 0x500002002a30
slave pre done
now n is 142464
processed 142464
[M::mem_process_seqs_merge2] Processed 142464 reads in 1.460 CPU sec, 1.464 real sec
step2 put 0x5000020028f0
step2 get 0x500002004100
[M::process] read chunk (19660800 bytes/CG x 1 CGs, 19660800 bytes)...
[M::mem_process_seqs_merge2] CPE FASTQ formatting done
step1 0x5000020029e0
step3 0x5000020028f0
slave pre done
now n is 142464
processed 142464
[M::mem_process_seqs_merge2] Processed 142464 reads in 1.490 CPU sec, 1.518 real sec
step2 put 0x500002004100
step2 get 0x500002004150
[M::process] read chunk (19660800 bytes/CG x 1 CGs, 19660800 bytes)...
step3 0x500002004100
[M::mem_process_seqs_merge2] CPE FASTQ formatting done
step1 0x5000020028f0
slave pre done
now n is 142464
processed 142464
[M::mem_process_seqs_merge2] Processed 142464 reads in 1.390 CPU sec, 1.398 real sec
step2 put 0x500002004150
step2 get 0x5000020041a0
[M::process] read chunk (19660800 bytes/CG x 1 CGs, 19660800 bytes)...
[M::mem_process_seqs_merge2] CPE FASTQ formatting done
step1 0x5000020041f0
step3 0x500002004150
slave pre done
now n is 142464
processed 142464
[M::mem_process_seqs_merge2] Processed 142464 reads in 1.620 CPU sec, 1.628 real sec
step2 put 0x5000020041a0
step2 get 0x500002002a30
[M::process] read chunk (19660800 bytes/CG x 1 CGs, 19660800 bytes)...
[M::mem_process_seqs_merge2] CPE FASTQ formatting done
step1 0x500002004100
step3 0x5000020041a0
slave pre done
now n is 142464
processed 142464
[M::mem_process_seqs_merge2] Processed 142464 reads in 1.760 CPU sec, 1.806 real sec
step2 put 0x500002002a30
step2 get 0x5000020029e0
step3 0x500002002a30
[M::process] read chunk (19660800 bytes/CG x 1 CGs, 19660800 bytes)...
[M::mem_process_seqs_merge2] CPE FASTQ formatting done
step1 0x5000020041a0
slave pre done
now n is 142464
processed 142464
[M::mem_process_seqs_merge2] Processed 142464 reads in 2.240 CPU sec, 2.253 real sec
step2 put 0x5000020029e0
step2 get 0x5000020028f0
[M::process] read chunk (19660800 bytes/CG x 1 CGs, 19660800 bytes)...
step3 0x5000020029e0
[M::mem_process_seqs_merge2] CPE FASTQ formatting done
step1 0x500002002a30
slave pre done
now n is 140460
processed 140460
[M::mem_process_seqs_merge2] Processed 140460 reads in 1.280 CPU sec, 1.283 real sec
step2 put 0x5000020028f0
step2 get 0x5000020041f0
[M::process] read chunk (19660800 bytes/CG x 1 CGs, 19660800 bytes)...
[M::mem_process_seqs_merge2] CPE FASTQ formatting done
step1 0x500002004150
step3 0x5000020028f0
slave pre done
now n is 140428
processed 140428
[M::mem_process_seqs_merge2] Processed 140428 reads in 8.140 CPU sec, 8.174 real sec
step2 put 0x5000020041f0
step2 get 0x500002004100
step3 0x5000020041f0
[M::process] read chunk (19660800 bytes/CG x 1 CGs, 19660800 bytes)...
[M::mem_process_seqs_merge2] CPE FASTQ formatting done
step1 0x5000020028f0
slave pre done
now n is 140428
processed 140428
[M::mem_process_seqs_merge2] Processed 140428 reads in 2.260 CPU sec, 2.280 real sec
step2 put 0x500002004100
step2 get 0x5000020041a0
[M::process] read chunk (19660800 bytes/CG x 1 CGs, 19660800 bytes)...
step3 0x500002004100
[M::mem_process_seqs_merge2] CPE FASTQ formatting done
step1 0x5000020041f0
slave pre done
now n is 140428
processed 140428
[M::mem_process_seqs_merge2] Processed 140428 reads in 1.570 CPU sec, 1.597 real sec
step2 put 0x5000020041a0
step2 get 0x500002002a30
[M::process] read chunk (19660800 bytes/CG x 1 CGs, 19660800 bytes)...
[M::mem_process_seqs_merge2] CPE FASTQ formatting done
step1 0x5000020029e0
step3 0x5000020041a0
slave pre done
now n is 140428
processed 140428
[M::mem_process_seqs_merge2] Processed 140428 reads in 1.860 CPU sec, 1.875 real sec
step2 put 0x500002002a30
step2 get 0x500002004150
[M::process] read chunk (19660800 bytes/CG x 1 CGs, 19660800 bytes)...
step3 0x500002002a30
[M::mem_process_seqs_merge2] CPE FASTQ formatting done
step1 0x5000020041a0
slave pre done
now n is 140428
processed 140428
[M::mem_process_seqs_merge2] Processed 140428 reads in 1.870 CPU sec, 1.925 real sec
step2 put 0x500002004150
step2 get 0x5000020028f0
[M::process] read chunk (19660800 bytes/CG x 1 CGs, 19660800 bytes)...
step3 0x500002004150
[M::mem_process_seqs_merge2] CPE FASTQ formatting done
step1 0x500002002a30
slave pre done
now n is 140428
processed 140428
[M::mem_process_seqs_merge2] Processed 140428 reads in 2.030 CPU sec, 2.041 real sec
step2 put 0x5000020028f0
step2 get 0x5000020041f0
step3 0x5000020028f0
[M::process] read chunk (19660800 bytes/CG x 1 CGs, 19660800 bytes)...
[M::mem_process_seqs_merge2] CPE FASTQ formatting done
step1 0x500002004150
slave pre done
now n is 140428
processed 140428
[M::mem_process_seqs_merge2] Processed 140428 reads in 2.230 CPU sec, 2.233 real sec
step2 put 0x5000020041f0
step2 get 0x5000020029e0
step3 0x5000020041f0
[M::process] read chunk (19660800 bytes/CG x 1 CGs, 19660800 bytes)...
[M::mem_process_seqs_merge2] CPE FASTQ formatting done
step1 0x5000020028f0
slave pre done
now n is 140428
processed 140428
[M::mem_process_seqs_merge2] Processed 140428 reads in 1.720 CPU sec, 1.715 real sec
step2 put 0x5000020029e0
step2 get 0x5000020041a0
[M::process] read chunk (19660800 bytes/CG x 1 CGs, 19660800 bytes)...
[M::mem_process_seqs_merge2] CPE FASTQ formatting done
step3 0x5000020029e0
step1 0x500002004100
slave pre done
now n is 140428
processed 140428
[M::mem_process_seqs_merge2] Processed 140428 reads in 1.450 CPU sec, 1.450 real sec
step2 put 0x5000020041a0
step2 get 0x500002002a30
[M::process] read chunk (19660800 bytes/CG x 1 CGs, 19660800 bytes)...
[M::mem_process_seqs_merge2] CPE FASTQ formatting done
step1 0x5000020041f0
step3 0x5000020041a0
slave pre done
now n is 140428
processed 140428
[M::mem_process_seqs_merge2] Processed 140428 reads in 1.460 CPU sec, 1.462 real sec
step2 put 0x500002002a30
step2 get 0x500002004150
[M::process] read chunk (19660800 bytes/CG x 1 CGs, 13762560 bytes)...
step3 0x500002002a30
[M::mem_process_seqs_merge2] CPE FASTQ formatting done
step1 0x5000020041a0
slave pre done
now n is 140428
processed 140428
[M::mem_process_seqs_merge2] Processed 140428 reads in 1.940 CPU sec, 1.955 real sec
step2 put 0x500002004150
step2 get 0x5000020028f0
step3 0x500002004150
[M::mem_process_seqs_merge2] CPE FASTQ formatting done
slave pre done
now n is 140428
processed 140428
[M::mem_process_seqs_merge2] Processed 140428 reads in 2.120 CPU sec, 2.122 real sec
step2 put 0x5000020028f0
step2 get 0x500002004100
step3 0x5000020028f0
[M::mem_process_seqs_merge2] CPE FASTQ formatting done
slave pre done
now n is 140428
processed 140428
[M::mem_process_seqs_merge2] Processed 140428 reads in 7.920 CPU sec, 7.916 real sec
step2 put 0x500002004100
step2 get 0x5000020041f0
step3 0x500002004100
[M::mem_process_seqs_merge2] CPE FASTQ formatting done
slave pre done
now n is 140428
processed 140428
[M::mem_process_seqs_merge2] Processed 140428 reads in 1.630 CPU sec, 1.638 real sec
step2 put 0x5000020041f0
step2 get 0x5000020041a0
[M::mem_process_seqs_merge2] CPE FASTQ formatting done
step3 0x5000020041f0
slave pre done
now n is 98304
processed 98304
[M::mem_process_seqs_merge2] Processed 98304 reads in 1.360 CPU sec, 1.373 real sec
step2 put 0x5000020041a0
step3 0x5000020041a0

====================== SWBWA Output Debug =====================
  MPI rank: 000000 / 000001
  mode:     non-MPI POSIX
  path:     ./default_single/no1/SRR2496709_PE.sam

  Output volume
    output buffer capacity                           67108864
    swbwa_output_write calls                         4202470
    submitted SAM bytes                           1387155476
    buffered flushes                                      21
    buffered flush bytes                          1387155476
    direct oversized writes                                0
    direct oversized bytes                                 0

  Buffering
    buffered flush total                        30.063352 s  (21 calls, 1431588.198 us/call)

  POSIX file writes
    write system calls                                     21
    write system-call bytes                        1387155476
    POSIX write system calls                    30.063262 s  (21 calls, 1431583.881 us/call)
    POSIX write effective bandwidth                44.004 MiB/s

  Output close timing
    POSIX close                                  0.000317 s  (1 calls,   316.801 us/call)
================================================================


======================= SWBWA Timing Report =======================
  Accumulated wall-clock time; indented rows are included in
  their parent row and must not be added to it.

  Pipeline
    total - complete three-stage pipeline                    67.335 s
    stage 1 - allocate and read raw FASTQ blocks             16.656 s
    stage 2 - align reads and generate SAM records           65.809 s
    stage 3 - write SAM and release batch data               41.485 s
      SAM output writes                                        36.847 s
      batch cleanup and loop overhead (derived)                 4.638 s

  Stage 1 input details
    batches completed / stage calls                      30 / 31
    input-buffer and batch allocations                        0.000 s  (91 calls, max 0.000 s)
    aggregate requested allocation bytes           1167914944
    FASTQ fseeko calls                                        0.001 s  (60 calls, max 0.000 s)
    FASTQ fread calls                                        16.634 s  (60 calls, max 0.443 s)
    align chunk ends to FASTQ record boundaries               0.000 s  (58 calls, max 0.000 s)
    scheduler, checks and bookkeeping (derived)               0.022 s
    raw FASTQ bytes read                           1167851520  (1113.750 MiB)
    effective fread bandwidth                         66.958 MiB/s
    slowest allocation                                 0.000 s  (19661824 bytes)
    slowest fread                                      0.443 s  (R1 offset=137619888, bytes=19660800)

  Stage 2 worker details
    total - active merge worker                              65.808 s
      part 1 - prepare CPE task and reusable buffers            1.547 s
      part 2 - CPE FASTQ formatting and input release           0.365 s
      part 3 - CPE alignment and SAM length pass               63.098 s
      part 4 - assign slices in the shared SAM buffer           0.352 s
      part 5 - CPE SAM record generation                        0.443 s
      part 6 - release temporary worker data                    0.001 s

  Reserved allocator timers (no active timing sites)
    malloc timer                                              0.000 s
    free timer                                                0.000 s
===================================================================

[main] Version: 0.0.1
[main] CMD: ./SWBWA mem -v 4 -t 1 -o ./default_single/no1/SRR2496709_PE.sam -I 170,80,500,1 ../data/GRCh38.d1.vd1.fa ../data/SRR2496709_1.fastq_1 ../data/SRR2496709_2.fastq_1
