[M::main_mem] mean insert size: 170.000, stddev: 80.000, max: 500, min: 1
[CPE input] bytes_per_cg=19660800 cg_count=6 chunk_bytes=117964800 file_bytes=223555584
malloc bwt->bwt 3107576584, 0x580000486040
malloc bwt->sa 1553788264, 0x5800b9823b60
[M::bwa_idx_load_from_disk] read 0 ALT contigs
malloc pac 776894131, 0x580116285940
the input file is ../data/ERR1203383_1.fastq_1
the input file is ../data/ERR1203383_2.fastq_1
the output file is /dev/null
[M::process] read chunk (19660800 bytes/CG x 6 CGs, 117964800 bytes)...
[DBG stage1] slow fread: R1 offset=0 requested=117964800 read=117964800 elapsed=1.364 s
[DBG stage1] slow fread: R2 offset=0 requested=117964800 read=117964800 elapsed=1.329 s
[M::swbwa_cross_runtime_init] initialized cross-segment runtime in 0.070 sec
start swbwa_cross_run
[M::mem_process_seqs_merge2] CPE FASTQ formatting done
start swbwa_cross_run
slave pre done
now n is 1057218
start swbwa_cross_run
processed 1057218
[M::mem_process_seqs_merge2] Processed 1057218 reads in 0.160 CPU sec, 1.974 real sec
[M::process] read chunk (19660800 bytes/CG x 6 CGs, 105591588 bytes)...
[DBG stage1] slow fread: R1 offset=117963996 requested=105591588 read=105591588 elapsed=1.185 s
[DBG stage1] slow fread: R2 offset=117963996 requested=105591588 read=105591588 elapsed=1.118 s
start swbwa_cross_run
[M::mem_process_seqs_merge2] CPE FASTQ formatting done
start swbwa_cross_run
slave pre done
now n is 942782
start swbwa_cross_run
processed 942782
[M::mem_process_seqs_merge2] Processed 942782 reads in 0.080 CPU sec, 1.836 real sec

====================== SWBWA Output Debug =====================
  MPI rank: 000000 / 000001
  mode:     non-MPI POSIX
  path:     /dev/null

  Output volume
    output buffer capacity                           67108864
    swbwa_output_write calls                         2000000
    submitted SAM bytes                            523048834
    buffered flushes                                       8
    buffered flush bytes                           523048834
    direct oversized writes                                0
    direct oversized bytes                                 0

  Buffering
    buffered flush total                         0.000062 s  (8 calls,     7.731 us/call)

  POSIX file writes
    write system calls                                      8
    write system-call bytes                         523048834
    POSIX write system calls                     0.000047 s  (8 calls,     5.844 us/call)
    POSIX write effective bandwidth            10669894.039 MiB/s

  Output close timing
    POSIX close                                  0.000015 s  (1 calls,    14.750 us/call)
================================================================


================ SWBWA CPE Profile (LWPF) ================
  sampled CG: 5 (64 CPEs)
  counters: cycle, instructions, global loads/stores,
            D-cache accesses/misses, memory-barrier waits,
            instruction-buffer-empty cycles
  values: average | minimum | maximum across sampled CPEs

LWPF kernel summary for unit SWBWA
+-----------------+-----------------+-----------------+-----------------+-----------------+-----------------+-----------------+-----------------+-----------------+
|                 |                 |                 |                 |                 |                 |                 |                 |       CYC       |
|     KERNEL      |      CYCLE      |      INST       |       GLD       |       GST       |  DCACHE ACCESS  |   DCACHE MISS   |  CYC MEMB WAIT  | INSTBUFFEREMPTY |
|                 |                 |                 |                 |                 |                 |                 |                 |                 |
+-----------------+-----------------+-----------------+-----------------+-----------------+-----------------+-----------------+-----------------+-----------------+
|WORKER ALIGNMENT |7174M|7144M|7433M|3021M|2887M|3150M|2583.|2265.|2872.|   0.|   0.|   0.| 231M| 213M| 251M|3020K|2726K|3279K|  10.|   0.| 643.|1895M|1816M|1958M|
|    MEM CHAIN    |3715M|3327M|4028M|1460M|1307M|1588M|   0.|   0.|   0.|   0.|   0.|   0.|  64M|  58M|  68M|2815K|2520K|3072K|   0.|   0.|   0.| 625M| 553M| 686M|
|  CHAIN FILTER   | 211M| 156M| 291M|  60M|  33M| 104M|   0.|   0.|   0.|   0.|   0.|   0.|  14M|6671K|  25M|7395.|5846.|  26K|   0.|   0.|   0.| 100M|  94M| 108M|
| CHAIN EXTENSION | 974M| 909M|1107M| 395M| 346M| 477M|   0.|   0.|   0.|   0.|   0.|   0.|  58M|  51M|  70M|  61K|  55K|  67K|   0.|   0.|   0.| 455M| 433M| 501M|
| ALIGNMENT...... | 100M|  89M| 114M|  31M|  23M|  40M|   0.|   0.|   0.|   0.|   0.|   0.|4603K|3432K|6121K|  89.|  45.| 186.|   0.|   0.|   0.|  52M|  49M|  55M|
|   MATE RESCUE   |1274M| 910M|1617M| 918M| 679M|1137M|   0.|   0.|   0.|   0.|   0.|   0.|  66M|  49M|  81M|  17K|  13K|  23K|   0.|   0.|   0.| 183M| 131M| 250M|
|     PAIRING     |  69M|  63M|  77M|  17M|  15M|  18M|   0.|   0.|   0.|   0.|   0.|   0.|2284K|2183K|2375K|1558.| 851.|4269.|   0.|   0.|   0.|  42M|  37M|  46M|
|   SAM FORMAT    |2001M|1687M|2318M|1069M| 833M|1278M|   0.|   0.|   0.|   0.|   0.|   0.|  90M|  73M| 103M|  56K|  50K|  71K|   0.|   0.|   0.| 639M| 595M| 685M|
|    SAM COPY     | 138M| 125M| 145M|4858K|4260K|5414K|   0.|   0.|   0.|   0.|   0.|   0.| 920K| 809K|1023K|  28K|  25K|  31K|   0.|   0.|   0.| 114M| 104M| 119M|
| MEM CHAIN...... |2177M|1921M|2396M|1059M| 931M|1166M|   0.|   0.|   0.|   0.|   0.|   0.|  39M|  34M|  43M|1835K|1614K|2025K|   0.|   0.|   0.| 353M| 310M| 389M|
| MEM CHAIN BUILD |1460M|1338M|1546M| 394M| 369M| 415M|   0.|   0.|   0.|   0.|   0.|   0.|  24M|  23M|  25M| 974K| 892K|1045K|   0.|   0.|   0.| 210M| 188M| 229M|
|CHAIN EXTENSION..| 452M| 390M| 558M| 299M| 249M| 376M|   0.|   0.|   0.|   0.|   0.|   0.|  44M|  36M|  55M|  12K|8901.|  15K|   0.|   0.|   0.| 122M| 107M| 149M|
| MATE REF FETCH  |  25M|  19M|  29M|  14M|  11M|  16M|   0.|   0.|   0.|   0.|   0.|   0.|2146K|1707K|2535K|2584.|2092.|3159.|   0.|   0.|   0.|5552K|3936K|6813K|
| MATE KSW ALIGN  | 938M| 717M|1119M| 790M| 610M| 941M|   0.|   0.|   0.|   0.|   0.|   0.|  55M|  42M|  65M|1364.|1203.|1643.|   0.|   0.|   0.|  72M|  53M|  86M|
|KSW QUERY INIT...|  37M|  29M|  43M|  14M|  11M|  16M|   0.|   0.|   0.|   0.|   0.|   0.|1371K|1091K|1621K|   5.|   0.|  20.|   0.|   0.|   0.|  11M|8832K|  13M|
| KSW DP FORWARD  | 762M| 594M| 908M| 679M| 533M| 806M|   0.|   0.|   0.|   0.|   0.|   0.|  45M|  35M|  53M| 964.| 849.|1236.|   0.|   0.|   0.|  50M|  37M|  60M|
|KSW QUERY INIT...|  19M|  13M|  23M|7950K|5496K|9710K|   0.|   0.|   0.|   0.|   0.|   0.| 777K| 537K| 948K|   0.|   0.|   2.|   0.|   0.|   0.|4025K|2720K|5076K|
| KSW DP REVERSE  | 112M|  75M| 140M|  87M|  59M| 108M|   0.|   0.|   0.|   0.|   0.|   0.|6023K|4056K|7524K|   0.|   0.|   4.|   0.|   0.|   0.|5592K|3732K|6984K|
|   MATE DEDUP    | 218M|  64M| 520M|  94M|  27M| 225M|   0.|   0.|   0.|   0.|   0.|   0.|6800K|2518K|  15M| 125.|  36.| 671.|   0.|   0.|   0.|  54M|  21M| 117M|
| DEDUP SORT END  |  75M|  22M| 173M|  38M|  11M|  89M|   0.|   0.|   0.|   0.|   0.|   0.|2646K| 934K|5655K| 109.|  34.| 563.|   0.|   0.|   0.|  14M|5654K|  28M|
|DEDUP REDUNDANCY |  11M|5510K|  25M|4709K|2267K|  11M|   0.|   0.|   0.|   0.|   0.|   0.| 921K| 411K|2190K|   4.|   0.|  11.|   0.|   0.|   0.|2903K|1681K|5562K|
|DEDUP SORT SCORE | 129M|  32M| 318M|  51M|  12M| 124M|   0.|   0.|   0.|   0.|   0.|   0.|3230K|1114K|6972K|   8.|   0.| 156.|   0.|   0.|   0.|  35M|  12M|  81M|
|MEM COLLECT......| 758M| 671M| 835M| 350M| 308M| 388M|   0.|   0.|   0.|   0.|   0.|   0.|  11M|9674K|  12M| 626K| 551K| 694K|   0.|   0.|   0.| 102M|  90M| 112M|
|MEM COLLECT......| 704M| 614M| 772M| 443M| 387M| 487M|   0.|   0.|   0.|   0.|   0.|   0.|  20M|  18M|  22M| 799K| 701K| 883K|   0.|   0.|   0.| 110M|  96M| 121M|
|MEM COLLECT LAST | 554M| 488M| 613M| 258M| 227M| 287M|   0.|   0.|   0.|   0.|   0.|   0.|6687K|5869K|7433K| 325K| 286K| 361K|   0.|   0.|   0.|  67M|  59M|  74M|
|MEM COLLECT SORT | 148M| 134M| 165M|6460K|5662K|7188K|   0.|   0.|   0.|   0.|   0.|   0.|1169K|1025K|1299K|  85K|  74K|  96K|   0.|   0.|   0.|  60M|  53M|  66M|
|CHAIN BUILD......|4759K|4053K|5809K| 472K| 414K| 523K|   0.|   0.|   0.|   0.|   0.|   0.|  71K|  63K|  79K| 289.| 126.| 925.|   0.|   0.|   0.|3683K|3220K|4100K|
| CHAIN BUILD SA  | 987M| 899M|1050M| 304M| 281M| 322M|   0.|   0.|   0.|   0.|   0.|   0.|  12M|  11M|  12M| 801K| 730K| 860K|   0.|   0.|   0.|  38M|  35M|  40M|
| CHAIN BUILD RID | 105M|  95M| 113M|  22M|  20M|  23M|   0.|   0.|   0.|   0.|   0.|   0.|1839K|1694K|1935K|  51K|  46K|  56K|   0.|   0.|   0.|  20M|  18M|  21M|
|CHAIN BUILD TREE.|  15M|  13M|  19M|5054K|4721K|5515K|   0.|   0.|   0.|   0.|   0.|   0.| 326K| 294K| 361K|4861.|2917.|8419.|   0.|   0.|   0.|2012K|1895K|2178K|
|CHAIN BUILD......|9901K|9018K|  11M|2632K|2463K|2783K|   0.|   0.|   0.|   0.|   0.|   0.| 341K| 318K| 361K|3889.|2824.|5157.|   0.|   0.|   0.|1125K|1031K|1200K|
|CHAIN BUILD......| 175M| 166M| 184M|  33M|  30M|  37M|   0.|   0.|   0.|   0.|   0.|   0.|6357K|5669K|7131K|  58K|  55K|  63K|   0.|   0.|   0.|  73M|  65M|  80M|
|CHAIN BUILD......| 120M| 107M| 135M|  18M|  17M|  20M|   0.|   0.|   0.|   0.|   0.|   0.|2848K|2605K|3067K|  47K|  41K|  54K|   0.|   0.|   0.|  49M|  43M|  54M|
=============================================================

======================= SWBWA Timing Report =======================
  Accumulated wall-clock time; indented rows are included in
  their parent row and must not be added to it.

  Pipeline
    total - complete three-stage pipeline                    10.916 s
    stage 1 - allocate and read raw FASTQ blocks              4.999 s
    stage 2 - align reads and generate SAM records            3.811 s
    stage 3 - write SAM and release batch data                2.099 s
      SAM output writes                                         1.379 s
      batch cleanup and loop overhead (derived)                 0.720 s

  Stage 1 input details
    batches completed / stage calls                       2 / 3
    input-buffer and batch allocations                        0.000 s  (7 calls, max 0.000 s)
    aggregate requested allocation bytes            447117064
    FASTQ fseeko calls                                        0.000 s  (4 calls, max 0.000 s)
    FASTQ fread calls                                         4.997 s  (4 calls, max 1.364 s)
    align chunk ends to FASTQ record boundaries               0.000 s  (2 calls, max 0.000 s)
    scheduler, checks and bookkeeping (derived)               0.002 s
    raw FASTQ bytes read                            447112776  (426.400 MiB)
    effective fread bandwidth                         85.335 MiB/s
    slowest allocation                                 0.000 s  (64 bytes)
    slowest fread                                      1.364 s  (R1 offset=0, bytes=117964800)

  Stage 2 worker details
    total - active merge worker                               3.810 s
      part 1 - prepare CPE task and reusable buffers            0.097 s
      part 2 - CPE FASTQ formatting and input release           0.033 s
      part 3 - CPE alignment and SAM length pass                3.450 s
      part 4 - assign slices in the shared SAM buffer           0.152 s
      part 5 - CPE SAM record generation                        0.077 s
      part 6 - release temporary worker data                    0.000 s

  Reserved allocator timers (no active timing sites)
    malloc timer                                              0.000 s
    free timer                                                0.000 s
===================================================================

[main] Version: 0.0.1
[main] CMD: correctness_results/cpe_ablation_repeat_20260826/bin/baseline/SWBWA mem -v 4 -t 1 -1 -o /dev/null -I 170,80,500,1 ../data/GRCh38.d1.vd1.fa ../data/ERR1203383_1.fastq_1 ../data/ERR1203383_2.fastq_1
