[M::main_mem] mean insert size: 170.000, stddev: 80.000, max: 500, min: 1
[CPE input] bytes_per_cg=19660800 cg_count=6 chunk_bytes=117964800 file_bytes=945555584
malloc bwt->bwt 3107576584, 0x580000486040
malloc bwt->sa 1553788264, 0x5800b9823b60
[M::bwa_idx_load_from_disk] read 0 ALT contigs
malloc pac 776894131, 0x580116285940
the input file is ../data/SRR7963242_1.fastq_1
the input file is ../data/SRR7963242_2.fastq_1
the output file is /dev/null
[M::process] read chunk (19660800 bytes/CG x 6 CGs, 117964800 bytes)...
[DBG stage1] slow fread: R1 offset=0 requested=117964800 read=117964800 elapsed=1.560 s
[DBG stage1] slow fread: R2 offset=0 requested=117964800 read=117964800 elapsed=1.298 s
[M::swbwa_cross_runtime_init] initialized cross-segment runtime in 0.069 sec
start swbwa_cross_run
[M::mem_process_seqs_merge2] CPE FASTQ formatting done
start swbwa_cross_run
slave pre done
now n is 629832
start swbwa_cross_run
processed 629832
[M::mem_process_seqs_merge2] Processed 629832 reads in 0.130 CPU sec, 6.881 real sec
[M::process] read chunk (19660800 bytes/CG x 6 CGs, 117964800 bytes)...
[DBG stage1] slow fread: R1 offset=117963996 requested=117964800 read=117964800 elapsed=1.285 s
[DBG stage1] slow fread: R2 offset=117963996 requested=117964800 read=117964800 elapsed=1.317 s
start swbwa_cross_run
[M::mem_process_seqs_merge2] CPE FASTQ formatting done
start swbwa_cross_run
slave pre done
now n is 627468
start swbwa_cross_run
processed 627468
[M::mem_process_seqs_merge2] Processed 627468 reads in 0.050 CPU sec, 5.795 real sec
[M::process] read chunk (19660800 bytes/CG x 6 CGs, 117964800 bytes)...
[DBG stage1] slow fread: R1 offset=235927980 requested=117964800 read=117964800 elapsed=1.299 s
[DBG stage1] slow fread: R2 offset=235927980 requested=117964800 read=117964800 elapsed=1.345 s
start swbwa_cross_run
[M::mem_process_seqs_merge2] CPE FASTQ formatting done
start swbwa_cross_run
slave pre done
now n is 627468
start swbwa_cross_run
processed 627468
[M::mem_process_seqs_merge2] Processed 627468 reads in 0.050 CPU sec, 5.959 real sec
[M::process] read chunk (19660800 bytes/CG x 6 CGs, 117964800 bytes)...
[DBG stage1] slow fread: R1 offset=353891964 requested=117964800 read=117964800 elapsed=1.452 s
[DBG stage1] slow fread: R2 offset=353891964 requested=117964800 read=117964800 elapsed=1.373 s
start swbwa_cross_run
[M::mem_process_seqs_merge2] CPE FASTQ formatting done
start swbwa_cross_run
slave pre done
now n is 622076
start swbwa_cross_run
processed 622076
[M::mem_process_seqs_merge2] Processed 622076 reads in 0.050 CPU sec, 5.486 real sec
[M::process] read chunk (19660800 bytes/CG x 6 CGs, 117964800 bytes)...
[DBG stage1] slow fread: R1 offset=471855944 requested=117964800 read=117964800 elapsed=1.353 s
[DBG stage1] slow fread: R2 offset=471855944 requested=117964800 read=117964800 elapsed=1.166 s
start swbwa_cross_run
[M::mem_process_seqs_merge2] CPE FASTQ formatting done
start swbwa_cross_run
slave pre done
now n is 620862
start swbwa_cross_run
processed 620862
[M::mem_process_seqs_merge2] Processed 620862 reads in 0.060 CPU sec, 5.662 real sec
[M::process] read chunk (19660800 bytes/CG x 6 CGs, 117964800 bytes)...
[DBG stage1] slow fread: R1 offset=589819724 requested=117964800 read=117964800 elapsed=1.330 s
start swbwa_cross_run
[M::mem_process_seqs_merge2] CPE FASTQ formatting done
start swbwa_cross_run
slave pre done
now n is 620862
start swbwa_cross_run
processed 620862
[M::mem_process_seqs_merge2] Processed 620862 reads in 0.050 CPU sec, 5.469 real sec
[M::process] read chunk (19660800 bytes/CG x 6 CGs, 117964800 bytes)...
[DBG stage1] slow fread: R1 offset=707783504 requested=117964800 read=117964800 elapsed=1.231 s
[DBG stage1] slow fread: R2 offset=707783504 requested=117964800 read=117964800 elapsed=1.318 s
start swbwa_cross_run
[M::mem_process_seqs_merge2] CPE FASTQ formatting done
start swbwa_cross_run
slave pre done
now n is 620862
start swbwa_cross_run
processed 620862
[M::mem_process_seqs_merge2] Processed 620862 reads in 0.050 CPU sec, 5.640 real sec
[M::process] read chunk (19660800 bytes/CG x 6 CGs, 117964800 bytes)...
[DBG stage1] slow fread: R1 offset=825747284 requested=117964800 read=117964800 elapsed=1.184 s
start swbwa_cross_run
[M::mem_process_seqs_merge2] CPE FASTQ formatting done
start swbwa_cross_run
slave pre done
now n is 620862
start swbwa_cross_run
processed 620862
[M::mem_process_seqs_merge2] Processed 620862 reads in 0.050 CPU sec, 5.506 real sec
[M::process] read chunk (19660800 bytes/CG x 6 CGs, 1844520 bytes)...
start swbwa_cross_run
[M::mem_process_seqs_merge2] CPE FASTQ formatting done
start swbwa_cross_run
slave pre done
now n is 9708
start swbwa_cross_run
processed 9708
[M::mem_process_seqs_merge2] Processed 9708 reads in 0.010 CPU sec, 0.320 real sec

====================== SWBWA Output Debug =====================
  MPI rank: 000000 / 000001
  mode:     non-MPI POSIX
  path:     /dev/null

  Output volume
    output buffer capacity                           67108864
    swbwa_output_write calls                         5000000
    submitted SAM bytes                           2107655733
    buffered flushes                                      32
    buffered flush bytes                          2107655733
    direct oversized writes                                0
    direct oversized bytes                                 0

  Buffering
    buffered flush total                         0.000242 s  (32 calls,     7.574 us/call)

  POSIX file writes
    write system calls                                     32
    write system-call bytes                        2107655733
    POSIX write system calls                     0.000182 s  (32 calls,     5.683 us/call)
    POSIX write effective bandwidth            11052930.753 MiB/s

  Output close timing
    POSIX close                                  0.000016 s  (1 calls,    16.150 us/call)
================================================================


================ SWBWA CPE Profile (LWPF) ================
  sampled CG: 5 (64 CPEs)
  counters: cycle, instructions, global loads/stores,
            D-cache accesses/misses, memory-barrier waits,
            instruction-buffer-empty cycles
  values: average | minimum | maximum across sampled CPEs

LWPF kernel summary for unit SWBWA
+-----------------+-----------------+-----------------+-----------------+-----------------+-----------------+-----------------+-----------------+-----------------+
|                 |                 |                 |                 |                 |                 |                 |                 |       CYC       |
|     KERNEL      |      CYCLE      |      INST       |       GLD       |       GST       |  DCACHE ACCESS  |   DCACHE MISS   |  CYC MEMB WAIT  | INSTBUFFEREMPTY |
|                 |                 |                 |                 |                 |                 |                 |                 |                 |
+-----------------+-----------------+-----------------+-----------------+-----------------+-----------------+-----------------+-----------------+-----------------+
|WORKER ALIGNMENT |  96G|  96G|  98G|  65G|  64G|  66G|6422.|5867.|7091.|   0.|   0.|   0.|6388M|6162M|6630M|  23M|  21M|  25M|  65.|   0.|4148.|  11G|  10G|  11G|
|    MEM CHAIN    |  24G|  22G|  27G|  12G|  11G|  13G|   0.|   0.|   0.|   0.|   0.|   0.| 590M| 551M| 654M|  21M|  19M|  23M|   0.|   0.|   0.|2609M|2406M|2931M|
|  CHAIN FILTER   |3850M|3211M|4637M|1685M|1450M|1855M|   0.|   0.|   0.|   0.|   0.|   0.| 419M| 360M| 461M| 629K| 200K|1429K|   0.|   0.|   0.| 448M| 410M| 479M|
| CHAIN EXTENSION |  23G|  21G|  25G|  18G|  16G|  20G|   0.|   0.|   0.|   0.|   0.|   0.|2686M|2400M|2997M| 729K| 660K| 859K|   0.|   0.|   0.|3502M|3291M|3701M|
| ALIGNMENT...... |1388M|1274M|1627M| 708M| 645M| 920M|   0.|   0.|   0.|   0.|   0.|   0.| 111M| 100M| 153M|1706.|1051.|3448.|   0.|   0.|   0.| 298M| 280M| 313M|
|   MATE RESCUE   |  41G|  38G|  43G|  31G|  29G|  33G|   0.|   0.|   0.|   0.|   0.|   0.|2347M|2184M|2458M| 591K| 293K|1214K|   0.|   0.|   0.|2983M|2797M|3275M|
|     PAIRING     | 264M| 253M| 298M|  88M|  84M|  99M|   0.|   0.|   0.|   0.|   0.|   0.|  16M|  15M|  18M|  31K|  27K|  45K|   0.|   0.|   0.|  98M|  91M| 106M|
|   SAM FORMAT    |  44G|  41G|  46G|  33G|  30G|  34G|   0.|   0.|   0.|   0.|   0.|   0.|2576M|2420M|2689M| 800K| 491K|1425K|   0.|   0.|   0.|3967M|3796M|4252M|
|    SAM COPY     | 364M| 343M| 386M|  12M|  11M|  13M|   0.|   0.|   0.|   0.|   0.|   0.|2284K|2091K|2529K|  81K|  74K|  89K|   0.|   0.|   0.| 301M| 286M| 317M|
| MEM CHAIN...... |  11G|  10G|  12G|6710M|6118M|7497M|   0.|   0.|   0.|   0.|   0.|   0.| 262M| 238M| 295M|9788K|9003K|  11M|   0.|   0.|   0.|1522M|1388M|1714M|
| MEM CHAIN BUILD |  13G|  12G|  14G|4967M|4634M|5613M|   0.|   0.|   0.|   0.|   0.|   0.| 326M| 308M| 357M|  11M|  10M|  12M|   0.|   0.|   0.| 988M| 926M|1108M|
|CHAIN EXTENSION..|  18G|  16G|  20G|  17G|  15G|  19G|   0.|   0.|   0.|   0.|   0.|   0.|2443M|2162M|2751M| 128K| 110K| 155K|   0.|   0.|   0.|1256M|1172M|1350M|
| MATE REF FETCH  | 358M| 327M| 377M| 216M| 194M| 230M|   0.|   0.|   0.|   0.|   0.|   0.|  33M|  30M|  35M|  39K|  36K|  44K|   0.|   0.|   0.|  69M|  65M|  73M|
| MATE KSW ALIGN  |  32G|  29G|  33G|  27G|  24G|  28G|   0.|   0.|   0.|   0.|   0.|   0.|1933M|1743M|2021M|  25K|  21K|  34K|   0.|   0.|   0.|1169M|1087M|1230M|
|KSW QUERY INIT...| 737M| 663M| 784M| 338M| 303M| 361M|   0.|   0.|   0.|   0.|   0.|   0.|  37M|  33M|  40M| 143.| 109.| 223.|   0.|   0.|   0.| 118M| 108M| 126M|
| KSW DP FORWARD  |  24G|  21G|  25G|  21G|  19G|  22G|   0.|   0.|   0.|   0.|   0.|   0.|1448M|1297M|1523M|  22K|  18K|  31K|   0.|   0.|   0.| 845M| 783M| 887M|
|KSW QUERY INIT...| 457M| 425M| 489M| 218M| 203M| 234M|   0.|   0.|   0.|   0.|   0.|   0.|  24M|  22M|  26M|   8.|   0.|  65.|   0.|   0.|   0.|  57M|  52M|  62M|
| KSW DP REVERSE  |6782M|6137M|7288M|5366M|4860M|5765M|   0.|   0.|   0.|   0.|   0.|   0.| 383M| 347M| 412M|   8.|   0.|  69.|   0.|   0.|   0.| 140M| 128M| 149M|
|   MATE DEDUP    |7759M|6786M|9531M|3579M|3139M|4390M|   0.|   0.|   0.|   0.|   0.|   0.| 325M| 267M| 421M| 317K|  42K| 931K|   0.|   0.|   0.|1475M|1327M|1768M|
| DEDUP SORT END  |2583M|2216M|3179M|1353M|1174M|1653M|   0.|   0.|   0.|   0.|   0.|   0.| 111M|  89M| 146M| 140K|  23K| 377K|   0.|   0.|   0.| 349M| 307M| 418M|
|DEDUP REDUNDANCY | 877M| 723M|1095M| 445M| 366M| 557M|   0.|   0.|   0.|   0.|   0.|   0.|  77M|  64M|  96M|  14K| 939.|  50K|   0.|   0.|   0.| 166M| 140M| 204M|
|DEDUP SORT SCORE |4236M|3729M|5189M|1767M|1552M|2165M|   0.|   0.|   0.|   0.|   0.|   0.| 137M| 109M| 179M| 157K|  16K| 491K|   0.|   0.|   0.| 928M| 830M|1113M|
|MEM COLLECT......|3975M|3632M|4396M|2397M|2200M|2672M|   0.|   0.|   0.|   0.|   0.|   0.|  85M|  78M|  95M|4013K|3668K|4492K|   0.|   0.|   0.| 505M| 463M| 561M|
|MEM COLLECT......|4359M|3935M|5090M|3007M|2713M|3502M|   0.|   0.|   0.|   0.|   0.|   0.| 137M| 124M| 160M|3462K|3190K|3891K|   0.|   0.|   0.| 692M| 624M| 811M|
|MEM COLLECT LAST |2438M|2205M|2671M|1281M|1171M|1414M|   0.|   0.|   0.|   0.|   0.|   0.|  33M|  31M|  37M|2043K|1871K|2259K|   0.|   0.|   0.| 200M| 182M| 219M|
|MEM COLLECT SORT | 280M| 256M| 321M|  22M|  20M|  27M|   0.|   0.|   0.|   0.|   0.|   0.|6430K|5513K|8321K| 268K| 243K| 299K|   0.|   0.|   0.|  96M|  86M| 108M|
|CHAIN BUILD......|  11M|  10M|  13M|2016K|1811K|2327K|   0.|   0.|   0.|   0.|   0.|   0.| 388K| 346K| 457K| 883.| 284.|3184.|   0.|   0.|   0.|7376K|6556K|8199K|
| CHAIN BUILD SA  |9207M|8575M|  10G|3768M|3493M|4351M|   0.|   0.|   0.|   0.|   0.|   0.| 143M| 133M| 166M|9117K|8473K|  10M|   0.|   0.|   0.| 433M| 400M| 506M|
| CHAIN BUILD RID | 807M| 756M| 880M| 263M| 245M| 287M|   0.|   0.|   0.|   0.|   0.|   0.|  22M|  21M|  24M| 365K| 341K| 400K|   0.|   0.|   0.| 123M| 115M| 135M|
|CHAIN BUILD TREE.| 338M| 318M| 354M| 105M|  98M| 109M|   0.|   0.|   0.|   0.|   0.|   0.|7747K|7273K|8063K| 183K| 164K| 197K|   0.|   0.|   0.|  39M|  37M|  41M|
|CHAIN BUILD......| 169M| 160M| 175M|  36M|  34M|  39M|   0.|   0.|   0.|   0.|   0.|   0.|4648K|4307K|5038K| 137K| 125K| 145K|   0.|   0.|   0.|  16M|  14M|  17M|
|CHAIN BUILD......|1631M|1562M|1701M| 607M| 584M| 629M|   0.|   0.|   0.|   0.|   0.|   0.| 126M| 121M| 130M| 720K| 675K| 759K|   0.|   0.|   0.| 212M| 198M| 228M|
|CHAIN BUILD......| 397M| 377M| 429M|  89M|  85M|  96M|   0.|   0.|   0.|   0.|   0.|   0.|  18M|  17M|  19M| 265K| 247K| 284K|   0.|   0.|   0.|  92M|  84M| 101M|
=============================================================

======================= SWBWA Timing Report =======================
  Accumulated wall-clock time; indented rows are included in
  their parent row and must not be added to it.

  Pipeline
    total - complete three-stage pipeline                    72.759 s
    stage 1 - allocate and read raw FASTQ blocks             20.488 s
    stage 2 - align reads and generate SAM records           46.722 s
    stage 3 - write SAM and release batch data                5.541 s
      SAM output writes                                         3.736 s
      batch cleanup and loop overhead (derived)                 1.805 s

  Stage 1 input details
    batches completed / stage calls                       9 / 10
    input-buffer and batch allocations                        0.000 s  (28 calls, max 0.000 s)
    aggregate requested allocation bytes           1891144912
    FASTQ fseeko calls                                        0.000 s  (18 calls, max 0.000 s)
    FASTQ fread calls                                        20.478 s  (18 calls, max 1.560 s)
    align chunk ends to FASTQ record boundaries               0.000 s  (16 calls, max 0.000 s)
    scheduler, checks and bookkeeping (derived)               0.010 s
    raw FASTQ bytes read                           1891125840  (1803.518 MiB)
    effective fread bandwidth                         88.071 MiB/s
    slowest allocation                                 0.000 s  (64 bytes)
    slowest fread                                      1.560 s  (R1 offset=0, bytes=117964800)

  Stage 2 worker details
    total - active merge worker                              46.717 s
      part 1 - prepare CPE task and reusable buffers            0.189 s
      part 2 - CPE FASTQ formatting and input release           0.128 s
      part 3 - CPE alignment and SAM length pass               45.751 s
      part 4 - assign slices in the shared SAM buffer           0.384 s
      part 5 - CPE SAM record generation                        0.262 s
      part 6 - release temporary worker data                    0.000 s

  Reserved allocator timers (no active timing sites)
    malloc timer                                              0.000 s
    free timer                                                0.000 s
===================================================================

[main] Version: 0.0.1
[main] CMD: correctness_results/cpe_ablation_repeat_20260826/bin/baseline/SWBWA mem -v 4 -t 1 -1 -o /dev/null -I 170,80,500,1 ../data/GRCh38.d1.vd1.fa ../data/SRR7963242_1.fastq_1 ../data/SRR7963242_2.fastq_1
