[M::main_mem] mean insert size: 170.000, stddev: 80.000, max: 500, min: 1
[CPE input] bytes_per_cg=19660800 cg_count=6 chunk_bytes=117964800 file_bytes=945555584
malloc bwt->bwt 3107576584, 0x580000486040
malloc bwt->sa 1553788264, 0x5800b9823b60
[M::bwa_idx_load_from_disk] read 0 ALT contigs
malloc pac 776894131, 0x580116285940
the input file is ../data/SRR7963242_1.fastq_1
the input file is ../data/SRR7963242_2.fastq_1
the output file is correctness_results/cpe_ldm_opt_20260826/dedup_breakdown/SRR7963242_PE.sam
[M::process] read chunk (19660800 bytes/CG x 6 CGs, 117964800 bytes)...
[M::swbwa_cross_runtime_init] initialized cross-segment runtime in 0.072 sec
start swbwa_cross_run
[M::mem_process_seqs_merge2] CPE FASTQ formatting done
start swbwa_cross_run
slave pre done
now n is 629832
start swbwa_cross_run
processed 629832
[M::mem_process_seqs_merge2] Processed 629832 reads in 0.110 CPU sec, 7.999 real sec
[M::process] read chunk (19660800 bytes/CG x 6 CGs, 117964800 bytes)...
start swbwa_cross_run
[M::mem_process_seqs_merge2] CPE FASTQ formatting done
start swbwa_cross_run
slave pre done
now n is 627468
start swbwa_cross_run
processed 627468
[M::mem_process_seqs_merge2] Processed 627468 reads in 0.050 CPU sec, 6.510 real sec
[M::process] read chunk (19660800 bytes/CG x 6 CGs, 117964800 bytes)...
start swbwa_cross_run
[M::mem_process_seqs_merge2] CPE FASTQ formatting done
start swbwa_cross_run
slave pre done
now n is 627468
start swbwa_cross_run
processed 627468
[M::mem_process_seqs_merge2] Processed 627468 reads in 0.060 CPU sec, 6.851 real sec
[M::process] read chunk (19660800 bytes/CG x 6 CGs, 117964800 bytes)...
start swbwa_cross_run
[M::mem_process_seqs_merge2] CPE FASTQ formatting done
start swbwa_cross_run
slave pre done
now n is 622076
start swbwa_cross_run
processed 622076
[M::mem_process_seqs_merge2] Processed 622076 reads in 0.050 CPU sec, 6.289 real sec
[M::process] read chunk (19660800 bytes/CG x 6 CGs, 117964800 bytes)...
start swbwa_cross_run
[M::mem_process_seqs_merge2] CPE FASTQ formatting done
start swbwa_cross_run
slave pre done
now n is 620862
start swbwa_cross_run
processed 620862
[M::mem_process_seqs_merge2] Processed 620862 reads in 0.050 CPU sec, 6.455 real sec
[M::process] read chunk (19660800 bytes/CG x 6 CGs, 117964800 bytes)...
start swbwa_cross_run
[M::mem_process_seqs_merge2] CPE FASTQ formatting done
start swbwa_cross_run
slave pre done
now n is 620862
start swbwa_cross_run
processed 620862
[M::mem_process_seqs_merge2] Processed 620862 reads in 0.050 CPU sec, 6.228 real sec
[M::process] read chunk (19660800 bytes/CG x 6 CGs, 117964800 bytes)...
start swbwa_cross_run
[M::mem_process_seqs_merge2] CPE FASTQ formatting done
start swbwa_cross_run
slave pre done
now n is 620862
start swbwa_cross_run
processed 620862
[M::mem_process_seqs_merge2] Processed 620862 reads in 0.060 CPU sec, 6.413 real sec
[M::process] read chunk (19660800 bytes/CG x 6 CGs, 117964800 bytes)...
start swbwa_cross_run
[M::mem_process_seqs_merge2] CPE FASTQ formatting done
start swbwa_cross_run
slave pre done
now n is 620862
start swbwa_cross_run
processed 620862
[M::mem_process_seqs_merge2] Processed 620862 reads in 0.050 CPU sec, 6.219 real sec
[M::process] read chunk (19660800 bytes/CG x 6 CGs, 1844520 bytes)...
start swbwa_cross_run
[M::mem_process_seqs_merge2] CPE FASTQ formatting done
start swbwa_cross_run
slave pre done
now n is 9708
start swbwa_cross_run
processed 9708
[M::mem_process_seqs_merge2] Processed 9708 reads in 0.010 CPU sec, 0.449 real sec

====================== SWBWA Output Debug =====================
  MPI rank: 000000 / 000001
  mode:     non-MPI POSIX
  path:     correctness_results/cpe_ldm_opt_20260826/dedup_breakdown/SRR7963242_PE.sam

  Output volume
    output buffer capacity                           67108864
    swbwa_output_write calls                         5000000
    submitted SAM bytes                           2107655733
    buffered flushes                                      32
    buffered flush bytes                          2107655733
    direct oversized writes                                0
    direct oversized bytes                                 0

  Buffering
    buffered flush total                        30.040705 s  (32 calls, 938772.023 us/call)

  POSIX file writes
    write system calls                                     32
    write system-call bytes                        2107655733
    POSIX write system calls                    30.040613 s  (32 calls, 938769.165 us/call)
    POSIX write effective bandwidth                66.910 MiB/s

  Output close timing
    POSIX close                                  0.000385 s  (1 calls,   384.954 us/call)
================================================================


================ SWBWA CPE Profile (LWPF) ================
  sampled CG: 5 (64 CPEs)
  counters: cycle, instructions, global loads/stores,
            D-cache accesses/misses, memory-barrier waits,
            instruction-buffer-empty cycles
  values: average | minimum | maximum across sampled CPEs

LWPF kernel summary for unit SWBWA
+-----------------+-----------------+-----------------+-----------------+-----------------+-----------------+-----------------+-----------------+-----------------+
|                 |                 |                 |                 |                 |                 |                 |                 |       CYC       |
|     KERNEL      |      CYCLE      |      INST       |       GLD       |       GST       |  DCACHE ACCESS  |   DCACHE MISS   |  CYC MEMB WAIT  | INSTBUFFEREMPTY |
|                 |                 |                 |                 |                 |                 |                 |                 |                 |
+-----------------+-----------------+-----------------+-----------------+-----------------+-----------------+-----------------+-----------------+-----------------+
|WORKER ALIGNMENT | 108G| 107G| 109G|  72G|  71G|  73G|6480.|5800.|7274.|   0.|   0.|   0.|7647M|7380M|7981M|  23M|  21M|  25M|  46.|   0.|2965.|  13G|  13G|  13G|
|    MEM CHAIN    |  25G|  23G|  27G|  12G|  11G|  13G|   0.|   0.|   0.|   0.|   0.|   0.| 594M| 546M| 639M|  21M|  19M|  23M|   0.|   0.|   0.|3715M|3396M|3984M|
|  CHAIN FILTER   |3821M|3180M|4964M|1675M|1452M|1925M|   0.|   0.|   0.|   0.|   0.|   0.| 417M| 360M| 480M| 708K| 191K|1929K|   0.|   0.|   0.| 397M| 373M| 428M|
| CHAIN EXTENSION |  22G|  20G|  24G|  18G|  17G|  21G|   0.|   0.|   0.|   0.|   0.|   0.|2686M|2424M|2998M| 742K| 676K| 960K|   0.|   0.|   0.|3082M|2926M|3218M|
| ALIGNMENT...... |1343M|1227M|1457M| 704M| 631M| 814M|   0.|   0.|   0.|   0.|   0.|   0.| 110M|  98M| 133M|1861.|1190.|4964.|   0.|   0.|   0.| 259M| 247M| 270M|
|   MATE RESCUE   |  52G|  49G|  55G|  38G|  36G|  39G|   0.|   0.|   0.|   0.|   0.|   0.|3605M|3387M|3848M| 274K| 242K| 489K|   0.|   0.|   0.|4339M|4006M|4786M|
|     PAIRING     | 259M| 245M| 285M|  88M|  83M|  98M|   0.|   0.|   0.|   0.|   0.|   0.|  16M|  15M|  17M|  30K|  26K|  41K|   0.|   0.|   0.|  98M|  90M| 104M|
|   SAM FORMAT    |  55G|  52G|  58G|  39G|  37G|  41G|   0.|   0.|   0.|   0.|   0.|   0.|3834M|3620M|4065M| 481K| 443K| 706K|   0.|   0.|   0.|5453M|5137M|5800M|
|    SAM COPY     | 175M| 161M| 188M|  12M|  11M|  14M|   0.|   0.|   0.|   0.|   0.|   0.|2307K|2064K|2586K|  81K|  73K|  92K|   0.|   0.|   0.|2292K|2052K|2564K|
| MEM CHAIN...... |  11G|9822M|  12G|6771M|6045M|7443M|   0.|   0.|   0.|   0.|   0.|   0.| 264M| 236M| 289M|9860K|8922K|  11M|   0.|   0.|   0.|1408M|1254M|1536M|
| MEM CHAIN BUILD |  14G|  13G|  15G|4837M|4512M|5297M|   0.|   0.|   0.|   0.|   0.|   0.| 328M| 309M| 352M|  11M|9943K|  12M|   0.|   0.|   0.|2228M|2071M|2389M|
|CHAIN EXTENSION..|  17G|  16G|  20G|  17G|  15G|  19G|   0.|   0.|   0.|   0.|   0.|   0.|2444M|2188M|2748M| 131K| 110K| 182K|   0.|   0.|   0.|1065M| 991M|1146M|
| MATE REF FETCH  | 334M| 309M| 354M| 215M| 199M| 230M|   0.|   0.|   0.|   0.|   0.|   0.|  33M|  31M|  35M|  36K|  33K|  39K|   0.|   0.|   0.|  48M|  45M|  51M|
| MATE KSW ALIGN  |  31G|  29G|  34G|  27G|  25G|  29G|   0.|   0.|   0.|   0.|   0.|   0.|1925M|1766M|2053M|  23K|  18K|  43K|   0.|   0.|   0.|1099M|1022M|1164M|
|KSW QUERY INIT...| 593M| 550M| 633M| 317M| 293M| 339M|   0.|   0.|   0.|   0.|   0.|   0.|  37M|  34M|  40M| 143.| 116.| 181.|   0.|   0.|   0.|  99M|  92M| 106M|
| KSW DP FORWARD  |  24G|  22G|  25G|  21G|  19G|  22G|   0.|   0.|   0.|   0.|   0.|   0.|1442M|1328M|1540M|  19K|  15K|  35K|   0.|   0.|   0.| 798M| 743M| 844M|
|KSW QUERY INIT...| 384M| 349M| 413M| 205M| 186M| 220M|   0.|   0.|   0.|   0.|   0.|   0.|  24M|  22M|  26M|   8.|   0.| 111.|   0.|   0.|   0.|  64M|  59M|  70M|
| KSW DP REVERSE  |6750M|6064M|7371M|5350M|4813M|5835M|   0.|   0.|   0.|   0.|   0.|   0.| 382M| 343M| 417M|   3.|   0.|  29.|   0.|   0.|   0.| 130M| 118M| 141M|
|   MATE DEDUP    |  19G|  17G|  22G|  10G|8946M|  12G|   0.|   0.|   0.|   0.|   0.|   0.|1592M|1396M|1859M|  13K|1878.| 162K|   0.|   0.|   0.|2978M|2659M|3448M|
| DEDUP SORT END  |8544M|7387M|9940M|4727M|4070M|5508M|   0.|   0.|   0.|   0.|   0.|   0.| 719M| 620M| 837M|6730.|1729.|  65K|   0.|   0.|   0.|1237M|1075M|1429M|
|DEDUP REDUNDANCY | 855M| 718M|1009M| 443M| 369M| 526M|   0.|   0.|   0.|   0.|   0.|   0.|  76M|  64M|  90M|1791.|  67.|  36K|   0.|   0.|   0.| 168M| 144M| 197M|
|DEDUP SORT SCORE |9813M|8744M|  11G|5086M|4466M|5966M|   0.|   0.|   0.|   0.|   0.|   0.| 797M| 706M| 932M|3966.|   8.|  63K|   0.|   0.|   0.|1572M|1404M|1822M|
=============================================================

======================= SWBWA Timing Report =======================
  Accumulated wall-clock time; indented rows are included in
  their parent row and must not be added to it.

  Pipeline
    total - complete three-stage pipeline                   103.007 s
    stage 1 - allocate and read raw FASTQ blocks             14.010 s
    stage 2 - align reads and generate SAM records           53.418 s
    stage 3 - write SAM and release batch data               35.203 s
      SAM output writes                                        33.410 s
      batch cleanup and loop overhead (derived)                 1.794 s

  Stage 1 input details
    batches completed / stage calls                       9 / 10
    input-buffer and batch allocations                        0.000 s  (28 calls, max 0.000 s)
    aggregate requested allocation bytes           1891144912
    FASTQ fseeko calls                                        0.000 s  (18 calls, max 0.000 s)
    FASTQ fread calls                                        14.006 s  (18 calls, max 0.966 s)
    align chunk ends to FASTQ record boundaries               0.000 s  (16 calls, max 0.000 s)
    scheduler, checks and bookkeeping (derived)               0.003 s
    raw FASTQ bytes read                           1891125840  (1803.518 MiB)
    effective fread bandwidth                        128.764 MiB/s
    slowest allocation                                 0.000 s  (64 bytes)
    slowest fread                                      0.966 s  (R2 offset=0, bytes=117964800)

  Stage 2 worker details
    total - active merge worker                              53.413 s
      part 1 - prepare CPE task and reusable buffers            0.189 s
      part 2 - CPE FASTQ formatting and input release           0.361 s
      part 3 - CPE alignment and SAM length pass               52.294 s
      part 4 - assign slices in the shared SAM buffer           0.385 s
      part 5 - CPE SAM record generation                        0.179 s
      part 6 - release temporary worker data                    0.000 s

  Reserved allocator timers (no active timing sites)
    malloc timer                                              0.000 s
    free timer                                                0.000 s
===================================================================

[main] Version: 0.0.1
[main] CMD: ./SWBWA mem -v 4 -t 1 -1 -o correctness_results/cpe_ldm_opt_20260826/dedup_breakdown/SRR7963242_PE.sam -I 170,80,500,1 ../data/GRCh38.d1.vd1.fa ../data/SRR7963242_1.fastq_1 ../data/SRR7963242_2.fastq_1
