[M::main_mem] mean insert size: 170.000, stddev: 80.000, max: 500, min: 1
[CPE input] bytes_per_cg=19660800 cg_count=6 chunk_bytes=117964800 file_bytes=945555584
malloc bwt->bwt 3107576584, 0x580000486040
malloc bwt->sa 1553788264, 0x5800b9823b60
[M::bwa_idx_load_from_disk] read 0 ALT contigs
malloc pac 776894131, 0x580116285940
the input file is ../data/SRR7963242_1.fastq_1
the input file is ../data/SRR7963242_2.fastq_1
the output file is correctness_results/cpe_simd_opt_20260826/dedup_hist/SRR7963242_PE.sam
[M::process] read chunk (19660800 bytes/CG x 6 CGs, 117964800 bytes)...
[M::swbwa_cross_runtime_init] initialized cross-segment runtime in 0.068 sec
start swbwa_cross_run
[M::mem_process_seqs_merge2] CPE FASTQ formatting done
start swbwa_cross_run
slave pre done
now n is 629832
start swbwa_cross_run
processed 629832
[M::mem_process_seqs_merge2] Processed 629832 reads in 0.110 CPU sec, 6.664 real sec
[M::process] read chunk (19660800 bytes/CG x 6 CGs, 117964800 bytes)...
[DBG stage1] slow fread: R1 offset=117963996 requested=117964800 read=117964800 elapsed=1.053 s
start swbwa_cross_run
[M::mem_process_seqs_merge2] CPE FASTQ formatting done
start swbwa_cross_run
slave pre done
now n is 627468
start swbwa_cross_run
processed 627468
[M::mem_process_seqs_merge2] Processed 627468 reads in 0.060 CPU sec, 5.621 real sec
[M::process] read chunk (19660800 bytes/CG x 6 CGs, 117964800 bytes)...
start swbwa_cross_run
[M::mem_process_seqs_merge2] CPE FASTQ formatting done
start swbwa_cross_run
slave pre done
now n is 627468
start swbwa_cross_run
processed 627468
[M::mem_process_seqs_merge2] Processed 627468 reads in 0.060 CPU sec, 5.782 real sec
[M::process] read chunk (19660800 bytes/CG x 6 CGs, 117964800 bytes)...
start swbwa_cross_run
[M::mem_process_seqs_merge2] CPE FASTQ formatting done
start swbwa_cross_run
slave pre done
now n is 622076
start swbwa_cross_run
processed 622076
[M::mem_process_seqs_merge2] Processed 622076 reads in 0.050 CPU sec, 5.305 real sec
[M::process] read chunk (19660800 bytes/CG x 6 CGs, 117964800 bytes)...
start swbwa_cross_run
[M::mem_process_seqs_merge2] CPE FASTQ formatting done
start swbwa_cross_run
slave pre done
now n is 620862
start swbwa_cross_run
processed 620862
[M::mem_process_seqs_merge2] Processed 620862 reads in 0.050 CPU sec, 5.499 real sec
[M::process] read chunk (19660800 bytes/CG x 6 CGs, 117964800 bytes)...
start swbwa_cross_run
[M::mem_process_seqs_merge2] CPE FASTQ formatting done
start swbwa_cross_run
slave pre done
now n is 620862
start swbwa_cross_run
processed 620862
[M::mem_process_seqs_merge2] Processed 620862 reads in 0.050 CPU sec, 5.288 real sec
[M::process] read chunk (19660800 bytes/CG x 6 CGs, 117964800 bytes)...
start swbwa_cross_run
[M::mem_process_seqs_merge2] CPE FASTQ formatting done
start swbwa_cross_run
slave pre done
now n is 620862
start swbwa_cross_run
processed 620862
[M::mem_process_seqs_merge2] Processed 620862 reads in 0.060 CPU sec, 5.454 real sec
[M::process] read chunk (19660800 bytes/CG x 6 CGs, 117964800 bytes)...
start swbwa_cross_run
[M::mem_process_seqs_merge2] CPE FASTQ formatting done
start swbwa_cross_run
slave pre done
now n is 620862
start swbwa_cross_run
processed 620862
[M::mem_process_seqs_merge2] Processed 620862 reads in 0.060 CPU sec, 5.332 real sec
[M::process] read chunk (19660800 bytes/CG x 6 CGs, 1844520 bytes)...
start swbwa_cross_run
[M::mem_process_seqs_merge2] CPE FASTQ formatting done
start swbwa_cross_run
slave pre done
now n is 9708
start swbwa_cross_run
processed 9708
[M::mem_process_seqs_merge2] Processed 9708 reads in 0.020 CPU sec, 0.321 real sec

====================== SWBWA Output Debug =====================
  MPI rank: 000000 / 000001
  mode:     non-MPI POSIX
  path:     correctness_results/cpe_simd_opt_20260826/dedup_hist/SRR7963242_PE.sam

  Output volume
    output buffer capacity                           67108864
    swbwa_output_write calls                         5000000
    submitted SAM bytes                           2107655733
    buffered flushes                                      32
    buffered flush bytes                          2107655733
    direct oversized writes                                0
    direct oversized bytes                                 0

  Buffering
    buffered flush total                        30.318214 s  (32 calls, 947444.182 us/call)

  POSIX file writes
    write system calls                                     32
    write system-call bytes                        2107655733
    POSIX write system calls                    30.318124 s  (32 calls, 947441.376 us/call)
    POSIX write effective bandwidth                66.298 MiB/s

  Output close timing
    POSIX close                                  0.000353 s  (1 calls,   353.453 us/call)
================================================================


================ SWBWA CPE Profile (LWPF) ================
  sampled CG: 5 (64 CPEs)
  counters: cycle, instructions, global loads/stores,
            D-cache accesses/misses, memory-barrier waits,
            instruction-buffer-empty cycles
  values: average | minimum | maximum across sampled CPEs

LWPF kernel summary for unit SWBWA
+-----------------+-----------------+-----------------+-----------------+-----------------+-----------------+-----------------+-----------------+-----------------+
|                 |                 |                 |                 |                 |                 |                 |                 |       CYC       |
|     KERNEL      |      CYCLE      |      INST       |       GLD       |       GST       |  DCACHE ACCESS  |   DCACHE MISS   |  CYC MEMB WAIT  | INSTBUFFEREMPTY |
|                 |                 |                 |                 |                 |                 |                 |                 |                 |
+-----------------+-----------------+-----------------+-----------------+-----------------+-----------------+-----------------+-----------------+-----------------+
|WORKER ALIGNMENT |  93G|  92G|  94G|  53G|  52G|  54G|6518.|6034.|7125.|   0.|   0.|   0.|4609M|4304M|4835M|  23M|  21M|  25M|  50.|   0.|3182.|  11G|  11G|  11G|
|    MEM CHAIN    |  24G|  23G|  27G|  12G|  11G|  13G|   0.|   0.|   0.|   0.|   0.|   0.| 596M| 555M| 669M|  21M|  19M|  22M|   0.|   0.|   0.|3041M|2821M|3352M|
|  CHAIN FILTER   |3827M|3123M|4843M|1660M|1443M|1859M|   0.|   0.|   0.|   0.|   0.|   0.| 413M| 359M| 462M| 719K| 175K|1839K|   0.|   0.|   0.| 413M| 382M| 438M|
| CHAIN EXTENSION |  22G|  20G|  24G|  18G|  17G|  20G|   0.|   0.|   0.|   0.|   0.|   0.|2687M|2442M|2874M| 749K| 671K| 886K|   0.|   0.|   0.|2969M|2809M|3086M|
| ALIGNMENT...... |1366M|1234M|1490M| 716M| 627M| 844M|   0.|   0.|   0.|   0.|   0.|   0.| 113M|  97M| 140M|2007.|1085.|4259.|   0.|   0.|   0.| 272M| 257M| 281M|
|   MATE RESCUE   |  38G|  36G|  40G|  19G|  18G|  20G|   0.|   0.|   0.|   0.|   0.|   0.| 564M| 508M| 628M| 583K| 256K|1049K|   0.|   0.|   0.|3082M|2763M|3352M|
|     PAIRING     | 296M| 285M| 337M|  88M|  85M| 104M|   0.|   0.|   0.|   0.|   0.|   0.|  16M|  15M|  18M|  30K|  24K|  45K|   0.|   0.|   0.| 131M| 124M| 139M|
|   SAM FORMAT    |  41G|  39G|  43G|  21G|  20G|  22G|   0.|   0.|   0.|   0.|   0.|   0.| 794M| 740M| 848M| 798K| 467K|1271K|   0.|   0.|   0.|4288M|3984M|4517M|
|    SAM COPY     | 377M| 360M| 389M|  12M|  11M|  13M|   0.|   0.|   0.|   0.|   0.|   0.|2319K|2152K|2536K|  82K|  76K|  90K|   0.|   0.|   0.| 310M| 296M| 318M|
| MEM CHAIN...... |  11G|  10G|  13G|6816M|6201M|7638M|   0.|   0.|   0.|   0.|   0.|   0.| 266M| 241M| 304M|9952K|9147K|  11M|   0.|   0.|   0.|1524M|1386M|1718M|
| MEM CHAIN BUILD |  13G|  12G|  14G|4851M|4542M|5631M|   0.|   0.|   0.|   0.|   0.|   0.| 329M| 312M| 363M|  11M|  10M|  12M|   0.|   0.|   0.|1339M|1270M|1451M|
|CHAIN EXTENSION..|  18G|  16G|  19G|  17G|  15G|  18G|   0.|   0.|   0.|   0.|   0.|   0.|2444M|2207M|2630M| 136K| 111K| 179K|   0.|   0.|   0.|1193M|1114M|1281M|
| MATE REF FETCH  | 349M| 331M| 373M| 217M| 206M| 234M|   0.|   0.|   0.|   0.|   0.|   0.|  34M|  32M|  36M|  39K|  35K|  42K|   0.|   0.|   0.|  58M|  55M|  62M|
| MATE KSW ALIGN  |  29G|  27G|  31G|  15G|  14G|  16G|   0.|   0.|   0.|   0.|   0.|   0.| 156M| 146M| 166M|  21K|  14K|  39K|   0.|   0.|   0.|1404M|1336M|1480M|
|KSW QUERY INIT...|1275M|1211M|1368M| 656M| 622M| 705M|   0.|   0.|   0.|   0.|   0.|   0.|  37M|  35M|  40M| 145.| 116.| 180.|   0.|   0.|   0.| 231M| 220M| 245M|
| KSW DP FORWARD  |  20G|  19G|  21G|  11G|  10G|  12G|   0.|   0.|   0.|   0.|   0.|   0.|  50M|  47M|  53M|  17K|  11K|  32K|   0.|   0.|   0.| 889M| 844M| 939M|
|KSW QUERY INIT...| 800M| 746M| 861M| 419M| 390M| 451M|   0.|   0.|   0.|   0.|   0.|   0.|  24M|  22M|  26M|   7.|   0.| 105.|   0.|   0.|   0.| 133M| 125M| 143M|
| KSW DP REVERSE  |6765M|6173M|7253M|3205M|2927M|3430M|   0.|   0.|   0.|   0.|   0.|   0.|4294K|3952K|4600K|   0.|   0.|   0.|   0.|   0.|   0.| 114M| 105M| 123M|
|   MATE DEDUP    |7473M|6022M|8665M|3514M|2827M|4042M|   0.|   0.|   0.|   0.|   0.|   0.| 319M| 267M| 378M| 316K|8493.| 769K|   0.|   0.|   0.|1312M|1025M|1550M|
| DEDUP SORT END  |2549M|2099M|2911M|1333M|1087M|1517M|   0.|   0.|   0.|   0.|   0.|   0.| 110M|  91M| 131M| 137K|3329.| 309K|   0.|   0.|   0.| 348M| 283M| 401M|
|DEDUP REDUNDANCY | 838M| 654M| 995M| 432M| 331M| 516M|   0.|   0.|   0.|   0.|   0.|   0.|  75M|  58M|  89M|  14K| 167.|  55K|   0.|   0.|   0.| 153M| 119M| 180M|
|DEDUP SORT SCORE |4049M|3233M|4720M|1735M|1396M|1994M|   0.|   0.|   0.|   0.|   0.|   0.| 134M| 112M| 160M| 154K|1290.| 392K|   0.|   0.|   0.| 806M| 618M| 963M|

  Mate dedup input-size distribution (1092913 calls)
      0-1 :           13    0.00%
        2 :         7298    0.67%
        3 :        46019    4.21%
        4 :         8916    0.82%
        5 :         8440    0.77%
        6 :         8892    0.81%
        7 :         8767    0.80%
        8 :         8869    0.81%
     9-16 :        72869    6.67%
    17-32 :       154295   14.12%
    33-64 :       219459   20.08%
      65+ :       549076   50.24%
=============================================================

======================= SWBWA Timing Report =======================
  Accumulated wall-clock time; indented rows are included in
  their parent row and must not be added to it.

  Pipeline
    total - complete three-stage pipeline                    95.831 s
    stage 1 - allocate and read raw FASTQ blocks             14.701 s
    stage 2 - align reads and generate SAM records           45.272 s
    stage 3 - write SAM and release batch data               35.468 s
      SAM output writes                                        33.671 s
      batch cleanup and loop overhead (derived)                 1.797 s

  Stage 1 input details
    batches completed / stage calls                       9 / 10
    input-buffer and batch allocations                        0.000 s  (28 calls, max 0.000 s)
    aggregate requested allocation bytes           1891144912
    FASTQ fseeko calls                                        0.000 s  (18 calls, max 0.000 s)
    FASTQ fread calls                                        14.696 s  (18 calls, max 1.053 s)
    align chunk ends to FASTQ record boundaries               0.000 s  (16 calls, max 0.000 s)
    scheduler, checks and bookkeeping (derived)               0.005 s
    raw FASTQ bytes read                           1891125840  (1803.518 MiB)
    effective fread bandwidth                        122.726 MiB/s
    slowest allocation                                 0.000 s  (64 bytes)
    slowest fread                                      1.053 s  (R1 offset=117963996, bytes=117964800)

  Stage 2 worker details
    total - active merge worker                              45.267 s
      part 1 - prepare CPE task and reusable buffers            0.185 s
      part 2 - CPE FASTQ formatting and input release           0.131 s
      part 3 - CPE alignment and SAM length pass               44.300 s
      part 4 - assign slices in the shared SAM buffer           0.386 s
      part 5 - CPE SAM record generation                        0.261 s
      part 6 - release temporary worker data                    0.000 s

  Reserved allocator timers (no active timing sites)
    malloc timer                                              0.000 s
    free timer                                                0.000 s
===================================================================

[main] Version: 0.0.1
[main] CMD: ./SWBWA mem -v 4 -t 1 -1 -o correctness_results/cpe_simd_opt_20260826/dedup_hist/SRR7963242_PE.sam -I 170,80,500,1 ../data/GRCh38.d1.vd1.fa ../data/SRR7963242_1.fastq_1 ../data/SRR7963242_2.fastq_1
